[2026-04-19T00:00:28.196+0000] {processor.py:161} INFO - Started process (PID=10110) to work on /home/airflow/.local/lib/python3.8/site-packages/airflow/example_dags/example_trigger_controller_dag.py
[2026-04-19T00:00:28.198+0000] {processor.py:830} INFO - Processing file /home/airflow/.local/lib/python3.8/site-packages/airflow/example_dags/example_trigger_controller_dag.py for tasks to queue
[2026-04-19T00:00:28.201+0000] {logging_mixin.py:188} INFO - [2026-04-19T00:00:28.200+0000] {dagbag.py:538} INFO - Filling up the DagBag from /home/airflow/.local/lib/python3.8/site-packages/airflow/example_dags/example_trigger_controller_dag.py
[2026-04-19T00:00:28.209+0000] {processor.py:840} INFO - DAG(s) 'example_trigger_controller_dag' retrieved from /home/airflow/.local/lib/python3.8/site-packages/airflow/example_dags/example_trigger_controller_dag.py
[2026-04-19T00:00:28.239+0000] {logging_mixin.py:188} INFO - [2026-04-19T00:00:28.239+0000] {dag.py:3036} INFO - Sync 1 DAGs
[2026-04-19T00:00:28.271+0000] {logging_mixin.py:188} INFO - [2026-04-19T00:00:28.271+0000] {dag.py:3823} INFO - Setting next_dagrun for example_trigger_controller_dag to 2021-01-01 00:00:00+00:00, run_after=2021-01-01 00:00:00+00:00
[2026-04-19T00:00:28.295+0000] {processor.py:183} INFO - Processing /home/airflow/.local/lib/python3.8/site-packages/airflow/example_dags/example_trigger_controller_dag.py took 0.105 seconds
[2026-04-19T00:00:58.646+0000] {processor.py:161} INFO - Started process (PID=10165) to work on /home/airflow/.local/lib/python3.8/site-packages/airflow/example_dags/example_trigger_controller_dag.py
[2026-04-19T00:00:58.647+0000] {processor.py:830} INFO - Processing file /home/airflow/.local/lib/python3.8/site-packages/airflow/example_dags/example_trigger_controller_dag.py for tasks to queue
[2026-04-19T00:00:58.649+0000] {logging_mixin.py:188} INFO - [2026-04-19T00:00:58.649+0000] {dagbag.py:538} INFO - Filling up the DagBag from /home/airflow/.local/lib/python3.8/site-packages/airflow/example_dags/example_trigger_controller_dag.py
[2026-04-19T00:00:58.656+0000] {processor.py:840} INFO - DAG(s) 'example_trigger_controller_dag' retrieved from /home/airflow/.local/lib/python3.8/site-packages/airflow/example_dags/example_trigger_controller_dag.py
[2026-04-19T00:00:58.686+0000] {logging_mixin.py:188} INFO - [2026-04-19T00:00:58.686+0000] {dag.py:3036} INFO - Sync 1 DAGs
[2026-04-19T00:00:58.718+0000] {logging_mixin.py:188} INFO - [2026-04-19T00:00:58.717+0000] {dag.py:3823} INFO - Setting next_dagrun for example_trigger_controller_dag to 2021-01-01 00:00:00+00:00, run_after=2021-01-01 00:00:00+00:00
[2026-04-19T00:00:58.742+0000] {processor.py:183} INFO - Processing /home/airflow/.local/lib/python3.8/site-packages/airflow/example_dags/example_trigger_controller_dag.py took 0.101 seconds
[2026-04-19T00:01:28.969+0000] {processor.py:161} INFO - Started process (PID=10220) to work on /home/airflow/.local/lib/python3.8/site-packages/airflow/example_dags/example_trigger_controller_dag.py
[2026-04-19T00:01:28.971+0000] {processor.py:830} INFO - Processing file /home/airflow/.local/lib/python3.8/site-packages/airflow/example_dags/example_trigger_controller_dag.py for tasks to queue
[2026-04-19T00:01:28.973+0000] {logging_mixin.py:188} INFO - [2026-04-19T00:01:28.973+0000] {dagbag.py:538} INFO - Filling up the DagBag from /home/airflow/.local/lib/python3.8/site-packages/airflow/example_dags/example_trigger_controller_dag.py
[2026-04-19T00:01:28.981+0000] {processor.py:840} INFO - DAG(s) 'example_trigger_controller_dag' retrieved from /home/airflow/.local/lib/python3.8/site-packages/airflow/example_dags/example_trigger_controller_dag.py
[2026-04-19T00:01:29.012+0000] {logging_mixin.py:188} INFO - [2026-04-19T00:01:29.011+0000] {dag.py:3036} INFO - Sync 1 DAGs
[2026-04-19T00:01:29.046+0000] {logging_mixin.py:188} INFO - [2026-04-19T00:01:29.045+0000] {dag.py:3823} INFO - Setting next_dagrun for example_trigger_controller_dag to 2021-01-01 00:00:00+00:00, run_after=2021-01-01 00:00:00+00:00
[2026-04-19T00:01:29.069+0000] {processor.py:183} INFO - Processing /home/airflow/.local/lib/python3.8/site-packages/airflow/example_dags/example_trigger_controller_dag.py took 0.106 seconds
[2026-04-19T00:01:59.266+0000] {processor.py:161} INFO - Started process (PID=10275) to work on /home/airflow/.local/lib/python3.8/site-packages/airflow/example_dags/example_trigger_controller_dag.py
[2026-04-19T00:01:59.267+0000] {processor.py:830} INFO - Processing file /home/airflow/.local/lib/python3.8/site-packages/airflow/example_dags/example_trigger_controller_dag.py for tasks to queue
[2026-04-19T00:01:59.269+0000] {logging_mixin.py:188} INFO - [2026-04-19T00:01:59.269+0000] {dagbag.py:538} INFO - Filling up the DagBag from /home/airflow/.local/lib/python3.8/site-packages/airflow/example_dags/example_trigger_controller_dag.py
[2026-04-19T00:01:59.275+0000] {processor.py:840} INFO - DAG(s) 'example_trigger_controller_dag' retrieved from /home/airflow/.local/lib/python3.8/site-packages/airflow/example_dags/example_trigger_controller_dag.py
[2026-04-19T00:01:59.302+0000] {logging_mixin.py:188} INFO - [2026-04-19T00:01:59.302+0000] {dag.py:3036} INFO - Sync 1 DAGs
[2026-04-19T00:01:59.330+0000] {logging_mixin.py:188} INFO - [2026-04-19T00:01:59.330+0000] {dag.py:3823} INFO - Setting next_dagrun for example_trigger_controller_dag to 2021-01-01 00:00:00+00:00, run_after=2021-01-01 00:00:00+00:00
[2026-04-19T00:01:59.351+0000] {processor.py:183} INFO - Processing /home/airflow/.local/lib/python3.8/site-packages/airflow/example_dags/example_trigger_controller_dag.py took 0.090 seconds
[2026-04-19T00:02:29.545+0000] {processor.py:161} INFO - Started process (PID=10330) to work on /home/airflow/.local/lib/python3.8/site-packages/airflow/example_dags/example_trigger_controller_dag.py
[2026-04-19T00:02:29.546+0000] {processor.py:830} INFO - Processing file /home/airflow/.local/lib/python3.8/site-packages/airflow/example_dags/example_trigger_controller_dag.py for tasks to queue
[2026-04-19T00:02:29.549+0000] {logging_mixin.py:188} INFO - [2026-04-19T00:02:29.548+0000] {dagbag.py:538} INFO - Filling up the DagBag from /home/airflow/.local/lib/python3.8/site-packages/airflow/example_dags/example_trigger_controller_dag.py
[2026-04-19T00:02:29.556+0000] {processor.py:840} INFO - DAG(s) 'example_trigger_controller_dag' retrieved from /home/airflow/.local/lib/python3.8/site-packages/airflow/example_dags/example_trigger_controller_dag.py
[2026-04-19T00:02:29.587+0000] {logging_mixin.py:188} INFO - [2026-04-19T00:02:29.586+0000] {dag.py:3036} INFO - Sync 1 DAGs
[2026-04-19T00:02:29.619+0000] {logging_mixin.py:188} INFO - [2026-04-19T00:02:29.618+0000] {dag.py:3823} INFO - Setting next_dagrun for example_trigger_controller_dag to 2021-01-01 00:00:00+00:00, run_after=2021-01-01 00:00:00+00:00
[2026-04-19T00:02:29.642+0000] {processor.py:183} INFO - Processing /home/airflow/.local/lib/python3.8/site-packages/airflow/example_dags/example_trigger_controller_dag.py took 0.102 seconds
[2026-04-19T00:03:00.015+0000] {processor.py:161} INFO - Started process (PID=10385) to work on /home/airflow/.local/lib/python3.8/site-packages/airflow/example_dags/example_trigger_controller_dag.py
[2026-04-19T00:03:00.017+0000] {processor.py:830} INFO - Processing file /home/airflow/.local/lib/python3.8/site-packages/airflow/example_dags/example_trigger_controller_dag.py for tasks to queue
[2026-04-19T00:03:00.019+0000] {logging_mixin.py:188} INFO - [2026-04-19T00:03:00.019+0000] {dagbag.py:538} INFO - Filling up the DagBag from /home/airflow/.local/lib/python3.8/site-packages/airflow/example_dags/example_trigger_controller_dag.py
[2026-04-19T00:03:00.026+0000] {processor.py:840} INFO - DAG(s) 'example_trigger_controller_dag' retrieved from /home/airflow/.local/lib/python3.8/site-packages/airflow/example_dags/example_trigger_controller_dag.py
[2026-04-19T00:03:00.055+0000] {logging_mixin.py:188} INFO - [2026-04-19T00:03:00.054+0000] {dag.py:3036} INFO - Sync 1 DAGs
[2026-04-19T00:03:00.087+0000] {logging_mixin.py:188} INFO - [2026-04-19T00:03:00.087+0000] {dag.py:3823} INFO - Setting next_dagrun for example_trigger_controller_dag to 2021-01-01 00:00:00+00:00, run_after=2021-01-01 00:00:00+00:00
[2026-04-19T00:03:00.112+0000] {processor.py:183} INFO - Processing /home/airflow/.local/lib/python3.8/site-packages/airflow/example_dags/example_trigger_controller_dag.py took 0.101 seconds
[2026-04-19T00:03:30.328+0000] {processor.py:161} INFO - Started process (PID=10440) to work on /home/airflow/.local/lib/python3.8/site-packages/airflow/example_dags/example_trigger_controller_dag.py
[2026-04-19T00:03:30.330+0000] {processor.py:830} INFO - Processing file /home/airflow/.local/lib/python3.8/site-packages/airflow/example_dags/example_trigger_controller_dag.py for tasks to queue
[2026-04-19T00:03:30.332+0000] {logging_mixin.py:188} INFO - [2026-04-19T00:03:30.331+0000] {dagbag.py:538} INFO - Filling up the DagBag from /home/airflow/.local/lib/python3.8/site-packages/airflow/example_dags/example_trigger_controller_dag.py
[2026-04-19T00:03:30.338+0000] {processor.py:840} INFO - DAG(s) 'example_trigger_controller_dag' retrieved from /home/airflow/.local/lib/python3.8/site-packages/airflow/example_dags/example_trigger_controller_dag.py
[2026-04-19T00:03:30.366+0000] {logging_mixin.py:188} INFO - [2026-04-19T00:03:30.365+0000] {dag.py:3036} INFO - Sync 1 DAGs
[2026-04-19T00:03:30.394+0000] {logging_mixin.py:188} INFO - [2026-04-19T00:03:30.394+0000] {dag.py:3823} INFO - Setting next_dagrun for example_trigger_controller_dag to 2021-01-01 00:00:00+00:00, run_after=2021-01-01 00:00:00+00:00
[2026-04-19T00:03:30.417+0000] {processor.py:183} INFO - Processing /home/airflow/.local/lib/python3.8/site-packages/airflow/example_dags/example_trigger_controller_dag.py took 0.093 seconds
[2026-04-19T00:04:00.636+0000] {processor.py:161} INFO - Started process (PID=10495) to work on /home/airflow/.local/lib/python3.8/site-packages/airflow/example_dags/example_trigger_controller_dag.py
[2026-04-19T00:04:00.637+0000] {processor.py:830} INFO - Processing file /home/airflow/.local/lib/python3.8/site-packages/airflow/example_dags/example_trigger_controller_dag.py for tasks to queue
[2026-04-19T00:04:00.640+0000] {logging_mixin.py:188} INFO - [2026-04-19T00:04:00.639+0000] {dagbag.py:538} INFO - Filling up the DagBag from /home/airflow/.local/lib/python3.8/site-packages/airflow/example_dags/example_trigger_controller_dag.py
[2026-04-19T00:04:00.647+0000] {processor.py:840} INFO - DAG(s) 'example_trigger_controller_dag' retrieved from /home/airflow/.local/lib/python3.8/site-packages/airflow/example_dags/example_trigger_controller_dag.py
[2026-04-19T00:04:00.677+0000] {logging_mixin.py:188} INFO - [2026-04-19T00:04:00.676+0000] {dag.py:3036} INFO - Sync 1 DAGs
[2026-04-19T00:04:00.707+0000] {logging_mixin.py:188} INFO - [2026-04-19T00:04:00.707+0000] {dag.py:3823} INFO - Setting next_dagrun for example_trigger_controller_dag to 2021-01-01 00:00:00+00:00, run_after=2021-01-01 00:00:00+00:00
[2026-04-19T00:04:00.731+0000] {processor.py:183} INFO - Processing /home/airflow/.local/lib/python3.8/site-packages/airflow/example_dags/example_trigger_controller_dag.py took 0.100 seconds
[2026-04-19T00:04:30.929+0000] {processor.py:161} INFO - Started process (PID=10550) to work on /home/airflow/.local/lib/python3.8/site-packages/airflow/example_dags/example_trigger_controller_dag.py
[2026-04-19T00:04:30.930+0000] {processor.py:830} INFO - Processing file /home/airflow/.local/lib/python3.8/site-packages/airflow/example_dags/example_trigger_controller_dag.py for tasks to queue
[2026-04-19T00:04:30.933+0000] {logging_mixin.py:188} INFO - [2026-04-19T00:04:30.932+0000] {dagbag.py:538} INFO - Filling up the DagBag from /home/airflow/.local/lib/python3.8/site-packages/airflow/example_dags/example_trigger_controller_dag.py
[2026-04-19T00:04:30.940+0000] {processor.py:840} INFO - DAG(s) 'example_trigger_controller_dag' retrieved from /home/airflow/.local/lib/python3.8/site-packages/airflow/example_dags/example_trigger_controller_dag.py
[2026-04-19T00:04:30.971+0000] {logging_mixin.py:188} INFO - [2026-04-19T00:04:30.971+0000] {dag.py:3036} INFO - Sync 1 DAGs
[2026-04-19T00:04:31.005+0000] {logging_mixin.py:188} INFO - [2026-04-19T00:04:31.005+0000] {dag.py:3823} INFO - Setting next_dagrun for example_trigger_controller_dag to 2021-01-01 00:00:00+00:00, run_after=2021-01-01 00:00:00+00:00
[2026-04-19T00:04:31.032+0000] {processor.py:183} INFO - Processing /home/airflow/.local/lib/python3.8/site-packages/airflow/example_dags/example_trigger_controller_dag.py took 0.110 seconds
[2026-04-19T00:05:01.287+0000] {processor.py:161} INFO - Started process (PID=10605) to work on /home/airflow/.local/lib/python3.8/site-packages/airflow/example_dags/example_trigger_controller_dag.py
[2026-04-19T00:05:01.288+0000] {processor.py:830} INFO - Processing file /home/airflow/.local/lib/python3.8/site-packages/airflow/example_dags/example_trigger_controller_dag.py for tasks to queue
[2026-04-19T00:05:01.291+0000] {logging_mixin.py:188} INFO - [2026-04-19T00:05:01.291+0000] {dagbag.py:538} INFO - Filling up the DagBag from /home/airflow/.local/lib/python3.8/site-packages/airflow/example_dags/example_trigger_controller_dag.py
[2026-04-19T00:05:01.299+0000] {processor.py:840} INFO - DAG(s) 'example_trigger_controller_dag' retrieved from /home/airflow/.local/lib/python3.8/site-packages/airflow/example_dags/example_trigger_controller_dag.py
[2026-04-19T00:05:01.331+0000] {logging_mixin.py:188} INFO - [2026-04-19T00:05:01.330+0000] {dag.py:3036} INFO - Sync 1 DAGs
[2026-04-19T00:05:01.362+0000] {logging_mixin.py:188} INFO - [2026-04-19T00:05:01.361+0000] {dag.py:3823} INFO - Setting next_dagrun for example_trigger_controller_dag to 2021-01-01 00:00:00+00:00, run_after=2021-01-01 00:00:00+00:00
[2026-04-19T00:05:01.386+0000] {processor.py:183} INFO - Processing /home/airflow/.local/lib/python3.8/site-packages/airflow/example_dags/example_trigger_controller_dag.py took 0.104 seconds
[2026-04-19T00:05:31.672+0000] {processor.py:161} INFO - Started process (PID=10660) to work on /home/airflow/.local/lib/python3.8/site-packages/airflow/example_dags/example_trigger_controller_dag.py
[2026-04-19T00:05:31.673+0000] {processor.py:830} INFO - Processing file /home/airflow/.local/lib/python3.8/site-packages/airflow/example_dags/example_trigger_controller_dag.py for tasks to queue
[2026-04-19T00:05:31.676+0000] {logging_mixin.py:188} INFO - [2026-04-19T00:05:31.675+0000] {dagbag.py:538} INFO - Filling up the DagBag from /home/airflow/.local/lib/python3.8/site-packages/airflow/example_dags/example_trigger_controller_dag.py
[2026-04-19T00:05:31.683+0000] {processor.py:840} INFO - DAG(s) 'example_trigger_controller_dag' retrieved from /home/airflow/.local/lib/python3.8/site-packages/airflow/example_dags/example_trigger_controller_dag.py
[2026-04-19T00:05:31.715+0000] {logging_mixin.py:188} INFO - [2026-04-19T00:05:31.714+0000] {dag.py:3036} INFO - Sync 1 DAGs
[2026-04-19T00:05:31.747+0000] {logging_mixin.py:188} INFO - [2026-04-19T00:05:31.746+0000] {dag.py:3823} INFO - Setting next_dagrun for example_trigger_controller_dag to 2021-01-01 00:00:00+00:00, run_after=2021-01-01 00:00:00+00:00
[2026-04-19T00:05:31.770+0000] {processor.py:183} INFO - Processing /home/airflow/.local/lib/python3.8/site-packages/airflow/example_dags/example_trigger_controller_dag.py took 0.104 seconds
[2026-04-19T00:06:02.069+0000] {processor.py:161} INFO - Started process (PID=10715) to work on /home/airflow/.local/lib/python3.8/site-packages/airflow/example_dags/example_trigger_controller_dag.py
[2026-04-19T00:06:02.070+0000] {processor.py:830} INFO - Processing file /home/airflow/.local/lib/python3.8/site-packages/airflow/example_dags/example_trigger_controller_dag.py for tasks to queue
[2026-04-19T00:06:02.073+0000] {logging_mixin.py:188} INFO - [2026-04-19T00:06:02.073+0000] {dagbag.py:538} INFO - Filling up the DagBag from /home/airflow/.local/lib/python3.8/site-packages/airflow/example_dags/example_trigger_controller_dag.py
[2026-04-19T00:06:02.080+0000] {processor.py:840} INFO - DAG(s) 'example_trigger_controller_dag' retrieved from /home/airflow/.local/lib/python3.8/site-packages/airflow/example_dags/example_trigger_controller_dag.py
[2026-04-19T00:06:02.113+0000] {logging_mixin.py:188} INFO - [2026-04-19T00:06:02.112+0000] {dag.py:3036} INFO - Sync 1 DAGs
[2026-04-19T00:06:02.147+0000] {logging_mixin.py:188} INFO - [2026-04-19T00:06:02.147+0000] {dag.py:3823} INFO - Setting next_dagrun for example_trigger_controller_dag to 2021-01-01 00:00:00+00:00, run_after=2021-01-01 00:00:00+00:00
[2026-04-19T00:06:02.173+0000] {processor.py:183} INFO - Processing /home/airflow/.local/lib/python3.8/site-packages/airflow/example_dags/example_trigger_controller_dag.py took 0.109 seconds
[2026-04-19T00:06:32.345+0000] {processor.py:161} INFO - Started process (PID=10770) to work on /home/airflow/.local/lib/python3.8/site-packages/airflow/example_dags/example_trigger_controller_dag.py
[2026-04-19T00:06:32.347+0000] {processor.py:830} INFO - Processing file /home/airflow/.local/lib/python3.8/site-packages/airflow/example_dags/example_trigger_controller_dag.py for tasks to queue
[2026-04-19T00:06:32.349+0000] {logging_mixin.py:188} INFO - [2026-04-19T00:06:32.349+0000] {dagbag.py:538} INFO - Filling up the DagBag from /home/airflow/.local/lib/python3.8/site-packages/airflow/example_dags/example_trigger_controller_dag.py
[2026-04-19T00:06:32.357+0000] {processor.py:840} INFO - DAG(s) 'example_trigger_controller_dag' retrieved from /home/airflow/.local/lib/python3.8/site-packages/airflow/example_dags/example_trigger_controller_dag.py
[2026-04-19T00:06:32.385+0000] {logging_mixin.py:188} INFO - [2026-04-19T00:06:32.385+0000] {dag.py:3036} INFO - Sync 1 DAGs
[2026-04-19T00:06:32.415+0000] {logging_mixin.py:188} INFO - [2026-04-19T00:06:32.415+0000] {dag.py:3823} INFO - Setting next_dagrun for example_trigger_controller_dag to 2021-01-01 00:00:00+00:00, run_after=2021-01-01 00:00:00+00:00
[2026-04-19T00:06:32.442+0000] {processor.py:183} INFO - Processing /home/airflow/.local/lib/python3.8/site-packages/airflow/example_dags/example_trigger_controller_dag.py took 0.103 seconds
[2026-04-19T00:07:02.684+0000] {processor.py:161} INFO - Started process (PID=10825) to work on /home/airflow/.local/lib/python3.8/site-packages/airflow/example_dags/example_trigger_controller_dag.py
[2026-04-19T00:07:02.685+0000] {processor.py:830} INFO - Processing file /home/airflow/.local/lib/python3.8/site-packages/airflow/example_dags/example_trigger_controller_dag.py for tasks to queue
[2026-04-19T00:07:02.688+0000] {logging_mixin.py:188} INFO - [2026-04-19T00:07:02.687+0000] {dagbag.py:538} INFO - Filling up the DagBag from /home/airflow/.local/lib/python3.8/site-packages/airflow/example_dags/example_trigger_controller_dag.py
[2026-04-19T00:07:02.696+0000] {processor.py:840} INFO - DAG(s) 'example_trigger_controller_dag' retrieved from /home/airflow/.local/lib/python3.8/site-packages/airflow/example_dags/example_trigger_controller_dag.py
[2026-04-19T00:07:02.731+0000] {logging_mixin.py:188} INFO - [2026-04-19T00:07:02.730+0000] {dag.py:3036} INFO - Sync 1 DAGs
[2026-04-19T00:07:02.768+0000] {logging_mixin.py:188} INFO - [2026-04-19T00:07:02.768+0000] {dag.py:3823} INFO - Setting next_dagrun for example_trigger_controller_dag to 2021-01-01 00:00:00+00:00, run_after=2021-01-01 00:00:00+00:00
[2026-04-19T00:07:02.797+0000] {processor.py:183} INFO - Processing /home/airflow/.local/lib/python3.8/site-packages/airflow/example_dags/example_trigger_controller_dag.py took 0.118 seconds
[2026-04-19T00:07:33.096+0000] {processor.py:161} INFO - Started process (PID=10880) to work on /home/airflow/.local/lib/python3.8/site-packages/airflow/example_dags/example_trigger_controller_dag.py
[2026-04-19T00:07:33.097+0000] {processor.py:830} INFO - Processing file /home/airflow/.local/lib/python3.8/site-packages/airflow/example_dags/example_trigger_controller_dag.py for tasks to queue
[2026-04-19T00:07:33.099+0000] {logging_mixin.py:188} INFO - [2026-04-19T00:07:33.099+0000] {dagbag.py:538} INFO - Filling up the DagBag from /home/airflow/.local/lib/python3.8/site-packages/airflow/example_dags/example_trigger_controller_dag.py
[2026-04-19T00:07:33.105+0000] {processor.py:840} INFO - DAG(s) 'example_trigger_controller_dag' retrieved from /home/airflow/.local/lib/python3.8/site-packages/airflow/example_dags/example_trigger_controller_dag.py
[2026-04-19T00:07:33.132+0000] {logging_mixin.py:188} INFO - [2026-04-19T00:07:33.132+0000] {dag.py:3036} INFO - Sync 1 DAGs
[2026-04-19T00:07:33.161+0000] {logging_mixin.py:188} INFO - [2026-04-19T00:07:33.161+0000] {dag.py:3823} INFO - Setting next_dagrun for example_trigger_controller_dag to 2021-01-01 00:00:00+00:00, run_after=2021-01-01 00:00:00+00:00
[2026-04-19T00:07:33.181+0000] {processor.py:183} INFO - Processing /home/airflow/.local/lib/python3.8/site-packages/airflow/example_dags/example_trigger_controller_dag.py took 0.090 seconds
[2026-04-19T00:08:03.213+0000] {processor.py:161} INFO - Started process (PID=10935) to work on /home/airflow/.local/lib/python3.8/site-packages/airflow/example_dags/example_trigger_controller_dag.py
[2026-04-19T00:08:03.214+0000] {processor.py:830} INFO - Processing file /home/airflow/.local/lib/python3.8/site-packages/airflow/example_dags/example_trigger_controller_dag.py for tasks to queue
[2026-04-19T00:08:03.216+0000] {logging_mixin.py:188} INFO - [2026-04-19T00:08:03.215+0000] {dagbag.py:538} INFO - Filling up the DagBag from /home/airflow/.local/lib/python3.8/site-packages/airflow/example_dags/example_trigger_controller_dag.py
[2026-04-19T00:08:03.219+0000] {processor.py:840} INFO - DAG(s) 'example_trigger_controller_dag' retrieved from /home/airflow/.local/lib/python3.8/site-packages/airflow/example_dags/example_trigger_controller_dag.py
[2026-04-19T00:08:03.235+0000] {logging_mixin.py:188} INFO - [2026-04-19T00:08:03.235+0000] {dag.py:3036} INFO - Sync 1 DAGs
[2026-04-19T00:08:03.252+0000] {logging_mixin.py:188} INFO - [2026-04-19T00:08:03.252+0000] {dag.py:3823} INFO - Setting next_dagrun for example_trigger_controller_dag to 2021-01-01 00:00:00+00:00, run_after=2021-01-01 00:00:00+00:00
[2026-04-19T00:08:03.265+0000] {processor.py:183} INFO - Processing /home/airflow/.local/lib/python3.8/site-packages/airflow/example_dags/example_trigger_controller_dag.py took 0.054 seconds
[2026-04-19T00:08:33.727+0000] {processor.py:161} INFO - Started process (PID=10990) to work on /home/airflow/.local/lib/python3.8/site-packages/airflow/example_dags/example_trigger_controller_dag.py
[2026-04-19T00:08:33.728+0000] {processor.py:830} INFO - Processing file /home/airflow/.local/lib/python3.8/site-packages/airflow/example_dags/example_trigger_controller_dag.py for tasks to queue
[2026-04-19T00:08:33.731+0000] {logging_mixin.py:188} INFO - [2026-04-19T00:08:33.730+0000] {dagbag.py:538} INFO - Filling up the DagBag from /home/airflow/.local/lib/python3.8/site-packages/airflow/example_dags/example_trigger_controller_dag.py
[2026-04-19T00:08:33.738+0000] {processor.py:840} INFO - DAG(s) 'example_trigger_controller_dag' retrieved from /home/airflow/.local/lib/python3.8/site-packages/airflow/example_dags/example_trigger_controller_dag.py
[2026-04-19T00:08:33.767+0000] {logging_mixin.py:188} INFO - [2026-04-19T00:08:33.767+0000] {dag.py:3036} INFO - Sync 1 DAGs
[2026-04-19T00:08:33.799+0000] {logging_mixin.py:188} INFO - [2026-04-19T00:08:33.799+0000] {dag.py:3823} INFO - Setting next_dagrun for example_trigger_controller_dag to 2021-01-01 00:00:00+00:00, run_after=2021-01-01 00:00:00+00:00
[2026-04-19T00:08:33.821+0000] {processor.py:183} INFO - Processing /home/airflow/.local/lib/python3.8/site-packages/airflow/example_dags/example_trigger_controller_dag.py took 0.099 seconds
[2026-04-19T00:09:03.950+0000] {processor.py:161} INFO - Started process (PID=11045) to work on /home/airflow/.local/lib/python3.8/site-packages/airflow/example_dags/example_trigger_controller_dag.py
[2026-04-19T00:09:03.952+0000] {processor.py:830} INFO - Processing file /home/airflow/.local/lib/python3.8/site-packages/airflow/example_dags/example_trigger_controller_dag.py for tasks to queue
[2026-04-19T00:09:03.954+0000] {logging_mixin.py:188} INFO - [2026-04-19T00:09:03.954+0000] {dagbag.py:538} INFO - Filling up the DagBag from /home/airflow/.local/lib/python3.8/site-packages/airflow/example_dags/example_trigger_controller_dag.py
[2026-04-19T00:09:03.960+0000] {processor.py:840} INFO - DAG(s) 'example_trigger_controller_dag' retrieved from /home/airflow/.local/lib/python3.8/site-packages/airflow/example_dags/example_trigger_controller_dag.py
[2026-04-19T00:09:03.989+0000] {logging_mixin.py:188} INFO - [2026-04-19T00:09:03.989+0000] {dag.py:3036} INFO - Sync 1 DAGs
[2026-04-19T00:09:04.020+0000] {logging_mixin.py:188} INFO - [2026-04-19T00:09:04.019+0000] {dag.py:3823} INFO - Setting next_dagrun for example_trigger_controller_dag to 2021-01-01 00:00:00+00:00, run_after=2021-01-01 00:00:00+00:00
[2026-04-19T00:09:04.043+0000] {processor.py:183} INFO - Processing /home/airflow/.local/lib/python3.8/site-packages/airflow/example_dags/example_trigger_controller_dag.py took 0.098 seconds
[2026-04-19T00:09:34.533+0000] {processor.py:161} INFO - Started process (PID=11100) to work on /home/airflow/.local/lib/python3.8/site-packages/airflow/example_dags/example_trigger_controller_dag.py
[2026-04-19T00:09:34.534+0000] {processor.py:830} INFO - Processing file /home/airflow/.local/lib/python3.8/site-packages/airflow/example_dags/example_trigger_controller_dag.py for tasks to queue
[2026-04-19T00:09:34.537+0000] {logging_mixin.py:188} INFO - [2026-04-19T00:09:34.536+0000] {dagbag.py:538} INFO - Filling up the DagBag from /home/airflow/.local/lib/python3.8/site-packages/airflow/example_dags/example_trigger_controller_dag.py
[2026-04-19T00:09:34.544+0000] {processor.py:840} INFO - DAG(s) 'example_trigger_controller_dag' retrieved from /home/airflow/.local/lib/python3.8/site-packages/airflow/example_dags/example_trigger_controller_dag.py
[2026-04-19T00:09:34.576+0000] {logging_mixin.py:188} INFO - [2026-04-19T00:09:34.575+0000] {dag.py:3036} INFO - Sync 1 DAGs
[2026-04-19T00:09:34.608+0000] {logging_mixin.py:188} INFO - [2026-04-19T00:09:34.607+0000] {dag.py:3823} INFO - Setting next_dagrun for example_trigger_controller_dag to 2021-01-01 00:00:00+00:00, run_after=2021-01-01 00:00:00+00:00
[2026-04-19T00:09:34.632+0000] {processor.py:183} INFO - Processing /home/airflow/.local/lib/python3.8/site-packages/airflow/example_dags/example_trigger_controller_dag.py took 0.105 seconds
[2026-04-19T00:10:05.044+0000] {processor.py:161} INFO - Started process (PID=11155) to work on /home/airflow/.local/lib/python3.8/site-packages/airflow/example_dags/example_trigger_controller_dag.py
[2026-04-19T00:10:05.045+0000] {processor.py:830} INFO - Processing file /home/airflow/.local/lib/python3.8/site-packages/airflow/example_dags/example_trigger_controller_dag.py for tasks to queue
[2026-04-19T00:10:05.048+0000] {logging_mixin.py:188} INFO - [2026-04-19T00:10:05.048+0000] {dagbag.py:538} INFO - Filling up the DagBag from /home/airflow/.local/lib/python3.8/site-packages/airflow/example_dags/example_trigger_controller_dag.py
[2026-04-19T00:10:05.058+0000] {processor.py:840} INFO - DAG(s) 'example_trigger_controller_dag' retrieved from /home/airflow/.local/lib/python3.8/site-packages/airflow/example_dags/example_trigger_controller_dag.py
[2026-04-19T00:10:05.090+0000] {logging_mixin.py:188} INFO - [2026-04-19T00:10:05.090+0000] {dag.py:3036} INFO - Sync 1 DAGs
[2026-04-19T00:10:05.124+0000] {logging_mixin.py:188} INFO - [2026-04-19T00:10:05.124+0000] {dag.py:3823} INFO - Setting next_dagrun for example_trigger_controller_dag to 2021-01-01 00:00:00+00:00, run_after=2021-01-01 00:00:00+00:00
[2026-04-19T00:10:05.151+0000] {processor.py:183} INFO - Processing /home/airflow/.local/lib/python3.8/site-packages/airflow/example_dags/example_trigger_controller_dag.py took 0.114 seconds
[2026-04-19T00:10:35.427+0000] {processor.py:161} INFO - Started process (PID=11210) to work on /home/airflow/.local/lib/python3.8/site-packages/airflow/example_dags/example_trigger_controller_dag.py
[2026-04-19T00:10:35.428+0000] {processor.py:830} INFO - Processing file /home/airflow/.local/lib/python3.8/site-packages/airflow/example_dags/example_trigger_controller_dag.py for tasks to queue
[2026-04-19T00:10:35.431+0000] {logging_mixin.py:188} INFO - [2026-04-19T00:10:35.431+0000] {dagbag.py:538} INFO - Filling up the DagBag from /home/airflow/.local/lib/python3.8/site-packages/airflow/example_dags/example_trigger_controller_dag.py
[2026-04-19T00:10:35.438+0000] {processor.py:840} INFO - DAG(s) 'example_trigger_controller_dag' retrieved from /home/airflow/.local/lib/python3.8/site-packages/airflow/example_dags/example_trigger_controller_dag.py
[2026-04-19T00:10:35.469+0000] {logging_mixin.py:188} INFO - [2026-04-19T00:10:35.469+0000] {dag.py:3036} INFO - Sync 1 DAGs
[2026-04-19T00:10:35.502+0000] {logging_mixin.py:188} INFO - [2026-04-19T00:10:35.501+0000] {dag.py:3823} INFO - Setting next_dagrun for example_trigger_controller_dag to 2021-01-01 00:00:00+00:00, run_after=2021-01-01 00:00:00+00:00
[2026-04-19T00:10:35.525+0000] {processor.py:183} INFO - Processing /home/airflow/.local/lib/python3.8/site-packages/airflow/example_dags/example_trigger_controller_dag.py took 0.103 seconds
[2026-04-19T00:11:06.005+0000] {processor.py:161} INFO - Started process (PID=11265) to work on /home/airflow/.local/lib/python3.8/site-packages/airflow/example_dags/example_trigger_controller_dag.py
[2026-04-19T00:11:06.007+0000] {processor.py:830} INFO - Processing file /home/airflow/.local/lib/python3.8/site-packages/airflow/example_dags/example_trigger_controller_dag.py for tasks to queue
[2026-04-19T00:11:06.010+0000] {logging_mixin.py:188} INFO - [2026-04-19T00:11:06.009+0000] {dagbag.py:538} INFO - Filling up the DagBag from /home/airflow/.local/lib/python3.8/site-packages/airflow/example_dags/example_trigger_controller_dag.py
[2026-04-19T00:11:06.019+0000] {processor.py:840} INFO - DAG(s) 'example_trigger_controller_dag' retrieved from /home/airflow/.local/lib/python3.8/site-packages/airflow/example_dags/example_trigger_controller_dag.py
[2026-04-19T00:11:06.051+0000] {logging_mixin.py:188} INFO - [2026-04-19T00:11:06.050+0000] {dag.py:3036} INFO - Sync 1 DAGs
[2026-04-19T00:11:06.086+0000] {logging_mixin.py:188} INFO - [2026-04-19T00:11:06.085+0000] {dag.py:3823} INFO - Setting next_dagrun for example_trigger_controller_dag to 2021-01-01 00:00:00+00:00, run_after=2021-01-01 00:00:00+00:00
[2026-04-19T00:11:06.111+0000] {processor.py:183} INFO - Processing /home/airflow/.local/lib/python3.8/site-packages/airflow/example_dags/example_trigger_controller_dag.py took 0.112 seconds
[2026-04-19T00:11:36.472+0000] {processor.py:161} INFO - Started process (PID=11320) to work on /home/airflow/.local/lib/python3.8/site-packages/airflow/example_dags/example_trigger_controller_dag.py
[2026-04-19T00:11:36.474+0000] {processor.py:830} INFO - Processing file /home/airflow/.local/lib/python3.8/site-packages/airflow/example_dags/example_trigger_controller_dag.py for tasks to queue
[2026-04-19T00:11:36.477+0000] {logging_mixin.py:188} INFO - [2026-04-19T00:11:36.476+0000] {dagbag.py:538} INFO - Filling up the DagBag from /home/airflow/.local/lib/python3.8/site-packages/airflow/example_dags/example_trigger_controller_dag.py
[2026-04-19T00:11:36.484+0000] {processor.py:840} INFO - DAG(s) 'example_trigger_controller_dag' retrieved from /home/airflow/.local/lib/python3.8/site-packages/airflow/example_dags/example_trigger_controller_dag.py
[2026-04-19T00:11:36.515+0000] {logging_mixin.py:188} INFO - [2026-04-19T00:11:36.514+0000] {dag.py:3036} INFO - Sync 1 DAGs
[2026-04-19T00:11:36.549+0000] {logging_mixin.py:188} INFO - [2026-04-19T00:11:36.549+0000] {dag.py:3823} INFO - Setting next_dagrun for example_trigger_controller_dag to 2021-01-01 00:00:00+00:00, run_after=2021-01-01 00:00:00+00:00
[2026-04-19T00:11:36.575+0000] {processor.py:183} INFO - Processing /home/airflow/.local/lib/python3.8/site-packages/airflow/example_dags/example_trigger_controller_dag.py took 0.108 seconds
[2026-04-19T00:12:06.841+0000] {processor.py:161} INFO - Started process (PID=11375) to work on /home/airflow/.local/lib/python3.8/site-packages/airflow/example_dags/example_trigger_controller_dag.py
[2026-04-19T00:12:06.842+0000] {processor.py:830} INFO - Processing file /home/airflow/.local/lib/python3.8/site-packages/airflow/example_dags/example_trigger_controller_dag.py for tasks to queue
[2026-04-19T00:12:06.844+0000] {logging_mixin.py:188} INFO - [2026-04-19T00:12:06.844+0000] {dagbag.py:538} INFO - Filling up the DagBag from /home/airflow/.local/lib/python3.8/site-packages/airflow/example_dags/example_trigger_controller_dag.py
[2026-04-19T00:12:06.850+0000] {processor.py:840} INFO - DAG(s) 'example_trigger_controller_dag' retrieved from /home/airflow/.local/lib/python3.8/site-packages/airflow/example_dags/example_trigger_controller_dag.py
[2026-04-19T00:12:06.878+0000] {logging_mixin.py:188} INFO - [2026-04-19T00:12:06.877+0000] {dag.py:3036} INFO - Sync 1 DAGs
[2026-04-19T00:12:06.906+0000] {logging_mixin.py:188} INFO - [2026-04-19T00:12:06.906+0000] {dag.py:3823} INFO - Setting next_dagrun for example_trigger_controller_dag to 2021-01-01 00:00:00+00:00, run_after=2021-01-01 00:00:00+00:00
[2026-04-19T00:12:06.929+0000] {processor.py:183} INFO - Processing /home/airflow/.local/lib/python3.8/site-packages/airflow/example_dags/example_trigger_controller_dag.py took 0.093 seconds
[2026-04-19T00:12:37.114+0000] {processor.py:161} INFO - Started process (PID=11428) to work on /home/airflow/.local/lib/python3.8/site-packages/airflow/example_dags/example_trigger_controller_dag.py
[2026-04-19T00:12:37.116+0000] {processor.py:830} INFO - Processing file /home/airflow/.local/lib/python3.8/site-packages/airflow/example_dags/example_trigger_controller_dag.py for tasks to queue
[2026-04-19T00:12:37.119+0000] {logging_mixin.py:188} INFO - [2026-04-19T00:12:37.118+0000] {dagbag.py:538} INFO - Filling up the DagBag from /home/airflow/.local/lib/python3.8/site-packages/airflow/example_dags/example_trigger_controller_dag.py
[2026-04-19T00:12:37.126+0000] {processor.py:840} INFO - DAG(s) 'example_trigger_controller_dag' retrieved from /home/airflow/.local/lib/python3.8/site-packages/airflow/example_dags/example_trigger_controller_dag.py
[2026-04-19T00:12:37.157+0000] {logging_mixin.py:188} INFO - [2026-04-19T00:12:37.157+0000] {dag.py:3036} INFO - Sync 1 DAGs
[2026-04-19T00:12:37.193+0000] {logging_mixin.py:188} INFO - [2026-04-19T00:12:37.193+0000] {dag.py:3823} INFO - Setting next_dagrun for example_trigger_controller_dag to 2021-01-01 00:00:00+00:00, run_after=2021-01-01 00:00:00+00:00
[2026-04-19T00:12:37.222+0000] {processor.py:183} INFO - Processing /home/airflow/.local/lib/python3.8/site-packages/airflow/example_dags/example_trigger_controller_dag.py took 0.113 seconds
[2026-04-19T00:13:07.707+0000] {processor.py:161} INFO - Started process (PID=11483) to work on /home/airflow/.local/lib/python3.8/site-packages/airflow/example_dags/example_trigger_controller_dag.py
[2026-04-19T00:13:07.708+0000] {processor.py:830} INFO - Processing file /home/airflow/.local/lib/python3.8/site-packages/airflow/example_dags/example_trigger_controller_dag.py for tasks to queue
[2026-04-19T00:13:07.710+0000] {logging_mixin.py:188} INFO - [2026-04-19T00:13:07.709+0000] {dagbag.py:538} INFO - Filling up the DagBag from /home/airflow/.local/lib/python3.8/site-packages/airflow/example_dags/example_trigger_controller_dag.py
[2026-04-19T00:13:07.717+0000] {processor.py:840} INFO - DAG(s) 'example_trigger_controller_dag' retrieved from /home/airflow/.local/lib/python3.8/site-packages/airflow/example_dags/example_trigger_controller_dag.py
[2026-04-19T00:13:07.745+0000] {logging_mixin.py:188} INFO - [2026-04-19T00:13:07.745+0000] {dag.py:3036} INFO - Sync 1 DAGs
[2026-04-19T00:13:07.774+0000] {logging_mixin.py:188} INFO - [2026-04-19T00:13:07.774+0000] {dag.py:3823} INFO - Setting next_dagrun for example_trigger_controller_dag to 2021-01-01 00:00:00+00:00, run_after=2021-01-01 00:00:00+00:00
[2026-04-19T00:13:07.798+0000] {processor.py:183} INFO - Processing /home/airflow/.local/lib/python3.8/site-packages/airflow/example_dags/example_trigger_controller_dag.py took 0.096 seconds
[2026-04-19T00:13:38.008+0000] {processor.py:161} INFO - Started process (PID=11538) to work on /home/airflow/.local/lib/python3.8/site-packages/airflow/example_dags/example_trigger_controller_dag.py
[2026-04-19T00:13:38.010+0000] {processor.py:830} INFO - Processing file /home/airflow/.local/lib/python3.8/site-packages/airflow/example_dags/example_trigger_controller_dag.py for tasks to queue
[2026-04-19T00:13:38.013+0000] {logging_mixin.py:188} INFO - [2026-04-19T00:13:38.012+0000] {dagbag.py:538} INFO - Filling up the DagBag from /home/airflow/.local/lib/python3.8/site-packages/airflow/example_dags/example_trigger_controller_dag.py
[2026-04-19T00:13:38.021+0000] {processor.py:840} INFO - DAG(s) 'example_trigger_controller_dag' retrieved from /home/airflow/.local/lib/python3.8/site-packages/airflow/example_dags/example_trigger_controller_dag.py
[2026-04-19T00:13:38.053+0000] {logging_mixin.py:188} INFO - [2026-04-19T00:13:38.053+0000] {dag.py:3036} INFO - Sync 1 DAGs
[2026-04-19T00:13:38.085+0000] {logging_mixin.py:188} INFO - [2026-04-19T00:13:38.084+0000] {dag.py:3823} INFO - Setting next_dagrun for example_trigger_controller_dag to 2021-01-01 00:00:00+00:00, run_after=2021-01-01 00:00:00+00:00
[2026-04-19T00:13:38.111+0000] {processor.py:183} INFO - Processing /home/airflow/.local/lib/python3.8/site-packages/airflow/example_dags/example_trigger_controller_dag.py took 0.108 seconds
[2026-04-19T00:14:08.586+0000] {processor.py:161} INFO - Started process (PID=11593) to work on /home/airflow/.local/lib/python3.8/site-packages/airflow/example_dags/example_trigger_controller_dag.py
[2026-04-19T00:14:08.587+0000] {processor.py:830} INFO - Processing file /home/airflow/.local/lib/python3.8/site-packages/airflow/example_dags/example_trigger_controller_dag.py for tasks to queue
[2026-04-19T00:14:08.590+0000] {logging_mixin.py:188} INFO - [2026-04-19T00:14:08.589+0000] {dagbag.py:538} INFO - Filling up the DagBag from /home/airflow/.local/lib/python3.8/site-packages/airflow/example_dags/example_trigger_controller_dag.py
[2026-04-19T00:14:08.597+0000] {processor.py:840} INFO - DAG(s) 'example_trigger_controller_dag' retrieved from /home/airflow/.local/lib/python3.8/site-packages/airflow/example_dags/example_trigger_controller_dag.py
[2026-04-19T00:14:08.629+0000] {logging_mixin.py:188} INFO - [2026-04-19T00:14:08.628+0000] {dag.py:3036} INFO - Sync 1 DAGs
[2026-04-19T00:14:08.659+0000] {logging_mixin.py:188} INFO - [2026-04-19T00:14:08.658+0000] {dag.py:3823} INFO - Setting next_dagrun for example_trigger_controller_dag to 2021-01-01 00:00:00+00:00, run_after=2021-01-01 00:00:00+00:00
[2026-04-19T00:14:08.682+0000] {processor.py:183} INFO - Processing /home/airflow/.local/lib/python3.8/site-packages/airflow/example_dags/example_trigger_controller_dag.py took 0.101 seconds
[2026-04-19T00:14:39.073+0000] {processor.py:161} INFO - Started process (PID=11648) to work on /home/airflow/.local/lib/python3.8/site-packages/airflow/example_dags/example_trigger_controller_dag.py
[2026-04-19T00:14:39.075+0000] {processor.py:830} INFO - Processing file /home/airflow/.local/lib/python3.8/site-packages/airflow/example_dags/example_trigger_controller_dag.py for tasks to queue
[2026-04-19T00:14:39.077+0000] {logging_mixin.py:188} INFO - [2026-04-19T00:14:39.077+0000] {dagbag.py:538} INFO - Filling up the DagBag from /home/airflow/.local/lib/python3.8/site-packages/airflow/example_dags/example_trigger_controller_dag.py
[2026-04-19T00:14:39.085+0000] {processor.py:840} INFO - DAG(s) 'example_trigger_controller_dag' retrieved from /home/airflow/.local/lib/python3.8/site-packages/airflow/example_dags/example_trigger_controller_dag.py
[2026-04-19T00:14:39.117+0000] {logging_mixin.py:188} INFO - [2026-04-19T00:14:39.116+0000] {dag.py:3036} INFO - Sync 1 DAGs
[2026-04-19T00:14:39.149+0000] {logging_mixin.py:188} INFO - [2026-04-19T00:14:39.149+0000] {dag.py:3823} INFO - Setting next_dagrun for example_trigger_controller_dag to 2021-01-01 00:00:00+00:00, run_after=2021-01-01 00:00:00+00:00
[2026-04-19T00:14:39.173+0000] {processor.py:183} INFO - Processing /home/airflow/.local/lib/python3.8/site-packages/airflow/example_dags/example_trigger_controller_dag.py took 0.106 seconds
[2026-04-19T00:15:09.607+0000] {processor.py:161} INFO - Started process (PID=11703) to work on /home/airflow/.local/lib/python3.8/site-packages/airflow/example_dags/example_trigger_controller_dag.py
[2026-04-19T00:15:09.608+0000] {processor.py:830} INFO - Processing file /home/airflow/.local/lib/python3.8/site-packages/airflow/example_dags/example_trigger_controller_dag.py for tasks to queue
[2026-04-19T00:15:09.611+0000] {logging_mixin.py:188} INFO - [2026-04-19T00:15:09.610+0000] {dagbag.py:538} INFO - Filling up the DagBag from /home/airflow/.local/lib/python3.8/site-packages/airflow/example_dags/example_trigger_controller_dag.py
[2026-04-19T00:15:09.618+0000] {processor.py:840} INFO - DAG(s) 'example_trigger_controller_dag' retrieved from /home/airflow/.local/lib/python3.8/site-packages/airflow/example_dags/example_trigger_controller_dag.py
[2026-04-19T00:15:09.647+0000] {logging_mixin.py:188} INFO - [2026-04-19T00:15:09.647+0000] {dag.py:3036} INFO - Sync 1 DAGs
[2026-04-19T00:15:09.679+0000] {logging_mixin.py:188} INFO - [2026-04-19T00:15:09.679+0000] {dag.py:3823} INFO - Setting next_dagrun for example_trigger_controller_dag to 2021-01-01 00:00:00+00:00, run_after=2021-01-01 00:00:00+00:00
[2026-04-19T00:15:09.705+0000] {processor.py:183} INFO - Processing /home/airflow/.local/lib/python3.8/site-packages/airflow/example_dags/example_trigger_controller_dag.py took 0.103 seconds
[2026-04-19T00:15:40.182+0000] {processor.py:161} INFO - Started process (PID=11759) to work on /home/airflow/.local/lib/python3.8/site-packages/airflow/example_dags/example_trigger_controller_dag.py
[2026-04-19T00:15:40.184+0000] {processor.py:830} INFO - Processing file /home/airflow/.local/lib/python3.8/site-packages/airflow/example_dags/example_trigger_controller_dag.py for tasks to queue
[2026-04-19T00:15:40.186+0000] {logging_mixin.py:188} INFO - [2026-04-19T00:15:40.186+0000] {dagbag.py:538} INFO - Filling up the DagBag from /home/airflow/.local/lib/python3.8/site-packages/airflow/example_dags/example_trigger_controller_dag.py
[2026-04-19T00:15:40.193+0000] {processor.py:840} INFO - DAG(s) 'example_trigger_controller_dag' retrieved from /home/airflow/.local/lib/python3.8/site-packages/airflow/example_dags/example_trigger_controller_dag.py
[2026-04-19T00:15:40.222+0000] {logging_mixin.py:188} INFO - [2026-04-19T00:15:40.222+0000] {dag.py:3036} INFO - Sync 1 DAGs
[2026-04-19T00:15:40.252+0000] {logging_mixin.py:188} INFO - [2026-04-19T00:15:40.252+0000] {dag.py:3823} INFO - Setting next_dagrun for example_trigger_controller_dag to 2021-01-01 00:00:00+00:00, run_after=2021-01-01 00:00:00+00:00
[2026-04-19T00:15:40.278+0000] {processor.py:183} INFO - Processing /home/airflow/.local/lib/python3.8/site-packages/airflow/example_dags/example_trigger_controller_dag.py took 0.100 seconds
[2026-04-19T00:16:10.793+0000] {processor.py:161} INFO - Started process (PID=11814) to work on /home/airflow/.local/lib/python3.8/site-packages/airflow/example_dags/example_trigger_controller_dag.py
[2026-04-19T00:16:10.794+0000] {processor.py:830} INFO - Processing file /home/airflow/.local/lib/python3.8/site-packages/airflow/example_dags/example_trigger_controller_dag.py for tasks to queue
[2026-04-19T00:16:10.797+0000] {logging_mixin.py:188} INFO - [2026-04-19T00:16:10.796+0000] {dagbag.py:538} INFO - Filling up the DagBag from /home/airflow/.local/lib/python3.8/site-packages/airflow/example_dags/example_trigger_controller_dag.py
[2026-04-19T00:16:10.804+0000] {processor.py:840} INFO - DAG(s) 'example_trigger_controller_dag' retrieved from /home/airflow/.local/lib/python3.8/site-packages/airflow/example_dags/example_trigger_controller_dag.py
[2026-04-19T00:16:10.835+0000] {logging_mixin.py:188} INFO - [2026-04-19T00:16:10.834+0000] {dag.py:3036} INFO - Sync 1 DAGs
[2026-04-19T00:16:10.869+0000] {logging_mixin.py:188} INFO - [2026-04-19T00:16:10.868+0000] {dag.py:3823} INFO - Setting next_dagrun for example_trigger_controller_dag to 2021-01-01 00:00:00+00:00, run_after=2021-01-01 00:00:00+00:00
[2026-04-19T00:16:10.892+0000] {processor.py:183} INFO - Processing /home/airflow/.local/lib/python3.8/site-packages/airflow/example_dags/example_trigger_controller_dag.py took 0.106 seconds
[2026-04-19T00:16:41.178+0000] {processor.py:161} INFO - Started process (PID=11869) to work on /home/airflow/.local/lib/python3.8/site-packages/airflow/example_dags/example_trigger_controller_dag.py
[2026-04-19T00:16:41.179+0000] {processor.py:830} INFO - Processing file /home/airflow/.local/lib/python3.8/site-packages/airflow/example_dags/example_trigger_controller_dag.py for tasks to queue
[2026-04-19T00:16:41.182+0000] {logging_mixin.py:188} INFO - [2026-04-19T00:16:41.181+0000] {dagbag.py:538} INFO - Filling up the DagBag from /home/airflow/.local/lib/python3.8/site-packages/airflow/example_dags/example_trigger_controller_dag.py
[2026-04-19T00:16:41.188+0000] {processor.py:840} INFO - DAG(s) 'example_trigger_controller_dag' retrieved from /home/airflow/.local/lib/python3.8/site-packages/airflow/example_dags/example_trigger_controller_dag.py
[2026-04-19T00:16:41.220+0000] {logging_mixin.py:188} INFO - [2026-04-19T00:16:41.219+0000] {dag.py:3036} INFO - Sync 1 DAGs
[2026-04-19T00:16:41.250+0000] {logging_mixin.py:188} INFO - [2026-04-19T00:16:41.249+0000] {dag.py:3823} INFO - Setting next_dagrun for example_trigger_controller_dag to 2021-01-01 00:00:00+00:00, run_after=2021-01-01 00:00:00+00:00
[2026-04-19T00:16:41.275+0000] {processor.py:183} INFO - Processing /home/airflow/.local/lib/python3.8/site-packages/airflow/example_dags/example_trigger_controller_dag.py took 0.102 seconds
[2026-04-19T00:17:11.520+0000] {processor.py:161} INFO - Started process (PID=11924) to work on /home/airflow/.local/lib/python3.8/site-packages/airflow/example_dags/example_trigger_controller_dag.py
[2026-04-19T00:17:11.521+0000] {processor.py:830} INFO - Processing file /home/airflow/.local/lib/python3.8/site-packages/airflow/example_dags/example_trigger_controller_dag.py for tasks to queue
[2026-04-19T00:17:11.523+0000] {logging_mixin.py:188} INFO - [2026-04-19T00:17:11.523+0000] {dagbag.py:538} INFO - Filling up the DagBag from /home/airflow/.local/lib/python3.8/site-packages/airflow/example_dags/example_trigger_controller_dag.py
[2026-04-19T00:17:11.530+0000] {processor.py:840} INFO - DAG(s) 'example_trigger_controller_dag' retrieved from /home/airflow/.local/lib/python3.8/site-packages/airflow/example_dags/example_trigger_controller_dag.py
[2026-04-19T00:17:11.561+0000] {logging_mixin.py:188} INFO - [2026-04-19T00:17:11.560+0000] {dag.py:3036} INFO - Sync 1 DAGs
[2026-04-19T00:17:11.591+0000] {logging_mixin.py:188} INFO - [2026-04-19T00:17:11.591+0000] {dag.py:3823} INFO - Setting next_dagrun for example_trigger_controller_dag to 2021-01-01 00:00:00+00:00, run_after=2021-01-01 00:00:00+00:00
[2026-04-19T00:17:11.615+0000] {processor.py:183} INFO - Processing /home/airflow/.local/lib/python3.8/site-packages/airflow/example_dags/example_trigger_controller_dag.py took 0.101 seconds
[2026-04-19T00:17:42.066+0000] {processor.py:161} INFO - Started process (PID=11979) to work on /home/airflow/.local/lib/python3.8/site-packages/airflow/example_dags/example_trigger_controller_dag.py
[2026-04-19T00:17:42.068+0000] {processor.py:830} INFO - Processing file /home/airflow/.local/lib/python3.8/site-packages/airflow/example_dags/example_trigger_controller_dag.py for tasks to queue
[2026-04-19T00:17:42.070+0000] {logging_mixin.py:188} INFO - [2026-04-19T00:17:42.070+0000] {dagbag.py:538} INFO - Filling up the DagBag from /home/airflow/.local/lib/python3.8/site-packages/airflow/example_dags/example_trigger_controller_dag.py
[2026-04-19T00:17:42.078+0000] {processor.py:840} INFO - DAG(s) 'example_trigger_controller_dag' retrieved from /home/airflow/.local/lib/python3.8/site-packages/airflow/example_dags/example_trigger_controller_dag.py
[2026-04-19T00:17:42.112+0000] {logging_mixin.py:188} INFO - [2026-04-19T00:17:42.112+0000] {dag.py:3036} INFO - Sync 1 DAGs
[2026-04-19T00:17:42.147+0000] {logging_mixin.py:188} INFO - [2026-04-19T00:17:42.147+0000] {dag.py:3823} INFO - Setting next_dagrun for example_trigger_controller_dag to 2021-01-01 00:00:00+00:00, run_after=2021-01-01 00:00:00+00:00
[2026-04-19T00:17:42.176+0000] {processor.py:183} INFO - Processing /home/airflow/.local/lib/python3.8/site-packages/airflow/example_dags/example_trigger_controller_dag.py took 0.116 seconds
[2026-04-19T00:18:12.607+0000] {processor.py:161} INFO - Started process (PID=12034) to work on /home/airflow/.local/lib/python3.8/site-packages/airflow/example_dags/example_trigger_controller_dag.py
[2026-04-19T00:18:12.608+0000] {processor.py:830} INFO - Processing file /home/airflow/.local/lib/python3.8/site-packages/airflow/example_dags/example_trigger_controller_dag.py for tasks to queue
[2026-04-19T00:18:12.611+0000] {logging_mixin.py:188} INFO - [2026-04-19T00:18:12.611+0000] {dagbag.py:538} INFO - Filling up the DagBag from /home/airflow/.local/lib/python3.8/site-packages/airflow/example_dags/example_trigger_controller_dag.py
[2026-04-19T00:18:12.619+0000] {processor.py:840} INFO - DAG(s) 'example_trigger_controller_dag' retrieved from /home/airflow/.local/lib/python3.8/site-packages/airflow/example_dags/example_trigger_controller_dag.py
[2026-04-19T00:18:12.650+0000] {logging_mixin.py:188} INFO - [2026-04-19T00:18:12.650+0000] {dag.py:3036} INFO - Sync 1 DAGs
[2026-04-19T00:18:12.682+0000] {logging_mixin.py:188} INFO - [2026-04-19T00:18:12.682+0000] {dag.py:3823} INFO - Setting next_dagrun for example_trigger_controller_dag to 2021-01-01 00:00:00+00:00, run_after=2021-01-01 00:00:00+00:00
[2026-04-19T00:18:12.705+0000] {processor.py:183} INFO - Processing /home/airflow/.local/lib/python3.8/site-packages/airflow/example_dags/example_trigger_controller_dag.py took 0.104 seconds
[2026-04-19T00:18:43.149+0000] {processor.py:161} INFO - Started process (PID=12089) to work on /home/airflow/.local/lib/python3.8/site-packages/airflow/example_dags/example_trigger_controller_dag.py
[2026-04-19T00:18:43.150+0000] {processor.py:830} INFO - Processing file /home/airflow/.local/lib/python3.8/site-packages/airflow/example_dags/example_trigger_controller_dag.py for tasks to queue
[2026-04-19T00:18:43.153+0000] {logging_mixin.py:188} INFO - [2026-04-19T00:18:43.153+0000] {dagbag.py:538} INFO - Filling up the DagBag from /home/airflow/.local/lib/python3.8/site-packages/airflow/example_dags/example_trigger_controller_dag.py
[2026-04-19T00:18:43.161+0000] {processor.py:840} INFO - DAG(s) 'example_trigger_controller_dag' retrieved from /home/airflow/.local/lib/python3.8/site-packages/airflow/example_dags/example_trigger_controller_dag.py
[2026-04-19T00:18:43.194+0000] {logging_mixin.py:188} INFO - [2026-04-19T00:18:43.194+0000] {dag.py:3036} INFO - Sync 1 DAGs
[2026-04-19T00:18:43.232+0000] {logging_mixin.py:188} INFO - [2026-04-19T00:18:43.231+0000] {dag.py:3823} INFO - Setting next_dagrun for example_trigger_controller_dag to 2021-01-01 00:00:00+00:00, run_after=2021-01-01 00:00:00+00:00
[2026-04-19T00:18:43.261+0000] {processor.py:183} INFO - Processing /home/airflow/.local/lib/python3.8/site-packages/airflow/example_dags/example_trigger_controller_dag.py took 0.118 seconds
[2026-04-19T00:19:13.547+0000] {processor.py:161} INFO - Started process (PID=12143) to work on /home/airflow/.local/lib/python3.8/site-packages/airflow/example_dags/example_trigger_controller_dag.py
[2026-04-19T00:19:13.548+0000] {processor.py:830} INFO - Processing file /home/airflow/.local/lib/python3.8/site-packages/airflow/example_dags/example_trigger_controller_dag.py for tasks to queue
[2026-04-19T00:19:13.550+0000] {logging_mixin.py:188} INFO - [2026-04-19T00:19:13.550+0000] {dagbag.py:538} INFO - Filling up the DagBag from /home/airflow/.local/lib/python3.8/site-packages/airflow/example_dags/example_trigger_controller_dag.py
[2026-04-19T00:19:13.558+0000] {processor.py:840} INFO - DAG(s) 'example_trigger_controller_dag' retrieved from /home/airflow/.local/lib/python3.8/site-packages/airflow/example_dags/example_trigger_controller_dag.py
[2026-04-19T00:19:13.590+0000] {logging_mixin.py:188} INFO - [2026-04-19T00:19:13.589+0000] {dag.py:3036} INFO - Sync 1 DAGs
[2026-04-19T00:19:13.619+0000] {logging_mixin.py:188} INFO - [2026-04-19T00:19:13.619+0000] {dag.py:3823} INFO - Setting next_dagrun for example_trigger_controller_dag to 2021-01-01 00:00:00+00:00, run_after=2021-01-01 00:00:00+00:00
[2026-04-19T00:19:13.643+0000] {processor.py:183} INFO - Processing /home/airflow/.local/lib/python3.8/site-packages/airflow/example_dags/example_trigger_controller_dag.py took 0.101 seconds
[2026-04-19T00:19:43.950+0000] {processor.py:161} INFO - Started process (PID=12198) to work on /home/airflow/.local/lib/python3.8/site-packages/airflow/example_dags/example_trigger_controller_dag.py
[2026-04-19T00:19:43.952+0000] {processor.py:830} INFO - Processing file /home/airflow/.local/lib/python3.8/site-packages/airflow/example_dags/example_trigger_controller_dag.py for tasks to queue
[2026-04-19T00:19:43.954+0000] {logging_mixin.py:188} INFO - [2026-04-19T00:19:43.954+0000] {dagbag.py:538} INFO - Filling up the DagBag from /home/airflow/.local/lib/python3.8/site-packages/airflow/example_dags/example_trigger_controller_dag.py
[2026-04-19T00:19:43.961+0000] {processor.py:840} INFO - DAG(s) 'example_trigger_controller_dag' retrieved from /home/airflow/.local/lib/python3.8/site-packages/airflow/example_dags/example_trigger_controller_dag.py
[2026-04-19T00:19:43.992+0000] {logging_mixin.py:188} INFO - [2026-04-19T00:19:43.992+0000] {dag.py:3036} INFO - Sync 1 DAGs
[2026-04-19T00:19:44.026+0000] {logging_mixin.py:188} INFO - [2026-04-19T00:19:44.025+0000] {dag.py:3823} INFO - Setting next_dagrun for example_trigger_controller_dag to 2021-01-01 00:00:00+00:00, run_after=2021-01-01 00:00:00+00:00
[2026-04-19T00:19:44.053+0000] {processor.py:183} INFO - Processing /home/airflow/.local/lib/python3.8/site-packages/airflow/example_dags/example_trigger_controller_dag.py took 0.108 seconds
[2026-04-19T00:20:14.413+0000] {processor.py:161} INFO - Started process (PID=12253) to work on /home/airflow/.local/lib/python3.8/site-packages/airflow/example_dags/example_trigger_controller_dag.py
[2026-04-19T00:20:14.415+0000] {processor.py:830} INFO - Processing file /home/airflow/.local/lib/python3.8/site-packages/airflow/example_dags/example_trigger_controller_dag.py for tasks to queue
[2026-04-19T00:20:14.417+0000] {logging_mixin.py:188} INFO - [2026-04-19T00:20:14.417+0000] {dagbag.py:538} INFO - Filling up the DagBag from /home/airflow/.local/lib/python3.8/site-packages/airflow/example_dags/example_trigger_controller_dag.py
[2026-04-19T00:20:14.423+0000] {processor.py:840} INFO - DAG(s) 'example_trigger_controller_dag' retrieved from /home/airflow/.local/lib/python3.8/site-packages/airflow/example_dags/example_trigger_controller_dag.py
[2026-04-19T00:20:14.452+0000] {logging_mixin.py:188} INFO - [2026-04-19T00:20:14.452+0000] {dag.py:3036} INFO - Sync 1 DAGs
[2026-04-19T00:20:14.482+0000] {logging_mixin.py:188} INFO - [2026-04-19T00:20:14.482+0000] {dag.py:3823} INFO - Setting next_dagrun for example_trigger_controller_dag to 2021-01-01 00:00:00+00:00, run_after=2021-01-01 00:00:00+00:00
[2026-04-19T00:20:14.505+0000] {processor.py:183} INFO - Processing /home/airflow/.local/lib/python3.8/site-packages/airflow/example_dags/example_trigger_controller_dag.py took 0.097 seconds
[2026-04-19T00:20:44.769+0000] {processor.py:161} INFO - Started process (PID=12308) to work on /home/airflow/.local/lib/python3.8/site-packages/airflow/example_dags/example_trigger_controller_dag.py
[2026-04-19T00:20:44.770+0000] {processor.py:830} INFO - Processing file /home/airflow/.local/lib/python3.8/site-packages/airflow/example_dags/example_trigger_controller_dag.py for tasks to queue
[2026-04-19T00:20:44.773+0000] {logging_mixin.py:188} INFO - [2026-04-19T00:20:44.772+0000] {dagbag.py:538} INFO - Filling up the DagBag from /home/airflow/.local/lib/python3.8/site-packages/airflow/example_dags/example_trigger_controller_dag.py
[2026-04-19T00:20:44.779+0000] {processor.py:840} INFO - DAG(s) 'example_trigger_controller_dag' retrieved from /home/airflow/.local/lib/python3.8/site-packages/airflow/example_dags/example_trigger_controller_dag.py
[2026-04-19T00:20:44.809+0000] {logging_mixin.py:188} INFO - [2026-04-19T00:20:44.809+0000] {dag.py:3036} INFO - Sync 1 DAGs
[2026-04-19T00:20:44.839+0000] {logging_mixin.py:188} INFO - [2026-04-19T00:20:44.839+0000] {dag.py:3823} INFO - Setting next_dagrun for example_trigger_controller_dag to 2021-01-01 00:00:00+00:00, run_after=2021-01-01 00:00:00+00:00
[2026-04-19T00:20:44.864+0000] {processor.py:183} INFO - Processing /home/airflow/.local/lib/python3.8/site-packages/airflow/example_dags/example_trigger_controller_dag.py took 0.100 seconds
[2026-04-19T00:21:15.181+0000] {processor.py:161} INFO - Started process (PID=12363) to work on /home/airflow/.local/lib/python3.8/site-packages/airflow/example_dags/example_trigger_controller_dag.py
[2026-04-19T00:21:15.183+0000] {processor.py:830} INFO - Processing file /home/airflow/.local/lib/python3.8/site-packages/airflow/example_dags/example_trigger_controller_dag.py for tasks to queue
[2026-04-19T00:21:15.185+0000] {logging_mixin.py:188} INFO - [2026-04-19T00:21:15.185+0000] {dagbag.py:538} INFO - Filling up the DagBag from /home/airflow/.local/lib/python3.8/site-packages/airflow/example_dags/example_trigger_controller_dag.py
[2026-04-19T00:21:15.193+0000] {processor.py:840} INFO - DAG(s) 'example_trigger_controller_dag' retrieved from /home/airflow/.local/lib/python3.8/site-packages/airflow/example_dags/example_trigger_controller_dag.py
[2026-04-19T00:21:15.222+0000] {logging_mixin.py:188} INFO - [2026-04-19T00:21:15.222+0000] {dag.py:3036} INFO - Sync 1 DAGs
[2026-04-19T00:21:15.252+0000] {logging_mixin.py:188} INFO - [2026-04-19T00:21:15.252+0000] {dag.py:3823} INFO - Setting next_dagrun for example_trigger_controller_dag to 2021-01-01 00:00:00+00:00, run_after=2021-01-01 00:00:00+00:00
[2026-04-19T00:21:15.276+0000] {processor.py:183} INFO - Processing /home/airflow/.local/lib/python3.8/site-packages/airflow/example_dags/example_trigger_controller_dag.py took 0.100 seconds
[2026-04-19T00:21:45.729+0000] {processor.py:161} INFO - Started process (PID=12418) to work on /home/airflow/.local/lib/python3.8/site-packages/airflow/example_dags/example_trigger_controller_dag.py
[2026-04-19T00:21:45.730+0000] {processor.py:830} INFO - Processing file /home/airflow/.local/lib/python3.8/site-packages/airflow/example_dags/example_trigger_controller_dag.py for tasks to queue
[2026-04-19T00:21:45.733+0000] {logging_mixin.py:188} INFO - [2026-04-19T00:21:45.733+0000] {dagbag.py:538} INFO - Filling up the DagBag from /home/airflow/.local/lib/python3.8/site-packages/airflow/example_dags/example_trigger_controller_dag.py
[2026-04-19T00:21:45.741+0000] {processor.py:840} INFO - DAG(s) 'example_trigger_controller_dag' retrieved from /home/airflow/.local/lib/python3.8/site-packages/airflow/example_dags/example_trigger_controller_dag.py
[2026-04-19T00:21:45.776+0000] {logging_mixin.py:188} INFO - [2026-04-19T00:21:45.775+0000] {dag.py:3036} INFO - Sync 1 DAGs
[2026-04-19T00:21:45.815+0000] {logging_mixin.py:188} INFO - [2026-04-19T00:21:45.814+0000] {dag.py:3823} INFO - Setting next_dagrun for example_trigger_controller_dag to 2021-01-01 00:00:00+00:00, run_after=2021-01-01 00:00:00+00:00
[2026-04-19T00:21:45.843+0000] {processor.py:183} INFO - Processing /home/airflow/.local/lib/python3.8/site-packages/airflow/example_dags/example_trigger_controller_dag.py took 0.120 seconds
[2026-04-19T00:22:15.984+0000] {processor.py:161} INFO - Started process (PID=12473) to work on /home/airflow/.local/lib/python3.8/site-packages/airflow/example_dags/example_trigger_controller_dag.py
[2026-04-19T00:22:15.985+0000] {processor.py:830} INFO - Processing file /home/airflow/.local/lib/python3.8/site-packages/airflow/example_dags/example_trigger_controller_dag.py for tasks to queue
[2026-04-19T00:22:15.988+0000] {logging_mixin.py:188} INFO - [2026-04-19T00:22:15.988+0000] {dagbag.py:538} INFO - Filling up the DagBag from /home/airflow/.local/lib/python3.8/site-packages/airflow/example_dags/example_trigger_controller_dag.py
[2026-04-19T00:22:15.996+0000] {processor.py:840} INFO - DAG(s) 'example_trigger_controller_dag' retrieved from /home/airflow/.local/lib/python3.8/site-packages/airflow/example_dags/example_trigger_controller_dag.py
[2026-04-19T00:22:16.027+0000] {logging_mixin.py:188} INFO - [2026-04-19T00:22:16.027+0000] {dag.py:3036} INFO - Sync 1 DAGs
[2026-04-19T00:22:16.057+0000] {logging_mixin.py:188} INFO - [2026-04-19T00:22:16.057+0000] {dag.py:3823} INFO - Setting next_dagrun for example_trigger_controller_dag to 2021-01-01 00:00:00+00:00, run_after=2021-01-01 00:00:00+00:00
[2026-04-19T00:22:16.080+0000] {processor.py:183} INFO - Processing /home/airflow/.local/lib/python3.8/site-packages/airflow/example_dags/example_trigger_controller_dag.py took 0.101 seconds
[2026-04-19T00:22:46.688+0000] {processor.py:161} INFO - Started process (PID=12528) to work on /home/airflow/.local/lib/python3.8/site-packages/airflow/example_dags/example_trigger_controller_dag.py
[2026-04-19T00:22:46.689+0000] {processor.py:830} INFO - Processing file /home/airflow/.local/lib/python3.8/site-packages/airflow/example_dags/example_trigger_controller_dag.py for tasks to queue
[2026-04-19T00:22:46.691+0000] {logging_mixin.py:188} INFO - [2026-04-19T00:22:46.691+0000] {dagbag.py:538} INFO - Filling up the DagBag from /home/airflow/.local/lib/python3.8/site-packages/airflow/example_dags/example_trigger_controller_dag.py
[2026-04-19T00:22:46.698+0000] {processor.py:840} INFO - DAG(s) 'example_trigger_controller_dag' retrieved from /home/airflow/.local/lib/python3.8/site-packages/airflow/example_dags/example_trigger_controller_dag.py
[2026-04-19T00:22:46.728+0000] {logging_mixin.py:188} INFO - [2026-04-19T00:22:46.727+0000] {dag.py:3036} INFO - Sync 1 DAGs
[2026-04-19T00:22:46.762+0000] {logging_mixin.py:188} INFO - [2026-04-19T00:22:46.761+0000] {dag.py:3823} INFO - Setting next_dagrun for example_trigger_controller_dag to 2021-01-01 00:00:00+00:00, run_after=2021-01-01 00:00:00+00:00
[2026-04-19T00:22:46.790+0000] {processor.py:183} INFO - Processing /home/airflow/.local/lib/python3.8/site-packages/airflow/example_dags/example_trigger_controller_dag.py took 0.106 seconds
[2026-04-19T00:23:16.979+0000] {processor.py:161} INFO - Started process (PID=12583) to work on /home/airflow/.local/lib/python3.8/site-packages/airflow/example_dags/example_trigger_controller_dag.py
[2026-04-19T00:23:16.981+0000] {processor.py:830} INFO - Processing file /home/airflow/.local/lib/python3.8/site-packages/airflow/example_dags/example_trigger_controller_dag.py for tasks to queue
[2026-04-19T00:23:16.984+0000] {logging_mixin.py:188} INFO - [2026-04-19T00:23:16.983+0000] {dagbag.py:538} INFO - Filling up the DagBag from /home/airflow/.local/lib/python3.8/site-packages/airflow/example_dags/example_trigger_controller_dag.py
[2026-04-19T00:23:16.992+0000] {processor.py:840} INFO - DAG(s) 'example_trigger_controller_dag' retrieved from /home/airflow/.local/lib/python3.8/site-packages/airflow/example_dags/example_trigger_controller_dag.py
[2026-04-19T00:23:17.025+0000] {logging_mixin.py:188} INFO - [2026-04-19T00:23:17.025+0000] {dag.py:3036} INFO - Sync 1 DAGs
[2026-04-19T00:23:17.056+0000] {logging_mixin.py:188} INFO - [2026-04-19T00:23:17.056+0000] {dag.py:3823} INFO - Setting next_dagrun for example_trigger_controller_dag to 2021-01-01 00:00:00+00:00, run_after=2021-01-01 00:00:00+00:00
[2026-04-19T00:23:17.082+0000] {processor.py:183} INFO - Processing /home/airflow/.local/lib/python3.8/site-packages/airflow/example_dags/example_trigger_controller_dag.py took 0.109 seconds
[2026-04-19T00:23:47.288+0000] {processor.py:161} INFO - Started process (PID=12638) to work on /home/airflow/.local/lib/python3.8/site-packages/airflow/example_dags/example_trigger_controller_dag.py
[2026-04-19T00:23:47.290+0000] {processor.py:830} INFO - Processing file /home/airflow/.local/lib/python3.8/site-packages/airflow/example_dags/example_trigger_controller_dag.py for tasks to queue
[2026-04-19T00:23:47.293+0000] {logging_mixin.py:188} INFO - [2026-04-19T00:23:47.292+0000] {dagbag.py:538} INFO - Filling up the DagBag from /home/airflow/.local/lib/python3.8/site-packages/airflow/example_dags/example_trigger_controller_dag.py
[2026-04-19T00:23:47.299+0000] {processor.py:840} INFO - DAG(s) 'example_trigger_controller_dag' retrieved from /home/airflow/.local/lib/python3.8/site-packages/airflow/example_dags/example_trigger_controller_dag.py
[2026-04-19T00:23:47.327+0000] {logging_mixin.py:188} INFO - [2026-04-19T00:23:47.327+0000] {dag.py:3036} INFO - Sync 1 DAGs
[2026-04-19T00:23:47.356+0000] {logging_mixin.py:188} INFO - [2026-04-19T00:23:47.356+0000] {dag.py:3823} INFO - Setting next_dagrun for example_trigger_controller_dag to 2021-01-01 00:00:00+00:00, run_after=2021-01-01 00:00:00+00:00
[2026-04-19T00:23:47.379+0000] {processor.py:183} INFO - Processing /home/airflow/.local/lib/python3.8/site-packages/airflow/example_dags/example_trigger_controller_dag.py took 0.096 seconds
[2026-04-19T00:24:17.496+0000] {processor.py:161} INFO - Started process (PID=12693) to work on /home/airflow/.local/lib/python3.8/site-packages/airflow/example_dags/example_trigger_controller_dag.py
[2026-04-19T00:24:17.497+0000] {processor.py:830} INFO - Processing file /home/airflow/.local/lib/python3.8/site-packages/airflow/example_dags/example_trigger_controller_dag.py for tasks to queue
[2026-04-19T00:24:17.500+0000] {logging_mixin.py:188} INFO - [2026-04-19T00:24:17.499+0000] {dagbag.py:538} INFO - Filling up the DagBag from /home/airflow/.local/lib/python3.8/site-packages/airflow/example_dags/example_trigger_controller_dag.py
[2026-04-19T00:24:17.507+0000] {processor.py:840} INFO - DAG(s) 'example_trigger_controller_dag' retrieved from /home/airflow/.local/lib/python3.8/site-packages/airflow/example_dags/example_trigger_controller_dag.py
[2026-04-19T00:24:17.539+0000] {logging_mixin.py:188} INFO - [2026-04-19T00:24:17.538+0000] {dag.py:3036} INFO - Sync 1 DAGs
[2026-04-19T00:24:17.568+0000] {logging_mixin.py:188} INFO - [2026-04-19T00:24:17.567+0000] {dag.py:3823} INFO - Setting next_dagrun for example_trigger_controller_dag to 2021-01-01 00:00:00+00:00, run_after=2021-01-01 00:00:00+00:00
[2026-04-19T00:24:17.591+0000] {processor.py:183} INFO - Processing /home/airflow/.local/lib/python3.8/site-packages/airflow/example_dags/example_trigger_controller_dag.py took 0.100 seconds
