[2026-04-19T00:00:29.339+0000] {processor.py:161} INFO - Started process (PID=10112) to work on /home/airflow/.local/lib/python3.8/site-packages/airflow/example_dags/example_branch_labels.py
[2026-04-19T00:00:29.340+0000] {processor.py:830} INFO - Processing file /home/airflow/.local/lib/python3.8/site-packages/airflow/example_dags/example_branch_labels.py for tasks to queue
[2026-04-19T00:00:29.343+0000] {logging_mixin.py:188} INFO - [2026-04-19T00:00:29.342+0000] {dagbag.py:538} INFO - Filling up the DagBag from /home/airflow/.local/lib/python3.8/site-packages/airflow/example_dags/example_branch_labels.py
[2026-04-19T00:00:29.354+0000] {processor.py:840} INFO - DAG(s) 'example_branch_labels' retrieved from /home/airflow/.local/lib/python3.8/site-packages/airflow/example_dags/example_branch_labels.py
[2026-04-19T00:00:29.389+0000] {logging_mixin.py:188} INFO - [2026-04-19T00:00:29.389+0000] {dag.py:3036} INFO - Sync 1 DAGs
[2026-04-19T00:00:29.422+0000] {logging_mixin.py:188} INFO - [2026-04-19T00:00:29.421+0000] {dag.py:3823} INFO - Setting next_dagrun for example_branch_labels to 2026-04-18 00:00:00+00:00, run_after=2026-04-19 00:00:00+00:00
[2026-04-19T00:00:29.453+0000] {processor.py:183} INFO - Processing /home/airflow/.local/lib/python3.8/site-packages/airflow/example_dags/example_branch_labels.py took 0.119 seconds
[2026-04-19T00:00:59.788+0000] {processor.py:161} INFO - Started process (PID=10167) to work on /home/airflow/.local/lib/python3.8/site-packages/airflow/example_dags/example_branch_labels.py
[2026-04-19T00:00:59.789+0000] {processor.py:830} INFO - Processing file /home/airflow/.local/lib/python3.8/site-packages/airflow/example_dags/example_branch_labels.py for tasks to queue
[2026-04-19T00:00:59.791+0000] {logging_mixin.py:188} INFO - [2026-04-19T00:00:59.791+0000] {dagbag.py:538} INFO - Filling up the DagBag from /home/airflow/.local/lib/python3.8/site-packages/airflow/example_dags/example_branch_labels.py
[2026-04-19T00:00:59.803+0000] {processor.py:840} INFO - DAG(s) 'example_branch_labels' retrieved from /home/airflow/.local/lib/python3.8/site-packages/airflow/example_dags/example_branch_labels.py
[2026-04-19T00:00:59.837+0000] {logging_mixin.py:188} INFO - [2026-04-19T00:00:59.837+0000] {dag.py:3036} INFO - Sync 1 DAGs
[2026-04-19T00:00:59.868+0000] {logging_mixin.py:188} INFO - [2026-04-19T00:00:59.868+0000] {dag.py:3823} INFO - Setting next_dagrun for example_branch_labels to 2026-04-18 00:00:00+00:00, run_after=2026-04-19 00:00:00+00:00
[2026-04-19T00:00:59.892+0000] {processor.py:183} INFO - Processing /home/airflow/.local/lib/python3.8/site-packages/airflow/example_dags/example_branch_labels.py took 0.110 seconds
[2026-04-19T00:01:30.114+0000] {processor.py:161} INFO - Started process (PID=10222) to work on /home/airflow/.local/lib/python3.8/site-packages/airflow/example_dags/example_branch_labels.py
[2026-04-19T00:01:30.116+0000] {processor.py:830} INFO - Processing file /home/airflow/.local/lib/python3.8/site-packages/airflow/example_dags/example_branch_labels.py for tasks to queue
[2026-04-19T00:01:30.118+0000] {logging_mixin.py:188} INFO - [2026-04-19T00:01:30.118+0000] {dagbag.py:538} INFO - Filling up the DagBag from /home/airflow/.local/lib/python3.8/site-packages/airflow/example_dags/example_branch_labels.py
[2026-04-19T00:01:30.129+0000] {processor.py:840} INFO - DAG(s) 'example_branch_labels' retrieved from /home/airflow/.local/lib/python3.8/site-packages/airflow/example_dags/example_branch_labels.py
[2026-04-19T00:01:30.163+0000] {logging_mixin.py:188} INFO - [2026-04-19T00:01:30.163+0000] {dag.py:3036} INFO - Sync 1 DAGs
[2026-04-19T00:01:30.193+0000] {logging_mixin.py:188} INFO - [2026-04-19T00:01:30.193+0000] {dag.py:3823} INFO - Setting next_dagrun for example_branch_labels to 2026-04-18 00:00:00+00:00, run_after=2026-04-19 00:00:00+00:00
[2026-04-19T00:01:30.217+0000] {processor.py:183} INFO - Processing /home/airflow/.local/lib/python3.8/site-packages/airflow/example_dags/example_branch_labels.py took 0.108 seconds
[2026-04-19T00:02:00.395+0000] {processor.py:161} INFO - Started process (PID=10277) to work on /home/airflow/.local/lib/python3.8/site-packages/airflow/example_dags/example_branch_labels.py
[2026-04-19T00:02:00.405+0000] {processor.py:830} INFO - Processing file /home/airflow/.local/lib/python3.8/site-packages/airflow/example_dags/example_branch_labels.py for tasks to queue
[2026-04-19T00:02:00.408+0000] {logging_mixin.py:188} INFO - [2026-04-19T00:02:00.407+0000] {dagbag.py:538} INFO - Filling up the DagBag from /home/airflow/.local/lib/python3.8/site-packages/airflow/example_dags/example_branch_labels.py
[2026-04-19T00:02:00.419+0000] {processor.py:840} INFO - DAG(s) 'example_branch_labels' retrieved from /home/airflow/.local/lib/python3.8/site-packages/airflow/example_dags/example_branch_labels.py
[2026-04-19T00:02:00.452+0000] {logging_mixin.py:188} INFO - [2026-04-19T00:02:00.451+0000] {dag.py:3036} INFO - Sync 1 DAGs
[2026-04-19T00:02:00.485+0000] {logging_mixin.py:188} INFO - [2026-04-19T00:02:00.485+0000] {dag.py:3823} INFO - Setting next_dagrun for example_branch_labels to 2026-04-18 00:00:00+00:00, run_after=2026-04-19 00:00:00+00:00
[2026-04-19T00:02:00.507+0000] {processor.py:183} INFO - Processing /home/airflow/.local/lib/python3.8/site-packages/airflow/example_dags/example_branch_labels.py took 0.117 seconds
[2026-04-19T00:02:30.687+0000] {processor.py:161} INFO - Started process (PID=10332) to work on /home/airflow/.local/lib/python3.8/site-packages/airflow/example_dags/example_branch_labels.py
[2026-04-19T00:02:30.696+0000] {processor.py:830} INFO - Processing file /home/airflow/.local/lib/python3.8/site-packages/airflow/example_dags/example_branch_labels.py for tasks to queue
[2026-04-19T00:02:30.699+0000] {logging_mixin.py:188} INFO - [2026-04-19T00:02:30.699+0000] {dagbag.py:538} INFO - Filling up the DagBag from /home/airflow/.local/lib/python3.8/site-packages/airflow/example_dags/example_branch_labels.py
[2026-04-19T00:02:30.712+0000] {processor.py:840} INFO - DAG(s) 'example_branch_labels' retrieved from /home/airflow/.local/lib/python3.8/site-packages/airflow/example_dags/example_branch_labels.py
[2026-04-19T00:02:30.747+0000] {logging_mixin.py:188} INFO - [2026-04-19T00:02:30.746+0000] {dag.py:3036} INFO - Sync 1 DAGs
[2026-04-19T00:02:30.778+0000] {logging_mixin.py:188} INFO - [2026-04-19T00:02:30.777+0000] {dag.py:3823} INFO - Setting next_dagrun for example_branch_labels to 2026-04-18 00:00:00+00:00, run_after=2026-04-19 00:00:00+00:00
[2026-04-19T00:02:30.800+0000] {processor.py:183} INFO - Processing /home/airflow/.local/lib/python3.8/site-packages/airflow/example_dags/example_branch_labels.py took 0.118 seconds
[2026-04-19T00:03:01.152+0000] {processor.py:161} INFO - Started process (PID=10387) to work on /home/airflow/.local/lib/python3.8/site-packages/airflow/example_dags/example_branch_labels.py
[2026-04-19T00:03:01.161+0000] {processor.py:830} INFO - Processing file /home/airflow/.local/lib/python3.8/site-packages/airflow/example_dags/example_branch_labels.py for tasks to queue
[2026-04-19T00:03:01.163+0000] {logging_mixin.py:188} INFO - [2026-04-19T00:03:01.163+0000] {dagbag.py:538} INFO - Filling up the DagBag from /home/airflow/.local/lib/python3.8/site-packages/airflow/example_dags/example_branch_labels.py
[2026-04-19T00:03:01.174+0000] {processor.py:840} INFO - DAG(s) 'example_branch_labels' retrieved from /home/airflow/.local/lib/python3.8/site-packages/airflow/example_dags/example_branch_labels.py
[2026-04-19T00:03:01.206+0000] {logging_mixin.py:188} INFO - [2026-04-19T00:03:01.206+0000] {dag.py:3036} INFO - Sync 1 DAGs
[2026-04-19T00:03:01.240+0000] {logging_mixin.py:188} INFO - [2026-04-19T00:03:01.239+0000] {dag.py:3823} INFO - Setting next_dagrun for example_branch_labels to 2026-04-18 00:00:00+00:00, run_after=2026-04-19 00:00:00+00:00
[2026-04-19T00:03:01.263+0000] {processor.py:183} INFO - Processing /home/airflow/.local/lib/python3.8/site-packages/airflow/example_dags/example_branch_labels.py took 0.115 seconds
[2026-04-19T00:03:31.455+0000] {processor.py:161} INFO - Started process (PID=10442) to work on /home/airflow/.local/lib/python3.8/site-packages/airflow/example_dags/example_branch_labels.py
[2026-04-19T00:03:31.464+0000] {processor.py:830} INFO - Processing file /home/airflow/.local/lib/python3.8/site-packages/airflow/example_dags/example_branch_labels.py for tasks to queue
[2026-04-19T00:03:31.467+0000] {logging_mixin.py:188} INFO - [2026-04-19T00:03:31.466+0000] {dagbag.py:538} INFO - Filling up the DagBag from /home/airflow/.local/lib/python3.8/site-packages/airflow/example_dags/example_branch_labels.py
[2026-04-19T00:03:31.478+0000] {processor.py:840} INFO - DAG(s) 'example_branch_labels' retrieved from /home/airflow/.local/lib/python3.8/site-packages/airflow/example_dags/example_branch_labels.py
[2026-04-19T00:03:31.508+0000] {logging_mixin.py:188} INFO - [2026-04-19T00:03:31.508+0000] {dag.py:3036} INFO - Sync 1 DAGs
[2026-04-19T00:03:31.538+0000] {logging_mixin.py:188} INFO - [2026-04-19T00:03:31.538+0000] {dag.py:3823} INFO - Setting next_dagrun for example_branch_labels to 2026-04-18 00:00:00+00:00, run_after=2026-04-19 00:00:00+00:00
[2026-04-19T00:03:31.559+0000] {processor.py:183} INFO - Processing /home/airflow/.local/lib/python3.8/site-packages/airflow/example_dags/example_branch_labels.py took 0.109 seconds
[2026-04-19T00:04:01.783+0000] {processor.py:161} INFO - Started process (PID=10497) to work on /home/airflow/.local/lib/python3.8/site-packages/airflow/example_dags/example_branch_labels.py
[2026-04-19T00:04:01.793+0000] {processor.py:830} INFO - Processing file /home/airflow/.local/lib/python3.8/site-packages/airflow/example_dags/example_branch_labels.py for tasks to queue
[2026-04-19T00:04:01.796+0000] {logging_mixin.py:188} INFO - [2026-04-19T00:04:01.796+0000] {dagbag.py:538} INFO - Filling up the DagBag from /home/airflow/.local/lib/python3.8/site-packages/airflow/example_dags/example_branch_labels.py
[2026-04-19T00:04:01.811+0000] {processor.py:840} INFO - DAG(s) 'example_branch_labels' retrieved from /home/airflow/.local/lib/python3.8/site-packages/airflow/example_dags/example_branch_labels.py
[2026-04-19T00:04:01.853+0000] {logging_mixin.py:188} INFO - [2026-04-19T00:04:01.853+0000] {dag.py:3036} INFO - Sync 1 DAGs
[2026-04-19T00:04:01.894+0000] {logging_mixin.py:188} INFO - [2026-04-19T00:04:01.893+0000] {dag.py:3823} INFO - Setting next_dagrun for example_branch_labels to 2026-04-18 00:00:00+00:00, run_after=2026-04-19 00:00:00+00:00
[2026-04-19T00:04:01.926+0000] {processor.py:183} INFO - Processing /home/airflow/.local/lib/python3.8/site-packages/airflow/example_dags/example_branch_labels.py took 0.149 seconds
[2026-04-19T00:04:32.076+0000] {processor.py:161} INFO - Started process (PID=10552) to work on /home/airflow/.local/lib/python3.8/site-packages/airflow/example_dags/example_branch_labels.py
[2026-04-19T00:04:32.078+0000] {processor.py:830} INFO - Processing file /home/airflow/.local/lib/python3.8/site-packages/airflow/example_dags/example_branch_labels.py for tasks to queue
[2026-04-19T00:04:32.080+0000] {logging_mixin.py:188} INFO - [2026-04-19T00:04:32.080+0000] {dagbag.py:538} INFO - Filling up the DagBag from /home/airflow/.local/lib/python3.8/site-packages/airflow/example_dags/example_branch_labels.py
[2026-04-19T00:04:32.091+0000] {processor.py:840} INFO - DAG(s) 'example_branch_labels' retrieved from /home/airflow/.local/lib/python3.8/site-packages/airflow/example_dags/example_branch_labels.py
[2026-04-19T00:04:32.125+0000] {logging_mixin.py:188} INFO - [2026-04-19T00:04:32.125+0000] {dag.py:3036} INFO - Sync 1 DAGs
[2026-04-19T00:04:32.157+0000] {logging_mixin.py:188} INFO - [2026-04-19T00:04:32.157+0000] {dag.py:3823} INFO - Setting next_dagrun for example_branch_labels to 2026-04-18 00:00:00+00:00, run_after=2026-04-19 00:00:00+00:00
[2026-04-19T00:04:32.179+0000] {processor.py:183} INFO - Processing /home/airflow/.local/lib/python3.8/site-packages/airflow/example_dags/example_branch_labels.py took 0.107 seconds
[2026-04-19T00:05:02.430+0000] {processor.py:161} INFO - Started process (PID=10607) to work on /home/airflow/.local/lib/python3.8/site-packages/airflow/example_dags/example_branch_labels.py
[2026-04-19T00:05:02.440+0000] {processor.py:830} INFO - Processing file /home/airflow/.local/lib/python3.8/site-packages/airflow/example_dags/example_branch_labels.py for tasks to queue
[2026-04-19T00:05:02.443+0000] {logging_mixin.py:188} INFO - [2026-04-19T00:05:02.442+0000] {dagbag.py:538} INFO - Filling up the DagBag from /home/airflow/.local/lib/python3.8/site-packages/airflow/example_dags/example_branch_labels.py
[2026-04-19T00:05:02.454+0000] {processor.py:840} INFO - DAG(s) 'example_branch_labels' retrieved from /home/airflow/.local/lib/python3.8/site-packages/airflow/example_dags/example_branch_labels.py
[2026-04-19T00:05:02.488+0000] {logging_mixin.py:188} INFO - [2026-04-19T00:05:02.488+0000] {dag.py:3036} INFO - Sync 1 DAGs
[2026-04-19T00:05:02.521+0000] {logging_mixin.py:188} INFO - [2026-04-19T00:05:02.520+0000] {dag.py:3823} INFO - Setting next_dagrun for example_branch_labels to 2026-04-18 00:00:00+00:00, run_after=2026-04-19 00:00:00+00:00
[2026-04-19T00:05:02.543+0000] {processor.py:183} INFO - Processing /home/airflow/.local/lib/python3.8/site-packages/airflow/example_dags/example_branch_labels.py took 0.117 seconds
[2026-04-19T00:05:32.816+0000] {processor.py:161} INFO - Started process (PID=10662) to work on /home/airflow/.local/lib/python3.8/site-packages/airflow/example_dags/example_branch_labels.py
[2026-04-19T00:05:32.825+0000] {processor.py:830} INFO - Processing file /home/airflow/.local/lib/python3.8/site-packages/airflow/example_dags/example_branch_labels.py for tasks to queue
[2026-04-19T00:05:32.828+0000] {logging_mixin.py:188} INFO - [2026-04-19T00:05:32.828+0000] {dagbag.py:538} INFO - Filling up the DagBag from /home/airflow/.local/lib/python3.8/site-packages/airflow/example_dags/example_branch_labels.py
[2026-04-19T00:05:32.841+0000] {processor.py:840} INFO - DAG(s) 'example_branch_labels' retrieved from /home/airflow/.local/lib/python3.8/site-packages/airflow/example_dags/example_branch_labels.py
[2026-04-19T00:05:32.874+0000] {logging_mixin.py:188} INFO - [2026-04-19T00:05:32.874+0000] {dag.py:3036} INFO - Sync 1 DAGs
[2026-04-19T00:05:32.906+0000] {logging_mixin.py:188} INFO - [2026-04-19T00:05:32.905+0000] {dag.py:3823} INFO - Setting next_dagrun for example_branch_labels to 2026-04-18 00:00:00+00:00, run_after=2026-04-19 00:00:00+00:00
[2026-04-19T00:05:32.929+0000] {processor.py:183} INFO - Processing /home/airflow/.local/lib/python3.8/site-packages/airflow/example_dags/example_branch_labels.py took 0.119 seconds
[2026-04-19T00:06:03.224+0000] {processor.py:161} INFO - Started process (PID=10717) to work on /home/airflow/.local/lib/python3.8/site-packages/airflow/example_dags/example_branch_labels.py
[2026-04-19T00:06:03.229+0000] {processor.py:830} INFO - Processing file /home/airflow/.local/lib/python3.8/site-packages/airflow/example_dags/example_branch_labels.py for tasks to queue
[2026-04-19T00:06:03.233+0000] {logging_mixin.py:188} INFO - [2026-04-19T00:06:03.232+0000] {dagbag.py:538} INFO - Filling up the DagBag from /home/airflow/.local/lib/python3.8/site-packages/airflow/example_dags/example_branch_labels.py
[2026-04-19T00:06:03.248+0000] {processor.py:840} INFO - DAG(s) 'example_branch_labels' retrieved from /home/airflow/.local/lib/python3.8/site-packages/airflow/example_dags/example_branch_labels.py
[2026-04-19T00:06:03.284+0000] {logging_mixin.py:188} INFO - [2026-04-19T00:06:03.283+0000] {dag.py:3036} INFO - Sync 1 DAGs
[2026-04-19T00:06:03.321+0000] {logging_mixin.py:188} INFO - [2026-04-19T00:06:03.320+0000] {dag.py:3823} INFO - Setting next_dagrun for example_branch_labels to 2026-04-18 00:00:00+00:00, run_after=2026-04-19 00:00:00+00:00
[2026-04-19T00:06:03.346+0000] {processor.py:183} INFO - Processing /home/airflow/.local/lib/python3.8/site-packages/airflow/example_dags/example_branch_labels.py took 0.127 seconds
[2026-04-19T00:06:33.486+0000] {processor.py:161} INFO - Started process (PID=10772) to work on /home/airflow/.local/lib/python3.8/site-packages/airflow/example_dags/example_branch_labels.py
[2026-04-19T00:06:33.489+0000] {processor.py:830} INFO - Processing file /home/airflow/.local/lib/python3.8/site-packages/airflow/example_dags/example_branch_labels.py for tasks to queue
[2026-04-19T00:06:33.492+0000] {logging_mixin.py:188} INFO - [2026-04-19T00:06:33.492+0000] {dagbag.py:538} INFO - Filling up the DagBag from /home/airflow/.local/lib/python3.8/site-packages/airflow/example_dags/example_branch_labels.py
[2026-04-19T00:06:33.503+0000] {processor.py:840} INFO - DAG(s) 'example_branch_labels' retrieved from /home/airflow/.local/lib/python3.8/site-packages/airflow/example_dags/example_branch_labels.py
[2026-04-19T00:06:33.537+0000] {logging_mixin.py:188} INFO - [2026-04-19T00:06:33.536+0000] {dag.py:3036} INFO - Sync 1 DAGs
[2026-04-19T00:06:33.571+0000] {logging_mixin.py:188} INFO - [2026-04-19T00:06:33.571+0000] {dag.py:3823} INFO - Setting next_dagrun for example_branch_labels to 2026-04-18 00:00:00+00:00, run_after=2026-04-19 00:00:00+00:00
[2026-04-19T00:06:33.593+0000] {processor.py:183} INFO - Processing /home/airflow/.local/lib/python3.8/site-packages/airflow/example_dags/example_branch_labels.py took 0.113 seconds
[2026-04-19T00:07:03.844+0000] {processor.py:161} INFO - Started process (PID=10827) to work on /home/airflow/.local/lib/python3.8/site-packages/airflow/example_dags/example_branch_labels.py
[2026-04-19T00:07:03.845+0000] {processor.py:830} INFO - Processing file /home/airflow/.local/lib/python3.8/site-packages/airflow/example_dags/example_branch_labels.py for tasks to queue
[2026-04-19T00:07:03.848+0000] {logging_mixin.py:188} INFO - [2026-04-19T00:07:03.847+0000] {dagbag.py:538} INFO - Filling up the DagBag from /home/airflow/.local/lib/python3.8/site-packages/airflow/example_dags/example_branch_labels.py
[2026-04-19T00:07:03.860+0000] {processor.py:840} INFO - DAG(s) 'example_branch_labels' retrieved from /home/airflow/.local/lib/python3.8/site-packages/airflow/example_dags/example_branch_labels.py
[2026-04-19T00:07:03.896+0000] {logging_mixin.py:188} INFO - [2026-04-19T00:07:03.895+0000] {dag.py:3036} INFO - Sync 1 DAGs
[2026-04-19T00:07:03.929+0000] {logging_mixin.py:188} INFO - [2026-04-19T00:07:03.928+0000] {dag.py:3823} INFO - Setting next_dagrun for example_branch_labels to 2026-04-18 00:00:00+00:00, run_after=2026-04-19 00:00:00+00:00
[2026-04-19T00:07:03.952+0000] {processor.py:183} INFO - Processing /home/airflow/.local/lib/python3.8/site-packages/airflow/example_dags/example_branch_labels.py took 0.113 seconds
[2026-04-19T00:07:34.222+0000] {processor.py:161} INFO - Started process (PID=10882) to work on /home/airflow/.local/lib/python3.8/site-packages/airflow/example_dags/example_branch_labels.py
[2026-04-19T00:07:34.231+0000] {processor.py:830} INFO - Processing file /home/airflow/.local/lib/python3.8/site-packages/airflow/example_dags/example_branch_labels.py for tasks to queue
[2026-04-19T00:07:34.234+0000] {logging_mixin.py:188} INFO - [2026-04-19T00:07:34.233+0000] {dagbag.py:538} INFO - Filling up the DagBag from /home/airflow/.local/lib/python3.8/site-packages/airflow/example_dags/example_branch_labels.py
[2026-04-19T00:07:34.245+0000] {processor.py:840} INFO - DAG(s) 'example_branch_labels' retrieved from /home/airflow/.local/lib/python3.8/site-packages/airflow/example_dags/example_branch_labels.py
[2026-04-19T00:07:34.276+0000] {logging_mixin.py:188} INFO - [2026-04-19T00:07:34.276+0000] {dag.py:3036} INFO - Sync 1 DAGs
[2026-04-19T00:07:34.309+0000] {logging_mixin.py:188} INFO - [2026-04-19T00:07:34.309+0000] {dag.py:3823} INFO - Setting next_dagrun for example_branch_labels to 2026-04-18 00:00:00+00:00, run_after=2026-04-19 00:00:00+00:00
[2026-04-19T00:07:34.331+0000] {processor.py:183} INFO - Processing /home/airflow/.local/lib/python3.8/site-packages/airflow/example_dags/example_branch_labels.py took 0.114 seconds
[2026-04-19T00:08:04.366+0000] {processor.py:161} INFO - Started process (PID=10937) to work on /home/airflow/.local/lib/python3.8/site-packages/airflow/example_dags/example_branch_labels.py
[2026-04-19T00:08:04.376+0000] {processor.py:830} INFO - Processing file /home/airflow/.local/lib/python3.8/site-packages/airflow/example_dags/example_branch_labels.py for tasks to queue
[2026-04-19T00:08:04.378+0000] {logging_mixin.py:188} INFO - [2026-04-19T00:08:04.378+0000] {dagbag.py:538} INFO - Filling up the DagBag from /home/airflow/.local/lib/python3.8/site-packages/airflow/example_dags/example_branch_labels.py
[2026-04-19T00:08:04.387+0000] {processor.py:840} INFO - DAG(s) 'example_branch_labels' retrieved from /home/airflow/.local/lib/python3.8/site-packages/airflow/example_dags/example_branch_labels.py
[2026-04-19T00:08:04.407+0000] {logging_mixin.py:188} INFO - [2026-04-19T00:08:04.407+0000] {dag.py:3036} INFO - Sync 1 DAGs
[2026-04-19T00:08:04.428+0000] {logging_mixin.py:188} INFO - [2026-04-19T00:08:04.427+0000] {dag.py:3823} INFO - Setting next_dagrun for example_branch_labels to 2026-04-18 00:00:00+00:00, run_after=2026-04-19 00:00:00+00:00
[2026-04-19T00:08:04.443+0000] {processor.py:183} INFO - Processing /home/airflow/.local/lib/python3.8/site-packages/airflow/example_dags/example_branch_labels.py took 0.080 seconds
[2026-04-19T00:08:34.867+0000] {processor.py:161} INFO - Started process (PID=10992) to work on /home/airflow/.local/lib/python3.8/site-packages/airflow/example_dags/example_branch_labels.py
[2026-04-19T00:08:34.876+0000] {processor.py:830} INFO - Processing file /home/airflow/.local/lib/python3.8/site-packages/airflow/example_dags/example_branch_labels.py for tasks to queue
[2026-04-19T00:08:34.880+0000] {logging_mixin.py:188} INFO - [2026-04-19T00:08:34.879+0000] {dagbag.py:538} INFO - Filling up the DagBag from /home/airflow/.local/lib/python3.8/site-packages/airflow/example_dags/example_branch_labels.py
[2026-04-19T00:08:34.893+0000] {processor.py:840} INFO - DAG(s) 'example_branch_labels' retrieved from /home/airflow/.local/lib/python3.8/site-packages/airflow/example_dags/example_branch_labels.py
[2026-04-19T00:08:34.926+0000] {logging_mixin.py:188} INFO - [2026-04-19T00:08:34.926+0000] {dag.py:3036} INFO - Sync 1 DAGs
[2026-04-19T00:08:34.958+0000] {logging_mixin.py:188} INFO - [2026-04-19T00:08:34.957+0000] {dag.py:3823} INFO - Setting next_dagrun for example_branch_labels to 2026-04-18 00:00:00+00:00, run_after=2026-04-19 00:00:00+00:00
[2026-04-19T00:08:34.979+0000] {processor.py:183} INFO - Processing /home/airflow/.local/lib/python3.8/site-packages/airflow/example_dags/example_branch_labels.py took 0.117 seconds
[2026-04-19T00:09:05.084+0000] {processor.py:161} INFO - Started process (PID=11047) to work on /home/airflow/.local/lib/python3.8/site-packages/airflow/example_dags/example_branch_labels.py
[2026-04-19T00:09:05.094+0000] {processor.py:830} INFO - Processing file /home/airflow/.local/lib/python3.8/site-packages/airflow/example_dags/example_branch_labels.py for tasks to queue
[2026-04-19T00:09:05.096+0000] {logging_mixin.py:188} INFO - [2026-04-19T00:09:05.096+0000] {dagbag.py:538} INFO - Filling up the DagBag from /home/airflow/.local/lib/python3.8/site-packages/airflow/example_dags/example_branch_labels.py
[2026-04-19T00:09:05.107+0000] {processor.py:840} INFO - DAG(s) 'example_branch_labels' retrieved from /home/airflow/.local/lib/python3.8/site-packages/airflow/example_dags/example_branch_labels.py
[2026-04-19T00:09:05.142+0000] {logging_mixin.py:188} INFO - [2026-04-19T00:09:05.141+0000] {dag.py:3036} INFO - Sync 1 DAGs
[2026-04-19T00:09:05.173+0000] {logging_mixin.py:188} INFO - [2026-04-19T00:09:05.172+0000] {dag.py:3823} INFO - Setting next_dagrun for example_branch_labels to 2026-04-18 00:00:00+00:00, run_after=2026-04-19 00:00:00+00:00
[2026-04-19T00:09:05.195+0000] {processor.py:183} INFO - Processing /home/airflow/.local/lib/python3.8/site-packages/airflow/example_dags/example_branch_labels.py took 0.115 seconds
[2026-04-19T00:09:35.674+0000] {processor.py:161} INFO - Started process (PID=11102) to work on /home/airflow/.local/lib/python3.8/site-packages/airflow/example_dags/example_branch_labels.py
[2026-04-19T00:09:35.675+0000] {processor.py:830} INFO - Processing file /home/airflow/.local/lib/python3.8/site-packages/airflow/example_dags/example_branch_labels.py for tasks to queue
[2026-04-19T00:09:35.678+0000] {logging_mixin.py:188} INFO - [2026-04-19T00:09:35.678+0000] {dagbag.py:538} INFO - Filling up the DagBag from /home/airflow/.local/lib/python3.8/site-packages/airflow/example_dags/example_branch_labels.py
[2026-04-19T00:09:35.690+0000] {processor.py:840} INFO - DAG(s) 'example_branch_labels' retrieved from /home/airflow/.local/lib/python3.8/site-packages/airflow/example_dags/example_branch_labels.py
[2026-04-19T00:09:35.721+0000] {logging_mixin.py:188} INFO - [2026-04-19T00:09:35.720+0000] {dag.py:3036} INFO - Sync 1 DAGs
[2026-04-19T00:09:35.753+0000] {logging_mixin.py:188} INFO - [2026-04-19T00:09:35.752+0000] {dag.py:3823} INFO - Setting next_dagrun for example_branch_labels to 2026-04-18 00:00:00+00:00, run_after=2026-04-19 00:00:00+00:00
[2026-04-19T00:09:35.776+0000] {processor.py:183} INFO - Processing /home/airflow/.local/lib/python3.8/site-packages/airflow/example_dags/example_branch_labels.py took 0.107 seconds
[2026-04-19T00:10:06.203+0000] {processor.py:161} INFO - Started process (PID=11157) to work on /home/airflow/.local/lib/python3.8/site-packages/airflow/example_dags/example_branch_labels.py
[2026-04-19T00:10:06.212+0000] {processor.py:830} INFO - Processing file /home/airflow/.local/lib/python3.8/site-packages/airflow/example_dags/example_branch_labels.py for tasks to queue
[2026-04-19T00:10:06.215+0000] {logging_mixin.py:188} INFO - [2026-04-19T00:10:06.215+0000] {dagbag.py:538} INFO - Filling up the DagBag from /home/airflow/.local/lib/python3.8/site-packages/airflow/example_dags/example_branch_labels.py
[2026-04-19T00:10:06.227+0000] {processor.py:840} INFO - DAG(s) 'example_branch_labels' retrieved from /home/airflow/.local/lib/python3.8/site-packages/airflow/example_dags/example_branch_labels.py
[2026-04-19T00:10:06.263+0000] {logging_mixin.py:188} INFO - [2026-04-19T00:10:06.262+0000] {dag.py:3036} INFO - Sync 1 DAGs
[2026-04-19T00:10:06.296+0000] {logging_mixin.py:188} INFO - [2026-04-19T00:10:06.296+0000] {dag.py:3823} INFO - Setting next_dagrun for example_branch_labels to 2026-04-18 00:00:00+00:00, run_after=2026-04-19 00:00:00+00:00
[2026-04-19T00:10:06.319+0000] {processor.py:183} INFO - Processing /home/airflow/.local/lib/python3.8/site-packages/airflow/example_dags/example_branch_labels.py took 0.121 seconds
[2026-04-19T00:10:36.570+0000] {processor.py:161} INFO - Started process (PID=11212) to work on /home/airflow/.local/lib/python3.8/site-packages/airflow/example_dags/example_branch_labels.py
[2026-04-19T00:10:36.579+0000] {processor.py:830} INFO - Processing file /home/airflow/.local/lib/python3.8/site-packages/airflow/example_dags/example_branch_labels.py for tasks to queue
[2026-04-19T00:10:36.582+0000] {logging_mixin.py:188} INFO - [2026-04-19T00:10:36.581+0000] {dagbag.py:538} INFO - Filling up the DagBag from /home/airflow/.local/lib/python3.8/site-packages/airflow/example_dags/example_branch_labels.py
[2026-04-19T00:10:36.595+0000] {processor.py:840} INFO - DAG(s) 'example_branch_labels' retrieved from /home/airflow/.local/lib/python3.8/site-packages/airflow/example_dags/example_branch_labels.py
[2026-04-19T00:10:36.628+0000] {logging_mixin.py:188} INFO - [2026-04-19T00:10:36.627+0000] {dag.py:3036} INFO - Sync 1 DAGs
[2026-04-19T00:10:36.661+0000] {logging_mixin.py:188} INFO - [2026-04-19T00:10:36.660+0000] {dag.py:3823} INFO - Setting next_dagrun for example_branch_labels to 2026-04-18 00:00:00+00:00, run_after=2026-04-19 00:00:00+00:00
[2026-04-19T00:10:36.687+0000] {processor.py:183} INFO - Processing /home/airflow/.local/lib/python3.8/site-packages/airflow/example_dags/example_branch_labels.py took 0.123 seconds
[2026-04-19T00:11:07.157+0000] {processor.py:161} INFO - Started process (PID=11267) to work on /home/airflow/.local/lib/python3.8/site-packages/airflow/example_dags/example_branch_labels.py
[2026-04-19T00:11:07.167+0000] {processor.py:830} INFO - Processing file /home/airflow/.local/lib/python3.8/site-packages/airflow/example_dags/example_branch_labels.py for tasks to queue
[2026-04-19T00:11:07.170+0000] {logging_mixin.py:188} INFO - [2026-04-19T00:11:07.169+0000] {dagbag.py:538} INFO - Filling up the DagBag from /home/airflow/.local/lib/python3.8/site-packages/airflow/example_dags/example_branch_labels.py
[2026-04-19T00:11:07.181+0000] {processor.py:840} INFO - DAG(s) 'example_branch_labels' retrieved from /home/airflow/.local/lib/python3.8/site-packages/airflow/example_dags/example_branch_labels.py
[2026-04-19T00:11:07.217+0000] {logging_mixin.py:188} INFO - [2026-04-19T00:11:07.217+0000] {dag.py:3036} INFO - Sync 1 DAGs
[2026-04-19T00:11:07.250+0000] {logging_mixin.py:188} INFO - [2026-04-19T00:11:07.250+0000] {dag.py:3823} INFO - Setting next_dagrun for example_branch_labels to 2026-04-18 00:00:00+00:00, run_after=2026-04-19 00:00:00+00:00
[2026-04-19T00:11:07.273+0000] {processor.py:183} INFO - Processing /home/airflow/.local/lib/python3.8/site-packages/airflow/example_dags/example_branch_labels.py took 0.121 seconds
[2026-04-19T00:11:37.622+0000] {processor.py:161} INFO - Started process (PID=11322) to work on /home/airflow/.local/lib/python3.8/site-packages/airflow/example_dags/example_branch_labels.py
[2026-04-19T00:11:37.631+0000] {processor.py:830} INFO - Processing file /home/airflow/.local/lib/python3.8/site-packages/airflow/example_dags/example_branch_labels.py for tasks to queue
[2026-04-19T00:11:37.634+0000] {logging_mixin.py:188} INFO - [2026-04-19T00:11:37.633+0000] {dagbag.py:538} INFO - Filling up the DagBag from /home/airflow/.local/lib/python3.8/site-packages/airflow/example_dags/example_branch_labels.py
[2026-04-19T00:11:37.646+0000] {processor.py:840} INFO - DAG(s) 'example_branch_labels' retrieved from /home/airflow/.local/lib/python3.8/site-packages/airflow/example_dags/example_branch_labels.py
[2026-04-19T00:11:37.681+0000] {logging_mixin.py:188} INFO - [2026-04-19T00:11:37.681+0000] {dag.py:3036} INFO - Sync 1 DAGs
[2026-04-19T00:11:37.717+0000] {logging_mixin.py:188} INFO - [2026-04-19T00:11:37.717+0000] {dag.py:3823} INFO - Setting next_dagrun for example_branch_labels to 2026-04-18 00:00:00+00:00, run_after=2026-04-19 00:00:00+00:00
[2026-04-19T00:11:37.742+0000] {processor.py:183} INFO - Processing /home/airflow/.local/lib/python3.8/site-packages/airflow/example_dags/example_branch_labels.py took 0.125 seconds
[2026-04-19T00:12:07.979+0000] {processor.py:161} INFO - Started process (PID=11377) to work on /home/airflow/.local/lib/python3.8/site-packages/airflow/example_dags/example_branch_labels.py
[2026-04-19T00:12:07.988+0000] {processor.py:830} INFO - Processing file /home/airflow/.local/lib/python3.8/site-packages/airflow/example_dags/example_branch_labels.py for tasks to queue
[2026-04-19T00:12:07.991+0000] {logging_mixin.py:188} INFO - [2026-04-19T00:12:07.990+0000] {dagbag.py:538} INFO - Filling up the DagBag from /home/airflow/.local/lib/python3.8/site-packages/airflow/example_dags/example_branch_labels.py
[2026-04-19T00:12:08.004+0000] {processor.py:840} INFO - DAG(s) 'example_branch_labels' retrieved from /home/airflow/.local/lib/python3.8/site-packages/airflow/example_dags/example_branch_labels.py
[2026-04-19T00:12:08.037+0000] {logging_mixin.py:188} INFO - [2026-04-19T00:12:08.036+0000] {dag.py:3036} INFO - Sync 1 DAGs
[2026-04-19T00:12:08.068+0000] {logging_mixin.py:188} INFO - [2026-04-19T00:12:08.068+0000] {dag.py:3823} INFO - Setting next_dagrun for example_branch_labels to 2026-04-18 00:00:00+00:00, run_after=2026-04-19 00:00:00+00:00
[2026-04-19T00:12:08.092+0000] {processor.py:183} INFO - Processing /home/airflow/.local/lib/python3.8/site-packages/airflow/example_dags/example_branch_labels.py took 0.118 seconds
[2026-04-19T00:12:38.335+0000] {processor.py:161} INFO - Started process (PID=11432) to work on /home/airflow/.local/lib/python3.8/site-packages/airflow/example_dags/example_branch_labels.py
[2026-04-19T00:12:38.344+0000] {processor.py:830} INFO - Processing file /home/airflow/.local/lib/python3.8/site-packages/airflow/example_dags/example_branch_labels.py for tasks to queue
[2026-04-19T00:12:38.347+0000] {logging_mixin.py:188} INFO - [2026-04-19T00:12:38.346+0000] {dagbag.py:538} INFO - Filling up the DagBag from /home/airflow/.local/lib/python3.8/site-packages/airflow/example_dags/example_branch_labels.py
[2026-04-19T00:12:38.359+0000] {processor.py:840} INFO - DAG(s) 'example_branch_labels' retrieved from /home/airflow/.local/lib/python3.8/site-packages/airflow/example_dags/example_branch_labels.py
[2026-04-19T00:12:38.396+0000] {logging_mixin.py:188} INFO - [2026-04-19T00:12:38.395+0000] {dag.py:3036} INFO - Sync 1 DAGs
[2026-04-19T00:12:38.429+0000] {logging_mixin.py:188} INFO - [2026-04-19T00:12:38.429+0000] {dag.py:3823} INFO - Setting next_dagrun for example_branch_labels to 2026-04-18 00:00:00+00:00, run_after=2026-04-19 00:00:00+00:00
[2026-04-19T00:12:38.451+0000] {processor.py:183} INFO - Processing /home/airflow/.local/lib/python3.8/site-packages/airflow/example_dags/example_branch_labels.py took 0.122 seconds
[2026-04-19T00:13:08.911+0000] {processor.py:161} INFO - Started process (PID=11487) to work on /home/airflow/.local/lib/python3.8/site-packages/airflow/example_dags/example_branch_labels.py
[2026-04-19T00:13:08.912+0000] {processor.py:830} INFO - Processing file /home/airflow/.local/lib/python3.8/site-packages/airflow/example_dags/example_branch_labels.py for tasks to queue
[2026-04-19T00:13:08.915+0000] {logging_mixin.py:188} INFO - [2026-04-19T00:13:08.914+0000] {dagbag.py:538} INFO - Filling up the DagBag from /home/airflow/.local/lib/python3.8/site-packages/airflow/example_dags/example_branch_labels.py
[2026-04-19T00:13:08.926+0000] {processor.py:840} INFO - DAG(s) 'example_branch_labels' retrieved from /home/airflow/.local/lib/python3.8/site-packages/airflow/example_dags/example_branch_labels.py
[2026-04-19T00:13:08.958+0000] {logging_mixin.py:188} INFO - [2026-04-19T00:13:08.958+0000] {dag.py:3036} INFO - Sync 1 DAGs
[2026-04-19T00:13:08.990+0000] {logging_mixin.py:188} INFO - [2026-04-19T00:13:08.989+0000] {dag.py:3823} INFO - Setting next_dagrun for example_branch_labels to 2026-04-18 00:00:00+00:00, run_after=2026-04-19 00:00:00+00:00
[2026-04-19T00:13:09.014+0000] {processor.py:183} INFO - Processing /home/airflow/.local/lib/python3.8/site-packages/airflow/example_dags/example_branch_labels.py took 0.108 seconds
[2026-04-19T00:13:39.158+0000] {processor.py:161} INFO - Started process (PID=11540) to work on /home/airflow/.local/lib/python3.8/site-packages/airflow/example_dags/example_branch_labels.py
[2026-04-19T00:13:39.168+0000] {processor.py:830} INFO - Processing file /home/airflow/.local/lib/python3.8/site-packages/airflow/example_dags/example_branch_labels.py for tasks to queue
[2026-04-19T00:13:39.170+0000] {logging_mixin.py:188} INFO - [2026-04-19T00:13:39.170+0000] {dagbag.py:538} INFO - Filling up the DagBag from /home/airflow/.local/lib/python3.8/site-packages/airflow/example_dags/example_branch_labels.py
[2026-04-19T00:13:39.182+0000] {processor.py:840} INFO - DAG(s) 'example_branch_labels' retrieved from /home/airflow/.local/lib/python3.8/site-packages/airflow/example_dags/example_branch_labels.py
[2026-04-19T00:13:39.219+0000] {logging_mixin.py:188} INFO - [2026-04-19T00:13:39.219+0000] {dag.py:3036} INFO - Sync 1 DAGs
[2026-04-19T00:13:39.262+0000] {logging_mixin.py:188} INFO - [2026-04-19T00:13:39.261+0000] {dag.py:3823} INFO - Setting next_dagrun for example_branch_labels to 2026-04-18 00:00:00+00:00, run_after=2026-04-19 00:00:00+00:00
[2026-04-19T00:13:39.293+0000] {processor.py:183} INFO - Processing /home/airflow/.local/lib/python3.8/site-packages/airflow/example_dags/example_branch_labels.py took 0.140 seconds
[2026-04-19T00:14:09.729+0000] {processor.py:161} INFO - Started process (PID=11595) to work on /home/airflow/.local/lib/python3.8/site-packages/airflow/example_dags/example_branch_labels.py
[2026-04-19T00:14:09.738+0000] {processor.py:830} INFO - Processing file /home/airflow/.local/lib/python3.8/site-packages/airflow/example_dags/example_branch_labels.py for tasks to queue
[2026-04-19T00:14:09.741+0000] {logging_mixin.py:188} INFO - [2026-04-19T00:14:09.740+0000] {dagbag.py:538} INFO - Filling up the DagBag from /home/airflow/.local/lib/python3.8/site-packages/airflow/example_dags/example_branch_labels.py
[2026-04-19T00:14:09.753+0000] {processor.py:840} INFO - DAG(s) 'example_branch_labels' retrieved from /home/airflow/.local/lib/python3.8/site-packages/airflow/example_dags/example_branch_labels.py
[2026-04-19T00:14:09.791+0000] {logging_mixin.py:188} INFO - [2026-04-19T00:14:09.791+0000] {dag.py:3036} INFO - Sync 1 DAGs
[2026-04-19T00:14:09.828+0000] {logging_mixin.py:188} INFO - [2026-04-19T00:14:09.828+0000] {dag.py:3823} INFO - Setting next_dagrun for example_branch_labels to 2026-04-18 00:00:00+00:00, run_after=2026-04-19 00:00:00+00:00
[2026-04-19T00:14:09.855+0000] {processor.py:183} INFO - Processing /home/airflow/.local/lib/python3.8/site-packages/airflow/example_dags/example_branch_labels.py took 0.132 seconds
[2026-04-19T00:14:40.220+0000] {processor.py:161} INFO - Started process (PID=11650) to work on /home/airflow/.local/lib/python3.8/site-packages/airflow/example_dags/example_branch_labels.py
[2026-04-19T00:14:40.222+0000] {processor.py:830} INFO - Processing file /home/airflow/.local/lib/python3.8/site-packages/airflow/example_dags/example_branch_labels.py for tasks to queue
[2026-04-19T00:14:40.225+0000] {logging_mixin.py:188} INFO - [2026-04-19T00:14:40.224+0000] {dagbag.py:538} INFO - Filling up the DagBag from /home/airflow/.local/lib/python3.8/site-packages/airflow/example_dags/example_branch_labels.py
[2026-04-19T00:14:40.237+0000] {processor.py:840} INFO - DAG(s) 'example_branch_labels' retrieved from /home/airflow/.local/lib/python3.8/site-packages/airflow/example_dags/example_branch_labels.py
[2026-04-19T00:14:40.273+0000] {logging_mixin.py:188} INFO - [2026-04-19T00:14:40.273+0000] {dag.py:3036} INFO - Sync 1 DAGs
[2026-04-19T00:14:40.306+0000] {logging_mixin.py:188} INFO - [2026-04-19T00:14:40.306+0000] {dag.py:3823} INFO - Setting next_dagrun for example_branch_labels to 2026-04-18 00:00:00+00:00, run_after=2026-04-19 00:00:00+00:00
[2026-04-19T00:14:40.329+0000] {processor.py:183} INFO - Processing /home/airflow/.local/lib/python3.8/site-packages/airflow/example_dags/example_branch_labels.py took 0.114 seconds
[2026-04-19T00:15:10.749+0000] {processor.py:161} INFO - Started process (PID=11705) to work on /home/airflow/.local/lib/python3.8/site-packages/airflow/example_dags/example_branch_labels.py
[2026-04-19T00:15:10.759+0000] {processor.py:830} INFO - Processing file /home/airflow/.local/lib/python3.8/site-packages/airflow/example_dags/example_branch_labels.py for tasks to queue
[2026-04-19T00:15:10.761+0000] {logging_mixin.py:188} INFO - [2026-04-19T00:15:10.761+0000] {dagbag.py:538} INFO - Filling up the DagBag from /home/airflow/.local/lib/python3.8/site-packages/airflow/example_dags/example_branch_labels.py
[2026-04-19T00:15:10.773+0000] {processor.py:840} INFO - DAG(s) 'example_branch_labels' retrieved from /home/airflow/.local/lib/python3.8/site-packages/airflow/example_dags/example_branch_labels.py
[2026-04-19T00:15:10.809+0000] {logging_mixin.py:188} INFO - [2026-04-19T00:15:10.809+0000] {dag.py:3036} INFO - Sync 1 DAGs
[2026-04-19T00:15:10.850+0000] {logging_mixin.py:188} INFO - [2026-04-19T00:15:10.850+0000] {dag.py:3823} INFO - Setting next_dagrun for example_branch_labels to 2026-04-18 00:00:00+00:00, run_after=2026-04-19 00:00:00+00:00
[2026-04-19T00:15:10.875+0000] {processor.py:183} INFO - Processing /home/airflow/.local/lib/python3.8/site-packages/airflow/example_dags/example_branch_labels.py took 0.132 seconds
[2026-04-19T00:15:41.319+0000] {processor.py:161} INFO - Started process (PID=11761) to work on /home/airflow/.local/lib/python3.8/site-packages/airflow/example_dags/example_branch_labels.py
[2026-04-19T00:15:41.321+0000] {processor.py:830} INFO - Processing file /home/airflow/.local/lib/python3.8/site-packages/airflow/example_dags/example_branch_labels.py for tasks to queue
[2026-04-19T00:15:41.323+0000] {logging_mixin.py:188} INFO - [2026-04-19T00:15:41.323+0000] {dagbag.py:538} INFO - Filling up the DagBag from /home/airflow/.local/lib/python3.8/site-packages/airflow/example_dags/example_branch_labels.py
[2026-04-19T00:15:41.336+0000] {processor.py:840} INFO - DAG(s) 'example_branch_labels' retrieved from /home/airflow/.local/lib/python3.8/site-packages/airflow/example_dags/example_branch_labels.py
[2026-04-19T00:15:41.370+0000] {logging_mixin.py:188} INFO - [2026-04-19T00:15:41.370+0000] {dag.py:3036} INFO - Sync 1 DAGs
[2026-04-19T00:15:41.406+0000] {logging_mixin.py:188} INFO - [2026-04-19T00:15:41.406+0000] {dag.py:3823} INFO - Setting next_dagrun for example_branch_labels to 2026-04-18 00:00:00+00:00, run_after=2026-04-19 00:00:00+00:00
[2026-04-19T00:15:41.430+0000] {processor.py:183} INFO - Processing /home/airflow/.local/lib/python3.8/site-packages/airflow/example_dags/example_branch_labels.py took 0.116 seconds
[2026-04-19T00:16:11.941+0000] {processor.py:161} INFO - Started process (PID=11816) to work on /home/airflow/.local/lib/python3.8/site-packages/airflow/example_dags/example_branch_labels.py
[2026-04-19T00:16:11.951+0000] {processor.py:830} INFO - Processing file /home/airflow/.local/lib/python3.8/site-packages/airflow/example_dags/example_branch_labels.py for tasks to queue
[2026-04-19T00:16:11.953+0000] {logging_mixin.py:188} INFO - [2026-04-19T00:16:11.953+0000] {dagbag.py:538} INFO - Filling up the DagBag from /home/airflow/.local/lib/python3.8/site-packages/airflow/example_dags/example_branch_labels.py
[2026-04-19T00:16:11.965+0000] {processor.py:840} INFO - DAG(s) 'example_branch_labels' retrieved from /home/airflow/.local/lib/python3.8/site-packages/airflow/example_dags/example_branch_labels.py
[2026-04-19T00:16:12.000+0000] {logging_mixin.py:188} INFO - [2026-04-19T00:16:12.000+0000] {dag.py:3036} INFO - Sync 1 DAGs
[2026-04-19T00:16:12.033+0000] {logging_mixin.py:188} INFO - [2026-04-19T00:16:12.032+0000] {dag.py:3823} INFO - Setting next_dagrun for example_branch_labels to 2026-04-18 00:00:00+00:00, run_after=2026-04-19 00:00:00+00:00
[2026-04-19T00:16:12.062+0000] {processor.py:183} INFO - Processing /home/airflow/.local/lib/python3.8/site-packages/airflow/example_dags/example_branch_labels.py took 0.126 seconds
[2026-04-19T00:16:42.318+0000] {processor.py:161} INFO - Started process (PID=11871) to work on /home/airflow/.local/lib/python3.8/site-packages/airflow/example_dags/example_branch_labels.py
[2026-04-19T00:16:42.320+0000] {processor.py:830} INFO - Processing file /home/airflow/.local/lib/python3.8/site-packages/airflow/example_dags/example_branch_labels.py for tasks to queue
[2026-04-19T00:16:42.322+0000] {logging_mixin.py:188} INFO - [2026-04-19T00:16:42.322+0000] {dagbag.py:538} INFO - Filling up the DagBag from /home/airflow/.local/lib/python3.8/site-packages/airflow/example_dags/example_branch_labels.py
[2026-04-19T00:16:42.333+0000] {processor.py:840} INFO - DAG(s) 'example_branch_labels' retrieved from /home/airflow/.local/lib/python3.8/site-packages/airflow/example_dags/example_branch_labels.py
[2026-04-19T00:16:42.367+0000] {logging_mixin.py:188} INFO - [2026-04-19T00:16:42.367+0000] {dag.py:3036} INFO - Sync 1 DAGs
[2026-04-19T00:16:42.401+0000] {logging_mixin.py:188} INFO - [2026-04-19T00:16:42.401+0000] {dag.py:3823} INFO - Setting next_dagrun for example_branch_labels to 2026-04-18 00:00:00+00:00, run_after=2026-04-19 00:00:00+00:00
[2026-04-19T00:16:42.423+0000] {processor.py:183} INFO - Processing /home/airflow/.local/lib/python3.8/site-packages/airflow/example_dags/example_branch_labels.py took 0.109 seconds
[2026-04-19T00:17:12.665+0000] {processor.py:161} INFO - Started process (PID=11926) to work on /home/airflow/.local/lib/python3.8/site-packages/airflow/example_dags/example_branch_labels.py
[2026-04-19T00:17:12.674+0000] {processor.py:830} INFO - Processing file /home/airflow/.local/lib/python3.8/site-packages/airflow/example_dags/example_branch_labels.py for tasks to queue
[2026-04-19T00:17:12.677+0000] {logging_mixin.py:188} INFO - [2026-04-19T00:17:12.677+0000] {dagbag.py:538} INFO - Filling up the DagBag from /home/airflow/.local/lib/python3.8/site-packages/airflow/example_dags/example_branch_labels.py
[2026-04-19T00:17:12.689+0000] {processor.py:840} INFO - DAG(s) 'example_branch_labels' retrieved from /home/airflow/.local/lib/python3.8/site-packages/airflow/example_dags/example_branch_labels.py
[2026-04-19T00:17:12.725+0000] {logging_mixin.py:188} INFO - [2026-04-19T00:17:12.725+0000] {dag.py:3036} INFO - Sync 1 DAGs
[2026-04-19T00:17:12.757+0000] {logging_mixin.py:188} INFO - [2026-04-19T00:17:12.756+0000] {dag.py:3823} INFO - Setting next_dagrun for example_branch_labels to 2026-04-18 00:00:00+00:00, run_after=2026-04-19 00:00:00+00:00
[2026-04-19T00:17:12.779+0000] {processor.py:183} INFO - Processing /home/airflow/.local/lib/python3.8/site-packages/airflow/example_dags/example_branch_labels.py took 0.120 seconds
[2026-04-19T00:17:43.223+0000] {processor.py:161} INFO - Started process (PID=11981) to work on /home/airflow/.local/lib/python3.8/site-packages/airflow/example_dags/example_branch_labels.py
[2026-04-19T00:17:43.232+0000] {processor.py:830} INFO - Processing file /home/airflow/.local/lib/python3.8/site-packages/airflow/example_dags/example_branch_labels.py for tasks to queue
[2026-04-19T00:17:43.235+0000] {logging_mixin.py:188} INFO - [2026-04-19T00:17:43.234+0000] {dagbag.py:538} INFO - Filling up the DagBag from /home/airflow/.local/lib/python3.8/site-packages/airflow/example_dags/example_branch_labels.py
[2026-04-19T00:17:43.246+0000] {processor.py:840} INFO - DAG(s) 'example_branch_labels' retrieved from /home/airflow/.local/lib/python3.8/site-packages/airflow/example_dags/example_branch_labels.py
[2026-04-19T00:17:43.278+0000] {logging_mixin.py:188} INFO - [2026-04-19T00:17:43.278+0000] {dag.py:3036} INFO - Sync 1 DAGs
[2026-04-19T00:17:43.315+0000] {logging_mixin.py:188} INFO - [2026-04-19T00:17:43.315+0000] {dag.py:3823} INFO - Setting next_dagrun for example_branch_labels to 2026-04-18 00:00:00+00:00, run_after=2026-04-19 00:00:00+00:00
[2026-04-19T00:17:43.344+0000] {processor.py:183} INFO - Processing /home/airflow/.local/lib/python3.8/site-packages/airflow/example_dags/example_branch_labels.py took 0.127 seconds
[2026-04-19T00:18:13.756+0000] {processor.py:161} INFO - Started process (PID=12036) to work on /home/airflow/.local/lib/python3.8/site-packages/airflow/example_dags/example_branch_labels.py
[2026-04-19T00:18:13.765+0000] {processor.py:830} INFO - Processing file /home/airflow/.local/lib/python3.8/site-packages/airflow/example_dags/example_branch_labels.py for tasks to queue
[2026-04-19T00:18:13.768+0000] {logging_mixin.py:188} INFO - [2026-04-19T00:18:13.768+0000] {dagbag.py:538} INFO - Filling up the DagBag from /home/airflow/.local/lib/python3.8/site-packages/airflow/example_dags/example_branch_labels.py
[2026-04-19T00:18:13.780+0000] {processor.py:840} INFO - DAG(s) 'example_branch_labels' retrieved from /home/airflow/.local/lib/python3.8/site-packages/airflow/example_dags/example_branch_labels.py
[2026-04-19T00:18:13.814+0000] {logging_mixin.py:188} INFO - [2026-04-19T00:18:13.814+0000] {dag.py:3036} INFO - Sync 1 DAGs
[2026-04-19T00:18:13.848+0000] {logging_mixin.py:188} INFO - [2026-04-19T00:18:13.848+0000] {dag.py:3823} INFO - Setting next_dagrun for example_branch_labels to 2026-04-18 00:00:00+00:00, run_after=2026-04-19 00:00:00+00:00
[2026-04-19T00:18:13.872+0000] {processor.py:183} INFO - Processing /home/airflow/.local/lib/python3.8/site-packages/airflow/example_dags/example_branch_labels.py took 0.121 seconds
[2026-04-19T00:18:44.300+0000] {processor.py:161} INFO - Started process (PID=12091) to work on /home/airflow/.local/lib/python3.8/site-packages/airflow/example_dags/example_branch_labels.py
[2026-04-19T00:18:44.309+0000] {processor.py:830} INFO - Processing file /home/airflow/.local/lib/python3.8/site-packages/airflow/example_dags/example_branch_labels.py for tasks to queue
[2026-04-19T00:18:44.311+0000] {logging_mixin.py:188} INFO - [2026-04-19T00:18:44.311+0000] {dagbag.py:538} INFO - Filling up the DagBag from /home/airflow/.local/lib/python3.8/site-packages/airflow/example_dags/example_branch_labels.py
[2026-04-19T00:18:44.324+0000] {processor.py:840} INFO - DAG(s) 'example_branch_labels' retrieved from /home/airflow/.local/lib/python3.8/site-packages/airflow/example_dags/example_branch_labels.py
[2026-04-19T00:18:44.357+0000] {logging_mixin.py:188} INFO - [2026-04-19T00:18:44.357+0000] {dag.py:3036} INFO - Sync 1 DAGs
[2026-04-19T00:18:44.393+0000] {logging_mixin.py:188} INFO - [2026-04-19T00:18:44.393+0000] {dag.py:3823} INFO - Setting next_dagrun for example_branch_labels to 2026-04-18 00:00:00+00:00, run_after=2026-04-19 00:00:00+00:00
[2026-04-19T00:18:44.419+0000] {processor.py:183} INFO - Processing /home/airflow/.local/lib/python3.8/site-packages/airflow/example_dags/example_branch_labels.py took 0.124 seconds
[2026-04-19T00:19:14.681+0000] {processor.py:161} INFO - Started process (PID=12145) to work on /home/airflow/.local/lib/python3.8/site-packages/airflow/example_dags/example_branch_labels.py
[2026-04-19T00:19:14.690+0000] {processor.py:830} INFO - Processing file /home/airflow/.local/lib/python3.8/site-packages/airflow/example_dags/example_branch_labels.py for tasks to queue
[2026-04-19T00:19:14.693+0000] {logging_mixin.py:188} INFO - [2026-04-19T00:19:14.692+0000] {dagbag.py:538} INFO - Filling up the DagBag from /home/airflow/.local/lib/python3.8/site-packages/airflow/example_dags/example_branch_labels.py
[2026-04-19T00:19:14.705+0000] {processor.py:840} INFO - DAG(s) 'example_branch_labels' retrieved from /home/airflow/.local/lib/python3.8/site-packages/airflow/example_dags/example_branch_labels.py
[2026-04-19T00:19:14.737+0000] {logging_mixin.py:188} INFO - [2026-04-19T00:19:14.737+0000] {dag.py:3036} INFO - Sync 1 DAGs
[2026-04-19T00:19:14.769+0000] {logging_mixin.py:188} INFO - [2026-04-19T00:19:14.768+0000] {dag.py:3823} INFO - Setting next_dagrun for example_branch_labels to 2026-04-18 00:00:00+00:00, run_after=2026-04-19 00:00:00+00:00
[2026-04-19T00:19:14.792+0000] {processor.py:183} INFO - Processing /home/airflow/.local/lib/python3.8/site-packages/airflow/example_dags/example_branch_labels.py took 0.116 seconds
[2026-04-19T00:19:45.095+0000] {processor.py:161} INFO - Started process (PID=12200) to work on /home/airflow/.local/lib/python3.8/site-packages/airflow/example_dags/example_branch_labels.py
[2026-04-19T00:19:45.096+0000] {processor.py:830} INFO - Processing file /home/airflow/.local/lib/python3.8/site-packages/airflow/example_dags/example_branch_labels.py for tasks to queue
[2026-04-19T00:19:45.099+0000] {logging_mixin.py:188} INFO - [2026-04-19T00:19:45.099+0000] {dagbag.py:538} INFO - Filling up the DagBag from /home/airflow/.local/lib/python3.8/site-packages/airflow/example_dags/example_branch_labels.py
[2026-04-19T00:19:45.112+0000] {processor.py:840} INFO - DAG(s) 'example_branch_labels' retrieved from /home/airflow/.local/lib/python3.8/site-packages/airflow/example_dags/example_branch_labels.py
[2026-04-19T00:19:45.146+0000] {logging_mixin.py:188} INFO - [2026-04-19T00:19:45.146+0000] {dag.py:3036} INFO - Sync 1 DAGs
[2026-04-19T00:19:45.184+0000] {logging_mixin.py:188} INFO - [2026-04-19T00:19:45.184+0000] {dag.py:3823} INFO - Setting next_dagrun for example_branch_labels to 2026-04-18 00:00:00+00:00, run_after=2026-04-19 00:00:00+00:00
[2026-04-19T00:19:45.213+0000] {processor.py:183} INFO - Processing /home/airflow/.local/lib/python3.8/site-packages/airflow/example_dags/example_branch_labels.py took 0.123 seconds
[2026-04-19T00:20:15.545+0000] {processor.py:161} INFO - Started process (PID=12255) to work on /home/airflow/.local/lib/python3.8/site-packages/airflow/example_dags/example_branch_labels.py
[2026-04-19T00:20:15.554+0000] {processor.py:830} INFO - Processing file /home/airflow/.local/lib/python3.8/site-packages/airflow/example_dags/example_branch_labels.py for tasks to queue
[2026-04-19T00:20:15.557+0000] {logging_mixin.py:188} INFO - [2026-04-19T00:20:15.556+0000] {dagbag.py:538} INFO - Filling up the DagBag from /home/airflow/.local/lib/python3.8/site-packages/airflow/example_dags/example_branch_labels.py
[2026-04-19T00:20:15.567+0000] {processor.py:840} INFO - DAG(s) 'example_branch_labels' retrieved from /home/airflow/.local/lib/python3.8/site-packages/airflow/example_dags/example_branch_labels.py
[2026-04-19T00:20:15.599+0000] {logging_mixin.py:188} INFO - [2026-04-19T00:20:15.598+0000] {dag.py:3036} INFO - Sync 1 DAGs
[2026-04-19T00:20:15.632+0000] {logging_mixin.py:188} INFO - [2026-04-19T00:20:15.631+0000] {dag.py:3823} INFO - Setting next_dagrun for example_branch_labels to 2026-04-18 00:00:00+00:00, run_after=2026-04-19 00:00:00+00:00
[2026-04-19T00:20:15.655+0000] {processor.py:183} INFO - Processing /home/airflow/.local/lib/python3.8/site-packages/airflow/example_dags/example_branch_labels.py took 0.114 seconds
[2026-04-19T00:20:45.904+0000] {processor.py:161} INFO - Started process (PID=12310) to work on /home/airflow/.local/lib/python3.8/site-packages/airflow/example_dags/example_branch_labels.py
[2026-04-19T00:20:45.913+0000] {processor.py:830} INFO - Processing file /home/airflow/.local/lib/python3.8/site-packages/airflow/example_dags/example_branch_labels.py for tasks to queue
[2026-04-19T00:20:45.916+0000] {logging_mixin.py:188} INFO - [2026-04-19T00:20:45.916+0000] {dagbag.py:538} INFO - Filling up the DagBag from /home/airflow/.local/lib/python3.8/site-packages/airflow/example_dags/example_branch_labels.py
[2026-04-19T00:20:45.928+0000] {processor.py:840} INFO - DAG(s) 'example_branch_labels' retrieved from /home/airflow/.local/lib/python3.8/site-packages/airflow/example_dags/example_branch_labels.py
[2026-04-19T00:20:45.960+0000] {logging_mixin.py:188} INFO - [2026-04-19T00:20:45.959+0000] {dag.py:3036} INFO - Sync 1 DAGs
[2026-04-19T00:20:45.993+0000] {logging_mixin.py:188} INFO - [2026-04-19T00:20:45.993+0000] {dag.py:3823} INFO - Setting next_dagrun for example_branch_labels to 2026-04-18 00:00:00+00:00, run_after=2026-04-19 00:00:00+00:00
[2026-04-19T00:20:46.022+0000] {processor.py:183} INFO - Processing /home/airflow/.local/lib/python3.8/site-packages/airflow/example_dags/example_branch_labels.py took 0.123 seconds
[2026-04-19T00:21:16.315+0000] {processor.py:161} INFO - Started process (PID=12365) to work on /home/airflow/.local/lib/python3.8/site-packages/airflow/example_dags/example_branch_labels.py
[2026-04-19T00:21:16.316+0000] {processor.py:830} INFO - Processing file /home/airflow/.local/lib/python3.8/site-packages/airflow/example_dags/example_branch_labels.py for tasks to queue
[2026-04-19T00:21:16.318+0000] {logging_mixin.py:188} INFO - [2026-04-19T00:21:16.318+0000] {dagbag.py:538} INFO - Filling up the DagBag from /home/airflow/.local/lib/python3.8/site-packages/airflow/example_dags/example_branch_labels.py
[2026-04-19T00:21:16.330+0000] {processor.py:840} INFO - DAG(s) 'example_branch_labels' retrieved from /home/airflow/.local/lib/python3.8/site-packages/airflow/example_dags/example_branch_labels.py
[2026-04-19T00:21:16.361+0000] {logging_mixin.py:188} INFO - [2026-04-19T00:21:16.361+0000] {dag.py:3036} INFO - Sync 1 DAGs
[2026-04-19T00:21:16.394+0000] {logging_mixin.py:188} INFO - [2026-04-19T00:21:16.393+0000] {dag.py:3823} INFO - Setting next_dagrun for example_branch_labels to 2026-04-18 00:00:00+00:00, run_after=2026-04-19 00:00:00+00:00
[2026-04-19T00:21:16.418+0000] {processor.py:183} INFO - Processing /home/airflow/.local/lib/python3.8/site-packages/airflow/example_dags/example_branch_labels.py took 0.108 seconds
[2026-04-19T00:21:46.883+0000] {processor.py:161} INFO - Started process (PID=12420) to work on /home/airflow/.local/lib/python3.8/site-packages/airflow/example_dags/example_branch_labels.py
[2026-04-19T00:21:46.892+0000] {processor.py:830} INFO - Processing file /home/airflow/.local/lib/python3.8/site-packages/airflow/example_dags/example_branch_labels.py for tasks to queue
[2026-04-19T00:21:46.895+0000] {logging_mixin.py:188} INFO - [2026-04-19T00:21:46.895+0000] {dagbag.py:538} INFO - Filling up the DagBag from /home/airflow/.local/lib/python3.8/site-packages/airflow/example_dags/example_branch_labels.py
[2026-04-19T00:21:46.907+0000] {processor.py:840} INFO - DAG(s) 'example_branch_labels' retrieved from /home/airflow/.local/lib/python3.8/site-packages/airflow/example_dags/example_branch_labels.py
[2026-04-19T00:21:46.940+0000] {logging_mixin.py:188} INFO - [2026-04-19T00:21:46.940+0000] {dag.py:3036} INFO - Sync 1 DAGs
[2026-04-19T00:21:46.973+0000] {logging_mixin.py:188} INFO - [2026-04-19T00:21:46.973+0000] {dag.py:3823} INFO - Setting next_dagrun for example_branch_labels to 2026-04-18 00:00:00+00:00, run_after=2026-04-19 00:00:00+00:00
[2026-04-19T00:21:46.999+0000] {processor.py:183} INFO - Processing /home/airflow/.local/lib/python3.8/site-packages/airflow/example_dags/example_branch_labels.py took 0.120 seconds
[2026-04-19T00:22:17.124+0000] {processor.py:161} INFO - Started process (PID=12475) to work on /home/airflow/.local/lib/python3.8/site-packages/airflow/example_dags/example_branch_labels.py
[2026-04-19T00:22:17.134+0000] {processor.py:830} INFO - Processing file /home/airflow/.local/lib/python3.8/site-packages/airflow/example_dags/example_branch_labels.py for tasks to queue
[2026-04-19T00:22:17.136+0000] {logging_mixin.py:188} INFO - [2026-04-19T00:22:17.136+0000] {dagbag.py:538} INFO - Filling up the DagBag from /home/airflow/.local/lib/python3.8/site-packages/airflow/example_dags/example_branch_labels.py
[2026-04-19T00:22:17.147+0000] {processor.py:840} INFO - DAG(s) 'example_branch_labels' retrieved from /home/airflow/.local/lib/python3.8/site-packages/airflow/example_dags/example_branch_labels.py
[2026-04-19T00:22:17.179+0000] {logging_mixin.py:188} INFO - [2026-04-19T00:22:17.179+0000] {dag.py:3036} INFO - Sync 1 DAGs
[2026-04-19T00:22:17.214+0000] {logging_mixin.py:188} INFO - [2026-04-19T00:22:17.213+0000] {dag.py:3823} INFO - Setting next_dagrun for example_branch_labels to 2026-04-18 00:00:00+00:00, run_after=2026-04-19 00:00:00+00:00
[2026-04-19T00:22:17.235+0000] {processor.py:183} INFO - Processing /home/airflow/.local/lib/python3.8/site-packages/airflow/example_dags/example_branch_labels.py took 0.115 seconds
[2026-04-19T00:22:47.836+0000] {processor.py:161} INFO - Started process (PID=12530) to work on /home/airflow/.local/lib/python3.8/site-packages/airflow/example_dags/example_branch_labels.py
[2026-04-19T00:22:47.846+0000] {processor.py:830} INFO - Processing file /home/airflow/.local/lib/python3.8/site-packages/airflow/example_dags/example_branch_labels.py for tasks to queue
[2026-04-19T00:22:47.848+0000] {logging_mixin.py:188} INFO - [2026-04-19T00:22:47.848+0000] {dagbag.py:538} INFO - Filling up the DagBag from /home/airflow/.local/lib/python3.8/site-packages/airflow/example_dags/example_branch_labels.py
[2026-04-19T00:22:47.859+0000] {processor.py:840} INFO - DAG(s) 'example_branch_labels' retrieved from /home/airflow/.local/lib/python3.8/site-packages/airflow/example_dags/example_branch_labels.py
[2026-04-19T00:22:47.892+0000] {logging_mixin.py:188} INFO - [2026-04-19T00:22:47.892+0000] {dag.py:3036} INFO - Sync 1 DAGs
[2026-04-19T00:22:47.925+0000] {logging_mixin.py:188} INFO - [2026-04-19T00:22:47.924+0000] {dag.py:3823} INFO - Setting next_dagrun for example_branch_labels to 2026-04-18 00:00:00+00:00, run_after=2026-04-19 00:00:00+00:00
[2026-04-19T00:22:47.949+0000] {processor.py:183} INFO - Processing /home/airflow/.local/lib/python3.8/site-packages/airflow/example_dags/example_branch_labels.py took 0.117 seconds
[2026-04-19T00:23:18.127+0000] {processor.py:161} INFO - Started process (PID=12585) to work on /home/airflow/.local/lib/python3.8/site-packages/airflow/example_dags/example_branch_labels.py
[2026-04-19T00:23:18.137+0000] {processor.py:830} INFO - Processing file /home/airflow/.local/lib/python3.8/site-packages/airflow/example_dags/example_branch_labels.py for tasks to queue
[2026-04-19T00:23:18.140+0000] {logging_mixin.py:188} INFO - [2026-04-19T00:23:18.139+0000] {dagbag.py:538} INFO - Filling up the DagBag from /home/airflow/.local/lib/python3.8/site-packages/airflow/example_dags/example_branch_labels.py
[2026-04-19T00:23:18.151+0000] {processor.py:840} INFO - DAG(s) 'example_branch_labels' retrieved from /home/airflow/.local/lib/python3.8/site-packages/airflow/example_dags/example_branch_labels.py
[2026-04-19T00:23:18.185+0000] {logging_mixin.py:188} INFO - [2026-04-19T00:23:18.185+0000] {dag.py:3036} INFO - Sync 1 DAGs
[2026-04-19T00:23:18.217+0000] {logging_mixin.py:188} INFO - [2026-04-19T00:23:18.216+0000] {dag.py:3823} INFO - Setting next_dagrun for example_branch_labels to 2026-04-18 00:00:00+00:00, run_after=2026-04-19 00:00:00+00:00
[2026-04-19T00:23:18.243+0000] {processor.py:183} INFO - Processing /home/airflow/.local/lib/python3.8/site-packages/airflow/example_dags/example_branch_labels.py took 0.121 seconds
[2026-04-19T00:23:48.418+0000] {processor.py:161} INFO - Started process (PID=12640) to work on /home/airflow/.local/lib/python3.8/site-packages/airflow/example_dags/example_branch_labels.py
[2026-04-19T00:23:48.427+0000] {processor.py:830} INFO - Processing file /home/airflow/.local/lib/python3.8/site-packages/airflow/example_dags/example_branch_labels.py for tasks to queue
[2026-04-19T00:23:48.430+0000] {logging_mixin.py:188} INFO - [2026-04-19T00:23:48.430+0000] {dagbag.py:538} INFO - Filling up the DagBag from /home/airflow/.local/lib/python3.8/site-packages/airflow/example_dags/example_branch_labels.py
[2026-04-19T00:23:48.440+0000] {processor.py:840} INFO - DAG(s) 'example_branch_labels' retrieved from /home/airflow/.local/lib/python3.8/site-packages/airflow/example_dags/example_branch_labels.py
[2026-04-19T00:23:48.470+0000] {logging_mixin.py:188} INFO - [2026-04-19T00:23:48.470+0000] {dag.py:3036} INFO - Sync 1 DAGs
[2026-04-19T00:23:48.501+0000] {logging_mixin.py:188} INFO - [2026-04-19T00:23:48.500+0000] {dag.py:3823} INFO - Setting next_dagrun for example_branch_labels to 2026-04-18 00:00:00+00:00, run_after=2026-04-19 00:00:00+00:00
[2026-04-19T00:23:48.525+0000] {processor.py:183} INFO - Processing /home/airflow/.local/lib/python3.8/site-packages/airflow/example_dags/example_branch_labels.py took 0.112 seconds
[2026-04-19T00:24:18.632+0000] {processor.py:161} INFO - Started process (PID=12695) to work on /home/airflow/.local/lib/python3.8/site-packages/airflow/example_dags/example_branch_labels.py
[2026-04-19T00:24:18.641+0000] {processor.py:830} INFO - Processing file /home/airflow/.local/lib/python3.8/site-packages/airflow/example_dags/example_branch_labels.py for tasks to queue
[2026-04-19T00:24:18.644+0000] {logging_mixin.py:188} INFO - [2026-04-19T00:24:18.643+0000] {dagbag.py:538} INFO - Filling up the DagBag from /home/airflow/.local/lib/python3.8/site-packages/airflow/example_dags/example_branch_labels.py
[2026-04-19T00:24:18.654+0000] {processor.py:840} INFO - DAG(s) 'example_branch_labels' retrieved from /home/airflow/.local/lib/python3.8/site-packages/airflow/example_dags/example_branch_labels.py
[2026-04-19T00:24:18.683+0000] {logging_mixin.py:188} INFO - [2026-04-19T00:24:18.683+0000] {dag.py:3036} INFO - Sync 1 DAGs
[2026-04-19T00:24:18.721+0000] {logging_mixin.py:188} INFO - [2026-04-19T00:24:18.720+0000] {dag.py:3823} INFO - Setting next_dagrun for example_branch_labels to 2026-04-18 00:00:00+00:00, run_after=2026-04-19 00:00:00+00:00
[2026-04-19T00:24:18.750+0000] {processor.py:183} INFO - Processing /home/airflow/.local/lib/python3.8/site-packages/airflow/example_dags/example_branch_labels.py took 0.122 seconds
