[2026-04-19T00:00:19.843+0000] {processor.py:161} INFO - Started process (PID=10089) to work on /home/airflow/.local/lib/python3.8/site-packages/airflow/example_dags/example_branch_datetime_operator.py
[2026-04-19T00:00:19.844+0000] {processor.py:830} INFO - Processing file /home/airflow/.local/lib/python3.8/site-packages/airflow/example_dags/example_branch_datetime_operator.py for tasks to queue
[2026-04-19T00:00:19.847+0000] {logging_mixin.py:188} INFO - [2026-04-19T00:00:19.846+0000] {dagbag.py:538} INFO - Filling up the DagBag from /home/airflow/.local/lib/python3.8/site-packages/airflow/example_dags/example_branch_datetime_operator.py
[2026-04-19T00:00:19.861+0000] {processor.py:840} INFO - DAG(s) 'example_branch_datetime_operator_2', 'example_branch_datetime_operator', 'example_branch_datetime_operator_3' retrieved from /home/airflow/.local/lib/python3.8/site-packages/airflow/example_dags/example_branch_datetime_operator.py
[2026-04-19T00:00:19.901+0000] {logging_mixin.py:188} INFO - [2026-04-19T00:00:19.901+0000] {dag.py:3036} INFO - Sync 3 DAGs
[2026-04-19T00:00:19.934+0000] {logging_mixin.py:188} INFO - [2026-04-19T00:00:19.933+0000] {dag.py:3823} INFO - Setting next_dagrun for example_branch_datetime_operator to 2026-04-18 00:00:00+00:00, run_after=2026-04-19 00:00:00+00:00
[2026-04-19T00:00:19.940+0000] {logging_mixin.py:188} INFO - [2026-04-19T00:00:19.940+0000] {dag.py:3823} INFO - Setting next_dagrun for example_branch_datetime_operator_2 to 2026-04-18 00:00:00+00:00, run_after=2026-04-19 00:00:00+00:00
[2026-04-19T00:00:19.943+0000] {logging_mixin.py:188} INFO - [2026-04-19T00:00:19.943+0000] {dag.py:3823} INFO - Setting next_dagrun for example_branch_datetime_operator_3 to 2026-04-18 00:00:00+00:00, run_after=2026-04-19 00:00:00+00:00
[2026-04-19T00:00:19.968+0000] {processor.py:183} INFO - Processing /home/airflow/.local/lib/python3.8/site-packages/airflow/example_dags/example_branch_datetime_operator.py took 0.131 seconds
[2026-04-19T00:00:50.437+0000] {processor.py:161} INFO - Started process (PID=10144) to work on /home/airflow/.local/lib/python3.8/site-packages/airflow/example_dags/example_branch_datetime_operator.py
[2026-04-19T00:00:50.438+0000] {processor.py:830} INFO - Processing file /home/airflow/.local/lib/python3.8/site-packages/airflow/example_dags/example_branch_datetime_operator.py for tasks to queue
[2026-04-19T00:00:50.440+0000] {logging_mixin.py:188} INFO - [2026-04-19T00:00:50.440+0000] {dagbag.py:538} INFO - Filling up the DagBag from /home/airflow/.local/lib/python3.8/site-packages/airflow/example_dags/example_branch_datetime_operator.py
[2026-04-19T00:00:50.454+0000] {processor.py:840} INFO - DAG(s) 'example_branch_datetime_operator_2', 'example_branch_datetime_operator', 'example_branch_datetime_operator_3' retrieved from /home/airflow/.local/lib/python3.8/site-packages/airflow/example_dags/example_branch_datetime_operator.py
[2026-04-19T00:00:50.491+0000] {logging_mixin.py:188} INFO - [2026-04-19T00:00:50.491+0000] {dag.py:3036} INFO - Sync 3 DAGs
[2026-04-19T00:00:50.521+0000] {logging_mixin.py:188} INFO - [2026-04-19T00:00:50.521+0000] {dag.py:3823} INFO - Setting next_dagrun for example_branch_datetime_operator to 2026-04-18 00:00:00+00:00, run_after=2026-04-19 00:00:00+00:00
[2026-04-19T00:00:50.527+0000] {logging_mixin.py:188} INFO - [2026-04-19T00:00:50.527+0000] {dag.py:3823} INFO - Setting next_dagrun for example_branch_datetime_operator_2 to 2026-04-18 00:00:00+00:00, run_after=2026-04-19 00:00:00+00:00
[2026-04-19T00:00:50.530+0000] {logging_mixin.py:188} INFO - [2026-04-19T00:00:50.530+0000] {dag.py:3823} INFO - Setting next_dagrun for example_branch_datetime_operator_3 to 2026-04-18 00:00:00+00:00, run_after=2026-04-19 00:00:00+00:00
[2026-04-19T00:00:50.552+0000] {processor.py:183} INFO - Processing /home/airflow/.local/lib/python3.8/site-packages/airflow/example_dags/example_branch_datetime_operator.py took 0.120 seconds
[2026-04-19T00:01:20.726+0000] {processor.py:161} INFO - Started process (PID=10199) to work on /home/airflow/.local/lib/python3.8/site-packages/airflow/example_dags/example_branch_datetime_operator.py
[2026-04-19T00:01:20.727+0000] {processor.py:830} INFO - Processing file /home/airflow/.local/lib/python3.8/site-packages/airflow/example_dags/example_branch_datetime_operator.py for tasks to queue
[2026-04-19T00:01:20.729+0000] {logging_mixin.py:188} INFO - [2026-04-19T00:01:20.729+0000] {dagbag.py:538} INFO - Filling up the DagBag from /home/airflow/.local/lib/python3.8/site-packages/airflow/example_dags/example_branch_datetime_operator.py
[2026-04-19T00:01:20.743+0000] {processor.py:840} INFO - DAG(s) 'example_branch_datetime_operator_3', 'example_branch_datetime_operator', 'example_branch_datetime_operator_2' retrieved from /home/airflow/.local/lib/python3.8/site-packages/airflow/example_dags/example_branch_datetime_operator.py
[2026-04-19T00:01:20.784+0000] {logging_mixin.py:188} INFO - [2026-04-19T00:01:20.783+0000] {dag.py:3036} INFO - Sync 3 DAGs
[2026-04-19T00:01:20.817+0000] {logging_mixin.py:188} INFO - [2026-04-19T00:01:20.817+0000] {dag.py:3823} INFO - Setting next_dagrun for example_branch_datetime_operator to 2026-04-18 00:00:00+00:00, run_after=2026-04-19 00:00:00+00:00
[2026-04-19T00:01:20.823+0000] {logging_mixin.py:188} INFO - [2026-04-19T00:01:20.823+0000] {dag.py:3823} INFO - Setting next_dagrun for example_branch_datetime_operator_2 to 2026-04-18 00:00:00+00:00, run_after=2026-04-19 00:00:00+00:00
[2026-04-19T00:01:20.826+0000] {logging_mixin.py:188} INFO - [2026-04-19T00:01:20.826+0000] {dag.py:3823} INFO - Setting next_dagrun for example_branch_datetime_operator_3 to 2026-04-18 00:00:00+00:00, run_after=2026-04-19 00:00:00+00:00
[2026-04-19T00:01:20.849+0000] {processor.py:183} INFO - Processing /home/airflow/.local/lib/python3.8/site-packages/airflow/example_dags/example_branch_datetime_operator.py took 0.127 seconds
[2026-04-19T00:01:50.986+0000] {processor.py:161} INFO - Started process (PID=10254) to work on /home/airflow/.local/lib/python3.8/site-packages/airflow/example_dags/example_branch_datetime_operator.py
[2026-04-19T00:01:50.987+0000] {processor.py:830} INFO - Processing file /home/airflow/.local/lib/python3.8/site-packages/airflow/example_dags/example_branch_datetime_operator.py for tasks to queue
[2026-04-19T00:01:50.990+0000] {logging_mixin.py:188} INFO - [2026-04-19T00:01:50.989+0000] {dagbag.py:538} INFO - Filling up the DagBag from /home/airflow/.local/lib/python3.8/site-packages/airflow/example_dags/example_branch_datetime_operator.py
[2026-04-19T00:01:51.006+0000] {processor.py:840} INFO - DAG(s) 'example_branch_datetime_operator_2', 'example_branch_datetime_operator_3', 'example_branch_datetime_operator' retrieved from /home/airflow/.local/lib/python3.8/site-packages/airflow/example_dags/example_branch_datetime_operator.py
[2026-04-19T00:01:51.045+0000] {logging_mixin.py:188} INFO - [2026-04-19T00:01:51.044+0000] {dag.py:3036} INFO - Sync 3 DAGs
[2026-04-19T00:01:51.075+0000] {logging_mixin.py:188} INFO - [2026-04-19T00:01:51.075+0000] {dag.py:3823} INFO - Setting next_dagrun for example_branch_datetime_operator to 2026-04-18 00:00:00+00:00, run_after=2026-04-19 00:00:00+00:00
[2026-04-19T00:01:51.081+0000] {logging_mixin.py:188} INFO - [2026-04-19T00:01:51.081+0000] {dag.py:3823} INFO - Setting next_dagrun for example_branch_datetime_operator_2 to 2026-04-18 00:00:00+00:00, run_after=2026-04-19 00:00:00+00:00
[2026-04-19T00:01:51.084+0000] {logging_mixin.py:188} INFO - [2026-04-19T00:01:51.084+0000] {dag.py:3823} INFO - Setting next_dagrun for example_branch_datetime_operator_3 to 2026-04-18 00:00:00+00:00, run_after=2026-04-19 00:00:00+00:00
[2026-04-19T00:01:51.105+0000] {processor.py:183} INFO - Processing /home/airflow/.local/lib/python3.8/site-packages/airflow/example_dags/example_branch_datetime_operator.py took 0.123 seconds
[2026-04-19T00:02:21.176+0000] {processor.py:161} INFO - Started process (PID=10307) to work on /home/airflow/.local/lib/python3.8/site-packages/airflow/example_dags/example_branch_datetime_operator.py
[2026-04-19T00:02:21.177+0000] {processor.py:830} INFO - Processing file /home/airflow/.local/lib/python3.8/site-packages/airflow/example_dags/example_branch_datetime_operator.py for tasks to queue
[2026-04-19T00:02:21.180+0000] {logging_mixin.py:188} INFO - [2026-04-19T00:02:21.179+0000] {dagbag.py:538} INFO - Filling up the DagBag from /home/airflow/.local/lib/python3.8/site-packages/airflow/example_dags/example_branch_datetime_operator.py
[2026-04-19T00:02:21.193+0000] {processor.py:840} INFO - DAG(s) 'example_branch_datetime_operator_3', 'example_branch_datetime_operator_2', 'example_branch_datetime_operator' retrieved from /home/airflow/.local/lib/python3.8/site-packages/airflow/example_dags/example_branch_datetime_operator.py
[2026-04-19T00:02:21.234+0000] {logging_mixin.py:188} INFO - [2026-04-19T00:02:21.234+0000] {dag.py:3036} INFO - Sync 3 DAGs
[2026-04-19T00:02:21.267+0000] {logging_mixin.py:188} INFO - [2026-04-19T00:02:21.267+0000] {dag.py:3823} INFO - Setting next_dagrun for example_branch_datetime_operator to 2026-04-18 00:00:00+00:00, run_after=2026-04-19 00:00:00+00:00
[2026-04-19T00:02:21.273+0000] {logging_mixin.py:188} INFO - [2026-04-19T00:02:21.273+0000] {dag.py:3823} INFO - Setting next_dagrun for example_branch_datetime_operator_2 to 2026-04-18 00:00:00+00:00, run_after=2026-04-19 00:00:00+00:00
[2026-04-19T00:02:21.276+0000] {logging_mixin.py:188} INFO - [2026-04-19T00:02:21.276+0000] {dag.py:3823} INFO - Setting next_dagrun for example_branch_datetime_operator_3 to 2026-04-18 00:00:00+00:00, run_after=2026-04-19 00:00:00+00:00
[2026-04-19T00:02:21.298+0000] {processor.py:183} INFO - Processing /home/airflow/.local/lib/python3.8/site-packages/airflow/example_dags/example_branch_datetime_operator.py took 0.127 seconds
[2026-04-19T00:02:51.451+0000] {processor.py:161} INFO - Started process (PID=10362) to work on /home/airflow/.local/lib/python3.8/site-packages/airflow/example_dags/example_branch_datetime_operator.py
[2026-04-19T00:02:51.452+0000] {processor.py:830} INFO - Processing file /home/airflow/.local/lib/python3.8/site-packages/airflow/example_dags/example_branch_datetime_operator.py for tasks to queue
[2026-04-19T00:02:51.455+0000] {logging_mixin.py:188} INFO - [2026-04-19T00:02:51.454+0000] {dagbag.py:538} INFO - Filling up the DagBag from /home/airflow/.local/lib/python3.8/site-packages/airflow/example_dags/example_branch_datetime_operator.py
[2026-04-19T00:02:51.470+0000] {processor.py:840} INFO - DAG(s) 'example_branch_datetime_operator', 'example_branch_datetime_operator_2', 'example_branch_datetime_operator_3' retrieved from /home/airflow/.local/lib/python3.8/site-packages/airflow/example_dags/example_branch_datetime_operator.py
[2026-04-19T00:02:51.509+0000] {logging_mixin.py:188} INFO - [2026-04-19T00:02:51.509+0000] {dag.py:3036} INFO - Sync 3 DAGs
[2026-04-19T00:02:51.540+0000] {logging_mixin.py:188} INFO - [2026-04-19T00:02:51.540+0000] {dag.py:3823} INFO - Setting next_dagrun for example_branch_datetime_operator to 2026-04-18 00:00:00+00:00, run_after=2026-04-19 00:00:00+00:00
[2026-04-19T00:02:51.546+0000] {logging_mixin.py:188} INFO - [2026-04-19T00:02:51.546+0000] {dag.py:3823} INFO - Setting next_dagrun for example_branch_datetime_operator_2 to 2026-04-18 00:00:00+00:00, run_after=2026-04-19 00:00:00+00:00
[2026-04-19T00:02:51.549+0000] {logging_mixin.py:188} INFO - [2026-04-19T00:02:51.549+0000] {dag.py:3823} INFO - Setting next_dagrun for example_branch_datetime_operator_3 to 2026-04-18 00:00:00+00:00, run_after=2026-04-19 00:00:00+00:00
[2026-04-19T00:02:51.572+0000] {processor.py:183} INFO - Processing /home/airflow/.local/lib/python3.8/site-packages/airflow/example_dags/example_branch_datetime_operator.py took 0.127 seconds
[2026-04-19T00:03:21.680+0000] {processor.py:161} INFO - Started process (PID=10417) to work on /home/airflow/.local/lib/python3.8/site-packages/airflow/example_dags/example_branch_datetime_operator.py
[2026-04-19T00:03:21.681+0000] {processor.py:830} INFO - Processing file /home/airflow/.local/lib/python3.8/site-packages/airflow/example_dags/example_branch_datetime_operator.py for tasks to queue
[2026-04-19T00:03:21.684+0000] {logging_mixin.py:188} INFO - [2026-04-19T00:03:21.684+0000] {dagbag.py:538} INFO - Filling up the DagBag from /home/airflow/.local/lib/python3.8/site-packages/airflow/example_dags/example_branch_datetime_operator.py
[2026-04-19T00:03:21.700+0000] {processor.py:840} INFO - DAG(s) 'example_branch_datetime_operator_2', 'example_branch_datetime_operator_3', 'example_branch_datetime_operator' retrieved from /home/airflow/.local/lib/python3.8/site-packages/airflow/example_dags/example_branch_datetime_operator.py
[2026-04-19T00:03:21.740+0000] {logging_mixin.py:188} INFO - [2026-04-19T00:03:21.740+0000] {dag.py:3036} INFO - Sync 3 DAGs
[2026-04-19T00:03:21.773+0000] {logging_mixin.py:188} INFO - [2026-04-19T00:03:21.773+0000] {dag.py:3823} INFO - Setting next_dagrun for example_branch_datetime_operator to 2026-04-18 00:00:00+00:00, run_after=2026-04-19 00:00:00+00:00
[2026-04-19T00:03:21.780+0000] {logging_mixin.py:188} INFO - [2026-04-19T00:03:21.780+0000] {dag.py:3823} INFO - Setting next_dagrun for example_branch_datetime_operator_2 to 2026-04-18 00:00:00+00:00, run_after=2026-04-19 00:00:00+00:00
[2026-04-19T00:03:21.783+0000] {logging_mixin.py:188} INFO - [2026-04-19T00:03:21.783+0000] {dag.py:3823} INFO - Setting next_dagrun for example_branch_datetime_operator_3 to 2026-04-18 00:00:00+00:00, run_after=2026-04-19 00:00:00+00:00
[2026-04-19T00:03:21.806+0000] {processor.py:183} INFO - Processing /home/airflow/.local/lib/python3.8/site-packages/airflow/example_dags/example_branch_datetime_operator.py took 0.132 seconds
[2026-04-19T00:03:52.054+0000] {processor.py:161} INFO - Started process (PID=10472) to work on /home/airflow/.local/lib/python3.8/site-packages/airflow/example_dags/example_branch_datetime_operator.py
[2026-04-19T00:03:52.056+0000] {processor.py:830} INFO - Processing file /home/airflow/.local/lib/python3.8/site-packages/airflow/example_dags/example_branch_datetime_operator.py for tasks to queue
[2026-04-19T00:03:52.058+0000] {logging_mixin.py:188} INFO - [2026-04-19T00:03:52.057+0000] {dagbag.py:538} INFO - Filling up the DagBag from /home/airflow/.local/lib/python3.8/site-packages/airflow/example_dags/example_branch_datetime_operator.py
[2026-04-19T00:03:52.072+0000] {processor.py:840} INFO - DAG(s) 'example_branch_datetime_operator_3', 'example_branch_datetime_operator', 'example_branch_datetime_operator_2' retrieved from /home/airflow/.local/lib/python3.8/site-packages/airflow/example_dags/example_branch_datetime_operator.py
[2026-04-19T00:03:52.112+0000] {logging_mixin.py:188} INFO - [2026-04-19T00:03:52.112+0000] {dag.py:3036} INFO - Sync 3 DAGs
[2026-04-19T00:03:52.144+0000] {logging_mixin.py:188} INFO - [2026-04-19T00:03:52.144+0000] {dag.py:3823} INFO - Setting next_dagrun for example_branch_datetime_operator to 2026-04-18 00:00:00+00:00, run_after=2026-04-19 00:00:00+00:00
[2026-04-19T00:03:52.150+0000] {logging_mixin.py:188} INFO - [2026-04-19T00:03:52.150+0000] {dag.py:3823} INFO - Setting next_dagrun for example_branch_datetime_operator_2 to 2026-04-18 00:00:00+00:00, run_after=2026-04-19 00:00:00+00:00
[2026-04-19T00:03:52.153+0000] {logging_mixin.py:188} INFO - [2026-04-19T00:03:52.153+0000] {dag.py:3823} INFO - Setting next_dagrun for example_branch_datetime_operator_3 to 2026-04-18 00:00:00+00:00, run_after=2026-04-19 00:00:00+00:00
[2026-04-19T00:03:52.173+0000] {processor.py:183} INFO - Processing /home/airflow/.local/lib/python3.8/site-packages/airflow/example_dags/example_branch_datetime_operator.py took 0.124 seconds
[2026-04-19T00:04:22.591+0000] {processor.py:161} INFO - Started process (PID=10527) to work on /home/airflow/.local/lib/python3.8/site-packages/airflow/example_dags/example_branch_datetime_operator.py
[2026-04-19T00:04:22.592+0000] {processor.py:830} INFO - Processing file /home/airflow/.local/lib/python3.8/site-packages/airflow/example_dags/example_branch_datetime_operator.py for tasks to queue
[2026-04-19T00:04:22.595+0000] {logging_mixin.py:188} INFO - [2026-04-19T00:04:22.594+0000] {dagbag.py:538} INFO - Filling up the DagBag from /home/airflow/.local/lib/python3.8/site-packages/airflow/example_dags/example_branch_datetime_operator.py
[2026-04-19T00:04:22.610+0000] {processor.py:840} INFO - DAG(s) 'example_branch_datetime_operator_2', 'example_branch_datetime_operator_3', 'example_branch_datetime_operator' retrieved from /home/airflow/.local/lib/python3.8/site-packages/airflow/example_dags/example_branch_datetime_operator.py
[2026-04-19T00:04:22.654+0000] {logging_mixin.py:188} INFO - [2026-04-19T00:04:22.654+0000] {dag.py:3036} INFO - Sync 3 DAGs
[2026-04-19T00:04:22.687+0000] {logging_mixin.py:188} INFO - [2026-04-19T00:04:22.686+0000] {dag.py:3823} INFO - Setting next_dagrun for example_branch_datetime_operator to 2026-04-18 00:00:00+00:00, run_after=2026-04-19 00:00:00+00:00
[2026-04-19T00:04:22.692+0000] {logging_mixin.py:188} INFO - [2026-04-19T00:04:22.692+0000] {dag.py:3823} INFO - Setting next_dagrun for example_branch_datetime_operator_2 to 2026-04-18 00:00:00+00:00, run_after=2026-04-19 00:00:00+00:00
[2026-04-19T00:04:22.696+0000] {logging_mixin.py:188} INFO - [2026-04-19T00:04:22.696+0000] {dag.py:3823} INFO - Setting next_dagrun for example_branch_datetime_operator_3 to 2026-04-18 00:00:00+00:00, run_after=2026-04-19 00:00:00+00:00
[2026-04-19T00:04:22.717+0000] {processor.py:183} INFO - Processing /home/airflow/.local/lib/python3.8/site-packages/airflow/example_dags/example_branch_datetime_operator.py took 0.132 seconds
[2026-04-19T00:04:52.942+0000] {processor.py:161} INFO - Started process (PID=10582) to work on /home/airflow/.local/lib/python3.8/site-packages/airflow/example_dags/example_branch_datetime_operator.py
[2026-04-19T00:04:52.943+0000] {processor.py:830} INFO - Processing file /home/airflow/.local/lib/python3.8/site-packages/airflow/example_dags/example_branch_datetime_operator.py for tasks to queue
[2026-04-19T00:04:52.946+0000] {logging_mixin.py:188} INFO - [2026-04-19T00:04:52.945+0000] {dagbag.py:538} INFO - Filling up the DagBag from /home/airflow/.local/lib/python3.8/site-packages/airflow/example_dags/example_branch_datetime_operator.py
[2026-04-19T00:04:52.960+0000] {processor.py:840} INFO - DAG(s) 'example_branch_datetime_operator', 'example_branch_datetime_operator_3', 'example_branch_datetime_operator_2' retrieved from /home/airflow/.local/lib/python3.8/site-packages/airflow/example_dags/example_branch_datetime_operator.py
[2026-04-19T00:04:52.998+0000] {logging_mixin.py:188} INFO - [2026-04-19T00:04:52.998+0000] {dag.py:3036} INFO - Sync 3 DAGs
[2026-04-19T00:04:53.029+0000] {logging_mixin.py:188} INFO - [2026-04-19T00:04:53.029+0000] {dag.py:3823} INFO - Setting next_dagrun for example_branch_datetime_operator to 2026-04-18 00:00:00+00:00, run_after=2026-04-19 00:00:00+00:00
[2026-04-19T00:04:53.035+0000] {logging_mixin.py:188} INFO - [2026-04-19T00:04:53.035+0000] {dag.py:3823} INFO - Setting next_dagrun for example_branch_datetime_operator_2 to 2026-04-18 00:00:00+00:00, run_after=2026-04-19 00:00:00+00:00
[2026-04-19T00:04:53.039+0000] {logging_mixin.py:188} INFO - [2026-04-19T00:04:53.039+0000] {dag.py:3823} INFO - Setting next_dagrun for example_branch_datetime_operator_3 to 2026-04-18 00:00:00+00:00, run_after=2026-04-19 00:00:00+00:00
[2026-04-19T00:04:53.060+0000] {processor.py:183} INFO - Processing /home/airflow/.local/lib/python3.8/site-packages/airflow/example_dags/example_branch_datetime_operator.py took 0.123 seconds
[2026-04-19T00:05:23.206+0000] {processor.py:161} INFO - Started process (PID=10637) to work on /home/airflow/.local/lib/python3.8/site-packages/airflow/example_dags/example_branch_datetime_operator.py
[2026-04-19T00:05:23.208+0000] {processor.py:830} INFO - Processing file /home/airflow/.local/lib/python3.8/site-packages/airflow/example_dags/example_branch_datetime_operator.py for tasks to queue
[2026-04-19T00:05:23.211+0000] {logging_mixin.py:188} INFO - [2026-04-19T00:05:23.211+0000] {dagbag.py:538} INFO - Filling up the DagBag from /home/airflow/.local/lib/python3.8/site-packages/airflow/example_dags/example_branch_datetime_operator.py
[2026-04-19T00:05:23.228+0000] {processor.py:840} INFO - DAG(s) 'example_branch_datetime_operator_2', 'example_branch_datetime_operator_3', 'example_branch_datetime_operator' retrieved from /home/airflow/.local/lib/python3.8/site-packages/airflow/example_dags/example_branch_datetime_operator.py
[2026-04-19T00:05:23.271+0000] {logging_mixin.py:188} INFO - [2026-04-19T00:05:23.270+0000] {dag.py:3036} INFO - Sync 3 DAGs
[2026-04-19T00:05:23.304+0000] {logging_mixin.py:188} INFO - [2026-04-19T00:05:23.303+0000] {dag.py:3823} INFO - Setting next_dagrun for example_branch_datetime_operator to 2026-04-18 00:00:00+00:00, run_after=2026-04-19 00:00:00+00:00
[2026-04-19T00:05:23.310+0000] {logging_mixin.py:188} INFO - [2026-04-19T00:05:23.310+0000] {dag.py:3823} INFO - Setting next_dagrun for example_branch_datetime_operator_2 to 2026-04-18 00:00:00+00:00, run_after=2026-04-19 00:00:00+00:00
[2026-04-19T00:05:23.314+0000] {logging_mixin.py:188} INFO - [2026-04-19T00:05:23.313+0000] {dag.py:3823} INFO - Setting next_dagrun for example_branch_datetime_operator_3 to 2026-04-18 00:00:00+00:00, run_after=2026-04-19 00:00:00+00:00
[2026-04-19T00:05:23.336+0000] {processor.py:183} INFO - Processing /home/airflow/.local/lib/python3.8/site-packages/airflow/example_dags/example_branch_datetime_operator.py took 0.136 seconds
[2026-04-19T00:05:53.642+0000] {processor.py:161} INFO - Started process (PID=10692) to work on /home/airflow/.local/lib/python3.8/site-packages/airflow/example_dags/example_branch_datetime_operator.py
[2026-04-19T00:05:53.643+0000] {processor.py:830} INFO - Processing file /home/airflow/.local/lib/python3.8/site-packages/airflow/example_dags/example_branch_datetime_operator.py for tasks to queue
[2026-04-19T00:05:53.645+0000] {logging_mixin.py:188} INFO - [2026-04-19T00:05:53.645+0000] {dagbag.py:538} INFO - Filling up the DagBag from /home/airflow/.local/lib/python3.8/site-packages/airflow/example_dags/example_branch_datetime_operator.py
[2026-04-19T00:05:53.660+0000] {processor.py:840} INFO - DAG(s) 'example_branch_datetime_operator', 'example_branch_datetime_operator_2', 'example_branch_datetime_operator_3' retrieved from /home/airflow/.local/lib/python3.8/site-packages/airflow/example_dags/example_branch_datetime_operator.py
[2026-04-19T00:05:53.697+0000] {logging_mixin.py:188} INFO - [2026-04-19T00:05:53.697+0000] {dag.py:3036} INFO - Sync 3 DAGs
[2026-04-19T00:05:53.729+0000] {logging_mixin.py:188} INFO - [2026-04-19T00:05:53.728+0000] {dag.py:3823} INFO - Setting next_dagrun for example_branch_datetime_operator to 2026-04-18 00:00:00+00:00, run_after=2026-04-19 00:00:00+00:00
[2026-04-19T00:05:53.735+0000] {logging_mixin.py:188} INFO - [2026-04-19T00:05:53.735+0000] {dag.py:3823} INFO - Setting next_dagrun for example_branch_datetime_operator_2 to 2026-04-18 00:00:00+00:00, run_after=2026-04-19 00:00:00+00:00
[2026-04-19T00:05:53.738+0000] {logging_mixin.py:188} INFO - [2026-04-19T00:05:53.738+0000] {dag.py:3823} INFO - Setting next_dagrun for example_branch_datetime_operator_3 to 2026-04-18 00:00:00+00:00, run_after=2026-04-19 00:00:00+00:00
[2026-04-19T00:05:53.758+0000] {processor.py:183} INFO - Processing /home/airflow/.local/lib/python3.8/site-packages/airflow/example_dags/example_branch_datetime_operator.py took 0.121 seconds
[2026-04-19T00:06:24.185+0000] {processor.py:161} INFO - Started process (PID=10747) to work on /home/airflow/.local/lib/python3.8/site-packages/airflow/example_dags/example_branch_datetime_operator.py
[2026-04-19T00:06:24.187+0000] {processor.py:830} INFO - Processing file /home/airflow/.local/lib/python3.8/site-packages/airflow/example_dags/example_branch_datetime_operator.py for tasks to queue
[2026-04-19T00:06:24.190+0000] {logging_mixin.py:188} INFO - [2026-04-19T00:06:24.189+0000] {dagbag.py:538} INFO - Filling up the DagBag from /home/airflow/.local/lib/python3.8/site-packages/airflow/example_dags/example_branch_datetime_operator.py
[2026-04-19T00:06:24.207+0000] {processor.py:840} INFO - DAG(s) 'example_branch_datetime_operator', 'example_branch_datetime_operator_2', 'example_branch_datetime_operator_3' retrieved from /home/airflow/.local/lib/python3.8/site-packages/airflow/example_dags/example_branch_datetime_operator.py
[2026-04-19T00:06:24.252+0000] {logging_mixin.py:188} INFO - [2026-04-19T00:06:24.252+0000] {dag.py:3036} INFO - Sync 3 DAGs
[2026-04-19T00:06:24.289+0000] {logging_mixin.py:188} INFO - [2026-04-19T00:06:24.289+0000] {dag.py:3823} INFO - Setting next_dagrun for example_branch_datetime_operator to 2026-04-18 00:00:00+00:00, run_after=2026-04-19 00:00:00+00:00
[2026-04-19T00:06:24.296+0000] {logging_mixin.py:188} INFO - [2026-04-19T00:06:24.296+0000] {dag.py:3823} INFO - Setting next_dagrun for example_branch_datetime_operator_2 to 2026-04-18 00:00:00+00:00, run_after=2026-04-19 00:00:00+00:00
[2026-04-19T00:06:24.300+0000] {logging_mixin.py:188} INFO - [2026-04-19T00:06:24.300+0000] {dag.py:3823} INFO - Setting next_dagrun for example_branch_datetime_operator_3 to 2026-04-18 00:00:00+00:00, run_after=2026-04-19 00:00:00+00:00
[2026-04-19T00:06:24.322+0000] {processor.py:183} INFO - Processing /home/airflow/.local/lib/python3.8/site-packages/airflow/example_dags/example_branch_datetime_operator.py took 0.142 seconds
[2026-04-19T00:06:55.237+0000] {processor.py:161} INFO - Started process (PID=10802) to work on /home/airflow/.local/lib/python3.8/site-packages/airflow/example_dags/example_branch_datetime_operator.py
[2026-04-19T00:06:55.247+0000] {processor.py:830} INFO - Processing file /home/airflow/.local/lib/python3.8/site-packages/airflow/example_dags/example_branch_datetime_operator.py for tasks to queue
[2026-04-19T00:06:55.250+0000] {logging_mixin.py:188} INFO - [2026-04-19T00:06:55.249+0000] {dagbag.py:538} INFO - Filling up the DagBag from /home/airflow/.local/lib/python3.8/site-packages/airflow/example_dags/example_branch_datetime_operator.py
[2026-04-19T00:06:55.264+0000] {processor.py:840} INFO - DAG(s) 'example_branch_datetime_operator_2', 'example_branch_datetime_operator', 'example_branch_datetime_operator_3' retrieved from /home/airflow/.local/lib/python3.8/site-packages/airflow/example_dags/example_branch_datetime_operator.py
[2026-04-19T00:06:55.304+0000] {logging_mixin.py:188} INFO - [2026-04-19T00:06:55.303+0000] {dag.py:3036} INFO - Sync 3 DAGs
[2026-04-19T00:06:55.337+0000] {logging_mixin.py:188} INFO - [2026-04-19T00:06:55.336+0000] {dag.py:3823} INFO - Setting next_dagrun for example_branch_datetime_operator to 2026-04-18 00:00:00+00:00, run_after=2026-04-19 00:00:00+00:00
[2026-04-19T00:06:55.343+0000] {logging_mixin.py:188} INFO - [2026-04-19T00:06:55.342+0000] {dag.py:3823} INFO - Setting next_dagrun for example_branch_datetime_operator_2 to 2026-04-18 00:00:00+00:00, run_after=2026-04-19 00:00:00+00:00
[2026-04-19T00:06:55.346+0000] {logging_mixin.py:188} INFO - [2026-04-19T00:06:55.346+0000] {dag.py:3823} INFO - Setting next_dagrun for example_branch_datetime_operator_3 to 2026-04-18 00:00:00+00:00, run_after=2026-04-19 00:00:00+00:00
[2026-04-19T00:06:55.368+0000] {processor.py:183} INFO - Processing /home/airflow/.local/lib/python3.8/site-packages/airflow/example_dags/example_branch_datetime_operator.py took 0.136 seconds
[2026-04-19T00:07:25.670+0000] {processor.py:161} INFO - Started process (PID=10857) to work on /home/airflow/.local/lib/python3.8/site-packages/airflow/example_dags/example_branch_datetime_operator.py
[2026-04-19T00:07:25.679+0000] {processor.py:830} INFO - Processing file /home/airflow/.local/lib/python3.8/site-packages/airflow/example_dags/example_branch_datetime_operator.py for tasks to queue
[2026-04-19T00:07:25.682+0000] {logging_mixin.py:188} INFO - [2026-04-19T00:07:25.682+0000] {dagbag.py:538} INFO - Filling up the DagBag from /home/airflow/.local/lib/python3.8/site-packages/airflow/example_dags/example_branch_datetime_operator.py
[2026-04-19T00:07:25.697+0000] {processor.py:840} INFO - DAG(s) 'example_branch_datetime_operator_3', 'example_branch_datetime_operator_2', 'example_branch_datetime_operator' retrieved from /home/airflow/.local/lib/python3.8/site-packages/airflow/example_dags/example_branch_datetime_operator.py
[2026-04-19T00:07:25.740+0000] {logging_mixin.py:188} INFO - [2026-04-19T00:07:25.739+0000] {dag.py:3036} INFO - Sync 3 DAGs
[2026-04-19T00:07:25.771+0000] {logging_mixin.py:188} INFO - [2026-04-19T00:07:25.771+0000] {dag.py:3823} INFO - Setting next_dagrun for example_branch_datetime_operator to 2026-04-18 00:00:00+00:00, run_after=2026-04-19 00:00:00+00:00
[2026-04-19T00:07:25.777+0000] {logging_mixin.py:188} INFO - [2026-04-19T00:07:25.777+0000] {dag.py:3823} INFO - Setting next_dagrun for example_branch_datetime_operator_2 to 2026-04-18 00:00:00+00:00, run_after=2026-04-19 00:00:00+00:00
[2026-04-19T00:07:25.781+0000] {logging_mixin.py:188} INFO - [2026-04-19T00:07:25.780+0000] {dag.py:3823} INFO - Setting next_dagrun for example_branch_datetime_operator_3 to 2026-04-18 00:00:00+00:00, run_after=2026-04-19 00:00:00+00:00
[2026-04-19T00:07:25.804+0000] {processor.py:183} INFO - Processing /home/airflow/.local/lib/python3.8/site-packages/airflow/example_dags/example_branch_datetime_operator.py took 0.139 seconds
[2026-04-19T00:07:55.942+0000] {processor.py:161} INFO - Started process (PID=10912) to work on /home/airflow/.local/lib/python3.8/site-packages/airflow/example_dags/example_branch_datetime_operator.py
[2026-04-19T00:07:55.943+0000] {processor.py:830} INFO - Processing file /home/airflow/.local/lib/python3.8/site-packages/airflow/example_dags/example_branch_datetime_operator.py for tasks to queue
[2026-04-19T00:07:55.946+0000] {logging_mixin.py:188} INFO - [2026-04-19T00:07:55.945+0000] {dagbag.py:538} INFO - Filling up the DagBag from /home/airflow/.local/lib/python3.8/site-packages/airflow/example_dags/example_branch_datetime_operator.py
[2026-04-19T00:07:55.960+0000] {processor.py:840} INFO - DAG(s) 'example_branch_datetime_operator_2', 'example_branch_datetime_operator_3', 'example_branch_datetime_operator' retrieved from /home/airflow/.local/lib/python3.8/site-packages/airflow/example_dags/example_branch_datetime_operator.py
[2026-04-19T00:07:56.001+0000] {logging_mixin.py:188} INFO - [2026-04-19T00:07:56.001+0000] {dag.py:3036} INFO - Sync 3 DAGs
[2026-04-19T00:07:56.033+0000] {logging_mixin.py:188} INFO - [2026-04-19T00:07:56.033+0000] {dag.py:3823} INFO - Setting next_dagrun for example_branch_datetime_operator to 2026-04-18 00:00:00+00:00, run_after=2026-04-19 00:00:00+00:00
[2026-04-19T00:07:56.040+0000] {logging_mixin.py:188} INFO - [2026-04-19T00:07:56.039+0000] {dag.py:3823} INFO - Setting next_dagrun for example_branch_datetime_operator_2 to 2026-04-18 00:00:00+00:00, run_after=2026-04-19 00:00:00+00:00
[2026-04-19T00:07:56.043+0000] {logging_mixin.py:188} INFO - [2026-04-19T00:07:56.043+0000] {dag.py:3823} INFO - Setting next_dagrun for example_branch_datetime_operator_3 to 2026-04-18 00:00:00+00:00, run_after=2026-04-19 00:00:00+00:00
[2026-04-19T00:07:56.071+0000] {processor.py:183} INFO - Processing /home/airflow/.local/lib/python3.8/site-packages/airflow/example_dags/example_branch_datetime_operator.py took 0.134 seconds
[2026-04-19T00:08:26.173+0000] {processor.py:161} INFO - Started process (PID=10967) to work on /home/airflow/.local/lib/python3.8/site-packages/airflow/example_dags/example_branch_datetime_operator.py
[2026-04-19T00:08:26.182+0000] {processor.py:830} INFO - Processing file /home/airflow/.local/lib/python3.8/site-packages/airflow/example_dags/example_branch_datetime_operator.py for tasks to queue
[2026-04-19T00:08:26.185+0000] {logging_mixin.py:188} INFO - [2026-04-19T00:08:26.184+0000] {dagbag.py:538} INFO - Filling up the DagBag from /home/airflow/.local/lib/python3.8/site-packages/airflow/example_dags/example_branch_datetime_operator.py
[2026-04-19T00:08:26.199+0000] {processor.py:840} INFO - DAG(s) 'example_branch_datetime_operator_3', 'example_branch_datetime_operator', 'example_branch_datetime_operator_2' retrieved from /home/airflow/.local/lib/python3.8/site-packages/airflow/example_dags/example_branch_datetime_operator.py
[2026-04-19T00:08:26.245+0000] {logging_mixin.py:188} INFO - [2026-04-19T00:08:26.245+0000] {dag.py:3036} INFO - Sync 3 DAGs
[2026-04-19T00:08:26.276+0000] {logging_mixin.py:188} INFO - [2026-04-19T00:08:26.276+0000] {dag.py:3823} INFO - Setting next_dagrun for example_branch_datetime_operator to 2026-04-18 00:00:00+00:00, run_after=2026-04-19 00:00:00+00:00
[2026-04-19T00:08:26.283+0000] {logging_mixin.py:188} INFO - [2026-04-19T00:08:26.282+0000] {dag.py:3823} INFO - Setting next_dagrun for example_branch_datetime_operator_2 to 2026-04-18 00:00:00+00:00, run_after=2026-04-19 00:00:00+00:00
[2026-04-19T00:08:26.286+0000] {logging_mixin.py:188} INFO - [2026-04-19T00:08:26.286+0000] {dag.py:3823} INFO - Setting next_dagrun for example_branch_datetime_operator_3 to 2026-04-18 00:00:00+00:00, run_after=2026-04-19 00:00:00+00:00
[2026-04-19T00:08:26.307+0000] {processor.py:183} INFO - Processing /home/airflow/.local/lib/python3.8/site-packages/airflow/example_dags/example_branch_datetime_operator.py took 0.139 seconds
[2026-04-19T00:08:56.629+0000] {processor.py:161} INFO - Started process (PID=11022) to work on /home/airflow/.local/lib/python3.8/site-packages/airflow/example_dags/example_branch_datetime_operator.py
[2026-04-19T00:08:56.639+0000] {processor.py:830} INFO - Processing file /home/airflow/.local/lib/python3.8/site-packages/airflow/example_dags/example_branch_datetime_operator.py for tasks to queue
[2026-04-19T00:08:56.641+0000] {logging_mixin.py:188} INFO - [2026-04-19T00:08:56.641+0000] {dagbag.py:538} INFO - Filling up the DagBag from /home/airflow/.local/lib/python3.8/site-packages/airflow/example_dags/example_branch_datetime_operator.py
[2026-04-19T00:08:56.655+0000] {processor.py:840} INFO - DAG(s) 'example_branch_datetime_operator_3', 'example_branch_datetime_operator', 'example_branch_datetime_operator_2' retrieved from /home/airflow/.local/lib/python3.8/site-packages/airflow/example_dags/example_branch_datetime_operator.py
[2026-04-19T00:08:56.696+0000] {logging_mixin.py:188} INFO - [2026-04-19T00:08:56.696+0000] {dag.py:3036} INFO - Sync 3 DAGs
[2026-04-19T00:08:56.729+0000] {logging_mixin.py:188} INFO - [2026-04-19T00:08:56.728+0000] {dag.py:3823} INFO - Setting next_dagrun for example_branch_datetime_operator to 2026-04-18 00:00:00+00:00, run_after=2026-04-19 00:00:00+00:00
[2026-04-19T00:08:56.735+0000] {logging_mixin.py:188} INFO - [2026-04-19T00:08:56.735+0000] {dag.py:3823} INFO - Setting next_dagrun for example_branch_datetime_operator_2 to 2026-04-18 00:00:00+00:00, run_after=2026-04-19 00:00:00+00:00
[2026-04-19T00:08:56.739+0000] {logging_mixin.py:188} INFO - [2026-04-19T00:08:56.738+0000] {dag.py:3823} INFO - Setting next_dagrun for example_branch_datetime_operator_3 to 2026-04-18 00:00:00+00:00, run_after=2026-04-19 00:00:00+00:00
[2026-04-19T00:08:56.761+0000] {processor.py:183} INFO - Processing /home/airflow/.local/lib/python3.8/site-packages/airflow/example_dags/example_branch_datetime_operator.py took 0.136 seconds
[2026-04-19T00:09:27.035+0000] {processor.py:161} INFO - Started process (PID=11077) to work on /home/airflow/.local/lib/python3.8/site-packages/airflow/example_dags/example_branch_datetime_operator.py
[2026-04-19T00:09:27.036+0000] {processor.py:830} INFO - Processing file /home/airflow/.local/lib/python3.8/site-packages/airflow/example_dags/example_branch_datetime_operator.py for tasks to queue
[2026-04-19T00:09:27.038+0000] {logging_mixin.py:188} INFO - [2026-04-19T00:09:27.038+0000] {dagbag.py:538} INFO - Filling up the DagBag from /home/airflow/.local/lib/python3.8/site-packages/airflow/example_dags/example_branch_datetime_operator.py
[2026-04-19T00:09:27.053+0000] {processor.py:840} INFO - DAG(s) 'example_branch_datetime_operator_2', 'example_branch_datetime_operator_3', 'example_branch_datetime_operator' retrieved from /home/airflow/.local/lib/python3.8/site-packages/airflow/example_dags/example_branch_datetime_operator.py
[2026-04-19T00:09:27.096+0000] {logging_mixin.py:188} INFO - [2026-04-19T00:09:27.096+0000] {dag.py:3036} INFO - Sync 3 DAGs
[2026-04-19T00:09:27.132+0000] {logging_mixin.py:188} INFO - [2026-04-19T00:09:27.131+0000] {dag.py:3823} INFO - Setting next_dagrun for example_branch_datetime_operator to 2026-04-18 00:00:00+00:00, run_after=2026-04-19 00:00:00+00:00
[2026-04-19T00:09:27.138+0000] {logging_mixin.py:188} INFO - [2026-04-19T00:09:27.138+0000] {dag.py:3823} INFO - Setting next_dagrun for example_branch_datetime_operator_2 to 2026-04-18 00:00:00+00:00, run_after=2026-04-19 00:00:00+00:00
[2026-04-19T00:09:27.141+0000] {logging_mixin.py:188} INFO - [2026-04-19T00:09:27.141+0000] {dag.py:3823} INFO - Setting next_dagrun for example_branch_datetime_operator_3 to 2026-04-18 00:00:00+00:00, run_after=2026-04-19 00:00:00+00:00
[2026-04-19T00:09:27.162+0000] {processor.py:183} INFO - Processing /home/airflow/.local/lib/python3.8/site-packages/airflow/example_dags/example_branch_datetime_operator.py took 0.132 seconds
[2026-04-19T00:09:57.420+0000] {processor.py:161} INFO - Started process (PID=11132) to work on /home/airflow/.local/lib/python3.8/site-packages/airflow/example_dags/example_branch_datetime_operator.py
[2026-04-19T00:09:57.421+0000] {processor.py:830} INFO - Processing file /home/airflow/.local/lib/python3.8/site-packages/airflow/example_dags/example_branch_datetime_operator.py for tasks to queue
[2026-04-19T00:09:57.423+0000] {logging_mixin.py:188} INFO - [2026-04-19T00:09:57.423+0000] {dagbag.py:538} INFO - Filling up the DagBag from /home/airflow/.local/lib/python3.8/site-packages/airflow/example_dags/example_branch_datetime_operator.py
[2026-04-19T00:09:57.438+0000] {processor.py:840} INFO - DAG(s) 'example_branch_datetime_operator_3', 'example_branch_datetime_operator', 'example_branch_datetime_operator_2' retrieved from /home/airflow/.local/lib/python3.8/site-packages/airflow/example_dags/example_branch_datetime_operator.py
[2026-04-19T00:09:57.479+0000] {logging_mixin.py:188} INFO - [2026-04-19T00:09:57.479+0000] {dag.py:3036} INFO - Sync 3 DAGs
[2026-04-19T00:09:57.516+0000] {logging_mixin.py:188} INFO - [2026-04-19T00:09:57.516+0000] {dag.py:3823} INFO - Setting next_dagrun for example_branch_datetime_operator to 2026-04-18 00:00:00+00:00, run_after=2026-04-19 00:00:00+00:00
[2026-04-19T00:09:57.522+0000] {logging_mixin.py:188} INFO - [2026-04-19T00:09:57.522+0000] {dag.py:3823} INFO - Setting next_dagrun for example_branch_datetime_operator_2 to 2026-04-18 00:00:00+00:00, run_after=2026-04-19 00:00:00+00:00
[2026-04-19T00:09:57.526+0000] {logging_mixin.py:188} INFO - [2026-04-19T00:09:57.526+0000] {dag.py:3823} INFO - Setting next_dagrun for example_branch_datetime_operator_3 to 2026-04-18 00:00:00+00:00, run_after=2026-04-19 00:00:00+00:00
[2026-04-19T00:09:57.554+0000] {processor.py:183} INFO - Processing /home/airflow/.local/lib/python3.8/site-packages/airflow/example_dags/example_branch_datetime_operator.py took 0.138 seconds
[2026-04-19T00:10:27.832+0000] {processor.py:161} INFO - Started process (PID=11187) to work on /home/airflow/.local/lib/python3.8/site-packages/airflow/example_dags/example_branch_datetime_operator.py
[2026-04-19T00:10:27.833+0000] {processor.py:830} INFO - Processing file /home/airflow/.local/lib/python3.8/site-packages/airflow/example_dags/example_branch_datetime_operator.py for tasks to queue
[2026-04-19T00:10:27.836+0000] {logging_mixin.py:188} INFO - [2026-04-19T00:10:27.835+0000] {dagbag.py:538} INFO - Filling up the DagBag from /home/airflow/.local/lib/python3.8/site-packages/airflow/example_dags/example_branch_datetime_operator.py
[2026-04-19T00:10:27.852+0000] {processor.py:840} INFO - DAG(s) 'example_branch_datetime_operator_3', 'example_branch_datetime_operator_2', 'example_branch_datetime_operator' retrieved from /home/airflow/.local/lib/python3.8/site-packages/airflow/example_dags/example_branch_datetime_operator.py
[2026-04-19T00:10:27.898+0000] {logging_mixin.py:188} INFO - [2026-04-19T00:10:27.897+0000] {dag.py:3036} INFO - Sync 3 DAGs
[2026-04-19T00:10:27.934+0000] {logging_mixin.py:188} INFO - [2026-04-19T00:10:27.934+0000] {dag.py:3823} INFO - Setting next_dagrun for example_branch_datetime_operator to 2026-04-18 00:00:00+00:00, run_after=2026-04-19 00:00:00+00:00
[2026-04-19T00:10:27.941+0000] {logging_mixin.py:188} INFO - [2026-04-19T00:10:27.941+0000] {dag.py:3823} INFO - Setting next_dagrun for example_branch_datetime_operator_2 to 2026-04-18 00:00:00+00:00, run_after=2026-04-19 00:00:00+00:00
[2026-04-19T00:10:27.945+0000] {logging_mixin.py:188} INFO - [2026-04-19T00:10:27.945+0000] {dag.py:3823} INFO - Setting next_dagrun for example_branch_datetime_operator_3 to 2026-04-18 00:00:00+00:00, run_after=2026-04-19 00:00:00+00:00
[2026-04-19T00:10:27.976+0000] {processor.py:183} INFO - Processing /home/airflow/.local/lib/python3.8/site-packages/airflow/example_dags/example_branch_datetime_operator.py took 0.150 seconds
[2026-04-19T00:10:58.277+0000] {processor.py:161} INFO - Started process (PID=11242) to work on /home/airflow/.local/lib/python3.8/site-packages/airflow/example_dags/example_branch_datetime_operator.py
[2026-04-19T00:10:58.279+0000] {processor.py:830} INFO - Processing file /home/airflow/.local/lib/python3.8/site-packages/airflow/example_dags/example_branch_datetime_operator.py for tasks to queue
[2026-04-19T00:10:58.282+0000] {logging_mixin.py:188} INFO - [2026-04-19T00:10:58.281+0000] {dagbag.py:538} INFO - Filling up the DagBag from /home/airflow/.local/lib/python3.8/site-packages/airflow/example_dags/example_branch_datetime_operator.py
[2026-04-19T00:10:58.298+0000] {processor.py:840} INFO - DAG(s) 'example_branch_datetime_operator_2', 'example_branch_datetime_operator', 'example_branch_datetime_operator_3' retrieved from /home/airflow/.local/lib/python3.8/site-packages/airflow/example_dags/example_branch_datetime_operator.py
[2026-04-19T00:10:58.347+0000] {logging_mixin.py:188} INFO - [2026-04-19T00:10:58.346+0000] {dag.py:3036} INFO - Sync 3 DAGs
[2026-04-19T00:10:58.381+0000] {logging_mixin.py:188} INFO - [2026-04-19T00:10:58.380+0000] {dag.py:3823} INFO - Setting next_dagrun for example_branch_datetime_operator to 2026-04-18 00:00:00+00:00, run_after=2026-04-19 00:00:00+00:00
[2026-04-19T00:10:58.387+0000] {logging_mixin.py:188} INFO - [2026-04-19T00:10:58.387+0000] {dag.py:3823} INFO - Setting next_dagrun for example_branch_datetime_operator_2 to 2026-04-18 00:00:00+00:00, run_after=2026-04-19 00:00:00+00:00
[2026-04-19T00:10:58.390+0000] {logging_mixin.py:188} INFO - [2026-04-19T00:10:58.390+0000] {dag.py:3823} INFO - Setting next_dagrun for example_branch_datetime_operator_3 to 2026-04-18 00:00:00+00:00, run_after=2026-04-19 00:00:00+00:00
[2026-04-19T00:10:58.421+0000] {processor.py:183} INFO - Processing /home/airflow/.local/lib/python3.8/site-packages/airflow/example_dags/example_branch_datetime_operator.py took 0.149 seconds
[2026-04-19T00:11:28.773+0000] {processor.py:161} INFO - Started process (PID=11297) to work on /home/airflow/.local/lib/python3.8/site-packages/airflow/example_dags/example_branch_datetime_operator.py
[2026-04-19T00:11:28.774+0000] {processor.py:830} INFO - Processing file /home/airflow/.local/lib/python3.8/site-packages/airflow/example_dags/example_branch_datetime_operator.py for tasks to queue
[2026-04-19T00:11:28.776+0000] {logging_mixin.py:188} INFO - [2026-04-19T00:11:28.776+0000] {dagbag.py:538} INFO - Filling up the DagBag from /home/airflow/.local/lib/python3.8/site-packages/airflow/example_dags/example_branch_datetime_operator.py
[2026-04-19T00:11:28.792+0000] {processor.py:840} INFO - DAG(s) 'example_branch_datetime_operator_2', 'example_branch_datetime_operator_3', 'example_branch_datetime_operator' retrieved from /home/airflow/.local/lib/python3.8/site-packages/airflow/example_dags/example_branch_datetime_operator.py
[2026-04-19T00:11:28.835+0000] {logging_mixin.py:188} INFO - [2026-04-19T00:11:28.835+0000] {dag.py:3036} INFO - Sync 3 DAGs
[2026-04-19T00:11:28.871+0000] {logging_mixin.py:188} INFO - [2026-04-19T00:11:28.871+0000] {dag.py:3823} INFO - Setting next_dagrun for example_branch_datetime_operator to 2026-04-18 00:00:00+00:00, run_after=2026-04-19 00:00:00+00:00
[2026-04-19T00:11:28.878+0000] {logging_mixin.py:188} INFO - [2026-04-19T00:11:28.877+0000] {dag.py:3823} INFO - Setting next_dagrun for example_branch_datetime_operator_2 to 2026-04-18 00:00:00+00:00, run_after=2026-04-19 00:00:00+00:00
[2026-04-19T00:11:28.881+0000] {logging_mixin.py:188} INFO - [2026-04-19T00:11:28.881+0000] {dag.py:3823} INFO - Setting next_dagrun for example_branch_datetime_operator_3 to 2026-04-18 00:00:00+00:00, run_after=2026-04-19 00:00:00+00:00
[2026-04-19T00:11:28.916+0000] {processor.py:183} INFO - Processing /home/airflow/.local/lib/python3.8/site-packages/airflow/example_dags/example_branch_datetime_operator.py took 0.147 seconds
[2026-04-19T00:11:59.392+0000] {processor.py:161} INFO - Started process (PID=11352) to work on /home/airflow/.local/lib/python3.8/site-packages/airflow/example_dags/example_branch_datetime_operator.py
[2026-04-19T00:11:59.394+0000] {processor.py:830} INFO - Processing file /home/airflow/.local/lib/python3.8/site-packages/airflow/example_dags/example_branch_datetime_operator.py for tasks to queue
[2026-04-19T00:11:59.396+0000] {logging_mixin.py:188} INFO - [2026-04-19T00:11:59.396+0000] {dagbag.py:538} INFO - Filling up the DagBag from /home/airflow/.local/lib/python3.8/site-packages/airflow/example_dags/example_branch_datetime_operator.py
[2026-04-19T00:11:59.410+0000] {processor.py:840} INFO - DAG(s) 'example_branch_datetime_operator_3', 'example_branch_datetime_operator', 'example_branch_datetime_operator_2' retrieved from /home/airflow/.local/lib/python3.8/site-packages/airflow/example_dags/example_branch_datetime_operator.py
[2026-04-19T00:11:59.449+0000] {logging_mixin.py:188} INFO - [2026-04-19T00:11:59.449+0000] {dag.py:3036} INFO - Sync 3 DAGs
[2026-04-19T00:11:59.485+0000] {logging_mixin.py:188} INFO - [2026-04-19T00:11:59.485+0000] {dag.py:3823} INFO - Setting next_dagrun for example_branch_datetime_operator to 2026-04-18 00:00:00+00:00, run_after=2026-04-19 00:00:00+00:00
[2026-04-19T00:11:59.491+0000] {logging_mixin.py:188} INFO - [2026-04-19T00:11:59.491+0000] {dag.py:3823} INFO - Setting next_dagrun for example_branch_datetime_operator_2 to 2026-04-18 00:00:00+00:00, run_after=2026-04-19 00:00:00+00:00
[2026-04-19T00:11:59.495+0000] {logging_mixin.py:188} INFO - [2026-04-19T00:11:59.494+0000] {dag.py:3823} INFO - Setting next_dagrun for example_branch_datetime_operator_3 to 2026-04-18 00:00:00+00:00, run_after=2026-04-19 00:00:00+00:00
[2026-04-19T00:11:59.516+0000] {processor.py:183} INFO - Processing /home/airflow/.local/lib/python3.8/site-packages/airflow/example_dags/example_branch_datetime_operator.py took 0.128 seconds
[2026-04-19T00:12:29.673+0000] {processor.py:161} INFO - Started process (PID=11407) to work on /home/airflow/.local/lib/python3.8/site-packages/airflow/example_dags/example_branch_datetime_operator.py
[2026-04-19T00:12:29.675+0000] {processor.py:830} INFO - Processing file /home/airflow/.local/lib/python3.8/site-packages/airflow/example_dags/example_branch_datetime_operator.py for tasks to queue
[2026-04-19T00:12:29.677+0000] {logging_mixin.py:188} INFO - [2026-04-19T00:12:29.676+0000] {dagbag.py:538} INFO - Filling up the DagBag from /home/airflow/.local/lib/python3.8/site-packages/airflow/example_dags/example_branch_datetime_operator.py
[2026-04-19T00:12:29.691+0000] {processor.py:840} INFO - DAG(s) 'example_branch_datetime_operator_2', 'example_branch_datetime_operator', 'example_branch_datetime_operator_3' retrieved from /home/airflow/.local/lib/python3.8/site-packages/airflow/example_dags/example_branch_datetime_operator.py
[2026-04-19T00:12:29.734+0000] {logging_mixin.py:188} INFO - [2026-04-19T00:12:29.734+0000] {dag.py:3036} INFO - Sync 3 DAGs
[2026-04-19T00:12:29.770+0000] {logging_mixin.py:188} INFO - [2026-04-19T00:12:29.770+0000] {dag.py:3823} INFO - Setting next_dagrun for example_branch_datetime_operator to 2026-04-18 00:00:00+00:00, run_after=2026-04-19 00:00:00+00:00
[2026-04-19T00:12:29.777+0000] {logging_mixin.py:188} INFO - [2026-04-19T00:12:29.776+0000] {dag.py:3823} INFO - Setting next_dagrun for example_branch_datetime_operator_2 to 2026-04-18 00:00:00+00:00, run_after=2026-04-19 00:00:00+00:00
[2026-04-19T00:12:29.780+0000] {logging_mixin.py:188} INFO - [2026-04-19T00:12:29.780+0000] {dag.py:3823} INFO - Setting next_dagrun for example_branch_datetime_operator_3 to 2026-04-18 00:00:00+00:00, run_after=2026-04-19 00:00:00+00:00
[2026-04-19T00:12:29.803+0000] {processor.py:183} INFO - Processing /home/airflow/.local/lib/python3.8/site-packages/airflow/example_dags/example_branch_datetime_operator.py took 0.134 seconds
[2026-04-19T00:12:59.985+0000] {processor.py:161} INFO - Started process (PID=11461) to work on /home/airflow/.local/lib/python3.8/site-packages/airflow/example_dags/example_branch_datetime_operator.py
[2026-04-19T00:12:59.995+0000] {processor.py:830} INFO - Processing file /home/airflow/.local/lib/python3.8/site-packages/airflow/example_dags/example_branch_datetime_operator.py for tasks to queue
[2026-04-19T00:12:59.998+0000] {logging_mixin.py:188} INFO - [2026-04-19T00:12:59.997+0000] {dagbag.py:538} INFO - Filling up the DagBag from /home/airflow/.local/lib/python3.8/site-packages/airflow/example_dags/example_branch_datetime_operator.py
[2026-04-19T00:13:00.014+0000] {processor.py:840} INFO - DAG(s) 'example_branch_datetime_operator_3', 'example_branch_datetime_operator_2', 'example_branch_datetime_operator' retrieved from /home/airflow/.local/lib/python3.8/site-packages/airflow/example_dags/example_branch_datetime_operator.py
[2026-04-19T00:13:00.057+0000] {logging_mixin.py:188} INFO - [2026-04-19T00:13:00.056+0000] {dag.py:3036} INFO - Sync 3 DAGs
[2026-04-19T00:13:00.092+0000] {logging_mixin.py:188} INFO - [2026-04-19T00:13:00.092+0000] {dag.py:3823} INFO - Setting next_dagrun for example_branch_datetime_operator to 2026-04-18 00:00:00+00:00, run_after=2026-04-19 00:00:00+00:00
[2026-04-19T00:13:00.099+0000] {logging_mixin.py:188} INFO - [2026-04-19T00:13:00.098+0000] {dag.py:3823} INFO - Setting next_dagrun for example_branch_datetime_operator_2 to 2026-04-18 00:00:00+00:00, run_after=2026-04-19 00:00:00+00:00
[2026-04-19T00:13:00.102+0000] {logging_mixin.py:188} INFO - [2026-04-19T00:13:00.102+0000] {dag.py:3823} INFO - Setting next_dagrun for example_branch_datetime_operator_3 to 2026-04-18 00:00:00+00:00, run_after=2026-04-19 00:00:00+00:00
[2026-04-19T00:13:00.128+0000] {processor.py:183} INFO - Processing /home/airflow/.local/lib/python3.8/site-packages/airflow/example_dags/example_branch_datetime_operator.py took 0.149 seconds
[2026-04-19T00:13:30.569+0000] {processor.py:161} INFO - Started process (PID=11517) to work on /home/airflow/.local/lib/python3.8/site-packages/airflow/example_dags/example_branch_datetime_operator.py
[2026-04-19T00:13:30.571+0000] {processor.py:830} INFO - Processing file /home/airflow/.local/lib/python3.8/site-packages/airflow/example_dags/example_branch_datetime_operator.py for tasks to queue
[2026-04-19T00:13:30.573+0000] {logging_mixin.py:188} INFO - [2026-04-19T00:13:30.573+0000] {dagbag.py:538} INFO - Filling up the DagBag from /home/airflow/.local/lib/python3.8/site-packages/airflow/example_dags/example_branch_datetime_operator.py
[2026-04-19T00:13:30.589+0000] {processor.py:840} INFO - DAG(s) 'example_branch_datetime_operator', 'example_branch_datetime_operator_3', 'example_branch_datetime_operator_2' retrieved from /home/airflow/.local/lib/python3.8/site-packages/airflow/example_dags/example_branch_datetime_operator.py
[2026-04-19T00:13:30.628+0000] {logging_mixin.py:188} INFO - [2026-04-19T00:13:30.628+0000] {dag.py:3036} INFO - Sync 3 DAGs
[2026-04-19T00:13:30.663+0000] {logging_mixin.py:188} INFO - [2026-04-19T00:13:30.662+0000] {dag.py:3823} INFO - Setting next_dagrun for example_branch_datetime_operator to 2026-04-18 00:00:00+00:00, run_after=2026-04-19 00:00:00+00:00
[2026-04-19T00:13:30.669+0000] {logging_mixin.py:188} INFO - [2026-04-19T00:13:30.669+0000] {dag.py:3823} INFO - Setting next_dagrun for example_branch_datetime_operator_2 to 2026-04-18 00:00:00+00:00, run_after=2026-04-19 00:00:00+00:00
[2026-04-19T00:13:30.672+0000] {logging_mixin.py:188} INFO - [2026-04-19T00:13:30.672+0000] {dag.py:3823} INFO - Setting next_dagrun for example_branch_datetime_operator_3 to 2026-04-18 00:00:00+00:00, run_after=2026-04-19 00:00:00+00:00
[2026-04-19T00:13:30.693+0000] {processor.py:183} INFO - Processing /home/airflow/.local/lib/python3.8/site-packages/airflow/example_dags/example_branch_datetime_operator.py took 0.130 seconds
[2026-04-19T00:14:01.131+0000] {processor.py:161} INFO - Started process (PID=11572) to work on /home/airflow/.local/lib/python3.8/site-packages/airflow/example_dags/example_branch_datetime_operator.py
[2026-04-19T00:14:01.132+0000] {processor.py:830} INFO - Processing file /home/airflow/.local/lib/python3.8/site-packages/airflow/example_dags/example_branch_datetime_operator.py for tasks to queue
[2026-04-19T00:14:01.135+0000] {logging_mixin.py:188} INFO - [2026-04-19T00:14:01.134+0000] {dagbag.py:538} INFO - Filling up the DagBag from /home/airflow/.local/lib/python3.8/site-packages/airflow/example_dags/example_branch_datetime_operator.py
[2026-04-19T00:14:01.150+0000] {processor.py:840} INFO - DAG(s) 'example_branch_datetime_operator_2', 'example_branch_datetime_operator', 'example_branch_datetime_operator_3' retrieved from /home/airflow/.local/lib/python3.8/site-packages/airflow/example_dags/example_branch_datetime_operator.py
[2026-04-19T00:14:01.193+0000] {logging_mixin.py:188} INFO - [2026-04-19T00:14:01.193+0000] {dag.py:3036} INFO - Sync 3 DAGs
[2026-04-19T00:14:01.226+0000] {logging_mixin.py:188} INFO - [2026-04-19T00:14:01.226+0000] {dag.py:3823} INFO - Setting next_dagrun for example_branch_datetime_operator to 2026-04-18 00:00:00+00:00, run_after=2026-04-19 00:00:00+00:00
[2026-04-19T00:14:01.232+0000] {logging_mixin.py:188} INFO - [2026-04-19T00:14:01.232+0000] {dag.py:3823} INFO - Setting next_dagrun for example_branch_datetime_operator_2 to 2026-04-18 00:00:00+00:00, run_after=2026-04-19 00:00:00+00:00
[2026-04-19T00:14:01.236+0000] {logging_mixin.py:188} INFO - [2026-04-19T00:14:01.236+0000] {dag.py:3823} INFO - Setting next_dagrun for example_branch_datetime_operator_3 to 2026-04-18 00:00:00+00:00, run_after=2026-04-19 00:00:00+00:00
[2026-04-19T00:14:01.258+0000] {processor.py:183} INFO - Processing /home/airflow/.local/lib/python3.8/site-packages/airflow/example_dags/example_branch_datetime_operator.py took 0.133 seconds
[2026-04-19T00:14:31.617+0000] {processor.py:161} INFO - Started process (PID=11627) to work on /home/airflow/.local/lib/python3.8/site-packages/airflow/example_dags/example_branch_datetime_operator.py
[2026-04-19T00:14:31.618+0000] {processor.py:830} INFO - Processing file /home/airflow/.local/lib/python3.8/site-packages/airflow/example_dags/example_branch_datetime_operator.py for tasks to queue
[2026-04-19T00:14:31.620+0000] {logging_mixin.py:188} INFO - [2026-04-19T00:14:31.620+0000] {dagbag.py:538} INFO - Filling up the DagBag from /home/airflow/.local/lib/python3.8/site-packages/airflow/example_dags/example_branch_datetime_operator.py
[2026-04-19T00:14:31.635+0000] {processor.py:840} INFO - DAG(s) 'example_branch_datetime_operator', 'example_branch_datetime_operator_3', 'example_branch_datetime_operator_2' retrieved from /home/airflow/.local/lib/python3.8/site-packages/airflow/example_dags/example_branch_datetime_operator.py
[2026-04-19T00:14:31.677+0000] {logging_mixin.py:188} INFO - [2026-04-19T00:14:31.677+0000] {dag.py:3036} INFO - Sync 3 DAGs
[2026-04-19T00:14:31.711+0000] {logging_mixin.py:188} INFO - [2026-04-19T00:14:31.711+0000] {dag.py:3823} INFO - Setting next_dagrun for example_branch_datetime_operator to 2026-04-18 00:00:00+00:00, run_after=2026-04-19 00:00:00+00:00
[2026-04-19T00:14:31.718+0000] {logging_mixin.py:188} INFO - [2026-04-19T00:14:31.718+0000] {dag.py:3823} INFO - Setting next_dagrun for example_branch_datetime_operator_2 to 2026-04-18 00:00:00+00:00, run_after=2026-04-19 00:00:00+00:00
[2026-04-19T00:14:31.722+0000] {logging_mixin.py:188} INFO - [2026-04-19T00:14:31.722+0000] {dag.py:3823} INFO - Setting next_dagrun for example_branch_datetime_operator_3 to 2026-04-18 00:00:00+00:00, run_after=2026-04-19 00:00:00+00:00
[2026-04-19T00:14:31.744+0000] {processor.py:183} INFO - Processing /home/airflow/.local/lib/python3.8/site-packages/airflow/example_dags/example_branch_datetime_operator.py took 0.132 seconds
[2026-04-19T00:15:01.968+0000] {processor.py:161} INFO - Started process (PID=11681) to work on /home/airflow/.local/lib/python3.8/site-packages/airflow/example_dags/example_branch_datetime_operator.py
[2026-04-19T00:15:01.978+0000] {processor.py:830} INFO - Processing file /home/airflow/.local/lib/python3.8/site-packages/airflow/example_dags/example_branch_datetime_operator.py for tasks to queue
[2026-04-19T00:15:01.981+0000] {logging_mixin.py:188} INFO - [2026-04-19T00:15:01.980+0000] {dagbag.py:538} INFO - Filling up the DagBag from /home/airflow/.local/lib/python3.8/site-packages/airflow/example_dags/example_branch_datetime_operator.py
[2026-04-19T00:15:01.997+0000] {processor.py:840} INFO - DAG(s) 'example_branch_datetime_operator', 'example_branch_datetime_operator_3', 'example_branch_datetime_operator_2' retrieved from /home/airflow/.local/lib/python3.8/site-packages/airflow/example_dags/example_branch_datetime_operator.py
[2026-04-19T00:15:02.040+0000] {logging_mixin.py:188} INFO - [2026-04-19T00:15:02.039+0000] {dag.py:3036} INFO - Sync 3 DAGs
[2026-04-19T00:15:02.075+0000] {logging_mixin.py:188} INFO - [2026-04-19T00:15:02.074+0000] {dag.py:3823} INFO - Setting next_dagrun for example_branch_datetime_operator to 2026-04-18 00:00:00+00:00, run_after=2026-04-19 00:00:00+00:00
[2026-04-19T00:15:02.082+0000] {logging_mixin.py:188} INFO - [2026-04-19T00:15:02.082+0000] {dag.py:3823} INFO - Setting next_dagrun for example_branch_datetime_operator_2 to 2026-04-18 00:00:00+00:00, run_after=2026-04-19 00:00:00+00:00
[2026-04-19T00:15:02.086+0000] {logging_mixin.py:188} INFO - [2026-04-19T00:15:02.086+0000] {dag.py:3823} INFO - Setting next_dagrun for example_branch_datetime_operator_3 to 2026-04-18 00:00:00+00:00, run_after=2026-04-19 00:00:00+00:00
[2026-04-19T00:15:02.109+0000] {processor.py:183} INFO - Processing /home/airflow/.local/lib/python3.8/site-packages/airflow/example_dags/example_branch_datetime_operator.py took 0.146 seconds
[2026-04-19T00:15:32.642+0000] {processor.py:161} INFO - Started process (PID=11738) to work on /home/airflow/.local/lib/python3.8/site-packages/airflow/example_dags/example_branch_datetime_operator.py
[2026-04-19T00:15:32.644+0000] {processor.py:830} INFO - Processing file /home/airflow/.local/lib/python3.8/site-packages/airflow/example_dags/example_branch_datetime_operator.py for tasks to queue
[2026-04-19T00:15:32.647+0000] {logging_mixin.py:188} INFO - [2026-04-19T00:15:32.646+0000] {dagbag.py:538} INFO - Filling up the DagBag from /home/airflow/.local/lib/python3.8/site-packages/airflow/example_dags/example_branch_datetime_operator.py
[2026-04-19T00:15:32.664+0000] {processor.py:840} INFO - DAG(s) 'example_branch_datetime_operator_2', 'example_branch_datetime_operator_3', 'example_branch_datetime_operator' retrieved from /home/airflow/.local/lib/python3.8/site-packages/airflow/example_dags/example_branch_datetime_operator.py
[2026-04-19T00:15:32.713+0000] {logging_mixin.py:188} INFO - [2026-04-19T00:15:32.712+0000] {dag.py:3036} INFO - Sync 3 DAGs
[2026-04-19T00:15:32.753+0000] {logging_mixin.py:188} INFO - [2026-04-19T00:15:32.753+0000] {dag.py:3823} INFO - Setting next_dagrun for example_branch_datetime_operator to 2026-04-18 00:00:00+00:00, run_after=2026-04-19 00:00:00+00:00
[2026-04-19T00:15:32.762+0000] {logging_mixin.py:188} INFO - [2026-04-19T00:15:32.761+0000] {dag.py:3823} INFO - Setting next_dagrun for example_branch_datetime_operator_2 to 2026-04-18 00:00:00+00:00, run_after=2026-04-19 00:00:00+00:00
[2026-04-19T00:15:32.767+0000] {logging_mixin.py:188} INFO - [2026-04-19T00:15:32.766+0000] {dag.py:3823} INFO - Setting next_dagrun for example_branch_datetime_operator_3 to 2026-04-18 00:00:00+00:00, run_after=2026-04-19 00:00:00+00:00
[2026-04-19T00:15:32.798+0000] {processor.py:183} INFO - Processing /home/airflow/.local/lib/python3.8/site-packages/airflow/example_dags/example_branch_datetime_operator.py took 0.162 seconds
[2026-04-19T00:16:03.807+0000] {processor.py:161} INFO - Started process (PID=11793) to work on /home/airflow/.local/lib/python3.8/site-packages/airflow/example_dags/example_branch_datetime_operator.py
[2026-04-19T00:16:03.809+0000] {processor.py:830} INFO - Processing file /home/airflow/.local/lib/python3.8/site-packages/airflow/example_dags/example_branch_datetime_operator.py for tasks to queue
[2026-04-19T00:16:03.810+0000] {logging_mixin.py:188} INFO - [2026-04-19T00:16:03.810+0000] {dagbag.py:538} INFO - Filling up the DagBag from /home/airflow/.local/lib/python3.8/site-packages/airflow/example_dags/example_branch_datetime_operator.py
[2026-04-19T00:16:03.818+0000] {processor.py:840} INFO - DAG(s) 'example_branch_datetime_operator_3', 'example_branch_datetime_operator_2', 'example_branch_datetime_operator' retrieved from /home/airflow/.local/lib/python3.8/site-packages/airflow/example_dags/example_branch_datetime_operator.py
[2026-04-19T00:16:03.839+0000] {logging_mixin.py:188} INFO - [2026-04-19T00:16:03.838+0000] {dag.py:3036} INFO - Sync 3 DAGs
[2026-04-19T00:16:03.855+0000] {logging_mixin.py:188} INFO - [2026-04-19T00:16:03.855+0000] {dag.py:3823} INFO - Setting next_dagrun for example_branch_datetime_operator to 2026-04-18 00:00:00+00:00, run_after=2026-04-19 00:00:00+00:00
[2026-04-19T00:16:03.859+0000] {logging_mixin.py:188} INFO - [2026-04-19T00:16:03.858+0000] {dag.py:3823} INFO - Setting next_dagrun for example_branch_datetime_operator_2 to 2026-04-18 00:00:00+00:00, run_after=2026-04-19 00:00:00+00:00
[2026-04-19T00:16:03.861+0000] {logging_mixin.py:188} INFO - [2026-04-19T00:16:03.861+0000] {dag.py:3823} INFO - Setting next_dagrun for example_branch_datetime_operator_3 to 2026-04-18 00:00:00+00:00, run_after=2026-04-19 00:00:00+00:00
[2026-04-19T00:16:03.872+0000] {processor.py:183} INFO - Processing /home/airflow/.local/lib/python3.8/site-packages/airflow/example_dags/example_branch_datetime_operator.py took 0.067 seconds
[2026-04-19T00:16:34.685+0000] {processor.py:161} INFO - Started process (PID=11848) to work on /home/airflow/.local/lib/python3.8/site-packages/airflow/example_dags/example_branch_datetime_operator.py
[2026-04-19T00:16:34.687+0000] {processor.py:830} INFO - Processing file /home/airflow/.local/lib/python3.8/site-packages/airflow/example_dags/example_branch_datetime_operator.py for tasks to queue
[2026-04-19T00:16:34.689+0000] {logging_mixin.py:188} INFO - [2026-04-19T00:16:34.689+0000] {dagbag.py:538} INFO - Filling up the DagBag from /home/airflow/.local/lib/python3.8/site-packages/airflow/example_dags/example_branch_datetime_operator.py
[2026-04-19T00:16:34.703+0000] {processor.py:840} INFO - DAG(s) 'example_branch_datetime_operator_3', 'example_branch_datetime_operator_2', 'example_branch_datetime_operator' retrieved from /home/airflow/.local/lib/python3.8/site-packages/airflow/example_dags/example_branch_datetime_operator.py
[2026-04-19T00:16:34.743+0000] {logging_mixin.py:188} INFO - [2026-04-19T00:16:34.743+0000] {dag.py:3036} INFO - Sync 3 DAGs
[2026-04-19T00:16:34.776+0000] {logging_mixin.py:188} INFO - [2026-04-19T00:16:34.775+0000] {dag.py:3823} INFO - Setting next_dagrun for example_branch_datetime_operator to 2026-04-18 00:00:00+00:00, run_after=2026-04-19 00:00:00+00:00
[2026-04-19T00:16:34.782+0000] {logging_mixin.py:188} INFO - [2026-04-19T00:16:34.781+0000] {dag.py:3823} INFO - Setting next_dagrun for example_branch_datetime_operator_2 to 2026-04-18 00:00:00+00:00, run_after=2026-04-19 00:00:00+00:00
[2026-04-19T00:16:34.785+0000] {logging_mixin.py:188} INFO - [2026-04-19T00:16:34.785+0000] {dag.py:3823} INFO - Setting next_dagrun for example_branch_datetime_operator_3 to 2026-04-18 00:00:00+00:00, run_after=2026-04-19 00:00:00+00:00
[2026-04-19T00:16:34.807+0000] {processor.py:183} INFO - Processing /home/airflow/.local/lib/python3.8/site-packages/airflow/example_dags/example_branch_datetime_operator.py took 0.126 seconds
[2026-04-19T00:17:05.024+0000] {processor.py:161} INFO - Started process (PID=11903) to work on /home/airflow/.local/lib/python3.8/site-packages/airflow/example_dags/example_branch_datetime_operator.py
[2026-04-19T00:17:05.025+0000] {processor.py:830} INFO - Processing file /home/airflow/.local/lib/python3.8/site-packages/airflow/example_dags/example_branch_datetime_operator.py for tasks to queue
[2026-04-19T00:17:05.027+0000] {logging_mixin.py:188} INFO - [2026-04-19T00:17:05.027+0000] {dagbag.py:538} INFO - Filling up the DagBag from /home/airflow/.local/lib/python3.8/site-packages/airflow/example_dags/example_branch_datetime_operator.py
[2026-04-19T00:17:05.043+0000] {processor.py:840} INFO - DAG(s) 'example_branch_datetime_operator_3', 'example_branch_datetime_operator', 'example_branch_datetime_operator_2' retrieved from /home/airflow/.local/lib/python3.8/site-packages/airflow/example_dags/example_branch_datetime_operator.py
[2026-04-19T00:17:05.084+0000] {logging_mixin.py:188} INFO - [2026-04-19T00:17:05.084+0000] {dag.py:3036} INFO - Sync 3 DAGs
[2026-04-19T00:17:05.118+0000] {logging_mixin.py:188} INFO - [2026-04-19T00:17:05.118+0000] {dag.py:3823} INFO - Setting next_dagrun for example_branch_datetime_operator to 2026-04-18 00:00:00+00:00, run_after=2026-04-19 00:00:00+00:00
[2026-04-19T00:17:05.125+0000] {logging_mixin.py:188} INFO - [2026-04-19T00:17:05.125+0000] {dag.py:3823} INFO - Setting next_dagrun for example_branch_datetime_operator_2 to 2026-04-18 00:00:00+00:00, run_after=2026-04-19 00:00:00+00:00
[2026-04-19T00:17:05.129+0000] {logging_mixin.py:188} INFO - [2026-04-19T00:17:05.129+0000] {dag.py:3823} INFO - Setting next_dagrun for example_branch_datetime_operator_3 to 2026-04-18 00:00:00+00:00, run_after=2026-04-19 00:00:00+00:00
[2026-04-19T00:17:05.152+0000] {processor.py:183} INFO - Processing /home/airflow/.local/lib/python3.8/site-packages/airflow/example_dags/example_branch_datetime_operator.py took 0.134 seconds
[2026-04-19T00:17:35.376+0000] {processor.py:161} INFO - Started process (PID=11958) to work on /home/airflow/.local/lib/python3.8/site-packages/airflow/example_dags/example_branch_datetime_operator.py
[2026-04-19T00:17:35.378+0000] {processor.py:830} INFO - Processing file /home/airflow/.local/lib/python3.8/site-packages/airflow/example_dags/example_branch_datetime_operator.py for tasks to queue
[2026-04-19T00:17:35.381+0000] {logging_mixin.py:188} INFO - [2026-04-19T00:17:35.380+0000] {dagbag.py:538} INFO - Filling up the DagBag from /home/airflow/.local/lib/python3.8/site-packages/airflow/example_dags/example_branch_datetime_operator.py
[2026-04-19T00:17:35.399+0000] {processor.py:840} INFO - DAG(s) 'example_branch_datetime_operator', 'example_branch_datetime_operator_2', 'example_branch_datetime_operator_3' retrieved from /home/airflow/.local/lib/python3.8/site-packages/airflow/example_dags/example_branch_datetime_operator.py
[2026-04-19T00:17:35.446+0000] {logging_mixin.py:188} INFO - [2026-04-19T00:17:35.445+0000] {dag.py:3036} INFO - Sync 3 DAGs
[2026-04-19T00:17:35.486+0000] {logging_mixin.py:188} INFO - [2026-04-19T00:17:35.486+0000] {dag.py:3823} INFO - Setting next_dagrun for example_branch_datetime_operator to 2026-04-18 00:00:00+00:00, run_after=2026-04-19 00:00:00+00:00
[2026-04-19T00:17:35.495+0000] {logging_mixin.py:188} INFO - [2026-04-19T00:17:35.495+0000] {dag.py:3823} INFO - Setting next_dagrun for example_branch_datetime_operator_2 to 2026-04-18 00:00:00+00:00, run_after=2026-04-19 00:00:00+00:00
[2026-04-19T00:17:35.500+0000] {logging_mixin.py:188} INFO - [2026-04-19T00:17:35.500+0000] {dag.py:3823} INFO - Setting next_dagrun for example_branch_datetime_operator_3 to 2026-04-18 00:00:00+00:00, run_after=2026-04-19 00:00:00+00:00
[2026-04-19T00:17:35.525+0000] {processor.py:183} INFO - Processing /home/airflow/.local/lib/python3.8/site-packages/airflow/example_dags/example_branch_datetime_operator.py took 0.155 seconds
[2026-04-19T00:18:05.950+0000] {processor.py:161} INFO - Started process (PID=12013) to work on /home/airflow/.local/lib/python3.8/site-packages/airflow/example_dags/example_branch_datetime_operator.py
[2026-04-19T00:18:05.951+0000] {processor.py:830} INFO - Processing file /home/airflow/.local/lib/python3.8/site-packages/airflow/example_dags/example_branch_datetime_operator.py for tasks to queue
[2026-04-19T00:18:05.954+0000] {logging_mixin.py:188} INFO - [2026-04-19T00:18:05.953+0000] {dagbag.py:538} INFO - Filling up the DagBag from /home/airflow/.local/lib/python3.8/site-packages/airflow/example_dags/example_branch_datetime_operator.py
[2026-04-19T00:18:05.969+0000] {processor.py:840} INFO - DAG(s) 'example_branch_datetime_operator', 'example_branch_datetime_operator_3', 'example_branch_datetime_operator_2' retrieved from /home/airflow/.local/lib/python3.8/site-packages/airflow/example_dags/example_branch_datetime_operator.py
[2026-04-19T00:18:06.015+0000] {logging_mixin.py:188} INFO - [2026-04-19T00:18:06.014+0000] {dag.py:3036} INFO - Sync 3 DAGs
[2026-04-19T00:18:06.049+0000] {logging_mixin.py:188} INFO - [2026-04-19T00:18:06.048+0000] {dag.py:3823} INFO - Setting next_dagrun for example_branch_datetime_operator to 2026-04-18 00:00:00+00:00, run_after=2026-04-19 00:00:00+00:00
[2026-04-19T00:18:06.055+0000] {logging_mixin.py:188} INFO - [2026-04-19T00:18:06.055+0000] {dag.py:3823} INFO - Setting next_dagrun for example_branch_datetime_operator_2 to 2026-04-18 00:00:00+00:00, run_after=2026-04-19 00:00:00+00:00
[2026-04-19T00:18:06.058+0000] {logging_mixin.py:188} INFO - [2026-04-19T00:18:06.058+0000] {dag.py:3823} INFO - Setting next_dagrun for example_branch_datetime_operator_3 to 2026-04-18 00:00:00+00:00, run_after=2026-04-19 00:00:00+00:00
[2026-04-19T00:18:06.092+0000] {processor.py:183} INFO - Processing /home/airflow/.local/lib/python3.8/site-packages/airflow/example_dags/example_branch_datetime_operator.py took 0.147 seconds
[2026-04-19T00:18:36.466+0000] {processor.py:161} INFO - Started process (PID=12068) to work on /home/airflow/.local/lib/python3.8/site-packages/airflow/example_dags/example_branch_datetime_operator.py
[2026-04-19T00:18:36.468+0000] {processor.py:830} INFO - Processing file /home/airflow/.local/lib/python3.8/site-packages/airflow/example_dags/example_branch_datetime_operator.py for tasks to queue
[2026-04-19T00:18:36.470+0000] {logging_mixin.py:188} INFO - [2026-04-19T00:18:36.470+0000] {dagbag.py:538} INFO - Filling up the DagBag from /home/airflow/.local/lib/python3.8/site-packages/airflow/example_dags/example_branch_datetime_operator.py
[2026-04-19T00:18:36.489+0000] {processor.py:840} INFO - DAG(s) 'example_branch_datetime_operator_3', 'example_branch_datetime_operator', 'example_branch_datetime_operator_2' retrieved from /home/airflow/.local/lib/python3.8/site-packages/airflow/example_dags/example_branch_datetime_operator.py
[2026-04-19T00:18:36.541+0000] {logging_mixin.py:188} INFO - [2026-04-19T00:18:36.540+0000] {dag.py:3036} INFO - Sync 3 DAGs
[2026-04-19T00:18:36.578+0000] {logging_mixin.py:188} INFO - [2026-04-19T00:18:36.578+0000] {dag.py:3823} INFO - Setting next_dagrun for example_branch_datetime_operator to 2026-04-18 00:00:00+00:00, run_after=2026-04-19 00:00:00+00:00
[2026-04-19T00:18:36.585+0000] {logging_mixin.py:188} INFO - [2026-04-19T00:18:36.585+0000] {dag.py:3823} INFO - Setting next_dagrun for example_branch_datetime_operator_2 to 2026-04-18 00:00:00+00:00, run_after=2026-04-19 00:00:00+00:00
[2026-04-19T00:18:36.589+0000] {logging_mixin.py:188} INFO - [2026-04-19T00:18:36.589+0000] {dag.py:3823} INFO - Setting next_dagrun for example_branch_datetime_operator_3 to 2026-04-18 00:00:00+00:00, run_after=2026-04-19 00:00:00+00:00
[2026-04-19T00:18:36.612+0000] {processor.py:183} INFO - Processing /home/airflow/.local/lib/python3.8/site-packages/airflow/example_dags/example_branch_datetime_operator.py took 0.151 seconds
[2026-04-19T00:19:06.934+0000] {processor.py:161} INFO - Started process (PID=12122) to work on /home/airflow/.local/lib/python3.8/site-packages/airflow/example_dags/example_branch_datetime_operator.py
[2026-04-19T00:19:06.935+0000] {processor.py:830} INFO - Processing file /home/airflow/.local/lib/python3.8/site-packages/airflow/example_dags/example_branch_datetime_operator.py for tasks to queue
[2026-04-19T00:19:06.938+0000] {logging_mixin.py:188} INFO - [2026-04-19T00:19:06.937+0000] {dagbag.py:538} INFO - Filling up the DagBag from /home/airflow/.local/lib/python3.8/site-packages/airflow/example_dags/example_branch_datetime_operator.py
[2026-04-19T00:19:06.952+0000] {processor.py:840} INFO - DAG(s) 'example_branch_datetime_operator_3', 'example_branch_datetime_operator_2', 'example_branch_datetime_operator' retrieved from /home/airflow/.local/lib/python3.8/site-packages/airflow/example_dags/example_branch_datetime_operator.py
[2026-04-19T00:19:06.997+0000] {logging_mixin.py:188} INFO - [2026-04-19T00:19:06.996+0000] {dag.py:3036} INFO - Sync 3 DAGs
[2026-04-19T00:19:07.031+0000] {logging_mixin.py:188} INFO - [2026-04-19T00:19:07.030+0000] {dag.py:3823} INFO - Setting next_dagrun for example_branch_datetime_operator to 2026-04-18 00:00:00+00:00, run_after=2026-04-19 00:00:00+00:00
[2026-04-19T00:19:07.037+0000] {logging_mixin.py:188} INFO - [2026-04-19T00:19:07.037+0000] {dag.py:3823} INFO - Setting next_dagrun for example_branch_datetime_operator_2 to 2026-04-18 00:00:00+00:00, run_after=2026-04-19 00:00:00+00:00
[2026-04-19T00:19:07.040+0000] {logging_mixin.py:188} INFO - [2026-04-19T00:19:07.040+0000] {dag.py:3823} INFO - Setting next_dagrun for example_branch_datetime_operator_3 to 2026-04-18 00:00:00+00:00, run_after=2026-04-19 00:00:00+00:00
[2026-04-19T00:19:07.072+0000] {processor.py:183} INFO - Processing /home/airflow/.local/lib/python3.8/site-packages/airflow/example_dags/example_branch_datetime_operator.py took 0.143 seconds
[2026-04-19T00:19:37.306+0000] {processor.py:161} INFO - Started process (PID=12177) to work on /home/airflow/.local/lib/python3.8/site-packages/airflow/example_dags/example_branch_datetime_operator.py
[2026-04-19T00:19:37.307+0000] {processor.py:830} INFO - Processing file /home/airflow/.local/lib/python3.8/site-packages/airflow/example_dags/example_branch_datetime_operator.py for tasks to queue
[2026-04-19T00:19:37.310+0000] {logging_mixin.py:188} INFO - [2026-04-19T00:19:37.309+0000] {dagbag.py:538} INFO - Filling up the DagBag from /home/airflow/.local/lib/python3.8/site-packages/airflow/example_dags/example_branch_datetime_operator.py
[2026-04-19T00:19:37.328+0000] {processor.py:840} INFO - DAG(s) 'example_branch_datetime_operator', 'example_branch_datetime_operator_2', 'example_branch_datetime_operator_3' retrieved from /home/airflow/.local/lib/python3.8/site-packages/airflow/example_dags/example_branch_datetime_operator.py
[2026-04-19T00:19:37.377+0000] {logging_mixin.py:188} INFO - [2026-04-19T00:19:37.377+0000] {dag.py:3036} INFO - Sync 3 DAGs
[2026-04-19T00:19:37.416+0000] {logging_mixin.py:188} INFO - [2026-04-19T00:19:37.416+0000] {dag.py:3823} INFO - Setting next_dagrun for example_branch_datetime_operator to 2026-04-18 00:00:00+00:00, run_after=2026-04-19 00:00:00+00:00
[2026-04-19T00:19:37.423+0000] {logging_mixin.py:188} INFO - [2026-04-19T00:19:37.423+0000] {dag.py:3823} INFO - Setting next_dagrun for example_branch_datetime_operator_2 to 2026-04-18 00:00:00+00:00, run_after=2026-04-19 00:00:00+00:00
[2026-04-19T00:19:37.428+0000] {logging_mixin.py:188} INFO - [2026-04-19T00:19:37.427+0000] {dag.py:3823} INFO - Setting next_dagrun for example_branch_datetime_operator_3 to 2026-04-18 00:00:00+00:00, run_after=2026-04-19 00:00:00+00:00
[2026-04-19T00:19:37.462+0000] {processor.py:183} INFO - Processing /home/airflow/.local/lib/python3.8/site-packages/airflow/example_dags/example_branch_datetime_operator.py took 0.162 seconds
[2026-04-19T00:20:07.876+0000] {processor.py:161} INFO - Started process (PID=12232) to work on /home/airflow/.local/lib/python3.8/site-packages/airflow/example_dags/example_branch_datetime_operator.py
[2026-04-19T00:20:07.877+0000] {processor.py:830} INFO - Processing file /home/airflow/.local/lib/python3.8/site-packages/airflow/example_dags/example_branch_datetime_operator.py for tasks to queue
[2026-04-19T00:20:07.881+0000] {logging_mixin.py:188} INFO - [2026-04-19T00:20:07.880+0000] {dagbag.py:538} INFO - Filling up the DagBag from /home/airflow/.local/lib/python3.8/site-packages/airflow/example_dags/example_branch_datetime_operator.py
[2026-04-19T00:20:07.897+0000] {processor.py:840} INFO - DAG(s) 'example_branch_datetime_operator', 'example_branch_datetime_operator_2', 'example_branch_datetime_operator_3' retrieved from /home/airflow/.local/lib/python3.8/site-packages/airflow/example_dags/example_branch_datetime_operator.py
[2026-04-19T00:20:07.944+0000] {logging_mixin.py:188} INFO - [2026-04-19T00:20:07.943+0000] {dag.py:3036} INFO - Sync 3 DAGs
[2026-04-19T00:20:07.982+0000] {logging_mixin.py:188} INFO - [2026-04-19T00:20:07.982+0000] {dag.py:3823} INFO - Setting next_dagrun for example_branch_datetime_operator to 2026-04-18 00:00:00+00:00, run_after=2026-04-19 00:00:00+00:00
[2026-04-19T00:20:07.991+0000] {logging_mixin.py:188} INFO - [2026-04-19T00:20:07.991+0000] {dag.py:3823} INFO - Setting next_dagrun for example_branch_datetime_operator_2 to 2026-04-18 00:00:00+00:00, run_after=2026-04-19 00:00:00+00:00
[2026-04-19T00:20:07.996+0000] {logging_mixin.py:188} INFO - [2026-04-19T00:20:07.995+0000] {dag.py:3823} INFO - Setting next_dagrun for example_branch_datetime_operator_3 to 2026-04-18 00:00:00+00:00, run_after=2026-04-19 00:00:00+00:00
[2026-04-19T00:20:08.031+0000] {processor.py:183} INFO - Processing /home/airflow/.local/lib/python3.8/site-packages/airflow/example_dags/example_branch_datetime_operator.py took 0.161 seconds
[2026-04-19T00:20:38.192+0000] {processor.py:161} INFO - Started process (PID=12286) to work on /home/airflow/.local/lib/python3.8/site-packages/airflow/example_dags/example_branch_datetime_operator.py
[2026-04-19T00:20:38.201+0000] {processor.py:830} INFO - Processing file /home/airflow/.local/lib/python3.8/site-packages/airflow/example_dags/example_branch_datetime_operator.py for tasks to queue
[2026-04-19T00:20:38.204+0000] {logging_mixin.py:188} INFO - [2026-04-19T00:20:38.203+0000] {dagbag.py:538} INFO - Filling up the DagBag from /home/airflow/.local/lib/python3.8/site-packages/airflow/example_dags/example_branch_datetime_operator.py
[2026-04-19T00:20:38.219+0000] {processor.py:840} INFO - DAG(s) 'example_branch_datetime_operator_2', 'example_branch_datetime_operator', 'example_branch_datetime_operator_3' retrieved from /home/airflow/.local/lib/python3.8/site-packages/airflow/example_dags/example_branch_datetime_operator.py
[2026-04-19T00:20:38.262+0000] {logging_mixin.py:188} INFO - [2026-04-19T00:20:38.261+0000] {dag.py:3036} INFO - Sync 3 DAGs
[2026-04-19T00:20:38.297+0000] {logging_mixin.py:188} INFO - [2026-04-19T00:20:38.296+0000] {dag.py:3823} INFO - Setting next_dagrun for example_branch_datetime_operator to 2026-04-18 00:00:00+00:00, run_after=2026-04-19 00:00:00+00:00
[2026-04-19T00:20:38.303+0000] {logging_mixin.py:188} INFO - [2026-04-19T00:20:38.303+0000] {dag.py:3823} INFO - Setting next_dagrun for example_branch_datetime_operator_2 to 2026-04-18 00:00:00+00:00, run_after=2026-04-19 00:00:00+00:00
[2026-04-19T00:20:38.307+0000] {logging_mixin.py:188} INFO - [2026-04-19T00:20:38.307+0000] {dag.py:3823} INFO - Setting next_dagrun for example_branch_datetime_operator_3 to 2026-04-18 00:00:00+00:00, run_after=2026-04-19 00:00:00+00:00
[2026-04-19T00:20:38.337+0000] {processor.py:183} INFO - Processing /home/airflow/.local/lib/python3.8/site-packages/airflow/example_dags/example_branch_datetime_operator.py took 0.150 seconds
[2026-04-19T00:21:08.461+0000] {processor.py:161} INFO - Started process (PID=12341) to work on /home/airflow/.local/lib/python3.8/site-packages/airflow/example_dags/example_branch_datetime_operator.py
[2026-04-19T00:21:08.462+0000] {processor.py:830} INFO - Processing file /home/airflow/.local/lib/python3.8/site-packages/airflow/example_dags/example_branch_datetime_operator.py for tasks to queue
[2026-04-19T00:21:08.465+0000] {logging_mixin.py:188} INFO - [2026-04-19T00:21:08.465+0000] {dagbag.py:538} INFO - Filling up the DagBag from /home/airflow/.local/lib/python3.8/site-packages/airflow/example_dags/example_branch_datetime_operator.py
[2026-04-19T00:21:08.481+0000] {processor.py:840} INFO - DAG(s) 'example_branch_datetime_operator_3', 'example_branch_datetime_operator_2', 'example_branch_datetime_operator' retrieved from /home/airflow/.local/lib/python3.8/site-packages/airflow/example_dags/example_branch_datetime_operator.py
[2026-04-19T00:21:08.523+0000] {logging_mixin.py:188} INFO - [2026-04-19T00:21:08.523+0000] {dag.py:3036} INFO - Sync 3 DAGs
[2026-04-19T00:21:08.562+0000] {logging_mixin.py:188} INFO - [2026-04-19T00:21:08.561+0000] {dag.py:3823} INFO - Setting next_dagrun for example_branch_datetime_operator to 2026-04-18 00:00:00+00:00, run_after=2026-04-19 00:00:00+00:00
[2026-04-19T00:21:08.569+0000] {logging_mixin.py:188} INFO - [2026-04-19T00:21:08.568+0000] {dag.py:3823} INFO - Setting next_dagrun for example_branch_datetime_operator_2 to 2026-04-18 00:00:00+00:00, run_after=2026-04-19 00:00:00+00:00
[2026-04-19T00:21:08.572+0000] {logging_mixin.py:188} INFO - [2026-04-19T00:21:08.572+0000] {dag.py:3823} INFO - Setting next_dagrun for example_branch_datetime_operator_3 to 2026-04-18 00:00:00+00:00, run_after=2026-04-19 00:00:00+00:00
[2026-04-19T00:21:08.594+0000] {processor.py:183} INFO - Processing /home/airflow/.local/lib/python3.8/site-packages/airflow/example_dags/example_branch_datetime_operator.py took 0.138 seconds
[2026-04-19T00:21:38.972+0000] {processor.py:161} INFO - Started process (PID=12396) to work on /home/airflow/.local/lib/python3.8/site-packages/airflow/example_dags/example_branch_datetime_operator.py
[2026-04-19T00:21:38.982+0000] {processor.py:830} INFO - Processing file /home/airflow/.local/lib/python3.8/site-packages/airflow/example_dags/example_branch_datetime_operator.py for tasks to queue
[2026-04-19T00:21:38.984+0000] {logging_mixin.py:188} INFO - [2026-04-19T00:21:38.984+0000] {dagbag.py:538} INFO - Filling up the DagBag from /home/airflow/.local/lib/python3.8/site-packages/airflow/example_dags/example_branch_datetime_operator.py
[2026-04-19T00:21:39.000+0000] {processor.py:840} INFO - DAG(s) 'example_branch_datetime_operator_3', 'example_branch_datetime_operator', 'example_branch_datetime_operator_2' retrieved from /home/airflow/.local/lib/python3.8/site-packages/airflow/example_dags/example_branch_datetime_operator.py
[2026-04-19T00:21:39.042+0000] {logging_mixin.py:188} INFO - [2026-04-19T00:21:39.041+0000] {dag.py:3036} INFO - Sync 3 DAGs
[2026-04-19T00:21:39.077+0000] {logging_mixin.py:188} INFO - [2026-04-19T00:21:39.077+0000] {dag.py:3823} INFO - Setting next_dagrun for example_branch_datetime_operator to 2026-04-18 00:00:00+00:00, run_after=2026-04-19 00:00:00+00:00
[2026-04-19T00:21:39.084+0000] {logging_mixin.py:188} INFO - [2026-04-19T00:21:39.084+0000] {dag.py:3823} INFO - Setting next_dagrun for example_branch_datetime_operator_2 to 2026-04-18 00:00:00+00:00, run_after=2026-04-19 00:00:00+00:00
[2026-04-19T00:21:39.089+0000] {logging_mixin.py:188} INFO - [2026-04-19T00:21:39.088+0000] {dag.py:3823} INFO - Setting next_dagrun for example_branch_datetime_operator_3 to 2026-04-18 00:00:00+00:00, run_after=2026-04-19 00:00:00+00:00
[2026-04-19T00:21:39.111+0000] {processor.py:183} INFO - Processing /home/airflow/.local/lib/python3.8/site-packages/airflow/example_dags/example_branch_datetime_operator.py took 0.144 seconds
[2026-04-19T00:22:09.401+0000] {processor.py:161} INFO - Started process (PID=12451) to work on /home/airflow/.local/lib/python3.8/site-packages/airflow/example_dags/example_branch_datetime_operator.py
[2026-04-19T00:22:09.403+0000] {processor.py:830} INFO - Processing file /home/airflow/.local/lib/python3.8/site-packages/airflow/example_dags/example_branch_datetime_operator.py for tasks to queue
[2026-04-19T00:22:09.405+0000] {logging_mixin.py:188} INFO - [2026-04-19T00:22:09.405+0000] {dagbag.py:538} INFO - Filling up the DagBag from /home/airflow/.local/lib/python3.8/site-packages/airflow/example_dags/example_branch_datetime_operator.py
[2026-04-19T00:22:09.420+0000] {processor.py:840} INFO - DAG(s) 'example_branch_datetime_operator_3', 'example_branch_datetime_operator', 'example_branch_datetime_operator_2' retrieved from /home/airflow/.local/lib/python3.8/site-packages/airflow/example_dags/example_branch_datetime_operator.py
[2026-04-19T00:22:09.463+0000] {logging_mixin.py:188} INFO - [2026-04-19T00:22:09.462+0000] {dag.py:3036} INFO - Sync 3 DAGs
[2026-04-19T00:22:09.494+0000] {logging_mixin.py:188} INFO - [2026-04-19T00:22:09.494+0000] {dag.py:3823} INFO - Setting next_dagrun for example_branch_datetime_operator to 2026-04-18 00:00:00+00:00, run_after=2026-04-19 00:00:00+00:00
[2026-04-19T00:22:09.500+0000] {logging_mixin.py:188} INFO - [2026-04-19T00:22:09.500+0000] {dag.py:3823} INFO - Setting next_dagrun for example_branch_datetime_operator_2 to 2026-04-18 00:00:00+00:00, run_after=2026-04-19 00:00:00+00:00
[2026-04-19T00:22:09.504+0000] {logging_mixin.py:188} INFO - [2026-04-19T00:22:09.503+0000] {dag.py:3823} INFO - Setting next_dagrun for example_branch_datetime_operator_3 to 2026-04-18 00:00:00+00:00, run_after=2026-04-19 00:00:00+00:00
[2026-04-19T00:22:09.525+0000] {processor.py:183} INFO - Processing /home/airflow/.local/lib/python3.8/site-packages/airflow/example_dags/example_branch_datetime_operator.py took 0.128 seconds
[2026-04-19T00:22:39.960+0000] {processor.py:161} INFO - Started process (PID=12506) to work on /home/airflow/.local/lib/python3.8/site-packages/airflow/example_dags/example_branch_datetime_operator.py
[2026-04-19T00:22:39.962+0000] {processor.py:830} INFO - Processing file /home/airflow/.local/lib/python3.8/site-packages/airflow/example_dags/example_branch_datetime_operator.py for tasks to queue
[2026-04-19T00:22:39.965+0000] {logging_mixin.py:188} INFO - [2026-04-19T00:22:39.965+0000] {dagbag.py:538} INFO - Filling up the DagBag from /home/airflow/.local/lib/python3.8/site-packages/airflow/example_dags/example_branch_datetime_operator.py
[2026-04-19T00:22:39.984+0000] {processor.py:840} INFO - DAG(s) 'example_branch_datetime_operator_2', 'example_branch_datetime_operator_3', 'example_branch_datetime_operator' retrieved from /home/airflow/.local/lib/python3.8/site-packages/airflow/example_dags/example_branch_datetime_operator.py
[2026-04-19T00:22:40.038+0000] {logging_mixin.py:188} INFO - [2026-04-19T00:22:40.037+0000] {dag.py:3036} INFO - Sync 3 DAGs
[2026-04-19T00:22:40.075+0000] {logging_mixin.py:188} INFO - [2026-04-19T00:22:40.074+0000] {dag.py:3823} INFO - Setting next_dagrun for example_branch_datetime_operator to 2026-04-18 00:00:00+00:00, run_after=2026-04-19 00:00:00+00:00
[2026-04-19T00:22:40.084+0000] {logging_mixin.py:188} INFO - [2026-04-19T00:22:40.084+0000] {dag.py:3823} INFO - Setting next_dagrun for example_branch_datetime_operator_2 to 2026-04-18 00:00:00+00:00, run_after=2026-04-19 00:00:00+00:00
[2026-04-19T00:22:40.088+0000] {logging_mixin.py:188} INFO - [2026-04-19T00:22:40.088+0000] {dag.py:3823} INFO - Setting next_dagrun for example_branch_datetime_operator_3 to 2026-04-18 00:00:00+00:00, run_after=2026-04-19 00:00:00+00:00
[2026-04-19T00:22:40.111+0000] {processor.py:183} INFO - Processing /home/airflow/.local/lib/python3.8/site-packages/airflow/example_dags/example_branch_datetime_operator.py took 0.157 seconds
[2026-04-19T00:23:10.236+0000] {processor.py:161} INFO - Started process (PID=12561) to work on /home/airflow/.local/lib/python3.8/site-packages/airflow/example_dags/example_branch_datetime_operator.py
[2026-04-19T00:23:10.246+0000] {processor.py:830} INFO - Processing file /home/airflow/.local/lib/python3.8/site-packages/airflow/example_dags/example_branch_datetime_operator.py for tasks to queue
[2026-04-19T00:23:10.249+0000] {logging_mixin.py:188} INFO - [2026-04-19T00:23:10.248+0000] {dagbag.py:538} INFO - Filling up the DagBag from /home/airflow/.local/lib/python3.8/site-packages/airflow/example_dags/example_branch_datetime_operator.py
[2026-04-19T00:23:10.266+0000] {processor.py:840} INFO - DAG(s) 'example_branch_datetime_operator_3', 'example_branch_datetime_operator', 'example_branch_datetime_operator_2' retrieved from /home/airflow/.local/lib/python3.8/site-packages/airflow/example_dags/example_branch_datetime_operator.py
[2026-04-19T00:23:10.310+0000] {logging_mixin.py:188} INFO - [2026-04-19T00:23:10.309+0000] {dag.py:3036} INFO - Sync 3 DAGs
[2026-04-19T00:23:10.341+0000] {logging_mixin.py:188} INFO - [2026-04-19T00:23:10.341+0000] {dag.py:3823} INFO - Setting next_dagrun for example_branch_datetime_operator to 2026-04-18 00:00:00+00:00, run_after=2026-04-19 00:00:00+00:00
[2026-04-19T00:23:10.347+0000] {logging_mixin.py:188} INFO - [2026-04-19T00:23:10.347+0000] {dag.py:3823} INFO - Setting next_dagrun for example_branch_datetime_operator_2 to 2026-04-18 00:00:00+00:00, run_after=2026-04-19 00:00:00+00:00
[2026-04-19T00:23:10.351+0000] {logging_mixin.py:188} INFO - [2026-04-19T00:23:10.351+0000] {dag.py:3823} INFO - Setting next_dagrun for example_branch_datetime_operator_3 to 2026-04-18 00:00:00+00:00, run_after=2026-04-19 00:00:00+00:00
[2026-04-19T00:23:10.373+0000] {processor.py:183} INFO - Processing /home/airflow/.local/lib/python3.8/site-packages/airflow/example_dags/example_branch_datetime_operator.py took 0.142 seconds
[2026-04-19T00:23:40.452+0000] {processor.py:161} INFO - Started process (PID=12616) to work on /home/airflow/.local/lib/python3.8/site-packages/airflow/example_dags/example_branch_datetime_operator.py
[2026-04-19T00:23:40.461+0000] {processor.py:830} INFO - Processing file /home/airflow/.local/lib/python3.8/site-packages/airflow/example_dags/example_branch_datetime_operator.py for tasks to queue
[2026-04-19T00:23:40.464+0000] {logging_mixin.py:188} INFO - [2026-04-19T00:23:40.463+0000] {dagbag.py:538} INFO - Filling up the DagBag from /home/airflow/.local/lib/python3.8/site-packages/airflow/example_dags/example_branch_datetime_operator.py
[2026-04-19T00:23:40.481+0000] {processor.py:840} INFO - DAG(s) 'example_branch_datetime_operator', 'example_branch_datetime_operator_3', 'example_branch_datetime_operator_2' retrieved from /home/airflow/.local/lib/python3.8/site-packages/airflow/example_dags/example_branch_datetime_operator.py
[2026-04-19T00:23:40.530+0000] {logging_mixin.py:188} INFO - [2026-04-19T00:23:40.529+0000] {dag.py:3036} INFO - Sync 3 DAGs
[2026-04-19T00:23:40.571+0000] {logging_mixin.py:188} INFO - [2026-04-19T00:23:40.570+0000] {dag.py:3823} INFO - Setting next_dagrun for example_branch_datetime_operator to 2026-04-18 00:00:00+00:00, run_after=2026-04-19 00:00:00+00:00
[2026-04-19T00:23:40.580+0000] {logging_mixin.py:188} INFO - [2026-04-19T00:23:40.580+0000] {dag.py:3823} INFO - Setting next_dagrun for example_branch_datetime_operator_2 to 2026-04-18 00:00:00+00:00, run_after=2026-04-19 00:00:00+00:00
[2026-04-19T00:23:40.585+0000] {logging_mixin.py:188} INFO - [2026-04-19T00:23:40.585+0000] {dag.py:3823} INFO - Setting next_dagrun for example_branch_datetime_operator_3 to 2026-04-18 00:00:00+00:00, run_after=2026-04-19 00:00:00+00:00
[2026-04-19T00:23:40.612+0000] {processor.py:183} INFO - Processing /home/airflow/.local/lib/python3.8/site-packages/airflow/example_dags/example_branch_datetime_operator.py took 0.165 seconds
[2026-04-19T00:24:11.626+0000] {processor.py:161} INFO - Started process (PID=12672) to work on /home/airflow/.local/lib/python3.8/site-packages/airflow/example_dags/example_branch_datetime_operator.py
[2026-04-19T00:24:11.628+0000] {processor.py:830} INFO - Processing file /home/airflow/.local/lib/python3.8/site-packages/airflow/example_dags/example_branch_datetime_operator.py for tasks to queue
[2026-04-19T00:24:11.630+0000] {logging_mixin.py:188} INFO - [2026-04-19T00:24:11.630+0000] {dagbag.py:538} INFO - Filling up the DagBag from /home/airflow/.local/lib/python3.8/site-packages/airflow/example_dags/example_branch_datetime_operator.py
[2026-04-19T00:24:11.646+0000] {processor.py:840} INFO - DAG(s) 'example_branch_datetime_operator_2', 'example_branch_datetime_operator', 'example_branch_datetime_operator_3' retrieved from /home/airflow/.local/lib/python3.8/site-packages/airflow/example_dags/example_branch_datetime_operator.py
[2026-04-19T00:24:11.689+0000] {logging_mixin.py:188} INFO - [2026-04-19T00:24:11.689+0000] {dag.py:3036} INFO - Sync 3 DAGs
[2026-04-19T00:24:11.737+0000] {logging_mixin.py:188} INFO - [2026-04-19T00:24:11.737+0000] {dag.py:3823} INFO - Setting next_dagrun for example_branch_datetime_operator to 2026-04-18 00:00:00+00:00, run_after=2026-04-19 00:00:00+00:00
[2026-04-19T00:24:11.748+0000] {logging_mixin.py:188} INFO - [2026-04-19T00:24:11.747+0000] {dag.py:3823} INFO - Setting next_dagrun for example_branch_datetime_operator_2 to 2026-04-18 00:00:00+00:00, run_after=2026-04-19 00:00:00+00:00
[2026-04-19T00:24:11.753+0000] {logging_mixin.py:188} INFO - [2026-04-19T00:24:11.753+0000] {dag.py:3823} INFO - Setting next_dagrun for example_branch_datetime_operator_3 to 2026-04-18 00:00:00+00:00, run_after=2026-04-19 00:00:00+00:00
[2026-04-19T00:24:11.785+0000] {processor.py:183} INFO - Processing /home/airflow/.local/lib/python3.8/site-packages/airflow/example_dags/example_branch_datetime_operator.py took 0.163 seconds
