[2026-04-19T00:00:22.210+0000] {processor.py:161} INFO - Started process (PID=10096) to work on /home/airflow/.local/lib/python3.8/site-packages/airflow/example_dags/example_sla_dag.py
[2026-04-19T00:00:22.211+0000] {processor.py:830} INFO - Processing file /home/airflow/.local/lib/python3.8/site-packages/airflow/example_dags/example_sla_dag.py for tasks to queue
[2026-04-19T00:00:22.214+0000] {logging_mixin.py:188} INFO - [2026-04-19T00:00:22.214+0000] {dagbag.py:538} INFO - Filling up the DagBag from /home/airflow/.local/lib/python3.8/site-packages/airflow/example_dags/example_sla_dag.py
[2026-04-19T00:00:22.228+0000] {processor.py:840} INFO - DAG(s) 'example_sla_dag' retrieved from /home/airflow/.local/lib/python3.8/site-packages/airflow/example_dags/example_sla_dag.py
[2026-04-19T00:00:22.258+0000] {logging_mixin.py:188} INFO - [2026-04-19T00:00:22.258+0000] {dag.py:3036} INFO - Sync 1 DAGs
[2026-04-19T00:00:22.294+0000] {logging_mixin.py:188} INFO - [2026-04-19T00:00:22.294+0000] {dag.py:3823} INFO - Setting next_dagrun for example_sla_dag to 2026-04-18 23:58:00+00:00, run_after=2026-04-19 00:00:00+00:00
[2026-04-19T00:00:22.318+0000] {processor.py:183} INFO - Processing /home/airflow/.local/lib/python3.8/site-packages/airflow/example_dags/example_sla_dag.py took 0.113 seconds
[2026-04-19T00:00:52.880+0000] {processor.py:161} INFO - Started process (PID=10151) to work on /home/airflow/.local/lib/python3.8/site-packages/airflow/example_dags/example_sla_dag.py
[2026-04-19T00:00:52.881+0000] {processor.py:830} INFO - Processing file /home/airflow/.local/lib/python3.8/site-packages/airflow/example_dags/example_sla_dag.py for tasks to queue
[2026-04-19T00:00:52.884+0000] {logging_mixin.py:188} INFO - [2026-04-19T00:00:52.883+0000] {dagbag.py:538} INFO - Filling up the DagBag from /home/airflow/.local/lib/python3.8/site-packages/airflow/example_dags/example_sla_dag.py
[2026-04-19T00:00:52.896+0000] {processor.py:840} INFO - DAG(s) 'example_sla_dag' retrieved from /home/airflow/.local/lib/python3.8/site-packages/airflow/example_dags/example_sla_dag.py
[2026-04-19T00:00:52.924+0000] {logging_mixin.py:188} INFO - [2026-04-19T00:00:52.923+0000] {dag.py:3036} INFO - Sync 1 DAGs
[2026-04-19T00:00:52.957+0000] {logging_mixin.py:188} INFO - [2026-04-19T00:00:52.957+0000] {dag.py:3823} INFO - Setting next_dagrun for example_sla_dag to 2026-04-18 23:58:00+00:00, run_after=2026-04-19 00:00:00+00:00
[2026-04-19T00:00:52.976+0000] {processor.py:183} INFO - Processing /home/airflow/.local/lib/python3.8/site-packages/airflow/example_dags/example_sla_dag.py took 0.101 seconds
[2026-04-19T00:01:23.188+0000] {processor.py:161} INFO - Started process (PID=10206) to work on /home/airflow/.local/lib/python3.8/site-packages/airflow/example_dags/example_sla_dag.py
[2026-04-19T00:01:23.190+0000] {processor.py:830} INFO - Processing file /home/airflow/.local/lib/python3.8/site-packages/airflow/example_dags/example_sla_dag.py for tasks to queue
[2026-04-19T00:01:23.193+0000] {logging_mixin.py:188} INFO - [2026-04-19T00:01:23.192+0000] {dagbag.py:538} INFO - Filling up the DagBag from /home/airflow/.local/lib/python3.8/site-packages/airflow/example_dags/example_sla_dag.py
[2026-04-19T00:01:23.207+0000] {processor.py:840} INFO - DAG(s) 'example_sla_dag' retrieved from /home/airflow/.local/lib/python3.8/site-packages/airflow/example_dags/example_sla_dag.py
[2026-04-19T00:01:23.236+0000] {logging_mixin.py:188} INFO - [2026-04-19T00:01:23.235+0000] {dag.py:3036} INFO - Sync 1 DAGs
[2026-04-19T00:01:23.268+0000] {logging_mixin.py:188} INFO - [2026-04-19T00:01:23.268+0000] {dag.py:3823} INFO - Setting next_dagrun for example_sla_dag to 2026-04-18 23:58:00+00:00, run_after=2026-04-19 00:00:00+00:00
[2026-04-19T00:01:23.289+0000] {processor.py:183} INFO - Processing /home/airflow/.local/lib/python3.8/site-packages/airflow/example_dags/example_sla_dag.py took 0.105 seconds
[2026-04-19T00:01:53.498+0000] {processor.py:161} INFO - Started process (PID=10261) to work on /home/airflow/.local/lib/python3.8/site-packages/airflow/example_dags/example_sla_dag.py
[2026-04-19T00:01:53.500+0000] {processor.py:830} INFO - Processing file /home/airflow/.local/lib/python3.8/site-packages/airflow/example_dags/example_sla_dag.py for tasks to queue
[2026-04-19T00:01:53.502+0000] {logging_mixin.py:188} INFO - [2026-04-19T00:01:53.502+0000] {dagbag.py:538} INFO - Filling up the DagBag from /home/airflow/.local/lib/python3.8/site-packages/airflow/example_dags/example_sla_dag.py
[2026-04-19T00:01:53.515+0000] {processor.py:840} INFO - DAG(s) 'example_sla_dag' retrieved from /home/airflow/.local/lib/python3.8/site-packages/airflow/example_dags/example_sla_dag.py
[2026-04-19T00:01:53.546+0000] {logging_mixin.py:188} INFO - [2026-04-19T00:01:53.545+0000] {dag.py:3036} INFO - Sync 1 DAGs
[2026-04-19T00:01:53.578+0000] {logging_mixin.py:188} INFO - [2026-04-19T00:01:53.578+0000] {dag.py:3823} INFO - Setting next_dagrun for example_sla_dag to 2026-04-18 23:58:00+00:00, run_after=2026-04-19 00:00:00+00:00
[2026-04-19T00:01:53.603+0000] {processor.py:183} INFO - Processing /home/airflow/.local/lib/python3.8/site-packages/airflow/example_dags/example_sla_dag.py took 0.110 seconds
[2026-04-19T00:02:23.760+0000] {processor.py:161} INFO - Started process (PID=10316) to work on /home/airflow/.local/lib/python3.8/site-packages/airflow/example_dags/example_sla_dag.py
[2026-04-19T00:02:23.761+0000] {processor.py:830} INFO - Processing file /home/airflow/.local/lib/python3.8/site-packages/airflow/example_dags/example_sla_dag.py for tasks to queue
[2026-04-19T00:02:23.763+0000] {logging_mixin.py:188} INFO - [2026-04-19T00:02:23.762+0000] {dagbag.py:538} INFO - Filling up the DagBag from /home/airflow/.local/lib/python3.8/site-packages/airflow/example_dags/example_sla_dag.py
[2026-04-19T00:02:23.774+0000] {processor.py:840} INFO - DAG(s) 'example_sla_dag' retrieved from /home/airflow/.local/lib/python3.8/site-packages/airflow/example_dags/example_sla_dag.py
[2026-04-19T00:02:23.801+0000] {logging_mixin.py:188} INFO - [2026-04-19T00:02:23.800+0000] {dag.py:3036} INFO - Sync 1 DAGs
[2026-04-19T00:02:23.832+0000] {logging_mixin.py:188} INFO - [2026-04-19T00:02:23.832+0000] {dag.py:3823} INFO - Setting next_dagrun for example_sla_dag to 2026-04-19 00:00:00+00:00, run_after=2026-04-19 00:02:00+00:00
[2026-04-19T00:02:23.853+0000] {processor.py:183} INFO - Processing /home/airflow/.local/lib/python3.8/site-packages/airflow/example_dags/example_sla_dag.py took 0.099 seconds
[2026-04-19T00:02:54.219+0000] {processor.py:161} INFO - Started process (PID=10371) to work on /home/airflow/.local/lib/python3.8/site-packages/airflow/example_dags/example_sla_dag.py
[2026-04-19T00:02:54.221+0000] {processor.py:830} INFO - Processing file /home/airflow/.local/lib/python3.8/site-packages/airflow/example_dags/example_sla_dag.py for tasks to queue
[2026-04-19T00:02:54.223+0000] {logging_mixin.py:188} INFO - [2026-04-19T00:02:54.222+0000] {dagbag.py:538} INFO - Filling up the DagBag from /home/airflow/.local/lib/python3.8/site-packages/airflow/example_dags/example_sla_dag.py
[2026-04-19T00:02:54.235+0000] {processor.py:840} INFO - DAG(s) 'example_sla_dag' retrieved from /home/airflow/.local/lib/python3.8/site-packages/airflow/example_dags/example_sla_dag.py
[2026-04-19T00:02:54.263+0000] {logging_mixin.py:188} INFO - [2026-04-19T00:02:54.263+0000] {dag.py:3036} INFO - Sync 1 DAGs
[2026-04-19T00:02:54.300+0000] {logging_mixin.py:188} INFO - [2026-04-19T00:02:54.300+0000] {dag.py:3823} INFO - Setting next_dagrun for example_sla_dag to 2026-04-19 00:00:00+00:00, run_after=2026-04-19 00:02:00+00:00
[2026-04-19T00:02:54.325+0000] {processor.py:183} INFO - Processing /home/airflow/.local/lib/python3.8/site-packages/airflow/example_dags/example_sla_dag.py took 0.110 seconds
[2026-04-19T00:03:25.594+0000] {processor.py:161} INFO - Started process (PID=10427) to work on /home/airflow/.local/lib/python3.8/site-packages/airflow/example_dags/example_sla_dag.py
[2026-04-19T00:03:25.595+0000] {processor.py:830} INFO - Processing file /home/airflow/.local/lib/python3.8/site-packages/airflow/example_dags/example_sla_dag.py for tasks to queue
[2026-04-19T00:03:25.598+0000] {logging_mixin.py:188} INFO - [2026-04-19T00:03:25.597+0000] {dagbag.py:538} INFO - Filling up the DagBag from /home/airflow/.local/lib/python3.8/site-packages/airflow/example_dags/example_sla_dag.py
[2026-04-19T00:03:25.611+0000] {processor.py:840} INFO - DAG(s) 'example_sla_dag' retrieved from /home/airflow/.local/lib/python3.8/site-packages/airflow/example_dags/example_sla_dag.py
[2026-04-19T00:03:25.642+0000] {logging_mixin.py:188} INFO - [2026-04-19T00:03:25.642+0000] {dag.py:3036} INFO - Sync 1 DAGs
[2026-04-19T00:03:25.675+0000] {logging_mixin.py:188} INFO - [2026-04-19T00:03:25.675+0000] {dag.py:3823} INFO - Setting next_dagrun for example_sla_dag to 2026-04-19 00:00:00+00:00, run_after=2026-04-19 00:02:00+00:00
[2026-04-19T00:03:25.700+0000] {processor.py:183} INFO - Processing /home/airflow/.local/lib/python3.8/site-packages/airflow/example_dags/example_sla_dag.py took 0.110 seconds
[2026-04-19T00:03:55.866+0000] {processor.py:161} INFO - Started process (PID=10482) to work on /home/airflow/.local/lib/python3.8/site-packages/airflow/example_dags/example_sla_dag.py
[2026-04-19T00:03:55.867+0000] {processor.py:830} INFO - Processing file /home/airflow/.local/lib/python3.8/site-packages/airflow/example_dags/example_sla_dag.py for tasks to queue
[2026-04-19T00:03:55.870+0000] {logging_mixin.py:188} INFO - [2026-04-19T00:03:55.869+0000] {dagbag.py:538} INFO - Filling up the DagBag from /home/airflow/.local/lib/python3.8/site-packages/airflow/example_dags/example_sla_dag.py
[2026-04-19T00:03:55.882+0000] {processor.py:840} INFO - DAG(s) 'example_sla_dag' retrieved from /home/airflow/.local/lib/python3.8/site-packages/airflow/example_dags/example_sla_dag.py
[2026-04-19T00:03:55.913+0000] {logging_mixin.py:188} INFO - [2026-04-19T00:03:55.912+0000] {dag.py:3036} INFO - Sync 1 DAGs
[2026-04-19T00:03:55.948+0000] {logging_mixin.py:188} INFO - [2026-04-19T00:03:55.947+0000] {dag.py:3823} INFO - Setting next_dagrun for example_sla_dag to 2026-04-19 00:00:00+00:00, run_after=2026-04-19 00:02:00+00:00
[2026-04-19T00:03:55.974+0000] {processor.py:183} INFO - Processing /home/airflow/.local/lib/python3.8/site-packages/airflow/example_dags/example_sla_dag.py took 0.112 seconds
[2026-04-19T00:04:26.106+0000] {processor.py:161} INFO - Started process (PID=10537) to work on /home/airflow/.local/lib/python3.8/site-packages/airflow/example_dags/example_sla_dag.py
[2026-04-19T00:04:26.107+0000] {processor.py:830} INFO - Processing file /home/airflow/.local/lib/python3.8/site-packages/airflow/example_dags/example_sla_dag.py for tasks to queue
[2026-04-19T00:04:26.110+0000] {logging_mixin.py:188} INFO - [2026-04-19T00:04:26.109+0000] {dagbag.py:538} INFO - Filling up the DagBag from /home/airflow/.local/lib/python3.8/site-packages/airflow/example_dags/example_sla_dag.py
[2026-04-19T00:04:26.123+0000] {processor.py:840} INFO - DAG(s) 'example_sla_dag' retrieved from /home/airflow/.local/lib/python3.8/site-packages/airflow/example_dags/example_sla_dag.py
[2026-04-19T00:04:26.154+0000] {logging_mixin.py:188} INFO - [2026-04-19T00:04:26.154+0000] {dag.py:3036} INFO - Sync 1 DAGs
[2026-04-19T00:04:26.191+0000] {logging_mixin.py:188} INFO - [2026-04-19T00:04:26.191+0000] {dag.py:3823} INFO - Setting next_dagrun for example_sla_dag to 2026-04-19 00:02:00+00:00, run_after=2026-04-19 00:04:00+00:00
[2026-04-19T00:04:26.217+0000] {processor.py:183} INFO - Processing /home/airflow/.local/lib/python3.8/site-packages/airflow/example_dags/example_sla_dag.py took 0.117 seconds
[2026-04-19T00:04:56.370+0000] {processor.py:161} INFO - Started process (PID=10591) to work on /home/airflow/.local/lib/python3.8/site-packages/airflow/example_dags/example_sla_dag.py
[2026-04-19T00:04:56.372+0000] {processor.py:830} INFO - Processing file /home/airflow/.local/lib/python3.8/site-packages/airflow/example_dags/example_sla_dag.py for tasks to queue
[2026-04-19T00:04:56.376+0000] {logging_mixin.py:188} INFO - [2026-04-19T00:04:56.375+0000] {dagbag.py:538} INFO - Filling up the DagBag from /home/airflow/.local/lib/python3.8/site-packages/airflow/example_dags/example_sla_dag.py
[2026-04-19T00:04:56.389+0000] {processor.py:840} INFO - DAG(s) 'example_sla_dag' retrieved from /home/airflow/.local/lib/python3.8/site-packages/airflow/example_dags/example_sla_dag.py
[2026-04-19T00:04:56.421+0000] {logging_mixin.py:188} INFO - [2026-04-19T00:04:56.420+0000] {dag.py:3036} INFO - Sync 1 DAGs
[2026-04-19T00:04:56.458+0000] {logging_mixin.py:188} INFO - [2026-04-19T00:04:56.458+0000] {dag.py:3823} INFO - Setting next_dagrun for example_sla_dag to 2026-04-19 00:02:00+00:00, run_after=2026-04-19 00:04:00+00:00
[2026-04-19T00:04:56.485+0000] {processor.py:183} INFO - Processing /home/airflow/.local/lib/python3.8/site-packages/airflow/example_dags/example_sla_dag.py took 0.120 seconds
[2026-04-19T00:05:26.765+0000] {processor.py:161} INFO - Started process (PID=10645) to work on /home/airflow/.local/lib/python3.8/site-packages/airflow/example_dags/example_sla_dag.py
[2026-04-19T00:05:26.766+0000] {processor.py:830} INFO - Processing file /home/airflow/.local/lib/python3.8/site-packages/airflow/example_dags/example_sla_dag.py for tasks to queue
[2026-04-19T00:05:26.769+0000] {logging_mixin.py:188} INFO - [2026-04-19T00:05:26.769+0000] {dagbag.py:538} INFO - Filling up the DagBag from /home/airflow/.local/lib/python3.8/site-packages/airflow/example_dags/example_sla_dag.py
[2026-04-19T00:05:26.782+0000] {processor.py:840} INFO - DAG(s) 'example_sla_dag' retrieved from /home/airflow/.local/lib/python3.8/site-packages/airflow/example_dags/example_sla_dag.py
[2026-04-19T00:05:26.812+0000] {logging_mixin.py:188} INFO - [2026-04-19T00:05:26.812+0000] {dag.py:3036} INFO - Sync 1 DAGs
[2026-04-19T00:05:26.848+0000] {logging_mixin.py:188} INFO - [2026-04-19T00:05:26.847+0000] {dag.py:3823} INFO - Setting next_dagrun for example_sla_dag to 2026-04-19 00:02:00+00:00, run_after=2026-04-19 00:04:00+00:00
[2026-04-19T00:05:26.870+0000] {processor.py:183} INFO - Processing /home/airflow/.local/lib/python3.8/site-packages/airflow/example_dags/example_sla_dag.py took 0.110 seconds
[2026-04-19T00:05:57.112+0000] {processor.py:161} INFO - Started process (PID=10700) to work on /home/airflow/.local/lib/python3.8/site-packages/airflow/example_dags/example_sla_dag.py
[2026-04-19T00:05:57.113+0000] {processor.py:830} INFO - Processing file /home/airflow/.local/lib/python3.8/site-packages/airflow/example_dags/example_sla_dag.py for tasks to queue
[2026-04-19T00:05:57.115+0000] {logging_mixin.py:188} INFO - [2026-04-19T00:05:57.115+0000] {dagbag.py:538} INFO - Filling up the DagBag from /home/airflow/.local/lib/python3.8/site-packages/airflow/example_dags/example_sla_dag.py
[2026-04-19T00:05:57.130+0000] {processor.py:840} INFO - DAG(s) 'example_sla_dag' retrieved from /home/airflow/.local/lib/python3.8/site-packages/airflow/example_dags/example_sla_dag.py
[2026-04-19T00:05:57.160+0000] {logging_mixin.py:188} INFO - [2026-04-19T00:05:57.160+0000] {dag.py:3036} INFO - Sync 1 DAGs
[2026-04-19T00:05:57.202+0000] {logging_mixin.py:188} INFO - [2026-04-19T00:05:57.202+0000] {dag.py:3823} INFO - Setting next_dagrun for example_sla_dag to 2026-04-19 00:02:00+00:00, run_after=2026-04-19 00:04:00+00:00
[2026-04-19T00:05:57.227+0000] {processor.py:183} INFO - Processing /home/airflow/.local/lib/python3.8/site-packages/airflow/example_dags/example_sla_dag.py took 0.121 seconds
[2026-04-19T00:06:27.521+0000] {processor.py:161} INFO - Started process (PID=10755) to work on /home/airflow/.local/lib/python3.8/site-packages/airflow/example_dags/example_sla_dag.py
[2026-04-19T00:06:27.523+0000] {processor.py:830} INFO - Processing file /home/airflow/.local/lib/python3.8/site-packages/airflow/example_dags/example_sla_dag.py for tasks to queue
[2026-04-19T00:06:27.525+0000] {logging_mixin.py:188} INFO - [2026-04-19T00:06:27.525+0000] {dagbag.py:538} INFO - Filling up the DagBag from /home/airflow/.local/lib/python3.8/site-packages/airflow/example_dags/example_sla_dag.py
[2026-04-19T00:06:27.536+0000] {processor.py:840} INFO - DAG(s) 'example_sla_dag' retrieved from /home/airflow/.local/lib/python3.8/site-packages/airflow/example_dags/example_sla_dag.py
[2026-04-19T00:06:27.564+0000] {logging_mixin.py:188} INFO - [2026-04-19T00:06:27.563+0000] {dag.py:3036} INFO - Sync 1 DAGs
[2026-04-19T00:06:27.597+0000] {logging_mixin.py:188} INFO - [2026-04-19T00:06:27.596+0000] {dag.py:3823} INFO - Setting next_dagrun for example_sla_dag to 2026-04-19 00:04:00+00:00, run_after=2026-04-19 00:06:00+00:00
[2026-04-19T00:06:27.618+0000] {processor.py:183} INFO - Processing /home/airflow/.local/lib/python3.8/site-packages/airflow/example_dags/example_sla_dag.py took 0.101 seconds
[2026-04-19T00:06:57.764+0000] {processor.py:161} INFO - Started process (PID=10810) to work on /home/airflow/.local/lib/python3.8/site-packages/airflow/example_dags/example_sla_dag.py
[2026-04-19T00:06:57.765+0000] {processor.py:830} INFO - Processing file /home/airflow/.local/lib/python3.8/site-packages/airflow/example_dags/example_sla_dag.py for tasks to queue
[2026-04-19T00:06:57.768+0000] {logging_mixin.py:188} INFO - [2026-04-19T00:06:57.768+0000] {dagbag.py:538} INFO - Filling up the DagBag from /home/airflow/.local/lib/python3.8/site-packages/airflow/example_dags/example_sla_dag.py
[2026-04-19T00:06:57.782+0000] {processor.py:840} INFO - DAG(s) 'example_sla_dag' retrieved from /home/airflow/.local/lib/python3.8/site-packages/airflow/example_dags/example_sla_dag.py
[2026-04-19T00:06:57.813+0000] {logging_mixin.py:188} INFO - [2026-04-19T00:06:57.813+0000] {dag.py:3036} INFO - Sync 1 DAGs
[2026-04-19T00:06:57.852+0000] {logging_mixin.py:188} INFO - [2026-04-19T00:06:57.852+0000] {dag.py:3823} INFO - Setting next_dagrun for example_sla_dag to 2026-04-19 00:04:00+00:00, run_after=2026-04-19 00:06:00+00:00
[2026-04-19T00:06:57.876+0000] {processor.py:183} INFO - Processing /home/airflow/.local/lib/python3.8/site-packages/airflow/example_dags/example_sla_dag.py took 0.117 seconds
[2026-04-19T00:07:28.190+0000] {processor.py:161} INFO - Started process (PID=10865) to work on /home/airflow/.local/lib/python3.8/site-packages/airflow/example_dags/example_sla_dag.py
[2026-04-19T00:07:28.191+0000] {processor.py:830} INFO - Processing file /home/airflow/.local/lib/python3.8/site-packages/airflow/example_dags/example_sla_dag.py for tasks to queue
[2026-04-19T00:07:28.194+0000] {logging_mixin.py:188} INFO - [2026-04-19T00:07:28.193+0000] {dagbag.py:538} INFO - Filling up the DagBag from /home/airflow/.local/lib/python3.8/site-packages/airflow/example_dags/example_sla_dag.py
[2026-04-19T00:07:28.207+0000] {processor.py:840} INFO - DAG(s) 'example_sla_dag' retrieved from /home/airflow/.local/lib/python3.8/site-packages/airflow/example_dags/example_sla_dag.py
[2026-04-19T00:07:28.239+0000] {logging_mixin.py:188} INFO - [2026-04-19T00:07:28.239+0000] {dag.py:3036} INFO - Sync 1 DAGs
[2026-04-19T00:07:28.276+0000] {logging_mixin.py:188} INFO - [2026-04-19T00:07:28.276+0000] {dag.py:3823} INFO - Setting next_dagrun for example_sla_dag to 2026-04-19 00:04:00+00:00, run_after=2026-04-19 00:06:00+00:00
[2026-04-19T00:07:28.299+0000] {processor.py:183} INFO - Processing /home/airflow/.local/lib/python3.8/site-packages/airflow/example_dags/example_sla_dag.py took 0.115 seconds
[2026-04-19T00:07:58.407+0000] {processor.py:161} INFO - Started process (PID=10920) to work on /home/airflow/.local/lib/python3.8/site-packages/airflow/example_dags/example_sla_dag.py
[2026-04-19T00:07:58.409+0000] {processor.py:830} INFO - Processing file /home/airflow/.local/lib/python3.8/site-packages/airflow/example_dags/example_sla_dag.py for tasks to queue
[2026-04-19T00:07:58.411+0000] {logging_mixin.py:188} INFO - [2026-04-19T00:07:58.411+0000] {dagbag.py:538} INFO - Filling up the DagBag from /home/airflow/.local/lib/python3.8/site-packages/airflow/example_dags/example_sla_dag.py
[2026-04-19T00:07:58.425+0000] {processor.py:840} INFO - DAG(s) 'example_sla_dag' retrieved from /home/airflow/.local/lib/python3.8/site-packages/airflow/example_dags/example_sla_dag.py
[2026-04-19T00:07:58.454+0000] {logging_mixin.py:188} INFO - [2026-04-19T00:07:58.453+0000] {dag.py:3036} INFO - Sync 1 DAGs
[2026-04-19T00:07:58.489+0000] {logging_mixin.py:188} INFO - [2026-04-19T00:07:58.489+0000] {dag.py:3823} INFO - Setting next_dagrun for example_sla_dag to 2026-04-19 00:04:00+00:00, run_after=2026-04-19 00:06:00+00:00
[2026-04-19T00:07:58.510+0000] {processor.py:183} INFO - Processing /home/airflow/.local/lib/python3.8/site-packages/airflow/example_dags/example_sla_dag.py took 0.107 seconds
[2026-04-19T00:08:28.670+0000] {processor.py:161} INFO - Started process (PID=10975) to work on /home/airflow/.local/lib/python3.8/site-packages/airflow/example_dags/example_sla_dag.py
[2026-04-19T00:08:28.671+0000] {processor.py:830} INFO - Processing file /home/airflow/.local/lib/python3.8/site-packages/airflow/example_dags/example_sla_dag.py for tasks to queue
[2026-04-19T00:08:28.674+0000] {logging_mixin.py:188} INFO - [2026-04-19T00:08:28.674+0000] {dagbag.py:538} INFO - Filling up the DagBag from /home/airflow/.local/lib/python3.8/site-packages/airflow/example_dags/example_sla_dag.py
[2026-04-19T00:08:28.687+0000] {processor.py:840} INFO - DAG(s) 'example_sla_dag' retrieved from /home/airflow/.local/lib/python3.8/site-packages/airflow/example_dags/example_sla_dag.py
[2026-04-19T00:08:28.717+0000] {logging_mixin.py:188} INFO - [2026-04-19T00:08:28.717+0000] {dag.py:3036} INFO - Sync 1 DAGs
[2026-04-19T00:08:28.755+0000] {logging_mixin.py:188} INFO - [2026-04-19T00:08:28.754+0000] {dag.py:3823} INFO - Setting next_dagrun for example_sla_dag to 2026-04-19 00:06:00+00:00, run_after=2026-04-19 00:08:00+00:00
[2026-04-19T00:08:28.776+0000] {processor.py:183} INFO - Processing /home/airflow/.local/lib/python3.8/site-packages/airflow/example_dags/example_sla_dag.py took 0.112 seconds
[2026-04-19T00:08:59.122+0000] {processor.py:161} INFO - Started process (PID=11030) to work on /home/airflow/.local/lib/python3.8/site-packages/airflow/example_dags/example_sla_dag.py
[2026-04-19T00:08:59.124+0000] {processor.py:830} INFO - Processing file /home/airflow/.local/lib/python3.8/site-packages/airflow/example_dags/example_sla_dag.py for tasks to queue
[2026-04-19T00:08:59.126+0000] {logging_mixin.py:188} INFO - [2026-04-19T00:08:59.126+0000] {dagbag.py:538} INFO - Filling up the DagBag from /home/airflow/.local/lib/python3.8/site-packages/airflow/example_dags/example_sla_dag.py
[2026-04-19T00:08:59.140+0000] {processor.py:840} INFO - DAG(s) 'example_sla_dag' retrieved from /home/airflow/.local/lib/python3.8/site-packages/airflow/example_dags/example_sla_dag.py
[2026-04-19T00:08:59.169+0000] {logging_mixin.py:188} INFO - [2026-04-19T00:08:59.169+0000] {dag.py:3036} INFO - Sync 1 DAGs
[2026-04-19T00:08:59.208+0000] {logging_mixin.py:188} INFO - [2026-04-19T00:08:59.207+0000] {dag.py:3823} INFO - Setting next_dagrun for example_sla_dag to 2026-04-19 00:06:00+00:00, run_after=2026-04-19 00:08:00+00:00
[2026-04-19T00:08:59.231+0000] {processor.py:183} INFO - Processing /home/airflow/.local/lib/python3.8/site-packages/airflow/example_dags/example_sla_dag.py took 0.114 seconds
[2026-04-19T00:09:29.636+0000] {processor.py:161} INFO - Started process (PID=11085) to work on /home/airflow/.local/lib/python3.8/site-packages/airflow/example_dags/example_sla_dag.py
[2026-04-19T00:09:29.637+0000] {processor.py:830} INFO - Processing file /home/airflow/.local/lib/python3.8/site-packages/airflow/example_dags/example_sla_dag.py for tasks to queue
[2026-04-19T00:09:29.640+0000] {logging_mixin.py:188} INFO - [2026-04-19T00:09:29.639+0000] {dagbag.py:538} INFO - Filling up the DagBag from /home/airflow/.local/lib/python3.8/site-packages/airflow/example_dags/example_sla_dag.py
[2026-04-19T00:09:29.653+0000] {processor.py:840} INFO - DAG(s) 'example_sla_dag' retrieved from /home/airflow/.local/lib/python3.8/site-packages/airflow/example_dags/example_sla_dag.py
[2026-04-19T00:09:29.683+0000] {logging_mixin.py:188} INFO - [2026-04-19T00:09:29.683+0000] {dag.py:3036} INFO - Sync 1 DAGs
[2026-04-19T00:09:29.720+0000] {logging_mixin.py:188} INFO - [2026-04-19T00:09:29.719+0000] {dag.py:3823} INFO - Setting next_dagrun for example_sla_dag to 2026-04-19 00:06:00+00:00, run_after=2026-04-19 00:08:00+00:00
[2026-04-19T00:09:29.743+0000] {processor.py:183} INFO - Processing /home/airflow/.local/lib/python3.8/site-packages/airflow/example_dags/example_sla_dag.py took 0.113 seconds
[2026-04-19T00:10:00.117+0000] {processor.py:161} INFO - Started process (PID=11140) to work on /home/airflow/.local/lib/python3.8/site-packages/airflow/example_dags/example_sla_dag.py
[2026-04-19T00:10:00.119+0000] {processor.py:830} INFO - Processing file /home/airflow/.local/lib/python3.8/site-packages/airflow/example_dags/example_sla_dag.py for tasks to queue
[2026-04-19T00:10:00.122+0000] {logging_mixin.py:188} INFO - [2026-04-19T00:10:00.122+0000] {dagbag.py:538} INFO - Filling up the DagBag from /home/airflow/.local/lib/python3.8/site-packages/airflow/example_dags/example_sla_dag.py
[2026-04-19T00:10:00.136+0000] {processor.py:840} INFO - DAG(s) 'example_sla_dag' retrieved from /home/airflow/.local/lib/python3.8/site-packages/airflow/example_dags/example_sla_dag.py
[2026-04-19T00:10:00.165+0000] {logging_mixin.py:188} INFO - [2026-04-19T00:10:00.165+0000] {dag.py:3036} INFO - Sync 1 DAGs
[2026-04-19T00:10:00.203+0000] {logging_mixin.py:188} INFO - [2026-04-19T00:10:00.202+0000] {dag.py:3823} INFO - Setting next_dagrun for example_sla_dag to 2026-04-19 00:08:00+00:00, run_after=2026-04-19 00:10:00+00:00
[2026-04-19T00:10:00.230+0000] {processor.py:183} INFO - Processing /home/airflow/.local/lib/python3.8/site-packages/airflow/example_dags/example_sla_dag.py took 0.120 seconds
[2026-04-19T00:10:30.571+0000] {processor.py:161} INFO - Started process (PID=11195) to work on /home/airflow/.local/lib/python3.8/site-packages/airflow/example_dags/example_sla_dag.py
[2026-04-19T00:10:30.573+0000] {processor.py:830} INFO - Processing file /home/airflow/.local/lib/python3.8/site-packages/airflow/example_dags/example_sla_dag.py for tasks to queue
[2026-04-19T00:10:30.575+0000] {logging_mixin.py:188} INFO - [2026-04-19T00:10:30.575+0000] {dagbag.py:538} INFO - Filling up the DagBag from /home/airflow/.local/lib/python3.8/site-packages/airflow/example_dags/example_sla_dag.py
[2026-04-19T00:10:30.589+0000] {processor.py:840} INFO - DAG(s) 'example_sla_dag' retrieved from /home/airflow/.local/lib/python3.8/site-packages/airflow/example_dags/example_sla_dag.py
[2026-04-19T00:10:30.616+0000] {logging_mixin.py:188} INFO - [2026-04-19T00:10:30.616+0000] {dag.py:3036} INFO - Sync 1 DAGs
[2026-04-19T00:10:30.656+0000] {logging_mixin.py:188} INFO - [2026-04-19T00:10:30.655+0000] {dag.py:3823} INFO - Setting next_dagrun for example_sla_dag to 2026-04-19 00:08:00+00:00, run_after=2026-04-19 00:10:00+00:00
[2026-04-19T00:10:30.680+0000] {processor.py:183} INFO - Processing /home/airflow/.local/lib/python3.8/site-packages/airflow/example_dags/example_sla_dag.py took 0.113 seconds
[2026-04-19T00:11:01.104+0000] {processor.py:161} INFO - Started process (PID=11250) to work on /home/airflow/.local/lib/python3.8/site-packages/airflow/example_dags/example_sla_dag.py
[2026-04-19T00:11:01.105+0000] {processor.py:830} INFO - Processing file /home/airflow/.local/lib/python3.8/site-packages/airflow/example_dags/example_sla_dag.py for tasks to queue
[2026-04-19T00:11:01.108+0000] {logging_mixin.py:188} INFO - [2026-04-19T00:11:01.107+0000] {dagbag.py:538} INFO - Filling up the DagBag from /home/airflow/.local/lib/python3.8/site-packages/airflow/example_dags/example_sla_dag.py
[2026-04-19T00:11:01.121+0000] {processor.py:840} INFO - DAG(s) 'example_sla_dag' retrieved from /home/airflow/.local/lib/python3.8/site-packages/airflow/example_dags/example_sla_dag.py
[2026-04-19T00:11:01.153+0000] {logging_mixin.py:188} INFO - [2026-04-19T00:11:01.152+0000] {dag.py:3036} INFO - Sync 1 DAGs
[2026-04-19T00:11:01.190+0000] {logging_mixin.py:188} INFO - [2026-04-19T00:11:01.189+0000] {dag.py:3823} INFO - Setting next_dagrun for example_sla_dag to 2026-04-19 00:08:00+00:00, run_after=2026-04-19 00:10:00+00:00
[2026-04-19T00:11:01.216+0000] {processor.py:183} INFO - Processing /home/airflow/.local/lib/python3.8/site-packages/airflow/example_dags/example_sla_dag.py took 0.117 seconds
[2026-04-19T00:11:31.591+0000] {processor.py:161} INFO - Started process (PID=11305) to work on /home/airflow/.local/lib/python3.8/site-packages/airflow/example_dags/example_sla_dag.py
[2026-04-19T00:11:31.593+0000] {processor.py:830} INFO - Processing file /home/airflow/.local/lib/python3.8/site-packages/airflow/example_dags/example_sla_dag.py for tasks to queue
[2026-04-19T00:11:31.595+0000] {logging_mixin.py:188} INFO - [2026-04-19T00:11:31.595+0000] {dagbag.py:538} INFO - Filling up the DagBag from /home/airflow/.local/lib/python3.8/site-packages/airflow/example_dags/example_sla_dag.py
[2026-04-19T00:11:31.607+0000] {processor.py:840} INFO - DAG(s) 'example_sla_dag' retrieved from /home/airflow/.local/lib/python3.8/site-packages/airflow/example_dags/example_sla_dag.py
[2026-04-19T00:11:31.635+0000] {logging_mixin.py:188} INFO - [2026-04-19T00:11:31.635+0000] {dag.py:3036} INFO - Sync 1 DAGs
[2026-04-19T00:11:31.671+0000] {logging_mixin.py:188} INFO - [2026-04-19T00:11:31.670+0000] {dag.py:3823} INFO - Setting next_dagrun for example_sla_dag to 2026-04-19 00:08:00+00:00, run_after=2026-04-19 00:10:00+00:00
[2026-04-19T00:11:31.692+0000] {processor.py:183} INFO - Processing /home/airflow/.local/lib/python3.8/site-packages/airflow/example_dags/example_sla_dag.py took 0.105 seconds
[2026-04-19T00:12:02.005+0000] {processor.py:161} INFO - Started process (PID=11360) to work on /home/airflow/.local/lib/python3.8/site-packages/airflow/example_dags/example_sla_dag.py
[2026-04-19T00:12:02.007+0000] {processor.py:830} INFO - Processing file /home/airflow/.local/lib/python3.8/site-packages/airflow/example_dags/example_sla_dag.py for tasks to queue
[2026-04-19T00:12:02.009+0000] {logging_mixin.py:188} INFO - [2026-04-19T00:12:02.009+0000] {dagbag.py:538} INFO - Filling up the DagBag from /home/airflow/.local/lib/python3.8/site-packages/airflow/example_dags/example_sla_dag.py
[2026-04-19T00:12:02.019+0000] {processor.py:840} INFO - DAG(s) 'example_sla_dag' retrieved from /home/airflow/.local/lib/python3.8/site-packages/airflow/example_dags/example_sla_dag.py
[2026-04-19T00:12:02.044+0000] {logging_mixin.py:188} INFO - [2026-04-19T00:12:02.044+0000] {dag.py:3036} INFO - Sync 1 DAGs
[2026-04-19T00:12:02.075+0000] {logging_mixin.py:188} INFO - [2026-04-19T00:12:02.074+0000] {dag.py:3823} INFO - Setting next_dagrun for example_sla_dag to 2026-04-19 00:10:00+00:00, run_after=2026-04-19 00:12:00+00:00
[2026-04-19T00:12:02.093+0000] {processor.py:183} INFO - Processing /home/airflow/.local/lib/python3.8/site-packages/airflow/example_dags/example_sla_dag.py took 0.093 seconds
[2026-04-19T00:12:32.338+0000] {processor.py:161} INFO - Started process (PID=11415) to work on /home/airflow/.local/lib/python3.8/site-packages/airflow/example_dags/example_sla_dag.py
[2026-04-19T00:12:32.340+0000] {processor.py:830} INFO - Processing file /home/airflow/.local/lib/python3.8/site-packages/airflow/example_dags/example_sla_dag.py for tasks to queue
[2026-04-19T00:12:32.342+0000] {logging_mixin.py:188} INFO - [2026-04-19T00:12:32.341+0000] {dagbag.py:538} INFO - Filling up the DagBag from /home/airflow/.local/lib/python3.8/site-packages/airflow/example_dags/example_sla_dag.py
[2026-04-19T00:12:32.354+0000] {processor.py:840} INFO - DAG(s) 'example_sla_dag' retrieved from /home/airflow/.local/lib/python3.8/site-packages/airflow/example_dags/example_sla_dag.py
[2026-04-19T00:12:32.381+0000] {logging_mixin.py:188} INFO - [2026-04-19T00:12:32.381+0000] {dag.py:3036} INFO - Sync 1 DAGs
[2026-04-19T00:12:32.414+0000] {logging_mixin.py:188} INFO - [2026-04-19T00:12:32.414+0000] {dag.py:3823} INFO - Setting next_dagrun for example_sla_dag to 2026-04-19 00:10:00+00:00, run_after=2026-04-19 00:12:00+00:00
[2026-04-19T00:12:32.435+0000] {processor.py:183} INFO - Processing /home/airflow/.local/lib/python3.8/site-packages/airflow/example_dags/example_sla_dag.py took 0.101 seconds
[2026-04-19T00:13:02.809+0000] {processor.py:161} INFO - Started process (PID=11470) to work on /home/airflow/.local/lib/python3.8/site-packages/airflow/example_dags/example_sla_dag.py
[2026-04-19T00:13:02.811+0000] {processor.py:830} INFO - Processing file /home/airflow/.local/lib/python3.8/site-packages/airflow/example_dags/example_sla_dag.py for tasks to queue
[2026-04-19T00:13:02.813+0000] {logging_mixin.py:188} INFO - [2026-04-19T00:13:02.813+0000] {dagbag.py:538} INFO - Filling up the DagBag from /home/airflow/.local/lib/python3.8/site-packages/airflow/example_dags/example_sla_dag.py
[2026-04-19T00:13:02.826+0000] {processor.py:840} INFO - DAG(s) 'example_sla_dag' retrieved from /home/airflow/.local/lib/python3.8/site-packages/airflow/example_dags/example_sla_dag.py
[2026-04-19T00:13:02.858+0000] {logging_mixin.py:188} INFO - [2026-04-19T00:13:02.858+0000] {dag.py:3036} INFO - Sync 1 DAGs
[2026-04-19T00:13:02.895+0000] {logging_mixin.py:188} INFO - [2026-04-19T00:13:02.895+0000] {dag.py:3823} INFO - Setting next_dagrun for example_sla_dag to 2026-04-19 00:10:00+00:00, run_after=2026-04-19 00:12:00+00:00
[2026-04-19T00:13:02.918+0000] {processor.py:183} INFO - Processing /home/airflow/.local/lib/python3.8/site-packages/airflow/example_dags/example_sla_dag.py took 0.114 seconds
[2026-04-19T00:13:33.209+0000] {processor.py:161} INFO - Started process (PID=11525) to work on /home/airflow/.local/lib/python3.8/site-packages/airflow/example_dags/example_sla_dag.py
[2026-04-19T00:13:33.210+0000] {processor.py:830} INFO - Processing file /home/airflow/.local/lib/python3.8/site-packages/airflow/example_dags/example_sla_dag.py for tasks to queue
[2026-04-19T00:13:33.213+0000] {logging_mixin.py:188} INFO - [2026-04-19T00:13:33.212+0000] {dagbag.py:538} INFO - Filling up the DagBag from /home/airflow/.local/lib/python3.8/site-packages/airflow/example_dags/example_sla_dag.py
[2026-04-19T00:13:33.225+0000] {processor.py:840} INFO - DAG(s) 'example_sla_dag' retrieved from /home/airflow/.local/lib/python3.8/site-packages/airflow/example_dags/example_sla_dag.py
[2026-04-19T00:13:33.255+0000] {logging_mixin.py:188} INFO - [2026-04-19T00:13:33.254+0000] {dag.py:3036} INFO - Sync 1 DAGs
[2026-04-19T00:13:33.290+0000] {logging_mixin.py:188} INFO - [2026-04-19T00:13:33.290+0000] {dag.py:3823} INFO - Setting next_dagrun for example_sla_dag to 2026-04-19 00:10:00+00:00, run_after=2026-04-19 00:12:00+00:00
[2026-04-19T00:13:33.311+0000] {processor.py:183} INFO - Processing /home/airflow/.local/lib/python3.8/site-packages/airflow/example_dags/example_sla_dag.py took 0.108 seconds
[2026-04-19T00:14:03.788+0000] {processor.py:161} INFO - Started process (PID=11580) to work on /home/airflow/.local/lib/python3.8/site-packages/airflow/example_dags/example_sla_dag.py
[2026-04-19T00:14:03.789+0000] {processor.py:830} INFO - Processing file /home/airflow/.local/lib/python3.8/site-packages/airflow/example_dags/example_sla_dag.py for tasks to queue
[2026-04-19T00:14:03.792+0000] {logging_mixin.py:188} INFO - [2026-04-19T00:14:03.792+0000] {dagbag.py:538} INFO - Filling up the DagBag from /home/airflow/.local/lib/python3.8/site-packages/airflow/example_dags/example_sla_dag.py
[2026-04-19T00:14:03.806+0000] {processor.py:840} INFO - DAG(s) 'example_sla_dag' retrieved from /home/airflow/.local/lib/python3.8/site-packages/airflow/example_dags/example_sla_dag.py
[2026-04-19T00:14:03.836+0000] {logging_mixin.py:188} INFO - [2026-04-19T00:14:03.836+0000] {dag.py:3036} INFO - Sync 1 DAGs
[2026-04-19T00:14:03.876+0000] {logging_mixin.py:188} INFO - [2026-04-19T00:14:03.875+0000] {dag.py:3823} INFO - Setting next_dagrun for example_sla_dag to 2026-04-19 00:12:00+00:00, run_after=2026-04-19 00:14:00+00:00
[2026-04-19T00:14:03.900+0000] {processor.py:183} INFO - Processing /home/airflow/.local/lib/python3.8/site-packages/airflow/example_dags/example_sla_dag.py took 0.118 seconds
[2026-04-19T00:14:34.289+0000] {processor.py:161} INFO - Started process (PID=11635) to work on /home/airflow/.local/lib/python3.8/site-packages/airflow/example_dags/example_sla_dag.py
[2026-04-19T00:14:34.291+0000] {processor.py:830} INFO - Processing file /home/airflow/.local/lib/python3.8/site-packages/airflow/example_dags/example_sla_dag.py for tasks to queue
[2026-04-19T00:14:34.293+0000] {logging_mixin.py:188} INFO - [2026-04-19T00:14:34.293+0000] {dagbag.py:538} INFO - Filling up the DagBag from /home/airflow/.local/lib/python3.8/site-packages/airflow/example_dags/example_sla_dag.py
[2026-04-19T00:14:34.306+0000] {processor.py:840} INFO - DAG(s) 'example_sla_dag' retrieved from /home/airflow/.local/lib/python3.8/site-packages/airflow/example_dags/example_sla_dag.py
[2026-04-19T00:14:34.334+0000] {logging_mixin.py:188} INFO - [2026-04-19T00:14:34.334+0000] {dag.py:3036} INFO - Sync 1 DAGs
[2026-04-19T00:14:34.370+0000] {logging_mixin.py:188} INFO - [2026-04-19T00:14:34.369+0000] {dag.py:3823} INFO - Setting next_dagrun for example_sla_dag to 2026-04-19 00:12:00+00:00, run_after=2026-04-19 00:14:00+00:00
[2026-04-19T00:14:34.392+0000] {processor.py:183} INFO - Processing /home/airflow/.local/lib/python3.8/site-packages/airflow/example_dags/example_sla_dag.py took 0.108 seconds
[2026-04-19T00:15:04.844+0000] {processor.py:161} INFO - Started process (PID=11690) to work on /home/airflow/.local/lib/python3.8/site-packages/airflow/example_dags/example_sla_dag.py
[2026-04-19T00:15:04.846+0000] {processor.py:830} INFO - Processing file /home/airflow/.local/lib/python3.8/site-packages/airflow/example_dags/example_sla_dag.py for tasks to queue
[2026-04-19T00:15:04.849+0000] {logging_mixin.py:188} INFO - [2026-04-19T00:15:04.848+0000] {dagbag.py:538} INFO - Filling up the DagBag from /home/airflow/.local/lib/python3.8/site-packages/airflow/example_dags/example_sla_dag.py
[2026-04-19T00:15:04.863+0000] {processor.py:840} INFO - DAG(s) 'example_sla_dag' retrieved from /home/airflow/.local/lib/python3.8/site-packages/airflow/example_dags/example_sla_dag.py
[2026-04-19T00:15:04.893+0000] {logging_mixin.py:188} INFO - [2026-04-19T00:15:04.893+0000] {dag.py:3036} INFO - Sync 1 DAGs
[2026-04-19T00:15:04.931+0000] {logging_mixin.py:188} INFO - [2026-04-19T00:15:04.931+0000] {dag.py:3823} INFO - Setting next_dagrun for example_sla_dag to 2026-04-19 00:12:00+00:00, run_after=2026-04-19 00:14:00+00:00
[2026-04-19T00:15:04.955+0000] {processor.py:183} INFO - Processing /home/airflow/.local/lib/python3.8/site-packages/airflow/example_dags/example_sla_dag.py took 0.117 seconds
[2026-04-19T00:15:35.293+0000] {processor.py:161} INFO - Started process (PID=11746) to work on /home/airflow/.local/lib/python3.8/site-packages/airflow/example_dags/example_sla_dag.py
[2026-04-19T00:15:35.295+0000] {processor.py:830} INFO - Processing file /home/airflow/.local/lib/python3.8/site-packages/airflow/example_dags/example_sla_dag.py for tasks to queue
[2026-04-19T00:15:35.298+0000] {logging_mixin.py:188} INFO - [2026-04-19T00:15:35.297+0000] {dagbag.py:538} INFO - Filling up the DagBag from /home/airflow/.local/lib/python3.8/site-packages/airflow/example_dags/example_sla_dag.py
[2026-04-19T00:15:35.312+0000] {processor.py:840} INFO - DAG(s) 'example_sla_dag' retrieved from /home/airflow/.local/lib/python3.8/site-packages/airflow/example_dags/example_sla_dag.py
[2026-04-19T00:15:35.343+0000] {logging_mixin.py:188} INFO - [2026-04-19T00:15:35.342+0000] {dag.py:3036} INFO - Sync 1 DAGs
[2026-04-19T00:15:35.378+0000] {logging_mixin.py:188} INFO - [2026-04-19T00:15:35.378+0000] {dag.py:3823} INFO - Setting next_dagrun for example_sla_dag to 2026-04-19 00:12:00+00:00, run_after=2026-04-19 00:14:00+00:00
[2026-04-19T00:15:35.400+0000] {processor.py:183} INFO - Processing /home/airflow/.local/lib/python3.8/site-packages/airflow/example_dags/example_sla_dag.py took 0.113 seconds
[2026-04-19T00:16:06.150+0000] {processor.py:161} INFO - Started process (PID=11801) to work on /home/airflow/.local/lib/python3.8/site-packages/airflow/example_dags/example_sla_dag.py
[2026-04-19T00:16:06.151+0000] {processor.py:830} INFO - Processing file /home/airflow/.local/lib/python3.8/site-packages/airflow/example_dags/example_sla_dag.py for tasks to queue
[2026-04-19T00:16:06.152+0000] {logging_mixin.py:188} INFO - [2026-04-19T00:16:06.152+0000] {dagbag.py:538} INFO - Filling up the DagBag from /home/airflow/.local/lib/python3.8/site-packages/airflow/example_dags/example_sla_dag.py
[2026-04-19T00:16:06.158+0000] {processor.py:840} INFO - DAG(s) 'example_sla_dag' retrieved from /home/airflow/.local/lib/python3.8/site-packages/airflow/example_dags/example_sla_dag.py
[2026-04-19T00:16:06.172+0000] {logging_mixin.py:188} INFO - [2026-04-19T00:16:06.172+0000] {dag.py:3036} INFO - Sync 1 DAGs
[2026-04-19T00:16:06.191+0000] {logging_mixin.py:188} INFO - [2026-04-19T00:16:06.190+0000] {dag.py:3823} INFO - Setting next_dagrun for example_sla_dag to 2026-04-19 00:14:00+00:00, run_after=2026-04-19 00:16:00+00:00
[2026-04-19T00:16:06.204+0000] {processor.py:183} INFO - Processing /home/airflow/.local/lib/python3.8/site-packages/airflow/example_dags/example_sla_dag.py took 0.056 seconds
[2026-04-19T00:16:36.372+0000] {processor.py:161} INFO - Started process (PID=11856) to work on /home/airflow/.local/lib/python3.8/site-packages/airflow/example_dags/example_sla_dag.py
[2026-04-19T00:16:36.373+0000] {processor.py:830} INFO - Processing file /home/airflow/.local/lib/python3.8/site-packages/airflow/example_dags/example_sla_dag.py for tasks to queue
[2026-04-19T00:16:36.375+0000] {logging_mixin.py:188} INFO - [2026-04-19T00:16:36.375+0000] {dagbag.py:538} INFO - Filling up the DagBag from /home/airflow/.local/lib/python3.8/site-packages/airflow/example_dags/example_sla_dag.py
[2026-04-19T00:16:36.388+0000] {processor.py:840} INFO - DAG(s) 'example_sla_dag' retrieved from /home/airflow/.local/lib/python3.8/site-packages/airflow/example_dags/example_sla_dag.py
[2026-04-19T00:16:36.421+0000] {logging_mixin.py:188} INFO - [2026-04-19T00:16:36.421+0000] {dag.py:3036} INFO - Sync 1 DAGs
[2026-04-19T00:16:36.460+0000] {logging_mixin.py:188} INFO - [2026-04-19T00:16:36.460+0000] {dag.py:3823} INFO - Setting next_dagrun for example_sla_dag to 2026-04-19 00:14:00+00:00, run_after=2026-04-19 00:16:00+00:00
[2026-04-19T00:16:36.483+0000] {processor.py:183} INFO - Processing /home/airflow/.local/lib/python3.8/site-packages/airflow/example_dags/example_sla_dag.py took 0.117 seconds
[2026-04-19T00:17:06.716+0000] {processor.py:161} INFO - Started process (PID=11911) to work on /home/airflow/.local/lib/python3.8/site-packages/airflow/example_dags/example_sla_dag.py
[2026-04-19T00:17:06.718+0000] {processor.py:830} INFO - Processing file /home/airflow/.local/lib/python3.8/site-packages/airflow/example_dags/example_sla_dag.py for tasks to queue
[2026-04-19T00:17:06.720+0000] {logging_mixin.py:188} INFO - [2026-04-19T00:17:06.720+0000] {dagbag.py:538} INFO - Filling up the DagBag from /home/airflow/.local/lib/python3.8/site-packages/airflow/example_dags/example_sla_dag.py
[2026-04-19T00:17:06.733+0000] {processor.py:840} INFO - DAG(s) 'example_sla_dag' retrieved from /home/airflow/.local/lib/python3.8/site-packages/airflow/example_dags/example_sla_dag.py
[2026-04-19T00:17:06.765+0000] {logging_mixin.py:188} INFO - [2026-04-19T00:17:06.765+0000] {dag.py:3036} INFO - Sync 1 DAGs
[2026-04-19T00:17:06.803+0000] {logging_mixin.py:188} INFO - [2026-04-19T00:17:06.802+0000] {dag.py:3823} INFO - Setting next_dagrun for example_sla_dag to 2026-04-19 00:14:00+00:00, run_after=2026-04-19 00:16:00+00:00
[2026-04-19T00:17:06.825+0000] {processor.py:183} INFO - Processing /home/airflow/.local/lib/python3.8/site-packages/airflow/example_dags/example_sla_dag.py took 0.114 seconds
[2026-04-19T00:17:37.207+0000] {processor.py:161} INFO - Started process (PID=11966) to work on /home/airflow/.local/lib/python3.8/site-packages/airflow/example_dags/example_sla_dag.py
[2026-04-19T00:17:37.209+0000] {processor.py:830} INFO - Processing file /home/airflow/.local/lib/python3.8/site-packages/airflow/example_dags/example_sla_dag.py for tasks to queue
[2026-04-19T00:17:37.212+0000] {logging_mixin.py:188} INFO - [2026-04-19T00:17:37.212+0000] {dagbag.py:538} INFO - Filling up the DagBag from /home/airflow/.local/lib/python3.8/site-packages/airflow/example_dags/example_sla_dag.py
[2026-04-19T00:17:37.228+0000] {processor.py:840} INFO - DAG(s) 'example_sla_dag' retrieved from /home/airflow/.local/lib/python3.8/site-packages/airflow/example_dags/example_sla_dag.py
[2026-04-19T00:17:37.267+0000] {logging_mixin.py:188} INFO - [2026-04-19T00:17:37.266+0000] {dag.py:3036} INFO - Sync 1 DAGs
[2026-04-19T00:17:37.316+0000] {logging_mixin.py:188} INFO - [2026-04-19T00:17:37.316+0000] {dag.py:3823} INFO - Setting next_dagrun for example_sla_dag to 2026-04-19 00:14:00+00:00, run_after=2026-04-19 00:16:00+00:00
[2026-04-19T00:17:37.349+0000] {processor.py:183} INFO - Processing /home/airflow/.local/lib/python3.8/site-packages/airflow/example_dags/example_sla_dag.py took 0.147 seconds
[2026-04-19T00:18:07.783+0000] {processor.py:161} INFO - Started process (PID=12021) to work on /home/airflow/.local/lib/python3.8/site-packages/airflow/example_dags/example_sla_dag.py
[2026-04-19T00:18:07.784+0000] {processor.py:830} INFO - Processing file /home/airflow/.local/lib/python3.8/site-packages/airflow/example_dags/example_sla_dag.py for tasks to queue
[2026-04-19T00:18:07.787+0000] {logging_mixin.py:188} INFO - [2026-04-19T00:18:07.787+0000] {dagbag.py:538} INFO - Filling up the DagBag from /home/airflow/.local/lib/python3.8/site-packages/airflow/example_dags/example_sla_dag.py
[2026-04-19T00:18:07.801+0000] {processor.py:840} INFO - DAG(s) 'example_sla_dag' retrieved from /home/airflow/.local/lib/python3.8/site-packages/airflow/example_dags/example_sla_dag.py
[2026-04-19T00:18:07.832+0000] {logging_mixin.py:188} INFO - [2026-04-19T00:18:07.831+0000] {dag.py:3036} INFO - Sync 1 DAGs
[2026-04-19T00:18:07.869+0000] {logging_mixin.py:188} INFO - [2026-04-19T00:18:07.869+0000] {dag.py:3823} INFO - Setting next_dagrun for example_sla_dag to 2026-04-19 00:16:00+00:00, run_after=2026-04-19 00:18:00+00:00
[2026-04-19T00:18:07.895+0000] {processor.py:183} INFO - Processing /home/airflow/.local/lib/python3.8/site-packages/airflow/example_dags/example_sla_dag.py took 0.117 seconds
[2026-04-19T00:18:38.330+0000] {processor.py:161} INFO - Started process (PID=12076) to work on /home/airflow/.local/lib/python3.8/site-packages/airflow/example_dags/example_sla_dag.py
[2026-04-19T00:18:38.332+0000] {processor.py:830} INFO - Processing file /home/airflow/.local/lib/python3.8/site-packages/airflow/example_dags/example_sla_dag.py for tasks to queue
[2026-04-19T00:18:38.334+0000] {logging_mixin.py:188} INFO - [2026-04-19T00:18:38.334+0000] {dagbag.py:538} INFO - Filling up the DagBag from /home/airflow/.local/lib/python3.8/site-packages/airflow/example_dags/example_sla_dag.py
[2026-04-19T00:18:38.345+0000] {processor.py:840} INFO - DAG(s) 'example_sla_dag' retrieved from /home/airflow/.local/lib/python3.8/site-packages/airflow/example_dags/example_sla_dag.py
[2026-04-19T00:18:38.372+0000] {logging_mixin.py:188} INFO - [2026-04-19T00:18:38.372+0000] {dag.py:3036} INFO - Sync 1 DAGs
[2026-04-19T00:18:38.408+0000] {logging_mixin.py:188} INFO - [2026-04-19T00:18:38.408+0000] {dag.py:3823} INFO - Setting next_dagrun for example_sla_dag to 2026-04-19 00:16:00+00:00, run_after=2026-04-19 00:18:00+00:00
[2026-04-19T00:18:38.432+0000] {processor.py:183} INFO - Processing /home/airflow/.local/lib/python3.8/site-packages/airflow/example_dags/example_sla_dag.py took 0.107 seconds
[2026-04-19T00:19:08.684+0000] {processor.py:161} INFO - Started process (PID=12130) to work on /home/airflow/.local/lib/python3.8/site-packages/airflow/example_dags/example_sla_dag.py
[2026-04-19T00:19:08.686+0000] {processor.py:830} INFO - Processing file /home/airflow/.local/lib/python3.8/site-packages/airflow/example_dags/example_sla_dag.py for tasks to queue
[2026-04-19T00:19:08.689+0000] {logging_mixin.py:188} INFO - [2026-04-19T00:19:08.689+0000] {dagbag.py:538} INFO - Filling up the DagBag from /home/airflow/.local/lib/python3.8/site-packages/airflow/example_dags/example_sla_dag.py
[2026-04-19T00:19:08.704+0000] {processor.py:840} INFO - DAG(s) 'example_sla_dag' retrieved from /home/airflow/.local/lib/python3.8/site-packages/airflow/example_dags/example_sla_dag.py
[2026-04-19T00:19:08.735+0000] {logging_mixin.py:188} INFO - [2026-04-19T00:19:08.735+0000] {dag.py:3036} INFO - Sync 1 DAGs
[2026-04-19T00:19:08.773+0000] {logging_mixin.py:188} INFO - [2026-04-19T00:19:08.773+0000] {dag.py:3823} INFO - Setting next_dagrun for example_sla_dag to 2026-04-19 00:16:00+00:00, run_after=2026-04-19 00:18:00+00:00
[2026-04-19T00:19:08.799+0000] {processor.py:183} INFO - Processing /home/airflow/.local/lib/python3.8/site-packages/airflow/example_dags/example_sla_dag.py took 0.120 seconds
[2026-04-19T00:19:39.157+0000] {processor.py:161} INFO - Started process (PID=12185) to work on /home/airflow/.local/lib/python3.8/site-packages/airflow/example_dags/example_sla_dag.py
[2026-04-19T00:19:39.158+0000] {processor.py:830} INFO - Processing file /home/airflow/.local/lib/python3.8/site-packages/airflow/example_dags/example_sla_dag.py for tasks to queue
[2026-04-19T00:19:39.161+0000] {logging_mixin.py:188} INFO - [2026-04-19T00:19:39.161+0000] {dagbag.py:538} INFO - Filling up the DagBag from /home/airflow/.local/lib/python3.8/site-packages/airflow/example_dags/example_sla_dag.py
[2026-04-19T00:19:39.175+0000] {processor.py:840} INFO - DAG(s) 'example_sla_dag' retrieved from /home/airflow/.local/lib/python3.8/site-packages/airflow/example_dags/example_sla_dag.py
[2026-04-19T00:19:39.205+0000] {logging_mixin.py:188} INFO - [2026-04-19T00:19:39.204+0000] {dag.py:3036} INFO - Sync 1 DAGs
[2026-04-19T00:19:39.244+0000] {logging_mixin.py:188} INFO - [2026-04-19T00:19:39.244+0000] {dag.py:3823} INFO - Setting next_dagrun for example_sla_dag to 2026-04-19 00:16:00+00:00, run_after=2026-04-19 00:18:00+00:00
[2026-04-19T00:19:39.267+0000] {processor.py:183} INFO - Processing /home/airflow/.local/lib/python3.8/site-packages/airflow/example_dags/example_sla_dag.py took 0.115 seconds
[2026-04-19T00:20:09.664+0000] {processor.py:161} INFO - Started process (PID=12240) to work on /home/airflow/.local/lib/python3.8/site-packages/airflow/example_dags/example_sla_dag.py
[2026-04-19T00:20:09.665+0000] {processor.py:830} INFO - Processing file /home/airflow/.local/lib/python3.8/site-packages/airflow/example_dags/example_sla_dag.py for tasks to queue
[2026-04-19T00:20:09.667+0000] {logging_mixin.py:188} INFO - [2026-04-19T00:20:09.667+0000] {dagbag.py:538} INFO - Filling up the DagBag from /home/airflow/.local/lib/python3.8/site-packages/airflow/example_dags/example_sla_dag.py
[2026-04-19T00:20:09.680+0000] {processor.py:840} INFO - DAG(s) 'example_sla_dag' retrieved from /home/airflow/.local/lib/python3.8/site-packages/airflow/example_dags/example_sla_dag.py
[2026-04-19T00:20:09.708+0000] {logging_mixin.py:188} INFO - [2026-04-19T00:20:09.707+0000] {dag.py:3036} INFO - Sync 1 DAGs
[2026-04-19T00:20:09.743+0000] {logging_mixin.py:188} INFO - [2026-04-19T00:20:09.742+0000] {dag.py:3823} INFO - Setting next_dagrun for example_sla_dag to 2026-04-19 00:18:00+00:00, run_after=2026-04-19 00:20:00+00:00
[2026-04-19T00:20:09.765+0000] {processor.py:183} INFO - Processing /home/airflow/.local/lib/python3.8/site-packages/airflow/example_dags/example_sla_dag.py took 0.107 seconds
[2026-04-19T00:20:40.006+0000] {processor.py:161} INFO - Started process (PID=12295) to work on /home/airflow/.local/lib/python3.8/site-packages/airflow/example_dags/example_sla_dag.py
[2026-04-19T00:20:40.007+0000] {processor.py:830} INFO - Processing file /home/airflow/.local/lib/python3.8/site-packages/airflow/example_dags/example_sla_dag.py for tasks to queue
[2026-04-19T00:20:40.010+0000] {logging_mixin.py:188} INFO - [2026-04-19T00:20:40.009+0000] {dagbag.py:538} INFO - Filling up the DagBag from /home/airflow/.local/lib/python3.8/site-packages/airflow/example_dags/example_sla_dag.py
[2026-04-19T00:20:40.023+0000] {processor.py:840} INFO - DAG(s) 'example_sla_dag' retrieved from /home/airflow/.local/lib/python3.8/site-packages/airflow/example_dags/example_sla_dag.py
[2026-04-19T00:20:40.051+0000] {logging_mixin.py:188} INFO - [2026-04-19T00:20:40.051+0000] {dag.py:3036} INFO - Sync 1 DAGs
[2026-04-19T00:20:40.087+0000] {logging_mixin.py:188} INFO - [2026-04-19T00:20:40.087+0000] {dag.py:3823} INFO - Setting next_dagrun for example_sla_dag to 2026-04-19 00:18:00+00:00, run_after=2026-04-19 00:20:00+00:00
[2026-04-19T00:20:40.110+0000] {processor.py:183} INFO - Processing /home/airflow/.local/lib/python3.8/site-packages/airflow/example_dags/example_sla_dag.py took 0.110 seconds
[2026-04-19T00:21:10.403+0000] {processor.py:161} INFO - Started process (PID=12350) to work on /home/airflow/.local/lib/python3.8/site-packages/airflow/example_dags/example_sla_dag.py
[2026-04-19T00:21:10.405+0000] {processor.py:830} INFO - Processing file /home/airflow/.local/lib/python3.8/site-packages/airflow/example_dags/example_sla_dag.py for tasks to queue
[2026-04-19T00:21:10.408+0000] {logging_mixin.py:188} INFO - [2026-04-19T00:21:10.407+0000] {dagbag.py:538} INFO - Filling up the DagBag from /home/airflow/.local/lib/python3.8/site-packages/airflow/example_dags/example_sla_dag.py
[2026-04-19T00:21:10.423+0000] {processor.py:840} INFO - DAG(s) 'example_sla_dag' retrieved from /home/airflow/.local/lib/python3.8/site-packages/airflow/example_dags/example_sla_dag.py
[2026-04-19T00:21:10.456+0000] {logging_mixin.py:188} INFO - [2026-04-19T00:21:10.455+0000] {dag.py:3036} INFO - Sync 1 DAGs
[2026-04-19T00:21:10.495+0000] {logging_mixin.py:188} INFO - [2026-04-19T00:21:10.495+0000] {dag.py:3823} INFO - Setting next_dagrun for example_sla_dag to 2026-04-19 00:18:00+00:00, run_after=2026-04-19 00:20:00+00:00
[2026-04-19T00:21:10.519+0000] {processor.py:183} INFO - Processing /home/airflow/.local/lib/python3.8/site-packages/airflow/example_dags/example_sla_dag.py took 0.122 seconds
[2026-04-19T00:21:40.804+0000] {processor.py:161} INFO - Started process (PID=12405) to work on /home/airflow/.local/lib/python3.8/site-packages/airflow/example_dags/example_sla_dag.py
[2026-04-19T00:21:40.806+0000] {processor.py:830} INFO - Processing file /home/airflow/.local/lib/python3.8/site-packages/airflow/example_dags/example_sla_dag.py for tasks to queue
[2026-04-19T00:21:40.808+0000] {logging_mixin.py:188} INFO - [2026-04-19T00:21:40.808+0000] {dagbag.py:538} INFO - Filling up the DagBag from /home/airflow/.local/lib/python3.8/site-packages/airflow/example_dags/example_sla_dag.py
[2026-04-19T00:21:40.821+0000] {processor.py:840} INFO - DAG(s) 'example_sla_dag' retrieved from /home/airflow/.local/lib/python3.8/site-packages/airflow/example_dags/example_sla_dag.py
[2026-04-19T00:21:40.850+0000] {logging_mixin.py:188} INFO - [2026-04-19T00:21:40.849+0000] {dag.py:3036} INFO - Sync 1 DAGs
[2026-04-19T00:21:40.888+0000] {logging_mixin.py:188} INFO - [2026-04-19T00:21:40.887+0000] {dag.py:3823} INFO - Setting next_dagrun for example_sla_dag to 2026-04-19 00:18:00+00:00, run_after=2026-04-19 00:20:00+00:00
[2026-04-19T00:21:40.912+0000] {processor.py:183} INFO - Processing /home/airflow/.local/lib/python3.8/site-packages/airflow/example_dags/example_sla_dag.py took 0.113 seconds
[2026-04-19T00:22:11.198+0000] {processor.py:161} INFO - Started process (PID=12460) to work on /home/airflow/.local/lib/python3.8/site-packages/airflow/example_dags/example_sla_dag.py
[2026-04-19T00:22:11.200+0000] {processor.py:830} INFO - Processing file /home/airflow/.local/lib/python3.8/site-packages/airflow/example_dags/example_sla_dag.py for tasks to queue
[2026-04-19T00:22:11.202+0000] {logging_mixin.py:188} INFO - [2026-04-19T00:22:11.202+0000] {dagbag.py:538} INFO - Filling up the DagBag from /home/airflow/.local/lib/python3.8/site-packages/airflow/example_dags/example_sla_dag.py
[2026-04-19T00:22:11.215+0000] {processor.py:840} INFO - DAG(s) 'example_sla_dag' retrieved from /home/airflow/.local/lib/python3.8/site-packages/airflow/example_dags/example_sla_dag.py
[2026-04-19T00:22:11.244+0000] {logging_mixin.py:188} INFO - [2026-04-19T00:22:11.243+0000] {dag.py:3036} INFO - Sync 1 DAGs
[2026-04-19T00:22:11.284+0000] {logging_mixin.py:188} INFO - [2026-04-19T00:22:11.284+0000] {dag.py:3823} INFO - Setting next_dagrun for example_sla_dag to 2026-04-19 00:20:00+00:00, run_after=2026-04-19 00:22:00+00:00
[2026-04-19T00:22:11.308+0000] {processor.py:183} INFO - Processing /home/airflow/.local/lib/python3.8/site-packages/airflow/example_dags/example_sla_dag.py took 0.115 seconds
[2026-04-19T00:22:41.769+0000] {processor.py:161} INFO - Started process (PID=12515) to work on /home/airflow/.local/lib/python3.8/site-packages/airflow/example_dags/example_sla_dag.py
[2026-04-19T00:22:41.770+0000] {processor.py:830} INFO - Processing file /home/airflow/.local/lib/python3.8/site-packages/airflow/example_dags/example_sla_dag.py for tasks to queue
[2026-04-19T00:22:41.773+0000] {logging_mixin.py:188} INFO - [2026-04-19T00:22:41.773+0000] {dagbag.py:538} INFO - Filling up the DagBag from /home/airflow/.local/lib/python3.8/site-packages/airflow/example_dags/example_sla_dag.py
[2026-04-19T00:22:41.787+0000] {processor.py:840} INFO - DAG(s) 'example_sla_dag' retrieved from /home/airflow/.local/lib/python3.8/site-packages/airflow/example_dags/example_sla_dag.py
[2026-04-19T00:22:41.818+0000] {logging_mixin.py:188} INFO - [2026-04-19T00:22:41.818+0000] {dag.py:3036} INFO - Sync 1 DAGs
[2026-04-19T00:22:41.856+0000] {logging_mixin.py:188} INFO - [2026-04-19T00:22:41.855+0000] {dag.py:3823} INFO - Setting next_dagrun for example_sla_dag to 2026-04-19 00:20:00+00:00, run_after=2026-04-19 00:22:00+00:00
[2026-04-19T00:22:41.880+0000] {processor.py:183} INFO - Processing /home/airflow/.local/lib/python3.8/site-packages/airflow/example_dags/example_sla_dag.py took 0.117 seconds
[2026-04-19T00:23:11.926+0000] {processor.py:161} INFO - Started process (PID=12570) to work on /home/airflow/.local/lib/python3.8/site-packages/airflow/example_dags/example_sla_dag.py
[2026-04-19T00:23:11.927+0000] {processor.py:830} INFO - Processing file /home/airflow/.local/lib/python3.8/site-packages/airflow/example_dags/example_sla_dag.py for tasks to queue
[2026-04-19T00:23:11.929+0000] {logging_mixin.py:188} INFO - [2026-04-19T00:23:11.929+0000] {dagbag.py:538} INFO - Filling up the DagBag from /home/airflow/.local/lib/python3.8/site-packages/airflow/example_dags/example_sla_dag.py
[2026-04-19T00:23:11.941+0000] {processor.py:840} INFO - DAG(s) 'example_sla_dag' retrieved from /home/airflow/.local/lib/python3.8/site-packages/airflow/example_dags/example_sla_dag.py
[2026-04-19T00:23:11.968+0000] {logging_mixin.py:188} INFO - [2026-04-19T00:23:11.968+0000] {dag.py:3036} INFO - Sync 1 DAGs
[2026-04-19T00:23:12.003+0000] {logging_mixin.py:188} INFO - [2026-04-19T00:23:12.003+0000] {dag.py:3823} INFO - Setting next_dagrun for example_sla_dag to 2026-04-19 00:20:00+00:00, run_after=2026-04-19 00:22:00+00:00
[2026-04-19T00:23:12.025+0000] {processor.py:183} INFO - Processing /home/airflow/.local/lib/python3.8/site-packages/airflow/example_dags/example_sla_dag.py took 0.104 seconds
[2026-04-19T00:23:42.369+0000] {processor.py:161} INFO - Started process (PID=12625) to work on /home/airflow/.local/lib/python3.8/site-packages/airflow/example_dags/example_sla_dag.py
[2026-04-19T00:23:42.371+0000] {processor.py:830} INFO - Processing file /home/airflow/.local/lib/python3.8/site-packages/airflow/example_dags/example_sla_dag.py for tasks to queue
[2026-04-19T00:23:42.374+0000] {logging_mixin.py:188} INFO - [2026-04-19T00:23:42.373+0000] {dagbag.py:538} INFO - Filling up the DagBag from /home/airflow/.local/lib/python3.8/site-packages/airflow/example_dags/example_sla_dag.py
[2026-04-19T00:23:42.389+0000] {processor.py:840} INFO - DAG(s) 'example_sla_dag' retrieved from /home/airflow/.local/lib/python3.8/site-packages/airflow/example_dags/example_sla_dag.py
[2026-04-19T00:23:42.420+0000] {logging_mixin.py:188} INFO - [2026-04-19T00:23:42.420+0000] {dag.py:3036} INFO - Sync 1 DAGs
[2026-04-19T00:23:42.463+0000] {logging_mixin.py:188} INFO - [2026-04-19T00:23:42.462+0000] {dag.py:3823} INFO - Setting next_dagrun for example_sla_dag to 2026-04-19 00:20:00+00:00, run_after=2026-04-19 00:22:00+00:00
[2026-04-19T00:23:42.492+0000] {processor.py:183} INFO - Processing /home/airflow/.local/lib/python3.8/site-packages/airflow/example_dags/example_sla_dag.py took 0.129 seconds
[2026-04-19T00:24:12.584+0000] {processor.py:161} INFO - Started process (PID=12680) to work on /home/airflow/.local/lib/python3.8/site-packages/airflow/example_dags/example_sla_dag.py
[2026-04-19T00:24:12.586+0000] {processor.py:830} INFO - Processing file /home/airflow/.local/lib/python3.8/site-packages/airflow/example_dags/example_sla_dag.py for tasks to queue
[2026-04-19T00:24:12.588+0000] {logging_mixin.py:188} INFO - [2026-04-19T00:24:12.588+0000] {dagbag.py:538} INFO - Filling up the DagBag from /home/airflow/.local/lib/python3.8/site-packages/airflow/example_dags/example_sla_dag.py
[2026-04-19T00:24:12.602+0000] {processor.py:840} INFO - DAG(s) 'example_sla_dag' retrieved from /home/airflow/.local/lib/python3.8/site-packages/airflow/example_dags/example_sla_dag.py
[2026-04-19T00:24:12.631+0000] {logging_mixin.py:188} INFO - [2026-04-19T00:24:12.631+0000] {dag.py:3036} INFO - Sync 1 DAGs
[2026-04-19T00:24:12.669+0000] {logging_mixin.py:188} INFO - [2026-04-19T00:24:12.668+0000] {dag.py:3823} INFO - Setting next_dagrun for example_sla_dag to 2026-04-19 00:22:00+00:00, run_after=2026-04-19 00:24:00+00:00
[2026-04-19T00:24:12.695+0000] {processor.py:183} INFO - Processing /home/airflow/.local/lib/python3.8/site-packages/airflow/example_dags/example_sla_dag.py took 0.116 seconds
