[2026-04-19T00:00:23.489+0000] {processor.py:161} INFO - Started process (PID=10099) to work on /home/airflow/.local/lib/python3.8/site-packages/airflow/example_dags/example_external_task_marker_dag.py
[2026-04-19T00:00:23.491+0000] {processor.py:830} INFO - Processing file /home/airflow/.local/lib/python3.8/site-packages/airflow/example_dags/example_external_task_marker_dag.py for tasks to queue
[2026-04-19T00:00:23.493+0000] {logging_mixin.py:188} INFO - [2026-04-19T00:00:23.493+0000] {dagbag.py:538} INFO - Filling up the DagBag from /home/airflow/.local/lib/python3.8/site-packages/airflow/example_dags/example_external_task_marker_dag.py
[2026-04-19T00:00:23.502+0000] {processor.py:840} INFO - DAG(s) 'example_external_task_marker_parent', 'example_external_task_marker_child' retrieved from /home/airflow/.local/lib/python3.8/site-packages/airflow/example_dags/example_external_task_marker_dag.py
[2026-04-19T00:00:23.537+0000] {logging_mixin.py:188} INFO - [2026-04-19T00:00:23.536+0000] {dag.py:3036} INFO - Sync 2 DAGs
[2026-04-19T00:00:23.554+0000] {logging_mixin.py:188} INFO - [2026-04-19T00:00:23.554+0000] {dag.py:3823} INFO - Setting next_dagrun for example_external_task_marker_child to None, run_after=None
[2026-04-19T00:00:23.559+0000] {logging_mixin.py:188} INFO - [2026-04-19T00:00:23.559+0000] {dag.py:3823} INFO - Setting next_dagrun for example_external_task_marker_parent to None, run_after=None
[2026-04-19T00:00:23.579+0000] {processor.py:183} INFO - Processing /home/airflow/.local/lib/python3.8/site-packages/airflow/example_dags/example_external_task_marker_dag.py took 0.094 seconds
[2026-04-19T00:00:54.048+0000] {processor.py:161} INFO - Started process (PID=10154) to work on /home/airflow/.local/lib/python3.8/site-packages/airflow/example_dags/example_external_task_marker_dag.py
[2026-04-19T00:00:54.049+0000] {processor.py:830} INFO - Processing file /home/airflow/.local/lib/python3.8/site-packages/airflow/example_dags/example_external_task_marker_dag.py for tasks to queue
[2026-04-19T00:00:54.052+0000] {logging_mixin.py:188} INFO - [2026-04-19T00:00:54.051+0000] {dagbag.py:538} INFO - Filling up the DagBag from /home/airflow/.local/lib/python3.8/site-packages/airflow/example_dags/example_external_task_marker_dag.py
[2026-04-19T00:00:54.061+0000] {processor.py:840} INFO - DAG(s) 'example_external_task_marker_child', 'example_external_task_marker_parent' retrieved from /home/airflow/.local/lib/python3.8/site-packages/airflow/example_dags/example_external_task_marker_dag.py
[2026-04-19T00:00:54.094+0000] {logging_mixin.py:188} INFO - [2026-04-19T00:00:54.094+0000] {dag.py:3036} INFO - Sync 2 DAGs
[2026-04-19T00:00:54.111+0000] {logging_mixin.py:188} INFO - [2026-04-19T00:00:54.111+0000] {dag.py:3823} INFO - Setting next_dagrun for example_external_task_marker_child to None, run_after=None
[2026-04-19T00:00:54.116+0000] {logging_mixin.py:188} INFO - [2026-04-19T00:00:54.115+0000] {dag.py:3823} INFO - Setting next_dagrun for example_external_task_marker_parent to None, run_after=None
[2026-04-19T00:00:54.138+0000] {processor.py:183} INFO - Processing /home/airflow/.local/lib/python3.8/site-packages/airflow/example_dags/example_external_task_marker_dag.py took 0.095 seconds
[2026-04-19T00:01:24.355+0000] {processor.py:161} INFO - Started process (PID=10209) to work on /home/airflow/.local/lib/python3.8/site-packages/airflow/example_dags/example_external_task_marker_dag.py
[2026-04-19T00:01:24.356+0000] {processor.py:830} INFO - Processing file /home/airflow/.local/lib/python3.8/site-packages/airflow/example_dags/example_external_task_marker_dag.py for tasks to queue
[2026-04-19T00:01:24.358+0000] {logging_mixin.py:188} INFO - [2026-04-19T00:01:24.358+0000] {dagbag.py:538} INFO - Filling up the DagBag from /home/airflow/.local/lib/python3.8/site-packages/airflow/example_dags/example_external_task_marker_dag.py
[2026-04-19T00:01:24.366+0000] {processor.py:840} INFO - DAG(s) 'example_external_task_marker_parent', 'example_external_task_marker_child' retrieved from /home/airflow/.local/lib/python3.8/site-packages/airflow/example_dags/example_external_task_marker_dag.py
[2026-04-19T00:01:24.395+0000] {logging_mixin.py:188} INFO - [2026-04-19T00:01:24.395+0000] {dag.py:3036} INFO - Sync 2 DAGs
[2026-04-19T00:01:24.411+0000] {logging_mixin.py:188} INFO - [2026-04-19T00:01:24.411+0000] {dag.py:3823} INFO - Setting next_dagrun for example_external_task_marker_child to None, run_after=None
[2026-04-19T00:01:24.416+0000] {logging_mixin.py:188} INFO - [2026-04-19T00:01:24.415+0000] {dag.py:3823} INFO - Setting next_dagrun for example_external_task_marker_parent to None, run_after=None
[2026-04-19T00:01:24.433+0000] {processor.py:183} INFO - Processing /home/airflow/.local/lib/python3.8/site-packages/airflow/example_dags/example_external_task_marker_dag.py took 0.082 seconds
[2026-04-19T00:01:54.663+0000] {processor.py:161} INFO - Started process (PID=10264) to work on /home/airflow/.local/lib/python3.8/site-packages/airflow/example_dags/example_external_task_marker_dag.py
[2026-04-19T00:01:54.665+0000] {processor.py:830} INFO - Processing file /home/airflow/.local/lib/python3.8/site-packages/airflow/example_dags/example_external_task_marker_dag.py for tasks to queue
[2026-04-19T00:01:54.667+0000] {logging_mixin.py:188} INFO - [2026-04-19T00:01:54.667+0000] {dagbag.py:538} INFO - Filling up the DagBag from /home/airflow/.local/lib/python3.8/site-packages/airflow/example_dags/example_external_task_marker_dag.py
[2026-04-19T00:01:54.676+0000] {processor.py:840} INFO - DAG(s) 'example_external_task_marker_child', 'example_external_task_marker_parent' retrieved from /home/airflow/.local/lib/python3.8/site-packages/airflow/example_dags/example_external_task_marker_dag.py
[2026-04-19T00:01:54.710+0000] {logging_mixin.py:188} INFO - [2026-04-19T00:01:54.709+0000] {dag.py:3036} INFO - Sync 2 DAGs
[2026-04-19T00:01:54.728+0000] {logging_mixin.py:188} INFO - [2026-04-19T00:01:54.727+0000] {dag.py:3823} INFO - Setting next_dagrun for example_external_task_marker_child to None, run_after=None
[2026-04-19T00:01:54.733+0000] {logging_mixin.py:188} INFO - [2026-04-19T00:01:54.733+0000] {dag.py:3823} INFO - Setting next_dagrun for example_external_task_marker_parent to None, run_after=None
[2026-04-19T00:01:54.753+0000] {processor.py:183} INFO - Processing /home/airflow/.local/lib/python3.8/site-packages/airflow/example_dags/example_external_task_marker_dag.py took 0.094 seconds
[2026-04-19T00:02:24.901+0000] {processor.py:161} INFO - Started process (PID=10319) to work on /home/airflow/.local/lib/python3.8/site-packages/airflow/example_dags/example_external_task_marker_dag.py
[2026-04-19T00:02:24.902+0000] {processor.py:830} INFO - Processing file /home/airflow/.local/lib/python3.8/site-packages/airflow/example_dags/example_external_task_marker_dag.py for tasks to queue
[2026-04-19T00:02:24.904+0000] {logging_mixin.py:188} INFO - [2026-04-19T00:02:24.904+0000] {dagbag.py:538} INFO - Filling up the DagBag from /home/airflow/.local/lib/python3.8/site-packages/airflow/example_dags/example_external_task_marker_dag.py
[2026-04-19T00:02:24.912+0000] {processor.py:840} INFO - DAG(s) 'example_external_task_marker_parent', 'example_external_task_marker_child' retrieved from /home/airflow/.local/lib/python3.8/site-packages/airflow/example_dags/example_external_task_marker_dag.py
[2026-04-19T00:02:24.942+0000] {logging_mixin.py:188} INFO - [2026-04-19T00:02:24.942+0000] {dag.py:3036} INFO - Sync 2 DAGs
[2026-04-19T00:02:24.959+0000] {logging_mixin.py:188} INFO - [2026-04-19T00:02:24.959+0000] {dag.py:3823} INFO - Setting next_dagrun for example_external_task_marker_child to None, run_after=None
[2026-04-19T00:02:24.963+0000] {logging_mixin.py:188} INFO - [2026-04-19T00:02:24.963+0000] {dag.py:3823} INFO - Setting next_dagrun for example_external_task_marker_parent to None, run_after=None
[2026-04-19T00:02:24.984+0000] {processor.py:183} INFO - Processing /home/airflow/.local/lib/python3.8/site-packages/airflow/example_dags/example_external_task_marker_dag.py took 0.087 seconds
[2026-04-19T00:02:55.401+0000] {processor.py:161} INFO - Started process (PID=10374) to work on /home/airflow/.local/lib/python3.8/site-packages/airflow/example_dags/example_external_task_marker_dag.py
[2026-04-19T00:02:55.403+0000] {processor.py:830} INFO - Processing file /home/airflow/.local/lib/python3.8/site-packages/airflow/example_dags/example_external_task_marker_dag.py for tasks to queue
[2026-04-19T00:02:55.405+0000] {logging_mixin.py:188} INFO - [2026-04-19T00:02:55.405+0000] {dagbag.py:538} INFO - Filling up the DagBag from /home/airflow/.local/lib/python3.8/site-packages/airflow/example_dags/example_external_task_marker_dag.py
[2026-04-19T00:02:55.415+0000] {processor.py:840} INFO - DAG(s) 'example_external_task_marker_parent', 'example_external_task_marker_child' retrieved from /home/airflow/.local/lib/python3.8/site-packages/airflow/example_dags/example_external_task_marker_dag.py
[2026-04-19T00:02:55.451+0000] {logging_mixin.py:188} INFO - [2026-04-19T00:02:55.450+0000] {dag.py:3036} INFO - Sync 2 DAGs
[2026-04-19T00:02:55.470+0000] {logging_mixin.py:188} INFO - [2026-04-19T00:02:55.469+0000] {dag.py:3823} INFO - Setting next_dagrun for example_external_task_marker_child to None, run_after=None
[2026-04-19T00:02:55.476+0000] {logging_mixin.py:188} INFO - [2026-04-19T00:02:55.475+0000] {dag.py:3823} INFO - Setting next_dagrun for example_external_task_marker_parent to None, run_after=None
[2026-04-19T00:02:55.499+0000] {processor.py:183} INFO - Processing /home/airflow/.local/lib/python3.8/site-packages/airflow/example_dags/example_external_task_marker_dag.py took 0.103 seconds
[2026-04-19T00:03:25.741+0000] {processor.py:161} INFO - Started process (PID=10429) to work on /home/airflow/.local/lib/python3.8/site-packages/airflow/example_dags/example_external_task_marker_dag.py
[2026-04-19T00:03:25.742+0000] {processor.py:830} INFO - Processing file /home/airflow/.local/lib/python3.8/site-packages/airflow/example_dags/example_external_task_marker_dag.py for tasks to queue
[2026-04-19T00:03:25.744+0000] {logging_mixin.py:188} INFO - [2026-04-19T00:03:25.744+0000] {dagbag.py:538} INFO - Filling up the DagBag from /home/airflow/.local/lib/python3.8/site-packages/airflow/example_dags/example_external_task_marker_dag.py
[2026-04-19T00:03:25.753+0000] {processor.py:840} INFO - DAG(s) 'example_external_task_marker_parent', 'example_external_task_marker_child' retrieved from /home/airflow/.local/lib/python3.8/site-packages/airflow/example_dags/example_external_task_marker_dag.py
[2026-04-19T00:03:25.787+0000] {logging_mixin.py:188} INFO - [2026-04-19T00:03:25.787+0000] {dag.py:3036} INFO - Sync 2 DAGs
[2026-04-19T00:03:25.806+0000] {logging_mixin.py:188} INFO - [2026-04-19T00:03:25.805+0000] {dag.py:3823} INFO - Setting next_dagrun for example_external_task_marker_child to None, run_after=None
[2026-04-19T00:03:25.810+0000] {logging_mixin.py:188} INFO - [2026-04-19T00:03:25.810+0000] {dag.py:3823} INFO - Setting next_dagrun for example_external_task_marker_parent to None, run_after=None
[2026-04-19T00:03:25.832+0000] {processor.py:183} INFO - Processing /home/airflow/.local/lib/python3.8/site-packages/airflow/example_dags/example_external_task_marker_dag.py took 0.096 seconds
[2026-04-19T00:03:56.014+0000] {processor.py:161} INFO - Started process (PID=10484) to work on /home/airflow/.local/lib/python3.8/site-packages/airflow/example_dags/example_external_task_marker_dag.py
[2026-04-19T00:03:56.015+0000] {processor.py:830} INFO - Processing file /home/airflow/.local/lib/python3.8/site-packages/airflow/example_dags/example_external_task_marker_dag.py for tasks to queue
[2026-04-19T00:03:56.017+0000] {logging_mixin.py:188} INFO - [2026-04-19T00:03:56.017+0000] {dagbag.py:538} INFO - Filling up the DagBag from /home/airflow/.local/lib/python3.8/site-packages/airflow/example_dags/example_external_task_marker_dag.py
[2026-04-19T00:03:56.026+0000] {processor.py:840} INFO - DAG(s) 'example_external_task_marker_child', 'example_external_task_marker_parent' retrieved from /home/airflow/.local/lib/python3.8/site-packages/airflow/example_dags/example_external_task_marker_dag.py
[2026-04-19T00:03:56.066+0000] {logging_mixin.py:188} INFO - [2026-04-19T00:03:56.065+0000] {dag.py:3036} INFO - Sync 2 DAGs
[2026-04-19T00:03:56.084+0000] {logging_mixin.py:188} INFO - [2026-04-19T00:03:56.084+0000] {dag.py:3823} INFO - Setting next_dagrun for example_external_task_marker_child to None, run_after=None
[2026-04-19T00:03:56.089+0000] {logging_mixin.py:188} INFO - [2026-04-19T00:03:56.089+0000] {dag.py:3823} INFO - Setting next_dagrun for example_external_task_marker_parent to None, run_after=None
[2026-04-19T00:03:56.110+0000] {processor.py:183} INFO - Processing /home/airflow/.local/lib/python3.8/site-packages/airflow/example_dags/example_external_task_marker_dag.py took 0.102 seconds
[2026-04-19T00:04:26.256+0000] {processor.py:161} INFO - Started process (PID=10539) to work on /home/airflow/.local/lib/python3.8/site-packages/airflow/example_dags/example_external_task_marker_dag.py
[2026-04-19T00:04:26.258+0000] {processor.py:830} INFO - Processing file /home/airflow/.local/lib/python3.8/site-packages/airflow/example_dags/example_external_task_marker_dag.py for tasks to queue
[2026-04-19T00:04:26.260+0000] {logging_mixin.py:188} INFO - [2026-04-19T00:04:26.260+0000] {dagbag.py:538} INFO - Filling up the DagBag from /home/airflow/.local/lib/python3.8/site-packages/airflow/example_dags/example_external_task_marker_dag.py
[2026-04-19T00:04:26.271+0000] {processor.py:840} INFO - DAG(s) 'example_external_task_marker_child', 'example_external_task_marker_parent' retrieved from /home/airflow/.local/lib/python3.8/site-packages/airflow/example_dags/example_external_task_marker_dag.py
[2026-04-19T00:04:26.306+0000] {logging_mixin.py:188} INFO - [2026-04-19T00:04:26.305+0000] {dag.py:3036} INFO - Sync 2 DAGs
[2026-04-19T00:04:26.324+0000] {logging_mixin.py:188} INFO - [2026-04-19T00:04:26.323+0000] {dag.py:3823} INFO - Setting next_dagrun for example_external_task_marker_child to None, run_after=None
[2026-04-19T00:04:26.328+0000] {logging_mixin.py:188} INFO - [2026-04-19T00:04:26.328+0000] {dag.py:3823} INFO - Setting next_dagrun for example_external_task_marker_parent to None, run_after=None
[2026-04-19T00:04:26.349+0000] {processor.py:183} INFO - Processing /home/airflow/.local/lib/python3.8/site-packages/airflow/example_dags/example_external_task_marker_dag.py took 0.098 seconds
[2026-04-19T00:04:56.664+0000] {processor.py:161} INFO - Started process (PID=10594) to work on /home/airflow/.local/lib/python3.8/site-packages/airflow/example_dags/example_external_task_marker_dag.py
[2026-04-19T00:04:56.665+0000] {processor.py:830} INFO - Processing file /home/airflow/.local/lib/python3.8/site-packages/airflow/example_dags/example_external_task_marker_dag.py for tasks to queue
[2026-04-19T00:04:56.668+0000] {logging_mixin.py:188} INFO - [2026-04-19T00:04:56.667+0000] {dagbag.py:538} INFO - Filling up the DagBag from /home/airflow/.local/lib/python3.8/site-packages/airflow/example_dags/example_external_task_marker_dag.py
[2026-04-19T00:04:56.678+0000] {processor.py:840} INFO - DAG(s) 'example_external_task_marker_child', 'example_external_task_marker_parent' retrieved from /home/airflow/.local/lib/python3.8/site-packages/airflow/example_dags/example_external_task_marker_dag.py
[2026-04-19T00:04:56.716+0000] {logging_mixin.py:188} INFO - [2026-04-19T00:04:56.715+0000] {dag.py:3036} INFO - Sync 2 DAGs
[2026-04-19T00:04:56.739+0000] {logging_mixin.py:188} INFO - [2026-04-19T00:04:56.739+0000] {dag.py:3823} INFO - Setting next_dagrun for example_external_task_marker_child to None, run_after=None
[2026-04-19T00:04:56.746+0000] {logging_mixin.py:188} INFO - [2026-04-19T00:04:56.745+0000] {dag.py:3823} INFO - Setting next_dagrun for example_external_task_marker_parent to None, run_after=None
[2026-04-19T00:04:56.771+0000] {processor.py:183} INFO - Processing /home/airflow/.local/lib/python3.8/site-packages/airflow/example_dags/example_external_task_marker_dag.py took 0.113 seconds
[2026-04-19T00:05:26.910+0000] {processor.py:161} INFO - Started process (PID=10647) to work on /home/airflow/.local/lib/python3.8/site-packages/airflow/example_dags/example_external_task_marker_dag.py
[2026-04-19T00:05:26.911+0000] {processor.py:830} INFO - Processing file /home/airflow/.local/lib/python3.8/site-packages/airflow/example_dags/example_external_task_marker_dag.py for tasks to queue
[2026-04-19T00:05:26.914+0000] {logging_mixin.py:188} INFO - [2026-04-19T00:05:26.913+0000] {dagbag.py:538} INFO - Filling up the DagBag from /home/airflow/.local/lib/python3.8/site-packages/airflow/example_dags/example_external_task_marker_dag.py
[2026-04-19T00:05:26.923+0000] {processor.py:840} INFO - DAG(s) 'example_external_task_marker_parent', 'example_external_task_marker_child' retrieved from /home/airflow/.local/lib/python3.8/site-packages/airflow/example_dags/example_external_task_marker_dag.py
[2026-04-19T00:05:26.958+0000] {logging_mixin.py:188} INFO - [2026-04-19T00:05:26.957+0000] {dag.py:3036} INFO - Sync 2 DAGs
[2026-04-19T00:05:26.979+0000] {logging_mixin.py:188} INFO - [2026-04-19T00:05:26.979+0000] {dag.py:3823} INFO - Setting next_dagrun for example_external_task_marker_child to None, run_after=None
[2026-04-19T00:05:26.986+0000] {logging_mixin.py:188} INFO - [2026-04-19T00:05:26.986+0000] {dag.py:3823} INFO - Setting next_dagrun for example_external_task_marker_parent to None, run_after=None
[2026-04-19T00:05:27.011+0000] {processor.py:183} INFO - Processing /home/airflow/.local/lib/python3.8/site-packages/airflow/example_dags/example_external_task_marker_dag.py took 0.107 seconds
[2026-04-19T00:05:57.269+0000] {processor.py:161} INFO - Started process (PID=10702) to work on /home/airflow/.local/lib/python3.8/site-packages/airflow/example_dags/example_external_task_marker_dag.py
[2026-04-19T00:05:57.271+0000] {processor.py:830} INFO - Processing file /home/airflow/.local/lib/python3.8/site-packages/airflow/example_dags/example_external_task_marker_dag.py for tasks to queue
[2026-04-19T00:05:57.273+0000] {logging_mixin.py:188} INFO - [2026-04-19T00:05:57.273+0000] {dagbag.py:538} INFO - Filling up the DagBag from /home/airflow/.local/lib/python3.8/site-packages/airflow/example_dags/example_external_task_marker_dag.py
[2026-04-19T00:05:57.282+0000] {processor.py:840} INFO - DAG(s) 'example_external_task_marker_parent', 'example_external_task_marker_child' retrieved from /home/airflow/.local/lib/python3.8/site-packages/airflow/example_dags/example_external_task_marker_dag.py
[2026-04-19T00:05:57.317+0000] {logging_mixin.py:188} INFO - [2026-04-19T00:05:57.317+0000] {dag.py:3036} INFO - Sync 2 DAGs
[2026-04-19T00:05:57.335+0000] {logging_mixin.py:188} INFO - [2026-04-19T00:05:57.335+0000] {dag.py:3823} INFO - Setting next_dagrun for example_external_task_marker_child to None, run_after=None
[2026-04-19T00:05:57.339+0000] {logging_mixin.py:188} INFO - [2026-04-19T00:05:57.339+0000] {dag.py:3823} INFO - Setting next_dagrun for example_external_task_marker_parent to None, run_after=None
[2026-04-19T00:05:57.362+0000] {processor.py:183} INFO - Processing /home/airflow/.local/lib/python3.8/site-packages/airflow/example_dags/example_external_task_marker_dag.py took 0.099 seconds
[2026-04-19T00:06:27.652+0000] {processor.py:161} INFO - Started process (PID=10757) to work on /home/airflow/.local/lib/python3.8/site-packages/airflow/example_dags/example_external_task_marker_dag.py
[2026-04-19T00:06:27.653+0000] {processor.py:830} INFO - Processing file /home/airflow/.local/lib/python3.8/site-packages/airflow/example_dags/example_external_task_marker_dag.py for tasks to queue
[2026-04-19T00:06:27.656+0000] {logging_mixin.py:188} INFO - [2026-04-19T00:06:27.655+0000] {dagbag.py:538} INFO - Filling up the DagBag from /home/airflow/.local/lib/python3.8/site-packages/airflow/example_dags/example_external_task_marker_dag.py
[2026-04-19T00:06:27.664+0000] {processor.py:840} INFO - DAG(s) 'example_external_task_marker_child', 'example_external_task_marker_parent' retrieved from /home/airflow/.local/lib/python3.8/site-packages/airflow/example_dags/example_external_task_marker_dag.py
[2026-04-19T00:06:27.695+0000] {logging_mixin.py:188} INFO - [2026-04-19T00:06:27.695+0000] {dag.py:3036} INFO - Sync 2 DAGs
[2026-04-19T00:06:27.711+0000] {logging_mixin.py:188} INFO - [2026-04-19T00:06:27.711+0000] {dag.py:3823} INFO - Setting next_dagrun for example_external_task_marker_child to None, run_after=None
[2026-04-19T00:06:27.716+0000] {logging_mixin.py:188} INFO - [2026-04-19T00:06:27.716+0000] {dag.py:3823} INFO - Setting next_dagrun for example_external_task_marker_parent to None, run_after=None
[2026-04-19T00:06:27.737+0000] {processor.py:183} INFO - Processing /home/airflow/.local/lib/python3.8/site-packages/airflow/example_dags/example_external_task_marker_dag.py took 0.089 seconds
[2026-04-19T00:06:57.916+0000] {processor.py:161} INFO - Started process (PID=10812) to work on /home/airflow/.local/lib/python3.8/site-packages/airflow/example_dags/example_external_task_marker_dag.py
[2026-04-19T00:06:57.918+0000] {processor.py:830} INFO - Processing file /home/airflow/.local/lib/python3.8/site-packages/airflow/example_dags/example_external_task_marker_dag.py for tasks to queue
[2026-04-19T00:06:57.920+0000] {logging_mixin.py:188} INFO - [2026-04-19T00:06:57.920+0000] {dagbag.py:538} INFO - Filling up the DagBag from /home/airflow/.local/lib/python3.8/site-packages/airflow/example_dags/example_external_task_marker_dag.py
[2026-04-19T00:06:57.932+0000] {processor.py:840} INFO - DAG(s) 'example_external_task_marker_parent', 'example_external_task_marker_child' retrieved from /home/airflow/.local/lib/python3.8/site-packages/airflow/example_dags/example_external_task_marker_dag.py
[2026-04-19T00:06:57.966+0000] {logging_mixin.py:188} INFO - [2026-04-19T00:06:57.966+0000] {dag.py:3036} INFO - Sync 2 DAGs
[2026-04-19T00:06:57.984+0000] {logging_mixin.py:188} INFO - [2026-04-19T00:06:57.984+0000] {dag.py:3823} INFO - Setting next_dagrun for example_external_task_marker_child to None, run_after=None
[2026-04-19T00:06:57.989+0000] {logging_mixin.py:188} INFO - [2026-04-19T00:06:57.988+0000] {dag.py:3823} INFO - Setting next_dagrun for example_external_task_marker_parent to None, run_after=None
[2026-04-19T00:06:58.011+0000] {processor.py:183} INFO - Processing /home/airflow/.local/lib/python3.8/site-packages/airflow/example_dags/example_external_task_marker_dag.py took 0.100 seconds
[2026-04-19T00:07:28.338+0000] {processor.py:161} INFO - Started process (PID=10867) to work on /home/airflow/.local/lib/python3.8/site-packages/airflow/example_dags/example_external_task_marker_dag.py
[2026-04-19T00:07:28.339+0000] {processor.py:830} INFO - Processing file /home/airflow/.local/lib/python3.8/site-packages/airflow/example_dags/example_external_task_marker_dag.py for tasks to queue
[2026-04-19T00:07:28.342+0000] {logging_mixin.py:188} INFO - [2026-04-19T00:07:28.341+0000] {dagbag.py:538} INFO - Filling up the DagBag from /home/airflow/.local/lib/python3.8/site-packages/airflow/example_dags/example_external_task_marker_dag.py
[2026-04-19T00:07:28.351+0000] {processor.py:840} INFO - DAG(s) 'example_external_task_marker_child', 'example_external_task_marker_parent' retrieved from /home/airflow/.local/lib/python3.8/site-packages/airflow/example_dags/example_external_task_marker_dag.py
[2026-04-19T00:07:28.389+0000] {logging_mixin.py:188} INFO - [2026-04-19T00:07:28.388+0000] {dag.py:3036} INFO - Sync 2 DAGs
[2026-04-19T00:07:28.407+0000] {logging_mixin.py:188} INFO - [2026-04-19T00:07:28.407+0000] {dag.py:3823} INFO - Setting next_dagrun for example_external_task_marker_child to None, run_after=None
[2026-04-19T00:07:28.412+0000] {logging_mixin.py:188} INFO - [2026-04-19T00:07:28.411+0000] {dag.py:3823} INFO - Setting next_dagrun for example_external_task_marker_parent to None, run_after=None
[2026-04-19T00:07:28.434+0000] {processor.py:183} INFO - Processing /home/airflow/.local/lib/python3.8/site-packages/airflow/example_dags/example_external_task_marker_dag.py took 0.101 seconds
[2026-04-19T00:07:58.545+0000] {processor.py:161} INFO - Started process (PID=10922) to work on /home/airflow/.local/lib/python3.8/site-packages/airflow/example_dags/example_external_task_marker_dag.py
[2026-04-19T00:07:58.547+0000] {processor.py:830} INFO - Processing file /home/airflow/.local/lib/python3.8/site-packages/airflow/example_dags/example_external_task_marker_dag.py for tasks to queue
[2026-04-19T00:07:58.549+0000] {logging_mixin.py:188} INFO - [2026-04-19T00:07:58.549+0000] {dagbag.py:538} INFO - Filling up the DagBag from /home/airflow/.local/lib/python3.8/site-packages/airflow/example_dags/example_external_task_marker_dag.py
[2026-04-19T00:07:58.558+0000] {processor.py:840} INFO - DAG(s) 'example_external_task_marker_child', 'example_external_task_marker_parent' retrieved from /home/airflow/.local/lib/python3.8/site-packages/airflow/example_dags/example_external_task_marker_dag.py
[2026-04-19T00:07:58.591+0000] {logging_mixin.py:188} INFO - [2026-04-19T00:07:58.590+0000] {dag.py:3036} INFO - Sync 2 DAGs
[2026-04-19T00:07:58.608+0000] {logging_mixin.py:188} INFO - [2026-04-19T00:07:58.608+0000] {dag.py:3823} INFO - Setting next_dagrun for example_external_task_marker_child to None, run_after=None
[2026-04-19T00:07:58.613+0000] {logging_mixin.py:188} INFO - [2026-04-19T00:07:58.613+0000] {dag.py:3823} INFO - Setting next_dagrun for example_external_task_marker_parent to None, run_after=None
[2026-04-19T00:07:58.636+0000] {processor.py:183} INFO - Processing /home/airflow/.local/lib/python3.8/site-packages/airflow/example_dags/example_external_task_marker_dag.py took 0.095 seconds
[2026-04-19T00:08:28.814+0000] {processor.py:161} INFO - Started process (PID=10977) to work on /home/airflow/.local/lib/python3.8/site-packages/airflow/example_dags/example_external_task_marker_dag.py
[2026-04-19T00:08:28.815+0000] {processor.py:830} INFO - Processing file /home/airflow/.local/lib/python3.8/site-packages/airflow/example_dags/example_external_task_marker_dag.py for tasks to queue
[2026-04-19T00:08:28.817+0000] {logging_mixin.py:188} INFO - [2026-04-19T00:08:28.817+0000] {dagbag.py:538} INFO - Filling up the DagBag from /home/airflow/.local/lib/python3.8/site-packages/airflow/example_dags/example_external_task_marker_dag.py
[2026-04-19T00:08:28.825+0000] {processor.py:840} INFO - DAG(s) 'example_external_task_marker_child', 'example_external_task_marker_parent' retrieved from /home/airflow/.local/lib/python3.8/site-packages/airflow/example_dags/example_external_task_marker_dag.py
[2026-04-19T00:08:28.856+0000] {logging_mixin.py:188} INFO - [2026-04-19T00:08:28.856+0000] {dag.py:3036} INFO - Sync 2 DAGs
[2026-04-19T00:08:28.872+0000] {logging_mixin.py:188} INFO - [2026-04-19T00:08:28.872+0000] {dag.py:3823} INFO - Setting next_dagrun for example_external_task_marker_child to None, run_after=None
[2026-04-19T00:08:28.877+0000] {logging_mixin.py:188} INFO - [2026-04-19T00:08:28.876+0000] {dag.py:3823} INFO - Setting next_dagrun for example_external_task_marker_parent to None, run_after=None
[2026-04-19T00:08:28.897+0000] {processor.py:183} INFO - Processing /home/airflow/.local/lib/python3.8/site-packages/airflow/example_dags/example_external_task_marker_dag.py took 0.087 seconds
[2026-04-19T00:08:59.269+0000] {processor.py:161} INFO - Started process (PID=11032) to work on /home/airflow/.local/lib/python3.8/site-packages/airflow/example_dags/example_external_task_marker_dag.py
[2026-04-19T00:08:59.271+0000] {processor.py:830} INFO - Processing file /home/airflow/.local/lib/python3.8/site-packages/airflow/example_dags/example_external_task_marker_dag.py for tasks to queue
[2026-04-19T00:08:59.273+0000] {logging_mixin.py:188} INFO - [2026-04-19T00:08:59.273+0000] {dagbag.py:538} INFO - Filling up the DagBag from /home/airflow/.local/lib/python3.8/site-packages/airflow/example_dags/example_external_task_marker_dag.py
[2026-04-19T00:08:59.283+0000] {processor.py:840} INFO - DAG(s) 'example_external_task_marker_child', 'example_external_task_marker_parent' retrieved from /home/airflow/.local/lib/python3.8/site-packages/airflow/example_dags/example_external_task_marker_dag.py
[2026-04-19T00:08:59.317+0000] {logging_mixin.py:188} INFO - [2026-04-19T00:08:59.317+0000] {dag.py:3036} INFO - Sync 2 DAGs
[2026-04-19T00:08:59.335+0000] {logging_mixin.py:188} INFO - [2026-04-19T00:08:59.334+0000] {dag.py:3823} INFO - Setting next_dagrun for example_external_task_marker_child to None, run_after=None
[2026-04-19T00:08:59.339+0000] {logging_mixin.py:188} INFO - [2026-04-19T00:08:59.339+0000] {dag.py:3823} INFO - Setting next_dagrun for example_external_task_marker_parent to None, run_after=None
[2026-04-19T00:08:59.359+0000] {processor.py:183} INFO - Processing /home/airflow/.local/lib/python3.8/site-packages/airflow/example_dags/example_external_task_marker_dag.py took 0.095 seconds
[2026-04-19T00:09:29.782+0000] {processor.py:161} INFO - Started process (PID=11087) to work on /home/airflow/.local/lib/python3.8/site-packages/airflow/example_dags/example_external_task_marker_dag.py
[2026-04-19T00:09:29.784+0000] {processor.py:830} INFO - Processing file /home/airflow/.local/lib/python3.8/site-packages/airflow/example_dags/example_external_task_marker_dag.py for tasks to queue
[2026-04-19T00:09:29.786+0000] {logging_mixin.py:188} INFO - [2026-04-19T00:09:29.786+0000] {dagbag.py:538} INFO - Filling up the DagBag from /home/airflow/.local/lib/python3.8/site-packages/airflow/example_dags/example_external_task_marker_dag.py
[2026-04-19T00:09:29.796+0000] {processor.py:840} INFO - DAG(s) 'example_external_task_marker_parent', 'example_external_task_marker_child' retrieved from /home/airflow/.local/lib/python3.8/site-packages/airflow/example_dags/example_external_task_marker_dag.py
[2026-04-19T00:09:29.832+0000] {logging_mixin.py:188} INFO - [2026-04-19T00:09:29.832+0000] {dag.py:3036} INFO - Sync 2 DAGs
[2026-04-19T00:09:29.851+0000] {logging_mixin.py:188} INFO - [2026-04-19T00:09:29.851+0000] {dag.py:3823} INFO - Setting next_dagrun for example_external_task_marker_child to None, run_after=None
[2026-04-19T00:09:29.856+0000] {logging_mixin.py:188} INFO - [2026-04-19T00:09:29.856+0000] {dag.py:3823} INFO - Setting next_dagrun for example_external_task_marker_parent to None, run_after=None
[2026-04-19T00:09:29.876+0000] {processor.py:183} INFO - Processing /home/airflow/.local/lib/python3.8/site-packages/airflow/example_dags/example_external_task_marker_dag.py took 0.099 seconds
[2026-04-19T00:10:00.269+0000] {processor.py:161} INFO - Started process (PID=11142) to work on /home/airflow/.local/lib/python3.8/site-packages/airflow/example_dags/example_external_task_marker_dag.py
[2026-04-19T00:10:00.271+0000] {processor.py:830} INFO - Processing file /home/airflow/.local/lib/python3.8/site-packages/airflow/example_dags/example_external_task_marker_dag.py for tasks to queue
[2026-04-19T00:10:00.274+0000] {logging_mixin.py:188} INFO - [2026-04-19T00:10:00.273+0000] {dagbag.py:538} INFO - Filling up the DagBag from /home/airflow/.local/lib/python3.8/site-packages/airflow/example_dags/example_external_task_marker_dag.py
[2026-04-19T00:10:00.283+0000] {processor.py:840} INFO - DAG(s) 'example_external_task_marker_child', 'example_external_task_marker_parent' retrieved from /home/airflow/.local/lib/python3.8/site-packages/airflow/example_dags/example_external_task_marker_dag.py
[2026-04-19T00:10:00.317+0000] {logging_mixin.py:188} INFO - [2026-04-19T00:10:00.316+0000] {dag.py:3036} INFO - Sync 2 DAGs
[2026-04-19T00:10:00.336+0000] {logging_mixin.py:188} INFO - [2026-04-19T00:10:00.336+0000] {dag.py:3823} INFO - Setting next_dagrun for example_external_task_marker_child to None, run_after=None
[2026-04-19T00:10:00.341+0000] {logging_mixin.py:188} INFO - [2026-04-19T00:10:00.341+0000] {dag.py:3823} INFO - Setting next_dagrun for example_external_task_marker_parent to None, run_after=None
[2026-04-19T00:10:00.363+0000] {processor.py:183} INFO - Processing /home/airflow/.local/lib/python3.8/site-packages/airflow/example_dags/example_external_task_marker_dag.py took 0.099 seconds
[2026-04-19T00:10:30.716+0000] {processor.py:161} INFO - Started process (PID=11197) to work on /home/airflow/.local/lib/python3.8/site-packages/airflow/example_dags/example_external_task_marker_dag.py
[2026-04-19T00:10:30.717+0000] {processor.py:830} INFO - Processing file /home/airflow/.local/lib/python3.8/site-packages/airflow/example_dags/example_external_task_marker_dag.py for tasks to queue
[2026-04-19T00:10:30.719+0000] {logging_mixin.py:188} INFO - [2026-04-19T00:10:30.719+0000] {dagbag.py:538} INFO - Filling up the DagBag from /home/airflow/.local/lib/python3.8/site-packages/airflow/example_dags/example_external_task_marker_dag.py
[2026-04-19T00:10:30.728+0000] {processor.py:840} INFO - DAG(s) 'example_external_task_marker_child', 'example_external_task_marker_parent' retrieved from /home/airflow/.local/lib/python3.8/site-packages/airflow/example_dags/example_external_task_marker_dag.py
[2026-04-19T00:10:30.762+0000] {logging_mixin.py:188} INFO - [2026-04-19T00:10:30.762+0000] {dag.py:3036} INFO - Sync 2 DAGs
[2026-04-19T00:10:30.782+0000] {logging_mixin.py:188} INFO - [2026-04-19T00:10:30.781+0000] {dag.py:3823} INFO - Setting next_dagrun for example_external_task_marker_child to None, run_after=None
[2026-04-19T00:10:30.787+0000] {logging_mixin.py:188} INFO - [2026-04-19T00:10:30.786+0000] {dag.py:3823} INFO - Setting next_dagrun for example_external_task_marker_parent to None, run_after=None
[2026-04-19T00:10:30.806+0000] {processor.py:183} INFO - Processing /home/airflow/.local/lib/python3.8/site-packages/airflow/example_dags/example_external_task_marker_dag.py took 0.096 seconds
[2026-04-19T00:11:01.257+0000] {processor.py:161} INFO - Started process (PID=11252) to work on /home/airflow/.local/lib/python3.8/site-packages/airflow/example_dags/example_external_task_marker_dag.py
[2026-04-19T00:11:01.258+0000] {processor.py:830} INFO - Processing file /home/airflow/.local/lib/python3.8/site-packages/airflow/example_dags/example_external_task_marker_dag.py for tasks to queue
[2026-04-19T00:11:01.261+0000] {logging_mixin.py:188} INFO - [2026-04-19T00:11:01.261+0000] {dagbag.py:538} INFO - Filling up the DagBag from /home/airflow/.local/lib/python3.8/site-packages/airflow/example_dags/example_external_task_marker_dag.py
[2026-04-19T00:11:01.270+0000] {processor.py:840} INFO - DAG(s) 'example_external_task_marker_parent', 'example_external_task_marker_child' retrieved from /home/airflow/.local/lib/python3.8/site-packages/airflow/example_dags/example_external_task_marker_dag.py
[2026-04-19T00:11:01.305+0000] {logging_mixin.py:188} INFO - [2026-04-19T00:11:01.305+0000] {dag.py:3036} INFO - Sync 2 DAGs
[2026-04-19T00:11:01.322+0000] {logging_mixin.py:188} INFO - [2026-04-19T00:11:01.322+0000] {dag.py:3823} INFO - Setting next_dagrun for example_external_task_marker_child to None, run_after=None
[2026-04-19T00:11:01.326+0000] {logging_mixin.py:188} INFO - [2026-04-19T00:11:01.326+0000] {dag.py:3823} INFO - Setting next_dagrun for example_external_task_marker_parent to None, run_after=None
[2026-04-19T00:11:01.348+0000] {processor.py:183} INFO - Processing /home/airflow/.local/lib/python3.8/site-packages/airflow/example_dags/example_external_task_marker_dag.py took 0.097 seconds
[2026-04-19T00:11:31.726+0000] {processor.py:161} INFO - Started process (PID=11307) to work on /home/airflow/.local/lib/python3.8/site-packages/airflow/example_dags/example_external_task_marker_dag.py
[2026-04-19T00:11:31.727+0000] {processor.py:830} INFO - Processing file /home/airflow/.local/lib/python3.8/site-packages/airflow/example_dags/example_external_task_marker_dag.py for tasks to queue
[2026-04-19T00:11:31.730+0000] {logging_mixin.py:188} INFO - [2026-04-19T00:11:31.729+0000] {dagbag.py:538} INFO - Filling up the DagBag from /home/airflow/.local/lib/python3.8/site-packages/airflow/example_dags/example_external_task_marker_dag.py
[2026-04-19T00:11:31.739+0000] {processor.py:840} INFO - DAG(s) 'example_external_task_marker_parent', 'example_external_task_marker_child' retrieved from /home/airflow/.local/lib/python3.8/site-packages/airflow/example_dags/example_external_task_marker_dag.py
[2026-04-19T00:11:31.772+0000] {logging_mixin.py:188} INFO - [2026-04-19T00:11:31.772+0000] {dag.py:3036} INFO - Sync 2 DAGs
[2026-04-19T00:11:31.789+0000] {logging_mixin.py:188} INFO - [2026-04-19T00:11:31.789+0000] {dag.py:3823} INFO - Setting next_dagrun for example_external_task_marker_child to None, run_after=None
[2026-04-19T00:11:31.794+0000] {logging_mixin.py:188} INFO - [2026-04-19T00:11:31.794+0000] {dag.py:3823} INFO - Setting next_dagrun for example_external_task_marker_parent to None, run_after=None
[2026-04-19T00:11:31.814+0000] {processor.py:183} INFO - Processing /home/airflow/.local/lib/python3.8/site-packages/airflow/example_dags/example_external_task_marker_dag.py took 0.093 seconds
[2026-04-19T00:12:02.122+0000] {processor.py:161} INFO - Started process (PID=11362) to work on /home/airflow/.local/lib/python3.8/site-packages/airflow/example_dags/example_external_task_marker_dag.py
[2026-04-19T00:12:02.123+0000] {processor.py:830} INFO - Processing file /home/airflow/.local/lib/python3.8/site-packages/airflow/example_dags/example_external_task_marker_dag.py for tasks to queue
[2026-04-19T00:12:02.125+0000] {logging_mixin.py:188} INFO - [2026-04-19T00:12:02.125+0000] {dagbag.py:538} INFO - Filling up the DagBag from /home/airflow/.local/lib/python3.8/site-packages/airflow/example_dags/example_external_task_marker_dag.py
[2026-04-19T00:12:02.133+0000] {processor.py:840} INFO - DAG(s) 'example_external_task_marker_parent', 'example_external_task_marker_child' retrieved from /home/airflow/.local/lib/python3.8/site-packages/airflow/example_dags/example_external_task_marker_dag.py
[2026-04-19T00:12:02.159+0000] {logging_mixin.py:188} INFO - [2026-04-19T00:12:02.159+0000] {dag.py:3036} INFO - Sync 2 DAGs
[2026-04-19T00:12:02.175+0000] {logging_mixin.py:188} INFO - [2026-04-19T00:12:02.175+0000] {dag.py:3823} INFO - Setting next_dagrun for example_external_task_marker_child to None, run_after=None
[2026-04-19T00:12:02.179+0000] {logging_mixin.py:188} INFO - [2026-04-19T00:12:02.179+0000] {dag.py:3823} INFO - Setting next_dagrun for example_external_task_marker_parent to None, run_after=None
[2026-04-19T00:12:02.195+0000] {processor.py:183} INFO - Processing /home/airflow/.local/lib/python3.8/site-packages/airflow/example_dags/example_external_task_marker_dag.py took 0.077 seconds
[2026-04-19T00:12:32.468+0000] {processor.py:161} INFO - Started process (PID=11417) to work on /home/airflow/.local/lib/python3.8/site-packages/airflow/example_dags/example_external_task_marker_dag.py
[2026-04-19T00:12:32.470+0000] {processor.py:830} INFO - Processing file /home/airflow/.local/lib/python3.8/site-packages/airflow/example_dags/example_external_task_marker_dag.py for tasks to queue
[2026-04-19T00:12:32.472+0000] {logging_mixin.py:188} INFO - [2026-04-19T00:12:32.471+0000] {dagbag.py:538} INFO - Filling up the DagBag from /home/airflow/.local/lib/python3.8/site-packages/airflow/example_dags/example_external_task_marker_dag.py
[2026-04-19T00:12:32.480+0000] {processor.py:840} INFO - DAG(s) 'example_external_task_marker_parent', 'example_external_task_marker_child' retrieved from /home/airflow/.local/lib/python3.8/site-packages/airflow/example_dags/example_external_task_marker_dag.py
[2026-04-19T00:12:32.511+0000] {logging_mixin.py:188} INFO - [2026-04-19T00:12:32.511+0000] {dag.py:3036} INFO - Sync 2 DAGs
[2026-04-19T00:12:32.528+0000] {logging_mixin.py:188} INFO - [2026-04-19T00:12:32.527+0000] {dag.py:3823} INFO - Setting next_dagrun for example_external_task_marker_child to None, run_after=None
[2026-04-19T00:12:32.532+0000] {logging_mixin.py:188} INFO - [2026-04-19T00:12:32.532+0000] {dag.py:3823} INFO - Setting next_dagrun for example_external_task_marker_parent to None, run_after=None
[2026-04-19T00:12:32.553+0000] {processor.py:183} INFO - Processing /home/airflow/.local/lib/python3.8/site-packages/airflow/example_dags/example_external_task_marker_dag.py took 0.089 seconds
[2026-04-19T00:13:02.957+0000] {processor.py:161} INFO - Started process (PID=11472) to work on /home/airflow/.local/lib/python3.8/site-packages/airflow/example_dags/example_external_task_marker_dag.py
[2026-04-19T00:13:02.958+0000] {processor.py:830} INFO - Processing file /home/airflow/.local/lib/python3.8/site-packages/airflow/example_dags/example_external_task_marker_dag.py for tasks to queue
[2026-04-19T00:13:02.961+0000] {logging_mixin.py:188} INFO - [2026-04-19T00:13:02.960+0000] {dagbag.py:538} INFO - Filling up the DagBag from /home/airflow/.local/lib/python3.8/site-packages/airflow/example_dags/example_external_task_marker_dag.py
[2026-04-19T00:13:02.970+0000] {processor.py:840} INFO - DAG(s) 'example_external_task_marker_child', 'example_external_task_marker_parent' retrieved from /home/airflow/.local/lib/python3.8/site-packages/airflow/example_dags/example_external_task_marker_dag.py
[2026-04-19T00:13:03.006+0000] {logging_mixin.py:188} INFO - [2026-04-19T00:13:03.005+0000] {dag.py:3036} INFO - Sync 2 DAGs
[2026-04-19T00:13:03.024+0000] {logging_mixin.py:188} INFO - [2026-04-19T00:13:03.024+0000] {dag.py:3823} INFO - Setting next_dagrun for example_external_task_marker_child to None, run_after=None
[2026-04-19T00:13:03.029+0000] {logging_mixin.py:188} INFO - [2026-04-19T00:13:03.029+0000] {dag.py:3823} INFO - Setting next_dagrun for example_external_task_marker_parent to None, run_after=None
[2026-04-19T00:13:03.050+0000] {processor.py:183} INFO - Processing /home/airflow/.local/lib/python3.8/site-packages/airflow/example_dags/example_external_task_marker_dag.py took 0.098 seconds
[2026-04-19T00:13:33.351+0000] {processor.py:161} INFO - Started process (PID=11527) to work on /home/airflow/.local/lib/python3.8/site-packages/airflow/example_dags/example_external_task_marker_dag.py
[2026-04-19T00:13:33.353+0000] {processor.py:830} INFO - Processing file /home/airflow/.local/lib/python3.8/site-packages/airflow/example_dags/example_external_task_marker_dag.py for tasks to queue
[2026-04-19T00:13:33.355+0000] {logging_mixin.py:188} INFO - [2026-04-19T00:13:33.355+0000] {dagbag.py:538} INFO - Filling up the DagBag from /home/airflow/.local/lib/python3.8/site-packages/airflow/example_dags/example_external_task_marker_dag.py
[2026-04-19T00:13:33.364+0000] {processor.py:840} INFO - DAG(s) 'example_external_task_marker_child', 'example_external_task_marker_parent' retrieved from /home/airflow/.local/lib/python3.8/site-packages/airflow/example_dags/example_external_task_marker_dag.py
[2026-04-19T00:13:33.399+0000] {logging_mixin.py:188} INFO - [2026-04-19T00:13:33.398+0000] {dag.py:3036} INFO - Sync 2 DAGs
[2026-04-19T00:13:33.415+0000] {logging_mixin.py:188} INFO - [2026-04-19T00:13:33.415+0000] {dag.py:3823} INFO - Setting next_dagrun for example_external_task_marker_child to None, run_after=None
[2026-04-19T00:13:33.420+0000] {logging_mixin.py:188} INFO - [2026-04-19T00:13:33.420+0000] {dag.py:3823} INFO - Setting next_dagrun for example_external_task_marker_parent to None, run_after=None
[2026-04-19T00:13:33.440+0000] {processor.py:183} INFO - Processing /home/airflow/.local/lib/python3.8/site-packages/airflow/example_dags/example_external_task_marker_dag.py took 0.095 seconds
[2026-04-19T00:14:03.933+0000] {processor.py:161} INFO - Started process (PID=11582) to work on /home/airflow/.local/lib/python3.8/site-packages/airflow/example_dags/example_external_task_marker_dag.py
[2026-04-19T00:14:03.934+0000] {processor.py:830} INFO - Processing file /home/airflow/.local/lib/python3.8/site-packages/airflow/example_dags/example_external_task_marker_dag.py for tasks to queue
[2026-04-19T00:14:03.936+0000] {logging_mixin.py:188} INFO - [2026-04-19T00:14:03.936+0000] {dagbag.py:538} INFO - Filling up the DagBag from /home/airflow/.local/lib/python3.8/site-packages/airflow/example_dags/example_external_task_marker_dag.py
[2026-04-19T00:14:03.945+0000] {processor.py:840} INFO - DAG(s) 'example_external_task_marker_child', 'example_external_task_marker_parent' retrieved from /home/airflow/.local/lib/python3.8/site-packages/airflow/example_dags/example_external_task_marker_dag.py
[2026-04-19T00:14:03.978+0000] {logging_mixin.py:188} INFO - [2026-04-19T00:14:03.978+0000] {dag.py:3036} INFO - Sync 2 DAGs
[2026-04-19T00:14:03.998+0000] {logging_mixin.py:188} INFO - [2026-04-19T00:14:03.997+0000] {dag.py:3823} INFO - Setting next_dagrun for example_external_task_marker_child to None, run_after=None
[2026-04-19T00:14:04.003+0000] {logging_mixin.py:188} INFO - [2026-04-19T00:14:04.003+0000] {dag.py:3823} INFO - Setting next_dagrun for example_external_task_marker_parent to None, run_after=None
[2026-04-19T00:14:04.025+0000] {processor.py:183} INFO - Processing /home/airflow/.local/lib/python3.8/site-packages/airflow/example_dags/example_external_task_marker_dag.py took 0.097 seconds
[2026-04-19T00:14:34.426+0000] {processor.py:161} INFO - Started process (PID=11637) to work on /home/airflow/.local/lib/python3.8/site-packages/airflow/example_dags/example_external_task_marker_dag.py
[2026-04-19T00:14:34.427+0000] {processor.py:830} INFO - Processing file /home/airflow/.local/lib/python3.8/site-packages/airflow/example_dags/example_external_task_marker_dag.py for tasks to queue
[2026-04-19T00:14:34.430+0000] {logging_mixin.py:188} INFO - [2026-04-19T00:14:34.429+0000] {dagbag.py:538} INFO - Filling up the DagBag from /home/airflow/.local/lib/python3.8/site-packages/airflow/example_dags/example_external_task_marker_dag.py
[2026-04-19T00:14:34.438+0000] {processor.py:840} INFO - DAG(s) 'example_external_task_marker_child', 'example_external_task_marker_parent' retrieved from /home/airflow/.local/lib/python3.8/site-packages/airflow/example_dags/example_external_task_marker_dag.py
[2026-04-19T00:14:34.471+0000] {logging_mixin.py:188} INFO - [2026-04-19T00:14:34.471+0000] {dag.py:3036} INFO - Sync 2 DAGs
[2026-04-19T00:14:34.489+0000] {logging_mixin.py:188} INFO - [2026-04-19T00:14:34.488+0000] {dag.py:3823} INFO - Setting next_dagrun for example_external_task_marker_child to None, run_after=None
[2026-04-19T00:14:34.494+0000] {logging_mixin.py:188} INFO - [2026-04-19T00:14:34.493+0000] {dag.py:3823} INFO - Setting next_dagrun for example_external_task_marker_parent to None, run_after=None
[2026-04-19T00:14:34.514+0000] {processor.py:183} INFO - Processing /home/airflow/.local/lib/python3.8/site-packages/airflow/example_dags/example_external_task_marker_dag.py took 0.094 seconds
[2026-04-19T00:15:04.995+0000] {processor.py:161} INFO - Started process (PID=11692) to work on /home/airflow/.local/lib/python3.8/site-packages/airflow/example_dags/example_external_task_marker_dag.py
[2026-04-19T00:15:04.997+0000] {processor.py:830} INFO - Processing file /home/airflow/.local/lib/python3.8/site-packages/airflow/example_dags/example_external_task_marker_dag.py for tasks to queue
[2026-04-19T00:15:05.000+0000] {logging_mixin.py:188} INFO - [2026-04-19T00:15:05.000+0000] {dagbag.py:538} INFO - Filling up the DagBag from /home/airflow/.local/lib/python3.8/site-packages/airflow/example_dags/example_external_task_marker_dag.py
[2026-04-19T00:15:05.010+0000] {processor.py:840} INFO - DAG(s) 'example_external_task_marker_parent', 'example_external_task_marker_child' retrieved from /home/airflow/.local/lib/python3.8/site-packages/airflow/example_dags/example_external_task_marker_dag.py
[2026-04-19T00:15:05.046+0000] {logging_mixin.py:188} INFO - [2026-04-19T00:15:05.045+0000] {dag.py:3036} INFO - Sync 2 DAGs
[2026-04-19T00:15:05.063+0000] {logging_mixin.py:188} INFO - [2026-04-19T00:15:05.062+0000] {dag.py:3823} INFO - Setting next_dagrun for example_external_task_marker_child to None, run_after=None
[2026-04-19T00:15:05.067+0000] {logging_mixin.py:188} INFO - [2026-04-19T00:15:05.067+0000] {dag.py:3823} INFO - Setting next_dagrun for example_external_task_marker_parent to None, run_after=None
[2026-04-19T00:15:05.088+0000] {processor.py:183} INFO - Processing /home/airflow/.local/lib/python3.8/site-packages/airflow/example_dags/example_external_task_marker_dag.py took 0.098 seconds
[2026-04-19T00:15:35.440+0000] {processor.py:161} INFO - Started process (PID=11748) to work on /home/airflow/.local/lib/python3.8/site-packages/airflow/example_dags/example_external_task_marker_dag.py
[2026-04-19T00:15:35.441+0000] {processor.py:830} INFO - Processing file /home/airflow/.local/lib/python3.8/site-packages/airflow/example_dags/example_external_task_marker_dag.py for tasks to queue
[2026-04-19T00:15:35.444+0000] {logging_mixin.py:188} INFO - [2026-04-19T00:15:35.443+0000] {dagbag.py:538} INFO - Filling up the DagBag from /home/airflow/.local/lib/python3.8/site-packages/airflow/example_dags/example_external_task_marker_dag.py
[2026-04-19T00:15:35.453+0000] {processor.py:840} INFO - DAG(s) 'example_external_task_marker_child', 'example_external_task_marker_parent' retrieved from /home/airflow/.local/lib/python3.8/site-packages/airflow/example_dags/example_external_task_marker_dag.py
[2026-04-19T00:15:35.489+0000] {logging_mixin.py:188} INFO - [2026-04-19T00:15:35.489+0000] {dag.py:3036} INFO - Sync 2 DAGs
[2026-04-19T00:15:35.510+0000] {logging_mixin.py:188} INFO - [2026-04-19T00:15:35.510+0000] {dag.py:3823} INFO - Setting next_dagrun for example_external_task_marker_child to None, run_after=None
[2026-04-19T00:15:35.515+0000] {logging_mixin.py:188} INFO - [2026-04-19T00:15:35.515+0000] {dag.py:3823} INFO - Setting next_dagrun for example_external_task_marker_parent to None, run_after=None
[2026-04-19T00:15:35.535+0000] {processor.py:183} INFO - Processing /home/airflow/.local/lib/python3.8/site-packages/airflow/example_dags/example_external_task_marker_dag.py took 0.101 seconds
[2026-04-19T00:16:06.223+0000] {processor.py:161} INFO - Started process (PID=11803) to work on /home/airflow/.local/lib/python3.8/site-packages/airflow/example_dags/example_external_task_marker_dag.py
[2026-04-19T00:16:06.224+0000] {processor.py:830} INFO - Processing file /home/airflow/.local/lib/python3.8/site-packages/airflow/example_dags/example_external_task_marker_dag.py for tasks to queue
[2026-04-19T00:16:06.226+0000] {logging_mixin.py:188} INFO - [2026-04-19T00:16:06.225+0000] {dagbag.py:538} INFO - Filling up the DagBag from /home/airflow/.local/lib/python3.8/site-packages/airflow/example_dags/example_external_task_marker_dag.py
[2026-04-19T00:16:06.230+0000] {processor.py:840} INFO - DAG(s) 'example_external_task_marker_parent', 'example_external_task_marker_child' retrieved from /home/airflow/.local/lib/python3.8/site-packages/airflow/example_dags/example_external_task_marker_dag.py
[2026-04-19T00:16:06.246+0000] {logging_mixin.py:188} INFO - [2026-04-19T00:16:06.246+0000] {dag.py:3036} INFO - Sync 2 DAGs
[2026-04-19T00:16:06.255+0000] {logging_mixin.py:188} INFO - [2026-04-19T00:16:06.255+0000] {dag.py:3823} INFO - Setting next_dagrun for example_external_task_marker_child to None, run_after=None
[2026-04-19T00:16:06.257+0000] {logging_mixin.py:188} INFO - [2026-04-19T00:16:06.257+0000] {dag.py:3823} INFO - Setting next_dagrun for example_external_task_marker_parent to None, run_after=None
[2026-04-19T00:16:06.268+0000] {processor.py:183} INFO - Processing /home/airflow/.local/lib/python3.8/site-packages/airflow/example_dags/example_external_task_marker_dag.py took 0.047 seconds
[2026-04-19T00:16:36.523+0000] {processor.py:161} INFO - Started process (PID=11858) to work on /home/airflow/.local/lib/python3.8/site-packages/airflow/example_dags/example_external_task_marker_dag.py
[2026-04-19T00:16:36.524+0000] {processor.py:830} INFO - Processing file /home/airflow/.local/lib/python3.8/site-packages/airflow/example_dags/example_external_task_marker_dag.py for tasks to queue
[2026-04-19T00:16:36.527+0000] {logging_mixin.py:188} INFO - [2026-04-19T00:16:36.526+0000] {dagbag.py:538} INFO - Filling up the DagBag from /home/airflow/.local/lib/python3.8/site-packages/airflow/example_dags/example_external_task_marker_dag.py
[2026-04-19T00:16:36.537+0000] {processor.py:840} INFO - DAG(s) 'example_external_task_marker_parent', 'example_external_task_marker_child' retrieved from /home/airflow/.local/lib/python3.8/site-packages/airflow/example_dags/example_external_task_marker_dag.py
[2026-04-19T00:16:36.575+0000] {logging_mixin.py:188} INFO - [2026-04-19T00:16:36.575+0000] {dag.py:3036} INFO - Sync 2 DAGs
[2026-04-19T00:16:36.593+0000] {logging_mixin.py:188} INFO - [2026-04-19T00:16:36.593+0000] {dag.py:3823} INFO - Setting next_dagrun for example_external_task_marker_child to None, run_after=None
[2026-04-19T00:16:36.598+0000] {logging_mixin.py:188} INFO - [2026-04-19T00:16:36.598+0000] {dag.py:3823} INFO - Setting next_dagrun for example_external_task_marker_parent to None, run_after=None
[2026-04-19T00:16:36.619+0000] {processor.py:183} INFO - Processing /home/airflow/.local/lib/python3.8/site-packages/airflow/example_dags/example_external_task_marker_dag.py took 0.101 seconds
[2026-04-19T00:17:06.867+0000] {processor.py:161} INFO - Started process (PID=11913) to work on /home/airflow/.local/lib/python3.8/site-packages/airflow/example_dags/example_external_task_marker_dag.py
[2026-04-19T00:17:06.868+0000] {processor.py:830} INFO - Processing file /home/airflow/.local/lib/python3.8/site-packages/airflow/example_dags/example_external_task_marker_dag.py for tasks to queue
[2026-04-19T00:17:06.871+0000] {logging_mixin.py:188} INFO - [2026-04-19T00:17:06.870+0000] {dagbag.py:538} INFO - Filling up the DagBag from /home/airflow/.local/lib/python3.8/site-packages/airflow/example_dags/example_external_task_marker_dag.py
[2026-04-19T00:17:06.880+0000] {processor.py:840} INFO - DAG(s) 'example_external_task_marker_child', 'example_external_task_marker_parent' retrieved from /home/airflow/.local/lib/python3.8/site-packages/airflow/example_dags/example_external_task_marker_dag.py
[2026-04-19T00:17:06.912+0000] {logging_mixin.py:188} INFO - [2026-04-19T00:17:06.912+0000] {dag.py:3036} INFO - Sync 2 DAGs
[2026-04-19T00:17:06.929+0000] {logging_mixin.py:188} INFO - [2026-04-19T00:17:06.929+0000] {dag.py:3823} INFO - Setting next_dagrun for example_external_task_marker_child to None, run_after=None
[2026-04-19T00:17:06.934+0000] {logging_mixin.py:188} INFO - [2026-04-19T00:17:06.934+0000] {dag.py:3823} INFO - Setting next_dagrun for example_external_task_marker_parent to None, run_after=None
[2026-04-19T00:17:06.954+0000] {processor.py:183} INFO - Processing /home/airflow/.local/lib/python3.8/site-packages/airflow/example_dags/example_external_task_marker_dag.py took 0.093 seconds
[2026-04-19T00:17:37.400+0000] {processor.py:161} INFO - Started process (PID=11968) to work on /home/airflow/.local/lib/python3.8/site-packages/airflow/example_dags/example_external_task_marker_dag.py
[2026-04-19T00:17:37.403+0000] {processor.py:830} INFO - Processing file /home/airflow/.local/lib/python3.8/site-packages/airflow/example_dags/example_external_task_marker_dag.py for tasks to queue
[2026-04-19T00:17:37.407+0000] {logging_mixin.py:188} INFO - [2026-04-19T00:17:37.406+0000] {dagbag.py:538} INFO - Filling up the DagBag from /home/airflow/.local/lib/python3.8/site-packages/airflow/example_dags/example_external_task_marker_dag.py
[2026-04-19T00:17:37.419+0000] {processor.py:840} INFO - DAG(s) 'example_external_task_marker_parent', 'example_external_task_marker_child' retrieved from /home/airflow/.local/lib/python3.8/site-packages/airflow/example_dags/example_external_task_marker_dag.py
[2026-04-19T00:17:37.465+0000] {logging_mixin.py:188} INFO - [2026-04-19T00:17:37.465+0000] {dag.py:3036} INFO - Sync 2 DAGs
[2026-04-19T00:17:37.491+0000] {logging_mixin.py:188} INFO - [2026-04-19T00:17:37.490+0000] {dag.py:3823} INFO - Setting next_dagrun for example_external_task_marker_child to None, run_after=None
[2026-04-19T00:17:37.499+0000] {logging_mixin.py:188} INFO - [2026-04-19T00:17:37.498+0000] {dag.py:3823} INFO - Setting next_dagrun for example_external_task_marker_parent to None, run_after=None
[2026-04-19T00:17:37.543+0000] {processor.py:183} INFO - Processing /home/airflow/.local/lib/python3.8/site-packages/airflow/example_dags/example_external_task_marker_dag.py took 0.150 seconds
[2026-04-19T00:18:07.931+0000] {processor.py:161} INFO - Started process (PID=12023) to work on /home/airflow/.local/lib/python3.8/site-packages/airflow/example_dags/example_external_task_marker_dag.py
[2026-04-19T00:18:07.933+0000] {processor.py:830} INFO - Processing file /home/airflow/.local/lib/python3.8/site-packages/airflow/example_dags/example_external_task_marker_dag.py for tasks to queue
[2026-04-19T00:18:07.935+0000] {logging_mixin.py:188} INFO - [2026-04-19T00:18:07.935+0000] {dagbag.py:538} INFO - Filling up the DagBag from /home/airflow/.local/lib/python3.8/site-packages/airflow/example_dags/example_external_task_marker_dag.py
[2026-04-19T00:18:07.944+0000] {processor.py:840} INFO - DAG(s) 'example_external_task_marker_child', 'example_external_task_marker_parent' retrieved from /home/airflow/.local/lib/python3.8/site-packages/airflow/example_dags/example_external_task_marker_dag.py
[2026-04-19T00:18:07.978+0000] {logging_mixin.py:188} INFO - [2026-04-19T00:18:07.977+0000] {dag.py:3036} INFO - Sync 2 DAGs
[2026-04-19T00:18:07.997+0000] {logging_mixin.py:188} INFO - [2026-04-19T00:18:07.996+0000] {dag.py:3823} INFO - Setting next_dagrun for example_external_task_marker_child to None, run_after=None
[2026-04-19T00:18:08.002+0000] {logging_mixin.py:188} INFO - [2026-04-19T00:18:08.002+0000] {dag.py:3823} INFO - Setting next_dagrun for example_external_task_marker_parent to None, run_after=None
[2026-04-19T00:18:08.025+0000] {processor.py:183} INFO - Processing /home/airflow/.local/lib/python3.8/site-packages/airflow/example_dags/example_external_task_marker_dag.py took 0.099 seconds
[2026-04-19T00:18:38.465+0000] {processor.py:161} INFO - Started process (PID=12078) to work on /home/airflow/.local/lib/python3.8/site-packages/airflow/example_dags/example_external_task_marker_dag.py
[2026-04-19T00:18:38.466+0000] {processor.py:830} INFO - Processing file /home/airflow/.local/lib/python3.8/site-packages/airflow/example_dags/example_external_task_marker_dag.py for tasks to queue
[2026-04-19T00:18:38.468+0000] {logging_mixin.py:188} INFO - [2026-04-19T00:18:38.468+0000] {dagbag.py:538} INFO - Filling up the DagBag from /home/airflow/.local/lib/python3.8/site-packages/airflow/example_dags/example_external_task_marker_dag.py
[2026-04-19T00:18:38.476+0000] {processor.py:840} INFO - DAG(s) 'example_external_task_marker_parent', 'example_external_task_marker_child' retrieved from /home/airflow/.local/lib/python3.8/site-packages/airflow/example_dags/example_external_task_marker_dag.py
[2026-04-19T00:18:38.509+0000] {logging_mixin.py:188} INFO - [2026-04-19T00:18:38.509+0000] {dag.py:3036} INFO - Sync 2 DAGs
[2026-04-19T00:18:38.525+0000] {logging_mixin.py:188} INFO - [2026-04-19T00:18:38.525+0000] {dag.py:3823} INFO - Setting next_dagrun for example_external_task_marker_child to None, run_after=None
[2026-04-19T00:18:38.530+0000] {logging_mixin.py:188} INFO - [2026-04-19T00:18:38.530+0000] {dag.py:3823} INFO - Setting next_dagrun for example_external_task_marker_parent to None, run_after=None
[2026-04-19T00:18:38.550+0000] {processor.py:183} INFO - Processing /home/airflow/.local/lib/python3.8/site-packages/airflow/example_dags/example_external_task_marker_dag.py took 0.090 seconds
[2026-04-19T00:19:08.843+0000] {processor.py:161} INFO - Started process (PID=12132) to work on /home/airflow/.local/lib/python3.8/site-packages/airflow/example_dags/example_external_task_marker_dag.py
[2026-04-19T00:19:08.845+0000] {processor.py:830} INFO - Processing file /home/airflow/.local/lib/python3.8/site-packages/airflow/example_dags/example_external_task_marker_dag.py for tasks to queue
[2026-04-19T00:19:08.847+0000] {logging_mixin.py:188} INFO - [2026-04-19T00:19:08.847+0000] {dagbag.py:538} INFO - Filling up the DagBag from /home/airflow/.local/lib/python3.8/site-packages/airflow/example_dags/example_external_task_marker_dag.py
[2026-04-19T00:19:08.856+0000] {processor.py:840} INFO - DAG(s) 'example_external_task_marker_parent', 'example_external_task_marker_child' retrieved from /home/airflow/.local/lib/python3.8/site-packages/airflow/example_dags/example_external_task_marker_dag.py
[2026-04-19T00:19:08.894+0000] {logging_mixin.py:188} INFO - [2026-04-19T00:19:08.894+0000] {dag.py:3036} INFO - Sync 2 DAGs
[2026-04-19T00:19:08.912+0000] {logging_mixin.py:188} INFO - [2026-04-19T00:19:08.912+0000] {dag.py:3823} INFO - Setting next_dagrun for example_external_task_marker_child to None, run_after=None
[2026-04-19T00:19:08.917+0000] {logging_mixin.py:188} INFO - [2026-04-19T00:19:08.917+0000] {dag.py:3823} INFO - Setting next_dagrun for example_external_task_marker_parent to None, run_after=None
[2026-04-19T00:19:08.940+0000] {processor.py:183} INFO - Processing /home/airflow/.local/lib/python3.8/site-packages/airflow/example_dags/example_external_task_marker_dag.py took 0.102 seconds
[2026-04-19T00:19:39.303+0000] {processor.py:161} INFO - Started process (PID=12187) to work on /home/airflow/.local/lib/python3.8/site-packages/airflow/example_dags/example_external_task_marker_dag.py
[2026-04-19T00:19:39.305+0000] {processor.py:830} INFO - Processing file /home/airflow/.local/lib/python3.8/site-packages/airflow/example_dags/example_external_task_marker_dag.py for tasks to queue
[2026-04-19T00:19:39.307+0000] {logging_mixin.py:188} INFO - [2026-04-19T00:19:39.307+0000] {dagbag.py:538} INFO - Filling up the DagBag from /home/airflow/.local/lib/python3.8/site-packages/airflow/example_dags/example_external_task_marker_dag.py
[2026-04-19T00:19:39.318+0000] {processor.py:840} INFO - DAG(s) 'example_external_task_marker_child', 'example_external_task_marker_parent' retrieved from /home/airflow/.local/lib/python3.8/site-packages/airflow/example_dags/example_external_task_marker_dag.py
[2026-04-19T00:19:39.353+0000] {logging_mixin.py:188} INFO - [2026-04-19T00:19:39.352+0000] {dag.py:3036} INFO - Sync 2 DAGs
[2026-04-19T00:19:39.374+0000] {logging_mixin.py:188} INFO - [2026-04-19T00:19:39.373+0000] {dag.py:3823} INFO - Setting next_dagrun for example_external_task_marker_child to None, run_after=None
[2026-04-19T00:19:39.379+0000] {logging_mixin.py:188} INFO - [2026-04-19T00:19:39.379+0000] {dag.py:3823} INFO - Setting next_dagrun for example_external_task_marker_parent to None, run_after=None
[2026-04-19T00:19:39.405+0000] {processor.py:183} INFO - Processing /home/airflow/.local/lib/python3.8/site-packages/airflow/example_dags/example_external_task_marker_dag.py took 0.107 seconds
[2026-04-19T00:20:09.801+0000] {processor.py:161} INFO - Started process (PID=12242) to work on /home/airflow/.local/lib/python3.8/site-packages/airflow/example_dags/example_external_task_marker_dag.py
[2026-04-19T00:20:09.802+0000] {processor.py:830} INFO - Processing file /home/airflow/.local/lib/python3.8/site-packages/airflow/example_dags/example_external_task_marker_dag.py for tasks to queue
[2026-04-19T00:20:09.805+0000] {logging_mixin.py:188} INFO - [2026-04-19T00:20:09.804+0000] {dagbag.py:538} INFO - Filling up the DagBag from /home/airflow/.local/lib/python3.8/site-packages/airflow/example_dags/example_external_task_marker_dag.py
[2026-04-19T00:20:09.813+0000] {processor.py:840} INFO - DAG(s) 'example_external_task_marker_parent', 'example_external_task_marker_child' retrieved from /home/airflow/.local/lib/python3.8/site-packages/airflow/example_dags/example_external_task_marker_dag.py
[2026-04-19T00:20:09.846+0000] {logging_mixin.py:188} INFO - [2026-04-19T00:20:09.846+0000] {dag.py:3036} INFO - Sync 2 DAGs
[2026-04-19T00:20:09.864+0000] {logging_mixin.py:188} INFO - [2026-04-19T00:20:09.863+0000] {dag.py:3823} INFO - Setting next_dagrun for example_external_task_marker_child to None, run_after=None
[2026-04-19T00:20:09.869+0000] {logging_mixin.py:188} INFO - [2026-04-19T00:20:09.868+0000] {dag.py:3823} INFO - Setting next_dagrun for example_external_task_marker_parent to None, run_after=None
[2026-04-19T00:20:09.889+0000] {processor.py:183} INFO - Processing /home/airflow/.local/lib/python3.8/site-packages/airflow/example_dags/example_external_task_marker_dag.py took 0.093 seconds
[2026-04-19T00:20:40.144+0000] {processor.py:161} INFO - Started process (PID=12297) to work on /home/airflow/.local/lib/python3.8/site-packages/airflow/example_dags/example_external_task_marker_dag.py
[2026-04-19T00:20:40.146+0000] {processor.py:830} INFO - Processing file /home/airflow/.local/lib/python3.8/site-packages/airflow/example_dags/example_external_task_marker_dag.py for tasks to queue
[2026-04-19T00:20:40.148+0000] {logging_mixin.py:188} INFO - [2026-04-19T00:20:40.148+0000] {dagbag.py:538} INFO - Filling up the DagBag from /home/airflow/.local/lib/python3.8/site-packages/airflow/example_dags/example_external_task_marker_dag.py
[2026-04-19T00:20:40.156+0000] {processor.py:840} INFO - DAG(s) 'example_external_task_marker_parent', 'example_external_task_marker_child' retrieved from /home/airflow/.local/lib/python3.8/site-packages/airflow/example_dags/example_external_task_marker_dag.py
[2026-04-19T00:20:40.191+0000] {logging_mixin.py:188} INFO - [2026-04-19T00:20:40.191+0000] {dag.py:3036} INFO - Sync 2 DAGs
[2026-04-19T00:20:40.209+0000] {logging_mixin.py:188} INFO - [2026-04-19T00:20:40.209+0000] {dag.py:3823} INFO - Setting next_dagrun for example_external_task_marker_child to None, run_after=None
[2026-04-19T00:20:40.214+0000] {logging_mixin.py:188} INFO - [2026-04-19T00:20:40.214+0000] {dag.py:3823} INFO - Setting next_dagrun for example_external_task_marker_parent to None, run_after=None
[2026-04-19T00:20:40.234+0000] {processor.py:183} INFO - Processing /home/airflow/.local/lib/python3.8/site-packages/airflow/example_dags/example_external_task_marker_dag.py took 0.095 seconds
[2026-04-19T00:21:10.555+0000] {processor.py:161} INFO - Started process (PID=12352) to work on /home/airflow/.local/lib/python3.8/site-packages/airflow/example_dags/example_external_task_marker_dag.py
[2026-04-19T00:21:10.557+0000] {processor.py:830} INFO - Processing file /home/airflow/.local/lib/python3.8/site-packages/airflow/example_dags/example_external_task_marker_dag.py for tasks to queue
[2026-04-19T00:21:10.559+0000] {logging_mixin.py:188} INFO - [2026-04-19T00:21:10.559+0000] {dagbag.py:538} INFO - Filling up the DagBag from /home/airflow/.local/lib/python3.8/site-packages/airflow/example_dags/example_external_task_marker_dag.py
[2026-04-19T00:21:10.568+0000] {processor.py:840} INFO - DAG(s) 'example_external_task_marker_parent', 'example_external_task_marker_child' retrieved from /home/airflow/.local/lib/python3.8/site-packages/airflow/example_dags/example_external_task_marker_dag.py
[2026-04-19T00:21:10.606+0000] {logging_mixin.py:188} INFO - [2026-04-19T00:21:10.605+0000] {dag.py:3036} INFO - Sync 2 DAGs
[2026-04-19T00:21:10.626+0000] {logging_mixin.py:188} INFO - [2026-04-19T00:21:10.625+0000] {dag.py:3823} INFO - Setting next_dagrun for example_external_task_marker_child to None, run_after=None
[2026-04-19T00:21:10.632+0000] {logging_mixin.py:188} INFO - [2026-04-19T00:21:10.631+0000] {dag.py:3823} INFO - Setting next_dagrun for example_external_task_marker_parent to None, run_after=None
[2026-04-19T00:21:10.657+0000] {processor.py:183} INFO - Processing /home/airflow/.local/lib/python3.8/site-packages/airflow/example_dags/example_external_task_marker_dag.py took 0.107 seconds
[2026-04-19T00:21:40.949+0000] {processor.py:161} INFO - Started process (PID=12407) to work on /home/airflow/.local/lib/python3.8/site-packages/airflow/example_dags/example_external_task_marker_dag.py
[2026-04-19T00:21:40.950+0000] {processor.py:830} INFO - Processing file /home/airflow/.local/lib/python3.8/site-packages/airflow/example_dags/example_external_task_marker_dag.py for tasks to queue
[2026-04-19T00:21:40.953+0000] {logging_mixin.py:188} INFO - [2026-04-19T00:21:40.952+0000] {dagbag.py:538} INFO - Filling up the DagBag from /home/airflow/.local/lib/python3.8/site-packages/airflow/example_dags/example_external_task_marker_dag.py
[2026-04-19T00:21:40.962+0000] {processor.py:840} INFO - DAG(s) 'example_external_task_marker_child', 'example_external_task_marker_parent' retrieved from /home/airflow/.local/lib/python3.8/site-packages/airflow/example_dags/example_external_task_marker_dag.py
[2026-04-19T00:21:40.997+0000] {logging_mixin.py:188} INFO - [2026-04-19T00:21:40.997+0000] {dag.py:3036} INFO - Sync 2 DAGs
[2026-04-19T00:21:41.016+0000] {logging_mixin.py:188} INFO - [2026-04-19T00:21:41.015+0000] {dag.py:3823} INFO - Setting next_dagrun for example_external_task_marker_child to None, run_after=None
[2026-04-19T00:21:41.021+0000] {logging_mixin.py:188} INFO - [2026-04-19T00:21:41.021+0000] {dag.py:3823} INFO - Setting next_dagrun for example_external_task_marker_parent to None, run_after=None
[2026-04-19T00:21:41.044+0000] {processor.py:183} INFO - Processing /home/airflow/.local/lib/python3.8/site-packages/airflow/example_dags/example_external_task_marker_dag.py took 0.101 seconds
[2026-04-19T00:22:11.348+0000] {processor.py:161} INFO - Started process (PID=12462) to work on /home/airflow/.local/lib/python3.8/site-packages/airflow/example_dags/example_external_task_marker_dag.py
[2026-04-19T00:22:11.350+0000] {processor.py:830} INFO - Processing file /home/airflow/.local/lib/python3.8/site-packages/airflow/example_dags/example_external_task_marker_dag.py for tasks to queue
[2026-04-19T00:22:11.352+0000] {logging_mixin.py:188} INFO - [2026-04-19T00:22:11.352+0000] {dagbag.py:538} INFO - Filling up the DagBag from /home/airflow/.local/lib/python3.8/site-packages/airflow/example_dags/example_external_task_marker_dag.py
[2026-04-19T00:22:11.361+0000] {processor.py:840} INFO - DAG(s) 'example_external_task_marker_child', 'example_external_task_marker_parent' retrieved from /home/airflow/.local/lib/python3.8/site-packages/airflow/example_dags/example_external_task_marker_dag.py
[2026-04-19T00:22:11.394+0000] {logging_mixin.py:188} INFO - [2026-04-19T00:22:11.393+0000] {dag.py:3036} INFO - Sync 2 DAGs
[2026-04-19T00:22:11.411+0000] {logging_mixin.py:188} INFO - [2026-04-19T00:22:11.411+0000] {dag.py:3823} INFO - Setting next_dagrun for example_external_task_marker_child to None, run_after=None
[2026-04-19T00:22:11.415+0000] {logging_mixin.py:188} INFO - [2026-04-19T00:22:11.415+0000] {dag.py:3823} INFO - Setting next_dagrun for example_external_task_marker_parent to None, run_after=None
[2026-04-19T00:22:11.434+0000] {processor.py:183} INFO - Processing /home/airflow/.local/lib/python3.8/site-packages/airflow/example_dags/example_external_task_marker_dag.py took 0.091 seconds
[2026-04-19T00:22:41.920+0000] {processor.py:161} INFO - Started process (PID=12517) to work on /home/airflow/.local/lib/python3.8/site-packages/airflow/example_dags/example_external_task_marker_dag.py
[2026-04-19T00:22:41.922+0000] {processor.py:830} INFO - Processing file /home/airflow/.local/lib/python3.8/site-packages/airflow/example_dags/example_external_task_marker_dag.py for tasks to queue
[2026-04-19T00:22:41.924+0000] {logging_mixin.py:188} INFO - [2026-04-19T00:22:41.924+0000] {dagbag.py:538} INFO - Filling up the DagBag from /home/airflow/.local/lib/python3.8/site-packages/airflow/example_dags/example_external_task_marker_dag.py
[2026-04-19T00:22:41.933+0000] {processor.py:840} INFO - DAG(s) 'example_external_task_marker_child', 'example_external_task_marker_parent' retrieved from /home/airflow/.local/lib/python3.8/site-packages/airflow/example_dags/example_external_task_marker_dag.py
[2026-04-19T00:22:41.966+0000] {logging_mixin.py:188} INFO - [2026-04-19T00:22:41.966+0000] {dag.py:3036} INFO - Sync 2 DAGs
[2026-04-19T00:22:41.985+0000] {logging_mixin.py:188} INFO - [2026-04-19T00:22:41.984+0000] {dag.py:3823} INFO - Setting next_dagrun for example_external_task_marker_child to None, run_after=None
[2026-04-19T00:22:41.990+0000] {logging_mixin.py:188} INFO - [2026-04-19T00:22:41.990+0000] {dag.py:3823} INFO - Setting next_dagrun for example_external_task_marker_parent to None, run_after=None
[2026-04-19T00:22:42.014+0000] {processor.py:183} INFO - Processing /home/airflow/.local/lib/python3.8/site-packages/airflow/example_dags/example_external_task_marker_dag.py took 0.099 seconds
[2026-04-19T00:23:12.059+0000] {processor.py:161} INFO - Started process (PID=12572) to work on /home/airflow/.local/lib/python3.8/site-packages/airflow/example_dags/example_external_task_marker_dag.py
[2026-04-19T00:23:12.060+0000] {processor.py:830} INFO - Processing file /home/airflow/.local/lib/python3.8/site-packages/airflow/example_dags/example_external_task_marker_dag.py for tasks to queue
[2026-04-19T00:23:12.062+0000] {logging_mixin.py:188} INFO - [2026-04-19T00:23:12.062+0000] {dagbag.py:538} INFO - Filling up the DagBag from /home/airflow/.local/lib/python3.8/site-packages/airflow/example_dags/example_external_task_marker_dag.py
[2026-04-19T00:23:12.070+0000] {processor.py:840} INFO - DAG(s) 'example_external_task_marker_child', 'example_external_task_marker_parent' retrieved from /home/airflow/.local/lib/python3.8/site-packages/airflow/example_dags/example_external_task_marker_dag.py
[2026-04-19T00:23:12.102+0000] {logging_mixin.py:188} INFO - [2026-04-19T00:23:12.102+0000] {dag.py:3036} INFO - Sync 2 DAGs
[2026-04-19T00:23:12.118+0000] {logging_mixin.py:188} INFO - [2026-04-19T00:23:12.118+0000] {dag.py:3823} INFO - Setting next_dagrun for example_external_task_marker_child to None, run_after=None
[2026-04-19T00:23:12.123+0000] {logging_mixin.py:188} INFO - [2026-04-19T00:23:12.123+0000] {dag.py:3823} INFO - Setting next_dagrun for example_external_task_marker_parent to None, run_after=None
[2026-04-19T00:23:12.142+0000] {processor.py:183} INFO - Processing /home/airflow/.local/lib/python3.8/site-packages/airflow/example_dags/example_external_task_marker_dag.py took 0.088 seconds
[2026-04-19T00:23:42.530+0000] {processor.py:161} INFO - Started process (PID=12627) to work on /home/airflow/.local/lib/python3.8/site-packages/airflow/example_dags/example_external_task_marker_dag.py
[2026-04-19T00:23:42.532+0000] {processor.py:830} INFO - Processing file /home/airflow/.local/lib/python3.8/site-packages/airflow/example_dags/example_external_task_marker_dag.py for tasks to queue
[2026-04-19T00:23:42.534+0000] {logging_mixin.py:188} INFO - [2026-04-19T00:23:42.534+0000] {dagbag.py:538} INFO - Filling up the DagBag from /home/airflow/.local/lib/python3.8/site-packages/airflow/example_dags/example_external_task_marker_dag.py
[2026-04-19T00:23:42.545+0000] {processor.py:840} INFO - DAG(s) 'example_external_task_marker_parent', 'example_external_task_marker_child' retrieved from /home/airflow/.local/lib/python3.8/site-packages/airflow/example_dags/example_external_task_marker_dag.py
[2026-04-19T00:23:42.585+0000] {logging_mixin.py:188} INFO - [2026-04-19T00:23:42.585+0000] {dag.py:3036} INFO - Sync 2 DAGs
[2026-04-19T00:23:42.606+0000] {logging_mixin.py:188} INFO - [2026-04-19T00:23:42.606+0000] {dag.py:3823} INFO - Setting next_dagrun for example_external_task_marker_child to None, run_after=None
[2026-04-19T00:23:42.613+0000] {logging_mixin.py:188} INFO - [2026-04-19T00:23:42.613+0000] {dag.py:3823} INFO - Setting next_dagrun for example_external_task_marker_parent to None, run_after=None
[2026-04-19T00:23:42.642+0000] {processor.py:183} INFO - Processing /home/airflow/.local/lib/python3.8/site-packages/airflow/example_dags/example_external_task_marker_dag.py took 0.117 seconds
[2026-04-19T00:24:12.735+0000] {processor.py:161} INFO - Started process (PID=12682) to work on /home/airflow/.local/lib/python3.8/site-packages/airflow/example_dags/example_external_task_marker_dag.py
[2026-04-19T00:24:12.736+0000] {processor.py:830} INFO - Processing file /home/airflow/.local/lib/python3.8/site-packages/airflow/example_dags/example_external_task_marker_dag.py for tasks to queue
[2026-04-19T00:24:12.739+0000] {logging_mixin.py:188} INFO - [2026-04-19T00:24:12.738+0000] {dagbag.py:538} INFO - Filling up the DagBag from /home/airflow/.local/lib/python3.8/site-packages/airflow/example_dags/example_external_task_marker_dag.py
[2026-04-19T00:24:12.747+0000] {processor.py:840} INFO - DAG(s) 'example_external_task_marker_parent', 'example_external_task_marker_child' retrieved from /home/airflow/.local/lib/python3.8/site-packages/airflow/example_dags/example_external_task_marker_dag.py
[2026-04-19T00:24:12.783+0000] {logging_mixin.py:188} INFO - [2026-04-19T00:24:12.783+0000] {dag.py:3036} INFO - Sync 2 DAGs
[2026-04-19T00:24:12.803+0000] {logging_mixin.py:188} INFO - [2026-04-19T00:24:12.803+0000] {dag.py:3823} INFO - Setting next_dagrun for example_external_task_marker_child to None, run_after=None
[2026-04-19T00:24:12.808+0000] {logging_mixin.py:188} INFO - [2026-04-19T00:24:12.807+0000] {dag.py:3823} INFO - Setting next_dagrun for example_external_task_marker_parent to None, run_after=None
[2026-04-19T00:24:12.830+0000] {processor.py:183} INFO - Processing /home/airflow/.local/lib/python3.8/site-packages/airflow/example_dags/example_external_task_marker_dag.py took 0.100 seconds
