[2026-04-19T00:00:18.560+0000] {processor.py:161} INFO - Started process (PID=10085) to work on /home/airflow/.local/lib/python3.8/site-packages/airflow/example_dags/example_sensor_decorator.py
[2026-04-19T00:00:18.561+0000] {processor.py:830} INFO - Processing file /home/airflow/.local/lib/python3.8/site-packages/airflow/example_dags/example_sensor_decorator.py for tasks to queue
[2026-04-19T00:00:18.563+0000] {logging_mixin.py:188} INFO - [2026-04-19T00:00:18.563+0000] {dagbag.py:538} INFO - Filling up the DagBag from /home/airflow/.local/lib/python3.8/site-packages/airflow/example_dags/example_sensor_decorator.py
[2026-04-19T00:00:18.572+0000] {processor.py:840} INFO - DAG(s) 'example_sensor_decorator' retrieved from /home/airflow/.local/lib/python3.8/site-packages/airflow/example_dags/example_sensor_decorator.py
[2026-04-19T00:00:18.601+0000] {logging_mixin.py:188} INFO - [2026-04-19T00:00:18.601+0000] {dag.py:3036} INFO - Sync 1 DAGs
[2026-04-19T00:00:18.618+0000] {logging_mixin.py:188} INFO - [2026-04-19T00:00:18.618+0000] {dag.py:3823} INFO - Setting next_dagrun for example_sensor_decorator to None, run_after=None
[2026-04-19T00:00:18.651+0000] {processor.py:183} INFO - Processing /home/airflow/.local/lib/python3.8/site-packages/airflow/example_dags/example_sensor_decorator.py took 0.097 seconds
[2026-04-19T00:00:49.175+0000] {processor.py:161} INFO - Started process (PID=10140) to work on /home/airflow/.local/lib/python3.8/site-packages/airflow/example_dags/example_sensor_decorator.py
[2026-04-19T00:00:49.176+0000] {processor.py:830} INFO - Processing file /home/airflow/.local/lib/python3.8/site-packages/airflow/example_dags/example_sensor_decorator.py for tasks to queue
[2026-04-19T00:00:49.178+0000] {logging_mixin.py:188} INFO - [2026-04-19T00:00:49.178+0000] {dagbag.py:538} INFO - Filling up the DagBag from /home/airflow/.local/lib/python3.8/site-packages/airflow/example_dags/example_sensor_decorator.py
[2026-04-19T00:00:49.187+0000] {processor.py:840} INFO - DAG(s) 'example_sensor_decorator' retrieved from /home/airflow/.local/lib/python3.8/site-packages/airflow/example_dags/example_sensor_decorator.py
[2026-04-19T00:00:49.218+0000] {logging_mixin.py:188} INFO - [2026-04-19T00:00:49.218+0000] {dag.py:3036} INFO - Sync 1 DAGs
[2026-04-19T00:00:49.236+0000] {logging_mixin.py:188} INFO - [2026-04-19T00:00:49.235+0000] {dag.py:3823} INFO - Setting next_dagrun for example_sensor_decorator to None, run_after=None
[2026-04-19T00:00:49.260+0000] {processor.py:183} INFO - Processing /home/airflow/.local/lib/python3.8/site-packages/airflow/example_dags/example_sensor_decorator.py took 0.090 seconds
[2026-04-19T00:01:20.025+0000] {processor.py:161} INFO - Started process (PID=10193) to work on /home/airflow/.local/lib/python3.8/site-packages/airflow/example_dags/example_sensor_decorator.py
[2026-04-19T00:01:20.027+0000] {processor.py:830} INFO - Processing file /home/airflow/.local/lib/python3.8/site-packages/airflow/example_dags/example_sensor_decorator.py for tasks to queue
[2026-04-19T00:01:20.029+0000] {logging_mixin.py:188} INFO - [2026-04-19T00:01:20.028+0000] {dagbag.py:538} INFO - Filling up the DagBag from /home/airflow/.local/lib/python3.8/site-packages/airflow/example_dags/example_sensor_decorator.py
[2026-04-19T00:01:20.038+0000] {processor.py:840} INFO - DAG(s) 'example_sensor_decorator' retrieved from /home/airflow/.local/lib/python3.8/site-packages/airflow/example_dags/example_sensor_decorator.py
[2026-04-19T00:01:20.070+0000] {logging_mixin.py:188} INFO - [2026-04-19T00:01:20.069+0000] {dag.py:3036} INFO - Sync 1 DAGs
[2026-04-19T00:01:20.086+0000] {logging_mixin.py:188} INFO - [2026-04-19T00:01:20.086+0000] {dag.py:3823} INFO - Setting next_dagrun for example_sensor_decorator to None, run_after=None
[2026-04-19T00:01:20.110+0000] {processor.py:183} INFO - Processing /home/airflow/.local/lib/python3.8/site-packages/airflow/example_dags/example_sensor_decorator.py took 0.090 seconds
[2026-04-19T00:01:50.511+0000] {processor.py:161} INFO - Started process (PID=10248) to work on /home/airflow/.local/lib/python3.8/site-packages/airflow/example_dags/example_sensor_decorator.py
[2026-04-19T00:01:50.512+0000] {processor.py:830} INFO - Processing file /home/airflow/.local/lib/python3.8/site-packages/airflow/example_dags/example_sensor_decorator.py for tasks to queue
[2026-04-19T00:01:50.514+0000] {logging_mixin.py:188} INFO - [2026-04-19T00:01:50.513+0000] {dagbag.py:538} INFO - Filling up the DagBag from /home/airflow/.local/lib/python3.8/site-packages/airflow/example_dags/example_sensor_decorator.py
[2026-04-19T00:01:50.521+0000] {processor.py:840} INFO - DAG(s) 'example_sensor_decorator' retrieved from /home/airflow/.local/lib/python3.8/site-packages/airflow/example_dags/example_sensor_decorator.py
[2026-04-19T00:01:50.547+0000] {logging_mixin.py:188} INFO - [2026-04-19T00:01:50.546+0000] {dag.py:3036} INFO - Sync 1 DAGs
[2026-04-19T00:01:50.563+0000] {logging_mixin.py:188} INFO - [2026-04-19T00:01:50.563+0000] {dag.py:3823} INFO - Setting next_dagrun for example_sensor_decorator to None, run_after=None
[2026-04-19T00:01:50.585+0000] {processor.py:183} INFO - Processing /home/airflow/.local/lib/python3.8/site-packages/airflow/example_dags/example_sensor_decorator.py took 0.079 seconds
[2026-04-19T00:02:20.789+0000] {processor.py:161} INFO - Started process (PID=10303) to work on /home/airflow/.local/lib/python3.8/site-packages/airflow/example_dags/example_sensor_decorator.py
[2026-04-19T00:02:20.790+0000] {processor.py:830} INFO - Processing file /home/airflow/.local/lib/python3.8/site-packages/airflow/example_dags/example_sensor_decorator.py for tasks to queue
[2026-04-19T00:02:20.792+0000] {logging_mixin.py:188} INFO - [2026-04-19T00:02:20.792+0000] {dagbag.py:538} INFO - Filling up the DagBag from /home/airflow/.local/lib/python3.8/site-packages/airflow/example_dags/example_sensor_decorator.py
[2026-04-19T00:02:20.800+0000] {processor.py:840} INFO - DAG(s) 'example_sensor_decorator' retrieved from /home/airflow/.local/lib/python3.8/site-packages/airflow/example_dags/example_sensor_decorator.py
[2026-04-19T00:02:20.827+0000] {logging_mixin.py:188} INFO - [2026-04-19T00:02:20.826+0000] {dag.py:3036} INFO - Sync 1 DAGs
[2026-04-19T00:02:20.845+0000] {logging_mixin.py:188} INFO - [2026-04-19T00:02:20.844+0000] {dag.py:3823} INFO - Setting next_dagrun for example_sensor_decorator to None, run_after=None
[2026-04-19T00:02:20.869+0000] {processor.py:183} INFO - Processing /home/airflow/.local/lib/python3.8/site-packages/airflow/example_dags/example_sensor_decorator.py took 0.086 seconds
[2026-04-19T00:02:50.929+0000] {processor.py:161} INFO - Started process (PID=10358) to work on /home/airflow/.local/lib/python3.8/site-packages/airflow/example_dags/example_sensor_decorator.py
[2026-04-19T00:02:50.930+0000] {processor.py:830} INFO - Processing file /home/airflow/.local/lib/python3.8/site-packages/airflow/example_dags/example_sensor_decorator.py for tasks to queue
[2026-04-19T00:02:50.933+0000] {logging_mixin.py:188} INFO - [2026-04-19T00:02:50.932+0000] {dagbag.py:538} INFO - Filling up the DagBag from /home/airflow/.local/lib/python3.8/site-packages/airflow/example_dags/example_sensor_decorator.py
[2026-04-19T00:02:50.940+0000] {processor.py:840} INFO - DAG(s) 'example_sensor_decorator' retrieved from /home/airflow/.local/lib/python3.8/site-packages/airflow/example_dags/example_sensor_decorator.py
[2026-04-19T00:02:50.972+0000] {logging_mixin.py:188} INFO - [2026-04-19T00:02:50.971+0000] {dag.py:3036} INFO - Sync 1 DAGs
[2026-04-19T00:02:50.989+0000] {logging_mixin.py:188} INFO - [2026-04-19T00:02:50.988+0000] {dag.py:3823} INFO - Setting next_dagrun for example_sensor_decorator to None, run_after=None
[2026-04-19T00:02:51.016+0000] {processor.py:183} INFO - Processing /home/airflow/.local/lib/python3.8/site-packages/airflow/example_dags/example_sensor_decorator.py took 0.091 seconds
[2026-04-19T00:03:21.407+0000] {processor.py:161} INFO - Started process (PID=10413) to work on /home/airflow/.local/lib/python3.8/site-packages/airflow/example_dags/example_sensor_decorator.py
[2026-04-19T00:03:21.408+0000] {processor.py:830} INFO - Processing file /home/airflow/.local/lib/python3.8/site-packages/airflow/example_dags/example_sensor_decorator.py for tasks to queue
[2026-04-19T00:03:21.411+0000] {logging_mixin.py:188} INFO - [2026-04-19T00:03:21.410+0000] {dagbag.py:538} INFO - Filling up the DagBag from /home/airflow/.local/lib/python3.8/site-packages/airflow/example_dags/example_sensor_decorator.py
[2026-04-19T00:03:21.418+0000] {processor.py:840} INFO - DAG(s) 'example_sensor_decorator' retrieved from /home/airflow/.local/lib/python3.8/site-packages/airflow/example_dags/example_sensor_decorator.py
[2026-04-19T00:03:21.445+0000] {logging_mixin.py:188} INFO - [2026-04-19T00:03:21.445+0000] {dag.py:3036} INFO - Sync 1 DAGs
[2026-04-19T00:03:21.461+0000] {logging_mixin.py:188} INFO - [2026-04-19T00:03:21.461+0000] {dag.py:3823} INFO - Setting next_dagrun for example_sensor_decorator to None, run_after=None
[2026-04-19T00:03:21.484+0000] {processor.py:183} INFO - Processing /home/airflow/.local/lib/python3.8/site-packages/airflow/example_dags/example_sensor_decorator.py took 0.082 seconds
[2026-04-19T00:03:51.664+0000] {processor.py:161} INFO - Started process (PID=10468) to work on /home/airflow/.local/lib/python3.8/site-packages/airflow/example_dags/example_sensor_decorator.py
[2026-04-19T00:03:51.665+0000] {processor.py:830} INFO - Processing file /home/airflow/.local/lib/python3.8/site-packages/airflow/example_dags/example_sensor_decorator.py for tasks to queue
[2026-04-19T00:03:51.667+0000] {logging_mixin.py:188} INFO - [2026-04-19T00:03:51.667+0000] {dagbag.py:538} INFO - Filling up the DagBag from /home/airflow/.local/lib/python3.8/site-packages/airflow/example_dags/example_sensor_decorator.py
[2026-04-19T00:03:51.676+0000] {processor.py:840} INFO - DAG(s) 'example_sensor_decorator' retrieved from /home/airflow/.local/lib/python3.8/site-packages/airflow/example_dags/example_sensor_decorator.py
[2026-04-19T00:03:51.705+0000] {logging_mixin.py:188} INFO - [2026-04-19T00:03:51.704+0000] {dag.py:3036} INFO - Sync 1 DAGs
[2026-04-19T00:03:51.721+0000] {logging_mixin.py:188} INFO - [2026-04-19T00:03:51.721+0000] {dag.py:3823} INFO - Setting next_dagrun for example_sensor_decorator to None, run_after=None
[2026-04-19T00:03:51.747+0000] {processor.py:183} INFO - Processing /home/airflow/.local/lib/python3.8/site-packages/airflow/example_dags/example_sensor_decorator.py took 0.088 seconds
[2026-04-19T00:04:22.190+0000] {processor.py:161} INFO - Started process (PID=10523) to work on /home/airflow/.local/lib/python3.8/site-packages/airflow/example_dags/example_sensor_decorator.py
[2026-04-19T00:04:22.191+0000] {processor.py:830} INFO - Processing file /home/airflow/.local/lib/python3.8/site-packages/airflow/example_dags/example_sensor_decorator.py for tasks to queue
[2026-04-19T00:04:22.194+0000] {logging_mixin.py:188} INFO - [2026-04-19T00:04:22.194+0000] {dagbag.py:538} INFO - Filling up the DagBag from /home/airflow/.local/lib/python3.8/site-packages/airflow/example_dags/example_sensor_decorator.py
[2026-04-19T00:04:22.205+0000] {processor.py:840} INFO - DAG(s) 'example_sensor_decorator' retrieved from /home/airflow/.local/lib/python3.8/site-packages/airflow/example_dags/example_sensor_decorator.py
[2026-04-19T00:04:22.238+0000] {logging_mixin.py:188} INFO - [2026-04-19T00:04:22.237+0000] {dag.py:3036} INFO - Sync 1 DAGs
[2026-04-19T00:04:22.258+0000] {logging_mixin.py:188} INFO - [2026-04-19T00:04:22.258+0000] {dag.py:3823} INFO - Setting next_dagrun for example_sensor_decorator to None, run_after=None
[2026-04-19T00:04:22.282+0000] {processor.py:183} INFO - Processing /home/airflow/.local/lib/python3.8/site-packages/airflow/example_dags/example_sensor_decorator.py took 0.098 seconds
[2026-04-19T00:04:52.531+0000] {processor.py:161} INFO - Started process (PID=10578) to work on /home/airflow/.local/lib/python3.8/site-packages/airflow/example_dags/example_sensor_decorator.py
[2026-04-19T00:04:52.533+0000] {processor.py:830} INFO - Processing file /home/airflow/.local/lib/python3.8/site-packages/airflow/example_dags/example_sensor_decorator.py for tasks to queue
[2026-04-19T00:04:52.536+0000] {logging_mixin.py:188} INFO - [2026-04-19T00:04:52.535+0000] {dagbag.py:538} INFO - Filling up the DagBag from /home/airflow/.local/lib/python3.8/site-packages/airflow/example_dags/example_sensor_decorator.py
[2026-04-19T00:04:52.549+0000] {processor.py:840} INFO - DAG(s) 'example_sensor_decorator' retrieved from /home/airflow/.local/lib/python3.8/site-packages/airflow/example_dags/example_sensor_decorator.py
[2026-04-19T00:04:52.587+0000] {logging_mixin.py:188} INFO - [2026-04-19T00:04:52.586+0000] {dag.py:3036} INFO - Sync 1 DAGs
[2026-04-19T00:04:52.608+0000] {logging_mixin.py:188} INFO - [2026-04-19T00:04:52.608+0000] {dag.py:3823} INFO - Setting next_dagrun for example_sensor_decorator to None, run_after=None
[2026-04-19T00:04:52.643+0000] {processor.py:183} INFO - Processing /home/airflow/.local/lib/python3.8/site-packages/airflow/example_dags/example_sensor_decorator.py took 0.118 seconds
[2026-04-19T00:05:22.906+0000] {processor.py:161} INFO - Started process (PID=10633) to work on /home/airflow/.local/lib/python3.8/site-packages/airflow/example_dags/example_sensor_decorator.py
[2026-04-19T00:05:22.907+0000] {processor.py:830} INFO - Processing file /home/airflow/.local/lib/python3.8/site-packages/airflow/example_dags/example_sensor_decorator.py for tasks to queue
[2026-04-19T00:05:22.910+0000] {logging_mixin.py:188} INFO - [2026-04-19T00:05:22.909+0000] {dagbag.py:538} INFO - Filling up the DagBag from /home/airflow/.local/lib/python3.8/site-packages/airflow/example_dags/example_sensor_decorator.py
[2026-04-19T00:05:22.919+0000] {processor.py:840} INFO - DAG(s) 'example_sensor_decorator' retrieved from /home/airflow/.local/lib/python3.8/site-packages/airflow/example_dags/example_sensor_decorator.py
[2026-04-19T00:05:22.951+0000] {logging_mixin.py:188} INFO - [2026-04-19T00:05:22.950+0000] {dag.py:3036} INFO - Sync 1 DAGs
[2026-04-19T00:05:22.968+0000] {logging_mixin.py:188} INFO - [2026-04-19T00:05:22.968+0000] {dag.py:3823} INFO - Setting next_dagrun for example_sensor_decorator to None, run_after=None
[2026-04-19T00:05:22.995+0000] {processor.py:183} INFO - Processing /home/airflow/.local/lib/python3.8/site-packages/airflow/example_dags/example_sensor_decorator.py took 0.094 seconds
[2026-04-19T00:05:53.281+0000] {processor.py:161} INFO - Started process (PID=10688) to work on /home/airflow/.local/lib/python3.8/site-packages/airflow/example_dags/example_sensor_decorator.py
[2026-04-19T00:05:53.282+0000] {processor.py:830} INFO - Processing file /home/airflow/.local/lib/python3.8/site-packages/airflow/example_dags/example_sensor_decorator.py for tasks to queue
[2026-04-19T00:05:53.284+0000] {logging_mixin.py:188} INFO - [2026-04-19T00:05:53.284+0000] {dagbag.py:538} INFO - Filling up the DagBag from /home/airflow/.local/lib/python3.8/site-packages/airflow/example_dags/example_sensor_decorator.py
[2026-04-19T00:05:53.292+0000] {processor.py:840} INFO - DAG(s) 'example_sensor_decorator' retrieved from /home/airflow/.local/lib/python3.8/site-packages/airflow/example_dags/example_sensor_decorator.py
[2026-04-19T00:05:53.319+0000] {logging_mixin.py:188} INFO - [2026-04-19T00:05:53.318+0000] {dag.py:3036} INFO - Sync 1 DAGs
[2026-04-19T00:05:53.335+0000] {logging_mixin.py:188} INFO - [2026-04-19T00:05:53.335+0000] {dag.py:3823} INFO - Setting next_dagrun for example_sensor_decorator to None, run_after=None
[2026-04-19T00:05:53.358+0000] {processor.py:183} INFO - Processing /home/airflow/.local/lib/python3.8/site-packages/airflow/example_dags/example_sensor_decorator.py took 0.082 seconds
[2026-04-19T00:06:23.777+0000] {processor.py:161} INFO - Started process (PID=10743) to work on /home/airflow/.local/lib/python3.8/site-packages/airflow/example_dags/example_sensor_decorator.py
[2026-04-19T00:06:23.778+0000] {processor.py:830} INFO - Processing file /home/airflow/.local/lib/python3.8/site-packages/airflow/example_dags/example_sensor_decorator.py for tasks to queue
[2026-04-19T00:06:23.781+0000] {logging_mixin.py:188} INFO - [2026-04-19T00:06:23.780+0000] {dagbag.py:538} INFO - Filling up the DagBag from /home/airflow/.local/lib/python3.8/site-packages/airflow/example_dags/example_sensor_decorator.py
[2026-04-19T00:06:23.792+0000] {processor.py:840} INFO - DAG(s) 'example_sensor_decorator' retrieved from /home/airflow/.local/lib/python3.8/site-packages/airflow/example_dags/example_sensor_decorator.py
[2026-04-19T00:06:23.826+0000] {logging_mixin.py:188} INFO - [2026-04-19T00:06:23.825+0000] {dag.py:3036} INFO - Sync 1 DAGs
[2026-04-19T00:06:23.843+0000] {logging_mixin.py:188} INFO - [2026-04-19T00:06:23.843+0000] {dag.py:3823} INFO - Setting next_dagrun for example_sensor_decorator to None, run_after=None
[2026-04-19T00:06:23.868+0000] {processor.py:183} INFO - Processing /home/airflow/.local/lib/python3.8/site-packages/airflow/example_dags/example_sensor_decorator.py took 0.098 seconds
[2026-04-19T00:06:53.946+0000] {processor.py:161} INFO - Started process (PID=10798) to work on /home/airflow/.local/lib/python3.8/site-packages/airflow/example_dags/example_sensor_decorator.py
[2026-04-19T00:06:53.947+0000] {processor.py:830} INFO - Processing file /home/airflow/.local/lib/python3.8/site-packages/airflow/example_dags/example_sensor_decorator.py for tasks to queue
[2026-04-19T00:06:53.950+0000] {logging_mixin.py:188} INFO - [2026-04-19T00:06:53.950+0000] {dagbag.py:538} INFO - Filling up the DagBag from /home/airflow/.local/lib/python3.8/site-packages/airflow/example_dags/example_sensor_decorator.py
[2026-04-19T00:06:53.960+0000] {processor.py:840} INFO - DAG(s) 'example_sensor_decorator' retrieved from /home/airflow/.local/lib/python3.8/site-packages/airflow/example_dags/example_sensor_decorator.py
[2026-04-19T00:06:53.991+0000] {logging_mixin.py:188} INFO - [2026-04-19T00:06:53.991+0000] {dag.py:3036} INFO - Sync 1 DAGs
[2026-04-19T00:06:54.010+0000] {logging_mixin.py:188} INFO - [2026-04-19T00:06:54.010+0000] {dag.py:3823} INFO - Setting next_dagrun for example_sensor_decorator to None, run_after=None
[2026-04-19T00:06:54.037+0000] {processor.py:183} INFO - Processing /home/airflow/.local/lib/python3.8/site-packages/airflow/example_dags/example_sensor_decorator.py took 0.096 seconds
[2026-04-19T00:07:24.322+0000] {processor.py:161} INFO - Started process (PID=10853) to work on /home/airflow/.local/lib/python3.8/site-packages/airflow/example_dags/example_sensor_decorator.py
[2026-04-19T00:07:24.323+0000] {processor.py:830} INFO - Processing file /home/airflow/.local/lib/python3.8/site-packages/airflow/example_dags/example_sensor_decorator.py for tasks to queue
[2026-04-19T00:07:24.325+0000] {logging_mixin.py:188} INFO - [2026-04-19T00:07:24.325+0000] {dagbag.py:538} INFO - Filling up the DagBag from /home/airflow/.local/lib/python3.8/site-packages/airflow/example_dags/example_sensor_decorator.py
[2026-04-19T00:07:24.334+0000] {processor.py:840} INFO - DAG(s) 'example_sensor_decorator' retrieved from /home/airflow/.local/lib/python3.8/site-packages/airflow/example_dags/example_sensor_decorator.py
[2026-04-19T00:07:24.361+0000] {logging_mixin.py:188} INFO - [2026-04-19T00:07:24.361+0000] {dag.py:3036} INFO - Sync 1 DAGs
[2026-04-19T00:07:24.377+0000] {logging_mixin.py:188} INFO - [2026-04-19T00:07:24.377+0000] {dag.py:3823} INFO - Setting next_dagrun for example_sensor_decorator to None, run_after=None
[2026-04-19T00:07:24.403+0000] {processor.py:183} INFO - Processing /home/airflow/.local/lib/python3.8/site-packages/airflow/example_dags/example_sensor_decorator.py took 0.086 seconds
[2026-04-19T00:07:54.476+0000] {processor.py:161} INFO - Started process (PID=10907) to work on /home/airflow/.local/lib/python3.8/site-packages/airflow/example_dags/example_sensor_decorator.py
[2026-04-19T00:07:54.477+0000] {processor.py:830} INFO - Processing file /home/airflow/.local/lib/python3.8/site-packages/airflow/example_dags/example_sensor_decorator.py for tasks to queue
[2026-04-19T00:07:54.479+0000] {logging_mixin.py:188} INFO - [2026-04-19T00:07:54.479+0000] {dagbag.py:538} INFO - Filling up the DagBag from /home/airflow/.local/lib/python3.8/site-packages/airflow/example_dags/example_sensor_decorator.py
[2026-04-19T00:07:54.488+0000] {processor.py:840} INFO - DAG(s) 'example_sensor_decorator' retrieved from /home/airflow/.local/lib/python3.8/site-packages/airflow/example_dags/example_sensor_decorator.py
[2026-04-19T00:07:54.520+0000] {logging_mixin.py:188} INFO - [2026-04-19T00:07:54.520+0000] {dag.py:3036} INFO - Sync 1 DAGs
[2026-04-19T00:07:54.536+0000] {logging_mixin.py:188} INFO - [2026-04-19T00:07:54.536+0000] {dag.py:3823} INFO - Setting next_dagrun for example_sensor_decorator to None, run_after=None
[2026-04-19T00:07:54.559+0000] {processor.py:183} INFO - Processing /home/airflow/.local/lib/python3.8/site-packages/airflow/example_dags/example_sensor_decorator.py took 0.089 seconds
[2026-04-19T00:08:24.637+0000] {processor.py:161} INFO - Started process (PID=10962) to work on /home/airflow/.local/lib/python3.8/site-packages/airflow/example_dags/example_sensor_decorator.py
[2026-04-19T00:08:24.638+0000] {processor.py:830} INFO - Processing file /home/airflow/.local/lib/python3.8/site-packages/airflow/example_dags/example_sensor_decorator.py for tasks to queue
[2026-04-19T00:08:24.641+0000] {logging_mixin.py:188} INFO - [2026-04-19T00:08:24.640+0000] {dagbag.py:538} INFO - Filling up the DagBag from /home/airflow/.local/lib/python3.8/site-packages/airflow/example_dags/example_sensor_decorator.py
[2026-04-19T00:08:24.649+0000] {processor.py:840} INFO - DAG(s) 'example_sensor_decorator' retrieved from /home/airflow/.local/lib/python3.8/site-packages/airflow/example_dags/example_sensor_decorator.py
[2026-04-19T00:08:24.677+0000] {logging_mixin.py:188} INFO - [2026-04-19T00:08:24.677+0000] {dag.py:3036} INFO - Sync 1 DAGs
[2026-04-19T00:08:24.695+0000] {logging_mixin.py:188} INFO - [2026-04-19T00:08:24.695+0000] {dag.py:3823} INFO - Setting next_dagrun for example_sensor_decorator to None, run_after=None
[2026-04-19T00:08:24.720+0000] {processor.py:183} INFO - Processing /home/airflow/.local/lib/python3.8/site-packages/airflow/example_dags/example_sensor_decorator.py took 0.088 seconds
[2026-04-19T00:08:55.226+0000] {processor.py:161} INFO - Started process (PID=11017) to work on /home/airflow/.local/lib/python3.8/site-packages/airflow/example_dags/example_sensor_decorator.py
[2026-04-19T00:08:55.228+0000] {processor.py:830} INFO - Processing file /home/airflow/.local/lib/python3.8/site-packages/airflow/example_dags/example_sensor_decorator.py for tasks to queue
[2026-04-19T00:08:55.230+0000] {logging_mixin.py:188} INFO - [2026-04-19T00:08:55.229+0000] {dagbag.py:538} INFO - Filling up the DagBag from /home/airflow/.local/lib/python3.8/site-packages/airflow/example_dags/example_sensor_decorator.py
[2026-04-19T00:08:55.238+0000] {processor.py:840} INFO - DAG(s) 'example_sensor_decorator' retrieved from /home/airflow/.local/lib/python3.8/site-packages/airflow/example_dags/example_sensor_decorator.py
[2026-04-19T00:08:55.267+0000] {logging_mixin.py:188} INFO - [2026-04-19T00:08:55.266+0000] {dag.py:3036} INFO - Sync 1 DAGs
[2026-04-19T00:08:55.285+0000] {logging_mixin.py:188} INFO - [2026-04-19T00:08:55.284+0000] {dag.py:3823} INFO - Setting next_dagrun for example_sensor_decorator to None, run_after=None
[2026-04-19T00:08:55.310+0000] {processor.py:183} INFO - Processing /home/airflow/.local/lib/python3.8/site-packages/airflow/example_dags/example_sensor_decorator.py took 0.088 seconds
[2026-04-19T00:09:25.387+0000] {processor.py:161} INFO - Started process (PID=11072) to work on /home/airflow/.local/lib/python3.8/site-packages/airflow/example_dags/example_sensor_decorator.py
[2026-04-19T00:09:25.389+0000] {processor.py:830} INFO - Processing file /home/airflow/.local/lib/python3.8/site-packages/airflow/example_dags/example_sensor_decorator.py for tasks to queue
[2026-04-19T00:09:25.391+0000] {logging_mixin.py:188} INFO - [2026-04-19T00:09:25.390+0000] {dagbag.py:538} INFO - Filling up the DagBag from /home/airflow/.local/lib/python3.8/site-packages/airflow/example_dags/example_sensor_decorator.py
[2026-04-19T00:09:25.399+0000] {processor.py:840} INFO - DAG(s) 'example_sensor_decorator' retrieved from /home/airflow/.local/lib/python3.8/site-packages/airflow/example_dags/example_sensor_decorator.py
[2026-04-19T00:09:25.429+0000] {logging_mixin.py:188} INFO - [2026-04-19T00:09:25.428+0000] {dag.py:3036} INFO - Sync 1 DAGs
[2026-04-19T00:09:25.447+0000] {logging_mixin.py:188} INFO - [2026-04-19T00:09:25.447+0000] {dag.py:3823} INFO - Setting next_dagrun for example_sensor_decorator to None, run_after=None
[2026-04-19T00:09:25.473+0000] {processor.py:183} INFO - Processing /home/airflow/.local/lib/python3.8/site-packages/airflow/example_dags/example_sensor_decorator.py took 0.091 seconds
[2026-04-19T00:09:55.983+0000] {processor.py:161} INFO - Started process (PID=11127) to work on /home/airflow/.local/lib/python3.8/site-packages/airflow/example_dags/example_sensor_decorator.py
[2026-04-19T00:09:55.984+0000] {processor.py:830} INFO - Processing file /home/airflow/.local/lib/python3.8/site-packages/airflow/example_dags/example_sensor_decorator.py for tasks to queue
[2026-04-19T00:09:55.987+0000] {logging_mixin.py:188} INFO - [2026-04-19T00:09:55.987+0000] {dagbag.py:538} INFO - Filling up the DagBag from /home/airflow/.local/lib/python3.8/site-packages/airflow/example_dags/example_sensor_decorator.py
[2026-04-19T00:09:55.997+0000] {processor.py:840} INFO - DAG(s) 'example_sensor_decorator' retrieved from /home/airflow/.local/lib/python3.8/site-packages/airflow/example_dags/example_sensor_decorator.py
[2026-04-19T00:09:56.028+0000] {logging_mixin.py:188} INFO - [2026-04-19T00:09:56.028+0000] {dag.py:3036} INFO - Sync 1 DAGs
[2026-04-19T00:09:56.045+0000] {logging_mixin.py:188} INFO - [2026-04-19T00:09:56.045+0000] {dag.py:3823} INFO - Setting next_dagrun for example_sensor_decorator to None, run_after=None
[2026-04-19T00:09:56.072+0000] {processor.py:183} INFO - Processing /home/airflow/.local/lib/python3.8/site-packages/airflow/example_dags/example_sensor_decorator.py took 0.093 seconds
[2026-04-19T00:10:26.519+0000] {processor.py:161} INFO - Started process (PID=11182) to work on /home/airflow/.local/lib/python3.8/site-packages/airflow/example_dags/example_sensor_decorator.py
[2026-04-19T00:10:26.521+0000] {processor.py:830} INFO - Processing file /home/airflow/.local/lib/python3.8/site-packages/airflow/example_dags/example_sensor_decorator.py for tasks to queue
[2026-04-19T00:10:26.524+0000] {logging_mixin.py:188} INFO - [2026-04-19T00:10:26.523+0000] {dagbag.py:538} INFO - Filling up the DagBag from /home/airflow/.local/lib/python3.8/site-packages/airflow/example_dags/example_sensor_decorator.py
[2026-04-19T00:10:26.534+0000] {processor.py:840} INFO - DAG(s) 'example_sensor_decorator' retrieved from /home/airflow/.local/lib/python3.8/site-packages/airflow/example_dags/example_sensor_decorator.py
[2026-04-19T00:10:26.562+0000] {logging_mixin.py:188} INFO - [2026-04-19T00:10:26.562+0000] {dag.py:3036} INFO - Sync 1 DAGs
[2026-04-19T00:10:26.579+0000] {logging_mixin.py:188} INFO - [2026-04-19T00:10:26.579+0000] {dag.py:3823} INFO - Setting next_dagrun for example_sensor_decorator to None, run_after=None
[2026-04-19T00:10:26.605+0000] {processor.py:183} INFO - Processing /home/airflow/.local/lib/python3.8/site-packages/airflow/example_dags/example_sensor_decorator.py took 0.091 seconds
[2026-04-19T00:10:56.973+0000] {processor.py:161} INFO - Started process (PID=11237) to work on /home/airflow/.local/lib/python3.8/site-packages/airflow/example_dags/example_sensor_decorator.py
[2026-04-19T00:10:56.974+0000] {processor.py:830} INFO - Processing file /home/airflow/.local/lib/python3.8/site-packages/airflow/example_dags/example_sensor_decorator.py for tasks to queue
[2026-04-19T00:10:56.977+0000] {logging_mixin.py:188} INFO - [2026-04-19T00:10:56.976+0000] {dagbag.py:538} INFO - Filling up the DagBag from /home/airflow/.local/lib/python3.8/site-packages/airflow/example_dags/example_sensor_decorator.py
[2026-04-19T00:10:56.986+0000] {processor.py:840} INFO - DAG(s) 'example_sensor_decorator' retrieved from /home/airflow/.local/lib/python3.8/site-packages/airflow/example_dags/example_sensor_decorator.py
[2026-04-19T00:10:57.018+0000] {logging_mixin.py:188} INFO - [2026-04-19T00:10:57.018+0000] {dag.py:3036} INFO - Sync 1 DAGs
[2026-04-19T00:10:57.036+0000] {logging_mixin.py:188} INFO - [2026-04-19T00:10:57.036+0000] {dag.py:3823} INFO - Setting next_dagrun for example_sensor_decorator to None, run_after=None
[2026-04-19T00:10:57.062+0000] {processor.py:183} INFO - Processing /home/airflow/.local/lib/python3.8/site-packages/airflow/example_dags/example_sensor_decorator.py took 0.094 seconds
[2026-04-19T00:11:27.399+0000] {processor.py:161} INFO - Started process (PID=11292) to work on /home/airflow/.local/lib/python3.8/site-packages/airflow/example_dags/example_sensor_decorator.py
[2026-04-19T00:11:27.400+0000] {processor.py:830} INFO - Processing file /home/airflow/.local/lib/python3.8/site-packages/airflow/example_dags/example_sensor_decorator.py for tasks to queue
[2026-04-19T00:11:27.403+0000] {logging_mixin.py:188} INFO - [2026-04-19T00:11:27.402+0000] {dagbag.py:538} INFO - Filling up the DagBag from /home/airflow/.local/lib/python3.8/site-packages/airflow/example_dags/example_sensor_decorator.py
[2026-04-19T00:11:27.411+0000] {processor.py:840} INFO - DAG(s) 'example_sensor_decorator' retrieved from /home/airflow/.local/lib/python3.8/site-packages/airflow/example_dags/example_sensor_decorator.py
[2026-04-19T00:11:27.438+0000] {logging_mixin.py:188} INFO - [2026-04-19T00:11:27.438+0000] {dag.py:3036} INFO - Sync 1 DAGs
[2026-04-19T00:11:27.453+0000] {logging_mixin.py:188} INFO - [2026-04-19T00:11:27.453+0000] {dag.py:3823} INFO - Setting next_dagrun for example_sensor_decorator to None, run_after=None
[2026-04-19T00:11:27.477+0000] {processor.py:183} INFO - Processing /home/airflow/.local/lib/python3.8/site-packages/airflow/example_dags/example_sensor_decorator.py took 0.082 seconds
[2026-04-19T00:11:58.005+0000] {processor.py:161} INFO - Started process (PID=11347) to work on /home/airflow/.local/lib/python3.8/site-packages/airflow/example_dags/example_sensor_decorator.py
[2026-04-19T00:11:58.006+0000] {processor.py:830} INFO - Processing file /home/airflow/.local/lib/python3.8/site-packages/airflow/example_dags/example_sensor_decorator.py for tasks to queue
[2026-04-19T00:11:58.008+0000] {logging_mixin.py:188} INFO - [2026-04-19T00:11:58.008+0000] {dagbag.py:538} INFO - Filling up the DagBag from /home/airflow/.local/lib/python3.8/site-packages/airflow/example_dags/example_sensor_decorator.py
[2026-04-19T00:11:58.017+0000] {processor.py:840} INFO - DAG(s) 'example_sensor_decorator' retrieved from /home/airflow/.local/lib/python3.8/site-packages/airflow/example_dags/example_sensor_decorator.py
[2026-04-19T00:11:58.045+0000] {logging_mixin.py:188} INFO - [2026-04-19T00:11:58.045+0000] {dag.py:3036} INFO - Sync 1 DAGs
[2026-04-19T00:11:58.062+0000] {logging_mixin.py:188} INFO - [2026-04-19T00:11:58.061+0000] {dag.py:3823} INFO - Setting next_dagrun for example_sensor_decorator to None, run_after=None
[2026-04-19T00:11:58.089+0000] {processor.py:183} INFO - Processing /home/airflow/.local/lib/python3.8/site-packages/airflow/example_dags/example_sensor_decorator.py took 0.089 seconds
[2026-04-19T00:12:28.370+0000] {processor.py:161} INFO - Started process (PID=11402) to work on /home/airflow/.local/lib/python3.8/site-packages/airflow/example_dags/example_sensor_decorator.py
[2026-04-19T00:12:28.371+0000] {processor.py:830} INFO - Processing file /home/airflow/.local/lib/python3.8/site-packages/airflow/example_dags/example_sensor_decorator.py for tasks to queue
[2026-04-19T00:12:28.373+0000] {logging_mixin.py:188} INFO - [2026-04-19T00:12:28.373+0000] {dagbag.py:538} INFO - Filling up the DagBag from /home/airflow/.local/lib/python3.8/site-packages/airflow/example_dags/example_sensor_decorator.py
[2026-04-19T00:12:28.382+0000] {processor.py:840} INFO - DAG(s) 'example_sensor_decorator' retrieved from /home/airflow/.local/lib/python3.8/site-packages/airflow/example_dags/example_sensor_decorator.py
[2026-04-19T00:12:28.410+0000] {logging_mixin.py:188} INFO - [2026-04-19T00:12:28.409+0000] {dag.py:3036} INFO - Sync 1 DAGs
[2026-04-19T00:12:28.428+0000] {logging_mixin.py:188} INFO - [2026-04-19T00:12:28.428+0000] {dag.py:3823} INFO - Setting next_dagrun for example_sensor_decorator to None, run_after=None
[2026-04-19T00:12:28.452+0000] {processor.py:183} INFO - Processing /home/airflow/.local/lib/python3.8/site-packages/airflow/example_dags/example_sensor_decorator.py took 0.087 seconds
[2026-04-19T00:12:58.578+0000] {processor.py:161} INFO - Started process (PID=11457) to work on /home/airflow/.local/lib/python3.8/site-packages/airflow/example_dags/example_sensor_decorator.py
[2026-04-19T00:12:58.579+0000] {processor.py:830} INFO - Processing file /home/airflow/.local/lib/python3.8/site-packages/airflow/example_dags/example_sensor_decorator.py for tasks to queue
[2026-04-19T00:12:58.581+0000] {logging_mixin.py:188} INFO - [2026-04-19T00:12:58.581+0000] {dagbag.py:538} INFO - Filling up the DagBag from /home/airflow/.local/lib/python3.8/site-packages/airflow/example_dags/example_sensor_decorator.py
[2026-04-19T00:12:58.590+0000] {processor.py:840} INFO - DAG(s) 'example_sensor_decorator' retrieved from /home/airflow/.local/lib/python3.8/site-packages/airflow/example_dags/example_sensor_decorator.py
[2026-04-19T00:12:58.621+0000] {logging_mixin.py:188} INFO - [2026-04-19T00:12:58.621+0000] {dag.py:3036} INFO - Sync 1 DAGs
[2026-04-19T00:12:58.638+0000] {logging_mixin.py:188} INFO - [2026-04-19T00:12:58.637+0000] {dag.py:3823} INFO - Setting next_dagrun for example_sensor_decorator to None, run_after=None
[2026-04-19T00:12:58.663+0000] {processor.py:183} INFO - Processing /home/airflow/.local/lib/python3.8/site-packages/airflow/example_dags/example_sensor_decorator.py took 0.090 seconds
[2026-04-19T00:13:29.280+0000] {processor.py:161} INFO - Started process (PID=11512) to work on /home/airflow/.local/lib/python3.8/site-packages/airflow/example_dags/example_sensor_decorator.py
[2026-04-19T00:13:29.281+0000] {processor.py:830} INFO - Processing file /home/airflow/.local/lib/python3.8/site-packages/airflow/example_dags/example_sensor_decorator.py for tasks to queue
[2026-04-19T00:13:29.283+0000] {logging_mixin.py:188} INFO - [2026-04-19T00:13:29.283+0000] {dagbag.py:538} INFO - Filling up the DagBag from /home/airflow/.local/lib/python3.8/site-packages/airflow/example_dags/example_sensor_decorator.py
[2026-04-19T00:13:29.291+0000] {processor.py:840} INFO - DAG(s) 'example_sensor_decorator' retrieved from /home/airflow/.local/lib/python3.8/site-packages/airflow/example_dags/example_sensor_decorator.py
[2026-04-19T00:13:29.318+0000] {logging_mixin.py:188} INFO - [2026-04-19T00:13:29.318+0000] {dag.py:3036} INFO - Sync 1 DAGs
[2026-04-19T00:13:29.334+0000] {logging_mixin.py:188} INFO - [2026-04-19T00:13:29.334+0000] {dag.py:3823} INFO - Setting next_dagrun for example_sensor_decorator to None, run_after=None
[2026-04-19T00:13:29.362+0000] {processor.py:183} INFO - Processing /home/airflow/.local/lib/python3.8/site-packages/airflow/example_dags/example_sensor_decorator.py took 0.086 seconds
[2026-04-19T00:13:59.817+0000] {processor.py:161} INFO - Started process (PID=11567) to work on /home/airflow/.local/lib/python3.8/site-packages/airflow/example_dags/example_sensor_decorator.py
[2026-04-19T00:13:59.819+0000] {processor.py:830} INFO - Processing file /home/airflow/.local/lib/python3.8/site-packages/airflow/example_dags/example_sensor_decorator.py for tasks to queue
[2026-04-19T00:13:59.821+0000] {logging_mixin.py:188} INFO - [2026-04-19T00:13:59.821+0000] {dagbag.py:538} INFO - Filling up the DagBag from /home/airflow/.local/lib/python3.8/site-packages/airflow/example_dags/example_sensor_decorator.py
[2026-04-19T00:13:59.830+0000] {processor.py:840} INFO - DAG(s) 'example_sensor_decorator' retrieved from /home/airflow/.local/lib/python3.8/site-packages/airflow/example_dags/example_sensor_decorator.py
[2026-04-19T00:13:59.859+0000] {logging_mixin.py:188} INFO - [2026-04-19T00:13:59.858+0000] {dag.py:3036} INFO - Sync 1 DAGs
[2026-04-19T00:13:59.876+0000] {logging_mixin.py:188} INFO - [2026-04-19T00:13:59.876+0000] {dag.py:3823} INFO - Setting next_dagrun for example_sensor_decorator to None, run_after=None
[2026-04-19T00:13:59.901+0000] {processor.py:183} INFO - Processing /home/airflow/.local/lib/python3.8/site-packages/airflow/example_dags/example_sensor_decorator.py took 0.089 seconds
[2026-04-19T00:14:30.190+0000] {processor.py:161} INFO - Started process (PID=11622) to work on /home/airflow/.local/lib/python3.8/site-packages/airflow/example_dags/example_sensor_decorator.py
[2026-04-19T00:14:30.192+0000] {processor.py:830} INFO - Processing file /home/airflow/.local/lib/python3.8/site-packages/airflow/example_dags/example_sensor_decorator.py for tasks to queue
[2026-04-19T00:14:30.195+0000] {logging_mixin.py:188} INFO - [2026-04-19T00:14:30.194+0000] {dagbag.py:538} INFO - Filling up the DagBag from /home/airflow/.local/lib/python3.8/site-packages/airflow/example_dags/example_sensor_decorator.py
[2026-04-19T00:14:30.207+0000] {processor.py:840} INFO - DAG(s) 'example_sensor_decorator' retrieved from /home/airflow/.local/lib/python3.8/site-packages/airflow/example_dags/example_sensor_decorator.py
[2026-04-19T00:14:30.237+0000] {logging_mixin.py:188} INFO - [2026-04-19T00:14:30.237+0000] {dag.py:3036} INFO - Sync 1 DAGs
[2026-04-19T00:14:30.255+0000] {logging_mixin.py:188} INFO - [2026-04-19T00:14:30.255+0000] {dag.py:3823} INFO - Setting next_dagrun for example_sensor_decorator to None, run_after=None
[2026-04-19T00:14:30.281+0000] {processor.py:183} INFO - Processing /home/airflow/.local/lib/python3.8/site-packages/airflow/example_dags/example_sensor_decorator.py took 0.096 seconds
[2026-04-19T00:15:00.564+0000] {processor.py:161} INFO - Started process (PID=11677) to work on /home/airflow/.local/lib/python3.8/site-packages/airflow/example_dags/example_sensor_decorator.py
[2026-04-19T00:15:00.565+0000] {processor.py:830} INFO - Processing file /home/airflow/.local/lib/python3.8/site-packages/airflow/example_dags/example_sensor_decorator.py for tasks to queue
[2026-04-19T00:15:00.568+0000] {logging_mixin.py:188} INFO - [2026-04-19T00:15:00.568+0000] {dagbag.py:538} INFO - Filling up the DagBag from /home/airflow/.local/lib/python3.8/site-packages/airflow/example_dags/example_sensor_decorator.py
[2026-04-19T00:15:00.579+0000] {processor.py:840} INFO - DAG(s) 'example_sensor_decorator' retrieved from /home/airflow/.local/lib/python3.8/site-packages/airflow/example_dags/example_sensor_decorator.py
[2026-04-19T00:15:00.610+0000] {logging_mixin.py:188} INFO - [2026-04-19T00:15:00.609+0000] {dag.py:3036} INFO - Sync 1 DAGs
[2026-04-19T00:15:00.627+0000] {logging_mixin.py:188} INFO - [2026-04-19T00:15:00.627+0000] {dag.py:3823} INFO - Setting next_dagrun for example_sensor_decorator to None, run_after=None
[2026-04-19T00:15:00.650+0000] {processor.py:183} INFO - Processing /home/airflow/.local/lib/python3.8/site-packages/airflow/example_dags/example_sensor_decorator.py took 0.092 seconds
[2026-04-19T00:15:31.214+0000] {processor.py:161} INFO - Started process (PID=11733) to work on /home/airflow/.local/lib/python3.8/site-packages/airflow/example_dags/example_sensor_decorator.py
[2026-04-19T00:15:31.216+0000] {processor.py:830} INFO - Processing file /home/airflow/.local/lib/python3.8/site-packages/airflow/example_dags/example_sensor_decorator.py for tasks to queue
[2026-04-19T00:15:31.218+0000] {logging_mixin.py:188} INFO - [2026-04-19T00:15:31.218+0000] {dagbag.py:538} INFO - Filling up the DagBag from /home/airflow/.local/lib/python3.8/site-packages/airflow/example_dags/example_sensor_decorator.py
[2026-04-19T00:15:31.228+0000] {processor.py:840} INFO - DAG(s) 'example_sensor_decorator' retrieved from /home/airflow/.local/lib/python3.8/site-packages/airflow/example_dags/example_sensor_decorator.py
[2026-04-19T00:15:31.257+0000] {logging_mixin.py:188} INFO - [2026-04-19T00:15:31.257+0000] {dag.py:3036} INFO - Sync 1 DAGs
[2026-04-19T00:15:31.276+0000] {logging_mixin.py:188} INFO - [2026-04-19T00:15:31.275+0000] {dag.py:3823} INFO - Setting next_dagrun for example_sensor_decorator to None, run_after=None
[2026-04-19T00:15:31.301+0000] {processor.py:183} INFO - Processing /home/airflow/.local/lib/python3.8/site-packages/airflow/example_dags/example_sensor_decorator.py took 0.091 seconds
[2026-04-19T00:16:01.591+0000] {processor.py:161} INFO - Started process (PID=11788) to work on /home/airflow/.local/lib/python3.8/site-packages/airflow/example_dags/example_sensor_decorator.py
[2026-04-19T00:16:01.592+0000] {processor.py:830} INFO - Processing file /home/airflow/.local/lib/python3.8/site-packages/airflow/example_dags/example_sensor_decorator.py for tasks to queue
[2026-04-19T00:16:01.594+0000] {logging_mixin.py:188} INFO - [2026-04-19T00:16:01.593+0000] {dagbag.py:538} INFO - Filling up the DagBag from /home/airflow/.local/lib/python3.8/site-packages/airflow/example_dags/example_sensor_decorator.py
[2026-04-19T00:16:01.598+0000] {processor.py:840} INFO - DAG(s) 'example_sensor_decorator' retrieved from /home/airflow/.local/lib/python3.8/site-packages/airflow/example_dags/example_sensor_decorator.py
[2026-04-19T00:16:01.612+0000] {logging_mixin.py:188} INFO - [2026-04-19T00:16:01.612+0000] {dag.py:3036} INFO - Sync 1 DAGs
[2026-04-19T00:16:01.621+0000] {logging_mixin.py:188} INFO - [2026-04-19T00:16:01.620+0000] {dag.py:3823} INFO - Setting next_dagrun for example_sensor_decorator to None, run_after=None
[2026-04-19T00:16:01.634+0000] {processor.py:183} INFO - Processing /home/airflow/.local/lib/python3.8/site-packages/airflow/example_dags/example_sensor_decorator.py took 0.045 seconds
[2026-04-19T00:16:32.377+0000] {processor.py:161} INFO - Started process (PID=11843) to work on /home/airflow/.local/lib/python3.8/site-packages/airflow/example_dags/example_sensor_decorator.py
[2026-04-19T00:16:32.378+0000] {processor.py:830} INFO - Processing file /home/airflow/.local/lib/python3.8/site-packages/airflow/example_dags/example_sensor_decorator.py for tasks to queue
[2026-04-19T00:16:32.381+0000] {logging_mixin.py:188} INFO - [2026-04-19T00:16:32.380+0000] {dagbag.py:538} INFO - Filling up the DagBag from /home/airflow/.local/lib/python3.8/site-packages/airflow/example_dags/example_sensor_decorator.py
[2026-04-19T00:16:32.391+0000] {processor.py:840} INFO - DAG(s) 'example_sensor_decorator' retrieved from /home/airflow/.local/lib/python3.8/site-packages/airflow/example_dags/example_sensor_decorator.py
[2026-04-19T00:16:32.423+0000] {logging_mixin.py:188} INFO - [2026-04-19T00:16:32.423+0000] {dag.py:3036} INFO - Sync 1 DAGs
[2026-04-19T00:16:32.441+0000] {logging_mixin.py:188} INFO - [2026-04-19T00:16:32.441+0000] {dag.py:3823} INFO - Setting next_dagrun for example_sensor_decorator to None, run_after=None
[2026-04-19T00:16:32.469+0000] {processor.py:183} INFO - Processing /home/airflow/.local/lib/python3.8/site-packages/airflow/example_dags/example_sensor_decorator.py took 0.097 seconds
[2026-04-19T00:17:02.632+0000] {processor.py:161} INFO - Started process (PID=11898) to work on /home/airflow/.local/lib/python3.8/site-packages/airflow/example_dags/example_sensor_decorator.py
[2026-04-19T00:17:02.633+0000] {processor.py:830} INFO - Processing file /home/airflow/.local/lib/python3.8/site-packages/airflow/example_dags/example_sensor_decorator.py for tasks to queue
[2026-04-19T00:17:02.635+0000] {logging_mixin.py:188} INFO - [2026-04-19T00:17:02.634+0000] {dagbag.py:538} INFO - Filling up the DagBag from /home/airflow/.local/lib/python3.8/site-packages/airflow/example_dags/example_sensor_decorator.py
[2026-04-19T00:17:02.643+0000] {processor.py:840} INFO - DAG(s) 'example_sensor_decorator' retrieved from /home/airflow/.local/lib/python3.8/site-packages/airflow/example_dags/example_sensor_decorator.py
[2026-04-19T00:17:02.670+0000] {logging_mixin.py:188} INFO - [2026-04-19T00:17:02.669+0000] {dag.py:3036} INFO - Sync 1 DAGs
[2026-04-19T00:17:02.685+0000] {logging_mixin.py:188} INFO - [2026-04-19T00:17:02.685+0000] {dag.py:3823} INFO - Setting next_dagrun for example_sensor_decorator to None, run_after=None
[2026-04-19T00:17:02.708+0000] {processor.py:183} INFO - Processing /home/airflow/.local/lib/python3.8/site-packages/airflow/example_dags/example_sensor_decorator.py took 0.081 seconds
[2026-04-19T00:17:33.089+0000] {processor.py:161} INFO - Started process (PID=11953) to work on /home/airflow/.local/lib/python3.8/site-packages/airflow/example_dags/example_sensor_decorator.py
[2026-04-19T00:17:33.091+0000] {processor.py:830} INFO - Processing file /home/airflow/.local/lib/python3.8/site-packages/airflow/example_dags/example_sensor_decorator.py for tasks to queue
[2026-04-19T00:17:33.093+0000] {logging_mixin.py:188} INFO - [2026-04-19T00:17:33.093+0000] {dagbag.py:538} INFO - Filling up the DagBag from /home/airflow/.local/lib/python3.8/site-packages/airflow/example_dags/example_sensor_decorator.py
[2026-04-19T00:17:33.101+0000] {processor.py:840} INFO - DAG(s) 'example_sensor_decorator' retrieved from /home/airflow/.local/lib/python3.8/site-packages/airflow/example_dags/example_sensor_decorator.py
[2026-04-19T00:17:33.129+0000] {logging_mixin.py:188} INFO - [2026-04-19T00:17:33.128+0000] {dag.py:3036} INFO - Sync 1 DAGs
[2026-04-19T00:17:33.146+0000] {logging_mixin.py:188} INFO - [2026-04-19T00:17:33.146+0000] {dag.py:3823} INFO - Setting next_dagrun for example_sensor_decorator to None, run_after=None
[2026-04-19T00:17:33.170+0000] {processor.py:183} INFO - Processing /home/airflow/.local/lib/python3.8/site-packages/airflow/example_dags/example_sensor_decorator.py took 0.085 seconds
[2026-04-19T00:18:03.659+0000] {processor.py:161} INFO - Started process (PID=12008) to work on /home/airflow/.local/lib/python3.8/site-packages/airflow/example_dags/example_sensor_decorator.py
[2026-04-19T00:18:03.660+0000] {processor.py:830} INFO - Processing file /home/airflow/.local/lib/python3.8/site-packages/airflow/example_dags/example_sensor_decorator.py for tasks to queue
[2026-04-19T00:18:03.662+0000] {logging_mixin.py:188} INFO - [2026-04-19T00:18:03.662+0000] {dagbag.py:538} INFO - Filling up the DagBag from /home/airflow/.local/lib/python3.8/site-packages/airflow/example_dags/example_sensor_decorator.py
[2026-04-19T00:18:03.672+0000] {processor.py:840} INFO - DAG(s) 'example_sensor_decorator' retrieved from /home/airflow/.local/lib/python3.8/site-packages/airflow/example_dags/example_sensor_decorator.py
[2026-04-19T00:18:03.701+0000] {logging_mixin.py:188} INFO - [2026-04-19T00:18:03.700+0000] {dag.py:3036} INFO - Sync 1 DAGs
[2026-04-19T00:18:03.718+0000] {logging_mixin.py:188} INFO - [2026-04-19T00:18:03.718+0000] {dag.py:3823} INFO - Setting next_dagrun for example_sensor_decorator to None, run_after=None
[2026-04-19T00:18:03.743+0000] {processor.py:183} INFO - Processing /home/airflow/.local/lib/python3.8/site-packages/airflow/example_dags/example_sensor_decorator.py took 0.090 seconds
[2026-04-19T00:18:34.039+0000] {processor.py:161} INFO - Started process (PID=12063) to work on /home/airflow/.local/lib/python3.8/site-packages/airflow/example_dags/example_sensor_decorator.py
[2026-04-19T00:18:34.040+0000] {processor.py:830} INFO - Processing file /home/airflow/.local/lib/python3.8/site-packages/airflow/example_dags/example_sensor_decorator.py for tasks to queue
[2026-04-19T00:18:34.042+0000] {logging_mixin.py:188} INFO - [2026-04-19T00:18:34.042+0000] {dagbag.py:538} INFO - Filling up the DagBag from /home/airflow/.local/lib/python3.8/site-packages/airflow/example_dags/example_sensor_decorator.py
[2026-04-19T00:18:34.051+0000] {processor.py:840} INFO - DAG(s) 'example_sensor_decorator' retrieved from /home/airflow/.local/lib/python3.8/site-packages/airflow/example_dags/example_sensor_decorator.py
[2026-04-19T00:18:34.081+0000] {logging_mixin.py:188} INFO - [2026-04-19T00:18:34.081+0000] {dag.py:3036} INFO - Sync 1 DAGs
[2026-04-19T00:18:34.098+0000] {logging_mixin.py:188} INFO - [2026-04-19T00:18:34.098+0000] {dag.py:3823} INFO - Setting next_dagrun for example_sensor_decorator to None, run_after=None
[2026-04-19T00:18:34.123+0000] {processor.py:183} INFO - Processing /home/airflow/.local/lib/python3.8/site-packages/airflow/example_dags/example_sensor_decorator.py took 0.089 seconds
[2026-04-19T00:19:04.637+0000] {processor.py:161} INFO - Started process (PID=12117) to work on /home/airflow/.local/lib/python3.8/site-packages/airflow/example_dags/example_sensor_decorator.py
[2026-04-19T00:19:04.638+0000] {processor.py:830} INFO - Processing file /home/airflow/.local/lib/python3.8/site-packages/airflow/example_dags/example_sensor_decorator.py for tasks to queue
[2026-04-19T00:19:04.640+0000] {logging_mixin.py:188} INFO - [2026-04-19T00:19:04.640+0000] {dagbag.py:538} INFO - Filling up the DagBag from /home/airflow/.local/lib/python3.8/site-packages/airflow/example_dags/example_sensor_decorator.py
[2026-04-19T00:19:04.649+0000] {processor.py:840} INFO - DAG(s) 'example_sensor_decorator' retrieved from /home/airflow/.local/lib/python3.8/site-packages/airflow/example_dags/example_sensor_decorator.py
[2026-04-19T00:19:04.677+0000] {logging_mixin.py:188} INFO - [2026-04-19T00:19:04.677+0000] {dag.py:3036} INFO - Sync 1 DAGs
[2026-04-19T00:19:04.694+0000] {logging_mixin.py:188} INFO - [2026-04-19T00:19:04.694+0000] {dag.py:3823} INFO - Setting next_dagrun for example_sensor_decorator to None, run_after=None
[2026-04-19T00:19:04.718+0000] {processor.py:183} INFO - Processing /home/airflow/.local/lib/python3.8/site-packages/airflow/example_dags/example_sensor_decorator.py took 0.085 seconds
[2026-04-19T00:19:35.013+0000] {processor.py:161} INFO - Started process (PID=12172) to work on /home/airflow/.local/lib/python3.8/site-packages/airflow/example_dags/example_sensor_decorator.py
[2026-04-19T00:19:35.015+0000] {processor.py:830} INFO - Processing file /home/airflow/.local/lib/python3.8/site-packages/airflow/example_dags/example_sensor_decorator.py for tasks to queue
[2026-04-19T00:19:35.017+0000] {logging_mixin.py:188} INFO - [2026-04-19T00:19:35.016+0000] {dagbag.py:538} INFO - Filling up the DagBag from /home/airflow/.local/lib/python3.8/site-packages/airflow/example_dags/example_sensor_decorator.py
[2026-04-19T00:19:35.024+0000] {processor.py:840} INFO - DAG(s) 'example_sensor_decorator' retrieved from /home/airflow/.local/lib/python3.8/site-packages/airflow/example_dags/example_sensor_decorator.py
[2026-04-19T00:19:35.052+0000] {logging_mixin.py:188} INFO - [2026-04-19T00:19:35.051+0000] {dag.py:3036} INFO - Sync 1 DAGs
[2026-04-19T00:19:35.070+0000] {logging_mixin.py:188} INFO - [2026-04-19T00:19:35.070+0000] {dag.py:3823} INFO - Setting next_dagrun for example_sensor_decorator to None, run_after=None
[2026-04-19T00:19:35.093+0000] {processor.py:183} INFO - Processing /home/airflow/.local/lib/python3.8/site-packages/airflow/example_dags/example_sensor_decorator.py took 0.084 seconds
[2026-04-19T00:20:05.482+0000] {processor.py:161} INFO - Started process (PID=12227) to work on /home/airflow/.local/lib/python3.8/site-packages/airflow/example_dags/example_sensor_decorator.py
[2026-04-19T00:20:05.483+0000] {processor.py:830} INFO - Processing file /home/airflow/.local/lib/python3.8/site-packages/airflow/example_dags/example_sensor_decorator.py for tasks to queue
[2026-04-19T00:20:05.485+0000] {logging_mixin.py:188} INFO - [2026-04-19T00:20:05.485+0000] {dagbag.py:538} INFO - Filling up the DagBag from /home/airflow/.local/lib/python3.8/site-packages/airflow/example_dags/example_sensor_decorator.py
[2026-04-19T00:20:05.493+0000] {processor.py:840} INFO - DAG(s) 'example_sensor_decorator' retrieved from /home/airflow/.local/lib/python3.8/site-packages/airflow/example_dags/example_sensor_decorator.py
[2026-04-19T00:20:05.523+0000] {logging_mixin.py:188} INFO - [2026-04-19T00:20:05.522+0000] {dag.py:3036} INFO - Sync 1 DAGs
[2026-04-19T00:20:05.540+0000] {logging_mixin.py:188} INFO - [2026-04-19T00:20:05.539+0000] {dag.py:3823} INFO - Setting next_dagrun for example_sensor_decorator to None, run_after=None
[2026-04-19T00:20:05.566+0000] {processor.py:183} INFO - Processing /home/airflow/.local/lib/python3.8/site-packages/airflow/example_dags/example_sensor_decorator.py took 0.088 seconds
[2026-04-19T00:20:35.799+0000] {processor.py:161} INFO - Started process (PID=12282) to work on /home/airflow/.local/lib/python3.8/site-packages/airflow/example_dags/example_sensor_decorator.py
[2026-04-19T00:20:35.801+0000] {processor.py:830} INFO - Processing file /home/airflow/.local/lib/python3.8/site-packages/airflow/example_dags/example_sensor_decorator.py for tasks to queue
[2026-04-19T00:20:35.804+0000] {logging_mixin.py:188} INFO - [2026-04-19T00:20:35.803+0000] {dagbag.py:538} INFO - Filling up the DagBag from /home/airflow/.local/lib/python3.8/site-packages/airflow/example_dags/example_sensor_decorator.py
[2026-04-19T00:20:35.813+0000] {processor.py:840} INFO - DAG(s) 'example_sensor_decorator' retrieved from /home/airflow/.local/lib/python3.8/site-packages/airflow/example_dags/example_sensor_decorator.py
[2026-04-19T00:20:35.844+0000] {logging_mixin.py:188} INFO - [2026-04-19T00:20:35.843+0000] {dag.py:3036} INFO - Sync 1 DAGs
[2026-04-19T00:20:35.862+0000] {logging_mixin.py:188} INFO - [2026-04-19T00:20:35.862+0000] {dag.py:3823} INFO - Setting next_dagrun for example_sensor_decorator to None, run_after=None
[2026-04-19T00:20:35.887+0000] {processor.py:183} INFO - Processing /home/airflow/.local/lib/python3.8/site-packages/airflow/example_dags/example_sensor_decorator.py took 0.093 seconds
[2026-04-19T00:21:06.065+0000] {processor.py:161} INFO - Started process (PID=12337) to work on /home/airflow/.local/lib/python3.8/site-packages/airflow/example_dags/example_sensor_decorator.py
[2026-04-19T00:21:06.067+0000] {processor.py:830} INFO - Processing file /home/airflow/.local/lib/python3.8/site-packages/airflow/example_dags/example_sensor_decorator.py for tasks to queue
[2026-04-19T00:21:06.070+0000] {logging_mixin.py:188} INFO - [2026-04-19T00:21:06.069+0000] {dagbag.py:538} INFO - Filling up the DagBag from /home/airflow/.local/lib/python3.8/site-packages/airflow/example_dags/example_sensor_decorator.py
[2026-04-19T00:21:06.080+0000] {processor.py:840} INFO - DAG(s) 'example_sensor_decorator' retrieved from /home/airflow/.local/lib/python3.8/site-packages/airflow/example_dags/example_sensor_decorator.py
[2026-04-19T00:21:06.112+0000] {logging_mixin.py:188} INFO - [2026-04-19T00:21:06.112+0000] {dag.py:3036} INFO - Sync 1 DAGs
[2026-04-19T00:21:06.130+0000] {logging_mixin.py:188} INFO - [2026-04-19T00:21:06.129+0000] {dag.py:3823} INFO - Setting next_dagrun for example_sensor_decorator to None, run_after=None
[2026-04-19T00:21:06.159+0000] {processor.py:183} INFO - Processing /home/airflow/.local/lib/python3.8/site-packages/airflow/example_dags/example_sensor_decorator.py took 0.099 seconds
[2026-04-19T00:21:36.567+0000] {processor.py:161} INFO - Started process (PID=12392) to work on /home/airflow/.local/lib/python3.8/site-packages/airflow/example_dags/example_sensor_decorator.py
[2026-04-19T00:21:36.569+0000] {processor.py:830} INFO - Processing file /home/airflow/.local/lib/python3.8/site-packages/airflow/example_dags/example_sensor_decorator.py for tasks to queue
[2026-04-19T00:21:36.571+0000] {logging_mixin.py:188} INFO - [2026-04-19T00:21:36.571+0000] {dagbag.py:538} INFO - Filling up the DagBag from /home/airflow/.local/lib/python3.8/site-packages/airflow/example_dags/example_sensor_decorator.py
[2026-04-19T00:21:36.580+0000] {processor.py:840} INFO - DAG(s) 'example_sensor_decorator' retrieved from /home/airflow/.local/lib/python3.8/site-packages/airflow/example_dags/example_sensor_decorator.py
[2026-04-19T00:21:36.611+0000] {logging_mixin.py:188} INFO - [2026-04-19T00:21:36.611+0000] {dag.py:3036} INFO - Sync 1 DAGs
[2026-04-19T00:21:36.631+0000] {logging_mixin.py:188} INFO - [2026-04-19T00:21:36.630+0000] {dag.py:3823} INFO - Setting next_dagrun for example_sensor_decorator to None, run_after=None
[2026-04-19T00:21:36.658+0000] {processor.py:183} INFO - Processing /home/airflow/.local/lib/python3.8/site-packages/airflow/example_dags/example_sensor_decorator.py took 0.096 seconds
[2026-04-19T00:22:07.141+0000] {processor.py:161} INFO - Started process (PID=12447) to work on /home/airflow/.local/lib/python3.8/site-packages/airflow/example_dags/example_sensor_decorator.py
[2026-04-19T00:22:07.142+0000] {processor.py:830} INFO - Processing file /home/airflow/.local/lib/python3.8/site-packages/airflow/example_dags/example_sensor_decorator.py for tasks to queue
[2026-04-19T00:22:07.144+0000] {logging_mixin.py:188} INFO - [2026-04-19T00:22:07.144+0000] {dagbag.py:538} INFO - Filling up the DagBag from /home/airflow/.local/lib/python3.8/site-packages/airflow/example_dags/example_sensor_decorator.py
[2026-04-19T00:22:07.151+0000] {processor.py:840} INFO - DAG(s) 'example_sensor_decorator' retrieved from /home/airflow/.local/lib/python3.8/site-packages/airflow/example_dags/example_sensor_decorator.py
[2026-04-19T00:22:07.177+0000] {logging_mixin.py:188} INFO - [2026-04-19T00:22:07.177+0000] {dag.py:3036} INFO - Sync 1 DAGs
[2026-04-19T00:22:07.192+0000] {logging_mixin.py:188} INFO - [2026-04-19T00:22:07.192+0000] {dag.py:3823} INFO - Setting next_dagrun for example_sensor_decorator to None, run_after=None
[2026-04-19T00:22:07.215+0000] {processor.py:183} INFO - Processing /home/airflow/.local/lib/python3.8/site-packages/airflow/example_dags/example_sensor_decorator.py took 0.078 seconds
[2026-04-19T00:22:37.589+0000] {processor.py:161} INFO - Started process (PID=12502) to work on /home/airflow/.local/lib/python3.8/site-packages/airflow/example_dags/example_sensor_decorator.py
[2026-04-19T00:22:37.591+0000] {processor.py:830} INFO - Processing file /home/airflow/.local/lib/python3.8/site-packages/airflow/example_dags/example_sensor_decorator.py for tasks to queue
[2026-04-19T00:22:37.593+0000] {logging_mixin.py:188} INFO - [2026-04-19T00:22:37.592+0000] {dagbag.py:538} INFO - Filling up the DagBag from /home/airflow/.local/lib/python3.8/site-packages/airflow/example_dags/example_sensor_decorator.py
[2026-04-19T00:22:37.600+0000] {processor.py:840} INFO - DAG(s) 'example_sensor_decorator' retrieved from /home/airflow/.local/lib/python3.8/site-packages/airflow/example_dags/example_sensor_decorator.py
[2026-04-19T00:22:37.626+0000] {logging_mixin.py:188} INFO - [2026-04-19T00:22:37.626+0000] {dag.py:3036} INFO - Sync 1 DAGs
[2026-04-19T00:22:37.642+0000] {logging_mixin.py:188} INFO - [2026-04-19T00:22:37.642+0000] {dag.py:3823} INFO - Setting next_dagrun for example_sensor_decorator to None, run_after=None
[2026-04-19T00:22:37.666+0000] {processor.py:183} INFO - Processing /home/airflow/.local/lib/python3.8/site-packages/airflow/example_dags/example_sensor_decorator.py took 0.081 seconds
[2026-04-19T00:23:07.835+0000] {processor.py:161} INFO - Started process (PID=12557) to work on /home/airflow/.local/lib/python3.8/site-packages/airflow/example_dags/example_sensor_decorator.py
[2026-04-19T00:23:07.836+0000] {processor.py:830} INFO - Processing file /home/airflow/.local/lib/python3.8/site-packages/airflow/example_dags/example_sensor_decorator.py for tasks to queue
[2026-04-19T00:23:07.839+0000] {logging_mixin.py:188} INFO - [2026-04-19T00:23:07.838+0000] {dagbag.py:538} INFO - Filling up the DagBag from /home/airflow/.local/lib/python3.8/site-packages/airflow/example_dags/example_sensor_decorator.py
[2026-04-19T00:23:07.848+0000] {processor.py:840} INFO - DAG(s) 'example_sensor_decorator' retrieved from /home/airflow/.local/lib/python3.8/site-packages/airflow/example_dags/example_sensor_decorator.py
[2026-04-19T00:23:07.876+0000] {logging_mixin.py:188} INFO - [2026-04-19T00:23:07.876+0000] {dag.py:3036} INFO - Sync 1 DAGs
[2026-04-19T00:23:07.893+0000] {logging_mixin.py:188} INFO - [2026-04-19T00:23:07.893+0000] {dag.py:3823} INFO - Setting next_dagrun for example_sensor_decorator to None, run_after=None
[2026-04-19T00:23:07.918+0000] {processor.py:183} INFO - Processing /home/airflow/.local/lib/python3.8/site-packages/airflow/example_dags/example_sensor_decorator.py took 0.088 seconds
[2026-04-19T00:23:38.017+0000] {processor.py:161} INFO - Started process (PID=12612) to work on /home/airflow/.local/lib/python3.8/site-packages/airflow/example_dags/example_sensor_decorator.py
[2026-04-19T00:23:38.018+0000] {processor.py:830} INFO - Processing file /home/airflow/.local/lib/python3.8/site-packages/airflow/example_dags/example_sensor_decorator.py for tasks to queue
[2026-04-19T00:23:38.020+0000] {logging_mixin.py:188} INFO - [2026-04-19T00:23:38.020+0000] {dagbag.py:538} INFO - Filling up the DagBag from /home/airflow/.local/lib/python3.8/site-packages/airflow/example_dags/example_sensor_decorator.py
[2026-04-19T00:23:38.028+0000] {processor.py:840} INFO - DAG(s) 'example_sensor_decorator' retrieved from /home/airflow/.local/lib/python3.8/site-packages/airflow/example_dags/example_sensor_decorator.py
[2026-04-19T00:23:38.058+0000] {logging_mixin.py:188} INFO - [2026-04-19T00:23:38.057+0000] {dag.py:3036} INFO - Sync 1 DAGs
[2026-04-19T00:23:38.075+0000] {logging_mixin.py:188} INFO - [2026-04-19T00:23:38.074+0000] {dag.py:3823} INFO - Setting next_dagrun for example_sensor_decorator to None, run_after=None
[2026-04-19T00:23:38.098+0000] {processor.py:183} INFO - Processing /home/airflow/.local/lib/python3.8/site-packages/airflow/example_dags/example_sensor_decorator.py took 0.086 seconds
[2026-04-19T00:24:08.220+0000] {processor.py:161} INFO - Started process (PID=12667) to work on /home/airflow/.local/lib/python3.8/site-packages/airflow/example_dags/example_sensor_decorator.py
[2026-04-19T00:24:08.221+0000] {processor.py:830} INFO - Processing file /home/airflow/.local/lib/python3.8/site-packages/airflow/example_dags/example_sensor_decorator.py for tasks to queue
[2026-04-19T00:24:08.223+0000] {logging_mixin.py:188} INFO - [2026-04-19T00:24:08.223+0000] {dagbag.py:538} INFO - Filling up the DagBag from /home/airflow/.local/lib/python3.8/site-packages/airflow/example_dags/example_sensor_decorator.py
[2026-04-19T00:24:08.232+0000] {processor.py:840} INFO - DAG(s) 'example_sensor_decorator' retrieved from /home/airflow/.local/lib/python3.8/site-packages/airflow/example_dags/example_sensor_decorator.py
[2026-04-19T00:24:08.259+0000] {logging_mixin.py:188} INFO - [2026-04-19T00:24:08.259+0000] {dag.py:3036} INFO - Sync 1 DAGs
[2026-04-19T00:24:08.276+0000] {logging_mixin.py:188} INFO - [2026-04-19T00:24:08.275+0000] {dag.py:3823} INFO - Setting next_dagrun for example_sensor_decorator to None, run_after=None
[2026-04-19T00:24:08.301+0000] {processor.py:183} INFO - Processing /home/airflow/.local/lib/python3.8/site-packages/airflow/example_dags/example_sensor_decorator.py took 0.087 seconds
