[2026-04-19T00:00:29.696+0000] {processor.py:161} INFO - Started process (PID=10117) to work on /home/airflow/.local/lib/python3.8/site-packages/airflow/example_dags/example_short_circuit_decorator.py
[2026-04-19T00:00:29.697+0000] {processor.py:830} INFO - Processing file /home/airflow/.local/lib/python3.8/site-packages/airflow/example_dags/example_short_circuit_decorator.py for tasks to queue
[2026-04-19T00:00:29.699+0000] {logging_mixin.py:188} INFO - [2026-04-19T00:00:29.699+0000] {dagbag.py:538} INFO - Filling up the DagBag from /home/airflow/.local/lib/python3.8/site-packages/airflow/example_dags/example_short_circuit_decorator.py
[2026-04-19T00:00:29.714+0000] {processor.py:840} INFO - DAG(s) 'example_short_circuit_decorator' retrieved from /home/airflow/.local/lib/python3.8/site-packages/airflow/example_dags/example_short_circuit_decorator.py
[2026-04-19T00:00:29.751+0000] {logging_mixin.py:188} INFO - [2026-04-19T00:00:29.750+0000] {dag.py:3036} INFO - Sync 1 DAGs
[2026-04-19T00:00:29.784+0000] {logging_mixin.py:188} INFO - [2026-04-19T00:00:29.784+0000] {dag.py:3823} INFO - Setting next_dagrun for example_short_circuit_decorator to 2026-04-18 00:00:00+00:00, run_after=2026-04-19 00:00:00+00:00
[2026-04-19T00:00:29.810+0000] {processor.py:183} INFO - Processing /home/airflow/.local/lib/python3.8/site-packages/airflow/example_dags/example_short_circuit_decorator.py took 0.119 seconds
[2026-04-19T00:01:00.152+0000] {processor.py:161} INFO - Started process (PID=10172) to work on /home/airflow/.local/lib/python3.8/site-packages/airflow/example_dags/example_short_circuit_decorator.py
[2026-04-19T00:01:00.153+0000] {processor.py:830} INFO - Processing file /home/airflow/.local/lib/python3.8/site-packages/airflow/example_dags/example_short_circuit_decorator.py for tasks to queue
[2026-04-19T00:01:00.156+0000] {logging_mixin.py:188} INFO - [2026-04-19T00:01:00.155+0000] {dagbag.py:538} INFO - Filling up the DagBag from /home/airflow/.local/lib/python3.8/site-packages/airflow/example_dags/example_short_circuit_decorator.py
[2026-04-19T00:01:00.170+0000] {processor.py:840} INFO - DAG(s) 'example_short_circuit_decorator' retrieved from /home/airflow/.local/lib/python3.8/site-packages/airflow/example_dags/example_short_circuit_decorator.py
[2026-04-19T00:01:00.207+0000] {logging_mixin.py:188} INFO - [2026-04-19T00:01:00.206+0000] {dag.py:3036} INFO - Sync 1 DAGs
[2026-04-19T00:01:00.241+0000] {logging_mixin.py:188} INFO - [2026-04-19T00:01:00.241+0000] {dag.py:3823} INFO - Setting next_dagrun for example_short_circuit_decorator to 2026-04-18 00:00:00+00:00, run_after=2026-04-19 00:00:00+00:00
[2026-04-19T00:01:00.264+0000] {processor.py:183} INFO - Processing /home/airflow/.local/lib/python3.8/site-packages/airflow/example_dags/example_short_circuit_decorator.py took 0.117 seconds
[2026-04-19T00:01:30.473+0000] {processor.py:161} INFO - Started process (PID=10227) to work on /home/airflow/.local/lib/python3.8/site-packages/airflow/example_dags/example_short_circuit_decorator.py
[2026-04-19T00:01:30.474+0000] {processor.py:830} INFO - Processing file /home/airflow/.local/lib/python3.8/site-packages/airflow/example_dags/example_short_circuit_decorator.py for tasks to queue
[2026-04-19T00:01:30.477+0000] {logging_mixin.py:188} INFO - [2026-04-19T00:01:30.476+0000] {dagbag.py:538} INFO - Filling up the DagBag from /home/airflow/.local/lib/python3.8/site-packages/airflow/example_dags/example_short_circuit_decorator.py
[2026-04-19T00:01:30.490+0000] {processor.py:840} INFO - DAG(s) 'example_short_circuit_decorator' retrieved from /home/airflow/.local/lib/python3.8/site-packages/airflow/example_dags/example_short_circuit_decorator.py
[2026-04-19T00:01:30.525+0000] {logging_mixin.py:188} INFO - [2026-04-19T00:01:30.525+0000] {dag.py:3036} INFO - Sync 1 DAGs
[2026-04-19T00:01:30.558+0000] {logging_mixin.py:188} INFO - [2026-04-19T00:01:30.558+0000] {dag.py:3823} INFO - Setting next_dagrun for example_short_circuit_decorator to 2026-04-18 00:00:00+00:00, run_after=2026-04-19 00:00:00+00:00
[2026-04-19T00:01:30.584+0000] {processor.py:183} INFO - Processing /home/airflow/.local/lib/python3.8/site-packages/airflow/example_dags/example_short_circuit_decorator.py took 0.117 seconds
[2026-04-19T00:02:00.748+0000] {processor.py:161} INFO - Started process (PID=10282) to work on /home/airflow/.local/lib/python3.8/site-packages/airflow/example_dags/example_short_circuit_decorator.py
[2026-04-19T00:02:00.749+0000] {processor.py:830} INFO - Processing file /home/airflow/.local/lib/python3.8/site-packages/airflow/example_dags/example_short_circuit_decorator.py for tasks to queue
[2026-04-19T00:02:00.752+0000] {logging_mixin.py:188} INFO - [2026-04-19T00:02:00.751+0000] {dagbag.py:538} INFO - Filling up the DagBag from /home/airflow/.local/lib/python3.8/site-packages/airflow/example_dags/example_short_circuit_decorator.py
[2026-04-19T00:02:00.765+0000] {processor.py:840} INFO - DAG(s) 'example_short_circuit_decorator' retrieved from /home/airflow/.local/lib/python3.8/site-packages/airflow/example_dags/example_short_circuit_decorator.py
[2026-04-19T00:02:00.800+0000] {logging_mixin.py:188} INFO - [2026-04-19T00:02:00.800+0000] {dag.py:3036} INFO - Sync 1 DAGs
[2026-04-19T00:02:00.830+0000] {logging_mixin.py:188} INFO - [2026-04-19T00:02:00.830+0000] {dag.py:3823} INFO - Setting next_dagrun for example_short_circuit_decorator to 2026-04-18 00:00:00+00:00, run_after=2026-04-19 00:00:00+00:00
[2026-04-19T00:02:00.854+0000] {processor.py:183} INFO - Processing /home/airflow/.local/lib/python3.8/site-packages/airflow/example_dags/example_short_circuit_decorator.py took 0.111 seconds
[2026-04-19T00:02:31.031+0000] {processor.py:161} INFO - Started process (PID=10337) to work on /home/airflow/.local/lib/python3.8/site-packages/airflow/example_dags/example_short_circuit_decorator.py
[2026-04-19T00:02:31.032+0000] {processor.py:830} INFO - Processing file /home/airflow/.local/lib/python3.8/site-packages/airflow/example_dags/example_short_circuit_decorator.py for tasks to queue
[2026-04-19T00:02:31.035+0000] {logging_mixin.py:188} INFO - [2026-04-19T00:02:31.034+0000] {dagbag.py:538} INFO - Filling up the DagBag from /home/airflow/.local/lib/python3.8/site-packages/airflow/example_dags/example_short_circuit_decorator.py
[2026-04-19T00:02:31.047+0000] {processor.py:840} INFO - DAG(s) 'example_short_circuit_decorator' retrieved from /home/airflow/.local/lib/python3.8/site-packages/airflow/example_dags/example_short_circuit_decorator.py
[2026-04-19T00:02:31.079+0000] {logging_mixin.py:188} INFO - [2026-04-19T00:02:31.079+0000] {dag.py:3036} INFO - Sync 1 DAGs
[2026-04-19T00:02:31.108+0000] {logging_mixin.py:188} INFO - [2026-04-19T00:02:31.108+0000] {dag.py:3823} INFO - Setting next_dagrun for example_short_circuit_decorator to 2026-04-18 00:00:00+00:00, run_after=2026-04-19 00:00:00+00:00
[2026-04-19T00:02:31.132+0000] {processor.py:183} INFO - Processing /home/airflow/.local/lib/python3.8/site-packages/airflow/example_dags/example_short_circuit_decorator.py took 0.106 seconds
[2026-04-19T00:03:01.502+0000] {processor.py:161} INFO - Started process (PID=10392) to work on /home/airflow/.local/lib/python3.8/site-packages/airflow/example_dags/example_short_circuit_decorator.py
[2026-04-19T00:03:01.503+0000] {processor.py:830} INFO - Processing file /home/airflow/.local/lib/python3.8/site-packages/airflow/example_dags/example_short_circuit_decorator.py for tasks to queue
[2026-04-19T00:03:01.506+0000] {logging_mixin.py:188} INFO - [2026-04-19T00:03:01.505+0000] {dagbag.py:538} INFO - Filling up the DagBag from /home/airflow/.local/lib/python3.8/site-packages/airflow/example_dags/example_short_circuit_decorator.py
[2026-04-19T00:03:01.520+0000] {processor.py:840} INFO - DAG(s) 'example_short_circuit_decorator' retrieved from /home/airflow/.local/lib/python3.8/site-packages/airflow/example_dags/example_short_circuit_decorator.py
[2026-04-19T00:03:01.554+0000] {logging_mixin.py:188} INFO - [2026-04-19T00:03:01.554+0000] {dag.py:3036} INFO - Sync 1 DAGs
[2026-04-19T00:03:01.585+0000] {logging_mixin.py:188} INFO - [2026-04-19T00:03:01.585+0000] {dag.py:3823} INFO - Setting next_dagrun for example_short_circuit_decorator to 2026-04-18 00:00:00+00:00, run_after=2026-04-19 00:00:00+00:00
[2026-04-19T00:03:01.609+0000] {processor.py:183} INFO - Processing /home/airflow/.local/lib/python3.8/site-packages/airflow/example_dags/example_short_circuit_decorator.py took 0.112 seconds
[2026-04-19T00:03:31.776+0000] {processor.py:161} INFO - Started process (PID=10447) to work on /home/airflow/.local/lib/python3.8/site-packages/airflow/example_dags/example_short_circuit_decorator.py
[2026-04-19T00:03:31.777+0000] {processor.py:830} INFO - Processing file /home/airflow/.local/lib/python3.8/site-packages/airflow/example_dags/example_short_circuit_decorator.py for tasks to queue
[2026-04-19T00:03:31.779+0000] {logging_mixin.py:188} INFO - [2026-04-19T00:03:31.779+0000] {dagbag.py:538} INFO - Filling up the DagBag from /home/airflow/.local/lib/python3.8/site-packages/airflow/example_dags/example_short_circuit_decorator.py
[2026-04-19T00:03:31.792+0000] {processor.py:840} INFO - DAG(s) 'example_short_circuit_decorator' retrieved from /home/airflow/.local/lib/python3.8/site-packages/airflow/example_dags/example_short_circuit_decorator.py
[2026-04-19T00:03:31.825+0000] {logging_mixin.py:188} INFO - [2026-04-19T00:03:31.824+0000] {dag.py:3036} INFO - Sync 1 DAGs
[2026-04-19T00:03:31.853+0000] {logging_mixin.py:188} INFO - [2026-04-19T00:03:31.853+0000] {dag.py:3823} INFO - Setting next_dagrun for example_short_circuit_decorator to 2026-04-18 00:00:00+00:00, run_after=2026-04-19 00:00:00+00:00
[2026-04-19T00:03:31.876+0000] {processor.py:183} INFO - Processing /home/airflow/.local/lib/python3.8/site-packages/airflow/example_dags/example_short_circuit_decorator.py took 0.105 seconds
[2026-04-19T00:04:02.226+0000] {processor.py:161} INFO - Started process (PID=10502) to work on /home/airflow/.local/lib/python3.8/site-packages/airflow/example_dags/example_short_circuit_decorator.py
[2026-04-19T00:04:02.227+0000] {processor.py:830} INFO - Processing file /home/airflow/.local/lib/python3.8/site-packages/airflow/example_dags/example_short_circuit_decorator.py for tasks to queue
[2026-04-19T00:04:02.229+0000] {logging_mixin.py:188} INFO - [2026-04-19T00:04:02.229+0000] {dagbag.py:538} INFO - Filling up the DagBag from /home/airflow/.local/lib/python3.8/site-packages/airflow/example_dags/example_short_circuit_decorator.py
[2026-04-19T00:04:02.243+0000] {processor.py:840} INFO - DAG(s) 'example_short_circuit_decorator' retrieved from /home/airflow/.local/lib/python3.8/site-packages/airflow/example_dags/example_short_circuit_decorator.py
[2026-04-19T00:04:02.279+0000] {logging_mixin.py:188} INFO - [2026-04-19T00:04:02.278+0000] {dag.py:3036} INFO - Sync 1 DAGs
[2026-04-19T00:04:02.316+0000] {logging_mixin.py:188} INFO - [2026-04-19T00:04:02.316+0000] {dag.py:3823} INFO - Setting next_dagrun for example_short_circuit_decorator to 2026-04-18 00:00:00+00:00, run_after=2026-04-19 00:00:00+00:00
[2026-04-19T00:04:02.347+0000] {processor.py:183} INFO - Processing /home/airflow/.local/lib/python3.8/site-packages/airflow/example_dags/example_short_circuit_decorator.py took 0.126 seconds
[2026-04-19T00:04:32.435+0000] {processor.py:161} INFO - Started process (PID=10557) to work on /home/airflow/.local/lib/python3.8/site-packages/airflow/example_dags/example_short_circuit_decorator.py
[2026-04-19T00:04:32.436+0000] {processor.py:830} INFO - Processing file /home/airflow/.local/lib/python3.8/site-packages/airflow/example_dags/example_short_circuit_decorator.py for tasks to queue
[2026-04-19T00:04:32.439+0000] {logging_mixin.py:188} INFO - [2026-04-19T00:04:32.438+0000] {dagbag.py:538} INFO - Filling up the DagBag from /home/airflow/.local/lib/python3.8/site-packages/airflow/example_dags/example_short_circuit_decorator.py
[2026-04-19T00:04:32.452+0000] {processor.py:840} INFO - DAG(s) 'example_short_circuit_decorator' retrieved from /home/airflow/.local/lib/python3.8/site-packages/airflow/example_dags/example_short_circuit_decorator.py
[2026-04-19T00:04:32.487+0000] {logging_mixin.py:188} INFO - [2026-04-19T00:04:32.487+0000] {dag.py:3036} INFO - Sync 1 DAGs
[2026-04-19T00:04:32.520+0000] {logging_mixin.py:188} INFO - [2026-04-19T00:04:32.520+0000] {dag.py:3823} INFO - Setting next_dagrun for example_short_circuit_decorator to 2026-04-18 00:00:00+00:00, run_after=2026-04-19 00:00:00+00:00
[2026-04-19T00:04:32.544+0000] {processor.py:183} INFO - Processing /home/airflow/.local/lib/python3.8/site-packages/airflow/example_dags/example_short_circuit_decorator.py took 0.115 seconds
[2026-04-19T00:05:02.786+0000] {processor.py:161} INFO - Started process (PID=10612) to work on /home/airflow/.local/lib/python3.8/site-packages/airflow/example_dags/example_short_circuit_decorator.py
[2026-04-19T00:05:02.787+0000] {processor.py:830} INFO - Processing file /home/airflow/.local/lib/python3.8/site-packages/airflow/example_dags/example_short_circuit_decorator.py for tasks to queue
[2026-04-19T00:05:02.790+0000] {logging_mixin.py:188} INFO - [2026-04-19T00:05:02.790+0000] {dagbag.py:538} INFO - Filling up the DagBag from /home/airflow/.local/lib/python3.8/site-packages/airflow/example_dags/example_short_circuit_decorator.py
[2026-04-19T00:05:02.804+0000] {processor.py:840} INFO - DAG(s) 'example_short_circuit_decorator' retrieved from /home/airflow/.local/lib/python3.8/site-packages/airflow/example_dags/example_short_circuit_decorator.py
[2026-04-19T00:05:02.840+0000] {logging_mixin.py:188} INFO - [2026-04-19T00:05:02.840+0000] {dag.py:3036} INFO - Sync 1 DAGs
[2026-04-19T00:05:02.871+0000] {logging_mixin.py:188} INFO - [2026-04-19T00:05:02.871+0000] {dag.py:3823} INFO - Setting next_dagrun for example_short_circuit_decorator to 2026-04-18 00:00:00+00:00, run_after=2026-04-19 00:00:00+00:00
[2026-04-19T00:05:02.896+0000] {processor.py:183} INFO - Processing /home/airflow/.local/lib/python3.8/site-packages/airflow/example_dags/example_short_circuit_decorator.py took 0.114 seconds
[2026-04-19T00:05:33.175+0000] {processor.py:161} INFO - Started process (PID=10667) to work on /home/airflow/.local/lib/python3.8/site-packages/airflow/example_dags/example_short_circuit_decorator.py
[2026-04-19T00:05:33.177+0000] {processor.py:830} INFO - Processing file /home/airflow/.local/lib/python3.8/site-packages/airflow/example_dags/example_short_circuit_decorator.py for tasks to queue
[2026-04-19T00:05:33.180+0000] {logging_mixin.py:188} INFO - [2026-04-19T00:05:33.180+0000] {dagbag.py:538} INFO - Filling up the DagBag from /home/airflow/.local/lib/python3.8/site-packages/airflow/example_dags/example_short_circuit_decorator.py
[2026-04-19T00:05:33.194+0000] {processor.py:840} INFO - DAG(s) 'example_short_circuit_decorator' retrieved from /home/airflow/.local/lib/python3.8/site-packages/airflow/example_dags/example_short_circuit_decorator.py
[2026-04-19T00:05:33.231+0000] {logging_mixin.py:188} INFO - [2026-04-19T00:05:33.231+0000] {dag.py:3036} INFO - Sync 1 DAGs
[2026-04-19T00:05:33.261+0000] {logging_mixin.py:188} INFO - [2026-04-19T00:05:33.261+0000] {dag.py:3823} INFO - Setting next_dagrun for example_short_circuit_decorator to 2026-04-18 00:00:00+00:00, run_after=2026-04-19 00:00:00+00:00
[2026-04-19T00:05:33.286+0000] {processor.py:183} INFO - Processing /home/airflow/.local/lib/python3.8/site-packages/airflow/example_dags/example_short_circuit_decorator.py took 0.116 seconds
[2026-04-19T00:06:03.631+0000] {processor.py:161} INFO - Started process (PID=10722) to work on /home/airflow/.local/lib/python3.8/site-packages/airflow/example_dags/example_short_circuit_decorator.py
[2026-04-19T00:06:03.632+0000] {processor.py:830} INFO - Processing file /home/airflow/.local/lib/python3.8/site-packages/airflow/example_dags/example_short_circuit_decorator.py for tasks to queue
[2026-04-19T00:06:03.635+0000] {logging_mixin.py:188} INFO - [2026-04-19T00:06:03.635+0000] {dagbag.py:538} INFO - Filling up the DagBag from /home/airflow/.local/lib/python3.8/site-packages/airflow/example_dags/example_short_circuit_decorator.py
[2026-04-19T00:06:03.649+0000] {processor.py:840} INFO - DAG(s) 'example_short_circuit_decorator' retrieved from /home/airflow/.local/lib/python3.8/site-packages/airflow/example_dags/example_short_circuit_decorator.py
[2026-04-19T00:06:03.683+0000] {logging_mixin.py:188} INFO - [2026-04-19T00:06:03.682+0000] {dag.py:3036} INFO - Sync 1 DAGs
[2026-04-19T00:06:03.714+0000] {logging_mixin.py:188} INFO - [2026-04-19T00:06:03.714+0000] {dag.py:3823} INFO - Setting next_dagrun for example_short_circuit_decorator to 2026-04-18 00:00:00+00:00, run_after=2026-04-19 00:00:00+00:00
[2026-04-19T00:06:03.738+0000] {processor.py:183} INFO - Processing /home/airflow/.local/lib/python3.8/site-packages/airflow/example_dags/example_short_circuit_decorator.py took 0.114 seconds
[2026-04-19T00:06:33.854+0000] {processor.py:161} INFO - Started process (PID=10777) to work on /home/airflow/.local/lib/python3.8/site-packages/airflow/example_dags/example_short_circuit_decorator.py
[2026-04-19T00:06:33.855+0000] {processor.py:830} INFO - Processing file /home/airflow/.local/lib/python3.8/site-packages/airflow/example_dags/example_short_circuit_decorator.py for tasks to queue
[2026-04-19T00:06:33.858+0000] {logging_mixin.py:188} INFO - [2026-04-19T00:06:33.858+0000] {dagbag.py:538} INFO - Filling up the DagBag from /home/airflow/.local/lib/python3.8/site-packages/airflow/example_dags/example_short_circuit_decorator.py
[2026-04-19T00:06:33.872+0000] {processor.py:840} INFO - DAG(s) 'example_short_circuit_decorator' retrieved from /home/airflow/.local/lib/python3.8/site-packages/airflow/example_dags/example_short_circuit_decorator.py
[2026-04-19T00:06:33.907+0000] {logging_mixin.py:188} INFO - [2026-04-19T00:06:33.906+0000] {dag.py:3036} INFO - Sync 1 DAGs
[2026-04-19T00:06:33.938+0000] {logging_mixin.py:188} INFO - [2026-04-19T00:06:33.938+0000] {dag.py:3823} INFO - Setting next_dagrun for example_short_circuit_decorator to 2026-04-18 00:00:00+00:00, run_after=2026-04-19 00:00:00+00:00
[2026-04-19T00:06:33.965+0000] {processor.py:183} INFO - Processing /home/airflow/.local/lib/python3.8/site-packages/airflow/example_dags/example_short_circuit_decorator.py took 0.117 seconds
[2026-04-19T00:07:04.259+0000] {processor.py:161} INFO - Started process (PID=10832) to work on /home/airflow/.local/lib/python3.8/site-packages/airflow/example_dags/example_short_circuit_decorator.py
[2026-04-19T00:07:04.260+0000] {processor.py:830} INFO - Processing file /home/airflow/.local/lib/python3.8/site-packages/airflow/example_dags/example_short_circuit_decorator.py for tasks to queue
[2026-04-19T00:07:04.264+0000] {logging_mixin.py:188} INFO - [2026-04-19T00:07:04.263+0000] {dagbag.py:538} INFO - Filling up the DagBag from /home/airflow/.local/lib/python3.8/site-packages/airflow/example_dags/example_short_circuit_decorator.py
[2026-04-19T00:07:04.279+0000] {processor.py:840} INFO - DAG(s) 'example_short_circuit_decorator' retrieved from /home/airflow/.local/lib/python3.8/site-packages/airflow/example_dags/example_short_circuit_decorator.py
[2026-04-19T00:07:04.315+0000] {logging_mixin.py:188} INFO - [2026-04-19T00:07:04.315+0000] {dag.py:3036} INFO - Sync 1 DAGs
[2026-04-19T00:07:04.355+0000] {logging_mixin.py:188} INFO - [2026-04-19T00:07:04.354+0000] {dag.py:3823} INFO - Setting next_dagrun for example_short_circuit_decorator to 2026-04-18 00:00:00+00:00, run_after=2026-04-19 00:00:00+00:00
[2026-04-19T00:07:04.388+0000] {processor.py:183} INFO - Processing /home/airflow/.local/lib/python3.8/site-packages/airflow/example_dags/example_short_circuit_decorator.py took 0.135 seconds
[2026-04-19T00:07:34.547+0000] {processor.py:161} INFO - Started process (PID=10887) to work on /home/airflow/.local/lib/python3.8/site-packages/airflow/example_dags/example_short_circuit_decorator.py
[2026-04-19T00:07:34.548+0000] {processor.py:830} INFO - Processing file /home/airflow/.local/lib/python3.8/site-packages/airflow/example_dags/example_short_circuit_decorator.py for tasks to queue
[2026-04-19T00:07:34.550+0000] {logging_mixin.py:188} INFO - [2026-04-19T00:07:34.550+0000] {dagbag.py:538} INFO - Filling up the DagBag from /home/airflow/.local/lib/python3.8/site-packages/airflow/example_dags/example_short_circuit_decorator.py
[2026-04-19T00:07:34.562+0000] {processor.py:840} INFO - DAG(s) 'example_short_circuit_decorator' retrieved from /home/airflow/.local/lib/python3.8/site-packages/airflow/example_dags/example_short_circuit_decorator.py
[2026-04-19T00:07:34.594+0000] {logging_mixin.py:188} INFO - [2026-04-19T00:07:34.593+0000] {dag.py:3036} INFO - Sync 1 DAGs
[2026-04-19T00:07:34.623+0000] {logging_mixin.py:188} INFO - [2026-04-19T00:07:34.623+0000] {dag.py:3823} INFO - Setting next_dagrun for example_short_circuit_decorator to 2026-04-18 00:00:00+00:00, run_after=2026-04-19 00:00:00+00:00
[2026-04-19T00:07:34.645+0000] {processor.py:183} INFO - Processing /home/airflow/.local/lib/python3.8/site-packages/airflow/example_dags/example_short_circuit_decorator.py took 0.102 seconds
[2026-04-19T00:08:04.679+0000] {processor.py:161} INFO - Started process (PID=10942) to work on /home/airflow/.local/lib/python3.8/site-packages/airflow/example_dags/example_short_circuit_decorator.py
[2026-04-19T00:08:04.680+0000] {processor.py:830} INFO - Processing file /home/airflow/.local/lib/python3.8/site-packages/airflow/example_dags/example_short_circuit_decorator.py for tasks to queue
[2026-04-19T00:08:04.682+0000] {logging_mixin.py:188} INFO - [2026-04-19T00:08:04.682+0000] {dagbag.py:538} INFO - Filling up the DagBag from /home/airflow/.local/lib/python3.8/site-packages/airflow/example_dags/example_short_circuit_decorator.py
[2026-04-19T00:08:04.691+0000] {processor.py:840} INFO - DAG(s) 'example_short_circuit_decorator' retrieved from /home/airflow/.local/lib/python3.8/site-packages/airflow/example_dags/example_short_circuit_decorator.py
[2026-04-19T00:08:04.713+0000] {logging_mixin.py:188} INFO - [2026-04-19T00:08:04.713+0000] {dag.py:3036} INFO - Sync 1 DAGs
[2026-04-19T00:08:04.734+0000] {logging_mixin.py:188} INFO - [2026-04-19T00:08:04.734+0000] {dag.py:3823} INFO - Setting next_dagrun for example_short_circuit_decorator to 2026-04-18 00:00:00+00:00, run_after=2026-04-19 00:00:00+00:00
[2026-04-19T00:08:04.750+0000] {processor.py:183} INFO - Processing /home/airflow/.local/lib/python3.8/site-packages/airflow/example_dags/example_short_circuit_decorator.py took 0.074 seconds
[2026-04-19T00:08:35.222+0000] {processor.py:161} INFO - Started process (PID=10997) to work on /home/airflow/.local/lib/python3.8/site-packages/airflow/example_dags/example_short_circuit_decorator.py
[2026-04-19T00:08:35.223+0000] {processor.py:830} INFO - Processing file /home/airflow/.local/lib/python3.8/site-packages/airflow/example_dags/example_short_circuit_decorator.py for tasks to queue
[2026-04-19T00:08:35.225+0000] {logging_mixin.py:188} INFO - [2026-04-19T00:08:35.225+0000] {dagbag.py:538} INFO - Filling up the DagBag from /home/airflow/.local/lib/python3.8/site-packages/airflow/example_dags/example_short_circuit_decorator.py
[2026-04-19T00:08:35.238+0000] {processor.py:840} INFO - DAG(s) 'example_short_circuit_decorator' retrieved from /home/airflow/.local/lib/python3.8/site-packages/airflow/example_dags/example_short_circuit_decorator.py
[2026-04-19T00:08:35.272+0000] {logging_mixin.py:188} INFO - [2026-04-19T00:08:35.272+0000] {dag.py:3036} INFO - Sync 1 DAGs
[2026-04-19T00:08:35.306+0000] {logging_mixin.py:188} INFO - [2026-04-19T00:08:35.306+0000] {dag.py:3823} INFO - Setting next_dagrun for example_short_circuit_decorator to 2026-04-18 00:00:00+00:00, run_after=2026-04-19 00:00:00+00:00
[2026-04-19T00:08:35.331+0000] {processor.py:183} INFO - Processing /home/airflow/.local/lib/python3.8/site-packages/airflow/example_dags/example_short_circuit_decorator.py took 0.115 seconds
[2026-04-19T00:09:05.443+0000] {processor.py:161} INFO - Started process (PID=11052) to work on /home/airflow/.local/lib/python3.8/site-packages/airflow/example_dags/example_short_circuit_decorator.py
[2026-04-19T00:09:05.444+0000] {processor.py:830} INFO - Processing file /home/airflow/.local/lib/python3.8/site-packages/airflow/example_dags/example_short_circuit_decorator.py for tasks to queue
[2026-04-19T00:09:05.447+0000] {logging_mixin.py:188} INFO - [2026-04-19T00:09:05.446+0000] {dagbag.py:538} INFO - Filling up the DagBag from /home/airflow/.local/lib/python3.8/site-packages/airflow/example_dags/example_short_circuit_decorator.py
[2026-04-19T00:09:05.460+0000] {processor.py:840} INFO - DAG(s) 'example_short_circuit_decorator' retrieved from /home/airflow/.local/lib/python3.8/site-packages/airflow/example_dags/example_short_circuit_decorator.py
[2026-04-19T00:09:05.497+0000] {logging_mixin.py:188} INFO - [2026-04-19T00:09:05.497+0000] {dag.py:3036} INFO - Sync 1 DAGs
[2026-04-19T00:09:05.529+0000] {logging_mixin.py:188} INFO - [2026-04-19T00:09:05.529+0000] {dag.py:3823} INFO - Setting next_dagrun for example_short_circuit_decorator to 2026-04-18 00:00:00+00:00, run_after=2026-04-19 00:00:00+00:00
[2026-04-19T00:09:05.553+0000] {processor.py:183} INFO - Processing /home/airflow/.local/lib/python3.8/site-packages/airflow/example_dags/example_short_circuit_decorator.py took 0.116 seconds
[2026-04-19T00:09:36.009+0000] {processor.py:161} INFO - Started process (PID=11107) to work on /home/airflow/.local/lib/python3.8/site-packages/airflow/example_dags/example_short_circuit_decorator.py
[2026-04-19T00:09:36.010+0000] {processor.py:830} INFO - Processing file /home/airflow/.local/lib/python3.8/site-packages/airflow/example_dags/example_short_circuit_decorator.py for tasks to queue
[2026-04-19T00:09:36.013+0000] {logging_mixin.py:188} INFO - [2026-04-19T00:09:36.012+0000] {dagbag.py:538} INFO - Filling up the DagBag from /home/airflow/.local/lib/python3.8/site-packages/airflow/example_dags/example_short_circuit_decorator.py
[2026-04-19T00:09:36.026+0000] {processor.py:840} INFO - DAG(s) 'example_short_circuit_decorator' retrieved from /home/airflow/.local/lib/python3.8/site-packages/airflow/example_dags/example_short_circuit_decorator.py
[2026-04-19T00:09:36.060+0000] {logging_mixin.py:188} INFO - [2026-04-19T00:09:36.060+0000] {dag.py:3036} INFO - Sync 1 DAGs
[2026-04-19T00:09:36.092+0000] {logging_mixin.py:188} INFO - [2026-04-19T00:09:36.091+0000] {dag.py:3823} INFO - Setting next_dagrun for example_short_circuit_decorator to 2026-04-18 00:00:00+00:00, run_after=2026-04-19 00:00:00+00:00
[2026-04-19T00:09:36.114+0000] {processor.py:183} INFO - Processing /home/airflow/.local/lib/python3.8/site-packages/airflow/example_dags/example_short_circuit_decorator.py took 0.110 seconds
[2026-04-19T00:10:06.568+0000] {processor.py:161} INFO - Started process (PID=11162) to work on /home/airflow/.local/lib/python3.8/site-packages/airflow/example_dags/example_short_circuit_decorator.py
[2026-04-19T00:10:06.569+0000] {processor.py:830} INFO - Processing file /home/airflow/.local/lib/python3.8/site-packages/airflow/example_dags/example_short_circuit_decorator.py for tasks to queue
[2026-04-19T00:10:06.572+0000] {logging_mixin.py:188} INFO - [2026-04-19T00:10:06.571+0000] {dagbag.py:538} INFO - Filling up the DagBag from /home/airflow/.local/lib/python3.8/site-packages/airflow/example_dags/example_short_circuit_decorator.py
[2026-04-19T00:10:06.584+0000] {processor.py:840} INFO - DAG(s) 'example_short_circuit_decorator' retrieved from /home/airflow/.local/lib/python3.8/site-packages/airflow/example_dags/example_short_circuit_decorator.py
[2026-04-19T00:10:06.618+0000] {logging_mixin.py:188} INFO - [2026-04-19T00:10:06.618+0000] {dag.py:3036} INFO - Sync 1 DAGs
[2026-04-19T00:10:06.648+0000] {logging_mixin.py:188} INFO - [2026-04-19T00:10:06.648+0000] {dag.py:3823} INFO - Setting next_dagrun for example_short_circuit_decorator to 2026-04-18 00:00:00+00:00, run_after=2026-04-19 00:00:00+00:00
[2026-04-19T00:10:06.672+0000] {processor.py:183} INFO - Processing /home/airflow/.local/lib/python3.8/site-packages/airflow/example_dags/example_short_circuit_decorator.py took 0.109 seconds
[2026-04-19T00:10:36.931+0000] {processor.py:161} INFO - Started process (PID=11217) to work on /home/airflow/.local/lib/python3.8/site-packages/airflow/example_dags/example_short_circuit_decorator.py
[2026-04-19T00:10:36.933+0000] {processor.py:830} INFO - Processing file /home/airflow/.local/lib/python3.8/site-packages/airflow/example_dags/example_short_circuit_decorator.py for tasks to queue
[2026-04-19T00:10:36.935+0000] {logging_mixin.py:188} INFO - [2026-04-19T00:10:36.935+0000] {dagbag.py:538} INFO - Filling up the DagBag from /home/airflow/.local/lib/python3.8/site-packages/airflow/example_dags/example_short_circuit_decorator.py
[2026-04-19T00:10:36.948+0000] {processor.py:840} INFO - DAG(s) 'example_short_circuit_decorator' retrieved from /home/airflow/.local/lib/python3.8/site-packages/airflow/example_dags/example_short_circuit_decorator.py
[2026-04-19T00:10:36.985+0000] {logging_mixin.py:188} INFO - [2026-04-19T00:10:36.984+0000] {dag.py:3036} INFO - Sync 1 DAGs
[2026-04-19T00:10:37.018+0000] {logging_mixin.py:188} INFO - [2026-04-19T00:10:37.017+0000] {dag.py:3823} INFO - Setting next_dagrun for example_short_circuit_decorator to 2026-04-18 00:00:00+00:00, run_after=2026-04-19 00:00:00+00:00
[2026-04-19T00:10:37.041+0000] {processor.py:183} INFO - Processing /home/airflow/.local/lib/python3.8/site-packages/airflow/example_dags/example_short_circuit_decorator.py took 0.115 seconds
[2026-04-19T00:11:07.532+0000] {processor.py:161} INFO - Started process (PID=11272) to work on /home/airflow/.local/lib/python3.8/site-packages/airflow/example_dags/example_short_circuit_decorator.py
[2026-04-19T00:11:07.534+0000] {processor.py:830} INFO - Processing file /home/airflow/.local/lib/python3.8/site-packages/airflow/example_dags/example_short_circuit_decorator.py for tasks to queue
[2026-04-19T00:11:07.537+0000] {logging_mixin.py:188} INFO - [2026-04-19T00:11:07.536+0000] {dagbag.py:538} INFO - Filling up the DagBag from /home/airflow/.local/lib/python3.8/site-packages/airflow/example_dags/example_short_circuit_decorator.py
[2026-04-19T00:11:07.550+0000] {processor.py:840} INFO - DAG(s) 'example_short_circuit_decorator' retrieved from /home/airflow/.local/lib/python3.8/site-packages/airflow/example_dags/example_short_circuit_decorator.py
[2026-04-19T00:11:07.587+0000] {logging_mixin.py:188} INFO - [2026-04-19T00:11:07.587+0000] {dag.py:3036} INFO - Sync 1 DAGs
[2026-04-19T00:11:07.621+0000] {logging_mixin.py:188} INFO - [2026-04-19T00:11:07.620+0000] {dag.py:3823} INFO - Setting next_dagrun for example_short_circuit_decorator to 2026-04-18 00:00:00+00:00, run_after=2026-04-19 00:00:00+00:00
[2026-04-19T00:11:07.645+0000] {processor.py:183} INFO - Processing /home/airflow/.local/lib/python3.8/site-packages/airflow/example_dags/example_short_circuit_decorator.py took 0.119 seconds
[2026-04-19T00:11:38.006+0000] {processor.py:161} INFO - Started process (PID=11327) to work on /home/airflow/.local/lib/python3.8/site-packages/airflow/example_dags/example_short_circuit_decorator.py
[2026-04-19T00:11:38.008+0000] {processor.py:830} INFO - Processing file /home/airflow/.local/lib/python3.8/site-packages/airflow/example_dags/example_short_circuit_decorator.py for tasks to queue
[2026-04-19T00:11:38.010+0000] {logging_mixin.py:188} INFO - [2026-04-19T00:11:38.010+0000] {dagbag.py:538} INFO - Filling up the DagBag from /home/airflow/.local/lib/python3.8/site-packages/airflow/example_dags/example_short_circuit_decorator.py
[2026-04-19T00:11:38.024+0000] {processor.py:840} INFO - DAG(s) 'example_short_circuit_decorator' retrieved from /home/airflow/.local/lib/python3.8/site-packages/airflow/example_dags/example_short_circuit_decorator.py
[2026-04-19T00:11:38.059+0000] {logging_mixin.py:188} INFO - [2026-04-19T00:11:38.059+0000] {dag.py:3036} INFO - Sync 1 DAGs
[2026-04-19T00:11:38.094+0000] {logging_mixin.py:188} INFO - [2026-04-19T00:11:38.094+0000] {dag.py:3823} INFO - Setting next_dagrun for example_short_circuit_decorator to 2026-04-18 00:00:00+00:00, run_after=2026-04-19 00:00:00+00:00
[2026-04-19T00:11:38.121+0000] {processor.py:183} INFO - Processing /home/airflow/.local/lib/python3.8/site-packages/airflow/example_dags/example_short_circuit_decorator.py took 0.121 seconds
[2026-04-19T00:12:08.344+0000] {processor.py:161} INFO - Started process (PID=11382) to work on /home/airflow/.local/lib/python3.8/site-packages/airflow/example_dags/example_short_circuit_decorator.py
[2026-04-19T00:12:08.346+0000] {processor.py:830} INFO - Processing file /home/airflow/.local/lib/python3.8/site-packages/airflow/example_dags/example_short_circuit_decorator.py for tasks to queue
[2026-04-19T00:12:08.348+0000] {logging_mixin.py:188} INFO - [2026-04-19T00:12:08.348+0000] {dagbag.py:538} INFO - Filling up the DagBag from /home/airflow/.local/lib/python3.8/site-packages/airflow/example_dags/example_short_circuit_decorator.py
[2026-04-19T00:12:08.361+0000] {processor.py:840} INFO - DAG(s) 'example_short_circuit_decorator' retrieved from /home/airflow/.local/lib/python3.8/site-packages/airflow/example_dags/example_short_circuit_decorator.py
[2026-04-19T00:12:08.397+0000] {logging_mixin.py:188} INFO - [2026-04-19T00:12:08.397+0000] {dag.py:3036} INFO - Sync 1 DAGs
[2026-04-19T00:12:08.429+0000] {logging_mixin.py:188} INFO - [2026-04-19T00:12:08.429+0000] {dag.py:3823} INFO - Setting next_dagrun for example_short_circuit_decorator to 2026-04-18 00:00:00+00:00, run_after=2026-04-19 00:00:00+00:00
[2026-04-19T00:12:08.454+0000] {processor.py:183} INFO - Processing /home/airflow/.local/lib/python3.8/site-packages/airflow/example_dags/example_short_circuit_decorator.py took 0.116 seconds
[2026-04-19T00:12:38.672+0000] {processor.py:161} INFO - Started process (PID=11437) to work on /home/airflow/.local/lib/python3.8/site-packages/airflow/example_dags/example_short_circuit_decorator.py
[2026-04-19T00:12:38.673+0000] {processor.py:830} INFO - Processing file /home/airflow/.local/lib/python3.8/site-packages/airflow/example_dags/example_short_circuit_decorator.py for tasks to queue
[2026-04-19T00:12:38.675+0000] {logging_mixin.py:188} INFO - [2026-04-19T00:12:38.675+0000] {dagbag.py:538} INFO - Filling up the DagBag from /home/airflow/.local/lib/python3.8/site-packages/airflow/example_dags/example_short_circuit_decorator.py
[2026-04-19T00:12:38.688+0000] {processor.py:840} INFO - DAG(s) 'example_short_circuit_decorator' retrieved from /home/airflow/.local/lib/python3.8/site-packages/airflow/example_dags/example_short_circuit_decorator.py
[2026-04-19T00:12:38.721+0000] {logging_mixin.py:188} INFO - [2026-04-19T00:12:38.721+0000] {dag.py:3036} INFO - Sync 1 DAGs
[2026-04-19T00:12:38.752+0000] {logging_mixin.py:188} INFO - [2026-04-19T00:12:38.751+0000] {dag.py:3823} INFO - Setting next_dagrun for example_short_circuit_decorator to 2026-04-18 00:00:00+00:00, run_after=2026-04-19 00:00:00+00:00
[2026-04-19T00:12:38.775+0000] {processor.py:183} INFO - Processing /home/airflow/.local/lib/python3.8/site-packages/airflow/example_dags/example_short_circuit_decorator.py took 0.108 seconds
[2026-04-19T00:13:09.270+0000] {processor.py:161} INFO - Started process (PID=11492) to work on /home/airflow/.local/lib/python3.8/site-packages/airflow/example_dags/example_short_circuit_decorator.py
[2026-04-19T00:13:09.272+0000] {processor.py:830} INFO - Processing file /home/airflow/.local/lib/python3.8/site-packages/airflow/example_dags/example_short_circuit_decorator.py for tasks to queue
[2026-04-19T00:13:09.274+0000] {logging_mixin.py:188} INFO - [2026-04-19T00:13:09.274+0000] {dagbag.py:538} INFO - Filling up the DagBag from /home/airflow/.local/lib/python3.8/site-packages/airflow/example_dags/example_short_circuit_decorator.py
[2026-04-19T00:13:09.288+0000] {processor.py:840} INFO - DAG(s) 'example_short_circuit_decorator' retrieved from /home/airflow/.local/lib/python3.8/site-packages/airflow/example_dags/example_short_circuit_decorator.py
[2026-04-19T00:13:09.323+0000] {logging_mixin.py:188} INFO - [2026-04-19T00:13:09.322+0000] {dag.py:3036} INFO - Sync 1 DAGs
[2026-04-19T00:13:09.356+0000] {logging_mixin.py:188} INFO - [2026-04-19T00:13:09.355+0000] {dag.py:3823} INFO - Setting next_dagrun for example_short_circuit_decorator to 2026-04-18 00:00:00+00:00, run_after=2026-04-19 00:00:00+00:00
[2026-04-19T00:13:09.382+0000] {processor.py:183} INFO - Processing /home/airflow/.local/lib/python3.8/site-packages/airflow/example_dags/example_short_circuit_decorator.py took 0.116 seconds
[2026-04-19T00:13:39.815+0000] {processor.py:161} INFO - Started process (PID=11547) to work on /home/airflow/.local/lib/python3.8/site-packages/airflow/example_dags/example_short_circuit_decorator.py
[2026-04-19T00:13:39.817+0000] {processor.py:830} INFO - Processing file /home/airflow/.local/lib/python3.8/site-packages/airflow/example_dags/example_short_circuit_decorator.py for tasks to queue
[2026-04-19T00:13:39.820+0000] {logging_mixin.py:188} INFO - [2026-04-19T00:13:39.819+0000] {dagbag.py:538} INFO - Filling up the DagBag from /home/airflow/.local/lib/python3.8/site-packages/airflow/example_dags/example_short_circuit_decorator.py
[2026-04-19T00:13:39.835+0000] {processor.py:840} INFO - DAG(s) 'example_short_circuit_decorator' retrieved from /home/airflow/.local/lib/python3.8/site-packages/airflow/example_dags/example_short_circuit_decorator.py
[2026-04-19T00:13:39.873+0000] {logging_mixin.py:188} INFO - [2026-04-19T00:13:39.873+0000] {dag.py:3036} INFO - Sync 1 DAGs
[2026-04-19T00:13:39.909+0000] {logging_mixin.py:188} INFO - [2026-04-19T00:13:39.909+0000] {dag.py:3823} INFO - Setting next_dagrun for example_short_circuit_decorator to 2026-04-18 00:00:00+00:00, run_after=2026-04-19 00:00:00+00:00
[2026-04-19T00:13:39.940+0000] {processor.py:183} INFO - Processing /home/airflow/.local/lib/python3.8/site-packages/airflow/example_dags/example_short_circuit_decorator.py took 0.130 seconds
[2026-04-19T00:14:10.104+0000] {processor.py:161} INFO - Started process (PID=11600) to work on /home/airflow/.local/lib/python3.8/site-packages/airflow/example_dags/example_short_circuit_decorator.py
[2026-04-19T00:14:10.105+0000] {processor.py:830} INFO - Processing file /home/airflow/.local/lib/python3.8/site-packages/airflow/example_dags/example_short_circuit_decorator.py for tasks to queue
[2026-04-19T00:14:10.107+0000] {logging_mixin.py:188} INFO - [2026-04-19T00:14:10.107+0000] {dagbag.py:538} INFO - Filling up the DagBag from /home/airflow/.local/lib/python3.8/site-packages/airflow/example_dags/example_short_circuit_decorator.py
[2026-04-19T00:14:10.121+0000] {processor.py:840} INFO - DAG(s) 'example_short_circuit_decorator' retrieved from /home/airflow/.local/lib/python3.8/site-packages/airflow/example_dags/example_short_circuit_decorator.py
[2026-04-19T00:14:10.157+0000] {logging_mixin.py:188} INFO - [2026-04-19T00:14:10.156+0000] {dag.py:3036} INFO - Sync 1 DAGs
[2026-04-19T00:14:10.188+0000] {logging_mixin.py:188} INFO - [2026-04-19T00:14:10.187+0000] {dag.py:3823} INFO - Setting next_dagrun for example_short_circuit_decorator to 2026-04-18 00:00:00+00:00, run_after=2026-04-19 00:00:00+00:00
[2026-04-19T00:14:10.214+0000] {processor.py:183} INFO - Processing /home/airflow/.local/lib/python3.8/site-packages/airflow/example_dags/example_short_circuit_decorator.py took 0.116 seconds
[2026-04-19T00:14:40.592+0000] {processor.py:161} INFO - Started process (PID=11655) to work on /home/airflow/.local/lib/python3.8/site-packages/airflow/example_dags/example_short_circuit_decorator.py
[2026-04-19T00:14:40.593+0000] {processor.py:830} INFO - Processing file /home/airflow/.local/lib/python3.8/site-packages/airflow/example_dags/example_short_circuit_decorator.py for tasks to queue
[2026-04-19T00:14:40.595+0000] {logging_mixin.py:188} INFO - [2026-04-19T00:14:40.595+0000] {dagbag.py:538} INFO - Filling up the DagBag from /home/airflow/.local/lib/python3.8/site-packages/airflow/example_dags/example_short_circuit_decorator.py
[2026-04-19T00:14:40.609+0000] {processor.py:840} INFO - DAG(s) 'example_short_circuit_decorator' retrieved from /home/airflow/.local/lib/python3.8/site-packages/airflow/example_dags/example_short_circuit_decorator.py
[2026-04-19T00:14:40.648+0000] {logging_mixin.py:188} INFO - [2026-04-19T00:14:40.648+0000] {dag.py:3036} INFO - Sync 1 DAGs
[2026-04-19T00:14:40.680+0000] {logging_mixin.py:188} INFO - [2026-04-19T00:14:40.680+0000] {dag.py:3823} INFO - Setting next_dagrun for example_short_circuit_decorator to 2026-04-18 00:00:00+00:00, run_after=2026-04-19 00:00:00+00:00
[2026-04-19T00:14:40.704+0000] {processor.py:183} INFO - Processing /home/airflow/.local/lib/python3.8/site-packages/airflow/example_dags/example_short_circuit_decorator.py took 0.118 seconds
[2026-04-19T00:15:11.130+0000] {processor.py:161} INFO - Started process (PID=11710) to work on /home/airflow/.local/lib/python3.8/site-packages/airflow/example_dags/example_short_circuit_decorator.py
[2026-04-19T00:15:11.132+0000] {processor.py:830} INFO - Processing file /home/airflow/.local/lib/python3.8/site-packages/airflow/example_dags/example_short_circuit_decorator.py for tasks to queue
[2026-04-19T00:15:11.134+0000] {logging_mixin.py:188} INFO - [2026-04-19T00:15:11.134+0000] {dagbag.py:538} INFO - Filling up the DagBag from /home/airflow/.local/lib/python3.8/site-packages/airflow/example_dags/example_short_circuit_decorator.py
[2026-04-19T00:15:11.149+0000] {processor.py:840} INFO - DAG(s) 'example_short_circuit_decorator' retrieved from /home/airflow/.local/lib/python3.8/site-packages/airflow/example_dags/example_short_circuit_decorator.py
[2026-04-19T00:15:11.185+0000] {logging_mixin.py:188} INFO - [2026-04-19T00:15:11.185+0000] {dag.py:3036} INFO - Sync 1 DAGs
[2026-04-19T00:15:11.219+0000] {logging_mixin.py:188} INFO - [2026-04-19T00:15:11.219+0000] {dag.py:3823} INFO - Setting next_dagrun for example_short_circuit_decorator to 2026-04-18 00:00:00+00:00, run_after=2026-04-19 00:00:00+00:00
[2026-04-19T00:15:11.246+0000] {processor.py:183} INFO - Processing /home/airflow/.local/lib/python3.8/site-packages/airflow/example_dags/example_short_circuit_decorator.py took 0.122 seconds
[2026-04-19T00:15:41.689+0000] {processor.py:161} INFO - Started process (PID=11766) to work on /home/airflow/.local/lib/python3.8/site-packages/airflow/example_dags/example_short_circuit_decorator.py
[2026-04-19T00:15:41.691+0000] {processor.py:830} INFO - Processing file /home/airflow/.local/lib/python3.8/site-packages/airflow/example_dags/example_short_circuit_decorator.py for tasks to queue
[2026-04-19T00:15:41.694+0000] {logging_mixin.py:188} INFO - [2026-04-19T00:15:41.693+0000] {dagbag.py:538} INFO - Filling up the DagBag from /home/airflow/.local/lib/python3.8/site-packages/airflow/example_dags/example_short_circuit_decorator.py
[2026-04-19T00:15:41.708+0000] {processor.py:840} INFO - DAG(s) 'example_short_circuit_decorator' retrieved from /home/airflow/.local/lib/python3.8/site-packages/airflow/example_dags/example_short_circuit_decorator.py
[2026-04-19T00:15:41.744+0000] {logging_mixin.py:188} INFO - [2026-04-19T00:15:41.744+0000] {dag.py:3036} INFO - Sync 1 DAGs
[2026-04-19T00:15:41.777+0000] {logging_mixin.py:188} INFO - [2026-04-19T00:15:41.776+0000] {dag.py:3823} INFO - Setting next_dagrun for example_short_circuit_decorator to 2026-04-18 00:00:00+00:00, run_after=2026-04-19 00:00:00+00:00
[2026-04-19T00:15:41.803+0000] {processor.py:183} INFO - Processing /home/airflow/.local/lib/python3.8/site-packages/airflow/example_dags/example_short_circuit_decorator.py took 0.120 seconds
[2026-04-19T00:16:12.318+0000] {processor.py:161} INFO - Started process (PID=11821) to work on /home/airflow/.local/lib/python3.8/site-packages/airflow/example_dags/example_short_circuit_decorator.py
[2026-04-19T00:16:12.319+0000] {processor.py:830} INFO - Processing file /home/airflow/.local/lib/python3.8/site-packages/airflow/example_dags/example_short_circuit_decorator.py for tasks to queue
[2026-04-19T00:16:12.322+0000] {logging_mixin.py:188} INFO - [2026-04-19T00:16:12.321+0000] {dagbag.py:538} INFO - Filling up the DagBag from /home/airflow/.local/lib/python3.8/site-packages/airflow/example_dags/example_short_circuit_decorator.py
[2026-04-19T00:16:12.335+0000] {processor.py:840} INFO - DAG(s) 'example_short_circuit_decorator' retrieved from /home/airflow/.local/lib/python3.8/site-packages/airflow/example_dags/example_short_circuit_decorator.py
[2026-04-19T00:16:12.371+0000] {logging_mixin.py:188} INFO - [2026-04-19T00:16:12.371+0000] {dag.py:3036} INFO - Sync 1 DAGs
[2026-04-19T00:16:12.401+0000] {logging_mixin.py:188} INFO - [2026-04-19T00:16:12.401+0000] {dag.py:3823} INFO - Setting next_dagrun for example_short_circuit_decorator to 2026-04-18 00:00:00+00:00, run_after=2026-04-19 00:00:00+00:00
[2026-04-19T00:16:12.425+0000] {processor.py:183} INFO - Processing /home/airflow/.local/lib/python3.8/site-packages/airflow/example_dags/example_short_circuit_decorator.py took 0.113 seconds
[2026-04-19T00:16:42.686+0000] {processor.py:161} INFO - Started process (PID=11876) to work on /home/airflow/.local/lib/python3.8/site-packages/airflow/example_dags/example_short_circuit_decorator.py
[2026-04-19T00:16:42.688+0000] {processor.py:830} INFO - Processing file /home/airflow/.local/lib/python3.8/site-packages/airflow/example_dags/example_short_circuit_decorator.py for tasks to queue
[2026-04-19T00:16:42.691+0000] {logging_mixin.py:188} INFO - [2026-04-19T00:16:42.690+0000] {dagbag.py:538} INFO - Filling up the DagBag from /home/airflow/.local/lib/python3.8/site-packages/airflow/example_dags/example_short_circuit_decorator.py
[2026-04-19T00:16:42.704+0000] {processor.py:840} INFO - DAG(s) 'example_short_circuit_decorator' retrieved from /home/airflow/.local/lib/python3.8/site-packages/airflow/example_dags/example_short_circuit_decorator.py
[2026-04-19T00:16:42.738+0000] {logging_mixin.py:188} INFO - [2026-04-19T00:16:42.738+0000] {dag.py:3036} INFO - Sync 1 DAGs
[2026-04-19T00:16:42.770+0000] {logging_mixin.py:188} INFO - [2026-04-19T00:16:42.770+0000] {dag.py:3823} INFO - Setting next_dagrun for example_short_circuit_decorator to 2026-04-18 00:00:00+00:00, run_after=2026-04-19 00:00:00+00:00
[2026-04-19T00:16:42.795+0000] {processor.py:183} INFO - Processing /home/airflow/.local/lib/python3.8/site-packages/airflow/example_dags/example_short_circuit_decorator.py took 0.114 seconds
[2026-04-19T00:17:13.032+0000] {processor.py:161} INFO - Started process (PID=11931) to work on /home/airflow/.local/lib/python3.8/site-packages/airflow/example_dags/example_short_circuit_decorator.py
[2026-04-19T00:17:13.034+0000] {processor.py:830} INFO - Processing file /home/airflow/.local/lib/python3.8/site-packages/airflow/example_dags/example_short_circuit_decorator.py for tasks to queue
[2026-04-19T00:17:13.036+0000] {logging_mixin.py:188} INFO - [2026-04-19T00:17:13.036+0000] {dagbag.py:538} INFO - Filling up the DagBag from /home/airflow/.local/lib/python3.8/site-packages/airflow/example_dags/example_short_circuit_decorator.py
[2026-04-19T00:17:13.049+0000] {processor.py:840} INFO - DAG(s) 'example_short_circuit_decorator' retrieved from /home/airflow/.local/lib/python3.8/site-packages/airflow/example_dags/example_short_circuit_decorator.py
[2026-04-19T00:17:13.084+0000] {logging_mixin.py:188} INFO - [2026-04-19T00:17:13.084+0000] {dag.py:3036} INFO - Sync 1 DAGs
[2026-04-19T00:17:13.117+0000] {logging_mixin.py:188} INFO - [2026-04-19T00:17:13.117+0000] {dag.py:3823} INFO - Setting next_dagrun for example_short_circuit_decorator to 2026-04-18 00:00:00+00:00, run_after=2026-04-19 00:00:00+00:00
[2026-04-19T00:17:13.141+0000] {processor.py:183} INFO - Processing /home/airflow/.local/lib/python3.8/site-packages/airflow/example_dags/example_short_circuit_decorator.py took 0.113 seconds
[2026-04-19T00:17:43.603+0000] {processor.py:161} INFO - Started process (PID=11986) to work on /home/airflow/.local/lib/python3.8/site-packages/airflow/example_dags/example_short_circuit_decorator.py
[2026-04-19T00:17:43.604+0000] {processor.py:830} INFO - Processing file /home/airflow/.local/lib/python3.8/site-packages/airflow/example_dags/example_short_circuit_decorator.py for tasks to queue
[2026-04-19T00:17:43.607+0000] {logging_mixin.py:188} INFO - [2026-04-19T00:17:43.607+0000] {dagbag.py:538} INFO - Filling up the DagBag from /home/airflow/.local/lib/python3.8/site-packages/airflow/example_dags/example_short_circuit_decorator.py
[2026-04-19T00:17:43.623+0000] {processor.py:840} INFO - DAG(s) 'example_short_circuit_decorator' retrieved from /home/airflow/.local/lib/python3.8/site-packages/airflow/example_dags/example_short_circuit_decorator.py
[2026-04-19T00:17:43.662+0000] {logging_mixin.py:188} INFO - [2026-04-19T00:17:43.661+0000] {dag.py:3036} INFO - Sync 1 DAGs
[2026-04-19T00:17:43.699+0000] {logging_mixin.py:188} INFO - [2026-04-19T00:17:43.698+0000] {dag.py:3823} INFO - Setting next_dagrun for example_short_circuit_decorator to 2026-04-18 00:00:00+00:00, run_after=2026-04-19 00:00:00+00:00
[2026-04-19T00:17:43.729+0000] {processor.py:183} INFO - Processing /home/airflow/.local/lib/python3.8/site-packages/airflow/example_dags/example_short_circuit_decorator.py took 0.131 seconds
[2026-04-19T00:18:14.118+0000] {processor.py:161} INFO - Started process (PID=12041) to work on /home/airflow/.local/lib/python3.8/site-packages/airflow/example_dags/example_short_circuit_decorator.py
[2026-04-19T00:18:14.120+0000] {processor.py:830} INFO - Processing file /home/airflow/.local/lib/python3.8/site-packages/airflow/example_dags/example_short_circuit_decorator.py for tasks to queue
[2026-04-19T00:18:14.123+0000] {logging_mixin.py:188} INFO - [2026-04-19T00:18:14.122+0000] {dagbag.py:538} INFO - Filling up the DagBag from /home/airflow/.local/lib/python3.8/site-packages/airflow/example_dags/example_short_circuit_decorator.py
[2026-04-19T00:18:14.137+0000] {processor.py:840} INFO - DAG(s) 'example_short_circuit_decorator' retrieved from /home/airflow/.local/lib/python3.8/site-packages/airflow/example_dags/example_short_circuit_decorator.py
[2026-04-19T00:18:14.173+0000] {logging_mixin.py:188} INFO - [2026-04-19T00:18:14.172+0000] {dag.py:3036} INFO - Sync 1 DAGs
[2026-04-19T00:18:14.206+0000] {logging_mixin.py:188} INFO - [2026-04-19T00:18:14.206+0000] {dag.py:3823} INFO - Setting next_dagrun for example_short_circuit_decorator to 2026-04-18 00:00:00+00:00, run_after=2026-04-19 00:00:00+00:00
[2026-04-19T00:18:14.230+0000] {processor.py:183} INFO - Processing /home/airflow/.local/lib/python3.8/site-packages/airflow/example_dags/example_short_circuit_decorator.py took 0.118 seconds
[2026-04-19T00:18:44.667+0000] {processor.py:161} INFO - Started process (PID=12096) to work on /home/airflow/.local/lib/python3.8/site-packages/airflow/example_dags/example_short_circuit_decorator.py
[2026-04-19T00:18:44.668+0000] {processor.py:830} INFO - Processing file /home/airflow/.local/lib/python3.8/site-packages/airflow/example_dags/example_short_circuit_decorator.py for tasks to queue
[2026-04-19T00:18:44.672+0000] {logging_mixin.py:188} INFO - [2026-04-19T00:18:44.672+0000] {dagbag.py:538} INFO - Filling up the DagBag from /home/airflow/.local/lib/python3.8/site-packages/airflow/example_dags/example_short_circuit_decorator.py
[2026-04-19T00:18:44.689+0000] {processor.py:840} INFO - DAG(s) 'example_short_circuit_decorator' retrieved from /home/airflow/.local/lib/python3.8/site-packages/airflow/example_dags/example_short_circuit_decorator.py
[2026-04-19T00:18:44.723+0000] {logging_mixin.py:188} INFO - [2026-04-19T00:18:44.722+0000] {dag.py:3036} INFO - Sync 1 DAGs
[2026-04-19T00:18:44.759+0000] {logging_mixin.py:188} INFO - [2026-04-19T00:18:44.758+0000] {dag.py:3823} INFO - Setting next_dagrun for example_short_circuit_decorator to 2026-04-18 00:00:00+00:00, run_after=2026-04-19 00:00:00+00:00
[2026-04-19T00:18:44.791+0000] {processor.py:183} INFO - Processing /home/airflow/.local/lib/python3.8/site-packages/airflow/example_dags/example_short_circuit_decorator.py took 0.129 seconds
[2026-04-19T00:19:15.022+0000] {processor.py:161} INFO - Started process (PID=12150) to work on /home/airflow/.local/lib/python3.8/site-packages/airflow/example_dags/example_short_circuit_decorator.py
[2026-04-19T00:19:15.024+0000] {processor.py:830} INFO - Processing file /home/airflow/.local/lib/python3.8/site-packages/airflow/example_dags/example_short_circuit_decorator.py for tasks to queue
[2026-04-19T00:19:15.026+0000] {logging_mixin.py:188} INFO - [2026-04-19T00:19:15.026+0000] {dagbag.py:538} INFO - Filling up the DagBag from /home/airflow/.local/lib/python3.8/site-packages/airflow/example_dags/example_short_circuit_decorator.py
[2026-04-19T00:19:15.039+0000] {processor.py:840} INFO - DAG(s) 'example_short_circuit_decorator' retrieved from /home/airflow/.local/lib/python3.8/site-packages/airflow/example_dags/example_short_circuit_decorator.py
[2026-04-19T00:19:15.073+0000] {logging_mixin.py:188} INFO - [2026-04-19T00:19:15.073+0000] {dag.py:3036} INFO - Sync 1 DAGs
[2026-04-19T00:19:15.106+0000] {logging_mixin.py:188} INFO - [2026-04-19T00:19:15.105+0000] {dag.py:3823} INFO - Setting next_dagrun for example_short_circuit_decorator to 2026-04-18 00:00:00+00:00, run_after=2026-04-19 00:00:00+00:00
[2026-04-19T00:19:15.130+0000] {processor.py:183} INFO - Processing /home/airflow/.local/lib/python3.8/site-packages/airflow/example_dags/example_short_circuit_decorator.py took 0.113 seconds
[2026-04-19T00:19:45.495+0000] {processor.py:161} INFO - Started process (PID=12205) to work on /home/airflow/.local/lib/python3.8/site-packages/airflow/example_dags/example_short_circuit_decorator.py
[2026-04-19T00:19:45.497+0000] {processor.py:830} INFO - Processing file /home/airflow/.local/lib/python3.8/site-packages/airflow/example_dags/example_short_circuit_decorator.py for tasks to queue
[2026-04-19T00:19:45.499+0000] {logging_mixin.py:188} INFO - [2026-04-19T00:19:45.499+0000] {dagbag.py:538} INFO - Filling up the DagBag from /home/airflow/.local/lib/python3.8/site-packages/airflow/example_dags/example_short_circuit_decorator.py
[2026-04-19T00:19:45.513+0000] {processor.py:840} INFO - DAG(s) 'example_short_circuit_decorator' retrieved from /home/airflow/.local/lib/python3.8/site-packages/airflow/example_dags/example_short_circuit_decorator.py
[2026-04-19T00:19:45.546+0000] {logging_mixin.py:188} INFO - [2026-04-19T00:19:45.545+0000] {dag.py:3036} INFO - Sync 1 DAGs
[2026-04-19T00:19:45.577+0000] {logging_mixin.py:188} INFO - [2026-04-19T00:19:45.577+0000] {dag.py:3823} INFO - Setting next_dagrun for example_short_circuit_decorator to 2026-04-18 00:00:00+00:00, run_after=2026-04-19 00:00:00+00:00
[2026-04-19T00:19:45.601+0000] {processor.py:183} INFO - Processing /home/airflow/.local/lib/python3.8/site-packages/airflow/example_dags/example_short_circuit_decorator.py took 0.111 seconds
[2026-04-19T00:20:15.883+0000] {processor.py:161} INFO - Started process (PID=12260) to work on /home/airflow/.local/lib/python3.8/site-packages/airflow/example_dags/example_short_circuit_decorator.py
[2026-04-19T00:20:15.885+0000] {processor.py:830} INFO - Processing file /home/airflow/.local/lib/python3.8/site-packages/airflow/example_dags/example_short_circuit_decorator.py for tasks to queue
[2026-04-19T00:20:15.887+0000] {logging_mixin.py:188} INFO - [2026-04-19T00:20:15.887+0000] {dagbag.py:538} INFO - Filling up the DagBag from /home/airflow/.local/lib/python3.8/site-packages/airflow/example_dags/example_short_circuit_decorator.py
[2026-04-19T00:20:15.901+0000] {processor.py:840} INFO - DAG(s) 'example_short_circuit_decorator' retrieved from /home/airflow/.local/lib/python3.8/site-packages/airflow/example_dags/example_short_circuit_decorator.py
[2026-04-19T00:20:15.935+0000] {logging_mixin.py:188} INFO - [2026-04-19T00:20:15.934+0000] {dag.py:3036} INFO - Sync 1 DAGs
[2026-04-19T00:20:15.966+0000] {logging_mixin.py:188} INFO - [2026-04-19T00:20:15.966+0000] {dag.py:3823} INFO - Setting next_dagrun for example_short_circuit_decorator to 2026-04-18 00:00:00+00:00, run_after=2026-04-19 00:00:00+00:00
[2026-04-19T00:20:15.989+0000] {processor.py:183} INFO - Processing /home/airflow/.local/lib/python3.8/site-packages/airflow/example_dags/example_short_circuit_decorator.py took 0.112 seconds
[2026-04-19T00:20:46.281+0000] {processor.py:161} INFO - Started process (PID=12315) to work on /home/airflow/.local/lib/python3.8/site-packages/airflow/example_dags/example_short_circuit_decorator.py
[2026-04-19T00:20:46.283+0000] {processor.py:830} INFO - Processing file /home/airflow/.local/lib/python3.8/site-packages/airflow/example_dags/example_short_circuit_decorator.py for tasks to queue
[2026-04-19T00:20:46.285+0000] {logging_mixin.py:188} INFO - [2026-04-19T00:20:46.285+0000] {dagbag.py:538} INFO - Filling up the DagBag from /home/airflow/.local/lib/python3.8/site-packages/airflow/example_dags/example_short_circuit_decorator.py
[2026-04-19T00:20:46.299+0000] {processor.py:840} INFO - DAG(s) 'example_short_circuit_decorator' retrieved from /home/airflow/.local/lib/python3.8/site-packages/airflow/example_dags/example_short_circuit_decorator.py
[2026-04-19T00:20:46.332+0000] {logging_mixin.py:188} INFO - [2026-04-19T00:20:46.332+0000] {dag.py:3036} INFO - Sync 1 DAGs
[2026-04-19T00:20:46.367+0000] {logging_mixin.py:188} INFO - [2026-04-19T00:20:46.367+0000] {dag.py:3823} INFO - Setting next_dagrun for example_short_circuit_decorator to 2026-04-18 00:00:00+00:00, run_after=2026-04-19 00:00:00+00:00
[2026-04-19T00:20:46.390+0000] {processor.py:183} INFO - Processing /home/airflow/.local/lib/python3.8/site-packages/airflow/example_dags/example_short_circuit_decorator.py took 0.114 seconds
[2026-04-19T00:21:16.652+0000] {processor.py:161} INFO - Started process (PID=12370) to work on /home/airflow/.local/lib/python3.8/site-packages/airflow/example_dags/example_short_circuit_decorator.py
[2026-04-19T00:21:16.653+0000] {processor.py:830} INFO - Processing file /home/airflow/.local/lib/python3.8/site-packages/airflow/example_dags/example_short_circuit_decorator.py for tasks to queue
[2026-04-19T00:21:16.655+0000] {logging_mixin.py:188} INFO - [2026-04-19T00:21:16.655+0000] {dagbag.py:538} INFO - Filling up the DagBag from /home/airflow/.local/lib/python3.8/site-packages/airflow/example_dags/example_short_circuit_decorator.py
[2026-04-19T00:21:16.668+0000] {processor.py:840} INFO - DAG(s) 'example_short_circuit_decorator' retrieved from /home/airflow/.local/lib/python3.8/site-packages/airflow/example_dags/example_short_circuit_decorator.py
[2026-04-19T00:21:16.702+0000] {logging_mixin.py:188} INFO - [2026-04-19T00:21:16.702+0000] {dag.py:3036} INFO - Sync 1 DAGs
[2026-04-19T00:21:16.733+0000] {logging_mixin.py:188} INFO - [2026-04-19T00:21:16.732+0000] {dag.py:3823} INFO - Setting next_dagrun for example_short_circuit_decorator to 2026-04-18 00:00:00+00:00, run_after=2026-04-19 00:00:00+00:00
[2026-04-19T00:21:16.756+0000] {processor.py:183} INFO - Processing /home/airflow/.local/lib/python3.8/site-packages/airflow/example_dags/example_short_circuit_decorator.py took 0.109 seconds
[2026-04-19T00:21:47.246+0000] {processor.py:161} INFO - Started process (PID=12425) to work on /home/airflow/.local/lib/python3.8/site-packages/airflow/example_dags/example_short_circuit_decorator.py
[2026-04-19T00:21:47.247+0000] {processor.py:830} INFO - Processing file /home/airflow/.local/lib/python3.8/site-packages/airflow/example_dags/example_short_circuit_decorator.py for tasks to queue
[2026-04-19T00:21:47.250+0000] {logging_mixin.py:188} INFO - [2026-04-19T00:21:47.249+0000] {dagbag.py:538} INFO - Filling up the DagBag from /home/airflow/.local/lib/python3.8/site-packages/airflow/example_dags/example_short_circuit_decorator.py
[2026-04-19T00:21:47.264+0000] {processor.py:840} INFO - DAG(s) 'example_short_circuit_decorator' retrieved from /home/airflow/.local/lib/python3.8/site-packages/airflow/example_dags/example_short_circuit_decorator.py
[2026-04-19T00:21:47.300+0000] {logging_mixin.py:188} INFO - [2026-04-19T00:21:47.299+0000] {dag.py:3036} INFO - Sync 1 DAGs
[2026-04-19T00:21:47.335+0000] {logging_mixin.py:188} INFO - [2026-04-19T00:21:47.334+0000] {dag.py:3823} INFO - Setting next_dagrun for example_short_circuit_decorator to 2026-04-18 00:00:00+00:00, run_after=2026-04-19 00:00:00+00:00
[2026-04-19T00:21:47.361+0000] {processor.py:183} INFO - Processing /home/airflow/.local/lib/python3.8/site-packages/airflow/example_dags/example_short_circuit_decorator.py took 0.120 seconds
[2026-04-19T00:22:17.472+0000] {processor.py:161} INFO - Started process (PID=12480) to work on /home/airflow/.local/lib/python3.8/site-packages/airflow/example_dags/example_short_circuit_decorator.py
[2026-04-19T00:22:17.473+0000] {processor.py:830} INFO - Processing file /home/airflow/.local/lib/python3.8/site-packages/airflow/example_dags/example_short_circuit_decorator.py for tasks to queue
[2026-04-19T00:22:17.475+0000] {logging_mixin.py:188} INFO - [2026-04-19T00:22:17.475+0000] {dagbag.py:538} INFO - Filling up the DagBag from /home/airflow/.local/lib/python3.8/site-packages/airflow/example_dags/example_short_circuit_decorator.py
[2026-04-19T00:22:17.488+0000] {processor.py:840} INFO - DAG(s) 'example_short_circuit_decorator' retrieved from /home/airflow/.local/lib/python3.8/site-packages/airflow/example_dags/example_short_circuit_decorator.py
[2026-04-19T00:22:17.523+0000] {logging_mixin.py:188} INFO - [2026-04-19T00:22:17.523+0000] {dag.py:3036} INFO - Sync 1 DAGs
[2026-04-19T00:22:17.554+0000] {logging_mixin.py:188} INFO - [2026-04-19T00:22:17.553+0000] {dag.py:3823} INFO - Setting next_dagrun for example_short_circuit_decorator to 2026-04-18 00:00:00+00:00, run_after=2026-04-19 00:00:00+00:00
[2026-04-19T00:22:17.577+0000] {processor.py:183} INFO - Processing /home/airflow/.local/lib/python3.8/site-packages/airflow/example_dags/example_short_circuit_decorator.py took 0.110 seconds
[2026-04-19T00:22:48.245+0000] {processor.py:161} INFO - Started process (PID=12535) to work on /home/airflow/.local/lib/python3.8/site-packages/airflow/example_dags/example_short_circuit_decorator.py
[2026-04-19T00:22:48.247+0000] {processor.py:830} INFO - Processing file /home/airflow/.local/lib/python3.8/site-packages/airflow/example_dags/example_short_circuit_decorator.py for tasks to queue
[2026-04-19T00:22:48.251+0000] {logging_mixin.py:188} INFO - [2026-04-19T00:22:48.251+0000] {dagbag.py:538} INFO - Filling up the DagBag from /home/airflow/.local/lib/python3.8/site-packages/airflow/example_dags/example_short_circuit_decorator.py
[2026-04-19T00:22:48.269+0000] {processor.py:840} INFO - DAG(s) 'example_short_circuit_decorator' retrieved from /home/airflow/.local/lib/python3.8/site-packages/airflow/example_dags/example_short_circuit_decorator.py
[2026-04-19T00:22:48.304+0000] {logging_mixin.py:188} INFO - [2026-04-19T00:22:48.304+0000] {dag.py:3036} INFO - Sync 1 DAGs
[2026-04-19T00:22:48.338+0000] {logging_mixin.py:188} INFO - [2026-04-19T00:22:48.337+0000] {dag.py:3823} INFO - Setting next_dagrun for example_short_circuit_decorator to 2026-04-18 00:00:00+00:00, run_after=2026-04-19 00:00:00+00:00
[2026-04-19T00:22:48.374+0000] {processor.py:183} INFO - Processing /home/airflow/.local/lib/python3.8/site-packages/airflow/example_dags/example_short_circuit_decorator.py took 0.136 seconds
[2026-04-19T00:23:18.530+0000] {processor.py:161} INFO - Started process (PID=12590) to work on /home/airflow/.local/lib/python3.8/site-packages/airflow/example_dags/example_short_circuit_decorator.py
[2026-04-19T00:23:18.532+0000] {processor.py:830} INFO - Processing file /home/airflow/.local/lib/python3.8/site-packages/airflow/example_dags/example_short_circuit_decorator.py for tasks to queue
[2026-04-19T00:23:18.535+0000] {logging_mixin.py:188} INFO - [2026-04-19T00:23:18.534+0000] {dagbag.py:538} INFO - Filling up the DagBag from /home/airflow/.local/lib/python3.8/site-packages/airflow/example_dags/example_short_circuit_decorator.py
[2026-04-19T00:23:18.549+0000] {processor.py:840} INFO - DAG(s) 'example_short_circuit_decorator' retrieved from /home/airflow/.local/lib/python3.8/site-packages/airflow/example_dags/example_short_circuit_decorator.py
[2026-04-19T00:23:18.585+0000] {logging_mixin.py:188} INFO - [2026-04-19T00:23:18.584+0000] {dag.py:3036} INFO - Sync 1 DAGs
[2026-04-19T00:23:18.625+0000] {logging_mixin.py:188} INFO - [2026-04-19T00:23:18.624+0000] {dag.py:3823} INFO - Setting next_dagrun for example_short_circuit_decorator to 2026-04-18 00:00:00+00:00, run_after=2026-04-19 00:00:00+00:00
[2026-04-19T00:23:18.656+0000] {processor.py:183} INFO - Processing /home/airflow/.local/lib/python3.8/site-packages/airflow/example_dags/example_short_circuit_decorator.py took 0.132 seconds
[2026-04-19T00:23:48.751+0000] {processor.py:161} INFO - Started process (PID=12645) to work on /home/airflow/.local/lib/python3.8/site-packages/airflow/example_dags/example_short_circuit_decorator.py
[2026-04-19T00:23:48.753+0000] {processor.py:830} INFO - Processing file /home/airflow/.local/lib/python3.8/site-packages/airflow/example_dags/example_short_circuit_decorator.py for tasks to queue
[2026-04-19T00:23:48.755+0000] {logging_mixin.py:188} INFO - [2026-04-19T00:23:48.754+0000] {dagbag.py:538} INFO - Filling up the DagBag from /home/airflow/.local/lib/python3.8/site-packages/airflow/example_dags/example_short_circuit_decorator.py
[2026-04-19T00:23:48.773+0000] {processor.py:840} INFO - DAG(s) 'example_short_circuit_decorator' retrieved from /home/airflow/.local/lib/python3.8/site-packages/airflow/example_dags/example_short_circuit_decorator.py
[2026-04-19T00:23:48.814+0000] {logging_mixin.py:188} INFO - [2026-04-19T00:23:48.814+0000] {dag.py:3036} INFO - Sync 1 DAGs
[2026-04-19T00:23:48.856+0000] {logging_mixin.py:188} INFO - [2026-04-19T00:23:48.855+0000] {dag.py:3823} INFO - Setting next_dagrun for example_short_circuit_decorator to 2026-04-18 00:00:00+00:00, run_after=2026-04-19 00:00:00+00:00
[2026-04-19T00:23:48.886+0000] {processor.py:183} INFO - Processing /home/airflow/.local/lib/python3.8/site-packages/airflow/example_dags/example_short_circuit_decorator.py took 0.139 seconds
[2026-04-19T00:24:19.000+0000] {processor.py:161} INFO - Started process (PID=12700) to work on /home/airflow/.local/lib/python3.8/site-packages/airflow/example_dags/example_short_circuit_decorator.py
[2026-04-19T00:24:19.001+0000] {processor.py:830} INFO - Processing file /home/airflow/.local/lib/python3.8/site-packages/airflow/example_dags/example_short_circuit_decorator.py for tasks to queue
[2026-04-19T00:24:19.003+0000] {logging_mixin.py:188} INFO - [2026-04-19T00:24:19.003+0000] {dagbag.py:538} INFO - Filling up the DagBag from /home/airflow/.local/lib/python3.8/site-packages/airflow/example_dags/example_short_circuit_decorator.py
[2026-04-19T00:24:19.016+0000] {processor.py:840} INFO - DAG(s) 'example_short_circuit_decorator' retrieved from /home/airflow/.local/lib/python3.8/site-packages/airflow/example_dags/example_short_circuit_decorator.py
[2026-04-19T00:24:19.048+0000] {logging_mixin.py:188} INFO - [2026-04-19T00:24:19.048+0000] {dag.py:3036} INFO - Sync 1 DAGs
[2026-04-19T00:24:19.077+0000] {logging_mixin.py:188} INFO - [2026-04-19T00:24:19.077+0000] {dag.py:3823} INFO - Setting next_dagrun for example_short_circuit_decorator to 2026-04-18 00:00:00+00:00, run_after=2026-04-19 00:00:00+00:00
[2026-04-19T00:24:19.099+0000] {processor.py:183} INFO - Processing /home/airflow/.local/lib/python3.8/site-packages/airflow/example_dags/example_short_circuit_decorator.py took 0.104 seconds
