[2026-04-19T00:00:18.683+0000] {processor.py:161} INFO - Started process (PID=10086) to work on /home/airflow/.local/lib/python3.8/site-packages/airflow/example_dags/example_sensors.py
[2026-04-19T00:00:18.684+0000] {processor.py:830} INFO - Processing file /home/airflow/.local/lib/python3.8/site-packages/airflow/example_dags/example_sensors.py for tasks to queue
[2026-04-19T00:00:18.687+0000] {logging_mixin.py:188} INFO - [2026-04-19T00:00:18.686+0000] {dagbag.py:538} INFO - Filling up the DagBag from /home/airflow/.local/lib/python3.8/site-packages/airflow/example_dags/example_sensors.py
[2026-04-19T00:00:18.699+0000] {processor.py:840} INFO - DAG(s) 'example_sensors' retrieved from /home/airflow/.local/lib/python3.8/site-packages/airflow/example_dags/example_sensors.py
[2026-04-19T00:00:18.734+0000] {logging_mixin.py:188} INFO - [2026-04-19T00:00:18.733+0000] {dag.py:3036} INFO - Sync 1 DAGs
[2026-04-19T00:00:18.750+0000] {logging_mixin.py:188} INFO - [2026-04-19T00:00:18.750+0000] {dag.py:3823} INFO - Setting next_dagrun for example_sensors to None, run_after=None
[2026-04-19T00:00:18.773+0000] {processor.py:183} INFO - Processing /home/airflow/.local/lib/python3.8/site-packages/airflow/example_dags/example_sensors.py took 0.095 seconds
[2026-04-19T00:00:49.297+0000] {processor.py:161} INFO - Started process (PID=10141) to work on /home/airflow/.local/lib/python3.8/site-packages/airflow/example_dags/example_sensors.py
[2026-04-19T00:00:49.298+0000] {processor.py:830} INFO - Processing file /home/airflow/.local/lib/python3.8/site-packages/airflow/example_dags/example_sensors.py for tasks to queue
[2026-04-19T00:00:49.300+0000] {logging_mixin.py:188} INFO - [2026-04-19T00:00:49.300+0000] {dagbag.py:538} INFO - Filling up the DagBag from /home/airflow/.local/lib/python3.8/site-packages/airflow/example_dags/example_sensors.py
[2026-04-19T00:00:49.313+0000] {processor.py:840} INFO - DAG(s) 'example_sensors' retrieved from /home/airflow/.local/lib/python3.8/site-packages/airflow/example_dags/example_sensors.py
[2026-04-19T00:00:49.351+0000] {logging_mixin.py:188} INFO - [2026-04-19T00:00:49.350+0000] {dag.py:3036} INFO - Sync 1 DAGs
[2026-04-19T00:00:49.368+0000] {logging_mixin.py:188} INFO - [2026-04-19T00:00:49.368+0000] {dag.py:3823} INFO - Setting next_dagrun for example_sensors to None, run_after=None
[2026-04-19T00:00:49.391+0000] {processor.py:183} INFO - Processing /home/airflow/.local/lib/python3.8/site-packages/airflow/example_dags/example_sensors.py took 0.100 seconds
[2026-04-19T00:01:20.145+0000] {processor.py:161} INFO - Started process (PID=10194) to work on /home/airflow/.local/lib/python3.8/site-packages/airflow/example_dags/example_sensors.py
[2026-04-19T00:01:20.146+0000] {processor.py:830} INFO - Processing file /home/airflow/.local/lib/python3.8/site-packages/airflow/example_dags/example_sensors.py for tasks to queue
[2026-04-19T00:01:20.148+0000] {logging_mixin.py:188} INFO - [2026-04-19T00:01:20.148+0000] {dagbag.py:538} INFO - Filling up the DagBag from /home/airflow/.local/lib/python3.8/site-packages/airflow/example_dags/example_sensors.py
[2026-04-19T00:01:20.160+0000] {processor.py:840} INFO - DAG(s) 'example_sensors' retrieved from /home/airflow/.local/lib/python3.8/site-packages/airflow/example_dags/example_sensors.py
[2026-04-19T00:01:20.198+0000] {logging_mixin.py:188} INFO - [2026-04-19T00:01:20.197+0000] {dag.py:3036} INFO - Sync 1 DAGs
[2026-04-19T00:01:20.216+0000] {logging_mixin.py:188} INFO - [2026-04-19T00:01:20.216+0000] {dag.py:3823} INFO - Setting next_dagrun for example_sensors to None, run_after=None
[2026-04-19T00:01:20.240+0000] {processor.py:183} INFO - Processing /home/airflow/.local/lib/python3.8/site-packages/airflow/example_dags/example_sensors.py took 0.099 seconds
[2026-04-19T00:01:50.616+0000] {processor.py:161} INFO - Started process (PID=10249) to work on /home/airflow/.local/lib/python3.8/site-packages/airflow/example_dags/example_sensors.py
[2026-04-19T00:01:50.617+0000] {processor.py:830} INFO - Processing file /home/airflow/.local/lib/python3.8/site-packages/airflow/example_dags/example_sensors.py for tasks to queue
[2026-04-19T00:01:50.620+0000] {logging_mixin.py:188} INFO - [2026-04-19T00:01:50.619+0000] {dagbag.py:538} INFO - Filling up the DagBag from /home/airflow/.local/lib/python3.8/site-packages/airflow/example_dags/example_sensors.py
[2026-04-19T00:01:50.631+0000] {processor.py:840} INFO - DAG(s) 'example_sensors' retrieved from /home/airflow/.local/lib/python3.8/site-packages/airflow/example_dags/example_sensors.py
[2026-04-19T00:01:50.664+0000] {logging_mixin.py:188} INFO - [2026-04-19T00:01:50.664+0000] {dag.py:3036} INFO - Sync 1 DAGs
[2026-04-19T00:01:50.680+0000] {logging_mixin.py:188} INFO - [2026-04-19T00:01:50.680+0000] {dag.py:3823} INFO - Setting next_dagrun for example_sensors to None, run_after=None
[2026-04-19T00:01:50.703+0000] {processor.py:183} INFO - Processing /home/airflow/.local/lib/python3.8/site-packages/airflow/example_dags/example_sensors.py took 0.092 seconds
[2026-04-19T00:02:20.903+0000] {processor.py:161} INFO - Started process (PID=10304) to work on /home/airflow/.local/lib/python3.8/site-packages/airflow/example_dags/example_sensors.py
[2026-04-19T00:02:20.905+0000] {processor.py:830} INFO - Processing file /home/airflow/.local/lib/python3.8/site-packages/airflow/example_dags/example_sensors.py for tasks to queue
[2026-04-19T00:02:20.907+0000] {logging_mixin.py:188} INFO - [2026-04-19T00:02:20.906+0000] {dagbag.py:538} INFO - Filling up the DagBag from /home/airflow/.local/lib/python3.8/site-packages/airflow/example_dags/example_sensors.py
[2026-04-19T00:02:20.918+0000] {processor.py:840} INFO - DAG(s) 'example_sensors' retrieved from /home/airflow/.local/lib/python3.8/site-packages/airflow/example_dags/example_sensors.py
[2026-04-19T00:02:20.956+0000] {logging_mixin.py:188} INFO - [2026-04-19T00:02:20.955+0000] {dag.py:3036} INFO - Sync 1 DAGs
[2026-04-19T00:02:20.975+0000] {logging_mixin.py:188} INFO - [2026-04-19T00:02:20.975+0000] {dag.py:3823} INFO - Setting next_dagrun for example_sensors to None, run_after=None
[2026-04-19T00:02:21.002+0000] {processor.py:183} INFO - Processing /home/airflow/.local/lib/python3.8/site-packages/airflow/example_dags/example_sensors.py took 0.103 seconds
[2026-04-19T00:02:51.050+0000] {processor.py:161} INFO - Started process (PID=10359) to work on /home/airflow/.local/lib/python3.8/site-packages/airflow/example_dags/example_sensors.py
[2026-04-19T00:02:51.052+0000] {processor.py:830} INFO - Processing file /home/airflow/.local/lib/python3.8/site-packages/airflow/example_dags/example_sensors.py for tasks to queue
[2026-04-19T00:02:51.054+0000] {logging_mixin.py:188} INFO - [2026-04-19T00:02:51.054+0000] {dagbag.py:538} INFO - Filling up the DagBag from /home/airflow/.local/lib/python3.8/site-packages/airflow/example_dags/example_sensors.py
[2026-04-19T00:02:51.067+0000] {processor.py:840} INFO - DAG(s) 'example_sensors' retrieved from /home/airflow/.local/lib/python3.8/site-packages/airflow/example_dags/example_sensors.py
[2026-04-19T00:02:51.102+0000] {logging_mixin.py:188} INFO - [2026-04-19T00:02:51.102+0000] {dag.py:3036} INFO - Sync 1 DAGs
[2026-04-19T00:02:51.119+0000] {logging_mixin.py:188} INFO - [2026-04-19T00:02:51.118+0000] {dag.py:3823} INFO - Setting next_dagrun for example_sensors to None, run_after=None
[2026-04-19T00:02:51.141+0000] {processor.py:183} INFO - Processing /home/airflow/.local/lib/python3.8/site-packages/airflow/example_dags/example_sensors.py took 0.096 seconds
[2026-04-19T00:03:21.522+0000] {processor.py:161} INFO - Started process (PID=10414) to work on /home/airflow/.local/lib/python3.8/site-packages/airflow/example_dags/example_sensors.py
[2026-04-19T00:03:21.523+0000] {processor.py:830} INFO - Processing file /home/airflow/.local/lib/python3.8/site-packages/airflow/example_dags/example_sensors.py for tasks to queue
[2026-04-19T00:03:21.526+0000] {logging_mixin.py:188} INFO - [2026-04-19T00:03:21.525+0000] {dagbag.py:538} INFO - Filling up the DagBag from /home/airflow/.local/lib/python3.8/site-packages/airflow/example_dags/example_sensors.py
[2026-04-19T00:03:21.538+0000] {processor.py:840} INFO - DAG(s) 'example_sensors' retrieved from /home/airflow/.local/lib/python3.8/site-packages/airflow/example_dags/example_sensors.py
[2026-04-19T00:03:21.573+0000] {logging_mixin.py:188} INFO - [2026-04-19T00:03:21.573+0000] {dag.py:3036} INFO - Sync 1 DAGs
[2026-04-19T00:03:21.590+0000] {logging_mixin.py:188} INFO - [2026-04-19T00:03:21.590+0000] {dag.py:3823} INFO - Setting next_dagrun for example_sensors to None, run_after=None
[2026-04-19T00:03:21.615+0000] {processor.py:183} INFO - Processing /home/airflow/.local/lib/python3.8/site-packages/airflow/example_dags/example_sensors.py took 0.097 seconds
[2026-04-19T00:03:51.782+0000] {processor.py:161} INFO - Started process (PID=10469) to work on /home/airflow/.local/lib/python3.8/site-packages/airflow/example_dags/example_sensors.py
[2026-04-19T00:03:51.783+0000] {processor.py:830} INFO - Processing file /home/airflow/.local/lib/python3.8/site-packages/airflow/example_dags/example_sensors.py for tasks to queue
[2026-04-19T00:03:51.785+0000] {logging_mixin.py:188} INFO - [2026-04-19T00:03:51.785+0000] {dagbag.py:538} INFO - Filling up the DagBag from /home/airflow/.local/lib/python3.8/site-packages/airflow/example_dags/example_sensors.py
[2026-04-19T00:03:51.799+0000] {processor.py:840} INFO - DAG(s) 'example_sensors' retrieved from /home/airflow/.local/lib/python3.8/site-packages/airflow/example_dags/example_sensors.py
[2026-04-19T00:03:51.839+0000] {logging_mixin.py:188} INFO - [2026-04-19T00:03:51.839+0000] {dag.py:3036} INFO - Sync 1 DAGs
[2026-04-19T00:03:51.856+0000] {logging_mixin.py:188} INFO - [2026-04-19T00:03:51.856+0000] {dag.py:3823} INFO - Setting next_dagrun for example_sensors to None, run_after=None
[2026-04-19T00:03:51.881+0000] {processor.py:183} INFO - Processing /home/airflow/.local/lib/python3.8/site-packages/airflow/example_dags/example_sensors.py took 0.105 seconds
[2026-04-19T00:04:22.318+0000] {processor.py:161} INFO - Started process (PID=10524) to work on /home/airflow/.local/lib/python3.8/site-packages/airflow/example_dags/example_sensors.py
[2026-04-19T00:04:22.319+0000] {processor.py:830} INFO - Processing file /home/airflow/.local/lib/python3.8/site-packages/airflow/example_dags/example_sensors.py for tasks to queue
[2026-04-19T00:04:22.322+0000] {logging_mixin.py:188} INFO - [2026-04-19T00:04:22.321+0000] {dagbag.py:538} INFO - Filling up the DagBag from /home/airflow/.local/lib/python3.8/site-packages/airflow/example_dags/example_sensors.py
[2026-04-19T00:04:22.335+0000] {processor.py:840} INFO - DAG(s) 'example_sensors' retrieved from /home/airflow/.local/lib/python3.8/site-packages/airflow/example_dags/example_sensors.py
[2026-04-19T00:04:22.375+0000] {logging_mixin.py:188} INFO - [2026-04-19T00:04:22.375+0000] {dag.py:3036} INFO - Sync 1 DAGs
[2026-04-19T00:04:22.392+0000] {logging_mixin.py:188} INFO - [2026-04-19T00:04:22.392+0000] {dag.py:3823} INFO - Setting next_dagrun for example_sensors to None, run_after=None
[2026-04-19T00:04:22.417+0000] {processor.py:183} INFO - Processing /home/airflow/.local/lib/python3.8/site-packages/airflow/example_dags/example_sensors.py took 0.104 seconds
[2026-04-19T00:04:52.680+0000] {processor.py:161} INFO - Started process (PID=10579) to work on /home/airflow/.local/lib/python3.8/site-packages/airflow/example_dags/example_sensors.py
[2026-04-19T00:04:52.681+0000] {processor.py:830} INFO - Processing file /home/airflow/.local/lib/python3.8/site-packages/airflow/example_dags/example_sensors.py for tasks to queue
[2026-04-19T00:04:52.683+0000] {logging_mixin.py:188} INFO - [2026-04-19T00:04:52.683+0000] {dagbag.py:538} INFO - Filling up the DagBag from /home/airflow/.local/lib/python3.8/site-packages/airflow/example_dags/example_sensors.py
[2026-04-19T00:04:52.696+0000] {processor.py:840} INFO - DAG(s) 'example_sensors' retrieved from /home/airflow/.local/lib/python3.8/site-packages/airflow/example_dags/example_sensors.py
[2026-04-19T00:04:52.736+0000] {logging_mixin.py:188} INFO - [2026-04-19T00:04:52.735+0000] {dag.py:3036} INFO - Sync 1 DAGs
[2026-04-19T00:04:52.756+0000] {logging_mixin.py:188} INFO - [2026-04-19T00:04:52.755+0000] {dag.py:3823} INFO - Setting next_dagrun for example_sensors to None, run_after=None
[2026-04-19T00:04:52.782+0000] {processor.py:183} INFO - Processing /home/airflow/.local/lib/python3.8/site-packages/airflow/example_dags/example_sensors.py took 0.107 seconds
[2026-04-19T00:05:23.031+0000] {processor.py:161} INFO - Started process (PID=10634) to work on /home/airflow/.local/lib/python3.8/site-packages/airflow/example_dags/example_sensors.py
[2026-04-19T00:05:23.033+0000] {processor.py:830} INFO - Processing file /home/airflow/.local/lib/python3.8/site-packages/airflow/example_dags/example_sensors.py for tasks to queue
[2026-04-19T00:05:23.035+0000] {logging_mixin.py:188} INFO - [2026-04-19T00:05:23.035+0000] {dagbag.py:538} INFO - Filling up the DagBag from /home/airflow/.local/lib/python3.8/site-packages/airflow/example_dags/example_sensors.py
[2026-04-19T00:05:23.047+0000] {processor.py:840} INFO - DAG(s) 'example_sensors' retrieved from /home/airflow/.local/lib/python3.8/site-packages/airflow/example_dags/example_sensors.py
[2026-04-19T00:05:23.087+0000] {logging_mixin.py:188} INFO - [2026-04-19T00:05:23.086+0000] {dag.py:3036} INFO - Sync 1 DAGs
[2026-04-19T00:05:23.106+0000] {logging_mixin.py:188} INFO - [2026-04-19T00:05:23.105+0000] {dag.py:3823} INFO - Setting next_dagrun for example_sensors to None, run_after=None
[2026-04-19T00:05:23.129+0000] {processor.py:183} INFO - Processing /home/airflow/.local/lib/python3.8/site-packages/airflow/example_dags/example_sensors.py took 0.103 seconds
[2026-04-19T00:05:53.388+0000] {processor.py:161} INFO - Started process (PID=10689) to work on /home/airflow/.local/lib/python3.8/site-packages/airflow/example_dags/example_sensors.py
[2026-04-19T00:05:53.389+0000] {processor.py:830} INFO - Processing file /home/airflow/.local/lib/python3.8/site-packages/airflow/example_dags/example_sensors.py for tasks to queue
[2026-04-19T00:05:53.391+0000] {logging_mixin.py:188} INFO - [2026-04-19T00:05:53.391+0000] {dagbag.py:538} INFO - Filling up the DagBag from /home/airflow/.local/lib/python3.8/site-packages/airflow/example_dags/example_sensors.py
[2026-04-19T00:05:53.403+0000] {processor.py:840} INFO - DAG(s) 'example_sensors' retrieved from /home/airflow/.local/lib/python3.8/site-packages/airflow/example_dags/example_sensors.py
[2026-04-19T00:05:53.437+0000] {logging_mixin.py:188} INFO - [2026-04-19T00:05:53.436+0000] {dag.py:3036} INFO - Sync 1 DAGs
[2026-04-19T00:05:53.454+0000] {logging_mixin.py:188} INFO - [2026-04-19T00:05:53.453+0000] {dag.py:3823} INFO - Setting next_dagrun for example_sensors to None, run_after=None
[2026-04-19T00:05:53.477+0000] {processor.py:183} INFO - Processing /home/airflow/.local/lib/python3.8/site-packages/airflow/example_dags/example_sensors.py took 0.093 seconds
[2026-04-19T00:06:23.906+0000] {processor.py:161} INFO - Started process (PID=10744) to work on /home/airflow/.local/lib/python3.8/site-packages/airflow/example_dags/example_sensors.py
[2026-04-19T00:06:23.907+0000] {processor.py:830} INFO - Processing file /home/airflow/.local/lib/python3.8/site-packages/airflow/example_dags/example_sensors.py for tasks to queue
[2026-04-19T00:06:23.910+0000] {logging_mixin.py:188} INFO - [2026-04-19T00:06:23.909+0000] {dagbag.py:538} INFO - Filling up the DagBag from /home/airflow/.local/lib/python3.8/site-packages/airflow/example_dags/example_sensors.py
[2026-04-19T00:06:23.922+0000] {processor.py:840} INFO - DAG(s) 'example_sensors' retrieved from /home/airflow/.local/lib/python3.8/site-packages/airflow/example_dags/example_sensors.py
[2026-04-19T00:06:23.963+0000] {logging_mixin.py:188} INFO - [2026-04-19T00:06:23.962+0000] {dag.py:3036} INFO - Sync 1 DAGs
[2026-04-19T00:06:23.981+0000] {logging_mixin.py:188} INFO - [2026-04-19T00:06:23.980+0000] {dag.py:3823} INFO - Setting next_dagrun for example_sensors to None, run_after=None
[2026-04-19T00:06:24.011+0000] {processor.py:183} INFO - Processing /home/airflow/.local/lib/python3.8/site-packages/airflow/example_dags/example_sensors.py took 0.110 seconds
[2026-04-19T00:06:54.074+0000] {processor.py:161} INFO - Started process (PID=10799) to work on /home/airflow/.local/lib/python3.8/site-packages/airflow/example_dags/example_sensors.py
[2026-04-19T00:06:54.075+0000] {processor.py:830} INFO - Processing file /home/airflow/.local/lib/python3.8/site-packages/airflow/example_dags/example_sensors.py for tasks to queue
[2026-04-19T00:06:54.077+0000] {logging_mixin.py:188} INFO - [2026-04-19T00:06:54.077+0000] {dagbag.py:538} INFO - Filling up the DagBag from /home/airflow/.local/lib/python3.8/site-packages/airflow/example_dags/example_sensors.py
[2026-04-19T00:06:54.089+0000] {processor.py:840} INFO - DAG(s) 'example_sensors' retrieved from /home/airflow/.local/lib/python3.8/site-packages/airflow/example_dags/example_sensors.py
[2026-04-19T00:06:54.129+0000] {logging_mixin.py:188} INFO - [2026-04-19T00:06:54.128+0000] {dag.py:3036} INFO - Sync 1 DAGs
[2026-04-19T00:06:54.145+0000] {logging_mixin.py:188} INFO - [2026-04-19T00:06:54.145+0000] {dag.py:3823} INFO - Setting next_dagrun for example_sensors to None, run_after=None
[2026-04-19T00:06:54.169+0000] {processor.py:183} INFO - Processing /home/airflow/.local/lib/python3.8/site-packages/airflow/example_dags/example_sensors.py took 0.100 seconds
[2026-04-19T00:07:24.437+0000] {processor.py:161} INFO - Started process (PID=10854) to work on /home/airflow/.local/lib/python3.8/site-packages/airflow/example_dags/example_sensors.py
[2026-04-19T00:07:24.438+0000] {processor.py:830} INFO - Processing file /home/airflow/.local/lib/python3.8/site-packages/airflow/example_dags/example_sensors.py for tasks to queue
[2026-04-19T00:07:24.440+0000] {logging_mixin.py:188} INFO - [2026-04-19T00:07:24.440+0000] {dagbag.py:538} INFO - Filling up the DagBag from /home/airflow/.local/lib/python3.8/site-packages/airflow/example_dags/example_sensors.py
[2026-04-19T00:07:24.452+0000] {processor.py:840} INFO - DAG(s) 'example_sensors' retrieved from /home/airflow/.local/lib/python3.8/site-packages/airflow/example_dags/example_sensors.py
[2026-04-19T00:07:24.487+0000] {logging_mixin.py:188} INFO - [2026-04-19T00:07:24.487+0000] {dag.py:3036} INFO - Sync 1 DAGs
[2026-04-19T00:07:24.504+0000] {logging_mixin.py:188} INFO - [2026-04-19T00:07:24.503+0000] {dag.py:3823} INFO - Setting next_dagrun for example_sensors to None, run_after=None
[2026-04-19T00:07:24.528+0000] {processor.py:183} INFO - Processing /home/airflow/.local/lib/python3.8/site-packages/airflow/example_dags/example_sensors.py took 0.096 seconds
[2026-04-19T00:07:54.600+0000] {processor.py:161} INFO - Started process (PID=10909) to work on /home/airflow/.local/lib/python3.8/site-packages/airflow/example_dags/example_sensors.py
[2026-04-19T00:07:54.601+0000] {processor.py:830} INFO - Processing file /home/airflow/.local/lib/python3.8/site-packages/airflow/example_dags/example_sensors.py for tasks to queue
[2026-04-19T00:07:54.603+0000] {logging_mixin.py:188} INFO - [2026-04-19T00:07:54.603+0000] {dagbag.py:538} INFO - Filling up the DagBag from /home/airflow/.local/lib/python3.8/site-packages/airflow/example_dags/example_sensors.py
[2026-04-19T00:07:54.615+0000] {processor.py:840} INFO - DAG(s) 'example_sensors' retrieved from /home/airflow/.local/lib/python3.8/site-packages/airflow/example_dags/example_sensors.py
[2026-04-19T00:07:54.651+0000] {logging_mixin.py:188} INFO - [2026-04-19T00:07:54.651+0000] {dag.py:3036} INFO - Sync 1 DAGs
[2026-04-19T00:07:54.668+0000] {logging_mixin.py:188} INFO - [2026-04-19T00:07:54.668+0000] {dag.py:3823} INFO - Setting next_dagrun for example_sensors to None, run_after=None
[2026-04-19T00:07:54.693+0000] {processor.py:183} INFO - Processing /home/airflow/.local/lib/python3.8/site-packages/airflow/example_dags/example_sensors.py took 0.098 seconds
[2026-04-19T00:08:24.755+0000] {processor.py:161} INFO - Started process (PID=10963) to work on /home/airflow/.local/lib/python3.8/site-packages/airflow/example_dags/example_sensors.py
[2026-04-19T00:08:24.756+0000] {processor.py:830} INFO - Processing file /home/airflow/.local/lib/python3.8/site-packages/airflow/example_dags/example_sensors.py for tasks to queue
[2026-04-19T00:08:24.759+0000] {logging_mixin.py:188} INFO - [2026-04-19T00:08:24.758+0000] {dagbag.py:538} INFO - Filling up the DagBag from /home/airflow/.local/lib/python3.8/site-packages/airflow/example_dags/example_sensors.py
[2026-04-19T00:08:24.770+0000] {processor.py:840} INFO - DAG(s) 'example_sensors' retrieved from /home/airflow/.local/lib/python3.8/site-packages/airflow/example_dags/example_sensors.py
[2026-04-19T00:08:24.808+0000] {logging_mixin.py:188} INFO - [2026-04-19T00:08:24.808+0000] {dag.py:3036} INFO - Sync 1 DAGs
[2026-04-19T00:08:24.826+0000] {logging_mixin.py:188} INFO - [2026-04-19T00:08:24.825+0000] {dag.py:3823} INFO - Setting next_dagrun for example_sensors to None, run_after=None
[2026-04-19T00:08:24.848+0000] {processor.py:183} INFO - Processing /home/airflow/.local/lib/python3.8/site-packages/airflow/example_dags/example_sensors.py took 0.098 seconds
[2026-04-19T00:08:55.344+0000] {processor.py:161} INFO - Started process (PID=11018) to work on /home/airflow/.local/lib/python3.8/site-packages/airflow/example_dags/example_sensors.py
[2026-04-19T00:08:55.346+0000] {processor.py:830} INFO - Processing file /home/airflow/.local/lib/python3.8/site-packages/airflow/example_dags/example_sensors.py for tasks to queue
[2026-04-19T00:08:55.348+0000] {logging_mixin.py:188} INFO - [2026-04-19T00:08:55.348+0000] {dagbag.py:538} INFO - Filling up the DagBag from /home/airflow/.local/lib/python3.8/site-packages/airflow/example_dags/example_sensors.py
[2026-04-19T00:08:55.362+0000] {processor.py:840} INFO - DAG(s) 'example_sensors' retrieved from /home/airflow/.local/lib/python3.8/site-packages/airflow/example_dags/example_sensors.py
[2026-04-19T00:08:55.398+0000] {logging_mixin.py:188} INFO - [2026-04-19T00:08:55.397+0000] {dag.py:3036} INFO - Sync 1 DAGs
[2026-04-19T00:08:55.415+0000] {logging_mixin.py:188} INFO - [2026-04-19T00:08:55.415+0000] {dag.py:3823} INFO - Setting next_dagrun for example_sensors to None, run_after=None
[2026-04-19T00:08:55.437+0000] {processor.py:183} INFO - Processing /home/airflow/.local/lib/python3.8/site-packages/airflow/example_dags/example_sensors.py took 0.098 seconds
[2026-04-19T00:09:25.511+0000] {processor.py:161} INFO - Started process (PID=11073) to work on /home/airflow/.local/lib/python3.8/site-packages/airflow/example_dags/example_sensors.py
[2026-04-19T00:09:25.512+0000] {processor.py:830} INFO - Processing file /home/airflow/.local/lib/python3.8/site-packages/airflow/example_dags/example_sensors.py for tasks to queue
[2026-04-19T00:09:25.515+0000] {logging_mixin.py:188} INFO - [2026-04-19T00:09:25.514+0000] {dagbag.py:538} INFO - Filling up the DagBag from /home/airflow/.local/lib/python3.8/site-packages/airflow/example_dags/example_sensors.py
[2026-04-19T00:09:25.526+0000] {processor.py:840} INFO - DAG(s) 'example_sensors' retrieved from /home/airflow/.local/lib/python3.8/site-packages/airflow/example_dags/example_sensors.py
[2026-04-19T00:09:25.563+0000] {logging_mixin.py:188} INFO - [2026-04-19T00:09:25.563+0000] {dag.py:3036} INFO - Sync 1 DAGs
[2026-04-19T00:09:25.580+0000] {logging_mixin.py:188} INFO - [2026-04-19T00:09:25.579+0000] {dag.py:3823} INFO - Setting next_dagrun for example_sensors to None, run_after=None
[2026-04-19T00:09:25.604+0000] {processor.py:183} INFO - Processing /home/airflow/.local/lib/python3.8/site-packages/airflow/example_dags/example_sensors.py took 0.098 seconds
[2026-04-19T00:09:56.111+0000] {processor.py:161} INFO - Started process (PID=11128) to work on /home/airflow/.local/lib/python3.8/site-packages/airflow/example_dags/example_sensors.py
[2026-04-19T00:09:56.112+0000] {processor.py:830} INFO - Processing file /home/airflow/.local/lib/python3.8/site-packages/airflow/example_dags/example_sensors.py for tasks to queue
[2026-04-19T00:09:56.115+0000] {logging_mixin.py:188} INFO - [2026-04-19T00:09:56.114+0000] {dagbag.py:538} INFO - Filling up the DagBag from /home/airflow/.local/lib/python3.8/site-packages/airflow/example_dags/example_sensors.py
[2026-04-19T00:09:56.127+0000] {processor.py:840} INFO - DAG(s) 'example_sensors' retrieved from /home/airflow/.local/lib/python3.8/site-packages/airflow/example_dags/example_sensors.py
[2026-04-19T00:09:56.165+0000] {logging_mixin.py:188} INFO - [2026-04-19T00:09:56.164+0000] {dag.py:3036} INFO - Sync 1 DAGs
[2026-04-19T00:09:56.182+0000] {logging_mixin.py:188} INFO - [2026-04-19T00:09:56.182+0000] {dag.py:3823} INFO - Setting next_dagrun for example_sensors to None, run_after=None
[2026-04-19T00:09:56.211+0000] {processor.py:183} INFO - Processing /home/airflow/.local/lib/python3.8/site-packages/airflow/example_dags/example_sensors.py took 0.107 seconds
[2026-04-19T00:10:26.641+0000] {processor.py:161} INFO - Started process (PID=11183) to work on /home/airflow/.local/lib/python3.8/site-packages/airflow/example_dags/example_sensors.py
[2026-04-19T00:10:26.642+0000] {processor.py:830} INFO - Processing file /home/airflow/.local/lib/python3.8/site-packages/airflow/example_dags/example_sensors.py for tasks to queue
[2026-04-19T00:10:26.644+0000] {logging_mixin.py:188} INFO - [2026-04-19T00:10:26.644+0000] {dagbag.py:538} INFO - Filling up the DagBag from /home/airflow/.local/lib/python3.8/site-packages/airflow/example_dags/example_sensors.py
[2026-04-19T00:10:26.657+0000] {processor.py:840} INFO - DAG(s) 'example_sensors' retrieved from /home/airflow/.local/lib/python3.8/site-packages/airflow/example_dags/example_sensors.py
[2026-04-19T00:10:26.694+0000] {logging_mixin.py:188} INFO - [2026-04-19T00:10:26.693+0000] {dag.py:3036} INFO - Sync 1 DAGs
[2026-04-19T00:10:26.712+0000] {logging_mixin.py:188} INFO - [2026-04-19T00:10:26.712+0000] {dag.py:3823} INFO - Setting next_dagrun for example_sensors to None, run_after=None
[2026-04-19T00:10:26.737+0000] {processor.py:183} INFO - Processing /home/airflow/.local/lib/python3.8/site-packages/airflow/example_dags/example_sensors.py took 0.102 seconds
[2026-04-19T00:10:57.100+0000] {processor.py:161} INFO - Started process (PID=11238) to work on /home/airflow/.local/lib/python3.8/site-packages/airflow/example_dags/example_sensors.py
[2026-04-19T00:10:57.102+0000] {processor.py:830} INFO - Processing file /home/airflow/.local/lib/python3.8/site-packages/airflow/example_dags/example_sensors.py for tasks to queue
[2026-04-19T00:10:57.104+0000] {logging_mixin.py:188} INFO - [2026-04-19T00:10:57.104+0000] {dagbag.py:538} INFO - Filling up the DagBag from /home/airflow/.local/lib/python3.8/site-packages/airflow/example_dags/example_sensors.py
[2026-04-19T00:10:57.118+0000] {processor.py:840} INFO - DAG(s) 'example_sensors' retrieved from /home/airflow/.local/lib/python3.8/site-packages/airflow/example_dags/example_sensors.py
[2026-04-19T00:10:57.156+0000] {logging_mixin.py:188} INFO - [2026-04-19T00:10:57.156+0000] {dag.py:3036} INFO - Sync 1 DAGs
[2026-04-19T00:10:57.174+0000] {logging_mixin.py:188} INFO - [2026-04-19T00:10:57.174+0000] {dag.py:3823} INFO - Setting next_dagrun for example_sensors to None, run_after=None
[2026-04-19T00:10:57.199+0000] {processor.py:183} INFO - Processing /home/airflow/.local/lib/python3.8/site-packages/airflow/example_dags/example_sensors.py took 0.104 seconds
[2026-04-19T00:11:27.508+0000] {processor.py:161} INFO - Started process (PID=11293) to work on /home/airflow/.local/lib/python3.8/site-packages/airflow/example_dags/example_sensors.py
[2026-04-19T00:11:27.509+0000] {processor.py:830} INFO - Processing file /home/airflow/.local/lib/python3.8/site-packages/airflow/example_dags/example_sensors.py for tasks to queue
[2026-04-19T00:11:27.512+0000] {logging_mixin.py:188} INFO - [2026-04-19T00:11:27.511+0000] {dagbag.py:538} INFO - Filling up the DagBag from /home/airflow/.local/lib/python3.8/site-packages/airflow/example_dags/example_sensors.py
[2026-04-19T00:11:27.523+0000] {processor.py:840} INFO - DAG(s) 'example_sensors' retrieved from /home/airflow/.local/lib/python3.8/site-packages/airflow/example_dags/example_sensors.py
[2026-04-19T00:11:27.556+0000] {logging_mixin.py:188} INFO - [2026-04-19T00:11:27.555+0000] {dag.py:3036} INFO - Sync 1 DAGs
[2026-04-19T00:11:27.571+0000] {logging_mixin.py:188} INFO - [2026-04-19T00:11:27.570+0000] {dag.py:3823} INFO - Setting next_dagrun for example_sensors to None, run_after=None
[2026-04-19T00:11:27.592+0000] {processor.py:183} INFO - Processing /home/airflow/.local/lib/python3.8/site-packages/airflow/example_dags/example_sensors.py took 0.089 seconds
[2026-04-19T00:11:58.120+0000] {processor.py:161} INFO - Started process (PID=11348) to work on /home/airflow/.local/lib/python3.8/site-packages/airflow/example_dags/example_sensors.py
[2026-04-19T00:11:58.122+0000] {processor.py:830} INFO - Processing file /home/airflow/.local/lib/python3.8/site-packages/airflow/example_dags/example_sensors.py for tasks to queue
[2026-04-19T00:11:58.125+0000] {logging_mixin.py:188} INFO - [2026-04-19T00:11:58.124+0000] {dagbag.py:538} INFO - Filling up the DagBag from /home/airflow/.local/lib/python3.8/site-packages/airflow/example_dags/example_sensors.py
[2026-04-19T00:11:58.137+0000] {processor.py:840} INFO - DAG(s) 'example_sensors' retrieved from /home/airflow/.local/lib/python3.8/site-packages/airflow/example_dags/example_sensors.py
[2026-04-19T00:11:58.174+0000] {logging_mixin.py:188} INFO - [2026-04-19T00:11:58.173+0000] {dag.py:3036} INFO - Sync 1 DAGs
[2026-04-19T00:11:58.190+0000] {logging_mixin.py:188} INFO - [2026-04-19T00:11:58.190+0000] {dag.py:3823} INFO - Setting next_dagrun for example_sensors to None, run_after=None
[2026-04-19T00:11:58.216+0000] {processor.py:183} INFO - Processing /home/airflow/.local/lib/python3.8/site-packages/airflow/example_dags/example_sensors.py took 0.101 seconds
[2026-04-19T00:12:28.487+0000] {processor.py:161} INFO - Started process (PID=11403) to work on /home/airflow/.local/lib/python3.8/site-packages/airflow/example_dags/example_sensors.py
[2026-04-19T00:12:28.489+0000] {processor.py:830} INFO - Processing file /home/airflow/.local/lib/python3.8/site-packages/airflow/example_dags/example_sensors.py for tasks to queue
[2026-04-19T00:12:28.491+0000] {logging_mixin.py:188} INFO - [2026-04-19T00:12:28.491+0000] {dagbag.py:538} INFO - Filling up the DagBag from /home/airflow/.local/lib/python3.8/site-packages/airflow/example_dags/example_sensors.py
[2026-04-19T00:12:28.504+0000] {processor.py:840} INFO - DAG(s) 'example_sensors' retrieved from /home/airflow/.local/lib/python3.8/site-packages/airflow/example_dags/example_sensors.py
[2026-04-19T00:12:28.544+0000] {logging_mixin.py:188} INFO - [2026-04-19T00:12:28.543+0000] {dag.py:3036} INFO - Sync 1 DAGs
[2026-04-19T00:12:28.563+0000] {logging_mixin.py:188} INFO - [2026-04-19T00:12:28.562+0000] {dag.py:3823} INFO - Setting next_dagrun for example_sensors to None, run_after=None
[2026-04-19T00:12:28.586+0000] {processor.py:183} INFO - Processing /home/airflow/.local/lib/python3.8/site-packages/airflow/example_dags/example_sensors.py took 0.103 seconds
[2026-04-19T00:12:58.698+0000] {processor.py:161} INFO - Started process (PID=11458) to work on /home/airflow/.local/lib/python3.8/site-packages/airflow/example_dags/example_sensors.py
[2026-04-19T00:12:58.699+0000] {processor.py:830} INFO - Processing file /home/airflow/.local/lib/python3.8/site-packages/airflow/example_dags/example_sensors.py for tasks to queue
[2026-04-19T00:12:58.702+0000] {logging_mixin.py:188} INFO - [2026-04-19T00:12:58.701+0000] {dagbag.py:538} INFO - Filling up the DagBag from /home/airflow/.local/lib/python3.8/site-packages/airflow/example_dags/example_sensors.py
[2026-04-19T00:12:58.714+0000] {processor.py:840} INFO - DAG(s) 'example_sensors' retrieved from /home/airflow/.local/lib/python3.8/site-packages/airflow/example_dags/example_sensors.py
[2026-04-19T00:12:58.752+0000] {logging_mixin.py:188} INFO - [2026-04-19T00:12:58.751+0000] {dag.py:3036} INFO - Sync 1 DAGs
[2026-04-19T00:12:58.769+0000] {logging_mixin.py:188} INFO - [2026-04-19T00:12:58.769+0000] {dag.py:3823} INFO - Setting next_dagrun for example_sensors to None, run_after=None
[2026-04-19T00:12:58.794+0000] {processor.py:183} INFO - Processing /home/airflow/.local/lib/python3.8/site-packages/airflow/example_dags/example_sensors.py took 0.101 seconds
[2026-04-19T00:13:29.393+0000] {processor.py:161} INFO - Started process (PID=11513) to work on /home/airflow/.local/lib/python3.8/site-packages/airflow/example_dags/example_sensors.py
[2026-04-19T00:13:29.395+0000] {processor.py:830} INFO - Processing file /home/airflow/.local/lib/python3.8/site-packages/airflow/example_dags/example_sensors.py for tasks to queue
[2026-04-19T00:13:29.397+0000] {logging_mixin.py:188} INFO - [2026-04-19T00:13:29.396+0000] {dagbag.py:538} INFO - Filling up the DagBag from /home/airflow/.local/lib/python3.8/site-packages/airflow/example_dags/example_sensors.py
[2026-04-19T00:13:29.408+0000] {processor.py:840} INFO - DAG(s) 'example_sensors' retrieved from /home/airflow/.local/lib/python3.8/site-packages/airflow/example_dags/example_sensors.py
[2026-04-19T00:13:29.444+0000] {logging_mixin.py:188} INFO - [2026-04-19T00:13:29.443+0000] {dag.py:3036} INFO - Sync 1 DAGs
[2026-04-19T00:13:29.461+0000] {logging_mixin.py:188} INFO - [2026-04-19T00:13:29.461+0000] {dag.py:3823} INFO - Setting next_dagrun for example_sensors to None, run_after=None
[2026-04-19T00:13:29.486+0000] {processor.py:183} INFO - Processing /home/airflow/.local/lib/python3.8/site-packages/airflow/example_dags/example_sensors.py took 0.097 seconds
[2026-04-19T00:13:59.936+0000] {processor.py:161} INFO - Started process (PID=11568) to work on /home/airflow/.local/lib/python3.8/site-packages/airflow/example_dags/example_sensors.py
[2026-04-19T00:13:59.938+0000] {processor.py:830} INFO - Processing file /home/airflow/.local/lib/python3.8/site-packages/airflow/example_dags/example_sensors.py for tasks to queue
[2026-04-19T00:13:59.940+0000] {logging_mixin.py:188} INFO - [2026-04-19T00:13:59.940+0000] {dagbag.py:538} INFO - Filling up the DagBag from /home/airflow/.local/lib/python3.8/site-packages/airflow/example_dags/example_sensors.py
[2026-04-19T00:13:59.953+0000] {processor.py:840} INFO - DAG(s) 'example_sensors' retrieved from /home/airflow/.local/lib/python3.8/site-packages/airflow/example_dags/example_sensors.py
[2026-04-19T00:13:59.992+0000] {logging_mixin.py:188} INFO - [2026-04-19T00:13:59.992+0000] {dag.py:3036} INFO - Sync 1 DAGs
[2026-04-19T00:14:00.012+0000] {logging_mixin.py:188} INFO - [2026-04-19T00:14:00.011+0000] {dag.py:3823} INFO - Setting next_dagrun for example_sensors to None, run_after=None
[2026-04-19T00:14:00.037+0000] {processor.py:183} INFO - Processing /home/airflow/.local/lib/python3.8/site-packages/airflow/example_dags/example_sensors.py took 0.105 seconds
[2026-04-19T00:14:30.318+0000] {processor.py:161} INFO - Started process (PID=11623) to work on /home/airflow/.local/lib/python3.8/site-packages/airflow/example_dags/example_sensors.py
[2026-04-19T00:14:30.319+0000] {processor.py:830} INFO - Processing file /home/airflow/.local/lib/python3.8/site-packages/airflow/example_dags/example_sensors.py for tasks to queue
[2026-04-19T00:14:30.321+0000] {logging_mixin.py:188} INFO - [2026-04-19T00:14:30.321+0000] {dagbag.py:538} INFO - Filling up the DagBag from /home/airflow/.local/lib/python3.8/site-packages/airflow/example_dags/example_sensors.py
[2026-04-19T00:14:30.334+0000] {processor.py:840} INFO - DAG(s) 'example_sensors' retrieved from /home/airflow/.local/lib/python3.8/site-packages/airflow/example_dags/example_sensors.py
[2026-04-19T00:14:30.374+0000] {logging_mixin.py:188} INFO - [2026-04-19T00:14:30.374+0000] {dag.py:3036} INFO - Sync 1 DAGs
[2026-04-19T00:14:30.392+0000] {logging_mixin.py:188} INFO - [2026-04-19T00:14:30.392+0000] {dag.py:3823} INFO - Setting next_dagrun for example_sensors to None, run_after=None
[2026-04-19T00:14:30.416+0000] {processor.py:183} INFO - Processing /home/airflow/.local/lib/python3.8/site-packages/airflow/example_dags/example_sensors.py took 0.103 seconds
[2026-04-19T00:15:00.687+0000] {processor.py:161} INFO - Started process (PID=11678) to work on /home/airflow/.local/lib/python3.8/site-packages/airflow/example_dags/example_sensors.py
[2026-04-19T00:15:00.688+0000] {processor.py:830} INFO - Processing file /home/airflow/.local/lib/python3.8/site-packages/airflow/example_dags/example_sensors.py for tasks to queue
[2026-04-19T00:15:00.691+0000] {logging_mixin.py:188} INFO - [2026-04-19T00:15:00.691+0000] {dagbag.py:538} INFO - Filling up the DagBag from /home/airflow/.local/lib/python3.8/site-packages/airflow/example_dags/example_sensors.py
[2026-04-19T00:15:00.704+0000] {processor.py:840} INFO - DAG(s) 'example_sensors' retrieved from /home/airflow/.local/lib/python3.8/site-packages/airflow/example_dags/example_sensors.py
[2026-04-19T00:15:00.741+0000] {logging_mixin.py:188} INFO - [2026-04-19T00:15:00.741+0000] {dag.py:3036} INFO - Sync 1 DAGs
[2026-04-19T00:15:00.757+0000] {logging_mixin.py:188} INFO - [2026-04-19T00:15:00.757+0000] {dag.py:3823} INFO - Setting next_dagrun for example_sensors to None, run_after=None
[2026-04-19T00:15:00.782+0000] {processor.py:183} INFO - Processing /home/airflow/.local/lib/python3.8/site-packages/airflow/example_dags/example_sensors.py took 0.100 seconds
[2026-04-19T00:15:31.337+0000] {processor.py:161} INFO - Started process (PID=11734) to work on /home/airflow/.local/lib/python3.8/site-packages/airflow/example_dags/example_sensors.py
[2026-04-19T00:15:31.339+0000] {processor.py:830} INFO - Processing file /home/airflow/.local/lib/python3.8/site-packages/airflow/example_dags/example_sensors.py for tasks to queue
[2026-04-19T00:15:31.341+0000] {logging_mixin.py:188} INFO - [2026-04-19T00:15:31.341+0000] {dagbag.py:538} INFO - Filling up the DagBag from /home/airflow/.local/lib/python3.8/site-packages/airflow/example_dags/example_sensors.py
[2026-04-19T00:15:31.354+0000] {processor.py:840} INFO - DAG(s) 'example_sensors' retrieved from /home/airflow/.local/lib/python3.8/site-packages/airflow/example_dags/example_sensors.py
[2026-04-19T00:15:31.392+0000] {logging_mixin.py:188} INFO - [2026-04-19T00:15:31.392+0000] {dag.py:3036} INFO - Sync 1 DAGs
[2026-04-19T00:15:31.412+0000] {logging_mixin.py:188} INFO - [2026-04-19T00:15:31.412+0000] {dag.py:3823} INFO - Setting next_dagrun for example_sensors to None, run_after=None
[2026-04-19T00:15:31.438+0000] {processor.py:183} INFO - Processing /home/airflow/.local/lib/python3.8/site-packages/airflow/example_dags/example_sensors.py took 0.107 seconds
[2026-04-19T00:16:01.653+0000] {processor.py:161} INFO - Started process (PID=11789) to work on /home/airflow/.local/lib/python3.8/site-packages/airflow/example_dags/example_sensors.py
[2026-04-19T00:16:01.653+0000] {processor.py:830} INFO - Processing file /home/airflow/.local/lib/python3.8/site-packages/airflow/example_dags/example_sensors.py for tasks to queue
[2026-04-19T00:16:01.655+0000] {logging_mixin.py:188} INFO - [2026-04-19T00:16:01.655+0000] {dagbag.py:538} INFO - Filling up the DagBag from /home/airflow/.local/lib/python3.8/site-packages/airflow/example_dags/example_sensors.py
[2026-04-19T00:16:01.662+0000] {processor.py:840} INFO - DAG(s) 'example_sensors' retrieved from /home/airflow/.local/lib/python3.8/site-packages/airflow/example_dags/example_sensors.py
[2026-04-19T00:16:01.681+0000] {logging_mixin.py:188} INFO - [2026-04-19T00:16:01.681+0000] {dag.py:3036} INFO - Sync 1 DAGs
[2026-04-19T00:16:01.690+0000] {logging_mixin.py:188} INFO - [2026-04-19T00:16:01.690+0000] {dag.py:3823} INFO - Setting next_dagrun for example_sensors to None, run_after=None
[2026-04-19T00:16:01.702+0000] {processor.py:183} INFO - Processing /home/airflow/.local/lib/python3.8/site-packages/airflow/example_dags/example_sensors.py took 0.052 seconds
[2026-04-19T00:16:32.507+0000] {processor.py:161} INFO - Started process (PID=11844) to work on /home/airflow/.local/lib/python3.8/site-packages/airflow/example_dags/example_sensors.py
[2026-04-19T00:16:32.508+0000] {processor.py:830} INFO - Processing file /home/airflow/.local/lib/python3.8/site-packages/airflow/example_dags/example_sensors.py for tasks to queue
[2026-04-19T00:16:32.512+0000] {logging_mixin.py:188} INFO - [2026-04-19T00:16:32.511+0000] {dagbag.py:538} INFO - Filling up the DagBag from /home/airflow/.local/lib/python3.8/site-packages/airflow/example_dags/example_sensors.py
[2026-04-19T00:16:32.526+0000] {processor.py:840} INFO - DAG(s) 'example_sensors' retrieved from /home/airflow/.local/lib/python3.8/site-packages/airflow/example_dags/example_sensors.py
[2026-04-19T00:16:32.563+0000] {logging_mixin.py:188} INFO - [2026-04-19T00:16:32.563+0000] {dag.py:3036} INFO - Sync 1 DAGs
[2026-04-19T00:16:32.580+0000] {logging_mixin.py:188} INFO - [2026-04-19T00:16:32.580+0000] {dag.py:3823} INFO - Setting next_dagrun for example_sensors to None, run_after=None
[2026-04-19T00:16:32.605+0000] {processor.py:183} INFO - Processing /home/airflow/.local/lib/python3.8/site-packages/airflow/example_dags/example_sensors.py took 0.105 seconds
[2026-04-19T00:17:02.739+0000] {processor.py:161} INFO - Started process (PID=11899) to work on /home/airflow/.local/lib/python3.8/site-packages/airflow/example_dags/example_sensors.py
[2026-04-19T00:17:02.740+0000] {processor.py:830} INFO - Processing file /home/airflow/.local/lib/python3.8/site-packages/airflow/example_dags/example_sensors.py for tasks to queue
[2026-04-19T00:17:02.742+0000] {logging_mixin.py:188} INFO - [2026-04-19T00:17:02.742+0000] {dagbag.py:538} INFO - Filling up the DagBag from /home/airflow/.local/lib/python3.8/site-packages/airflow/example_dags/example_sensors.py
[2026-04-19T00:17:02.753+0000] {processor.py:840} INFO - DAG(s) 'example_sensors' retrieved from /home/airflow/.local/lib/python3.8/site-packages/airflow/example_dags/example_sensors.py
[2026-04-19T00:17:02.790+0000] {logging_mixin.py:188} INFO - [2026-04-19T00:17:02.789+0000] {dag.py:3036} INFO - Sync 1 DAGs
[2026-04-19T00:17:02.807+0000] {logging_mixin.py:188} INFO - [2026-04-19T00:17:02.807+0000] {dag.py:3823} INFO - Setting next_dagrun for example_sensors to None, run_after=None
[2026-04-19T00:17:02.832+0000] {processor.py:183} INFO - Processing /home/airflow/.local/lib/python3.8/site-packages/airflow/example_dags/example_sensors.py took 0.098 seconds
[2026-04-19T00:17:33.200+0000] {processor.py:161} INFO - Started process (PID=11954) to work on /home/airflow/.local/lib/python3.8/site-packages/airflow/example_dags/example_sensors.py
[2026-04-19T00:17:33.201+0000] {processor.py:830} INFO - Processing file /home/airflow/.local/lib/python3.8/site-packages/airflow/example_dags/example_sensors.py for tasks to queue
[2026-04-19T00:17:33.203+0000] {logging_mixin.py:188} INFO - [2026-04-19T00:17:33.203+0000] {dagbag.py:538} INFO - Filling up the DagBag from /home/airflow/.local/lib/python3.8/site-packages/airflow/example_dags/example_sensors.py
[2026-04-19T00:17:33.216+0000] {processor.py:840} INFO - DAG(s) 'example_sensors' retrieved from /home/airflow/.local/lib/python3.8/site-packages/airflow/example_dags/example_sensors.py
[2026-04-19T00:17:33.251+0000] {logging_mixin.py:188} INFO - [2026-04-19T00:17:33.250+0000] {dag.py:3036} INFO - Sync 1 DAGs
[2026-04-19T00:17:33.267+0000] {logging_mixin.py:188} INFO - [2026-04-19T00:17:33.266+0000] {dag.py:3823} INFO - Setting next_dagrun for example_sensors to None, run_after=None
[2026-04-19T00:17:33.288+0000] {processor.py:183} INFO - Processing /home/airflow/.local/lib/python3.8/site-packages/airflow/example_dags/example_sensors.py took 0.093 seconds
[2026-04-19T00:18:03.778+0000] {processor.py:161} INFO - Started process (PID=12009) to work on /home/airflow/.local/lib/python3.8/site-packages/airflow/example_dags/example_sensors.py
[2026-04-19T00:18:03.779+0000] {processor.py:830} INFO - Processing file /home/airflow/.local/lib/python3.8/site-packages/airflow/example_dags/example_sensors.py for tasks to queue
[2026-04-19T00:18:03.781+0000] {logging_mixin.py:188} INFO - [2026-04-19T00:18:03.781+0000] {dagbag.py:538} INFO - Filling up the DagBag from /home/airflow/.local/lib/python3.8/site-packages/airflow/example_dags/example_sensors.py
[2026-04-19T00:18:03.794+0000] {processor.py:840} INFO - DAG(s) 'example_sensors' retrieved from /home/airflow/.local/lib/python3.8/site-packages/airflow/example_dags/example_sensors.py
[2026-04-19T00:18:03.830+0000] {logging_mixin.py:188} INFO - [2026-04-19T00:18:03.830+0000] {dag.py:3036} INFO - Sync 1 DAGs
[2026-04-19T00:18:03.847+0000] {logging_mixin.py:188} INFO - [2026-04-19T00:18:03.847+0000] {dag.py:3823} INFO - Setting next_dagrun for example_sensors to None, run_after=None
[2026-04-19T00:18:03.871+0000] {processor.py:183} INFO - Processing /home/airflow/.local/lib/python3.8/site-packages/airflow/example_dags/example_sensors.py took 0.098 seconds
[2026-04-19T00:18:34.158+0000] {processor.py:161} INFO - Started process (PID=12064) to work on /home/airflow/.local/lib/python3.8/site-packages/airflow/example_dags/example_sensors.py
[2026-04-19T00:18:34.159+0000] {processor.py:830} INFO - Processing file /home/airflow/.local/lib/python3.8/site-packages/airflow/example_dags/example_sensors.py for tasks to queue
[2026-04-19T00:18:34.162+0000] {logging_mixin.py:188} INFO - [2026-04-19T00:18:34.161+0000] {dagbag.py:538} INFO - Filling up the DagBag from /home/airflow/.local/lib/python3.8/site-packages/airflow/example_dags/example_sensors.py
[2026-04-19T00:18:34.175+0000] {processor.py:840} INFO - DAG(s) 'example_sensors' retrieved from /home/airflow/.local/lib/python3.8/site-packages/airflow/example_dags/example_sensors.py
[2026-04-19T00:18:34.214+0000] {logging_mixin.py:188} INFO - [2026-04-19T00:18:34.213+0000] {dag.py:3036} INFO - Sync 1 DAGs
[2026-04-19T00:18:34.230+0000] {logging_mixin.py:188} INFO - [2026-04-19T00:18:34.230+0000] {dag.py:3823} INFO - Setting next_dagrun for example_sensors to None, run_after=None
[2026-04-19T00:18:34.254+0000] {processor.py:183} INFO - Processing /home/airflow/.local/lib/python3.8/site-packages/airflow/example_dags/example_sensors.py took 0.101 seconds
[2026-04-19T00:19:04.751+0000] {processor.py:161} INFO - Started process (PID=12118) to work on /home/airflow/.local/lib/python3.8/site-packages/airflow/example_dags/example_sensors.py
[2026-04-19T00:19:04.752+0000] {processor.py:830} INFO - Processing file /home/airflow/.local/lib/python3.8/site-packages/airflow/example_dags/example_sensors.py for tasks to queue
[2026-04-19T00:19:04.754+0000] {logging_mixin.py:188} INFO - [2026-04-19T00:19:04.754+0000] {dagbag.py:538} INFO - Filling up the DagBag from /home/airflow/.local/lib/python3.8/site-packages/airflow/example_dags/example_sensors.py
[2026-04-19T00:19:04.767+0000] {processor.py:840} INFO - DAG(s) 'example_sensors' retrieved from /home/airflow/.local/lib/python3.8/site-packages/airflow/example_dags/example_sensors.py
[2026-04-19T00:19:04.804+0000] {logging_mixin.py:188} INFO - [2026-04-19T00:19:04.804+0000] {dag.py:3036} INFO - Sync 1 DAGs
[2026-04-19T00:19:04.821+0000] {logging_mixin.py:188} INFO - [2026-04-19T00:19:04.821+0000] {dag.py:3823} INFO - Setting next_dagrun for example_sensors to None, run_after=None
[2026-04-19T00:19:04.845+0000] {processor.py:183} INFO - Processing /home/airflow/.local/lib/python3.8/site-packages/airflow/example_dags/example_sensors.py took 0.099 seconds
[2026-04-19T00:19:35.124+0000] {processor.py:161} INFO - Started process (PID=12173) to work on /home/airflow/.local/lib/python3.8/site-packages/airflow/example_dags/example_sensors.py
[2026-04-19T00:19:35.125+0000] {processor.py:830} INFO - Processing file /home/airflow/.local/lib/python3.8/site-packages/airflow/example_dags/example_sensors.py for tasks to queue
[2026-04-19T00:19:35.128+0000] {logging_mixin.py:188} INFO - [2026-04-19T00:19:35.128+0000] {dagbag.py:538} INFO - Filling up the DagBag from /home/airflow/.local/lib/python3.8/site-packages/airflow/example_dags/example_sensors.py
[2026-04-19T00:19:35.140+0000] {processor.py:840} INFO - DAG(s) 'example_sensors' retrieved from /home/airflow/.local/lib/python3.8/site-packages/airflow/example_dags/example_sensors.py
[2026-04-19T00:19:35.177+0000] {logging_mixin.py:188} INFO - [2026-04-19T00:19:35.177+0000] {dag.py:3036} INFO - Sync 1 DAGs
[2026-04-19T00:19:35.194+0000] {logging_mixin.py:188} INFO - [2026-04-19T00:19:35.193+0000] {dag.py:3823} INFO - Setting next_dagrun for example_sensors to None, run_after=None
[2026-04-19T00:19:35.220+0000] {processor.py:183} INFO - Processing /home/airflow/.local/lib/python3.8/site-packages/airflow/example_dags/example_sensors.py took 0.101 seconds
[2026-04-19T00:20:05.596+0000] {processor.py:161} INFO - Started process (PID=12228) to work on /home/airflow/.local/lib/python3.8/site-packages/airflow/example_dags/example_sensors.py
[2026-04-19T00:20:05.597+0000] {processor.py:830} INFO - Processing file /home/airflow/.local/lib/python3.8/site-packages/airflow/example_dags/example_sensors.py for tasks to queue
[2026-04-19T00:20:05.600+0000] {logging_mixin.py:188} INFO - [2026-04-19T00:20:05.600+0000] {dagbag.py:538} INFO - Filling up the DagBag from /home/airflow/.local/lib/python3.8/site-packages/airflow/example_dags/example_sensors.py
[2026-04-19T00:20:05.613+0000] {processor.py:840} INFO - DAG(s) 'example_sensors' retrieved from /home/airflow/.local/lib/python3.8/site-packages/airflow/example_dags/example_sensors.py
[2026-04-19T00:20:05.649+0000] {logging_mixin.py:188} INFO - [2026-04-19T00:20:05.648+0000] {dag.py:3036} INFO - Sync 1 DAGs
[2026-04-19T00:20:05.667+0000] {logging_mixin.py:188} INFO - [2026-04-19T00:20:05.666+0000] {dag.py:3823} INFO - Setting next_dagrun for example_sensors to None, run_after=None
[2026-04-19T00:20:05.689+0000] {processor.py:183} INFO - Processing /home/airflow/.local/lib/python3.8/site-packages/airflow/example_dags/example_sensors.py took 0.098 seconds
[2026-04-19T00:20:35.918+0000] {processor.py:161} INFO - Started process (PID=12283) to work on /home/airflow/.local/lib/python3.8/site-packages/airflow/example_dags/example_sensors.py
[2026-04-19T00:20:35.919+0000] {processor.py:830} INFO - Processing file /home/airflow/.local/lib/python3.8/site-packages/airflow/example_dags/example_sensors.py for tasks to queue
[2026-04-19T00:20:35.921+0000] {logging_mixin.py:188} INFO - [2026-04-19T00:20:35.921+0000] {dagbag.py:538} INFO - Filling up the DagBag from /home/airflow/.local/lib/python3.8/site-packages/airflow/example_dags/example_sensors.py
[2026-04-19T00:20:35.934+0000] {processor.py:840} INFO - DAG(s) 'example_sensors' retrieved from /home/airflow/.local/lib/python3.8/site-packages/airflow/example_dags/example_sensors.py
[2026-04-19T00:20:35.970+0000] {logging_mixin.py:188} INFO - [2026-04-19T00:20:35.970+0000] {dag.py:3036} INFO - Sync 1 DAGs
[2026-04-19T00:20:35.987+0000] {logging_mixin.py:188} INFO - [2026-04-19T00:20:35.987+0000] {dag.py:3823} INFO - Setting next_dagrun for example_sensors to None, run_after=None
[2026-04-19T00:20:36.012+0000] {processor.py:183} INFO - Processing /home/airflow/.local/lib/python3.8/site-packages/airflow/example_dags/example_sensors.py took 0.099 seconds
[2026-04-19T00:21:06.191+0000] {processor.py:161} INFO - Started process (PID=12338) to work on /home/airflow/.local/lib/python3.8/site-packages/airflow/example_dags/example_sensors.py
[2026-04-19T00:21:06.192+0000] {processor.py:830} INFO - Processing file /home/airflow/.local/lib/python3.8/site-packages/airflow/example_dags/example_sensors.py for tasks to queue
[2026-04-19T00:21:06.194+0000] {logging_mixin.py:188} INFO - [2026-04-19T00:21:06.194+0000] {dagbag.py:538} INFO - Filling up the DagBag from /home/airflow/.local/lib/python3.8/site-packages/airflow/example_dags/example_sensors.py
[2026-04-19T00:21:06.206+0000] {processor.py:840} INFO - DAG(s) 'example_sensors' retrieved from /home/airflow/.local/lib/python3.8/site-packages/airflow/example_dags/example_sensors.py
[2026-04-19T00:21:06.242+0000] {logging_mixin.py:188} INFO - [2026-04-19T00:21:06.242+0000] {dag.py:3036} INFO - Sync 1 DAGs
[2026-04-19T00:21:06.259+0000] {logging_mixin.py:188} INFO - [2026-04-19T00:21:06.258+0000] {dag.py:3823} INFO - Setting next_dagrun for example_sensors to None, run_after=None
[2026-04-19T00:21:06.283+0000] {processor.py:183} INFO - Processing /home/airflow/.local/lib/python3.8/site-packages/airflow/example_dags/example_sensors.py took 0.097 seconds
[2026-04-19T00:21:36.690+0000] {processor.py:161} INFO - Started process (PID=12393) to work on /home/airflow/.local/lib/python3.8/site-packages/airflow/example_dags/example_sensors.py
[2026-04-19T00:21:36.691+0000] {processor.py:830} INFO - Processing file /home/airflow/.local/lib/python3.8/site-packages/airflow/example_dags/example_sensors.py for tasks to queue
[2026-04-19T00:21:36.694+0000] {logging_mixin.py:188} INFO - [2026-04-19T00:21:36.693+0000] {dagbag.py:538} INFO - Filling up the DagBag from /home/airflow/.local/lib/python3.8/site-packages/airflow/example_dags/example_sensors.py
[2026-04-19T00:21:36.706+0000] {processor.py:840} INFO - DAG(s) 'example_sensors' retrieved from /home/airflow/.local/lib/python3.8/site-packages/airflow/example_dags/example_sensors.py
[2026-04-19T00:21:36.743+0000] {logging_mixin.py:188} INFO - [2026-04-19T00:21:36.743+0000] {dag.py:3036} INFO - Sync 1 DAGs
[2026-04-19T00:21:36.761+0000] {logging_mixin.py:188} INFO - [2026-04-19T00:21:36.760+0000] {dag.py:3823} INFO - Setting next_dagrun for example_sensors to None, run_after=None
[2026-04-19T00:21:36.785+0000] {processor.py:183} INFO - Processing /home/airflow/.local/lib/python3.8/site-packages/airflow/example_dags/example_sensors.py took 0.100 seconds
[2026-04-19T00:22:07.245+0000] {processor.py:161} INFO - Started process (PID=12448) to work on /home/airflow/.local/lib/python3.8/site-packages/airflow/example_dags/example_sensors.py
[2026-04-19T00:22:07.246+0000] {processor.py:830} INFO - Processing file /home/airflow/.local/lib/python3.8/site-packages/airflow/example_dags/example_sensors.py for tasks to queue
[2026-04-19T00:22:07.248+0000] {logging_mixin.py:188} INFO - [2026-04-19T00:22:07.248+0000] {dagbag.py:538} INFO - Filling up the DagBag from /home/airflow/.local/lib/python3.8/site-packages/airflow/example_dags/example_sensors.py
[2026-04-19T00:22:07.259+0000] {processor.py:840} INFO - DAG(s) 'example_sensors' retrieved from /home/airflow/.local/lib/python3.8/site-packages/airflow/example_dags/example_sensors.py
[2026-04-19T00:22:07.291+0000] {logging_mixin.py:188} INFO - [2026-04-19T00:22:07.291+0000] {dag.py:3036} INFO - Sync 1 DAGs
[2026-04-19T00:22:07.307+0000] {logging_mixin.py:188} INFO - [2026-04-19T00:22:07.307+0000] {dag.py:3823} INFO - Setting next_dagrun for example_sensors to None, run_after=None
[2026-04-19T00:22:07.330+0000] {processor.py:183} INFO - Processing /home/airflow/.local/lib/python3.8/site-packages/airflow/example_dags/example_sensors.py took 0.089 seconds
[2026-04-19T00:22:37.697+0000] {processor.py:161} INFO - Started process (PID=12503) to work on /home/airflow/.local/lib/python3.8/site-packages/airflow/example_dags/example_sensors.py
[2026-04-19T00:22:37.698+0000] {processor.py:830} INFO - Processing file /home/airflow/.local/lib/python3.8/site-packages/airflow/example_dags/example_sensors.py for tasks to queue
[2026-04-19T00:22:37.700+0000] {logging_mixin.py:188} INFO - [2026-04-19T00:22:37.699+0000] {dagbag.py:538} INFO - Filling up the DagBag from /home/airflow/.local/lib/python3.8/site-packages/airflow/example_dags/example_sensors.py
[2026-04-19T00:22:37.711+0000] {processor.py:840} INFO - DAG(s) 'example_sensors' retrieved from /home/airflow/.local/lib/python3.8/site-packages/airflow/example_dags/example_sensors.py
[2026-04-19T00:22:37.746+0000] {logging_mixin.py:188} INFO - [2026-04-19T00:22:37.746+0000] {dag.py:3036} INFO - Sync 1 DAGs
[2026-04-19T00:22:37.763+0000] {logging_mixin.py:188} INFO - [2026-04-19T00:22:37.762+0000] {dag.py:3823} INFO - Setting next_dagrun for example_sensors to None, run_after=None
[2026-04-19T00:22:37.786+0000] {processor.py:183} INFO - Processing /home/airflow/.local/lib/python3.8/site-packages/airflow/example_dags/example_sensors.py took 0.093 seconds
[2026-04-19T00:23:07.953+0000] {processor.py:161} INFO - Started process (PID=12558) to work on /home/airflow/.local/lib/python3.8/site-packages/airflow/example_dags/example_sensors.py
[2026-04-19T00:23:07.955+0000] {processor.py:830} INFO - Processing file /home/airflow/.local/lib/python3.8/site-packages/airflow/example_dags/example_sensors.py for tasks to queue
[2026-04-19T00:23:07.958+0000] {logging_mixin.py:188} INFO - [2026-04-19T00:23:07.957+0000] {dagbag.py:538} INFO - Filling up the DagBag from /home/airflow/.local/lib/python3.8/site-packages/airflow/example_dags/example_sensors.py
[2026-04-19T00:23:07.970+0000] {processor.py:840} INFO - DAG(s) 'example_sensors' retrieved from /home/airflow/.local/lib/python3.8/site-packages/airflow/example_dags/example_sensors.py
[2026-04-19T00:23:08.007+0000] {logging_mixin.py:188} INFO - [2026-04-19T00:23:08.007+0000] {dag.py:3036} INFO - Sync 1 DAGs
[2026-04-19T00:23:08.024+0000] {logging_mixin.py:188} INFO - [2026-04-19T00:23:08.024+0000] {dag.py:3823} INFO - Setting next_dagrun for example_sensors to None, run_after=None
[2026-04-19T00:23:08.047+0000] {processor.py:183} INFO - Processing /home/airflow/.local/lib/python3.8/site-packages/airflow/example_dags/example_sensors.py took 0.099 seconds
[2026-04-19T00:23:38.136+0000] {processor.py:161} INFO - Started process (PID=12613) to work on /home/airflow/.local/lib/python3.8/site-packages/airflow/example_dags/example_sensors.py
[2026-04-19T00:23:38.137+0000] {processor.py:830} INFO - Processing file /home/airflow/.local/lib/python3.8/site-packages/airflow/example_dags/example_sensors.py for tasks to queue
[2026-04-19T00:23:38.140+0000] {logging_mixin.py:188} INFO - [2026-04-19T00:23:38.139+0000] {dagbag.py:538} INFO - Filling up the DagBag from /home/airflow/.local/lib/python3.8/site-packages/airflow/example_dags/example_sensors.py
[2026-04-19T00:23:38.154+0000] {processor.py:840} INFO - DAG(s) 'example_sensors' retrieved from /home/airflow/.local/lib/python3.8/site-packages/airflow/example_dags/example_sensors.py
[2026-04-19T00:23:38.197+0000] {logging_mixin.py:188} INFO - [2026-04-19T00:23:38.196+0000] {dag.py:3036} INFO - Sync 1 DAGs
[2026-04-19T00:23:38.220+0000] {logging_mixin.py:188} INFO - [2026-04-19T00:23:38.219+0000] {dag.py:3823} INFO - Setting next_dagrun for example_sensors to None, run_after=None
[2026-04-19T00:23:38.251+0000] {processor.py:183} INFO - Processing /home/airflow/.local/lib/python3.8/site-packages/airflow/example_dags/example_sensors.py took 0.120 seconds
[2026-04-19T00:24:08.338+0000] {processor.py:161} INFO - Started process (PID=12668) to work on /home/airflow/.local/lib/python3.8/site-packages/airflow/example_dags/example_sensors.py
[2026-04-19T00:24:08.339+0000] {processor.py:830} INFO - Processing file /home/airflow/.local/lib/python3.8/site-packages/airflow/example_dags/example_sensors.py for tasks to queue
[2026-04-19T00:24:08.343+0000] {logging_mixin.py:188} INFO - [2026-04-19T00:24:08.342+0000] {dagbag.py:538} INFO - Filling up the DagBag from /home/airflow/.local/lib/python3.8/site-packages/airflow/example_dags/example_sensors.py
[2026-04-19T00:24:08.356+0000] {processor.py:840} INFO - DAG(s) 'example_sensors' retrieved from /home/airflow/.local/lib/python3.8/site-packages/airflow/example_dags/example_sensors.py
[2026-04-19T00:24:08.395+0000] {logging_mixin.py:188} INFO - [2026-04-19T00:24:08.395+0000] {dag.py:3036} INFO - Sync 1 DAGs
[2026-04-19T00:24:08.413+0000] {logging_mixin.py:188} INFO - [2026-04-19T00:24:08.412+0000] {dag.py:3823} INFO - Setting next_dagrun for example_sensors to None, run_after=None
[2026-04-19T00:24:08.437+0000] {processor.py:183} INFO - Processing /home/airflow/.local/lib/python3.8/site-packages/airflow/example_dags/example_sensors.py took 0.104 seconds
