[2026-04-19T00:00:16.986+0000] {processor.py:161} INFO - Started process (PID=10079) to work on /home/airflow/.local/lib/python3.8/site-packages/airflow/example_dags/example_dag_decorator.py
[2026-04-19T00:00:16.988+0000] {processor.py:830} INFO - Processing file /home/airflow/.local/lib/python3.8/site-packages/airflow/example_dags/example_dag_decorator.py for tasks to queue
[2026-04-19T00:00:16.990+0000] {logging_mixin.py:188} INFO - [2026-04-19T00:00:16.990+0000] {dagbag.py:538} INFO - Filling up the DagBag from /home/airflow/.local/lib/python3.8/site-packages/airflow/example_dags/example_dag_decorator.py
[2026-04-19T00:00:17.116+0000] {processor.py:840} INFO - DAG(s) 'example_dag_decorator' retrieved from /home/airflow/.local/lib/python3.8/site-packages/airflow/example_dags/example_dag_decorator.py
[2026-04-19T00:00:17.260+0000] {logging_mixin.py:188} INFO - [2026-04-19T00:00:17.260+0000] {dag.py:3036} INFO - Sync 1 DAGs
[2026-04-19T00:00:17.274+0000] {logging_mixin.py:188} INFO - [2026-04-19T00:00:17.274+0000] {dag.py:3823} INFO - Setting next_dagrun for example_dag_decorator to None, run_after=None
[2026-04-19T00:00:17.308+0000] {processor.py:183} INFO - Processing /home/airflow/.local/lib/python3.8/site-packages/airflow/example_dags/example_dag_decorator.py took 0.327 seconds
[2026-04-19T00:00:47.547+0000] {processor.py:161} INFO - Started process (PID=10134) to work on /home/airflow/.local/lib/python3.8/site-packages/airflow/example_dags/example_dag_decorator.py
[2026-04-19T00:00:47.548+0000] {processor.py:830} INFO - Processing file /home/airflow/.local/lib/python3.8/site-packages/airflow/example_dags/example_dag_decorator.py for tasks to queue
[2026-04-19T00:00:47.551+0000] {logging_mixin.py:188} INFO - [2026-04-19T00:00:47.550+0000] {dagbag.py:538} INFO - Filling up the DagBag from /home/airflow/.local/lib/python3.8/site-packages/airflow/example_dags/example_dag_decorator.py
[2026-04-19T00:00:47.670+0000] {processor.py:840} INFO - DAG(s) 'example_dag_decorator' retrieved from /home/airflow/.local/lib/python3.8/site-packages/airflow/example_dags/example_dag_decorator.py
[2026-04-19T00:00:47.705+0000] {logging_mixin.py:188} INFO - [2026-04-19T00:00:47.704+0000] {dag.py:3036} INFO - Sync 1 DAGs
[2026-04-19T00:00:47.722+0000] {logging_mixin.py:188} INFO - [2026-04-19T00:00:47.722+0000] {dag.py:3823} INFO - Setting next_dagrun for example_dag_decorator to None, run_after=None
[2026-04-19T00:00:47.756+0000] {processor.py:183} INFO - Processing /home/airflow/.local/lib/python3.8/site-packages/airflow/example_dags/example_dag_decorator.py took 0.214 seconds
[2026-04-19T00:01:17.940+0000] {processor.py:161} INFO - Started process (PID=10189) to work on /home/airflow/.local/lib/python3.8/site-packages/airflow/example_dags/example_dag_decorator.py
[2026-04-19T00:01:17.941+0000] {processor.py:830} INFO - Processing file /home/airflow/.local/lib/python3.8/site-packages/airflow/example_dags/example_dag_decorator.py for tasks to queue
[2026-04-19T00:01:17.943+0000] {logging_mixin.py:188} INFO - [2026-04-19T00:01:17.943+0000] {dagbag.py:538} INFO - Filling up the DagBag from /home/airflow/.local/lib/python3.8/site-packages/airflow/example_dags/example_dag_decorator.py
[2026-04-19T00:01:18.061+0000] {processor.py:840} INFO - DAG(s) 'example_dag_decorator' retrieved from /home/airflow/.local/lib/python3.8/site-packages/airflow/example_dags/example_dag_decorator.py
[2026-04-19T00:01:18.196+0000] {logging_mixin.py:188} INFO - [2026-04-19T00:01:18.196+0000] {dag.py:3036} INFO - Sync 1 DAGs
[2026-04-19T00:01:18.211+0000] {logging_mixin.py:188} INFO - [2026-04-19T00:01:18.211+0000] {dag.py:3823} INFO - Setting next_dagrun for example_dag_decorator to None, run_after=None
[2026-04-19T00:01:18.242+0000] {processor.py:183} INFO - Processing /home/airflow/.local/lib/python3.8/site-packages/airflow/example_dags/example_dag_decorator.py took 0.307 seconds
[2026-04-19T00:01:48.320+0000] {processor.py:161} INFO - Started process (PID=10244) to work on /home/airflow/.local/lib/python3.8/site-packages/airflow/example_dags/example_dag_decorator.py
[2026-04-19T00:01:48.321+0000] {processor.py:830} INFO - Processing file /home/airflow/.local/lib/python3.8/site-packages/airflow/example_dags/example_dag_decorator.py for tasks to queue
[2026-04-19T00:01:48.324+0000] {logging_mixin.py:188} INFO - [2026-04-19T00:01:48.323+0000] {dagbag.py:538} INFO - Filling up the DagBag from /home/airflow/.local/lib/python3.8/site-packages/airflow/example_dags/example_dag_decorator.py
[2026-04-19T00:01:48.442+0000] {processor.py:840} INFO - DAG(s) 'example_dag_decorator' retrieved from /home/airflow/.local/lib/python3.8/site-packages/airflow/example_dags/example_dag_decorator.py
[2026-04-19T00:01:48.475+0000] {logging_mixin.py:188} INFO - [2026-04-19T00:01:48.475+0000] {dag.py:3036} INFO - Sync 1 DAGs
[2026-04-19T00:01:48.494+0000] {logging_mixin.py:188} INFO - [2026-04-19T00:01:48.494+0000] {dag.py:3823} INFO - Setting next_dagrun for example_dag_decorator to None, run_after=None
[2026-04-19T00:01:48.527+0000] {processor.py:183} INFO - Processing /home/airflow/.local/lib/python3.8/site-packages/airflow/example_dags/example_dag_decorator.py took 0.213 seconds
[2026-04-19T00:02:18.596+0000] {processor.py:161} INFO - Started process (PID=10299) to work on /home/airflow/.local/lib/python3.8/site-packages/airflow/example_dags/example_dag_decorator.py
[2026-04-19T00:02:18.598+0000] {processor.py:830} INFO - Processing file /home/airflow/.local/lib/python3.8/site-packages/airflow/example_dags/example_dag_decorator.py for tasks to queue
[2026-04-19T00:02:18.600+0000] {logging_mixin.py:188} INFO - [2026-04-19T00:02:18.600+0000] {dagbag.py:538} INFO - Filling up the DagBag from /home/airflow/.local/lib/python3.8/site-packages/airflow/example_dags/example_dag_decorator.py
[2026-04-19T00:02:18.722+0000] {processor.py:840} INFO - DAG(s) 'example_dag_decorator' retrieved from /home/airflow/.local/lib/python3.8/site-packages/airflow/example_dags/example_dag_decorator.py
[2026-04-19T00:02:18.755+0000] {logging_mixin.py:188} INFO - [2026-04-19T00:02:18.755+0000] {dag.py:3036} INFO - Sync 1 DAGs
[2026-04-19T00:02:18.771+0000] {logging_mixin.py:188} INFO - [2026-04-19T00:02:18.770+0000] {dag.py:3823} INFO - Setting next_dagrun for example_dag_decorator to None, run_after=None
[2026-04-19T00:02:18.803+0000] {processor.py:183} INFO - Processing /home/airflow/.local/lib/python3.8/site-packages/airflow/example_dags/example_dag_decorator.py took 0.212 seconds
[2026-04-19T00:02:48.844+0000] {processor.py:161} INFO - Started process (PID=10354) to work on /home/airflow/.local/lib/python3.8/site-packages/airflow/example_dags/example_dag_decorator.py
[2026-04-19T00:02:48.846+0000] {processor.py:830} INFO - Processing file /home/airflow/.local/lib/python3.8/site-packages/airflow/example_dags/example_dag_decorator.py for tasks to queue
[2026-04-19T00:02:48.849+0000] {logging_mixin.py:188} INFO - [2026-04-19T00:02:48.848+0000] {dagbag.py:538} INFO - Filling up the DagBag from /home/airflow/.local/lib/python3.8/site-packages/airflow/example_dags/example_dag_decorator.py
[2026-04-19T00:02:48.970+0000] {processor.py:840} INFO - DAG(s) 'example_dag_decorator' retrieved from /home/airflow/.local/lib/python3.8/site-packages/airflow/example_dags/example_dag_decorator.py
[2026-04-19T00:02:49.113+0000] {logging_mixin.py:188} INFO - [2026-04-19T00:02:49.112+0000] {dag.py:3036} INFO - Sync 1 DAGs
[2026-04-19T00:02:49.127+0000] {logging_mixin.py:188} INFO - [2026-04-19T00:02:49.127+0000] {dag.py:3823} INFO - Setting next_dagrun for example_dag_decorator to None, run_after=None
[2026-04-19T00:02:49.153+0000] {processor.py:183} INFO - Processing /home/airflow/.local/lib/python3.8/site-packages/airflow/example_dags/example_dag_decorator.py took 0.314 seconds
[2026-04-19T00:03:19.214+0000] {processor.py:161} INFO - Started process (PID=10409) to work on /home/airflow/.local/lib/python3.8/site-packages/airflow/example_dags/example_dag_decorator.py
[2026-04-19T00:03:19.215+0000] {processor.py:830} INFO - Processing file /home/airflow/.local/lib/python3.8/site-packages/airflow/example_dags/example_dag_decorator.py for tasks to queue
[2026-04-19T00:03:19.218+0000] {logging_mixin.py:188} INFO - [2026-04-19T00:03:19.217+0000] {dagbag.py:538} INFO - Filling up the DagBag from /home/airflow/.local/lib/python3.8/site-packages/airflow/example_dags/example_dag_decorator.py
[2026-04-19T00:03:19.336+0000] {processor.py:840} INFO - DAG(s) 'example_dag_decorator' retrieved from /home/airflow/.local/lib/python3.8/site-packages/airflow/example_dags/example_dag_decorator.py
[2026-04-19T00:03:19.477+0000] {logging_mixin.py:188} INFO - [2026-04-19T00:03:19.476+0000] {dag.py:3036} INFO - Sync 1 DAGs
[2026-04-19T00:03:19.493+0000] {logging_mixin.py:188} INFO - [2026-04-19T00:03:19.493+0000] {dag.py:3823} INFO - Setting next_dagrun for example_dag_decorator to None, run_after=None
[2026-04-19T00:03:19.518+0000] {processor.py:183} INFO - Processing /home/airflow/.local/lib/python3.8/site-packages/airflow/example_dags/example_dag_decorator.py took 0.310 seconds
[2026-04-19T00:03:49.578+0000] {processor.py:161} INFO - Started process (PID=10464) to work on /home/airflow/.local/lib/python3.8/site-packages/airflow/example_dags/example_dag_decorator.py
[2026-04-19T00:03:49.579+0000] {processor.py:830} INFO - Processing file /home/airflow/.local/lib/python3.8/site-packages/airflow/example_dags/example_dag_decorator.py for tasks to queue
[2026-04-19T00:03:49.582+0000] {logging_mixin.py:188} INFO - [2026-04-19T00:03:49.581+0000] {dagbag.py:538} INFO - Filling up the DagBag from /home/airflow/.local/lib/python3.8/site-packages/airflow/example_dags/example_dag_decorator.py
[2026-04-19T00:03:49.700+0000] {processor.py:840} INFO - DAG(s) 'example_dag_decorator' retrieved from /home/airflow/.local/lib/python3.8/site-packages/airflow/example_dags/example_dag_decorator.py
[2026-04-19T00:03:49.848+0000] {logging_mixin.py:188} INFO - [2026-04-19T00:03:49.847+0000] {dag.py:3036} INFO - Sync 1 DAGs
[2026-04-19T00:03:49.861+0000] {logging_mixin.py:188} INFO - [2026-04-19T00:03:49.861+0000] {dag.py:3823} INFO - Setting next_dagrun for example_dag_decorator to None, run_after=None
[2026-04-19T00:03:49.895+0000] {processor.py:183} INFO - Processing /home/airflow/.local/lib/python3.8/site-packages/airflow/example_dags/example_dag_decorator.py took 0.322 seconds
[2026-04-19T00:04:20.100+0000] {processor.py:161} INFO - Started process (PID=10519) to work on /home/airflow/.local/lib/python3.8/site-packages/airflow/example_dags/example_dag_decorator.py
[2026-04-19T00:04:20.101+0000] {processor.py:830} INFO - Processing file /home/airflow/.local/lib/python3.8/site-packages/airflow/example_dags/example_dag_decorator.py for tasks to queue
[2026-04-19T00:04:20.104+0000] {logging_mixin.py:188} INFO - [2026-04-19T00:04:20.104+0000] {dagbag.py:538} INFO - Filling up the DagBag from /home/airflow/.local/lib/python3.8/site-packages/airflow/example_dags/example_dag_decorator.py
[2026-04-19T00:04:20.231+0000] {processor.py:840} INFO - DAG(s) 'example_dag_decorator' retrieved from /home/airflow/.local/lib/python3.8/site-packages/airflow/example_dags/example_dag_decorator.py
[2026-04-19T00:04:20.378+0000] {logging_mixin.py:188} INFO - [2026-04-19T00:04:20.378+0000] {dag.py:3036} INFO - Sync 1 DAGs
[2026-04-19T00:04:20.394+0000] {logging_mixin.py:188} INFO - [2026-04-19T00:04:20.393+0000] {dag.py:3823} INFO - Setting next_dagrun for example_dag_decorator to None, run_after=None
[2026-04-19T00:04:20.418+0000] {processor.py:183} INFO - Processing /home/airflow/.local/lib/python3.8/site-packages/airflow/example_dags/example_dag_decorator.py took 0.324 seconds
[2026-04-19T00:04:50.471+0000] {processor.py:161} INFO - Started process (PID=10574) to work on /home/airflow/.local/lib/python3.8/site-packages/airflow/example_dags/example_dag_decorator.py
[2026-04-19T00:04:50.474+0000] {processor.py:830} INFO - Processing file /home/airflow/.local/lib/python3.8/site-packages/airflow/example_dags/example_dag_decorator.py for tasks to queue
[2026-04-19T00:04:50.478+0000] {logging_mixin.py:188} INFO - [2026-04-19T00:04:50.477+0000] {dagbag.py:538} INFO - Filling up the DagBag from /home/airflow/.local/lib/python3.8/site-packages/airflow/example_dags/example_dag_decorator.py
[2026-04-19T00:04:50.643+0000] {processor.py:840} INFO - DAG(s) 'example_dag_decorator' retrieved from /home/airflow/.local/lib/python3.8/site-packages/airflow/example_dags/example_dag_decorator.py
[2026-04-19T00:04:50.828+0000] {logging_mixin.py:188} INFO - [2026-04-19T00:04:50.828+0000] {dag.py:3036} INFO - Sync 1 DAGs
[2026-04-19T00:04:50.849+0000] {logging_mixin.py:188} INFO - [2026-04-19T00:04:50.849+0000] {dag.py:3823} INFO - Setting next_dagrun for example_dag_decorator to None, run_after=None
[2026-04-19T00:04:50.885+0000] {processor.py:183} INFO - Processing /home/airflow/.local/lib/python3.8/site-packages/airflow/example_dags/example_dag_decorator.py took 0.421 seconds
[2026-04-19T00:05:21.598+0000] {processor.py:161} INFO - Started process (PID=10629) to work on /home/airflow/.local/lib/python3.8/site-packages/airflow/example_dags/example_dag_decorator.py
[2026-04-19T00:05:21.607+0000] {processor.py:830} INFO - Processing file /home/airflow/.local/lib/python3.8/site-packages/airflow/example_dags/example_dag_decorator.py for tasks to queue
[2026-04-19T00:05:21.609+0000] {logging_mixin.py:188} INFO - [2026-04-19T00:05:21.609+0000] {dagbag.py:538} INFO - Filling up the DagBag from /home/airflow/.local/lib/python3.8/site-packages/airflow/example_dags/example_dag_decorator.py
[2026-04-19T00:05:21.733+0000] {processor.py:840} INFO - DAG(s) 'example_dag_decorator' retrieved from /home/airflow/.local/lib/python3.8/site-packages/airflow/example_dags/example_dag_decorator.py
[2026-04-19T00:05:21.883+0000] {logging_mixin.py:188} INFO - [2026-04-19T00:05:21.882+0000] {dag.py:3036} INFO - Sync 1 DAGs
[2026-04-19T00:05:21.896+0000] {logging_mixin.py:188} INFO - [2026-04-19T00:05:21.896+0000] {dag.py:3823} INFO - Setting next_dagrun for example_dag_decorator to None, run_after=None
[2026-04-19T00:05:21.924+0000] {processor.py:183} INFO - Processing /home/airflow/.local/lib/python3.8/site-packages/airflow/example_dags/example_dag_decorator.py took 0.331 seconds
[2026-04-19T00:05:52.029+0000] {processor.py:161} INFO - Started process (PID=10684) to work on /home/airflow/.local/lib/python3.8/site-packages/airflow/example_dags/example_dag_decorator.py
[2026-04-19T00:05:52.030+0000] {processor.py:830} INFO - Processing file /home/airflow/.local/lib/python3.8/site-packages/airflow/example_dags/example_dag_decorator.py for tasks to queue
[2026-04-19T00:05:52.032+0000] {logging_mixin.py:188} INFO - [2026-04-19T00:05:52.032+0000] {dagbag.py:538} INFO - Filling up the DagBag from /home/airflow/.local/lib/python3.8/site-packages/airflow/example_dags/example_dag_decorator.py
[2026-04-19T00:05:52.149+0000] {processor.py:840} INFO - DAG(s) 'example_dag_decorator' retrieved from /home/airflow/.local/lib/python3.8/site-packages/airflow/example_dags/example_dag_decorator.py
[2026-04-19T00:05:52.290+0000] {logging_mixin.py:188} INFO - [2026-04-19T00:05:52.289+0000] {dag.py:3036} INFO - Sync 1 DAGs
[2026-04-19T00:05:52.302+0000] {logging_mixin.py:188} INFO - [2026-04-19T00:05:52.302+0000] {dag.py:3823} INFO - Setting next_dagrun for example_dag_decorator to None, run_after=None
[2026-04-19T00:05:52.325+0000] {processor.py:183} INFO - Processing /home/airflow/.local/lib/python3.8/site-packages/airflow/example_dags/example_dag_decorator.py took 0.301 seconds
[2026-04-19T00:06:22.489+0000] {processor.py:161} INFO - Started process (PID=10739) to work on /home/airflow/.local/lib/python3.8/site-packages/airflow/example_dags/example_dag_decorator.py
[2026-04-19T00:06:22.498+0000] {processor.py:830} INFO - Processing file /home/airflow/.local/lib/python3.8/site-packages/airflow/example_dags/example_dag_decorator.py for tasks to queue
[2026-04-19T00:06:22.502+0000] {logging_mixin.py:188} INFO - [2026-04-19T00:06:22.501+0000] {dagbag.py:538} INFO - Filling up the DagBag from /home/airflow/.local/lib/python3.8/site-packages/airflow/example_dags/example_dag_decorator.py
[2026-04-19T00:06:22.634+0000] {processor.py:840} INFO - DAG(s) 'example_dag_decorator' retrieved from /home/airflow/.local/lib/python3.8/site-packages/airflow/example_dags/example_dag_decorator.py
[2026-04-19T00:06:22.787+0000] {logging_mixin.py:188} INFO - [2026-04-19T00:06:22.786+0000] {dag.py:3036} INFO - Sync 1 DAGs
[2026-04-19T00:06:22.804+0000] {logging_mixin.py:188} INFO - [2026-04-19T00:06:22.803+0000] {dag.py:3823} INFO - Setting next_dagrun for example_dag_decorator to None, run_after=None
[2026-04-19T00:06:22.829+0000] {processor.py:183} INFO - Processing /home/airflow/.local/lib/python3.8/site-packages/airflow/example_dags/example_dag_decorator.py took 0.346 seconds
[2026-04-19T00:06:52.917+0000] {processor.py:161} INFO - Started process (PID=10796) to work on /home/airflow/.local/lib/python3.8/site-packages/airflow/example_dags/example_dag_decorator.py
[2026-04-19T00:06:52.919+0000] {processor.py:830} INFO - Processing file /home/airflow/.local/lib/python3.8/site-packages/airflow/example_dags/example_dag_decorator.py for tasks to queue
[2026-04-19T00:06:52.921+0000] {logging_mixin.py:188} INFO - [2026-04-19T00:06:52.920+0000] {dagbag.py:538} INFO - Filling up the DagBag from /home/airflow/.local/lib/python3.8/site-packages/airflow/example_dags/example_dag_decorator.py
[2026-04-19T00:06:53.042+0000] {processor.py:840} INFO - DAG(s) 'example_dag_decorator' retrieved from /home/airflow/.local/lib/python3.8/site-packages/airflow/example_dags/example_dag_decorator.py
[2026-04-19T00:06:53.184+0000] {logging_mixin.py:188} INFO - [2026-04-19T00:06:53.183+0000] {dag.py:3036} INFO - Sync 1 DAGs
[2026-04-19T00:06:53.198+0000] {logging_mixin.py:188} INFO - [2026-04-19T00:06:53.198+0000] {dag.py:3823} INFO - Setting next_dagrun for example_dag_decorator to None, run_after=None
[2026-04-19T00:06:53.233+0000] {processor.py:183} INFO - Processing /home/airflow/.local/lib/python3.8/site-packages/airflow/example_dags/example_dag_decorator.py took 0.321 seconds
[2026-04-19T00:07:24.183+0000] {processor.py:161} INFO - Started process (PID=10851) to work on /home/airflow/.local/lib/python3.8/site-packages/airflow/example_dags/example_dag_decorator.py
[2026-04-19T00:07:24.184+0000] {processor.py:830} INFO - Processing file /home/airflow/.local/lib/python3.8/site-packages/airflow/example_dags/example_dag_decorator.py for tasks to queue
[2026-04-19T00:07:24.187+0000] {logging_mixin.py:188} INFO - [2026-04-19T00:07:24.186+0000] {dagbag.py:538} INFO - Filling up the DagBag from /home/airflow/.local/lib/python3.8/site-packages/airflow/example_dags/example_dag_decorator.py
[2026-04-19T00:07:24.315+0000] {processor.py:840} INFO - DAG(s) 'example_dag_decorator' retrieved from /home/airflow/.local/lib/python3.8/site-packages/airflow/example_dags/example_dag_decorator.py
[2026-04-19T00:07:24.457+0000] {logging_mixin.py:188} INFO - [2026-04-19T00:07:24.457+0000] {dag.py:3036} INFO - Sync 1 DAGs
[2026-04-19T00:07:24.472+0000] {logging_mixin.py:188} INFO - [2026-04-19T00:07:24.471+0000] {dag.py:3823} INFO - Setting next_dagrun for example_dag_decorator to None, run_after=None
[2026-04-19T00:07:24.497+0000] {processor.py:183} INFO - Processing /home/airflow/.local/lib/python3.8/site-packages/airflow/example_dags/example_dag_decorator.py took 0.319 seconds
[2026-04-19T00:07:54.589+0000] {processor.py:161} INFO - Started process (PID=10908) to work on /home/airflow/.local/lib/python3.8/site-packages/airflow/example_dags/example_dag_decorator.py
[2026-04-19T00:07:54.590+0000] {processor.py:830} INFO - Processing file /home/airflow/.local/lib/python3.8/site-packages/airflow/example_dags/example_dag_decorator.py for tasks to queue
[2026-04-19T00:07:54.593+0000] {logging_mixin.py:188} INFO - [2026-04-19T00:07:54.592+0000] {dagbag.py:538} INFO - Filling up the DagBag from /home/airflow/.local/lib/python3.8/site-packages/airflow/example_dags/example_dag_decorator.py
[2026-04-19T00:07:54.721+0000] {processor.py:840} INFO - DAG(s) 'example_dag_decorator' retrieved from /home/airflow/.local/lib/python3.8/site-packages/airflow/example_dags/example_dag_decorator.py
[2026-04-19T00:07:54.862+0000] {logging_mixin.py:188} INFO - [2026-04-19T00:07:54.862+0000] {dag.py:3036} INFO - Sync 1 DAGs
[2026-04-19T00:07:54.876+0000] {logging_mixin.py:188} INFO - [2026-04-19T00:07:54.876+0000] {dag.py:3823} INFO - Setting next_dagrun for example_dag_decorator to None, run_after=None
[2026-04-19T00:07:54.900+0000] {processor.py:183} INFO - Processing /home/airflow/.local/lib/python3.8/site-packages/airflow/example_dags/example_dag_decorator.py took 0.317 seconds
[2026-04-19T00:08:25.015+0000] {processor.py:161} INFO - Started process (PID=10965) to work on /home/airflow/.local/lib/python3.8/site-packages/airflow/example_dags/example_dag_decorator.py
[2026-04-19T00:08:25.017+0000] {processor.py:830} INFO - Processing file /home/airflow/.local/lib/python3.8/site-packages/airflow/example_dags/example_dag_decorator.py for tasks to queue
[2026-04-19T00:08:25.020+0000] {logging_mixin.py:188} INFO - [2026-04-19T00:08:25.019+0000] {dagbag.py:538} INFO - Filling up the DagBag from /home/airflow/.local/lib/python3.8/site-packages/airflow/example_dags/example_dag_decorator.py
[2026-04-19T00:08:25.148+0000] {processor.py:840} INFO - DAG(s) 'example_dag_decorator' retrieved from /home/airflow/.local/lib/python3.8/site-packages/airflow/example_dags/example_dag_decorator.py
[2026-04-19T00:08:25.290+0000] {logging_mixin.py:188} INFO - [2026-04-19T00:08:25.290+0000] {dag.py:3036} INFO - Sync 1 DAGs
[2026-04-19T00:08:25.304+0000] {logging_mixin.py:188} INFO - [2026-04-19T00:08:25.304+0000] {dag.py:3823} INFO - Setting next_dagrun for example_dag_decorator to None, run_after=None
[2026-04-19T00:08:25.328+0000] {processor.py:183} INFO - Processing /home/airflow/.local/lib/python3.8/site-packages/airflow/example_dags/example_dag_decorator.py took 0.318 seconds
[2026-04-19T00:08:55.612+0000] {processor.py:161} INFO - Started process (PID=11021) to work on /home/airflow/.local/lib/python3.8/site-packages/airflow/example_dags/example_dag_decorator.py
[2026-04-19T00:08:55.613+0000] {processor.py:830} INFO - Processing file /home/airflow/.local/lib/python3.8/site-packages/airflow/example_dags/example_dag_decorator.py for tasks to queue
[2026-04-19T00:08:55.616+0000] {logging_mixin.py:188} INFO - [2026-04-19T00:08:55.615+0000] {dagbag.py:538} INFO - Filling up the DagBag from /home/airflow/.local/lib/python3.8/site-packages/airflow/example_dags/example_dag_decorator.py
[2026-04-19T00:08:55.736+0000] {processor.py:840} INFO - DAG(s) 'example_dag_decorator' retrieved from /home/airflow/.local/lib/python3.8/site-packages/airflow/example_dags/example_dag_decorator.py
[2026-04-19T00:08:55.886+0000] {logging_mixin.py:188} INFO - [2026-04-19T00:08:55.886+0000] {dag.py:3036} INFO - Sync 1 DAGs
[2026-04-19T00:08:55.902+0000] {logging_mixin.py:188} INFO - [2026-04-19T00:08:55.901+0000] {dag.py:3823} INFO - Setting next_dagrun for example_dag_decorator to None, run_after=None
[2026-04-19T00:08:55.936+0000] {processor.py:183} INFO - Processing /home/airflow/.local/lib/python3.8/site-packages/airflow/example_dags/example_dag_decorator.py took 0.329 seconds
[2026-04-19T00:09:26.670+0000] {processor.py:161} INFO - Started process (PID=11076) to work on /home/airflow/.local/lib/python3.8/site-packages/airflow/example_dags/example_dag_decorator.py
[2026-04-19T00:09:26.680+0000] {processor.py:830} INFO - Processing file /home/airflow/.local/lib/python3.8/site-packages/airflow/example_dags/example_dag_decorator.py for tasks to queue
[2026-04-19T00:09:26.683+0000] {logging_mixin.py:188} INFO - [2026-04-19T00:09:26.683+0000] {dagbag.py:538} INFO - Filling up the DagBag from /home/airflow/.local/lib/python3.8/site-packages/airflow/example_dags/example_dag_decorator.py
[2026-04-19T00:09:26.807+0000] {processor.py:840} INFO - DAG(s) 'example_dag_decorator' retrieved from /home/airflow/.local/lib/python3.8/site-packages/airflow/example_dags/example_dag_decorator.py
[2026-04-19T00:09:26.948+0000] {logging_mixin.py:188} INFO - [2026-04-19T00:09:26.947+0000] {dag.py:3036} INFO - Sync 1 DAGs
[2026-04-19T00:09:26.962+0000] {logging_mixin.py:188} INFO - [2026-04-19T00:09:26.962+0000] {dag.py:3823} INFO - Setting next_dagrun for example_dag_decorator to None, run_after=None
[2026-04-19T00:09:26.995+0000] {processor.py:183} INFO - Processing /home/airflow/.local/lib/python3.8/site-packages/airflow/example_dags/example_dag_decorator.py took 0.330 seconds
[2026-04-19T00:09:57.409+0000] {processor.py:161} INFO - Started process (PID=11131) to work on /home/airflow/.local/lib/python3.8/site-packages/airflow/example_dags/example_dag_decorator.py
[2026-04-19T00:09:57.419+0000] {processor.py:830} INFO - Processing file /home/airflow/.local/lib/python3.8/site-packages/airflow/example_dags/example_dag_decorator.py for tasks to queue
[2026-04-19T00:09:57.421+0000] {logging_mixin.py:188} INFO - [2026-04-19T00:09:57.421+0000] {dagbag.py:538} INFO - Filling up the DagBag from /home/airflow/.local/lib/python3.8/site-packages/airflow/example_dags/example_dag_decorator.py
[2026-04-19T00:09:57.551+0000] {processor.py:840} INFO - DAG(s) 'example_dag_decorator' retrieved from /home/airflow/.local/lib/python3.8/site-packages/airflow/example_dags/example_dag_decorator.py
[2026-04-19T00:09:57.701+0000] {logging_mixin.py:188} INFO - [2026-04-19T00:09:57.701+0000] {dag.py:3036} INFO - Sync 1 DAGs
[2026-04-19T00:09:57.720+0000] {logging_mixin.py:188} INFO - [2026-04-19T00:09:57.720+0000] {dag.py:3823} INFO - Setting next_dagrun for example_dag_decorator to None, run_after=None
[2026-04-19T00:09:57.745+0000] {processor.py:183} INFO - Processing /home/airflow/.local/lib/python3.8/site-packages/airflow/example_dags/example_dag_decorator.py took 0.342 seconds
[2026-04-19T00:10:27.818+0000] {processor.py:161} INFO - Started process (PID=11186) to work on /home/airflow/.local/lib/python3.8/site-packages/airflow/example_dags/example_dag_decorator.py
[2026-04-19T00:10:27.820+0000] {processor.py:830} INFO - Processing file /home/airflow/.local/lib/python3.8/site-packages/airflow/example_dags/example_dag_decorator.py for tasks to queue
[2026-04-19T00:10:27.822+0000] {logging_mixin.py:188} INFO - [2026-04-19T00:10:27.822+0000] {dagbag.py:538} INFO - Filling up the DagBag from /home/airflow/.local/lib/python3.8/site-packages/airflow/example_dags/example_dag_decorator.py
[2026-04-19T00:10:27.956+0000] {processor.py:840} INFO - DAG(s) 'example_dag_decorator' retrieved from /home/airflow/.local/lib/python3.8/site-packages/airflow/example_dags/example_dag_decorator.py
[2026-04-19T00:10:28.111+0000] {logging_mixin.py:188} INFO - [2026-04-19T00:10:28.111+0000] {dag.py:3036} INFO - Sync 1 DAGs
[2026-04-19T00:10:28.127+0000] {logging_mixin.py:188} INFO - [2026-04-19T00:10:28.127+0000] {dag.py:3823} INFO - Setting next_dagrun for example_dag_decorator to None, run_after=None
[2026-04-19T00:10:28.161+0000] {processor.py:183} INFO - Processing /home/airflow/.local/lib/python3.8/site-packages/airflow/example_dags/example_dag_decorator.py took 0.349 seconds
[2026-04-19T00:10:58.264+0000] {processor.py:161} INFO - Started process (PID=11241) to work on /home/airflow/.local/lib/python3.8/site-packages/airflow/example_dags/example_dag_decorator.py
[2026-04-19T00:10:58.274+0000] {processor.py:830} INFO - Processing file /home/airflow/.local/lib/python3.8/site-packages/airflow/example_dags/example_dag_decorator.py for tasks to queue
[2026-04-19T00:10:58.277+0000] {logging_mixin.py:188} INFO - [2026-04-19T00:10:58.276+0000] {dagbag.py:538} INFO - Filling up the DagBag from /home/airflow/.local/lib/python3.8/site-packages/airflow/example_dags/example_dag_decorator.py
[2026-04-19T00:10:58.409+0000] {processor.py:840} INFO - DAG(s) 'example_dag_decorator' retrieved from /home/airflow/.local/lib/python3.8/site-packages/airflow/example_dags/example_dag_decorator.py
[2026-04-19T00:10:58.565+0000] {logging_mixin.py:188} INFO - [2026-04-19T00:10:58.564+0000] {dag.py:3036} INFO - Sync 1 DAGs
[2026-04-19T00:10:58.580+0000] {logging_mixin.py:188} INFO - [2026-04-19T00:10:58.579+0000] {dag.py:3823} INFO - Setting next_dagrun for example_dag_decorator to None, run_after=None
[2026-04-19T00:10:58.606+0000] {processor.py:183} INFO - Processing /home/airflow/.local/lib/python3.8/site-packages/airflow/example_dags/example_dag_decorator.py took 0.347 seconds
[2026-04-19T00:11:28.760+0000] {processor.py:161} INFO - Started process (PID=11296) to work on /home/airflow/.local/lib/python3.8/site-packages/airflow/example_dags/example_dag_decorator.py
[2026-04-19T00:11:28.770+0000] {processor.py:830} INFO - Processing file /home/airflow/.local/lib/python3.8/site-packages/airflow/example_dags/example_dag_decorator.py for tasks to queue
[2026-04-19T00:11:28.772+0000] {logging_mixin.py:188} INFO - [2026-04-19T00:11:28.772+0000] {dagbag.py:538} INFO - Filling up the DagBag from /home/airflow/.local/lib/python3.8/site-packages/airflow/example_dags/example_dag_decorator.py
[2026-04-19T00:11:28.908+0000] {processor.py:840} INFO - DAG(s) 'example_dag_decorator' retrieved from /home/airflow/.local/lib/python3.8/site-packages/airflow/example_dags/example_dag_decorator.py
[2026-04-19T00:11:29.069+0000] {logging_mixin.py:188} INFO - [2026-04-19T00:11:29.069+0000] {dag.py:3036} INFO - Sync 1 DAGs
[2026-04-19T00:11:29.084+0000] {logging_mixin.py:188} INFO - [2026-04-19T00:11:29.083+0000] {dag.py:3823} INFO - Setting next_dagrun for example_dag_decorator to None, run_after=None
[2026-04-19T00:11:29.110+0000] {processor.py:183} INFO - Processing /home/airflow/.local/lib/python3.8/site-packages/airflow/example_dags/example_dag_decorator.py took 0.355 seconds
[2026-04-19T00:11:59.382+0000] {processor.py:161} INFO - Started process (PID=11351) to work on /home/airflow/.local/lib/python3.8/site-packages/airflow/example_dags/example_dag_decorator.py
[2026-04-19T00:11:59.383+0000] {processor.py:830} INFO - Processing file /home/airflow/.local/lib/python3.8/site-packages/airflow/example_dags/example_dag_decorator.py for tasks to queue
[2026-04-19T00:11:59.386+0000] {logging_mixin.py:188} INFO - [2026-04-19T00:11:59.386+0000] {dagbag.py:538} INFO - Filling up the DagBag from /home/airflow/.local/lib/python3.8/site-packages/airflow/example_dags/example_dag_decorator.py
[2026-04-19T00:11:59.507+0000] {processor.py:840} INFO - DAG(s) 'example_dag_decorator' retrieved from /home/airflow/.local/lib/python3.8/site-packages/airflow/example_dags/example_dag_decorator.py
[2026-04-19T00:11:59.542+0000] {logging_mixin.py:188} INFO - [2026-04-19T00:11:59.542+0000] {dag.py:3036} INFO - Sync 1 DAGs
[2026-04-19T00:11:59.558+0000] {logging_mixin.py:188} INFO - [2026-04-19T00:11:59.558+0000] {dag.py:3823} INFO - Setting next_dagrun for example_dag_decorator to None, run_after=None
[2026-04-19T00:11:59.580+0000] {processor.py:183} INFO - Processing /home/airflow/.local/lib/python3.8/site-packages/airflow/example_dags/example_dag_decorator.py took 0.202 seconds
[2026-04-19T00:12:29.660+0000] {processor.py:161} INFO - Started process (PID=11406) to work on /home/airflow/.local/lib/python3.8/site-packages/airflow/example_dags/example_dag_decorator.py
[2026-04-19T00:12:29.670+0000] {processor.py:830} INFO - Processing file /home/airflow/.local/lib/python3.8/site-packages/airflow/example_dags/example_dag_decorator.py for tasks to queue
[2026-04-19T00:12:29.673+0000] {logging_mixin.py:188} INFO - [2026-04-19T00:12:29.672+0000] {dagbag.py:538} INFO - Filling up the DagBag from /home/airflow/.local/lib/python3.8/site-packages/airflow/example_dags/example_dag_decorator.py
[2026-04-19T00:12:29.801+0000] {processor.py:840} INFO - DAG(s) 'example_dag_decorator' retrieved from /home/airflow/.local/lib/python3.8/site-packages/airflow/example_dags/example_dag_decorator.py
[2026-04-19T00:12:29.950+0000] {logging_mixin.py:188} INFO - [2026-04-19T00:12:29.949+0000] {dag.py:3036} INFO - Sync 1 DAGs
[2026-04-19T00:12:29.965+0000] {logging_mixin.py:188} INFO - [2026-04-19T00:12:29.965+0000] {dag.py:3823} INFO - Setting next_dagrun for example_dag_decorator to None, run_after=None
[2026-04-19T00:12:29.990+0000] {processor.py:183} INFO - Processing /home/airflow/.local/lib/python3.8/site-packages/airflow/example_dags/example_dag_decorator.py took 0.335 seconds
[2026-04-19T00:13:00.111+0000] {processor.py:161} INFO - Started process (PID=11462) to work on /home/airflow/.local/lib/python3.8/site-packages/airflow/example_dags/example_dag_decorator.py
[2026-04-19T00:13:00.115+0000] {processor.py:830} INFO - Processing file /home/airflow/.local/lib/python3.8/site-packages/airflow/example_dags/example_dag_decorator.py for tasks to queue
[2026-04-19T00:13:00.119+0000] {logging_mixin.py:188} INFO - [2026-04-19T00:13:00.118+0000] {dagbag.py:538} INFO - Filling up the DagBag from /home/airflow/.local/lib/python3.8/site-packages/airflow/example_dags/example_dag_decorator.py
[2026-04-19T00:13:00.253+0000] {processor.py:840} INFO - DAG(s) 'example_dag_decorator' retrieved from /home/airflow/.local/lib/python3.8/site-packages/airflow/example_dags/example_dag_decorator.py
[2026-04-19T00:13:00.414+0000] {logging_mixin.py:188} INFO - [2026-04-19T00:13:00.414+0000] {dag.py:3036} INFO - Sync 1 DAGs
[2026-04-19T00:13:00.430+0000] {logging_mixin.py:188} INFO - [2026-04-19T00:13:00.430+0000] {dag.py:3823} INFO - Setting next_dagrun for example_dag_decorator to None, run_after=None
[2026-04-19T00:13:00.456+0000] {processor.py:183} INFO - Processing /home/airflow/.local/lib/python3.8/site-packages/airflow/example_dags/example_dag_decorator.py took 0.350 seconds
[2026-04-19T00:13:30.555+0000] {processor.py:161} INFO - Started process (PID=11516) to work on /home/airflow/.local/lib/python3.8/site-packages/airflow/example_dags/example_dag_decorator.py
[2026-04-19T00:13:30.565+0000] {processor.py:830} INFO - Processing file /home/airflow/.local/lib/python3.8/site-packages/airflow/example_dags/example_dag_decorator.py for tasks to queue
[2026-04-19T00:13:30.568+0000] {logging_mixin.py:188} INFO - [2026-04-19T00:13:30.567+0000] {dagbag.py:538} INFO - Filling up the DagBag from /home/airflow/.local/lib/python3.8/site-packages/airflow/example_dags/example_dag_decorator.py
[2026-04-19T00:13:30.693+0000] {processor.py:840} INFO - DAG(s) 'example_dag_decorator' retrieved from /home/airflow/.local/lib/python3.8/site-packages/airflow/example_dags/example_dag_decorator.py
[2026-04-19T00:13:30.835+0000] {logging_mixin.py:188} INFO - [2026-04-19T00:13:30.835+0000] {dag.py:3036} INFO - Sync 1 DAGs
[2026-04-19T00:13:30.850+0000] {logging_mixin.py:188} INFO - [2026-04-19T00:13:30.850+0000] {dag.py:3823} INFO - Setting next_dagrun for example_dag_decorator to None, run_after=None
[2026-04-19T00:13:30.875+0000] {processor.py:183} INFO - Processing /home/airflow/.local/lib/python3.8/site-packages/airflow/example_dags/example_dag_decorator.py took 0.326 seconds
[2026-04-19T00:14:01.119+0000] {processor.py:161} INFO - Started process (PID=11571) to work on /home/airflow/.local/lib/python3.8/site-packages/airflow/example_dags/example_dag_decorator.py
[2026-04-19T00:14:01.121+0000] {processor.py:830} INFO - Processing file /home/airflow/.local/lib/python3.8/site-packages/airflow/example_dags/example_dag_decorator.py for tasks to queue
[2026-04-19T00:14:01.123+0000] {logging_mixin.py:188} INFO - [2026-04-19T00:14:01.123+0000] {dagbag.py:538} INFO - Filling up the DagBag from /home/airflow/.local/lib/python3.8/site-packages/airflow/example_dags/example_dag_decorator.py
[2026-04-19T00:14:01.248+0000] {processor.py:840} INFO - DAG(s) 'example_dag_decorator' retrieved from /home/airflow/.local/lib/python3.8/site-packages/airflow/example_dags/example_dag_decorator.py
[2026-04-19T00:14:01.284+0000] {logging_mixin.py:188} INFO - [2026-04-19T00:14:01.283+0000] {dag.py:3036} INFO - Sync 1 DAGs
[2026-04-19T00:14:01.301+0000] {logging_mixin.py:188} INFO - [2026-04-19T00:14:01.301+0000] {dag.py:3823} INFO - Setting next_dagrun for example_dag_decorator to None, run_after=None
[2026-04-19T00:14:01.325+0000] {processor.py:183} INFO - Processing /home/airflow/.local/lib/python3.8/site-packages/airflow/example_dags/example_dag_decorator.py took 0.212 seconds
[2026-04-19T00:14:31.604+0000] {processor.py:161} INFO - Started process (PID=11626) to work on /home/airflow/.local/lib/python3.8/site-packages/airflow/example_dags/example_dag_decorator.py
[2026-04-19T00:14:31.613+0000] {processor.py:830} INFO - Processing file /home/airflow/.local/lib/python3.8/site-packages/airflow/example_dags/example_dag_decorator.py for tasks to queue
[2026-04-19T00:14:31.616+0000] {logging_mixin.py:188} INFO - [2026-04-19T00:14:31.615+0000] {dagbag.py:538} INFO - Filling up the DagBag from /home/airflow/.local/lib/python3.8/site-packages/airflow/example_dags/example_dag_decorator.py
[2026-04-19T00:14:31.744+0000] {processor.py:840} INFO - DAG(s) 'example_dag_decorator' retrieved from /home/airflow/.local/lib/python3.8/site-packages/airflow/example_dags/example_dag_decorator.py
[2026-04-19T00:14:31.894+0000] {logging_mixin.py:188} INFO - [2026-04-19T00:14:31.893+0000] {dag.py:3036} INFO - Sync 1 DAGs
[2026-04-19T00:14:31.908+0000] {logging_mixin.py:188} INFO - [2026-04-19T00:14:31.908+0000] {dag.py:3823} INFO - Setting next_dagrun for example_dag_decorator to None, run_after=None
[2026-04-19T00:14:31.935+0000] {processor.py:183} INFO - Processing /home/airflow/.local/lib/python3.8/site-packages/airflow/example_dags/example_dag_decorator.py took 0.337 seconds
[2026-04-19T00:15:02.145+0000] {processor.py:161} INFO - Started process (PID=11683) to work on /home/airflow/.local/lib/python3.8/site-packages/airflow/example_dags/example_dag_decorator.py
[2026-04-19T00:15:02.146+0000] {processor.py:830} INFO - Processing file /home/airflow/.local/lib/python3.8/site-packages/airflow/example_dags/example_dag_decorator.py for tasks to queue
[2026-04-19T00:15:02.149+0000] {logging_mixin.py:188} INFO - [2026-04-19T00:15:02.148+0000] {dagbag.py:538} INFO - Filling up the DagBag from /home/airflow/.local/lib/python3.8/site-packages/airflow/example_dags/example_dag_decorator.py
[2026-04-19T00:15:02.274+0000] {processor.py:840} INFO - DAG(s) 'example_dag_decorator' retrieved from /home/airflow/.local/lib/python3.8/site-packages/airflow/example_dags/example_dag_decorator.py
[2026-04-19T00:15:02.424+0000] {logging_mixin.py:188} INFO - [2026-04-19T00:15:02.423+0000] {dag.py:3036} INFO - Sync 1 DAGs
[2026-04-19T00:15:02.437+0000] {logging_mixin.py:188} INFO - [2026-04-19T00:15:02.437+0000] {dag.py:3823} INFO - Setting next_dagrun for example_dag_decorator to None, run_after=None
[2026-04-19T00:15:02.462+0000] {processor.py:183} INFO - Processing /home/airflow/.local/lib/python3.8/site-packages/airflow/example_dags/example_dag_decorator.py took 0.323 seconds
[2026-04-19T00:15:32.626+0000] {processor.py:161} INFO - Started process (PID=11737) to work on /home/airflow/.local/lib/python3.8/site-packages/airflow/example_dags/example_dag_decorator.py
[2026-04-19T00:15:32.635+0000] {processor.py:830} INFO - Processing file /home/airflow/.local/lib/python3.8/site-packages/airflow/example_dags/example_dag_decorator.py for tasks to queue
[2026-04-19T00:15:32.639+0000] {logging_mixin.py:188} INFO - [2026-04-19T00:15:32.638+0000] {dagbag.py:538} INFO - Filling up the DagBag from /home/airflow/.local/lib/python3.8/site-packages/airflow/example_dags/example_dag_decorator.py
[2026-04-19T00:15:32.783+0000] {processor.py:840} INFO - DAG(s) 'example_dag_decorator' retrieved from /home/airflow/.local/lib/python3.8/site-packages/airflow/example_dags/example_dag_decorator.py
[2026-04-19T00:15:32.929+0000] {logging_mixin.py:188} INFO - [2026-04-19T00:15:32.929+0000] {dag.py:3036} INFO - Sync 1 DAGs
[2026-04-19T00:15:32.942+0000] {logging_mixin.py:188} INFO - [2026-04-19T00:15:32.942+0000] {dag.py:3823} INFO - Setting next_dagrun for example_dag_decorator to None, run_after=None
[2026-04-19T00:15:32.965+0000] {processor.py:183} INFO - Processing /home/airflow/.local/lib/python3.8/site-packages/airflow/example_dags/example_dag_decorator.py took 0.345 seconds
[2026-04-19T00:16:03.800+0000] {processor.py:161} INFO - Started process (PID=11792) to work on /home/airflow/.local/lib/python3.8/site-packages/airflow/example_dags/example_dag_decorator.py
[2026-04-19T00:16:03.809+0000] {processor.py:830} INFO - Processing file /home/airflow/.local/lib/python3.8/site-packages/airflow/example_dags/example_dag_decorator.py for tasks to queue
[2026-04-19T00:16:03.810+0000] {logging_mixin.py:188} INFO - [2026-04-19T00:16:03.810+0000] {dagbag.py:538} INFO - Filling up the DagBag from /home/airflow/.local/lib/python3.8/site-packages/airflow/example_dags/example_dag_decorator.py
[2026-04-19T00:16:03.874+0000] {processor.py:840} INFO - DAG(s) 'example_dag_decorator' retrieved from /home/airflow/.local/lib/python3.8/site-packages/airflow/example_dags/example_dag_decorator.py
[2026-04-19T00:16:03.947+0000] {logging_mixin.py:188} INFO - [2026-04-19T00:16:03.947+0000] {dag.py:3036} INFO - Sync 1 DAGs
[2026-04-19T00:16:03.954+0000] {logging_mixin.py:188} INFO - [2026-04-19T00:16:03.954+0000] {dag.py:3823} INFO - Setting next_dagrun for example_dag_decorator to None, run_after=None
[2026-04-19T00:16:03.967+0000] {processor.py:183} INFO - Processing /home/airflow/.local/lib/python3.8/site-packages/airflow/example_dags/example_dag_decorator.py took 0.169 seconds
[2026-04-19T00:16:34.674+0000] {processor.py:161} INFO - Started process (PID=11847) to work on /home/airflow/.local/lib/python3.8/site-packages/airflow/example_dags/example_dag_decorator.py
[2026-04-19T00:16:34.684+0000] {processor.py:830} INFO - Processing file /home/airflow/.local/lib/python3.8/site-packages/airflow/example_dags/example_dag_decorator.py for tasks to queue
[2026-04-19T00:16:34.687+0000] {logging_mixin.py:188} INFO - [2026-04-19T00:16:34.686+0000] {dagbag.py:538} INFO - Filling up the DagBag from /home/airflow/.local/lib/python3.8/site-packages/airflow/example_dags/example_dag_decorator.py
[2026-04-19T00:16:34.812+0000] {processor.py:840} INFO - DAG(s) 'example_dag_decorator' retrieved from /home/airflow/.local/lib/python3.8/site-packages/airflow/example_dags/example_dag_decorator.py
[2026-04-19T00:16:34.849+0000] {logging_mixin.py:188} INFO - [2026-04-19T00:16:34.849+0000] {dag.py:3036} INFO - Sync 1 DAGs
[2026-04-19T00:16:34.869+0000] {logging_mixin.py:188} INFO - [2026-04-19T00:16:34.869+0000] {dag.py:3823} INFO - Setting next_dagrun for example_dag_decorator to None, run_after=None
[2026-04-19T00:16:34.892+0000] {processor.py:183} INFO - Processing /home/airflow/.local/lib/python3.8/site-packages/airflow/example_dags/example_dag_decorator.py took 0.223 seconds
[2026-04-19T00:17:05.011+0000] {processor.py:161} INFO - Started process (PID=11902) to work on /home/airflow/.local/lib/python3.8/site-packages/airflow/example_dags/example_dag_decorator.py
[2026-04-19T00:17:05.020+0000] {processor.py:830} INFO - Processing file /home/airflow/.local/lib/python3.8/site-packages/airflow/example_dags/example_dag_decorator.py for tasks to queue
[2026-04-19T00:17:05.023+0000] {logging_mixin.py:188} INFO - [2026-04-19T00:17:05.022+0000] {dagbag.py:538} INFO - Filling up the DagBag from /home/airflow/.local/lib/python3.8/site-packages/airflow/example_dags/example_dag_decorator.py
[2026-04-19T00:17:05.149+0000] {processor.py:840} INFO - DAG(s) 'example_dag_decorator' retrieved from /home/airflow/.local/lib/python3.8/site-packages/airflow/example_dags/example_dag_decorator.py
[2026-04-19T00:17:05.184+0000] {logging_mixin.py:188} INFO - [2026-04-19T00:17:05.183+0000] {dag.py:3036} INFO - Sync 1 DAGs
[2026-04-19T00:17:05.202+0000] {logging_mixin.py:188} INFO - [2026-04-19T00:17:05.202+0000] {dag.py:3823} INFO - Setting next_dagrun for example_dag_decorator to None, run_after=None
[2026-04-19T00:17:05.227+0000] {processor.py:183} INFO - Processing /home/airflow/.local/lib/python3.8/site-packages/airflow/example_dags/example_dag_decorator.py took 0.221 seconds
[2026-04-19T00:17:35.363+0000] {processor.py:161} INFO - Started process (PID=11957) to work on /home/airflow/.local/lib/python3.8/site-packages/airflow/example_dags/example_dag_decorator.py
[2026-04-19T00:17:35.371+0000] {processor.py:830} INFO - Processing file /home/airflow/.local/lib/python3.8/site-packages/airflow/example_dags/example_dag_decorator.py for tasks to queue
[2026-04-19T00:17:35.374+0000] {logging_mixin.py:188} INFO - [2026-04-19T00:17:35.373+0000] {dagbag.py:538} INFO - Filling up the DagBag from /home/airflow/.local/lib/python3.8/site-packages/airflow/example_dags/example_dag_decorator.py
[2026-04-19T00:17:35.518+0000] {processor.py:840} INFO - DAG(s) 'example_dag_decorator' retrieved from /home/airflow/.local/lib/python3.8/site-packages/airflow/example_dags/example_dag_decorator.py
[2026-04-19T00:17:35.670+0000] {logging_mixin.py:188} INFO - [2026-04-19T00:17:35.670+0000] {dag.py:3036} INFO - Sync 1 DAGs
[2026-04-19T00:17:35.684+0000] {logging_mixin.py:188} INFO - [2026-04-19T00:17:35.684+0000] {dag.py:3823} INFO - Setting next_dagrun for example_dag_decorator to None, run_after=None
[2026-04-19T00:17:35.711+0000] {processor.py:183} INFO - Processing /home/airflow/.local/lib/python3.8/site-packages/airflow/example_dags/example_dag_decorator.py took 0.354 seconds
[2026-04-19T00:18:05.938+0000] {processor.py:161} INFO - Started process (PID=12012) to work on /home/airflow/.local/lib/python3.8/site-packages/airflow/example_dags/example_dag_decorator.py
[2026-04-19T00:18:05.948+0000] {processor.py:830} INFO - Processing file /home/airflow/.local/lib/python3.8/site-packages/airflow/example_dags/example_dag_decorator.py for tasks to queue
[2026-04-19T00:18:05.951+0000] {logging_mixin.py:188} INFO - [2026-04-19T00:18:05.950+0000] {dagbag.py:538} INFO - Filling up the DagBag from /home/airflow/.local/lib/python3.8/site-packages/airflow/example_dags/example_dag_decorator.py
[2026-04-19T00:18:06.081+0000] {processor.py:840} INFO - DAG(s) 'example_dag_decorator' retrieved from /home/airflow/.local/lib/python3.8/site-packages/airflow/example_dags/example_dag_decorator.py
[2026-04-19T00:18:06.251+0000] {logging_mixin.py:188} INFO - [2026-04-19T00:18:06.250+0000] {dag.py:3036} INFO - Sync 1 DAGs
[2026-04-19T00:18:06.266+0000] {logging_mixin.py:188} INFO - [2026-04-19T00:18:06.266+0000] {dag.py:3823} INFO - Setting next_dagrun for example_dag_decorator to None, run_after=None
[2026-04-19T00:18:06.293+0000] {processor.py:183} INFO - Processing /home/airflow/.local/lib/python3.8/site-packages/airflow/example_dags/example_dag_decorator.py took 0.359 seconds
[2026-04-19T00:18:36.451+0000] {processor.py:161} INFO - Started process (PID=12067) to work on /home/airflow/.local/lib/python3.8/site-packages/airflow/example_dags/example_dag_decorator.py
[2026-04-19T00:18:36.452+0000] {processor.py:830} INFO - Processing file /home/airflow/.local/lib/python3.8/site-packages/airflow/example_dags/example_dag_decorator.py for tasks to queue
[2026-04-19T00:18:36.455+0000] {logging_mixin.py:188} INFO - [2026-04-19T00:18:36.455+0000] {dagbag.py:538} INFO - Filling up the DagBag from /home/airflow/.local/lib/python3.8/site-packages/airflow/example_dags/example_dag_decorator.py
[2026-04-19T00:18:36.593+0000] {processor.py:840} INFO - DAG(s) 'example_dag_decorator' retrieved from /home/airflow/.local/lib/python3.8/site-packages/airflow/example_dags/example_dag_decorator.py
[2026-04-19T00:18:36.750+0000] {logging_mixin.py:188} INFO - [2026-04-19T00:18:36.750+0000] {dag.py:3036} INFO - Sync 1 DAGs
[2026-04-19T00:18:36.764+0000] {logging_mixin.py:188} INFO - [2026-04-19T00:18:36.764+0000] {dag.py:3823} INFO - Setting next_dagrun for example_dag_decorator to None, run_after=None
[2026-04-19T00:18:36.791+0000] {processor.py:183} INFO - Processing /home/airflow/.local/lib/python3.8/site-packages/airflow/example_dags/example_dag_decorator.py took 0.347 seconds
[2026-04-19T00:19:06.922+0000] {processor.py:161} INFO - Started process (PID=12121) to work on /home/airflow/.local/lib/python3.8/site-packages/airflow/example_dags/example_dag_decorator.py
[2026-04-19T00:19:06.932+0000] {processor.py:830} INFO - Processing file /home/airflow/.local/lib/python3.8/site-packages/airflow/example_dags/example_dag_decorator.py for tasks to queue
[2026-04-19T00:19:06.934+0000] {logging_mixin.py:188} INFO - [2026-04-19T00:19:06.934+0000] {dagbag.py:538} INFO - Filling up the DagBag from /home/airflow/.local/lib/python3.8/site-packages/airflow/example_dags/example_dag_decorator.py
[2026-04-19T00:19:07.063+0000] {processor.py:840} INFO - DAG(s) 'example_dag_decorator' retrieved from /home/airflow/.local/lib/python3.8/site-packages/airflow/example_dags/example_dag_decorator.py
[2026-04-19T00:19:07.217+0000] {logging_mixin.py:188} INFO - [2026-04-19T00:19:07.217+0000] {dag.py:3036} INFO - Sync 1 DAGs
[2026-04-19T00:19:07.231+0000] {logging_mixin.py:188} INFO - [2026-04-19T00:19:07.231+0000] {dag.py:3823} INFO - Setting next_dagrun for example_dag_decorator to None, run_after=None
[2026-04-19T00:19:07.256+0000] {processor.py:183} INFO - Processing /home/airflow/.local/lib/python3.8/site-packages/airflow/example_dags/example_dag_decorator.py took 0.339 seconds
[2026-04-19T00:19:37.292+0000] {processor.py:161} INFO - Started process (PID=12176) to work on /home/airflow/.local/lib/python3.8/site-packages/airflow/example_dags/example_dag_decorator.py
[2026-04-19T00:19:37.301+0000] {processor.py:830} INFO - Processing file /home/airflow/.local/lib/python3.8/site-packages/airflow/example_dags/example_dag_decorator.py for tasks to queue
[2026-04-19T00:19:37.304+0000] {logging_mixin.py:188} INFO - [2026-04-19T00:19:37.304+0000] {dagbag.py:538} INFO - Filling up the DagBag from /home/airflow/.local/lib/python3.8/site-packages/airflow/example_dags/example_dag_decorator.py
[2026-04-19T00:19:37.447+0000] {processor.py:840} INFO - DAG(s) 'example_dag_decorator' retrieved from /home/airflow/.local/lib/python3.8/site-packages/airflow/example_dags/example_dag_decorator.py
[2026-04-19T00:19:37.601+0000] {logging_mixin.py:188} INFO - [2026-04-19T00:19:37.601+0000] {dag.py:3036} INFO - Sync 1 DAGs
[2026-04-19T00:19:37.616+0000] {logging_mixin.py:188} INFO - [2026-04-19T00:19:37.615+0000] {dag.py:3823} INFO - Setting next_dagrun for example_dag_decorator to None, run_after=None
[2026-04-19T00:19:37.643+0000] {processor.py:183} INFO - Processing /home/airflow/.local/lib/python3.8/site-packages/airflow/example_dags/example_dag_decorator.py took 0.356 seconds
[2026-04-19T00:20:07.863+0000] {processor.py:161} INFO - Started process (PID=12231) to work on /home/airflow/.local/lib/python3.8/site-packages/airflow/example_dags/example_dag_decorator.py
[2026-04-19T00:20:07.872+0000] {processor.py:830} INFO - Processing file /home/airflow/.local/lib/python3.8/site-packages/airflow/example_dags/example_dag_decorator.py for tasks to queue
[2026-04-19T00:20:07.875+0000] {logging_mixin.py:188} INFO - [2026-04-19T00:20:07.874+0000] {dagbag.py:538} INFO - Filling up the DagBag from /home/airflow/.local/lib/python3.8/site-packages/airflow/example_dags/example_dag_decorator.py
[2026-04-19T00:20:08.017+0000] {processor.py:840} INFO - DAG(s) 'example_dag_decorator' retrieved from /home/airflow/.local/lib/python3.8/site-packages/airflow/example_dags/example_dag_decorator.py
[2026-04-19T00:20:08.174+0000] {logging_mixin.py:188} INFO - [2026-04-19T00:20:08.174+0000] {dag.py:3036} INFO - Sync 1 DAGs
[2026-04-19T00:20:08.191+0000] {logging_mixin.py:188} INFO - [2026-04-19T00:20:08.190+0000] {dag.py:3823} INFO - Setting next_dagrun for example_dag_decorator to None, run_after=None
[2026-04-19T00:20:08.220+0000] {processor.py:183} INFO - Processing /home/airflow/.local/lib/python3.8/site-packages/airflow/example_dags/example_dag_decorator.py took 0.362 seconds
[2026-04-19T00:20:38.377+0000] {processor.py:161} INFO - Started process (PID=12287) to work on /home/airflow/.local/lib/python3.8/site-packages/airflow/example_dags/example_dag_decorator.py
[2026-04-19T00:20:38.379+0000] {processor.py:830} INFO - Processing file /home/airflow/.local/lib/python3.8/site-packages/airflow/example_dags/example_dag_decorator.py for tasks to queue
[2026-04-19T00:20:38.381+0000] {logging_mixin.py:188} INFO - [2026-04-19T00:20:38.381+0000] {dagbag.py:538} INFO - Filling up the DagBag from /home/airflow/.local/lib/python3.8/site-packages/airflow/example_dags/example_dag_decorator.py
[2026-04-19T00:20:38.511+0000] {processor.py:840} INFO - DAG(s) 'example_dag_decorator' retrieved from /home/airflow/.local/lib/python3.8/site-packages/airflow/example_dags/example_dag_decorator.py
[2026-04-19T00:20:38.658+0000] {logging_mixin.py:188} INFO - [2026-04-19T00:20:38.658+0000] {dag.py:3036} INFO - Sync 1 DAGs
[2026-04-19T00:20:38.674+0000] {logging_mixin.py:188} INFO - [2026-04-19T00:20:38.674+0000] {dag.py:3823} INFO - Setting next_dagrun for example_dag_decorator to None, run_after=None
[2026-04-19T00:20:38.699+0000] {processor.py:183} INFO - Processing /home/airflow/.local/lib/python3.8/site-packages/airflow/example_dags/example_dag_decorator.py took 0.327 seconds
[2026-04-19T00:21:08.807+0000] {processor.py:161} INFO - Started process (PID=12343) to work on /home/airflow/.local/lib/python3.8/site-packages/airflow/example_dags/example_dag_decorator.py
[2026-04-19T00:21:08.808+0000] {processor.py:830} INFO - Processing file /home/airflow/.local/lib/python3.8/site-packages/airflow/example_dags/example_dag_decorator.py for tasks to queue
[2026-04-19T00:21:08.811+0000] {logging_mixin.py:188} INFO - [2026-04-19T00:21:08.810+0000] {dagbag.py:538} INFO - Filling up the DagBag from /home/airflow/.local/lib/python3.8/site-packages/airflow/example_dags/example_dag_decorator.py
[2026-04-19T00:21:08.930+0000] {processor.py:840} INFO - DAG(s) 'example_dag_decorator' retrieved from /home/airflow/.local/lib/python3.8/site-packages/airflow/example_dags/example_dag_decorator.py
[2026-04-19T00:21:09.084+0000] {logging_mixin.py:188} INFO - [2026-04-19T00:21:09.084+0000] {dag.py:3036} INFO - Sync 1 DAGs
[2026-04-19T00:21:09.099+0000] {logging_mixin.py:188} INFO - [2026-04-19T00:21:09.099+0000] {dag.py:3823} INFO - Setting next_dagrun for example_dag_decorator to None, run_after=None
[2026-04-19T00:21:09.123+0000] {processor.py:183} INFO - Processing /home/airflow/.local/lib/python3.8/site-packages/airflow/example_dags/example_dag_decorator.py took 0.322 seconds
[2026-04-19T00:21:39.292+0000] {processor.py:161} INFO - Started process (PID=12399) to work on /home/airflow/.local/lib/python3.8/site-packages/airflow/example_dags/example_dag_decorator.py
[2026-04-19T00:21:39.294+0000] {processor.py:830} INFO - Processing file /home/airflow/.local/lib/python3.8/site-packages/airflow/example_dags/example_dag_decorator.py for tasks to queue
[2026-04-19T00:21:39.296+0000] {logging_mixin.py:188} INFO - [2026-04-19T00:21:39.295+0000] {dagbag.py:538} INFO - Filling up the DagBag from /home/airflow/.local/lib/python3.8/site-packages/airflow/example_dags/example_dag_decorator.py
[2026-04-19T00:21:39.422+0000] {processor.py:840} INFO - DAG(s) 'example_dag_decorator' retrieved from /home/airflow/.local/lib/python3.8/site-packages/airflow/example_dags/example_dag_decorator.py
[2026-04-19T00:21:39.578+0000] {logging_mixin.py:188} INFO - [2026-04-19T00:21:39.578+0000] {dag.py:3036} INFO - Sync 1 DAGs
[2026-04-19T00:21:39.596+0000] {logging_mixin.py:188} INFO - [2026-04-19T00:21:39.596+0000] {dag.py:3823} INFO - Setting next_dagrun for example_dag_decorator to None, run_after=None
[2026-04-19T00:21:39.622+0000] {processor.py:183} INFO - Processing /home/airflow/.local/lib/python3.8/site-packages/airflow/example_dags/example_dag_decorator.py took 0.335 seconds
[2026-04-19T00:22:09.702+0000] {processor.py:161} INFO - Started process (PID=12454) to work on /home/airflow/.local/lib/python3.8/site-packages/airflow/example_dags/example_dag_decorator.py
[2026-04-19T00:22:09.703+0000] {processor.py:830} INFO - Processing file /home/airflow/.local/lib/python3.8/site-packages/airflow/example_dags/example_dag_decorator.py for tasks to queue
[2026-04-19T00:22:09.705+0000] {logging_mixin.py:188} INFO - [2026-04-19T00:22:09.705+0000] {dagbag.py:538} INFO - Filling up the DagBag from /home/airflow/.local/lib/python3.8/site-packages/airflow/example_dags/example_dag_decorator.py
[2026-04-19T00:22:09.827+0000] {processor.py:840} INFO - DAG(s) 'example_dag_decorator' retrieved from /home/airflow/.local/lib/python3.8/site-packages/airflow/example_dags/example_dag_decorator.py
[2026-04-19T00:22:09.972+0000] {logging_mixin.py:188} INFO - [2026-04-19T00:22:09.972+0000] {dag.py:3036} INFO - Sync 1 DAGs
[2026-04-19T00:22:09.989+0000] {logging_mixin.py:188} INFO - [2026-04-19T00:22:09.988+0000] {dag.py:3823} INFO - Setting next_dagrun for example_dag_decorator to None, run_after=None
[2026-04-19T00:22:10.015+0000] {processor.py:183} INFO - Processing /home/airflow/.local/lib/python3.8/site-packages/airflow/example_dags/example_dag_decorator.py took 0.317 seconds
[2026-04-19T00:22:40.303+0000] {processor.py:161} INFO - Started process (PID=12510) to work on /home/airflow/.local/lib/python3.8/site-packages/airflow/example_dags/example_dag_decorator.py
[2026-04-19T00:22:40.305+0000] {processor.py:830} INFO - Processing file /home/airflow/.local/lib/python3.8/site-packages/airflow/example_dags/example_dag_decorator.py for tasks to queue
[2026-04-19T00:22:40.307+0000] {logging_mixin.py:188} INFO - [2026-04-19T00:22:40.307+0000] {dagbag.py:538} INFO - Filling up the DagBag from /home/airflow/.local/lib/python3.8/site-packages/airflow/example_dags/example_dag_decorator.py
[2026-04-19T00:22:40.434+0000] {processor.py:840} INFO - DAG(s) 'example_dag_decorator' retrieved from /home/airflow/.local/lib/python3.8/site-packages/airflow/example_dags/example_dag_decorator.py
[2026-04-19T00:22:40.576+0000] {logging_mixin.py:188} INFO - [2026-04-19T00:22:40.576+0000] {dag.py:3036} INFO - Sync 1 DAGs
[2026-04-19T00:22:40.590+0000] {logging_mixin.py:188} INFO - [2026-04-19T00:22:40.590+0000] {dag.py:3823} INFO - Setting next_dagrun for example_dag_decorator to None, run_after=None
[2026-04-19T00:22:40.615+0000] {processor.py:183} INFO - Processing /home/airflow/.local/lib/python3.8/site-packages/airflow/example_dags/example_dag_decorator.py took 0.317 seconds
[2026-04-19T00:23:10.665+0000] {processor.py:161} INFO - Started process (PID=12566) to work on /home/airflow/.local/lib/python3.8/site-packages/airflow/example_dags/example_dag_decorator.py
[2026-04-19T00:23:10.666+0000] {processor.py:830} INFO - Processing file /home/airflow/.local/lib/python3.8/site-packages/airflow/example_dags/example_dag_decorator.py for tasks to queue
[2026-04-19T00:23:10.668+0000] {logging_mixin.py:188} INFO - [2026-04-19T00:23:10.668+0000] {dagbag.py:538} INFO - Filling up the DagBag from /home/airflow/.local/lib/python3.8/site-packages/airflow/example_dags/example_dag_decorator.py
[2026-04-19T00:23:10.792+0000] {processor.py:840} INFO - DAG(s) 'example_dag_decorator' retrieved from /home/airflow/.local/lib/python3.8/site-packages/airflow/example_dags/example_dag_decorator.py
[2026-04-19T00:23:10.943+0000] {logging_mixin.py:188} INFO - [2026-04-19T00:23:10.943+0000] {dag.py:3036} INFO - Sync 1 DAGs
[2026-04-19T00:23:10.958+0000] {logging_mixin.py:188} INFO - [2026-04-19T00:23:10.957+0000] {dag.py:3823} INFO - Setting next_dagrun for example_dag_decorator to None, run_after=None
[2026-04-19T00:23:10.992+0000] {processor.py:183} INFO - Processing /home/airflow/.local/lib/python3.8/site-packages/airflow/example_dags/example_dag_decorator.py took 0.332 seconds
[2026-04-19T00:23:41.188+0000] {processor.py:161} INFO - Started process (PID=12622) to work on /home/airflow/.local/lib/python3.8/site-packages/airflow/example_dags/example_dag_decorator.py
[2026-04-19T00:23:41.189+0000] {processor.py:830} INFO - Processing file /home/airflow/.local/lib/python3.8/site-packages/airflow/example_dags/example_dag_decorator.py for tasks to queue
[2026-04-19T00:23:41.192+0000] {logging_mixin.py:188} INFO - [2026-04-19T00:23:41.192+0000] {dagbag.py:538} INFO - Filling up the DagBag from /home/airflow/.local/lib/python3.8/site-packages/airflow/example_dags/example_dag_decorator.py
[2026-04-19T00:23:41.332+0000] {processor.py:840} INFO - DAG(s) 'example_dag_decorator' retrieved from /home/airflow/.local/lib/python3.8/site-packages/airflow/example_dags/example_dag_decorator.py
[2026-04-19T00:23:41.497+0000] {logging_mixin.py:188} INFO - [2026-04-19T00:23:41.497+0000] {dag.py:3036} INFO - Sync 1 DAGs
[2026-04-19T00:23:41.514+0000] {logging_mixin.py:188} INFO - [2026-04-19T00:23:41.513+0000] {dag.py:3823} INFO - Setting next_dagrun for example_dag_decorator to None, run_after=None
[2026-04-19T00:23:41.542+0000] {processor.py:183} INFO - Processing /home/airflow/.local/lib/python3.8/site-packages/airflow/example_dags/example_dag_decorator.py took 0.359 seconds
[2026-04-19T00:24:11.615+0000] {processor.py:161} INFO - Started process (PID=12671) to work on /home/airflow/.local/lib/python3.8/site-packages/airflow/example_dags/example_dag_decorator.py
[2026-04-19T00:24:11.624+0000] {processor.py:830} INFO - Processing file /home/airflow/.local/lib/python3.8/site-packages/airflow/example_dags/example_dag_decorator.py for tasks to queue
[2026-04-19T00:24:11.627+0000] {logging_mixin.py:188} INFO - [2026-04-19T00:24:11.627+0000] {dagbag.py:538} INFO - Filling up the DagBag from /home/airflow/.local/lib/python3.8/site-packages/airflow/example_dags/example_dag_decorator.py
[2026-04-19T00:24:11.766+0000] {processor.py:840} INFO - DAG(s) 'example_dag_decorator' retrieved from /home/airflow/.local/lib/python3.8/site-packages/airflow/example_dags/example_dag_decorator.py
[2026-04-19T00:24:11.912+0000] {logging_mixin.py:188} INFO - [2026-04-19T00:24:11.911+0000] {dag.py:3036} INFO - Sync 1 DAGs
[2026-04-19T00:24:11.926+0000] {logging_mixin.py:188} INFO - [2026-04-19T00:24:11.925+0000] {dag.py:3823} INFO - Setting next_dagrun for example_dag_decorator to None, run_after=None
[2026-04-19T00:24:11.950+0000] {processor.py:183} INFO - Processing /home/airflow/.local/lib/python3.8/site-packages/airflow/example_dags/example_dag_decorator.py took 0.340 seconds
