[2026-04-19T00:00:29.352+0000] {processor.py:161} INFO - Started process (PID=10113) to work on /home/airflow/.local/lib/python3.8/site-packages/airflow/example_dags/example_bash_operator.py
[2026-04-19T00:00:29.353+0000] {processor.py:830} INFO - Processing file /home/airflow/.local/lib/python3.8/site-packages/airflow/example_dags/example_bash_operator.py for tasks to queue
[2026-04-19T00:00:29.356+0000] {logging_mixin.py:188} INFO - [2026-04-19T00:00:29.355+0000] {dagbag.py:538} INFO - Filling up the DagBag from /home/airflow/.local/lib/python3.8/site-packages/airflow/example_dags/example_bash_operator.py
[2026-04-19T00:00:29.375+0000] {processor.py:840} INFO - DAG(s) 'example_bash_operator' retrieved from /home/airflow/.local/lib/python3.8/site-packages/airflow/example_dags/example_bash_operator.py
[2026-04-19T00:00:29.417+0000] {logging_mixin.py:188} INFO - [2026-04-19T00:00:29.417+0000] {dag.py:3036} INFO - Sync 1 DAGs
[2026-04-19T00:00:29.449+0000] {logging_mixin.py:188} INFO - [2026-04-19T00:00:29.449+0000] {dag.py:3823} INFO - Setting next_dagrun for example_bash_operator to 2026-04-18 00:00:00+00:00, run_after=2026-04-19 00:00:00+00:00
[2026-04-19T00:00:29.473+0000] {processor.py:183} INFO - Processing /home/airflow/.local/lib/python3.8/site-packages/airflow/example_dags/example_bash_operator.py took 0.127 seconds
[2026-04-19T00:00:59.801+0000] {processor.py:161} INFO - Started process (PID=10168) to work on /home/airflow/.local/lib/python3.8/site-packages/airflow/example_dags/example_bash_operator.py
[2026-04-19T00:00:59.803+0000] {processor.py:830} INFO - Processing file /home/airflow/.local/lib/python3.8/site-packages/airflow/example_dags/example_bash_operator.py for tasks to queue
[2026-04-19T00:00:59.805+0000] {logging_mixin.py:188} INFO - [2026-04-19T00:00:59.805+0000] {dagbag.py:538} INFO - Filling up the DagBag from /home/airflow/.local/lib/python3.8/site-packages/airflow/example_dags/example_bash_operator.py
[2026-04-19T00:00:59.825+0000] {processor.py:840} INFO - DAG(s) 'example_bash_operator' retrieved from /home/airflow/.local/lib/python3.8/site-packages/airflow/example_dags/example_bash_operator.py
[2026-04-19T00:00:59.866+0000] {logging_mixin.py:188} INFO - [2026-04-19T00:00:59.866+0000] {dag.py:3036} INFO - Sync 1 DAGs
[2026-04-19T00:00:59.902+0000] {logging_mixin.py:188} INFO - [2026-04-19T00:00:59.902+0000] {dag.py:3823} INFO - Setting next_dagrun for example_bash_operator to 2026-04-18 00:00:00+00:00, run_after=2026-04-19 00:00:00+00:00
[2026-04-19T00:00:59.927+0000] {processor.py:183} INFO - Processing /home/airflow/.local/lib/python3.8/site-packages/airflow/example_dags/example_bash_operator.py took 0.131 seconds
[2026-04-19T00:01:30.126+0000] {processor.py:161} INFO - Started process (PID=10223) to work on /home/airflow/.local/lib/python3.8/site-packages/airflow/example_dags/example_bash_operator.py
[2026-04-19T00:01:30.128+0000] {processor.py:830} INFO - Processing file /home/airflow/.local/lib/python3.8/site-packages/airflow/example_dags/example_bash_operator.py for tasks to queue
[2026-04-19T00:01:30.130+0000] {logging_mixin.py:188} INFO - [2026-04-19T00:01:30.130+0000] {dagbag.py:538} INFO - Filling up the DagBag from /home/airflow/.local/lib/python3.8/site-packages/airflow/example_dags/example_bash_operator.py
[2026-04-19T00:01:30.149+0000] {processor.py:840} INFO - DAG(s) 'example_bash_operator' retrieved from /home/airflow/.local/lib/python3.8/site-packages/airflow/example_dags/example_bash_operator.py
[2026-04-19T00:01:30.190+0000] {logging_mixin.py:188} INFO - [2026-04-19T00:01:30.190+0000] {dag.py:3036} INFO - Sync 1 DAGs
[2026-04-19T00:01:30.223+0000] {logging_mixin.py:188} INFO - [2026-04-19T00:01:30.223+0000] {dag.py:3823} INFO - Setting next_dagrun for example_bash_operator to 2026-04-18 00:00:00+00:00, run_after=2026-04-19 00:00:00+00:00
[2026-04-19T00:01:30.248+0000] {processor.py:183} INFO - Processing /home/airflow/.local/lib/python3.8/site-packages/airflow/example_dags/example_bash_operator.py took 0.127 seconds
[2026-04-19T00:02:00.406+0000] {processor.py:161} INFO - Started process (PID=10278) to work on /home/airflow/.local/lib/python3.8/site-packages/airflow/example_dags/example_bash_operator.py
[2026-04-19T00:02:00.407+0000] {processor.py:830} INFO - Processing file /home/airflow/.local/lib/python3.8/site-packages/airflow/example_dags/example_bash_operator.py for tasks to queue
[2026-04-19T00:02:00.409+0000] {logging_mixin.py:188} INFO - [2026-04-19T00:02:00.409+0000] {dagbag.py:538} INFO - Filling up the DagBag from /home/airflow/.local/lib/python3.8/site-packages/airflow/example_dags/example_bash_operator.py
[2026-04-19T00:02:00.425+0000] {processor.py:840} INFO - DAG(s) 'example_bash_operator' retrieved from /home/airflow/.local/lib/python3.8/site-packages/airflow/example_dags/example_bash_operator.py
[2026-04-19T00:02:00.468+0000] {logging_mixin.py:188} INFO - [2026-04-19T00:02:00.468+0000] {dag.py:3036} INFO - Sync 1 DAGs
[2026-04-19T00:02:00.501+0000] {logging_mixin.py:188} INFO - [2026-04-19T00:02:00.500+0000] {dag.py:3823} INFO - Setting next_dagrun for example_bash_operator to 2026-04-18 00:00:00+00:00, run_after=2026-04-19 00:00:00+00:00
[2026-04-19T00:02:00.523+0000] {processor.py:183} INFO - Processing /home/airflow/.local/lib/python3.8/site-packages/airflow/example_dags/example_bash_operator.py took 0.122 seconds
[2026-04-19T00:02:30.698+0000] {processor.py:161} INFO - Started process (PID=10333) to work on /home/airflow/.local/lib/python3.8/site-packages/airflow/example_dags/example_bash_operator.py
[2026-04-19T00:02:30.699+0000] {processor.py:830} INFO - Processing file /home/airflow/.local/lib/python3.8/site-packages/airflow/example_dags/example_bash_operator.py for tasks to queue
[2026-04-19T00:02:30.702+0000] {logging_mixin.py:188} INFO - [2026-04-19T00:02:30.701+0000] {dagbag.py:538} INFO - Filling up the DagBag from /home/airflow/.local/lib/python3.8/site-packages/airflow/example_dags/example_bash_operator.py
[2026-04-19T00:02:30.719+0000] {processor.py:840} INFO - DAG(s) 'example_bash_operator' retrieved from /home/airflow/.local/lib/python3.8/site-packages/airflow/example_dags/example_bash_operator.py
[2026-04-19T00:02:30.761+0000] {logging_mixin.py:188} INFO - [2026-04-19T00:02:30.761+0000] {dag.py:3036} INFO - Sync 1 DAGs
[2026-04-19T00:02:30.794+0000] {logging_mixin.py:188} INFO - [2026-04-19T00:02:30.793+0000] {dag.py:3823} INFO - Setting next_dagrun for example_bash_operator to 2026-04-18 00:00:00+00:00, run_after=2026-04-19 00:00:00+00:00
[2026-04-19T00:02:30.820+0000] {processor.py:183} INFO - Processing /home/airflow/.local/lib/python3.8/site-packages/airflow/example_dags/example_bash_operator.py took 0.127 seconds
[2026-04-19T00:03:01.162+0000] {processor.py:161} INFO - Started process (PID=10388) to work on /home/airflow/.local/lib/python3.8/site-packages/airflow/example_dags/example_bash_operator.py
[2026-04-19T00:03:01.163+0000] {processor.py:830} INFO - Processing file /home/airflow/.local/lib/python3.8/site-packages/airflow/example_dags/example_bash_operator.py for tasks to queue
[2026-04-19T00:03:01.166+0000] {logging_mixin.py:188} INFO - [2026-04-19T00:03:01.165+0000] {dagbag.py:538} INFO - Filling up the DagBag from /home/airflow/.local/lib/python3.8/site-packages/airflow/example_dags/example_bash_operator.py
[2026-04-19T00:03:01.182+0000] {processor.py:840} INFO - DAG(s) 'example_bash_operator' retrieved from /home/airflow/.local/lib/python3.8/site-packages/airflow/example_dags/example_bash_operator.py
[2026-04-19T00:03:01.225+0000] {logging_mixin.py:188} INFO - [2026-04-19T00:03:01.225+0000] {dag.py:3036} INFO - Sync 1 DAGs
[2026-04-19T00:03:01.260+0000] {logging_mixin.py:188} INFO - [2026-04-19T00:03:01.260+0000] {dag.py:3823} INFO - Setting next_dagrun for example_bash_operator to 2026-04-18 00:00:00+00:00, run_after=2026-04-19 00:00:00+00:00
[2026-04-19T00:03:01.284+0000] {processor.py:183} INFO - Processing /home/airflow/.local/lib/python3.8/site-packages/airflow/example_dags/example_bash_operator.py took 0.126 seconds
[2026-04-19T00:03:31.464+0000] {processor.py:161} INFO - Started process (PID=10443) to work on /home/airflow/.local/lib/python3.8/site-packages/airflow/example_dags/example_bash_operator.py
[2026-04-19T00:03:31.465+0000] {processor.py:830} INFO - Processing file /home/airflow/.local/lib/python3.8/site-packages/airflow/example_dags/example_bash_operator.py for tasks to queue
[2026-04-19T00:03:31.467+0000] {logging_mixin.py:188} INFO - [2026-04-19T00:03:31.466+0000] {dagbag.py:538} INFO - Filling up the DagBag from /home/airflow/.local/lib/python3.8/site-packages/airflow/example_dags/example_bash_operator.py
[2026-04-19T00:03:31.482+0000] {processor.py:840} INFO - DAG(s) 'example_bash_operator' retrieved from /home/airflow/.local/lib/python3.8/site-packages/airflow/example_dags/example_bash_operator.py
[2026-04-19T00:03:31.520+0000] {logging_mixin.py:188} INFO - [2026-04-19T00:03:31.520+0000] {dag.py:3036} INFO - Sync 1 DAGs
[2026-04-19T00:03:31.550+0000] {logging_mixin.py:188} INFO - [2026-04-19T00:03:31.549+0000] {dag.py:3823} INFO - Setting next_dagrun for example_bash_operator to 2026-04-18 00:00:00+00:00, run_after=2026-04-19 00:00:00+00:00
[2026-04-19T00:03:31.572+0000] {processor.py:183} INFO - Processing /home/airflow/.local/lib/python3.8/site-packages/airflow/example_dags/example_bash_operator.py took 0.113 seconds
[2026-04-19T00:04:01.800+0000] {processor.py:161} INFO - Started process (PID=10498) to work on /home/airflow/.local/lib/python3.8/site-packages/airflow/example_dags/example_bash_operator.py
[2026-04-19T00:04:01.802+0000] {processor.py:830} INFO - Processing file /home/airflow/.local/lib/python3.8/site-packages/airflow/example_dags/example_bash_operator.py for tasks to queue
[2026-04-19T00:04:01.806+0000] {logging_mixin.py:188} INFO - [2026-04-19T00:04:01.805+0000] {dagbag.py:538} INFO - Filling up the DagBag from /home/airflow/.local/lib/python3.8/site-packages/airflow/example_dags/example_bash_operator.py
[2026-04-19T00:04:01.830+0000] {processor.py:840} INFO - DAG(s) 'example_bash_operator' retrieved from /home/airflow/.local/lib/python3.8/site-packages/airflow/example_dags/example_bash_operator.py
[2026-04-19T00:04:01.882+0000] {logging_mixin.py:188} INFO - [2026-04-19T00:04:01.882+0000] {dag.py:3036} INFO - Sync 1 DAGs
[2026-04-19T00:04:01.924+0000] {logging_mixin.py:188} INFO - [2026-04-19T00:04:01.924+0000] {dag.py:3823} INFO - Setting next_dagrun for example_bash_operator to 2026-04-18 00:00:00+00:00, run_after=2026-04-19 00:00:00+00:00
[2026-04-19T00:04:01.957+0000] {processor.py:183} INFO - Processing /home/airflow/.local/lib/python3.8/site-packages/airflow/example_dags/example_bash_operator.py took 0.164 seconds
[2026-04-19T00:04:32.089+0000] {processor.py:161} INFO - Started process (PID=10553) to work on /home/airflow/.local/lib/python3.8/site-packages/airflow/example_dags/example_bash_operator.py
[2026-04-19T00:04:32.090+0000] {processor.py:830} INFO - Processing file /home/airflow/.local/lib/python3.8/site-packages/airflow/example_dags/example_bash_operator.py for tasks to queue
[2026-04-19T00:04:32.092+0000] {logging_mixin.py:188} INFO - [2026-04-19T00:04:32.092+0000] {dagbag.py:538} INFO - Filling up the DagBag from /home/airflow/.local/lib/python3.8/site-packages/airflow/example_dags/example_bash_operator.py
[2026-04-19T00:04:32.111+0000] {processor.py:840} INFO - DAG(s) 'example_bash_operator' retrieved from /home/airflow/.local/lib/python3.8/site-packages/airflow/example_dags/example_bash_operator.py
[2026-04-19T00:04:32.153+0000] {logging_mixin.py:188} INFO - [2026-04-19T00:04:32.152+0000] {dag.py:3036} INFO - Sync 1 DAGs
[2026-04-19T00:04:32.184+0000] {logging_mixin.py:188} INFO - [2026-04-19T00:04:32.184+0000] {dag.py:3823} INFO - Setting next_dagrun for example_bash_operator to 2026-04-18 00:00:00+00:00, run_after=2026-04-19 00:00:00+00:00
[2026-04-19T00:04:32.212+0000] {processor.py:183} INFO - Processing /home/airflow/.local/lib/python3.8/site-packages/airflow/example_dags/example_bash_operator.py took 0.128 seconds
[2026-04-19T00:05:02.442+0000] {processor.py:161} INFO - Started process (PID=10608) to work on /home/airflow/.local/lib/python3.8/site-packages/airflow/example_dags/example_bash_operator.py
[2026-04-19T00:05:02.443+0000] {processor.py:830} INFO - Processing file /home/airflow/.local/lib/python3.8/site-packages/airflow/example_dags/example_bash_operator.py for tasks to queue
[2026-04-19T00:05:02.446+0000] {logging_mixin.py:188} INFO - [2026-04-19T00:05:02.445+0000] {dagbag.py:538} INFO - Filling up the DagBag from /home/airflow/.local/lib/python3.8/site-packages/airflow/example_dags/example_bash_operator.py
[2026-04-19T00:05:02.462+0000] {processor.py:840} INFO - DAG(s) 'example_bash_operator' retrieved from /home/airflow/.local/lib/python3.8/site-packages/airflow/example_dags/example_bash_operator.py
[2026-04-19T00:05:02.505+0000] {logging_mixin.py:188} INFO - [2026-04-19T00:05:02.505+0000] {dag.py:3036} INFO - Sync 1 DAGs
[2026-04-19T00:05:02.540+0000] {logging_mixin.py:188} INFO - [2026-04-19T00:05:02.539+0000] {dag.py:3823} INFO - Setting next_dagrun for example_bash_operator to 2026-04-18 00:00:00+00:00, run_after=2026-04-19 00:00:00+00:00
[2026-04-19T00:05:02.563+0000] {processor.py:183} INFO - Processing /home/airflow/.local/lib/python3.8/site-packages/airflow/example_dags/example_bash_operator.py took 0.126 seconds
[2026-04-19T00:05:32.830+0000] {processor.py:161} INFO - Started process (PID=10663) to work on /home/airflow/.local/lib/python3.8/site-packages/airflow/example_dags/example_bash_operator.py
[2026-04-19T00:05:32.831+0000] {processor.py:830} INFO - Processing file /home/airflow/.local/lib/python3.8/site-packages/airflow/example_dags/example_bash_operator.py for tasks to queue
[2026-04-19T00:05:32.834+0000] {logging_mixin.py:188} INFO - [2026-04-19T00:05:32.834+0000] {dagbag.py:538} INFO - Filling up the DagBag from /home/airflow/.local/lib/python3.8/site-packages/airflow/example_dags/example_bash_operator.py
[2026-04-19T00:05:32.851+0000] {processor.py:840} INFO - DAG(s) 'example_bash_operator' retrieved from /home/airflow/.local/lib/python3.8/site-packages/airflow/example_dags/example_bash_operator.py
[2026-04-19T00:05:32.894+0000] {logging_mixin.py:188} INFO - [2026-04-19T00:05:32.893+0000] {dag.py:3036} INFO - Sync 1 DAGs
[2026-04-19T00:05:32.926+0000] {logging_mixin.py:188} INFO - [2026-04-19T00:05:32.926+0000] {dag.py:3823} INFO - Setting next_dagrun for example_bash_operator to 2026-04-18 00:00:00+00:00, run_after=2026-04-19 00:00:00+00:00
[2026-04-19T00:05:32.950+0000] {processor.py:183} INFO - Processing /home/airflow/.local/lib/python3.8/site-packages/airflow/example_dags/example_bash_operator.py took 0.126 seconds
[2026-04-19T00:06:03.240+0000] {processor.py:161} INFO - Started process (PID=10718) to work on /home/airflow/.local/lib/python3.8/site-packages/airflow/example_dags/example_bash_operator.py
[2026-04-19T00:06:03.242+0000] {processor.py:830} INFO - Processing file /home/airflow/.local/lib/python3.8/site-packages/airflow/example_dags/example_bash_operator.py for tasks to queue
[2026-04-19T00:06:03.246+0000] {logging_mixin.py:188} INFO - [2026-04-19T00:06:03.246+0000] {dagbag.py:538} INFO - Filling up the DagBag from /home/airflow/.local/lib/python3.8/site-packages/airflow/example_dags/example_bash_operator.py
[2026-04-19T00:06:03.265+0000] {processor.py:840} INFO - DAG(s) 'example_bash_operator' retrieved from /home/airflow/.local/lib/python3.8/site-packages/airflow/example_dags/example_bash_operator.py
[2026-04-19T00:06:03.317+0000] {logging_mixin.py:188} INFO - [2026-04-19T00:06:03.317+0000] {dag.py:3036} INFO - Sync 1 DAGs
[2026-04-19T00:06:03.353+0000] {logging_mixin.py:188} INFO - [2026-04-19T00:06:03.352+0000] {dag.py:3823} INFO - Setting next_dagrun for example_bash_operator to 2026-04-18 00:00:00+00:00, run_after=2026-04-19 00:00:00+00:00
[2026-04-19T00:06:03.378+0000] {processor.py:183} INFO - Processing /home/airflow/.local/lib/python3.8/site-packages/airflow/example_dags/example_bash_operator.py took 0.145 seconds
[2026-04-19T00:06:33.498+0000] {processor.py:161} INFO - Started process (PID=10773) to work on /home/airflow/.local/lib/python3.8/site-packages/airflow/example_dags/example_bash_operator.py
[2026-04-19T00:06:33.500+0000] {processor.py:830} INFO - Processing file /home/airflow/.local/lib/python3.8/site-packages/airflow/example_dags/example_bash_operator.py for tasks to queue
[2026-04-19T00:06:33.502+0000] {logging_mixin.py:188} INFO - [2026-04-19T00:06:33.502+0000] {dagbag.py:538} INFO - Filling up the DagBag from /home/airflow/.local/lib/python3.8/site-packages/airflow/example_dags/example_bash_operator.py
[2026-04-19T00:06:33.520+0000] {processor.py:840} INFO - DAG(s) 'example_bash_operator' retrieved from /home/airflow/.local/lib/python3.8/site-packages/airflow/example_dags/example_bash_operator.py
[2026-04-19T00:06:33.563+0000] {logging_mixin.py:188} INFO - [2026-04-19T00:06:33.563+0000] {dag.py:3036} INFO - Sync 1 DAGs
[2026-04-19T00:06:33.596+0000] {logging_mixin.py:188} INFO - [2026-04-19T00:06:33.595+0000] {dag.py:3823} INFO - Setting next_dagrun for example_bash_operator to 2026-04-18 00:00:00+00:00, run_after=2026-04-19 00:00:00+00:00
[2026-04-19T00:06:33.620+0000] {processor.py:183} INFO - Processing /home/airflow/.local/lib/python3.8/site-packages/airflow/example_dags/example_bash_operator.py took 0.126 seconds
[2026-04-19T00:07:03.858+0000] {processor.py:161} INFO - Started process (PID=10828) to work on /home/airflow/.local/lib/python3.8/site-packages/airflow/example_dags/example_bash_operator.py
[2026-04-19T00:07:03.859+0000] {processor.py:830} INFO - Processing file /home/airflow/.local/lib/python3.8/site-packages/airflow/example_dags/example_bash_operator.py for tasks to queue
[2026-04-19T00:07:03.862+0000] {logging_mixin.py:188} INFO - [2026-04-19T00:07:03.862+0000] {dagbag.py:538} INFO - Filling up the DagBag from /home/airflow/.local/lib/python3.8/site-packages/airflow/example_dags/example_bash_operator.py
[2026-04-19T00:07:03.883+0000] {processor.py:840} INFO - DAG(s) 'example_bash_operator' retrieved from /home/airflow/.local/lib/python3.8/site-packages/airflow/example_dags/example_bash_operator.py
[2026-04-19T00:07:03.928+0000] {logging_mixin.py:188} INFO - [2026-04-19T00:07:03.927+0000] {dag.py:3036} INFO - Sync 1 DAGs
[2026-04-19T00:07:03.962+0000] {logging_mixin.py:188} INFO - [2026-04-19T00:07:03.962+0000] {dag.py:3823} INFO - Setting next_dagrun for example_bash_operator to 2026-04-18 00:00:00+00:00, run_after=2026-04-19 00:00:00+00:00
[2026-04-19T00:07:03.988+0000] {processor.py:183} INFO - Processing /home/airflow/.local/lib/python3.8/site-packages/airflow/example_dags/example_bash_operator.py took 0.136 seconds
[2026-04-19T00:07:34.232+0000] {processor.py:161} INFO - Started process (PID=10883) to work on /home/airflow/.local/lib/python3.8/site-packages/airflow/example_dags/example_bash_operator.py
[2026-04-19T00:07:34.233+0000] {processor.py:830} INFO - Processing file /home/airflow/.local/lib/python3.8/site-packages/airflow/example_dags/example_bash_operator.py for tasks to queue
[2026-04-19T00:07:34.236+0000] {logging_mixin.py:188} INFO - [2026-04-19T00:07:34.235+0000] {dagbag.py:538} INFO - Filling up the DagBag from /home/airflow/.local/lib/python3.8/site-packages/airflow/example_dags/example_bash_operator.py
[2026-04-19T00:07:34.253+0000] {processor.py:840} INFO - DAG(s) 'example_bash_operator' retrieved from /home/airflow/.local/lib/python3.8/site-packages/airflow/example_dags/example_bash_operator.py
[2026-04-19T00:07:34.294+0000] {logging_mixin.py:188} INFO - [2026-04-19T00:07:34.294+0000] {dag.py:3036} INFO - Sync 1 DAGs
[2026-04-19T00:07:34.325+0000] {logging_mixin.py:188} INFO - [2026-04-19T00:07:34.325+0000] {dag.py:3823} INFO - Setting next_dagrun for example_bash_operator to 2026-04-18 00:00:00+00:00, run_after=2026-04-19 00:00:00+00:00
[2026-04-19T00:07:34.346+0000] {processor.py:183} INFO - Processing /home/airflow/.local/lib/python3.8/site-packages/airflow/example_dags/example_bash_operator.py took 0.118 seconds
[2026-04-19T00:08:04.468+0000] {processor.py:161} INFO - Started process (PID=10938) to work on /home/airflow/.local/lib/python3.8/site-packages/airflow/example_dags/example_bash_operator.py
[2026-04-19T00:08:04.469+0000] {processor.py:830} INFO - Processing file /home/airflow/.local/lib/python3.8/site-packages/airflow/example_dags/example_bash_operator.py for tasks to queue
[2026-04-19T00:08:04.470+0000] {logging_mixin.py:188} INFO - [2026-04-19T00:08:04.470+0000] {dagbag.py:538} INFO - Filling up the DagBag from /home/airflow/.local/lib/python3.8/site-packages/airflow/example_dags/example_bash_operator.py
[2026-04-19T00:08:04.482+0000] {processor.py:840} INFO - DAG(s) 'example_bash_operator' retrieved from /home/airflow/.local/lib/python3.8/site-packages/airflow/example_dags/example_bash_operator.py
[2026-04-19T00:08:04.512+0000] {logging_mixin.py:188} INFO - [2026-04-19T00:08:04.511+0000] {dag.py:3036} INFO - Sync 1 DAGs
[2026-04-19T00:08:04.536+0000] {logging_mixin.py:188} INFO - [2026-04-19T00:08:04.536+0000] {dag.py:3823} INFO - Setting next_dagrun for example_bash_operator to 2026-04-18 00:00:00+00:00, run_after=2026-04-19 00:00:00+00:00
[2026-04-19T00:08:04.552+0000] {processor.py:183} INFO - Processing /home/airflow/.local/lib/python3.8/site-packages/airflow/example_dags/example_bash_operator.py took 0.087 seconds
[2026-04-19T00:08:34.878+0000] {processor.py:161} INFO - Started process (PID=10993) to work on /home/airflow/.local/lib/python3.8/site-packages/airflow/example_dags/example_bash_operator.py
[2026-04-19T00:08:34.880+0000] {processor.py:830} INFO - Processing file /home/airflow/.local/lib/python3.8/site-packages/airflow/example_dags/example_bash_operator.py for tasks to queue
[2026-04-19T00:08:34.883+0000] {logging_mixin.py:188} INFO - [2026-04-19T00:08:34.882+0000] {dagbag.py:538} INFO - Filling up the DagBag from /home/airflow/.local/lib/python3.8/site-packages/airflow/example_dags/example_bash_operator.py
[2026-04-19T00:08:34.900+0000] {processor.py:840} INFO - DAG(s) 'example_bash_operator' retrieved from /home/airflow/.local/lib/python3.8/site-packages/airflow/example_dags/example_bash_operator.py
[2026-04-19T00:08:34.942+0000] {logging_mixin.py:188} INFO - [2026-04-19T00:08:34.942+0000] {dag.py:3036} INFO - Sync 1 DAGs
[2026-04-19T00:08:34.972+0000] {logging_mixin.py:188} INFO - [2026-04-19T00:08:34.972+0000] {dag.py:3823} INFO - Setting next_dagrun for example_bash_operator to 2026-04-18 00:00:00+00:00, run_after=2026-04-19 00:00:00+00:00
[2026-04-19T00:08:34.999+0000] {processor.py:183} INFO - Processing /home/airflow/.local/lib/python3.8/site-packages/airflow/example_dags/example_bash_operator.py took 0.126 seconds
[2026-04-19T00:09:05.096+0000] {processor.py:161} INFO - Started process (PID=11048) to work on /home/airflow/.local/lib/python3.8/site-packages/airflow/example_dags/example_bash_operator.py
[2026-04-19T00:09:05.097+0000] {processor.py:830} INFO - Processing file /home/airflow/.local/lib/python3.8/site-packages/airflow/example_dags/example_bash_operator.py for tasks to queue
[2026-04-19T00:09:05.100+0000] {logging_mixin.py:188} INFO - [2026-04-19T00:09:05.099+0000] {dagbag.py:538} INFO - Filling up the DagBag from /home/airflow/.local/lib/python3.8/site-packages/airflow/example_dags/example_bash_operator.py
[2026-04-19T00:09:05.116+0000] {processor.py:840} INFO - DAG(s) 'example_bash_operator' retrieved from /home/airflow/.local/lib/python3.8/site-packages/airflow/example_dags/example_bash_operator.py
[2026-04-19T00:09:05.161+0000] {logging_mixin.py:188} INFO - [2026-04-19T00:09:05.161+0000] {dag.py:3036} INFO - Sync 1 DAGs
[2026-04-19T00:09:05.193+0000] {logging_mixin.py:188} INFO - [2026-04-19T00:09:05.192+0000] {dag.py:3823} INFO - Setting next_dagrun for example_bash_operator to 2026-04-18 00:00:00+00:00, run_after=2026-04-19 00:00:00+00:00
[2026-04-19T00:09:05.218+0000] {processor.py:183} INFO - Processing /home/airflow/.local/lib/python3.8/site-packages/airflow/example_dags/example_bash_operator.py took 0.126 seconds
[2026-04-19T00:09:35.684+0000] {processor.py:161} INFO - Started process (PID=11103) to work on /home/airflow/.local/lib/python3.8/site-packages/airflow/example_dags/example_bash_operator.py
[2026-04-19T00:09:35.686+0000] {processor.py:830} INFO - Processing file /home/airflow/.local/lib/python3.8/site-packages/airflow/example_dags/example_bash_operator.py for tasks to queue
[2026-04-19T00:09:35.688+0000] {logging_mixin.py:188} INFO - [2026-04-19T00:09:35.687+0000] {dagbag.py:538} INFO - Filling up the DagBag from /home/airflow/.local/lib/python3.8/site-packages/airflow/example_dags/example_bash_operator.py
[2026-04-19T00:09:35.706+0000] {processor.py:840} INFO - DAG(s) 'example_bash_operator' retrieved from /home/airflow/.local/lib/python3.8/site-packages/airflow/example_dags/example_bash_operator.py
[2026-04-19T00:09:35.747+0000] {logging_mixin.py:188} INFO - [2026-04-19T00:09:35.747+0000] {dag.py:3036} INFO - Sync 1 DAGs
[2026-04-19T00:09:35.780+0000] {logging_mixin.py:188} INFO - [2026-04-19T00:09:35.779+0000] {dag.py:3823} INFO - Setting next_dagrun for example_bash_operator to 2026-04-18 00:00:00+00:00, run_after=2026-04-19 00:00:00+00:00
[2026-04-19T00:09:35.803+0000] {processor.py:183} INFO - Processing /home/airflow/.local/lib/python3.8/site-packages/airflow/example_dags/example_bash_operator.py took 0.124 seconds
[2026-04-19T00:10:06.217+0000] {processor.py:161} INFO - Started process (PID=11158) to work on /home/airflow/.local/lib/python3.8/site-packages/airflow/example_dags/example_bash_operator.py
[2026-04-19T00:10:06.219+0000] {processor.py:830} INFO - Processing file /home/airflow/.local/lib/python3.8/site-packages/airflow/example_dags/example_bash_operator.py for tasks to queue
[2026-04-19T00:10:06.221+0000] {logging_mixin.py:188} INFO - [2026-04-19T00:10:06.221+0000] {dagbag.py:538} INFO - Filling up the DagBag from /home/airflow/.local/lib/python3.8/site-packages/airflow/example_dags/example_bash_operator.py
[2026-04-19T00:10:06.240+0000] {processor.py:840} INFO - DAG(s) 'example_bash_operator' retrieved from /home/airflow/.local/lib/python3.8/site-packages/airflow/example_dags/example_bash_operator.py
[2026-04-19T00:10:06.285+0000] {logging_mixin.py:188} INFO - [2026-04-19T00:10:06.285+0000] {dag.py:3036} INFO - Sync 1 DAGs
[2026-04-19T00:10:06.318+0000] {logging_mixin.py:188} INFO - [2026-04-19T00:10:06.317+0000] {dag.py:3823} INFO - Setting next_dagrun for example_bash_operator to 2026-04-18 00:00:00+00:00, run_after=2026-04-19 00:00:00+00:00
[2026-04-19T00:10:06.341+0000] {processor.py:183} INFO - Processing /home/airflow/.local/lib/python3.8/site-packages/airflow/example_dags/example_bash_operator.py took 0.130 seconds
[2026-04-19T00:10:36.583+0000] {processor.py:161} INFO - Started process (PID=11213) to work on /home/airflow/.local/lib/python3.8/site-packages/airflow/example_dags/example_bash_operator.py
[2026-04-19T00:10:36.584+0000] {processor.py:830} INFO - Processing file /home/airflow/.local/lib/python3.8/site-packages/airflow/example_dags/example_bash_operator.py for tasks to queue
[2026-04-19T00:10:36.587+0000] {logging_mixin.py:188} INFO - [2026-04-19T00:10:36.586+0000] {dagbag.py:538} INFO - Filling up the DagBag from /home/airflow/.local/lib/python3.8/site-packages/airflow/example_dags/example_bash_operator.py
[2026-04-19T00:10:36.605+0000] {processor.py:840} INFO - DAG(s) 'example_bash_operator' retrieved from /home/airflow/.local/lib/python3.8/site-packages/airflow/example_dags/example_bash_operator.py
[2026-04-19T00:10:36.647+0000] {logging_mixin.py:188} INFO - [2026-04-19T00:10:36.647+0000] {dag.py:3036} INFO - Sync 1 DAGs
[2026-04-19T00:10:36.683+0000] {logging_mixin.py:188} INFO - [2026-04-19T00:10:36.682+0000] {dag.py:3823} INFO - Setting next_dagrun for example_bash_operator to 2026-04-18 00:00:00+00:00, run_after=2026-04-19 00:00:00+00:00
[2026-04-19T00:10:36.707+0000] {processor.py:183} INFO - Processing /home/airflow/.local/lib/python3.8/site-packages/airflow/example_dags/example_bash_operator.py took 0.129 seconds
[2026-04-19T00:11:07.169+0000] {processor.py:161} INFO - Started process (PID=11268) to work on /home/airflow/.local/lib/python3.8/site-packages/airflow/example_dags/example_bash_operator.py
[2026-04-19T00:11:07.170+0000] {processor.py:830} INFO - Processing file /home/airflow/.local/lib/python3.8/site-packages/airflow/example_dags/example_bash_operator.py for tasks to queue
[2026-04-19T00:11:07.173+0000] {logging_mixin.py:188} INFO - [2026-04-19T00:11:07.172+0000] {dagbag.py:538} INFO - Filling up the DagBag from /home/airflow/.local/lib/python3.8/site-packages/airflow/example_dags/example_bash_operator.py
[2026-04-19T00:11:07.192+0000] {processor.py:840} INFO - DAG(s) 'example_bash_operator' retrieved from /home/airflow/.local/lib/python3.8/site-packages/airflow/example_dags/example_bash_operator.py
[2026-04-19T00:11:07.239+0000] {logging_mixin.py:188} INFO - [2026-04-19T00:11:07.239+0000] {dag.py:3036} INFO - Sync 1 DAGs
[2026-04-19T00:11:07.274+0000] {logging_mixin.py:188} INFO - [2026-04-19T00:11:07.273+0000] {dag.py:3823} INFO - Setting next_dagrun for example_bash_operator to 2026-04-18 00:00:00+00:00, run_after=2026-04-19 00:00:00+00:00
[2026-04-19T00:11:07.304+0000] {processor.py:183} INFO - Processing /home/airflow/.local/lib/python3.8/site-packages/airflow/example_dags/example_bash_operator.py took 0.140 seconds
[2026-04-19T00:11:37.635+0000] {processor.py:161} INFO - Started process (PID=11323) to work on /home/airflow/.local/lib/python3.8/site-packages/airflow/example_dags/example_bash_operator.py
[2026-04-19T00:11:37.636+0000] {processor.py:830} INFO - Processing file /home/airflow/.local/lib/python3.8/site-packages/airflow/example_dags/example_bash_operator.py for tasks to queue
[2026-04-19T00:11:37.639+0000] {logging_mixin.py:188} INFO - [2026-04-19T00:11:37.638+0000] {dagbag.py:538} INFO - Filling up the DagBag from /home/airflow/.local/lib/python3.8/site-packages/airflow/example_dags/example_bash_operator.py
[2026-04-19T00:11:37.657+0000] {processor.py:840} INFO - DAG(s) 'example_bash_operator' retrieved from /home/airflow/.local/lib/python3.8/site-packages/airflow/example_dags/example_bash_operator.py
[2026-04-19T00:11:37.703+0000] {logging_mixin.py:188} INFO - [2026-04-19T00:11:37.703+0000] {dag.py:3036} INFO - Sync 1 DAGs
[2026-04-19T00:11:37.739+0000] {logging_mixin.py:188} INFO - [2026-04-19T00:11:37.739+0000] {dag.py:3823} INFO - Setting next_dagrun for example_bash_operator to 2026-04-18 00:00:00+00:00, run_after=2026-04-19 00:00:00+00:00
[2026-04-19T00:11:37.764+0000] {processor.py:183} INFO - Processing /home/airflow/.local/lib/python3.8/site-packages/airflow/example_dags/example_bash_operator.py took 0.134 seconds
[2026-04-19T00:12:07.993+0000] {processor.py:161} INFO - Started process (PID=11378) to work on /home/airflow/.local/lib/python3.8/site-packages/airflow/example_dags/example_bash_operator.py
[2026-04-19T00:12:07.995+0000] {processor.py:830} INFO - Processing file /home/airflow/.local/lib/python3.8/site-packages/airflow/example_dags/example_bash_operator.py for tasks to queue
[2026-04-19T00:12:07.998+0000] {logging_mixin.py:188} INFO - [2026-04-19T00:12:07.997+0000] {dagbag.py:538} INFO - Filling up the DagBag from /home/airflow/.local/lib/python3.8/site-packages/airflow/example_dags/example_bash_operator.py
[2026-04-19T00:12:08.016+0000] {processor.py:840} INFO - DAG(s) 'example_bash_operator' retrieved from /home/airflow/.local/lib/python3.8/site-packages/airflow/example_dags/example_bash_operator.py
[2026-04-19T00:12:08.058+0000] {logging_mixin.py:188} INFO - [2026-04-19T00:12:08.058+0000] {dag.py:3036} INFO - Sync 1 DAGs
[2026-04-19T00:12:08.091+0000] {logging_mixin.py:188} INFO - [2026-04-19T00:12:08.091+0000] {dag.py:3823} INFO - Setting next_dagrun for example_bash_operator to 2026-04-18 00:00:00+00:00, run_after=2026-04-19 00:00:00+00:00
[2026-04-19T00:12:08.115+0000] {processor.py:183} INFO - Processing /home/airflow/.local/lib/python3.8/site-packages/airflow/example_dags/example_bash_operator.py took 0.128 seconds
[2026-04-19T00:12:38.348+0000] {processor.py:161} INFO - Started process (PID=11433) to work on /home/airflow/.local/lib/python3.8/site-packages/airflow/example_dags/example_bash_operator.py
[2026-04-19T00:12:38.349+0000] {processor.py:830} INFO - Processing file /home/airflow/.local/lib/python3.8/site-packages/airflow/example_dags/example_bash_operator.py for tasks to queue
[2026-04-19T00:12:38.352+0000] {logging_mixin.py:188} INFO - [2026-04-19T00:12:38.352+0000] {dagbag.py:538} INFO - Filling up the DagBag from /home/airflow/.local/lib/python3.8/site-packages/airflow/example_dags/example_bash_operator.py
[2026-04-19T00:12:38.370+0000] {processor.py:840} INFO - DAG(s) 'example_bash_operator' retrieved from /home/airflow/.local/lib/python3.8/site-packages/airflow/example_dags/example_bash_operator.py
[2026-04-19T00:12:38.415+0000] {logging_mixin.py:188} INFO - [2026-04-19T00:12:38.415+0000] {dag.py:3036} INFO - Sync 1 DAGs
[2026-04-19T00:12:38.446+0000] {logging_mixin.py:188} INFO - [2026-04-19T00:12:38.445+0000] {dag.py:3823} INFO - Setting next_dagrun for example_bash_operator to 2026-04-18 00:00:00+00:00, run_after=2026-04-19 00:00:00+00:00
[2026-04-19T00:12:38.469+0000] {processor.py:183} INFO - Processing /home/airflow/.local/lib/python3.8/site-packages/airflow/example_dags/example_bash_operator.py took 0.127 seconds
[2026-04-19T00:13:08.923+0000] {processor.py:161} INFO - Started process (PID=11488) to work on /home/airflow/.local/lib/python3.8/site-packages/airflow/example_dags/example_bash_operator.py
[2026-04-19T00:13:08.924+0000] {processor.py:830} INFO - Processing file /home/airflow/.local/lib/python3.8/site-packages/airflow/example_dags/example_bash_operator.py for tasks to queue
[2026-04-19T00:13:08.926+0000] {logging_mixin.py:188} INFO - [2026-04-19T00:13:08.926+0000] {dagbag.py:538} INFO - Filling up the DagBag from /home/airflow/.local/lib/python3.8/site-packages/airflow/example_dags/example_bash_operator.py
[2026-04-19T00:13:08.943+0000] {processor.py:840} INFO - DAG(s) 'example_bash_operator' retrieved from /home/airflow/.local/lib/python3.8/site-packages/airflow/example_dags/example_bash_operator.py
[2026-04-19T00:13:08.987+0000] {logging_mixin.py:188} INFO - [2026-04-19T00:13:08.986+0000] {dag.py:3036} INFO - Sync 1 DAGs
[2026-04-19T00:13:09.020+0000] {logging_mixin.py:188} INFO - [2026-04-19T00:13:09.020+0000] {dag.py:3823} INFO - Setting next_dagrun for example_bash_operator to 2026-04-18 00:00:00+00:00, run_after=2026-04-19 00:00:00+00:00
[2026-04-19T00:13:09.044+0000] {processor.py:183} INFO - Processing /home/airflow/.local/lib/python3.8/site-packages/airflow/example_dags/example_bash_operator.py took 0.126 seconds
[2026-04-19T00:13:39.171+0000] {processor.py:161} INFO - Started process (PID=11541) to work on /home/airflow/.local/lib/python3.8/site-packages/airflow/example_dags/example_bash_operator.py
[2026-04-19T00:13:39.173+0000] {processor.py:830} INFO - Processing file /home/airflow/.local/lib/python3.8/site-packages/airflow/example_dags/example_bash_operator.py for tasks to queue
[2026-04-19T00:13:39.175+0000] {logging_mixin.py:188} INFO - [2026-04-19T00:13:39.175+0000] {dagbag.py:538} INFO - Filling up the DagBag from /home/airflow/.local/lib/python3.8/site-packages/airflow/example_dags/example_bash_operator.py
[2026-04-19T00:13:39.194+0000] {processor.py:840} INFO - DAG(s) 'example_bash_operator' retrieved from /home/airflow/.local/lib/python3.8/site-packages/airflow/example_dags/example_bash_operator.py
[2026-04-19T00:13:39.246+0000] {logging_mixin.py:188} INFO - [2026-04-19T00:13:39.245+0000] {dag.py:3036} INFO - Sync 1 DAGs
[2026-04-19T00:13:39.286+0000] {logging_mixin.py:188} INFO - [2026-04-19T00:13:39.286+0000] {dag.py:3823} INFO - Setting next_dagrun for example_bash_operator to 2026-04-18 00:00:00+00:00, run_after=2026-04-19 00:00:00+00:00
[2026-04-19T00:13:39.318+0000] {processor.py:183} INFO - Processing /home/airflow/.local/lib/python3.8/site-packages/airflow/example_dags/example_bash_operator.py took 0.153 seconds
[2026-04-19T00:14:09.742+0000] {processor.py:161} INFO - Started process (PID=11596) to work on /home/airflow/.local/lib/python3.8/site-packages/airflow/example_dags/example_bash_operator.py
[2026-04-19T00:14:09.743+0000] {processor.py:830} INFO - Processing file /home/airflow/.local/lib/python3.8/site-packages/airflow/example_dags/example_bash_operator.py for tasks to queue
[2026-04-19T00:14:09.745+0000] {logging_mixin.py:188} INFO - [2026-04-19T00:14:09.745+0000] {dagbag.py:538} INFO - Filling up the DagBag from /home/airflow/.local/lib/python3.8/site-packages/airflow/example_dags/example_bash_operator.py
[2026-04-19T00:14:09.764+0000] {processor.py:840} INFO - DAG(s) 'example_bash_operator' retrieved from /home/airflow/.local/lib/python3.8/site-packages/airflow/example_dags/example_bash_operator.py
[2026-04-19T00:14:09.811+0000] {logging_mixin.py:188} INFO - [2026-04-19T00:14:09.811+0000] {dag.py:3036} INFO - Sync 1 DAGs
[2026-04-19T00:14:09.849+0000] {logging_mixin.py:188} INFO - [2026-04-19T00:14:09.849+0000] {dag.py:3823} INFO - Setting next_dagrun for example_bash_operator to 2026-04-18 00:00:00+00:00, run_after=2026-04-19 00:00:00+00:00
[2026-04-19T00:14:09.873+0000] {processor.py:183} INFO - Processing /home/airflow/.local/lib/python3.8/site-packages/airflow/example_dags/example_bash_operator.py took 0.137 seconds
[2026-04-19T00:14:40.234+0000] {processor.py:161} INFO - Started process (PID=11651) to work on /home/airflow/.local/lib/python3.8/site-packages/airflow/example_dags/example_bash_operator.py
[2026-04-19T00:14:40.235+0000] {processor.py:830} INFO - Processing file /home/airflow/.local/lib/python3.8/site-packages/airflow/example_dags/example_bash_operator.py for tasks to queue
[2026-04-19T00:14:40.238+0000] {logging_mixin.py:188} INFO - [2026-04-19T00:14:40.238+0000] {dagbag.py:538} INFO - Filling up the DagBag from /home/airflow/.local/lib/python3.8/site-packages/airflow/example_dags/example_bash_operator.py
[2026-04-19T00:14:40.257+0000] {processor.py:840} INFO - DAG(s) 'example_bash_operator' retrieved from /home/airflow/.local/lib/python3.8/site-packages/airflow/example_dags/example_bash_operator.py
[2026-04-19T00:14:40.301+0000] {logging_mixin.py:188} INFO - [2026-04-19T00:14:40.301+0000] {dag.py:3036} INFO - Sync 1 DAGs
[2026-04-19T00:14:40.335+0000] {logging_mixin.py:188} INFO - [2026-04-19T00:14:40.334+0000] {dag.py:3823} INFO - Setting next_dagrun for example_bash_operator to 2026-04-18 00:00:00+00:00, run_after=2026-04-19 00:00:00+00:00
[2026-04-19T00:14:40.361+0000] {processor.py:183} INFO - Processing /home/airflow/.local/lib/python3.8/site-packages/airflow/example_dags/example_bash_operator.py took 0.133 seconds
[2026-04-19T00:15:10.761+0000] {processor.py:161} INFO - Started process (PID=11706) to work on /home/airflow/.local/lib/python3.8/site-packages/airflow/example_dags/example_bash_operator.py
[2026-04-19T00:15:10.762+0000] {processor.py:830} INFO - Processing file /home/airflow/.local/lib/python3.8/site-packages/airflow/example_dags/example_bash_operator.py for tasks to queue
[2026-04-19T00:15:10.764+0000] {logging_mixin.py:188} INFO - [2026-04-19T00:15:10.764+0000] {dagbag.py:538} INFO - Filling up the DagBag from /home/airflow/.local/lib/python3.8/site-packages/airflow/example_dags/example_bash_operator.py
[2026-04-19T00:15:10.781+0000] {processor.py:840} INFO - DAG(s) 'example_bash_operator' retrieved from /home/airflow/.local/lib/python3.8/site-packages/airflow/example_dags/example_bash_operator.py
[2026-04-19T00:15:10.829+0000] {logging_mixin.py:188} INFO - [2026-04-19T00:15:10.828+0000] {dag.py:3036} INFO - Sync 1 DAGs
[2026-04-19T00:15:10.866+0000] {logging_mixin.py:188} INFO - [2026-04-19T00:15:10.866+0000] {dag.py:3823} INFO - Setting next_dagrun for example_bash_operator to 2026-04-18 00:00:00+00:00, run_after=2026-04-19 00:00:00+00:00
[2026-04-19T00:15:10.893+0000] {processor.py:183} INFO - Processing /home/airflow/.local/lib/python3.8/site-packages/airflow/example_dags/example_bash_operator.py took 0.137 seconds
[2026-04-19T00:15:41.331+0000] {processor.py:161} INFO - Started process (PID=11762) to work on /home/airflow/.local/lib/python3.8/site-packages/airflow/example_dags/example_bash_operator.py
[2026-04-19T00:15:41.332+0000] {processor.py:830} INFO - Processing file /home/airflow/.local/lib/python3.8/site-packages/airflow/example_dags/example_bash_operator.py for tasks to queue
[2026-04-19T00:15:41.334+0000] {logging_mixin.py:188} INFO - [2026-04-19T00:15:41.334+0000] {dagbag.py:538} INFO - Filling up the DagBag from /home/airflow/.local/lib/python3.8/site-packages/airflow/example_dags/example_bash_operator.py
[2026-04-19T00:15:41.355+0000] {processor.py:840} INFO - DAG(s) 'example_bash_operator' retrieved from /home/airflow/.local/lib/python3.8/site-packages/airflow/example_dags/example_bash_operator.py
[2026-04-19T00:15:41.400+0000] {logging_mixin.py:188} INFO - [2026-04-19T00:15:41.399+0000] {dag.py:3036} INFO - Sync 1 DAGs
[2026-04-19T00:15:41.432+0000] {logging_mixin.py:188} INFO - [2026-04-19T00:15:41.431+0000] {dag.py:3823} INFO - Setting next_dagrun for example_bash_operator to 2026-04-18 00:00:00+00:00, run_after=2026-04-19 00:00:00+00:00
[2026-04-19T00:15:41.458+0000] {processor.py:183} INFO - Processing /home/airflow/.local/lib/python3.8/site-packages/airflow/example_dags/example_bash_operator.py took 0.133 seconds
[2026-04-19T00:16:11.954+0000] {processor.py:161} INFO - Started process (PID=11817) to work on /home/airflow/.local/lib/python3.8/site-packages/airflow/example_dags/example_bash_operator.py
[2026-04-19T00:16:11.956+0000] {processor.py:830} INFO - Processing file /home/airflow/.local/lib/python3.8/site-packages/airflow/example_dags/example_bash_operator.py for tasks to queue
[2026-04-19T00:16:11.958+0000] {logging_mixin.py:188} INFO - [2026-04-19T00:16:11.958+0000] {dagbag.py:538} INFO - Filling up the DagBag from /home/airflow/.local/lib/python3.8/site-packages/airflow/example_dags/example_bash_operator.py
[2026-04-19T00:16:11.975+0000] {processor.py:840} INFO - DAG(s) 'example_bash_operator' retrieved from /home/airflow/.local/lib/python3.8/site-packages/airflow/example_dags/example_bash_operator.py
[2026-04-19T00:16:12.019+0000] {logging_mixin.py:188} INFO - [2026-04-19T00:16:12.019+0000] {dag.py:3036} INFO - Sync 1 DAGs
[2026-04-19T00:16:12.057+0000] {logging_mixin.py:188} INFO - [2026-04-19T00:16:12.056+0000] {dag.py:3823} INFO - Setting next_dagrun for example_bash_operator to 2026-04-18 00:00:00+00:00, run_after=2026-04-19 00:00:00+00:00
[2026-04-19T00:16:12.083+0000] {processor.py:183} INFO - Processing /home/airflow/.local/lib/python3.8/site-packages/airflow/example_dags/example_bash_operator.py took 0.134 seconds
[2026-04-19T00:16:42.331+0000] {processor.py:161} INFO - Started process (PID=11872) to work on /home/airflow/.local/lib/python3.8/site-packages/airflow/example_dags/example_bash_operator.py
[2026-04-19T00:16:42.333+0000] {processor.py:830} INFO - Processing file /home/airflow/.local/lib/python3.8/site-packages/airflow/example_dags/example_bash_operator.py for tasks to queue
[2026-04-19T00:16:42.335+0000] {logging_mixin.py:188} INFO - [2026-04-19T00:16:42.334+0000] {dagbag.py:538} INFO - Filling up the DagBag from /home/airflow/.local/lib/python3.8/site-packages/airflow/example_dags/example_bash_operator.py
[2026-04-19T00:16:42.352+0000] {processor.py:840} INFO - DAG(s) 'example_bash_operator' retrieved from /home/airflow/.local/lib/python3.8/site-packages/airflow/example_dags/example_bash_operator.py
[2026-04-19T00:16:42.397+0000] {logging_mixin.py:188} INFO - [2026-04-19T00:16:42.396+0000] {dag.py:3036} INFO - Sync 1 DAGs
[2026-04-19T00:16:42.429+0000] {logging_mixin.py:188} INFO - [2026-04-19T00:16:42.429+0000] {dag.py:3823} INFO - Setting next_dagrun for example_bash_operator to 2026-04-18 00:00:00+00:00, run_after=2026-04-19 00:00:00+00:00
[2026-04-19T00:16:42.452+0000] {processor.py:183} INFO - Processing /home/airflow/.local/lib/python3.8/site-packages/airflow/example_dags/example_bash_operator.py took 0.126 seconds
[2026-04-19T00:17:12.678+0000] {processor.py:161} INFO - Started process (PID=11927) to work on /home/airflow/.local/lib/python3.8/site-packages/airflow/example_dags/example_bash_operator.py
[2026-04-19T00:17:12.680+0000] {processor.py:830} INFO - Processing file /home/airflow/.local/lib/python3.8/site-packages/airflow/example_dags/example_bash_operator.py for tasks to queue
[2026-04-19T00:17:12.682+0000] {logging_mixin.py:188} INFO - [2026-04-19T00:17:12.682+0000] {dagbag.py:538} INFO - Filling up the DagBag from /home/airflow/.local/lib/python3.8/site-packages/airflow/example_dags/example_bash_operator.py
[2026-04-19T00:17:12.701+0000] {processor.py:840} INFO - DAG(s) 'example_bash_operator' retrieved from /home/airflow/.local/lib/python3.8/site-packages/airflow/example_dags/example_bash_operator.py
[2026-04-19T00:17:12.744+0000] {logging_mixin.py:188} INFO - [2026-04-19T00:17:12.744+0000] {dag.py:3036} INFO - Sync 1 DAGs
[2026-04-19T00:17:12.775+0000] {logging_mixin.py:188} INFO - [2026-04-19T00:17:12.775+0000] {dag.py:3823} INFO - Setting next_dagrun for example_bash_operator to 2026-04-18 00:00:00+00:00, run_after=2026-04-19 00:00:00+00:00
[2026-04-19T00:17:12.799+0000] {processor.py:183} INFO - Processing /home/airflow/.local/lib/python3.8/site-packages/airflow/example_dags/example_bash_operator.py took 0.126 seconds
[2026-04-19T00:17:43.234+0000] {processor.py:161} INFO - Started process (PID=11982) to work on /home/airflow/.local/lib/python3.8/site-packages/airflow/example_dags/example_bash_operator.py
[2026-04-19T00:17:43.235+0000] {processor.py:830} INFO - Processing file /home/airflow/.local/lib/python3.8/site-packages/airflow/example_dags/example_bash_operator.py for tasks to queue
[2026-04-19T00:17:43.237+0000] {logging_mixin.py:188} INFO - [2026-04-19T00:17:43.237+0000] {dagbag.py:538} INFO - Filling up the DagBag from /home/airflow/.local/lib/python3.8/site-packages/airflow/example_dags/example_bash_operator.py
[2026-04-19T00:17:43.255+0000] {processor.py:840} INFO - DAG(s) 'example_bash_operator' retrieved from /home/airflow/.local/lib/python3.8/site-packages/airflow/example_dags/example_bash_operator.py
[2026-04-19T00:17:43.299+0000] {logging_mixin.py:188} INFO - [2026-04-19T00:17:43.299+0000] {dag.py:3036} INFO - Sync 1 DAGs
[2026-04-19T00:17:43.338+0000] {logging_mixin.py:188} INFO - [2026-04-19T00:17:43.338+0000] {dag.py:3823} INFO - Setting next_dagrun for example_bash_operator to 2026-04-18 00:00:00+00:00, run_after=2026-04-19 00:00:00+00:00
[2026-04-19T00:17:43.366+0000] {processor.py:183} INFO - Processing /home/airflow/.local/lib/python3.8/site-packages/airflow/example_dags/example_bash_operator.py took 0.138 seconds
[2026-04-19T00:18:13.768+0000] {processor.py:161} INFO - Started process (PID=12037) to work on /home/airflow/.local/lib/python3.8/site-packages/airflow/example_dags/example_bash_operator.py
[2026-04-19T00:18:13.769+0000] {processor.py:830} INFO - Processing file /home/airflow/.local/lib/python3.8/site-packages/airflow/example_dags/example_bash_operator.py for tasks to queue
[2026-04-19T00:18:13.772+0000] {logging_mixin.py:188} INFO - [2026-04-19T00:18:13.771+0000] {dagbag.py:538} INFO - Filling up the DagBag from /home/airflow/.local/lib/python3.8/site-packages/airflow/example_dags/example_bash_operator.py
[2026-04-19T00:18:13.789+0000] {processor.py:840} INFO - DAG(s) 'example_bash_operator' retrieved from /home/airflow/.local/lib/python3.8/site-packages/airflow/example_dags/example_bash_operator.py
[2026-04-19T00:18:13.833+0000] {logging_mixin.py:188} INFO - [2026-04-19T00:18:13.833+0000] {dag.py:3036} INFO - Sync 1 DAGs
[2026-04-19T00:18:13.866+0000] {logging_mixin.py:188} INFO - [2026-04-19T00:18:13.866+0000] {dag.py:3823} INFO - Setting next_dagrun for example_bash_operator to 2026-04-18 00:00:00+00:00, run_after=2026-04-19 00:00:00+00:00
[2026-04-19T00:18:13.889+0000] {processor.py:183} INFO - Processing /home/airflow/.local/lib/python3.8/site-packages/airflow/example_dags/example_bash_operator.py took 0.127 seconds
[2026-04-19T00:18:44.309+0000] {processor.py:161} INFO - Started process (PID=12092) to work on /home/airflow/.local/lib/python3.8/site-packages/airflow/example_dags/example_bash_operator.py
[2026-04-19T00:18:44.311+0000] {processor.py:830} INFO - Processing file /home/airflow/.local/lib/python3.8/site-packages/airflow/example_dags/example_bash_operator.py for tasks to queue
[2026-04-19T00:18:44.313+0000] {logging_mixin.py:188} INFO - [2026-04-19T00:18:44.313+0000] {dagbag.py:538} INFO - Filling up the DagBag from /home/airflow/.local/lib/python3.8/site-packages/airflow/example_dags/example_bash_operator.py
[2026-04-19T00:18:44.330+0000] {processor.py:840} INFO - DAG(s) 'example_bash_operator' retrieved from /home/airflow/.local/lib/python3.8/site-packages/airflow/example_dags/example_bash_operator.py
[2026-04-19T00:18:44.374+0000] {logging_mixin.py:188} INFO - [2026-04-19T00:18:44.374+0000] {dag.py:3036} INFO - Sync 1 DAGs
[2026-04-19T00:18:44.407+0000] {logging_mixin.py:188} INFO - [2026-04-19T00:18:44.407+0000] {dag.py:3823} INFO - Setting next_dagrun for example_bash_operator to 2026-04-18 00:00:00+00:00, run_after=2026-04-19 00:00:00+00:00
[2026-04-19T00:18:44.435+0000] {processor.py:183} INFO - Processing /home/airflow/.local/lib/python3.8/site-packages/airflow/example_dags/example_bash_operator.py took 0.130 seconds
[2026-04-19T00:19:14.691+0000] {processor.py:161} INFO - Started process (PID=12146) to work on /home/airflow/.local/lib/python3.8/site-packages/airflow/example_dags/example_bash_operator.py
[2026-04-19T00:19:14.693+0000] {processor.py:830} INFO - Processing file /home/airflow/.local/lib/python3.8/site-packages/airflow/example_dags/example_bash_operator.py for tasks to queue
[2026-04-19T00:19:14.695+0000] {logging_mixin.py:188} INFO - [2026-04-19T00:19:14.694+0000] {dagbag.py:538} INFO - Filling up the DagBag from /home/airflow/.local/lib/python3.8/site-packages/airflow/example_dags/example_bash_operator.py
[2026-04-19T00:19:14.712+0000] {processor.py:840} INFO - DAG(s) 'example_bash_operator' retrieved from /home/airflow/.local/lib/python3.8/site-packages/airflow/example_dags/example_bash_operator.py
[2026-04-19T00:19:14.754+0000] {logging_mixin.py:188} INFO - [2026-04-19T00:19:14.754+0000] {dag.py:3036} INFO - Sync 1 DAGs
[2026-04-19T00:19:14.786+0000] {logging_mixin.py:188} INFO - [2026-04-19T00:19:14.785+0000] {dag.py:3823} INFO - Setting next_dagrun for example_bash_operator to 2026-04-18 00:00:00+00:00, run_after=2026-04-19 00:00:00+00:00
[2026-04-19T00:19:14.811+0000] {processor.py:183} INFO - Processing /home/airflow/.local/lib/python3.8/site-packages/airflow/example_dags/example_bash_operator.py took 0.125 seconds
[2026-04-19T00:19:45.108+0000] {processor.py:161} INFO - Started process (PID=12201) to work on /home/airflow/.local/lib/python3.8/site-packages/airflow/example_dags/example_bash_operator.py
[2026-04-19T00:19:45.110+0000] {processor.py:830} INFO - Processing file /home/airflow/.local/lib/python3.8/site-packages/airflow/example_dags/example_bash_operator.py for tasks to queue
[2026-04-19T00:19:45.113+0000] {logging_mixin.py:188} INFO - [2026-04-19T00:19:45.112+0000] {dagbag.py:538} INFO - Filling up the DagBag from /home/airflow/.local/lib/python3.8/site-packages/airflow/example_dags/example_bash_operator.py
[2026-04-19T00:19:45.132+0000] {processor.py:840} INFO - DAG(s) 'example_bash_operator' retrieved from /home/airflow/.local/lib/python3.8/site-packages/airflow/example_dags/example_bash_operator.py
[2026-04-19T00:19:45.182+0000] {logging_mixin.py:188} INFO - [2026-04-19T00:19:45.182+0000] {dag.py:3036} INFO - Sync 1 DAGs
[2026-04-19T00:19:45.223+0000] {logging_mixin.py:188} INFO - [2026-04-19T00:19:45.222+0000] {dag.py:3823} INFO - Setting next_dagrun for example_bash_operator to 2026-04-18 00:00:00+00:00, run_after=2026-04-19 00:00:00+00:00
[2026-04-19T00:19:45.251+0000] {processor.py:183} INFO - Processing /home/airflow/.local/lib/python3.8/site-packages/airflow/example_dags/example_bash_operator.py took 0.148 seconds
[2026-04-19T00:20:15.554+0000] {processor.py:161} INFO - Started process (PID=12256) to work on /home/airflow/.local/lib/python3.8/site-packages/airflow/example_dags/example_bash_operator.py
[2026-04-19T00:20:15.556+0000] {processor.py:830} INFO - Processing file /home/airflow/.local/lib/python3.8/site-packages/airflow/example_dags/example_bash_operator.py for tasks to queue
[2026-04-19T00:20:15.558+0000] {logging_mixin.py:188} INFO - [2026-04-19T00:20:15.557+0000] {dagbag.py:538} INFO - Filling up the DagBag from /home/airflow/.local/lib/python3.8/site-packages/airflow/example_dags/example_bash_operator.py
[2026-04-19T00:20:15.573+0000] {processor.py:840} INFO - DAG(s) 'example_bash_operator' retrieved from /home/airflow/.local/lib/python3.8/site-packages/airflow/example_dags/example_bash_operator.py
[2026-04-19T00:20:15.615+0000] {logging_mixin.py:188} INFO - [2026-04-19T00:20:15.614+0000] {dag.py:3036} INFO - Sync 1 DAGs
[2026-04-19T00:20:15.646+0000] {logging_mixin.py:188} INFO - [2026-04-19T00:20:15.646+0000] {dag.py:3823} INFO - Setting next_dagrun for example_bash_operator to 2026-04-18 00:00:00+00:00, run_after=2026-04-19 00:00:00+00:00
[2026-04-19T00:20:15.671+0000] {processor.py:183} INFO - Processing /home/airflow/.local/lib/python3.8/site-packages/airflow/example_dags/example_bash_operator.py took 0.121 seconds
[2026-04-19T00:20:45.915+0000] {processor.py:161} INFO - Started process (PID=12311) to work on /home/airflow/.local/lib/python3.8/site-packages/airflow/example_dags/example_bash_operator.py
[2026-04-19T00:20:45.916+0000] {processor.py:830} INFO - Processing file /home/airflow/.local/lib/python3.8/site-packages/airflow/example_dags/example_bash_operator.py for tasks to queue
[2026-04-19T00:20:45.918+0000] {logging_mixin.py:188} INFO - [2026-04-19T00:20:45.918+0000] {dagbag.py:538} INFO - Filling up the DagBag from /home/airflow/.local/lib/python3.8/site-packages/airflow/example_dags/example_bash_operator.py
[2026-04-19T00:20:45.936+0000] {processor.py:840} INFO - DAG(s) 'example_bash_operator' retrieved from /home/airflow/.local/lib/python3.8/site-packages/airflow/example_dags/example_bash_operator.py
[2026-04-19T00:20:45.980+0000] {logging_mixin.py:188} INFO - [2026-04-19T00:20:45.980+0000] {dag.py:3036} INFO - Sync 1 DAGs
[2026-04-19T00:20:46.019+0000] {logging_mixin.py:188} INFO - [2026-04-19T00:20:46.018+0000] {dag.py:3823} INFO - Setting next_dagrun for example_bash_operator to 2026-04-18 00:00:00+00:00, run_after=2026-04-19 00:00:00+00:00
[2026-04-19T00:20:46.046+0000] {processor.py:183} INFO - Processing /home/airflow/.local/lib/python3.8/site-packages/airflow/example_dags/example_bash_operator.py took 0.137 seconds
[2026-04-19T00:21:16.325+0000] {processor.py:161} INFO - Started process (PID=12366) to work on /home/airflow/.local/lib/python3.8/site-packages/airflow/example_dags/example_bash_operator.py
[2026-04-19T00:21:16.327+0000] {processor.py:830} INFO - Processing file /home/airflow/.local/lib/python3.8/site-packages/airflow/example_dags/example_bash_operator.py for tasks to queue
[2026-04-19T00:21:16.329+0000] {logging_mixin.py:188} INFO - [2026-04-19T00:21:16.328+0000] {dagbag.py:538} INFO - Filling up the DagBag from /home/airflow/.local/lib/python3.8/site-packages/airflow/example_dags/example_bash_operator.py
[2026-04-19T00:21:16.346+0000] {processor.py:840} INFO - DAG(s) 'example_bash_operator' retrieved from /home/airflow/.local/lib/python3.8/site-packages/airflow/example_dags/example_bash_operator.py
[2026-04-19T00:21:16.388+0000] {logging_mixin.py:188} INFO - [2026-04-19T00:21:16.388+0000] {dag.py:3036} INFO - Sync 1 DAGs
[2026-04-19T00:21:16.420+0000] {logging_mixin.py:188} INFO - [2026-04-19T00:21:16.420+0000] {dag.py:3823} INFO - Setting next_dagrun for example_bash_operator to 2026-04-18 00:00:00+00:00, run_after=2026-04-19 00:00:00+00:00
[2026-04-19T00:21:16.444+0000] {processor.py:183} INFO - Processing /home/airflow/.local/lib/python3.8/site-packages/airflow/example_dags/example_bash_operator.py took 0.123 seconds
[2026-04-19T00:21:46.895+0000] {processor.py:161} INFO - Started process (PID=12421) to work on /home/airflow/.local/lib/python3.8/site-packages/airflow/example_dags/example_bash_operator.py
[2026-04-19T00:21:46.896+0000] {processor.py:830} INFO - Processing file /home/airflow/.local/lib/python3.8/site-packages/airflow/example_dags/example_bash_operator.py for tasks to queue
[2026-04-19T00:21:46.899+0000] {logging_mixin.py:188} INFO - [2026-04-19T00:21:46.898+0000] {dagbag.py:538} INFO - Filling up the DagBag from /home/airflow/.local/lib/python3.8/site-packages/airflow/example_dags/example_bash_operator.py
[2026-04-19T00:21:46.916+0000] {processor.py:840} INFO - DAG(s) 'example_bash_operator' retrieved from /home/airflow/.local/lib/python3.8/site-packages/airflow/example_dags/example_bash_operator.py
[2026-04-19T00:21:46.961+0000] {logging_mixin.py:188} INFO - [2026-04-19T00:21:46.961+0000] {dag.py:3036} INFO - Sync 1 DAGs
[2026-04-19T00:21:46.995+0000] {logging_mixin.py:188} INFO - [2026-04-19T00:21:46.995+0000] {dag.py:3823} INFO - Setting next_dagrun for example_bash_operator to 2026-04-18 00:00:00+00:00, run_after=2026-04-19 00:00:00+00:00
[2026-04-19T00:21:47.021+0000] {processor.py:183} INFO - Processing /home/airflow/.local/lib/python3.8/site-packages/airflow/example_dags/example_bash_operator.py took 0.131 seconds
[2026-04-19T00:22:17.136+0000] {processor.py:161} INFO - Started process (PID=12476) to work on /home/airflow/.local/lib/python3.8/site-packages/airflow/example_dags/example_bash_operator.py
[2026-04-19T00:22:17.137+0000] {processor.py:830} INFO - Processing file /home/airflow/.local/lib/python3.8/site-packages/airflow/example_dags/example_bash_operator.py for tasks to queue
[2026-04-19T00:22:17.140+0000] {logging_mixin.py:188} INFO - [2026-04-19T00:22:17.139+0000] {dagbag.py:538} INFO - Filling up the DagBag from /home/airflow/.local/lib/python3.8/site-packages/airflow/example_dags/example_bash_operator.py
[2026-04-19T00:22:17.155+0000] {processor.py:840} INFO - DAG(s) 'example_bash_operator' retrieved from /home/airflow/.local/lib/python3.8/site-packages/airflow/example_dags/example_bash_operator.py
[2026-04-19T00:22:17.199+0000] {logging_mixin.py:188} INFO - [2026-04-19T00:22:17.198+0000] {dag.py:3036} INFO - Sync 1 DAGs
[2026-04-19T00:22:17.231+0000] {logging_mixin.py:188} INFO - [2026-04-19T00:22:17.230+0000] {dag.py:3823} INFO - Setting next_dagrun for example_bash_operator to 2026-04-18 00:00:00+00:00, run_after=2026-04-19 00:00:00+00:00
[2026-04-19T00:22:17.252+0000] {processor.py:183} INFO - Processing /home/airflow/.local/lib/python3.8/site-packages/airflow/example_dags/example_bash_operator.py took 0.121 seconds
[2026-04-19T00:22:47.848+0000] {processor.py:161} INFO - Started process (PID=12531) to work on /home/airflow/.local/lib/python3.8/site-packages/airflow/example_dags/example_bash_operator.py
[2026-04-19T00:22:47.849+0000] {processor.py:830} INFO - Processing file /home/airflow/.local/lib/python3.8/site-packages/airflow/example_dags/example_bash_operator.py for tasks to queue
[2026-04-19T00:22:47.851+0000] {logging_mixin.py:188} INFO - [2026-04-19T00:22:47.851+0000] {dagbag.py:538} INFO - Filling up the DagBag from /home/airflow/.local/lib/python3.8/site-packages/airflow/example_dags/example_bash_operator.py
[2026-04-19T00:22:47.867+0000] {processor.py:840} INFO - DAG(s) 'example_bash_operator' retrieved from /home/airflow/.local/lib/python3.8/site-packages/airflow/example_dags/example_bash_operator.py
[2026-04-19T00:22:47.908+0000] {logging_mixin.py:188} INFO - [2026-04-19T00:22:47.908+0000] {dag.py:3036} INFO - Sync 1 DAGs
[2026-04-19T00:22:47.941+0000] {logging_mixin.py:188} INFO - [2026-04-19T00:22:47.941+0000] {dag.py:3823} INFO - Setting next_dagrun for example_bash_operator to 2026-04-18 00:00:00+00:00, run_after=2026-04-19 00:00:00+00:00
[2026-04-19T00:22:47.965+0000] {processor.py:183} INFO - Processing /home/airflow/.local/lib/python3.8/site-packages/airflow/example_dags/example_bash_operator.py took 0.122 seconds
[2026-04-19T00:23:18.140+0000] {processor.py:161} INFO - Started process (PID=12586) to work on /home/airflow/.local/lib/python3.8/site-packages/airflow/example_dags/example_bash_operator.py
[2026-04-19T00:23:18.142+0000] {processor.py:830} INFO - Processing file /home/airflow/.local/lib/python3.8/site-packages/airflow/example_dags/example_bash_operator.py for tasks to queue
[2026-04-19T00:23:18.144+0000] {logging_mixin.py:188} INFO - [2026-04-19T00:23:18.144+0000] {dagbag.py:538} INFO - Filling up the DagBag from /home/airflow/.local/lib/python3.8/site-packages/airflow/example_dags/example_bash_operator.py
[2026-04-19T00:23:18.160+0000] {processor.py:840} INFO - DAG(s) 'example_bash_operator' retrieved from /home/airflow/.local/lib/python3.8/site-packages/airflow/example_dags/example_bash_operator.py
[2026-04-19T00:23:18.202+0000] {logging_mixin.py:188} INFO - [2026-04-19T00:23:18.202+0000] {dag.py:3036} INFO - Sync 1 DAGs
[2026-04-19T00:23:18.237+0000] {logging_mixin.py:188} INFO - [2026-04-19T00:23:18.237+0000] {dag.py:3823} INFO - Setting next_dagrun for example_bash_operator to 2026-04-18 00:00:00+00:00, run_after=2026-04-19 00:00:00+00:00
[2026-04-19T00:23:18.261+0000] {processor.py:183} INFO - Processing /home/airflow/.local/lib/python3.8/site-packages/airflow/example_dags/example_bash_operator.py took 0.126 seconds
[2026-04-19T00:23:48.429+0000] {processor.py:161} INFO - Started process (PID=12641) to work on /home/airflow/.local/lib/python3.8/site-packages/airflow/example_dags/example_bash_operator.py
[2026-04-19T00:23:48.430+0000] {processor.py:830} INFO - Processing file /home/airflow/.local/lib/python3.8/site-packages/airflow/example_dags/example_bash_operator.py for tasks to queue
[2026-04-19T00:23:48.432+0000] {logging_mixin.py:188} INFO - [2026-04-19T00:23:48.432+0000] {dagbag.py:538} INFO - Filling up the DagBag from /home/airflow/.local/lib/python3.8/site-packages/airflow/example_dags/example_bash_operator.py
[2026-04-19T00:23:48.448+0000] {processor.py:840} INFO - DAG(s) 'example_bash_operator' retrieved from /home/airflow/.local/lib/python3.8/site-packages/airflow/example_dags/example_bash_operator.py
[2026-04-19T00:23:48.488+0000] {logging_mixin.py:188} INFO - [2026-04-19T00:23:48.487+0000] {dag.py:3036} INFO - Sync 1 DAGs
[2026-04-19T00:23:48.519+0000] {logging_mixin.py:188} INFO - [2026-04-19T00:23:48.519+0000] {dag.py:3823} INFO - Setting next_dagrun for example_bash_operator to 2026-04-18 00:00:00+00:00, run_after=2026-04-19 00:00:00+00:00
[2026-04-19T00:23:48.543+0000] {processor.py:183} INFO - Processing /home/airflow/.local/lib/python3.8/site-packages/airflow/example_dags/example_bash_operator.py took 0.119 seconds
[2026-04-19T00:24:18.641+0000] {processor.py:161} INFO - Started process (PID=12696) to work on /home/airflow/.local/lib/python3.8/site-packages/airflow/example_dags/example_bash_operator.py
[2026-04-19T00:24:18.643+0000] {processor.py:830} INFO - Processing file /home/airflow/.local/lib/python3.8/site-packages/airflow/example_dags/example_bash_operator.py for tasks to queue
[2026-04-19T00:24:18.645+0000] {logging_mixin.py:188} INFO - [2026-04-19T00:24:18.644+0000] {dagbag.py:538} INFO - Filling up the DagBag from /home/airflow/.local/lib/python3.8/site-packages/airflow/example_dags/example_bash_operator.py
[2026-04-19T00:24:18.660+0000] {processor.py:840} INFO - DAG(s) 'example_bash_operator' retrieved from /home/airflow/.local/lib/python3.8/site-packages/airflow/example_dags/example_bash_operator.py
[2026-04-19T00:24:18.706+0000] {logging_mixin.py:188} INFO - [2026-04-19T00:24:18.706+0000] {dag.py:3036} INFO - Sync 1 DAGs
[2026-04-19T00:24:18.749+0000] {logging_mixin.py:188} INFO - [2026-04-19T00:24:18.748+0000] {dag.py:3823} INFO - Setting next_dagrun for example_bash_operator to 2026-04-18 00:00:00+00:00, run_after=2026-04-19 00:00:00+00:00
[2026-04-19T00:24:18.778+0000] {processor.py:183} INFO - Processing /home/airflow/.local/lib/python3.8/site-packages/airflow/example_dags/example_bash_operator.py took 0.141 seconds
