[2026-04-19T00:00:16.841+0000] {processor.py:161} INFO - Started process (PID=10077) to work on /home/airflow/.local/lib/python3.8/site-packages/airflow/example_dags/example_short_circuit_operator.py
[2026-04-19T00:00:16.842+0000] {processor.py:830} INFO - Processing file /home/airflow/.local/lib/python3.8/site-packages/airflow/example_dags/example_short_circuit_operator.py for tasks to queue
[2026-04-19T00:00:16.845+0000] {logging_mixin.py:188} INFO - [2026-04-19T00:00:16.844+0000] {dagbag.py:538} INFO - Filling up the DagBag from /home/airflow/.local/lib/python3.8/site-packages/airflow/example_dags/example_short_circuit_operator.py
[2026-04-19T00:00:16.856+0000] {processor.py:840} INFO - DAG(s) 'example_short_circuit_operator' retrieved from /home/airflow/.local/lib/python3.8/site-packages/airflow/example_dags/example_short_circuit_operator.py
[2026-04-19T00:00:16.892+0000] {logging_mixin.py:188} INFO - [2026-04-19T00:00:16.891+0000] {dag.py:3036} INFO - Sync 1 DAGs
[2026-04-19T00:00:16.923+0000] {logging_mixin.py:188} INFO - [2026-04-19T00:00:16.923+0000] {dag.py:3823} INFO - Setting next_dagrun for example_short_circuit_operator to 2026-04-18 00:00:00+00:00, run_after=2026-04-19 00:00:00+00:00
[2026-04-19T00:00:16.946+0000] {processor.py:183} INFO - Processing /home/airflow/.local/lib/python3.8/site-packages/airflow/example_dags/example_short_circuit_operator.py took 0.111 seconds
[2026-04-19T00:00:47.398+0000] {processor.py:161} INFO - Started process (PID=10132) to work on /home/airflow/.local/lib/python3.8/site-packages/airflow/example_dags/example_short_circuit_operator.py
[2026-04-19T00:00:47.400+0000] {processor.py:830} INFO - Processing file /home/airflow/.local/lib/python3.8/site-packages/airflow/example_dags/example_short_circuit_operator.py for tasks to queue
[2026-04-19T00:00:47.403+0000] {logging_mixin.py:188} INFO - [2026-04-19T00:00:47.402+0000] {dagbag.py:538} INFO - Filling up the DagBag from /home/airflow/.local/lib/python3.8/site-packages/airflow/example_dags/example_short_circuit_operator.py
[2026-04-19T00:00:47.415+0000] {processor.py:840} INFO - DAG(s) 'example_short_circuit_operator' retrieved from /home/airflow/.local/lib/python3.8/site-packages/airflow/example_dags/example_short_circuit_operator.py
[2026-04-19T00:00:47.452+0000] {logging_mixin.py:188} INFO - [2026-04-19T00:00:47.451+0000] {dag.py:3036} INFO - Sync 1 DAGs
[2026-04-19T00:00:47.484+0000] {logging_mixin.py:188} INFO - [2026-04-19T00:00:47.483+0000] {dag.py:3823} INFO - Setting next_dagrun for example_short_circuit_operator to 2026-04-18 00:00:00+00:00, run_after=2026-04-19 00:00:00+00:00
[2026-04-19T00:00:47.507+0000] {processor.py:183} INFO - Processing /home/airflow/.local/lib/python3.8/site-packages/airflow/example_dags/example_short_circuit_operator.py took 0.114 seconds
[2026-04-19T00:01:17.810+0000] {processor.py:161} INFO - Started process (PID=10187) to work on /home/airflow/.local/lib/python3.8/site-packages/airflow/example_dags/example_short_circuit_operator.py
[2026-04-19T00:01:17.811+0000] {processor.py:830} INFO - Processing file /home/airflow/.local/lib/python3.8/site-packages/airflow/example_dags/example_short_circuit_operator.py for tasks to queue
[2026-04-19T00:01:17.814+0000] {logging_mixin.py:188} INFO - [2026-04-19T00:01:17.813+0000] {dagbag.py:538} INFO - Filling up the DagBag from /home/airflow/.local/lib/python3.8/site-packages/airflow/example_dags/example_short_circuit_operator.py
[2026-04-19T00:01:17.824+0000] {processor.py:840} INFO - DAG(s) 'example_short_circuit_operator' retrieved from /home/airflow/.local/lib/python3.8/site-packages/airflow/example_dags/example_short_circuit_operator.py
[2026-04-19T00:01:17.856+0000] {logging_mixin.py:188} INFO - [2026-04-19T00:01:17.855+0000] {dag.py:3036} INFO - Sync 1 DAGs
[2026-04-19T00:01:17.885+0000] {logging_mixin.py:188} INFO - [2026-04-19T00:01:17.884+0000] {dag.py:3823} INFO - Setting next_dagrun for example_short_circuit_operator to 2026-04-18 00:00:00+00:00, run_after=2026-04-19 00:00:00+00:00
[2026-04-19T00:01:17.907+0000] {processor.py:183} INFO - Processing /home/airflow/.local/lib/python3.8/site-packages/airflow/example_dags/example_short_circuit_operator.py took 0.101 seconds
[2026-04-19T00:01:48.170+0000] {processor.py:161} INFO - Started process (PID=10242) to work on /home/airflow/.local/lib/python3.8/site-packages/airflow/example_dags/example_short_circuit_operator.py
[2026-04-19T00:01:48.171+0000] {processor.py:830} INFO - Processing file /home/airflow/.local/lib/python3.8/site-packages/airflow/example_dags/example_short_circuit_operator.py for tasks to queue
[2026-04-19T00:01:48.174+0000] {logging_mixin.py:188} INFO - [2026-04-19T00:01:48.173+0000] {dagbag.py:538} INFO - Filling up the DagBag from /home/airflow/.local/lib/python3.8/site-packages/airflow/example_dags/example_short_circuit_operator.py
[2026-04-19T00:01:48.186+0000] {processor.py:840} INFO - DAG(s) 'example_short_circuit_operator' retrieved from /home/airflow/.local/lib/python3.8/site-packages/airflow/example_dags/example_short_circuit_operator.py
[2026-04-19T00:01:48.223+0000] {logging_mixin.py:188} INFO - [2026-04-19T00:01:48.223+0000] {dag.py:3036} INFO - Sync 1 DAGs
[2026-04-19T00:01:48.256+0000] {logging_mixin.py:188} INFO - [2026-04-19T00:01:48.255+0000] {dag.py:3823} INFO - Setting next_dagrun for example_short_circuit_operator to 2026-04-18 00:00:00+00:00, run_after=2026-04-19 00:00:00+00:00
[2026-04-19T00:01:48.279+0000] {processor.py:183} INFO - Processing /home/airflow/.local/lib/python3.8/site-packages/airflow/example_dags/example_short_circuit_operator.py took 0.114 seconds
[2026-04-19T00:02:18.450+0000] {processor.py:161} INFO - Started process (PID=10297) to work on /home/airflow/.local/lib/python3.8/site-packages/airflow/example_dags/example_short_circuit_operator.py
[2026-04-19T00:02:18.452+0000] {processor.py:830} INFO - Processing file /home/airflow/.local/lib/python3.8/site-packages/airflow/example_dags/example_short_circuit_operator.py for tasks to queue
[2026-04-19T00:02:18.454+0000] {logging_mixin.py:188} INFO - [2026-04-19T00:02:18.454+0000] {dagbag.py:538} INFO - Filling up the DagBag from /home/airflow/.local/lib/python3.8/site-packages/airflow/example_dags/example_short_circuit_operator.py
[2026-04-19T00:02:18.465+0000] {processor.py:840} INFO - DAG(s) 'example_short_circuit_operator' retrieved from /home/airflow/.local/lib/python3.8/site-packages/airflow/example_dags/example_short_circuit_operator.py
[2026-04-19T00:02:18.499+0000] {logging_mixin.py:188} INFO - [2026-04-19T00:02:18.498+0000] {dag.py:3036} INFO - Sync 1 DAGs
[2026-04-19T00:02:18.531+0000] {logging_mixin.py:188} INFO - [2026-04-19T00:02:18.530+0000] {dag.py:3823} INFO - Setting next_dagrun for example_short_circuit_operator to 2026-04-18 00:00:00+00:00, run_after=2026-04-19 00:00:00+00:00
[2026-04-19T00:02:18.556+0000] {processor.py:183} INFO - Processing /home/airflow/.local/lib/python3.8/site-packages/airflow/example_dags/example_short_circuit_operator.py took 0.111 seconds
[2026-04-19T00:02:48.701+0000] {processor.py:161} INFO - Started process (PID=10352) to work on /home/airflow/.local/lib/python3.8/site-packages/airflow/example_dags/example_short_circuit_operator.py
[2026-04-19T00:02:48.702+0000] {processor.py:830} INFO - Processing file /home/airflow/.local/lib/python3.8/site-packages/airflow/example_dags/example_short_circuit_operator.py for tasks to queue
[2026-04-19T00:02:48.704+0000] {logging_mixin.py:188} INFO - [2026-04-19T00:02:48.704+0000] {dagbag.py:538} INFO - Filling up the DagBag from /home/airflow/.local/lib/python3.8/site-packages/airflow/example_dags/example_short_circuit_operator.py
[2026-04-19T00:02:48.715+0000] {processor.py:840} INFO - DAG(s) 'example_short_circuit_operator' retrieved from /home/airflow/.local/lib/python3.8/site-packages/airflow/example_dags/example_short_circuit_operator.py
[2026-04-19T00:02:48.751+0000] {logging_mixin.py:188} INFO - [2026-04-19T00:02:48.751+0000] {dag.py:3036} INFO - Sync 1 DAGs
[2026-04-19T00:02:48.782+0000] {logging_mixin.py:188} INFO - [2026-04-19T00:02:48.781+0000] {dag.py:3823} INFO - Setting next_dagrun for example_short_circuit_operator to 2026-04-18 00:00:00+00:00, run_after=2026-04-19 00:00:00+00:00
[2026-04-19T00:02:48.806+0000] {processor.py:183} INFO - Processing /home/airflow/.local/lib/python3.8/site-packages/airflow/example_dags/example_short_circuit_operator.py took 0.110 seconds
[2026-04-19T00:03:19.067+0000] {processor.py:161} INFO - Started process (PID=10407) to work on /home/airflow/.local/lib/python3.8/site-packages/airflow/example_dags/example_short_circuit_operator.py
[2026-04-19T00:03:19.069+0000] {processor.py:830} INFO - Processing file /home/airflow/.local/lib/python3.8/site-packages/airflow/example_dags/example_short_circuit_operator.py for tasks to queue
[2026-04-19T00:03:19.072+0000] {logging_mixin.py:188} INFO - [2026-04-19T00:03:19.071+0000] {dagbag.py:538} INFO - Filling up the DagBag from /home/airflow/.local/lib/python3.8/site-packages/airflow/example_dags/example_short_circuit_operator.py
[2026-04-19T00:03:19.084+0000] {processor.py:840} INFO - DAG(s) 'example_short_circuit_operator' retrieved from /home/airflow/.local/lib/python3.8/site-packages/airflow/example_dags/example_short_circuit_operator.py
[2026-04-19T00:03:19.118+0000] {logging_mixin.py:188} INFO - [2026-04-19T00:03:19.117+0000] {dag.py:3036} INFO - Sync 1 DAGs
[2026-04-19T00:03:19.148+0000] {logging_mixin.py:188} INFO - [2026-04-19T00:03:19.148+0000] {dag.py:3823} INFO - Setting next_dagrun for example_short_circuit_operator to 2026-04-18 00:00:00+00:00, run_after=2026-04-19 00:00:00+00:00
[2026-04-19T00:03:19.172+0000] {processor.py:183} INFO - Processing /home/airflow/.local/lib/python3.8/site-packages/airflow/example_dags/example_short_circuit_operator.py took 0.110 seconds
[2026-04-19T00:03:49.430+0000] {processor.py:161} INFO - Started process (PID=10462) to work on /home/airflow/.local/lib/python3.8/site-packages/airflow/example_dags/example_short_circuit_operator.py
[2026-04-19T00:03:49.431+0000] {processor.py:830} INFO - Processing file /home/airflow/.local/lib/python3.8/site-packages/airflow/example_dags/example_short_circuit_operator.py for tasks to queue
[2026-04-19T00:03:49.434+0000] {logging_mixin.py:188} INFO - [2026-04-19T00:03:49.434+0000] {dagbag.py:538} INFO - Filling up the DagBag from /home/airflow/.local/lib/python3.8/site-packages/airflow/example_dags/example_short_circuit_operator.py
[2026-04-19T00:03:49.446+0000] {processor.py:840} INFO - DAG(s) 'example_short_circuit_operator' retrieved from /home/airflow/.local/lib/python3.8/site-packages/airflow/example_dags/example_short_circuit_operator.py
[2026-04-19T00:03:49.481+0000] {logging_mixin.py:188} INFO - [2026-04-19T00:03:49.481+0000] {dag.py:3036} INFO - Sync 1 DAGs
[2026-04-19T00:03:49.514+0000] {logging_mixin.py:188} INFO - [2026-04-19T00:03:49.513+0000] {dag.py:3823} INFO - Setting next_dagrun for example_short_circuit_operator to 2026-04-18 00:00:00+00:00, run_after=2026-04-19 00:00:00+00:00
[2026-04-19T00:03:49.537+0000] {processor.py:183} INFO - Processing /home/airflow/.local/lib/python3.8/site-packages/airflow/example_dags/example_short_circuit_operator.py took 0.113 seconds
[2026-04-19T00:04:19.946+0000] {processor.py:161} INFO - Started process (PID=10517) to work on /home/airflow/.local/lib/python3.8/site-packages/airflow/example_dags/example_short_circuit_operator.py
[2026-04-19T00:04:19.948+0000] {processor.py:830} INFO - Processing file /home/airflow/.local/lib/python3.8/site-packages/airflow/example_dags/example_short_circuit_operator.py for tasks to queue
[2026-04-19T00:04:19.950+0000] {logging_mixin.py:188} INFO - [2026-04-19T00:04:19.950+0000] {dagbag.py:538} INFO - Filling up the DagBag from /home/airflow/.local/lib/python3.8/site-packages/airflow/example_dags/example_short_circuit_operator.py
[2026-04-19T00:04:19.963+0000] {processor.py:840} INFO - DAG(s) 'example_short_circuit_operator' retrieved from /home/airflow/.local/lib/python3.8/site-packages/airflow/example_dags/example_short_circuit_operator.py
[2026-04-19T00:04:19.999+0000] {logging_mixin.py:188} INFO - [2026-04-19T00:04:19.999+0000] {dag.py:3036} INFO - Sync 1 DAGs
[2026-04-19T00:04:20.035+0000] {logging_mixin.py:188} INFO - [2026-04-19T00:04:20.035+0000] {dag.py:3823} INFO - Setting next_dagrun for example_short_circuit_operator to 2026-04-18 00:00:00+00:00, run_after=2026-04-19 00:00:00+00:00
[2026-04-19T00:04:20.060+0000] {processor.py:183} INFO - Processing /home/airflow/.local/lib/python3.8/site-packages/airflow/example_dags/example_short_circuit_operator.py took 0.120 seconds
[2026-04-19T00:04:50.256+0000] {processor.py:161} INFO - Started process (PID=10572) to work on /home/airflow/.local/lib/python3.8/site-packages/airflow/example_dags/example_short_circuit_operator.py
[2026-04-19T00:04:50.257+0000] {processor.py:830} INFO - Processing file /home/airflow/.local/lib/python3.8/site-packages/airflow/example_dags/example_short_circuit_operator.py for tasks to queue
[2026-04-19T00:04:50.260+0000] {logging_mixin.py:188} INFO - [2026-04-19T00:04:50.260+0000] {dagbag.py:538} INFO - Filling up the DagBag from /home/airflow/.local/lib/python3.8/site-packages/airflow/example_dags/example_short_circuit_operator.py
[2026-04-19T00:04:50.272+0000] {processor.py:840} INFO - DAG(s) 'example_short_circuit_operator' retrieved from /home/airflow/.local/lib/python3.8/site-packages/airflow/example_dags/example_short_circuit_operator.py
[2026-04-19T00:04:50.308+0000] {logging_mixin.py:188} INFO - [2026-04-19T00:04:50.308+0000] {dag.py:3036} INFO - Sync 1 DAGs
[2026-04-19T00:04:50.355+0000] {logging_mixin.py:188} INFO - [2026-04-19T00:04:50.354+0000] {dag.py:3823} INFO - Setting next_dagrun for example_short_circuit_operator to 2026-04-18 00:00:00+00:00, run_after=2026-04-19 00:00:00+00:00
[2026-04-19T00:04:50.395+0000] {processor.py:183} INFO - Processing /home/airflow/.local/lib/python3.8/site-packages/airflow/example_dags/example_short_circuit_operator.py took 0.145 seconds
[2026-04-19T00:05:20.458+0000] {processor.py:161} INFO - Started process (PID=10627) to work on /home/airflow/.local/lib/python3.8/site-packages/airflow/example_dags/example_short_circuit_operator.py
[2026-04-19T00:05:20.459+0000] {processor.py:830} INFO - Processing file /home/airflow/.local/lib/python3.8/site-packages/airflow/example_dags/example_short_circuit_operator.py for tasks to queue
[2026-04-19T00:05:20.462+0000] {logging_mixin.py:188} INFO - [2026-04-19T00:05:20.461+0000] {dagbag.py:538} INFO - Filling up the DagBag from /home/airflow/.local/lib/python3.8/site-packages/airflow/example_dags/example_short_circuit_operator.py
[2026-04-19T00:05:20.472+0000] {processor.py:840} INFO - DAG(s) 'example_short_circuit_operator' retrieved from /home/airflow/.local/lib/python3.8/site-packages/airflow/example_dags/example_short_circuit_operator.py
[2026-04-19T00:05:20.503+0000] {logging_mixin.py:188} INFO - [2026-04-19T00:05:20.503+0000] {dag.py:3036} INFO - Sync 1 DAGs
[2026-04-19T00:05:20.534+0000] {logging_mixin.py:188} INFO - [2026-04-19T00:05:20.533+0000] {dag.py:3823} INFO - Setting next_dagrun for example_short_circuit_operator to 2026-04-18 00:00:00+00:00, run_after=2026-04-19 00:00:00+00:00
[2026-04-19T00:05:20.556+0000] {processor.py:183} INFO - Processing /home/airflow/.local/lib/python3.8/site-packages/airflow/example_dags/example_short_circuit_operator.py took 0.102 seconds
[2026-04-19T00:05:50.874+0000] {processor.py:161} INFO - Started process (PID=10682) to work on /home/airflow/.local/lib/python3.8/site-packages/airflow/example_dags/example_short_circuit_operator.py
[2026-04-19T00:05:50.876+0000] {processor.py:830} INFO - Processing file /home/airflow/.local/lib/python3.8/site-packages/airflow/example_dags/example_short_circuit_operator.py for tasks to queue
[2026-04-19T00:05:50.878+0000] {logging_mixin.py:188} INFO - [2026-04-19T00:05:50.878+0000] {dagbag.py:538} INFO - Filling up the DagBag from /home/airflow/.local/lib/python3.8/site-packages/airflow/example_dags/example_short_circuit_operator.py
[2026-04-19T00:05:50.891+0000] {processor.py:840} INFO - DAG(s) 'example_short_circuit_operator' retrieved from /home/airflow/.local/lib/python3.8/site-packages/airflow/example_dags/example_short_circuit_operator.py
[2026-04-19T00:05:50.927+0000] {logging_mixin.py:188} INFO - [2026-04-19T00:05:50.927+0000] {dag.py:3036} INFO - Sync 1 DAGs
[2026-04-19T00:05:50.963+0000] {logging_mixin.py:188} INFO - [2026-04-19T00:05:50.963+0000] {dag.py:3823} INFO - Setting next_dagrun for example_short_circuit_operator to 2026-04-18 00:00:00+00:00, run_after=2026-04-19 00:00:00+00:00
[2026-04-19T00:05:50.988+0000] {processor.py:183} INFO - Processing /home/airflow/.local/lib/python3.8/site-packages/airflow/example_dags/example_short_circuit_operator.py took 0.119 seconds
[2026-04-19T00:06:21.336+0000] {processor.py:161} INFO - Started process (PID=10737) to work on /home/airflow/.local/lib/python3.8/site-packages/airflow/example_dags/example_short_circuit_operator.py
[2026-04-19T00:06:21.337+0000] {processor.py:830} INFO - Processing file /home/airflow/.local/lib/python3.8/site-packages/airflow/example_dags/example_short_circuit_operator.py for tasks to queue
[2026-04-19T00:06:21.340+0000] {logging_mixin.py:188} INFO - [2026-04-19T00:06:21.339+0000] {dagbag.py:538} INFO - Filling up the DagBag from /home/airflow/.local/lib/python3.8/site-packages/airflow/example_dags/example_short_circuit_operator.py
[2026-04-19T00:06:21.351+0000] {processor.py:840} INFO - DAG(s) 'example_short_circuit_operator' retrieved from /home/airflow/.local/lib/python3.8/site-packages/airflow/example_dags/example_short_circuit_operator.py
[2026-04-19T00:06:21.387+0000] {logging_mixin.py:188} INFO - [2026-04-19T00:06:21.387+0000] {dag.py:3036} INFO - Sync 1 DAGs
[2026-04-19T00:06:21.419+0000] {logging_mixin.py:188} INFO - [2026-04-19T00:06:21.419+0000] {dag.py:3823} INFO - Setting next_dagrun for example_short_circuit_operator to 2026-04-18 00:00:00+00:00, run_after=2026-04-19 00:00:00+00:00
[2026-04-19T00:06:21.443+0000] {processor.py:183} INFO - Processing /home/airflow/.local/lib/python3.8/site-packages/airflow/example_dags/example_short_circuit_operator.py took 0.112 seconds
[2026-04-19T00:06:51.527+0000] {processor.py:161} INFO - Started process (PID=10792) to work on /home/airflow/.local/lib/python3.8/site-packages/airflow/example_dags/example_short_circuit_operator.py
[2026-04-19T00:06:51.529+0000] {processor.py:830} INFO - Processing file /home/airflow/.local/lib/python3.8/site-packages/airflow/example_dags/example_short_circuit_operator.py for tasks to queue
[2026-04-19T00:06:51.531+0000] {logging_mixin.py:188} INFO - [2026-04-19T00:06:51.531+0000] {dagbag.py:538} INFO - Filling up the DagBag from /home/airflow/.local/lib/python3.8/site-packages/airflow/example_dags/example_short_circuit_operator.py
[2026-04-19T00:06:51.541+0000] {processor.py:840} INFO - DAG(s) 'example_short_circuit_operator' retrieved from /home/airflow/.local/lib/python3.8/site-packages/airflow/example_dags/example_short_circuit_operator.py
[2026-04-19T00:06:51.574+0000] {logging_mixin.py:188} INFO - [2026-04-19T00:06:51.573+0000] {dag.py:3036} INFO - Sync 1 DAGs
[2026-04-19T00:06:51.604+0000] {logging_mixin.py:188} INFO - [2026-04-19T00:06:51.603+0000] {dag.py:3823} INFO - Setting next_dagrun for example_short_circuit_operator to 2026-04-18 00:00:00+00:00, run_after=2026-04-19 00:00:00+00:00
[2026-04-19T00:06:51.626+0000] {processor.py:183} INFO - Processing /home/airflow/.local/lib/python3.8/site-packages/airflow/example_dags/example_short_circuit_operator.py took 0.104 seconds
[2026-04-19T00:07:21.990+0000] {processor.py:161} INFO - Started process (PID=10847) to work on /home/airflow/.local/lib/python3.8/site-packages/airflow/example_dags/example_short_circuit_operator.py
[2026-04-19T00:07:21.992+0000] {processor.py:830} INFO - Processing file /home/airflow/.local/lib/python3.8/site-packages/airflow/example_dags/example_short_circuit_operator.py for tasks to queue
[2026-04-19T00:07:21.994+0000] {logging_mixin.py:188} INFO - [2026-04-19T00:07:21.994+0000] {dagbag.py:538} INFO - Filling up the DagBag from /home/airflow/.local/lib/python3.8/site-packages/airflow/example_dags/example_short_circuit_operator.py
[2026-04-19T00:07:22.008+0000] {processor.py:840} INFO - DAG(s) 'example_short_circuit_operator' retrieved from /home/airflow/.local/lib/python3.8/site-packages/airflow/example_dags/example_short_circuit_operator.py
[2026-04-19T00:07:22.045+0000] {logging_mixin.py:188} INFO - [2026-04-19T00:07:22.044+0000] {dag.py:3036} INFO - Sync 1 DAGs
[2026-04-19T00:07:22.077+0000] {logging_mixin.py:188} INFO - [2026-04-19T00:07:22.077+0000] {dag.py:3823} INFO - Setting next_dagrun for example_short_circuit_operator to 2026-04-18 00:00:00+00:00, run_after=2026-04-19 00:00:00+00:00
[2026-04-19T00:07:22.102+0000] {processor.py:183} INFO - Processing /home/airflow/.local/lib/python3.8/site-packages/airflow/example_dags/example_short_circuit_operator.py took 0.117 seconds
[2026-04-19T00:07:52.201+0000] {processor.py:161} INFO - Started process (PID=10902) to work on /home/airflow/.local/lib/python3.8/site-packages/airflow/example_dags/example_short_circuit_operator.py
[2026-04-19T00:07:52.202+0000] {processor.py:830} INFO - Processing file /home/airflow/.local/lib/python3.8/site-packages/airflow/example_dags/example_short_circuit_operator.py for tasks to queue
[2026-04-19T00:07:52.205+0000] {logging_mixin.py:188} INFO - [2026-04-19T00:07:52.204+0000] {dagbag.py:538} INFO - Filling up the DagBag from /home/airflow/.local/lib/python3.8/site-packages/airflow/example_dags/example_short_circuit_operator.py
[2026-04-19T00:07:52.216+0000] {processor.py:840} INFO - DAG(s) 'example_short_circuit_operator' retrieved from /home/airflow/.local/lib/python3.8/site-packages/airflow/example_dags/example_short_circuit_operator.py
[2026-04-19T00:07:52.250+0000] {logging_mixin.py:188} INFO - [2026-04-19T00:07:52.249+0000] {dag.py:3036} INFO - Sync 1 DAGs
[2026-04-19T00:07:52.281+0000] {logging_mixin.py:188} INFO - [2026-04-19T00:07:52.281+0000] {dag.py:3823} INFO - Setting next_dagrun for example_short_circuit_operator to 2026-04-18 00:00:00+00:00, run_after=2026-04-19 00:00:00+00:00
[2026-04-19T00:07:52.305+0000] {processor.py:183} INFO - Processing /home/airflow/.local/lib/python3.8/site-packages/airflow/example_dags/example_short_circuit_operator.py took 0.109 seconds
[2026-04-19T00:08:22.349+0000] {processor.py:161} INFO - Started process (PID=10957) to work on /home/airflow/.local/lib/python3.8/site-packages/airflow/example_dags/example_short_circuit_operator.py
[2026-04-19T00:08:22.351+0000] {processor.py:830} INFO - Processing file /home/airflow/.local/lib/python3.8/site-packages/airflow/example_dags/example_short_circuit_operator.py for tasks to queue
[2026-04-19T00:08:22.353+0000] {logging_mixin.py:188} INFO - [2026-04-19T00:08:22.352+0000] {dagbag.py:538} INFO - Filling up the DagBag from /home/airflow/.local/lib/python3.8/site-packages/airflow/example_dags/example_short_circuit_operator.py
[2026-04-19T00:08:22.363+0000] {processor.py:840} INFO - DAG(s) 'example_short_circuit_operator' retrieved from /home/airflow/.local/lib/python3.8/site-packages/airflow/example_dags/example_short_circuit_operator.py
[2026-04-19T00:08:22.396+0000] {logging_mixin.py:188} INFO - [2026-04-19T00:08:22.396+0000] {dag.py:3036} INFO - Sync 1 DAGs
[2026-04-19T00:08:22.428+0000] {logging_mixin.py:188} INFO - [2026-04-19T00:08:22.428+0000] {dag.py:3823} INFO - Setting next_dagrun for example_short_circuit_operator to 2026-04-18 00:00:00+00:00, run_after=2026-04-19 00:00:00+00:00
[2026-04-19T00:08:22.453+0000] {processor.py:183} INFO - Processing /home/airflow/.local/lib/python3.8/site-packages/airflow/example_dags/example_short_circuit_operator.py took 0.109 seconds
[2026-04-19T00:08:52.924+0000] {processor.py:161} INFO - Started process (PID=11012) to work on /home/airflow/.local/lib/python3.8/site-packages/airflow/example_dags/example_short_circuit_operator.py
[2026-04-19T00:08:52.926+0000] {processor.py:830} INFO - Processing file /home/airflow/.local/lib/python3.8/site-packages/airflow/example_dags/example_short_circuit_operator.py for tasks to queue
[2026-04-19T00:08:52.928+0000] {logging_mixin.py:188} INFO - [2026-04-19T00:08:52.928+0000] {dagbag.py:538} INFO - Filling up the DagBag from /home/airflow/.local/lib/python3.8/site-packages/airflow/example_dags/example_short_circuit_operator.py
[2026-04-19T00:08:52.939+0000] {processor.py:840} INFO - DAG(s) 'example_short_circuit_operator' retrieved from /home/airflow/.local/lib/python3.8/site-packages/airflow/example_dags/example_short_circuit_operator.py
[2026-04-19T00:08:52.974+0000] {logging_mixin.py:188} INFO - [2026-04-19T00:08:52.974+0000] {dag.py:3036} INFO - Sync 1 DAGs
[2026-04-19T00:08:53.006+0000] {logging_mixin.py:188} INFO - [2026-04-19T00:08:53.006+0000] {dag.py:3823} INFO - Setting next_dagrun for example_short_circuit_operator to 2026-04-18 00:00:00+00:00, run_after=2026-04-19 00:00:00+00:00
[2026-04-19T00:08:53.030+0000] {processor.py:183} INFO - Processing /home/airflow/.local/lib/python3.8/site-packages/airflow/example_dags/example_short_circuit_operator.py took 0.112 seconds
[2026-04-19T00:09:23.184+0000] {processor.py:161} INFO - Started process (PID=11067) to work on /home/airflow/.local/lib/python3.8/site-packages/airflow/example_dags/example_short_circuit_operator.py
[2026-04-19T00:09:23.186+0000] {processor.py:830} INFO - Processing file /home/airflow/.local/lib/python3.8/site-packages/airflow/example_dags/example_short_circuit_operator.py for tasks to queue
[2026-04-19T00:09:23.188+0000] {logging_mixin.py:188} INFO - [2026-04-19T00:09:23.188+0000] {dagbag.py:538} INFO - Filling up the DagBag from /home/airflow/.local/lib/python3.8/site-packages/airflow/example_dags/example_short_circuit_operator.py
[2026-04-19T00:09:23.200+0000] {processor.py:840} INFO - DAG(s) 'example_short_circuit_operator' retrieved from /home/airflow/.local/lib/python3.8/site-packages/airflow/example_dags/example_short_circuit_operator.py
[2026-04-19T00:09:23.234+0000] {logging_mixin.py:188} INFO - [2026-04-19T00:09:23.234+0000] {dag.py:3036} INFO - Sync 1 DAGs
[2026-04-19T00:09:23.266+0000] {logging_mixin.py:188} INFO - [2026-04-19T00:09:23.265+0000] {dag.py:3823} INFO - Setting next_dagrun for example_short_circuit_operator to 2026-04-18 00:00:00+00:00, run_after=2026-04-19 00:00:00+00:00
[2026-04-19T00:09:23.288+0000] {processor.py:183} INFO - Processing /home/airflow/.local/lib/python3.8/site-packages/airflow/example_dags/example_short_circuit_operator.py took 0.108 seconds
[2026-04-19T00:09:53.672+0000] {processor.py:161} INFO - Started process (PID=11122) to work on /home/airflow/.local/lib/python3.8/site-packages/airflow/example_dags/example_short_circuit_operator.py
[2026-04-19T00:09:53.674+0000] {processor.py:830} INFO - Processing file /home/airflow/.local/lib/python3.8/site-packages/airflow/example_dags/example_short_circuit_operator.py for tasks to queue
[2026-04-19T00:09:53.676+0000] {logging_mixin.py:188} INFO - [2026-04-19T00:09:53.676+0000] {dagbag.py:538} INFO - Filling up the DagBag from /home/airflow/.local/lib/python3.8/site-packages/airflow/example_dags/example_short_circuit_operator.py
[2026-04-19T00:09:53.690+0000] {processor.py:840} INFO - DAG(s) 'example_short_circuit_operator' retrieved from /home/airflow/.local/lib/python3.8/site-packages/airflow/example_dags/example_short_circuit_operator.py
[2026-04-19T00:09:53.725+0000] {logging_mixin.py:188} INFO - [2026-04-19T00:09:53.725+0000] {dag.py:3036} INFO - Sync 1 DAGs
[2026-04-19T00:09:53.757+0000] {logging_mixin.py:188} INFO - [2026-04-19T00:09:53.757+0000] {dag.py:3823} INFO - Setting next_dagrun for example_short_circuit_operator to 2026-04-18 00:00:00+00:00, run_after=2026-04-19 00:00:00+00:00
[2026-04-19T00:09:53.784+0000] {processor.py:183} INFO - Processing /home/airflow/.local/lib/python3.8/site-packages/airflow/example_dags/example_short_circuit_operator.py took 0.118 seconds
[2026-04-19T00:10:24.208+0000] {processor.py:161} INFO - Started process (PID=11177) to work on /home/airflow/.local/lib/python3.8/site-packages/airflow/example_dags/example_short_circuit_operator.py
[2026-04-19T00:10:24.210+0000] {processor.py:830} INFO - Processing file /home/airflow/.local/lib/python3.8/site-packages/airflow/example_dags/example_short_circuit_operator.py for tasks to queue
[2026-04-19T00:10:24.212+0000] {logging_mixin.py:188} INFO - [2026-04-19T00:10:24.212+0000] {dagbag.py:538} INFO - Filling up the DagBag from /home/airflow/.local/lib/python3.8/site-packages/airflow/example_dags/example_short_circuit_operator.py
[2026-04-19T00:10:24.224+0000] {processor.py:840} INFO - DAG(s) 'example_short_circuit_operator' retrieved from /home/airflow/.local/lib/python3.8/site-packages/airflow/example_dags/example_short_circuit_operator.py
[2026-04-19T00:10:24.261+0000] {logging_mixin.py:188} INFO - [2026-04-19T00:10:24.260+0000] {dag.py:3036} INFO - Sync 1 DAGs
[2026-04-19T00:10:24.294+0000] {logging_mixin.py:188} INFO - [2026-04-19T00:10:24.294+0000] {dag.py:3823} INFO - Setting next_dagrun for example_short_circuit_operator to 2026-04-18 00:00:00+00:00, run_after=2026-04-19 00:00:00+00:00
[2026-04-19T00:10:24.318+0000] {processor.py:183} INFO - Processing /home/airflow/.local/lib/python3.8/site-packages/airflow/example_dags/example_short_circuit_operator.py took 0.116 seconds
[2026-04-19T00:10:54.646+0000] {processor.py:161} INFO - Started process (PID=11232) to work on /home/airflow/.local/lib/python3.8/site-packages/airflow/example_dags/example_short_circuit_operator.py
[2026-04-19T00:10:54.648+0000] {processor.py:830} INFO - Processing file /home/airflow/.local/lib/python3.8/site-packages/airflow/example_dags/example_short_circuit_operator.py for tasks to queue
[2026-04-19T00:10:54.651+0000] {logging_mixin.py:188} INFO - [2026-04-19T00:10:54.651+0000] {dagbag.py:538} INFO - Filling up the DagBag from /home/airflow/.local/lib/python3.8/site-packages/airflow/example_dags/example_short_circuit_operator.py
[2026-04-19T00:10:54.666+0000] {processor.py:840} INFO - DAG(s) 'example_short_circuit_operator' retrieved from /home/airflow/.local/lib/python3.8/site-packages/airflow/example_dags/example_short_circuit_operator.py
[2026-04-19T00:10:54.711+0000] {logging_mixin.py:188} INFO - [2026-04-19T00:10:54.710+0000] {dag.py:3036} INFO - Sync 1 DAGs
[2026-04-19T00:10:54.751+0000] {logging_mixin.py:188} INFO - [2026-04-19T00:10:54.751+0000] {dag.py:3823} INFO - Setting next_dagrun for example_short_circuit_operator to 2026-04-18 00:00:00+00:00, run_after=2026-04-19 00:00:00+00:00
[2026-04-19T00:10:54.782+0000] {processor.py:183} INFO - Processing /home/airflow/.local/lib/python3.8/site-packages/airflow/example_dags/example_short_circuit_operator.py took 0.144 seconds
[2026-04-19T00:11:25.112+0000] {processor.py:161} INFO - Started process (PID=11287) to work on /home/airflow/.local/lib/python3.8/site-packages/airflow/example_dags/example_short_circuit_operator.py
[2026-04-19T00:11:25.113+0000] {processor.py:830} INFO - Processing file /home/airflow/.local/lib/python3.8/site-packages/airflow/example_dags/example_short_circuit_operator.py for tasks to queue
[2026-04-19T00:11:25.116+0000] {logging_mixin.py:188} INFO - [2026-04-19T00:11:25.115+0000] {dagbag.py:538} INFO - Filling up the DagBag from /home/airflow/.local/lib/python3.8/site-packages/airflow/example_dags/example_short_circuit_operator.py
[2026-04-19T00:11:25.126+0000] {processor.py:840} INFO - DAG(s) 'example_short_circuit_operator' retrieved from /home/airflow/.local/lib/python3.8/site-packages/airflow/example_dags/example_short_circuit_operator.py
[2026-04-19T00:11:25.164+0000] {logging_mixin.py:188} INFO - [2026-04-19T00:11:25.163+0000] {dag.py:3036} INFO - Sync 1 DAGs
[2026-04-19T00:11:25.195+0000] {logging_mixin.py:188} INFO - [2026-04-19T00:11:25.195+0000] {dag.py:3823} INFO - Setting next_dagrun for example_short_circuit_operator to 2026-04-18 00:00:00+00:00, run_after=2026-04-19 00:00:00+00:00
[2026-04-19T00:11:25.221+0000] {processor.py:183} INFO - Processing /home/airflow/.local/lib/python3.8/site-packages/airflow/example_dags/example_short_circuit_operator.py took 0.115 seconds
[2026-04-19T00:11:55.723+0000] {processor.py:161} INFO - Started process (PID=11342) to work on /home/airflow/.local/lib/python3.8/site-packages/airflow/example_dags/example_short_circuit_operator.py
[2026-04-19T00:11:55.724+0000] {processor.py:830} INFO - Processing file /home/airflow/.local/lib/python3.8/site-packages/airflow/example_dags/example_short_circuit_operator.py for tasks to queue
[2026-04-19T00:11:55.727+0000] {logging_mixin.py:188} INFO - [2026-04-19T00:11:55.727+0000] {dagbag.py:538} INFO - Filling up the DagBag from /home/airflow/.local/lib/python3.8/site-packages/airflow/example_dags/example_short_circuit_operator.py
[2026-04-19T00:11:55.737+0000] {processor.py:840} INFO - DAG(s) 'example_short_circuit_operator' retrieved from /home/airflow/.local/lib/python3.8/site-packages/airflow/example_dags/example_short_circuit_operator.py
[2026-04-19T00:11:55.770+0000] {logging_mixin.py:188} INFO - [2026-04-19T00:11:55.770+0000] {dag.py:3036} INFO - Sync 1 DAGs
[2026-04-19T00:11:55.802+0000] {logging_mixin.py:188} INFO - [2026-04-19T00:11:55.802+0000] {dag.py:3823} INFO - Setting next_dagrun for example_short_circuit_operator to 2026-04-18 00:00:00+00:00, run_after=2026-04-19 00:00:00+00:00
[2026-04-19T00:11:55.827+0000] {processor.py:183} INFO - Processing /home/airflow/.local/lib/python3.8/site-packages/airflow/example_dags/example_short_circuit_operator.py took 0.109 seconds
[2026-04-19T00:12:26.050+0000] {processor.py:161} INFO - Started process (PID=11397) to work on /home/airflow/.local/lib/python3.8/site-packages/airflow/example_dags/example_short_circuit_operator.py
[2026-04-19T00:12:26.052+0000] {processor.py:830} INFO - Processing file /home/airflow/.local/lib/python3.8/site-packages/airflow/example_dags/example_short_circuit_operator.py for tasks to queue
[2026-04-19T00:12:26.055+0000] {logging_mixin.py:188} INFO - [2026-04-19T00:12:26.054+0000] {dagbag.py:538} INFO - Filling up the DagBag from /home/airflow/.local/lib/python3.8/site-packages/airflow/example_dags/example_short_circuit_operator.py
[2026-04-19T00:12:26.067+0000] {processor.py:840} INFO - DAG(s) 'example_short_circuit_operator' retrieved from /home/airflow/.local/lib/python3.8/site-packages/airflow/example_dags/example_short_circuit_operator.py
[2026-04-19T00:12:26.106+0000] {logging_mixin.py:188} INFO - [2026-04-19T00:12:26.106+0000] {dag.py:3036} INFO - Sync 1 DAGs
[2026-04-19T00:12:26.142+0000] {logging_mixin.py:188} INFO - [2026-04-19T00:12:26.141+0000] {dag.py:3823} INFO - Setting next_dagrun for example_short_circuit_operator to 2026-04-18 00:00:00+00:00, run_after=2026-04-19 00:00:00+00:00
[2026-04-19T00:12:26.169+0000] {processor.py:183} INFO - Processing /home/airflow/.local/lib/python3.8/site-packages/airflow/example_dags/example_short_circuit_operator.py took 0.124 seconds
[2026-04-19T00:12:56.363+0000] {processor.py:161} INFO - Started process (PID=11452) to work on /home/airflow/.local/lib/python3.8/site-packages/airflow/example_dags/example_short_circuit_operator.py
[2026-04-19T00:12:56.365+0000] {processor.py:830} INFO - Processing file /home/airflow/.local/lib/python3.8/site-packages/airflow/example_dags/example_short_circuit_operator.py for tasks to queue
[2026-04-19T00:12:56.368+0000] {logging_mixin.py:188} INFO - [2026-04-19T00:12:56.367+0000] {dagbag.py:538} INFO - Filling up the DagBag from /home/airflow/.local/lib/python3.8/site-packages/airflow/example_dags/example_short_circuit_operator.py
[2026-04-19T00:12:56.380+0000] {processor.py:840} INFO - DAG(s) 'example_short_circuit_operator' retrieved from /home/airflow/.local/lib/python3.8/site-packages/airflow/example_dags/example_short_circuit_operator.py
[2026-04-19T00:12:56.419+0000] {logging_mixin.py:188} INFO - [2026-04-19T00:12:56.418+0000] {dag.py:3036} INFO - Sync 1 DAGs
[2026-04-19T00:12:56.453+0000] {logging_mixin.py:188} INFO - [2026-04-19T00:12:56.453+0000] {dag.py:3823} INFO - Setting next_dagrun for example_short_circuit_operator to 2026-04-18 00:00:00+00:00, run_after=2026-04-19 00:00:00+00:00
[2026-04-19T00:12:56.477+0000] {processor.py:183} INFO - Processing /home/airflow/.local/lib/python3.8/site-packages/airflow/example_dags/example_short_circuit_operator.py took 0.120 seconds
[2026-04-19T00:13:26.974+0000] {processor.py:161} INFO - Started process (PID=11507) to work on /home/airflow/.local/lib/python3.8/site-packages/airflow/example_dags/example_short_circuit_operator.py
[2026-04-19T00:13:26.975+0000] {processor.py:830} INFO - Processing file /home/airflow/.local/lib/python3.8/site-packages/airflow/example_dags/example_short_circuit_operator.py for tasks to queue
[2026-04-19T00:13:26.978+0000] {logging_mixin.py:188} INFO - [2026-04-19T00:13:26.977+0000] {dagbag.py:538} INFO - Filling up the DagBag from /home/airflow/.local/lib/python3.8/site-packages/airflow/example_dags/example_short_circuit_operator.py
[2026-04-19T00:13:26.989+0000] {processor.py:840} INFO - DAG(s) 'example_short_circuit_operator' retrieved from /home/airflow/.local/lib/python3.8/site-packages/airflow/example_dags/example_short_circuit_operator.py
[2026-04-19T00:13:27.026+0000] {logging_mixin.py:188} INFO - [2026-04-19T00:13:27.026+0000] {dag.py:3036} INFO - Sync 1 DAGs
[2026-04-19T00:13:27.060+0000] {logging_mixin.py:188} INFO - [2026-04-19T00:13:27.059+0000] {dag.py:3823} INFO - Setting next_dagrun for example_short_circuit_operator to 2026-04-18 00:00:00+00:00, run_after=2026-04-19 00:00:00+00:00
[2026-04-19T00:13:27.085+0000] {processor.py:183} INFO - Processing /home/airflow/.local/lib/python3.8/site-packages/airflow/example_dags/example_short_circuit_operator.py took 0.116 seconds
[2026-04-19T00:13:57.505+0000] {processor.py:161} INFO - Started process (PID=11562) to work on /home/airflow/.local/lib/python3.8/site-packages/airflow/example_dags/example_short_circuit_operator.py
[2026-04-19T00:13:57.506+0000] {processor.py:830} INFO - Processing file /home/airflow/.local/lib/python3.8/site-packages/airflow/example_dags/example_short_circuit_operator.py for tasks to queue
[2026-04-19T00:13:57.509+0000] {logging_mixin.py:188} INFO - [2026-04-19T00:13:57.509+0000] {dagbag.py:538} INFO - Filling up the DagBag from /home/airflow/.local/lib/python3.8/site-packages/airflow/example_dags/example_short_circuit_operator.py
[2026-04-19T00:13:57.520+0000] {processor.py:840} INFO - DAG(s) 'example_short_circuit_operator' retrieved from /home/airflow/.local/lib/python3.8/site-packages/airflow/example_dags/example_short_circuit_operator.py
[2026-04-19T00:13:57.557+0000] {logging_mixin.py:188} INFO - [2026-04-19T00:13:57.557+0000] {dag.py:3036} INFO - Sync 1 DAGs
[2026-04-19T00:13:57.589+0000] {logging_mixin.py:188} INFO - [2026-04-19T00:13:57.589+0000] {dag.py:3823} INFO - Setting next_dagrun for example_short_circuit_operator to 2026-04-18 00:00:00+00:00, run_after=2026-04-19 00:00:00+00:00
[2026-04-19T00:13:57.614+0000] {processor.py:183} INFO - Processing /home/airflow/.local/lib/python3.8/site-packages/airflow/example_dags/example_short_circuit_operator.py took 0.114 seconds
[2026-04-19T00:14:27.970+0000] {processor.py:161} INFO - Started process (PID=11617) to work on /home/airflow/.local/lib/python3.8/site-packages/airflow/example_dags/example_short_circuit_operator.py
[2026-04-19T00:14:27.971+0000] {processor.py:830} INFO - Processing file /home/airflow/.local/lib/python3.8/site-packages/airflow/example_dags/example_short_circuit_operator.py for tasks to queue
[2026-04-19T00:14:27.974+0000] {logging_mixin.py:188} INFO - [2026-04-19T00:14:27.974+0000] {dagbag.py:538} INFO - Filling up the DagBag from /home/airflow/.local/lib/python3.8/site-packages/airflow/example_dags/example_short_circuit_operator.py
[2026-04-19T00:14:27.986+0000] {processor.py:840} INFO - DAG(s) 'example_short_circuit_operator' retrieved from /home/airflow/.local/lib/python3.8/site-packages/airflow/example_dags/example_short_circuit_operator.py
[2026-04-19T00:14:28.024+0000] {logging_mixin.py:188} INFO - [2026-04-19T00:14:28.024+0000] {dag.py:3036} INFO - Sync 1 DAGs
[2026-04-19T00:14:28.058+0000] {logging_mixin.py:188} INFO - [2026-04-19T00:14:28.058+0000] {dag.py:3823} INFO - Setting next_dagrun for example_short_circuit_operator to 2026-04-18 00:00:00+00:00, run_after=2026-04-19 00:00:00+00:00
[2026-04-19T00:14:28.083+0000] {processor.py:183} INFO - Processing /home/airflow/.local/lib/python3.8/site-packages/airflow/example_dags/example_short_circuit_operator.py took 0.120 seconds
[2026-04-19T00:14:58.355+0000] {processor.py:161} INFO - Started process (PID=11672) to work on /home/airflow/.local/lib/python3.8/site-packages/airflow/example_dags/example_short_circuit_operator.py
[2026-04-19T00:14:58.357+0000] {processor.py:830} INFO - Processing file /home/airflow/.local/lib/python3.8/site-packages/airflow/example_dags/example_short_circuit_operator.py for tasks to queue
[2026-04-19T00:14:58.361+0000] {logging_mixin.py:188} INFO - [2026-04-19T00:14:58.360+0000] {dagbag.py:538} INFO - Filling up the DagBag from /home/airflow/.local/lib/python3.8/site-packages/airflow/example_dags/example_short_circuit_operator.py
[2026-04-19T00:14:58.373+0000] {processor.py:840} INFO - DAG(s) 'example_short_circuit_operator' retrieved from /home/airflow/.local/lib/python3.8/site-packages/airflow/example_dags/example_short_circuit_operator.py
[2026-04-19T00:14:58.412+0000] {logging_mixin.py:188} INFO - [2026-04-19T00:14:58.411+0000] {dag.py:3036} INFO - Sync 1 DAGs
[2026-04-19T00:14:58.444+0000] {logging_mixin.py:188} INFO - [2026-04-19T00:14:58.444+0000] {dag.py:3823} INFO - Setting next_dagrun for example_short_circuit_operator to 2026-04-18 00:00:00+00:00, run_after=2026-04-19 00:00:00+00:00
[2026-04-19T00:14:58.469+0000] {processor.py:183} INFO - Processing /home/airflow/.local/lib/python3.8/site-packages/airflow/example_dags/example_short_circuit_operator.py took 0.119 seconds
[2026-04-19T00:15:28.892+0000] {processor.py:161} INFO - Started process (PID=11728) to work on /home/airflow/.local/lib/python3.8/site-packages/airflow/example_dags/example_short_circuit_operator.py
[2026-04-19T00:15:28.893+0000] {processor.py:830} INFO - Processing file /home/airflow/.local/lib/python3.8/site-packages/airflow/example_dags/example_short_circuit_operator.py for tasks to queue
[2026-04-19T00:15:28.896+0000] {logging_mixin.py:188} INFO - [2026-04-19T00:15:28.895+0000] {dagbag.py:538} INFO - Filling up the DagBag from /home/airflow/.local/lib/python3.8/site-packages/airflow/example_dags/example_short_circuit_operator.py
[2026-04-19T00:15:28.907+0000] {processor.py:840} INFO - DAG(s) 'example_short_circuit_operator' retrieved from /home/airflow/.local/lib/python3.8/site-packages/airflow/example_dags/example_short_circuit_operator.py
[2026-04-19T00:15:28.943+0000] {logging_mixin.py:188} INFO - [2026-04-19T00:15:28.943+0000] {dag.py:3036} INFO - Sync 1 DAGs
[2026-04-19T00:15:28.976+0000] {logging_mixin.py:188} INFO - [2026-04-19T00:15:28.976+0000] {dag.py:3823} INFO - Setting next_dagrun for example_short_circuit_operator to 2026-04-18 00:00:00+00:00, run_after=2026-04-19 00:00:00+00:00
[2026-04-19T00:15:29.000+0000] {processor.py:183} INFO - Processing /home/airflow/.local/lib/python3.8/site-packages/airflow/example_dags/example_short_circuit_operator.py took 0.114 seconds
[2026-04-19T00:15:59.403+0000] {processor.py:161} INFO - Started process (PID=11783) to work on /home/airflow/.local/lib/python3.8/site-packages/airflow/example_dags/example_short_circuit_operator.py
[2026-04-19T00:15:59.404+0000] {processor.py:830} INFO - Processing file /home/airflow/.local/lib/python3.8/site-packages/airflow/example_dags/example_short_circuit_operator.py for tasks to queue
[2026-04-19T00:15:59.406+0000] {logging_mixin.py:188} INFO - [2026-04-19T00:15:59.405+0000] {dagbag.py:538} INFO - Filling up the DagBag from /home/airflow/.local/lib/python3.8/site-packages/airflow/example_dags/example_short_circuit_operator.py
[2026-04-19T00:15:59.415+0000] {processor.py:840} INFO - DAG(s) 'example_short_circuit_operator' retrieved from /home/airflow/.local/lib/python3.8/site-packages/airflow/example_dags/example_short_circuit_operator.py
[2026-04-19T00:15:59.441+0000] {logging_mixin.py:188} INFO - [2026-04-19T00:15:59.441+0000] {dag.py:3036} INFO - Sync 1 DAGs
[2026-04-19T00:15:59.465+0000] {logging_mixin.py:188} INFO - [2026-04-19T00:15:59.465+0000] {dag.py:3823} INFO - Setting next_dagrun for example_short_circuit_operator to 2026-04-18 00:00:00+00:00, run_after=2026-04-19 00:00:00+00:00
[2026-04-19T00:15:59.485+0000] {processor.py:183} INFO - Processing /home/airflow/.local/lib/python3.8/site-packages/airflow/example_dags/example_short_circuit_operator.py took 0.086 seconds
[2026-04-19T00:16:30.073+0000] {processor.py:161} INFO - Started process (PID=11838) to work on /home/airflow/.local/lib/python3.8/site-packages/airflow/example_dags/example_short_circuit_operator.py
[2026-04-19T00:16:30.075+0000] {processor.py:830} INFO - Processing file /home/airflow/.local/lib/python3.8/site-packages/airflow/example_dags/example_short_circuit_operator.py for tasks to queue
[2026-04-19T00:16:30.078+0000] {logging_mixin.py:188} INFO - [2026-04-19T00:16:30.077+0000] {dagbag.py:538} INFO - Filling up the DagBag from /home/airflow/.local/lib/python3.8/site-packages/airflow/example_dags/example_short_circuit_operator.py
[2026-04-19T00:16:30.090+0000] {processor.py:840} INFO - DAG(s) 'example_short_circuit_operator' retrieved from /home/airflow/.local/lib/python3.8/site-packages/airflow/example_dags/example_short_circuit_operator.py
[2026-04-19T00:16:30.124+0000] {logging_mixin.py:188} INFO - [2026-04-19T00:16:30.124+0000] {dag.py:3036} INFO - Sync 1 DAGs
[2026-04-19T00:16:30.155+0000] {logging_mixin.py:188} INFO - [2026-04-19T00:16:30.155+0000] {dag.py:3823} INFO - Setting next_dagrun for example_short_circuit_operator to 2026-04-18 00:00:00+00:00, run_after=2026-04-19 00:00:00+00:00
[2026-04-19T00:16:30.180+0000] {processor.py:183} INFO - Processing /home/airflow/.local/lib/python3.8/site-packages/airflow/example_dags/example_short_circuit_operator.py took 0.113 seconds
[2026-04-19T00:17:00.434+0000] {processor.py:161} INFO - Started process (PID=11893) to work on /home/airflow/.local/lib/python3.8/site-packages/airflow/example_dags/example_short_circuit_operator.py
[2026-04-19T00:17:00.436+0000] {processor.py:830} INFO - Processing file /home/airflow/.local/lib/python3.8/site-packages/airflow/example_dags/example_short_circuit_operator.py for tasks to queue
[2026-04-19T00:17:00.438+0000] {logging_mixin.py:188} INFO - [2026-04-19T00:17:00.438+0000] {dagbag.py:538} INFO - Filling up the DagBag from /home/airflow/.local/lib/python3.8/site-packages/airflow/example_dags/example_short_circuit_operator.py
[2026-04-19T00:17:00.450+0000] {processor.py:840} INFO - DAG(s) 'example_short_circuit_operator' retrieved from /home/airflow/.local/lib/python3.8/site-packages/airflow/example_dags/example_short_circuit_operator.py
[2026-04-19T00:17:00.488+0000] {logging_mixin.py:188} INFO - [2026-04-19T00:17:00.487+0000] {dag.py:3036} INFO - Sync 1 DAGs
[2026-04-19T00:17:00.522+0000] {logging_mixin.py:188} INFO - [2026-04-19T00:17:00.521+0000] {dag.py:3823} INFO - Setting next_dagrun for example_short_circuit_operator to 2026-04-18 00:00:00+00:00, run_after=2026-04-19 00:00:00+00:00
[2026-04-19T00:17:00.546+0000] {processor.py:183} INFO - Processing /home/airflow/.local/lib/python3.8/site-packages/airflow/example_dags/example_short_circuit_operator.py took 0.117 seconds
[2026-04-19T00:17:30.796+0000] {processor.py:161} INFO - Started process (PID=11948) to work on /home/airflow/.local/lib/python3.8/site-packages/airflow/example_dags/example_short_circuit_operator.py
[2026-04-19T00:17:30.798+0000] {processor.py:830} INFO - Processing file /home/airflow/.local/lib/python3.8/site-packages/airflow/example_dags/example_short_circuit_operator.py for tasks to queue
[2026-04-19T00:17:30.800+0000] {logging_mixin.py:188} INFO - [2026-04-19T00:17:30.800+0000] {dagbag.py:538} INFO - Filling up the DagBag from /home/airflow/.local/lib/python3.8/site-packages/airflow/example_dags/example_short_circuit_operator.py
[2026-04-19T00:17:30.812+0000] {processor.py:840} INFO - DAG(s) 'example_short_circuit_operator' retrieved from /home/airflow/.local/lib/python3.8/site-packages/airflow/example_dags/example_short_circuit_operator.py
[2026-04-19T00:17:30.848+0000] {logging_mixin.py:188} INFO - [2026-04-19T00:17:30.847+0000] {dag.py:3036} INFO - Sync 1 DAGs
[2026-04-19T00:17:30.879+0000] {logging_mixin.py:188} INFO - [2026-04-19T00:17:30.878+0000] {dag.py:3823} INFO - Setting next_dagrun for example_short_circuit_operator to 2026-04-18 00:00:00+00:00, run_after=2026-04-19 00:00:00+00:00
[2026-04-19T00:17:30.903+0000] {processor.py:183} INFO - Processing /home/airflow/.local/lib/python3.8/site-packages/airflow/example_dags/example_short_circuit_operator.py took 0.113 seconds
[2026-04-19T00:18:01.348+0000] {processor.py:161} INFO - Started process (PID=12003) to work on /home/airflow/.local/lib/python3.8/site-packages/airflow/example_dags/example_short_circuit_operator.py
[2026-04-19T00:18:01.349+0000] {processor.py:830} INFO - Processing file /home/airflow/.local/lib/python3.8/site-packages/airflow/example_dags/example_short_circuit_operator.py for tasks to queue
[2026-04-19T00:18:01.352+0000] {logging_mixin.py:188} INFO - [2026-04-19T00:18:01.352+0000] {dagbag.py:538} INFO - Filling up the DagBag from /home/airflow/.local/lib/python3.8/site-packages/airflow/example_dags/example_short_circuit_operator.py
[2026-04-19T00:18:01.363+0000] {processor.py:840} INFO - DAG(s) 'example_short_circuit_operator' retrieved from /home/airflow/.local/lib/python3.8/site-packages/airflow/example_dags/example_short_circuit_operator.py
[2026-04-19T00:18:01.398+0000] {logging_mixin.py:188} INFO - [2026-04-19T00:18:01.398+0000] {dag.py:3036} INFO - Sync 1 DAGs
[2026-04-19T00:18:01.431+0000] {logging_mixin.py:188} INFO - [2026-04-19T00:18:01.430+0000] {dag.py:3823} INFO - Setting next_dagrun for example_short_circuit_operator to 2026-04-18 00:00:00+00:00, run_after=2026-04-19 00:00:00+00:00
[2026-04-19T00:18:01.455+0000] {processor.py:183} INFO - Processing /home/airflow/.local/lib/python3.8/site-packages/airflow/example_dags/example_short_circuit_operator.py took 0.112 seconds
[2026-04-19T00:18:31.723+0000] {processor.py:161} INFO - Started process (PID=12058) to work on /home/airflow/.local/lib/python3.8/site-packages/airflow/example_dags/example_short_circuit_operator.py
[2026-04-19T00:18:31.725+0000] {processor.py:830} INFO - Processing file /home/airflow/.local/lib/python3.8/site-packages/airflow/example_dags/example_short_circuit_operator.py for tasks to queue
[2026-04-19T00:18:31.727+0000] {logging_mixin.py:188} INFO - [2026-04-19T00:18:31.727+0000] {dagbag.py:538} INFO - Filling up the DagBag from /home/airflow/.local/lib/python3.8/site-packages/airflow/example_dags/example_short_circuit_operator.py
[2026-04-19T00:18:31.740+0000] {processor.py:840} INFO - DAG(s) 'example_short_circuit_operator' retrieved from /home/airflow/.local/lib/python3.8/site-packages/airflow/example_dags/example_short_circuit_operator.py
[2026-04-19T00:18:31.775+0000] {logging_mixin.py:188} INFO - [2026-04-19T00:18:31.775+0000] {dag.py:3036} INFO - Sync 1 DAGs
[2026-04-19T00:18:31.808+0000] {logging_mixin.py:188} INFO - [2026-04-19T00:18:31.807+0000] {dag.py:3823} INFO - Setting next_dagrun for example_short_circuit_operator to 2026-04-18 00:00:00+00:00, run_after=2026-04-19 00:00:00+00:00
[2026-04-19T00:18:31.832+0000] {processor.py:183} INFO - Processing /home/airflow/.local/lib/python3.8/site-packages/airflow/example_dags/example_short_circuit_operator.py took 0.114 seconds
[2026-04-19T00:19:02.363+0000] {processor.py:161} INFO - Started process (PID=12112) to work on /home/airflow/.local/lib/python3.8/site-packages/airflow/example_dags/example_short_circuit_operator.py
[2026-04-19T00:19:02.364+0000] {processor.py:830} INFO - Processing file /home/airflow/.local/lib/python3.8/site-packages/airflow/example_dags/example_short_circuit_operator.py for tasks to queue
[2026-04-19T00:19:02.366+0000] {logging_mixin.py:188} INFO - [2026-04-19T00:19:02.366+0000] {dagbag.py:538} INFO - Filling up the DagBag from /home/airflow/.local/lib/python3.8/site-packages/airflow/example_dags/example_short_circuit_operator.py
[2026-04-19T00:19:02.377+0000] {processor.py:840} INFO - DAG(s) 'example_short_circuit_operator' retrieved from /home/airflow/.local/lib/python3.8/site-packages/airflow/example_dags/example_short_circuit_operator.py
[2026-04-19T00:19:02.409+0000] {logging_mixin.py:188} INFO - [2026-04-19T00:19:02.409+0000] {dag.py:3036} INFO - Sync 1 DAGs
[2026-04-19T00:19:02.441+0000] {logging_mixin.py:188} INFO - [2026-04-19T00:19:02.441+0000] {dag.py:3823} INFO - Setting next_dagrun for example_short_circuit_operator to 2026-04-18 00:00:00+00:00, run_after=2026-04-19 00:00:00+00:00
[2026-04-19T00:19:02.465+0000] {processor.py:183} INFO - Processing /home/airflow/.local/lib/python3.8/site-packages/airflow/example_dags/example_short_circuit_operator.py took 0.107 seconds
[2026-04-19T00:19:32.720+0000] {processor.py:161} INFO - Started process (PID=12167) to work on /home/airflow/.local/lib/python3.8/site-packages/airflow/example_dags/example_short_circuit_operator.py
[2026-04-19T00:19:32.721+0000] {processor.py:830} INFO - Processing file /home/airflow/.local/lib/python3.8/site-packages/airflow/example_dags/example_short_circuit_operator.py for tasks to queue
[2026-04-19T00:19:32.723+0000] {logging_mixin.py:188} INFO - [2026-04-19T00:19:32.723+0000] {dagbag.py:538} INFO - Filling up the DagBag from /home/airflow/.local/lib/python3.8/site-packages/airflow/example_dags/example_short_circuit_operator.py
[2026-04-19T00:19:32.735+0000] {processor.py:840} INFO - DAG(s) 'example_short_circuit_operator' retrieved from /home/airflow/.local/lib/python3.8/site-packages/airflow/example_dags/example_short_circuit_operator.py
[2026-04-19T00:19:32.770+0000] {logging_mixin.py:188} INFO - [2026-04-19T00:19:32.770+0000] {dag.py:3036} INFO - Sync 1 DAGs
[2026-04-19T00:19:32.805+0000] {logging_mixin.py:188} INFO - [2026-04-19T00:19:32.805+0000] {dag.py:3823} INFO - Setting next_dagrun for example_short_circuit_operator to 2026-04-18 00:00:00+00:00, run_after=2026-04-19 00:00:00+00:00
[2026-04-19T00:19:32.829+0000] {processor.py:183} INFO - Processing /home/airflow/.local/lib/python3.8/site-packages/airflow/example_dags/example_short_circuit_operator.py took 0.115 seconds
[2026-04-19T00:20:03.196+0000] {processor.py:161} INFO - Started process (PID=12222) to work on /home/airflow/.local/lib/python3.8/site-packages/airflow/example_dags/example_short_circuit_operator.py
[2026-04-19T00:20:03.198+0000] {processor.py:830} INFO - Processing file /home/airflow/.local/lib/python3.8/site-packages/airflow/example_dags/example_short_circuit_operator.py for tasks to queue
[2026-04-19T00:20:03.200+0000] {logging_mixin.py:188} INFO - [2026-04-19T00:20:03.200+0000] {dagbag.py:538} INFO - Filling up the DagBag from /home/airflow/.local/lib/python3.8/site-packages/airflow/example_dags/example_short_circuit_operator.py
[2026-04-19T00:20:03.211+0000] {processor.py:840} INFO - DAG(s) 'example_short_circuit_operator' retrieved from /home/airflow/.local/lib/python3.8/site-packages/airflow/example_dags/example_short_circuit_operator.py
[2026-04-19T00:20:03.245+0000] {logging_mixin.py:188} INFO - [2026-04-19T00:20:03.245+0000] {dag.py:3036} INFO - Sync 1 DAGs
[2026-04-19T00:20:03.277+0000] {logging_mixin.py:188} INFO - [2026-04-19T00:20:03.276+0000] {dag.py:3823} INFO - Setting next_dagrun for example_short_circuit_operator to 2026-04-18 00:00:00+00:00, run_after=2026-04-19 00:00:00+00:00
[2026-04-19T00:20:03.301+0000] {processor.py:183} INFO - Processing /home/airflow/.local/lib/python3.8/site-packages/airflow/example_dags/example_short_circuit_operator.py took 0.110 seconds
[2026-04-19T00:20:33.605+0000] {processor.py:161} INFO - Started process (PID=12277) to work on /home/airflow/.local/lib/python3.8/site-packages/airflow/example_dags/example_short_circuit_operator.py
[2026-04-19T00:20:33.606+0000] {processor.py:830} INFO - Processing file /home/airflow/.local/lib/python3.8/site-packages/airflow/example_dags/example_short_circuit_operator.py for tasks to queue
[2026-04-19T00:20:33.609+0000] {logging_mixin.py:188} INFO - [2026-04-19T00:20:33.608+0000] {dagbag.py:538} INFO - Filling up the DagBag from /home/airflow/.local/lib/python3.8/site-packages/airflow/example_dags/example_short_circuit_operator.py
[2026-04-19T00:20:33.619+0000] {processor.py:840} INFO - DAG(s) 'example_short_circuit_operator' retrieved from /home/airflow/.local/lib/python3.8/site-packages/airflow/example_dags/example_short_circuit_operator.py
[2026-04-19T00:20:33.653+0000] {logging_mixin.py:188} INFO - [2026-04-19T00:20:33.653+0000] {dag.py:3036} INFO - Sync 1 DAGs
[2026-04-19T00:20:33.687+0000] {logging_mixin.py:188} INFO - [2026-04-19T00:20:33.686+0000] {dag.py:3823} INFO - Setting next_dagrun for example_short_circuit_operator to 2026-04-18 00:00:00+00:00, run_after=2026-04-19 00:00:00+00:00
[2026-04-19T00:20:33.710+0000] {processor.py:183} INFO - Processing /home/airflow/.local/lib/python3.8/site-packages/airflow/example_dags/example_short_circuit_operator.py took 0.110 seconds
[2026-04-19T00:21:03.859+0000] {processor.py:161} INFO - Started process (PID=12332) to work on /home/airflow/.local/lib/python3.8/site-packages/airflow/example_dags/example_short_circuit_operator.py
[2026-04-19T00:21:03.860+0000] {processor.py:830} INFO - Processing file /home/airflow/.local/lib/python3.8/site-packages/airflow/example_dags/example_short_circuit_operator.py for tasks to queue
[2026-04-19T00:21:03.863+0000] {logging_mixin.py:188} INFO - [2026-04-19T00:21:03.863+0000] {dagbag.py:538} INFO - Filling up the DagBag from /home/airflow/.local/lib/python3.8/site-packages/airflow/example_dags/example_short_circuit_operator.py
[2026-04-19T00:21:03.875+0000] {processor.py:840} INFO - DAG(s) 'example_short_circuit_operator' retrieved from /home/airflow/.local/lib/python3.8/site-packages/airflow/example_dags/example_short_circuit_operator.py
[2026-04-19T00:21:03.911+0000] {logging_mixin.py:188} INFO - [2026-04-19T00:21:03.911+0000] {dag.py:3036} INFO - Sync 1 DAGs
[2026-04-19T00:21:03.943+0000] {logging_mixin.py:188} INFO - [2026-04-19T00:21:03.943+0000] {dag.py:3823} INFO - Setting next_dagrun for example_short_circuit_operator to 2026-04-18 00:00:00+00:00, run_after=2026-04-19 00:00:00+00:00
[2026-04-19T00:21:03.968+0000] {processor.py:183} INFO - Processing /home/airflow/.local/lib/python3.8/site-packages/airflow/example_dags/example_short_circuit_operator.py took 0.116 seconds
[2026-04-19T00:21:34.365+0000] {processor.py:161} INFO - Started process (PID=12387) to work on /home/airflow/.local/lib/python3.8/site-packages/airflow/example_dags/example_short_circuit_operator.py
[2026-04-19T00:21:34.367+0000] {processor.py:830} INFO - Processing file /home/airflow/.local/lib/python3.8/site-packages/airflow/example_dags/example_short_circuit_operator.py for tasks to queue
[2026-04-19T00:21:34.369+0000] {logging_mixin.py:188} INFO - [2026-04-19T00:21:34.369+0000] {dagbag.py:538} INFO - Filling up the DagBag from /home/airflow/.local/lib/python3.8/site-packages/airflow/example_dags/example_short_circuit_operator.py
[2026-04-19T00:21:34.380+0000] {processor.py:840} INFO - DAG(s) 'example_short_circuit_operator' retrieved from /home/airflow/.local/lib/python3.8/site-packages/airflow/example_dags/example_short_circuit_operator.py
[2026-04-19T00:21:34.416+0000] {logging_mixin.py:188} INFO - [2026-04-19T00:21:34.416+0000] {dag.py:3036} INFO - Sync 1 DAGs
[2026-04-19T00:21:34.449+0000] {logging_mixin.py:188} INFO - [2026-04-19T00:21:34.449+0000] {dag.py:3823} INFO - Setting next_dagrun for example_short_circuit_operator to 2026-04-18 00:00:00+00:00, run_after=2026-04-19 00:00:00+00:00
[2026-04-19T00:21:34.476+0000] {processor.py:183} INFO - Processing /home/airflow/.local/lib/python3.8/site-packages/airflow/example_dags/example_short_circuit_operator.py took 0.116 seconds
[2026-04-19T00:22:04.949+0000] {processor.py:161} INFO - Started process (PID=12442) to work on /home/airflow/.local/lib/python3.8/site-packages/airflow/example_dags/example_short_circuit_operator.py
[2026-04-19T00:22:04.950+0000] {processor.py:830} INFO - Processing file /home/airflow/.local/lib/python3.8/site-packages/airflow/example_dags/example_short_circuit_operator.py for tasks to queue
[2026-04-19T00:22:04.952+0000] {logging_mixin.py:188} INFO - [2026-04-19T00:22:04.952+0000] {dagbag.py:538} INFO - Filling up the DagBag from /home/airflow/.local/lib/python3.8/site-packages/airflow/example_dags/example_short_circuit_operator.py
[2026-04-19T00:22:04.962+0000] {processor.py:840} INFO - DAG(s) 'example_short_circuit_operator' retrieved from /home/airflow/.local/lib/python3.8/site-packages/airflow/example_dags/example_short_circuit_operator.py
[2026-04-19T00:22:04.996+0000] {logging_mixin.py:188} INFO - [2026-04-19T00:22:04.996+0000] {dag.py:3036} INFO - Sync 1 DAGs
[2026-04-19T00:22:05.029+0000] {logging_mixin.py:188} INFO - [2026-04-19T00:22:05.028+0000] {dag.py:3823} INFO - Setting next_dagrun for example_short_circuit_operator to 2026-04-18 00:00:00+00:00, run_after=2026-04-19 00:00:00+00:00
[2026-04-19T00:22:05.052+0000] {processor.py:183} INFO - Processing /home/airflow/.local/lib/python3.8/site-packages/airflow/example_dags/example_short_circuit_operator.py took 0.108 seconds
[2026-04-19T00:22:35.260+0000] {processor.py:161} INFO - Started process (PID=12497) to work on /home/airflow/.local/lib/python3.8/site-packages/airflow/example_dags/example_short_circuit_operator.py
[2026-04-19T00:22:35.262+0000] {processor.py:830} INFO - Processing file /home/airflow/.local/lib/python3.8/site-packages/airflow/example_dags/example_short_circuit_operator.py for tasks to queue
[2026-04-19T00:22:35.266+0000] {logging_mixin.py:188} INFO - [2026-04-19T00:22:35.265+0000] {dagbag.py:538} INFO - Filling up the DagBag from /home/airflow/.local/lib/python3.8/site-packages/airflow/example_dags/example_short_circuit_operator.py
[2026-04-19T00:22:35.278+0000] {processor.py:840} INFO - DAG(s) 'example_short_circuit_operator' retrieved from /home/airflow/.local/lib/python3.8/site-packages/airflow/example_dags/example_short_circuit_operator.py
[2026-04-19T00:22:35.315+0000] {logging_mixin.py:188} INFO - [2026-04-19T00:22:35.315+0000] {dag.py:3036} INFO - Sync 1 DAGs
[2026-04-19T00:22:35.353+0000] {logging_mixin.py:188} INFO - [2026-04-19T00:22:35.352+0000] {dag.py:3823} INFO - Setting next_dagrun for example_short_circuit_operator to 2026-04-18 00:00:00+00:00, run_after=2026-04-19 00:00:00+00:00
[2026-04-19T00:22:35.384+0000] {processor.py:183} INFO - Processing /home/airflow/.local/lib/python3.8/site-packages/airflow/example_dags/example_short_circuit_operator.py took 0.130 seconds
[2026-04-19T00:23:05.459+0000] {processor.py:161} INFO - Started process (PID=12552) to work on /home/airflow/.local/lib/python3.8/site-packages/airflow/example_dags/example_short_circuit_operator.py
[2026-04-19T00:23:05.461+0000] {processor.py:830} INFO - Processing file /home/airflow/.local/lib/python3.8/site-packages/airflow/example_dags/example_short_circuit_operator.py for tasks to queue
[2026-04-19T00:23:05.464+0000] {logging_mixin.py:188} INFO - [2026-04-19T00:23:05.464+0000] {dagbag.py:538} INFO - Filling up the DagBag from /home/airflow/.local/lib/python3.8/site-packages/airflow/example_dags/example_short_circuit_operator.py
[2026-04-19T00:23:05.478+0000] {processor.py:840} INFO - DAG(s) 'example_short_circuit_operator' retrieved from /home/airflow/.local/lib/python3.8/site-packages/airflow/example_dags/example_short_circuit_operator.py
[2026-04-19T00:23:05.525+0000] {logging_mixin.py:188} INFO - [2026-04-19T00:23:05.525+0000] {dag.py:3036} INFO - Sync 1 DAGs
[2026-04-19T00:23:05.569+0000] {logging_mixin.py:188} INFO - [2026-04-19T00:23:05.568+0000] {dag.py:3823} INFO - Setting next_dagrun for example_short_circuit_operator to 2026-04-18 00:00:00+00:00, run_after=2026-04-19 00:00:00+00:00
[2026-04-19T00:23:05.603+0000] {processor.py:183} INFO - Processing /home/airflow/.local/lib/python3.8/site-packages/airflow/example_dags/example_short_circuit_operator.py took 0.151 seconds
[2026-04-19T00:23:35.715+0000] {processor.py:161} INFO - Started process (PID=12607) to work on /home/airflow/.local/lib/python3.8/site-packages/airflow/example_dags/example_short_circuit_operator.py
[2026-04-19T00:23:35.717+0000] {processor.py:830} INFO - Processing file /home/airflow/.local/lib/python3.8/site-packages/airflow/example_dags/example_short_circuit_operator.py for tasks to queue
[2026-04-19T00:23:35.719+0000] {logging_mixin.py:188} INFO - [2026-04-19T00:23:35.719+0000] {dagbag.py:538} INFO - Filling up the DagBag from /home/airflow/.local/lib/python3.8/site-packages/airflow/example_dags/example_short_circuit_operator.py
[2026-04-19T00:23:35.733+0000] {processor.py:840} INFO - DAG(s) 'example_short_circuit_operator' retrieved from /home/airflow/.local/lib/python3.8/site-packages/airflow/example_dags/example_short_circuit_operator.py
[2026-04-19T00:23:35.770+0000] {logging_mixin.py:188} INFO - [2026-04-19T00:23:35.770+0000] {dag.py:3036} INFO - Sync 1 DAGs
[2026-04-19T00:23:35.802+0000] {logging_mixin.py:188} INFO - [2026-04-19T00:23:35.802+0000] {dag.py:3823} INFO - Setting next_dagrun for example_short_circuit_operator to 2026-04-18 00:00:00+00:00, run_after=2026-04-19 00:00:00+00:00
[2026-04-19T00:23:35.826+0000] {processor.py:183} INFO - Processing /home/airflow/.local/lib/python3.8/site-packages/airflow/example_dags/example_short_circuit_operator.py took 0.116 seconds
[2026-04-19T00:24:05.880+0000] {processor.py:161} INFO - Started process (PID=12662) to work on /home/airflow/.local/lib/python3.8/site-packages/airflow/example_dags/example_short_circuit_operator.py
[2026-04-19T00:24:05.882+0000] {processor.py:830} INFO - Processing file /home/airflow/.local/lib/python3.8/site-packages/airflow/example_dags/example_short_circuit_operator.py for tasks to queue
[2026-04-19T00:24:05.884+0000] {logging_mixin.py:188} INFO - [2026-04-19T00:24:05.883+0000] {dagbag.py:538} INFO - Filling up the DagBag from /home/airflow/.local/lib/python3.8/site-packages/airflow/example_dags/example_short_circuit_operator.py
[2026-04-19T00:24:05.895+0000] {processor.py:840} INFO - DAG(s) 'example_short_circuit_operator' retrieved from /home/airflow/.local/lib/python3.8/site-packages/airflow/example_dags/example_short_circuit_operator.py
[2026-04-19T00:24:05.931+0000] {logging_mixin.py:188} INFO - [2026-04-19T00:24:05.930+0000] {dag.py:3036} INFO - Sync 1 DAGs
[2026-04-19T00:24:05.965+0000] {logging_mixin.py:188} INFO - [2026-04-19T00:24:05.964+0000] {dag.py:3823} INFO - Setting next_dagrun for example_short_circuit_operator to 2026-04-18 00:00:00+00:00, run_after=2026-04-19 00:00:00+00:00
[2026-04-19T00:24:05.988+0000] {processor.py:183} INFO - Processing /home/airflow/.local/lib/python3.8/site-packages/airflow/example_dags/example_short_circuit_operator.py took 0.113 seconds
