[2026-04-19T00:00:13.518+0000] {processor.py:161} INFO - Started process (PID=10067) to work on /home/airflow/.local/lib/python3.8/site-packages/airflow/example_dags/example_skip_dag.py
[2026-04-19T00:00:13.519+0000] {processor.py:830} INFO - Processing file /home/airflow/.local/lib/python3.8/site-packages/airflow/example_dags/example_skip_dag.py for tasks to queue
[2026-04-19T00:00:13.521+0000] {logging_mixin.py:188} INFO - [2026-04-19T00:00:13.521+0000] {dagbag.py:538} INFO - Filling up the DagBag from /home/airflow/.local/lib/python3.8/site-packages/airflow/example_dags/example_skip_dag.py
[2026-04-19T00:00:13.531+0000] {processor.py:840} INFO - DAG(s) 'example_skip_dag' retrieved from /home/airflow/.local/lib/python3.8/site-packages/airflow/example_dags/example_skip_dag.py
[2026-04-19T00:00:13.565+0000] {logging_mixin.py:188} INFO - [2026-04-19T00:00:13.564+0000] {dag.py:3036} INFO - Sync 1 DAGs
[2026-04-19T00:00:13.594+0000] {logging_mixin.py:188} INFO - [2026-04-19T00:00:13.594+0000] {dag.py:3823} INFO - Setting next_dagrun for example_skip_dag to 2026-04-18 00:00:00+00:00, run_after=2026-04-19 00:00:00+00:00
[2026-04-19T00:00:13.626+0000] {processor.py:183} INFO - Processing /home/airflow/.local/lib/python3.8/site-packages/airflow/example_dags/example_skip_dag.py took 0.112 seconds
[2026-04-19T00:00:44.083+0000] {processor.py:161} INFO - Started process (PID=10122) to work on /home/airflow/.local/lib/python3.8/site-packages/airflow/example_dags/example_skip_dag.py
[2026-04-19T00:00:44.092+0000] {processor.py:830} INFO - Processing file /home/airflow/.local/lib/python3.8/site-packages/airflow/example_dags/example_skip_dag.py for tasks to queue
[2026-04-19T00:00:44.095+0000] {logging_mixin.py:188} INFO - [2026-04-19T00:00:44.095+0000] {dagbag.py:538} INFO - Filling up the DagBag from /home/airflow/.local/lib/python3.8/site-packages/airflow/example_dags/example_skip_dag.py
[2026-04-19T00:00:44.105+0000] {processor.py:840} INFO - DAG(s) 'example_skip_dag' retrieved from /home/airflow/.local/lib/python3.8/site-packages/airflow/example_dags/example_skip_dag.py
[2026-04-19T00:00:44.139+0000] {logging_mixin.py:188} INFO - [2026-04-19T00:00:44.139+0000] {dag.py:3036} INFO - Sync 1 DAGs
[2026-04-19T00:00:44.169+0000] {logging_mixin.py:188} INFO - [2026-04-19T00:00:44.169+0000] {dag.py:3823} INFO - Setting next_dagrun for example_skip_dag to 2026-04-18 00:00:00+00:00, run_after=2026-04-19 00:00:00+00:00
[2026-04-19T00:00:44.194+0000] {processor.py:183} INFO - Processing /home/airflow/.local/lib/python3.8/site-packages/airflow/example_dags/example_skip_dag.py took 0.117 seconds
[2026-04-19T00:01:14.530+0000] {processor.py:161} INFO - Started process (PID=10177) to work on /home/airflow/.local/lib/python3.8/site-packages/airflow/example_dags/example_skip_dag.py
[2026-04-19T00:01:14.531+0000] {processor.py:830} INFO - Processing file /home/airflow/.local/lib/python3.8/site-packages/airflow/example_dags/example_skip_dag.py for tasks to queue
[2026-04-19T00:01:14.533+0000] {logging_mixin.py:188} INFO - [2026-04-19T00:01:14.533+0000] {dagbag.py:538} INFO - Filling up the DagBag from /home/airflow/.local/lib/python3.8/site-packages/airflow/example_dags/example_skip_dag.py
[2026-04-19T00:01:14.543+0000] {processor.py:840} INFO - DAG(s) 'example_skip_dag' retrieved from /home/airflow/.local/lib/python3.8/site-packages/airflow/example_dags/example_skip_dag.py
[2026-04-19T00:01:14.576+0000] {logging_mixin.py:188} INFO - [2026-04-19T00:01:14.576+0000] {dag.py:3036} INFO - Sync 1 DAGs
[2026-04-19T00:01:14.607+0000] {logging_mixin.py:188} INFO - [2026-04-19T00:01:14.606+0000] {dag.py:3823} INFO - Setting next_dagrun for example_skip_dag to 2026-04-18 00:00:00+00:00, run_after=2026-04-19 00:00:00+00:00
[2026-04-19T00:01:14.631+0000] {processor.py:183} INFO - Processing /home/airflow/.local/lib/python3.8/site-packages/airflow/example_dags/example_skip_dag.py took 0.107 seconds
[2026-04-19T00:01:44.855+0000] {processor.py:161} INFO - Started process (PID=10232) to work on /home/airflow/.local/lib/python3.8/site-packages/airflow/example_dags/example_skip_dag.py
[2026-04-19T00:01:44.865+0000] {processor.py:830} INFO - Processing file /home/airflow/.local/lib/python3.8/site-packages/airflow/example_dags/example_skip_dag.py for tasks to queue
[2026-04-19T00:01:44.868+0000] {logging_mixin.py:188} INFO - [2026-04-19T00:01:44.867+0000] {dagbag.py:538} INFO - Filling up the DagBag from /home/airflow/.local/lib/python3.8/site-packages/airflow/example_dags/example_skip_dag.py
[2026-04-19T00:01:44.876+0000] {processor.py:840} INFO - DAG(s) 'example_skip_dag' retrieved from /home/airflow/.local/lib/python3.8/site-packages/airflow/example_dags/example_skip_dag.py
[2026-04-19T00:01:44.909+0000] {logging_mixin.py:188} INFO - [2026-04-19T00:01:44.909+0000] {dag.py:3036} INFO - Sync 1 DAGs
[2026-04-19T00:01:44.938+0000] {logging_mixin.py:188} INFO - [2026-04-19T00:01:44.938+0000] {dag.py:3823} INFO - Setting next_dagrun for example_skip_dag to 2026-04-18 00:00:00+00:00, run_after=2026-04-19 00:00:00+00:00
[2026-04-19T00:01:44.966+0000] {processor.py:183} INFO - Processing /home/airflow/.local/lib/python3.8/site-packages/airflow/example_dags/example_skip_dag.py took 0.116 seconds
[2026-04-19T00:02:15.140+0000] {processor.py:161} INFO - Started process (PID=10287) to work on /home/airflow/.local/lib/python3.8/site-packages/airflow/example_dags/example_skip_dag.py
[2026-04-19T00:02:15.149+0000] {processor.py:830} INFO - Processing file /home/airflow/.local/lib/python3.8/site-packages/airflow/example_dags/example_skip_dag.py for tasks to queue
[2026-04-19T00:02:15.152+0000] {logging_mixin.py:188} INFO - [2026-04-19T00:02:15.152+0000] {dagbag.py:538} INFO - Filling up the DagBag from /home/airflow/.local/lib/python3.8/site-packages/airflow/example_dags/example_skip_dag.py
[2026-04-19T00:02:15.161+0000] {processor.py:840} INFO - DAG(s) 'example_skip_dag' retrieved from /home/airflow/.local/lib/python3.8/site-packages/airflow/example_dags/example_skip_dag.py
[2026-04-19T00:02:15.194+0000] {logging_mixin.py:188} INFO - [2026-04-19T00:02:15.194+0000] {dag.py:3036} INFO - Sync 1 DAGs
[2026-04-19T00:02:15.226+0000] {logging_mixin.py:188} INFO - [2026-04-19T00:02:15.225+0000] {dag.py:3823} INFO - Setting next_dagrun for example_skip_dag to 2026-04-18 00:00:00+00:00, run_after=2026-04-19 00:00:00+00:00
[2026-04-19T00:02:15.249+0000] {processor.py:183} INFO - Processing /home/airflow/.local/lib/python3.8/site-packages/airflow/example_dags/example_skip_dag.py took 0.114 seconds
[2026-04-19T00:02:45.388+0000] {processor.py:161} INFO - Started process (PID=10342) to work on /home/airflow/.local/lib/python3.8/site-packages/airflow/example_dags/example_skip_dag.py
[2026-04-19T00:02:45.397+0000] {processor.py:830} INFO - Processing file /home/airflow/.local/lib/python3.8/site-packages/airflow/example_dags/example_skip_dag.py for tasks to queue
[2026-04-19T00:02:45.400+0000] {logging_mixin.py:188} INFO - [2026-04-19T00:02:45.399+0000] {dagbag.py:538} INFO - Filling up the DagBag from /home/airflow/.local/lib/python3.8/site-packages/airflow/example_dags/example_skip_dag.py
[2026-04-19T00:02:45.409+0000] {processor.py:840} INFO - DAG(s) 'example_skip_dag' retrieved from /home/airflow/.local/lib/python3.8/site-packages/airflow/example_dags/example_skip_dag.py
[2026-04-19T00:02:45.442+0000] {logging_mixin.py:188} INFO - [2026-04-19T00:02:45.441+0000] {dag.py:3036} INFO - Sync 1 DAGs
[2026-04-19T00:02:45.471+0000] {logging_mixin.py:188} INFO - [2026-04-19T00:02:45.470+0000] {dag.py:3823} INFO - Setting next_dagrun for example_skip_dag to 2026-04-18 00:00:00+00:00, run_after=2026-04-19 00:00:00+00:00
[2026-04-19T00:02:45.493+0000] {processor.py:183} INFO - Processing /home/airflow/.local/lib/python3.8/site-packages/airflow/example_dags/example_skip_dag.py took 0.110 seconds
[2026-04-19T00:03:15.864+0000] {processor.py:161} INFO - Started process (PID=10403) to work on /home/airflow/.local/lib/python3.8/site-packages/airflow/example_dags/example_skip_dag.py
[2026-04-19T00:03:15.873+0000] {processor.py:830} INFO - Processing file /home/airflow/.local/lib/python3.8/site-packages/airflow/example_dags/example_skip_dag.py for tasks to queue
[2026-04-19T00:03:15.876+0000] {logging_mixin.py:188} INFO - [2026-04-19T00:03:15.875+0000] {dagbag.py:538} INFO - Filling up the DagBag from /home/airflow/.local/lib/python3.8/site-packages/airflow/example_dags/example_skip_dag.py
[2026-04-19T00:03:15.885+0000] {processor.py:840} INFO - DAG(s) 'example_skip_dag' retrieved from /home/airflow/.local/lib/python3.8/site-packages/airflow/example_dags/example_skip_dag.py
[2026-04-19T00:03:15.918+0000] {logging_mixin.py:188} INFO - [2026-04-19T00:03:15.918+0000] {dag.py:3036} INFO - Sync 1 DAGs
[2026-04-19T00:03:15.950+0000] {logging_mixin.py:188} INFO - [2026-04-19T00:03:15.949+0000] {dag.py:3823} INFO - Setting next_dagrun for example_skip_dag to 2026-04-18 00:00:00+00:00, run_after=2026-04-19 00:00:00+00:00
[2026-04-19T00:03:15.977+0000] {processor.py:183} INFO - Processing /home/airflow/.local/lib/python3.8/site-packages/airflow/example_dags/example_skip_dag.py took 0.118 seconds
[2026-04-19T00:03:46.118+0000] {processor.py:161} INFO - Started process (PID=10458) to work on /home/airflow/.local/lib/python3.8/site-packages/airflow/example_dags/example_skip_dag.py
[2026-04-19T00:03:46.128+0000] {processor.py:830} INFO - Processing file /home/airflow/.local/lib/python3.8/site-packages/airflow/example_dags/example_skip_dag.py for tasks to queue
[2026-04-19T00:03:46.130+0000] {logging_mixin.py:188} INFO - [2026-04-19T00:03:46.130+0000] {dagbag.py:538} INFO - Filling up the DagBag from /home/airflow/.local/lib/python3.8/site-packages/airflow/example_dags/example_skip_dag.py
[2026-04-19T00:03:46.139+0000] {processor.py:840} INFO - DAG(s) 'example_skip_dag' retrieved from /home/airflow/.local/lib/python3.8/site-packages/airflow/example_dags/example_skip_dag.py
[2026-04-19T00:03:46.170+0000] {logging_mixin.py:188} INFO - [2026-04-19T00:03:46.169+0000] {dag.py:3036} INFO - Sync 1 DAGs
[2026-04-19T00:03:46.204+0000] {logging_mixin.py:188} INFO - [2026-04-19T00:03:46.204+0000] {dag.py:3823} INFO - Setting next_dagrun for example_skip_dag to 2026-04-18 00:00:00+00:00, run_after=2026-04-19 00:00:00+00:00
[2026-04-19T00:03:46.228+0000] {processor.py:183} INFO - Processing /home/airflow/.local/lib/python3.8/site-packages/airflow/example_dags/example_skip_dag.py took 0.114 seconds
[2026-04-19T00:04:16.616+0000] {processor.py:161} INFO - Started process (PID=10513) to work on /home/airflow/.local/lib/python3.8/site-packages/airflow/example_dags/example_skip_dag.py
[2026-04-19T00:04:16.625+0000] {processor.py:830} INFO - Processing file /home/airflow/.local/lib/python3.8/site-packages/airflow/example_dags/example_skip_dag.py for tasks to queue
[2026-04-19T00:04:16.629+0000] {logging_mixin.py:188} INFO - [2026-04-19T00:04:16.628+0000] {dagbag.py:538} INFO - Filling up the DagBag from /home/airflow/.local/lib/python3.8/site-packages/airflow/example_dags/example_skip_dag.py
[2026-04-19T00:04:16.640+0000] {processor.py:840} INFO - DAG(s) 'example_skip_dag' retrieved from /home/airflow/.local/lib/python3.8/site-packages/airflow/example_dags/example_skip_dag.py
[2026-04-19T00:04:16.676+0000] {logging_mixin.py:188} INFO - [2026-04-19T00:04:16.675+0000] {dag.py:3036} INFO - Sync 1 DAGs
[2026-04-19T00:04:16.708+0000] {logging_mixin.py:188} INFO - [2026-04-19T00:04:16.707+0000] {dag.py:3823} INFO - Setting next_dagrun for example_skip_dag to 2026-04-18 00:00:00+00:00, run_after=2026-04-19 00:00:00+00:00
[2026-04-19T00:04:16.735+0000] {processor.py:183} INFO - Processing /home/airflow/.local/lib/python3.8/site-packages/airflow/example_dags/example_skip_dag.py took 0.125 seconds
[2026-04-19T00:04:46.851+0000] {processor.py:161} INFO - Started process (PID=10568) to work on /home/airflow/.local/lib/python3.8/site-packages/airflow/example_dags/example_skip_dag.py
[2026-04-19T00:04:46.861+0000] {processor.py:830} INFO - Processing file /home/airflow/.local/lib/python3.8/site-packages/airflow/example_dags/example_skip_dag.py for tasks to queue
[2026-04-19T00:04:46.863+0000] {logging_mixin.py:188} INFO - [2026-04-19T00:04:46.863+0000] {dagbag.py:538} INFO - Filling up the DagBag from /home/airflow/.local/lib/python3.8/site-packages/airflow/example_dags/example_skip_dag.py
[2026-04-19T00:04:46.872+0000] {processor.py:840} INFO - DAG(s) 'example_skip_dag' retrieved from /home/airflow/.local/lib/python3.8/site-packages/airflow/example_dags/example_skip_dag.py
[2026-04-19T00:04:46.904+0000] {logging_mixin.py:188} INFO - [2026-04-19T00:04:46.903+0000] {dag.py:3036} INFO - Sync 1 DAGs
[2026-04-19T00:04:46.933+0000] {logging_mixin.py:188} INFO - [2026-04-19T00:04:46.933+0000] {dag.py:3823} INFO - Setting next_dagrun for example_skip_dag to 2026-04-18 00:00:00+00:00, run_after=2026-04-19 00:00:00+00:00
[2026-04-19T00:04:46.961+0000] {processor.py:183} INFO - Processing /home/airflow/.local/lib/python3.8/site-packages/airflow/example_dags/example_skip_dag.py took 0.115 seconds
[2026-04-19T00:05:17.166+0000] {processor.py:161} INFO - Started process (PID=10623) to work on /home/airflow/.local/lib/python3.8/site-packages/airflow/example_dags/example_skip_dag.py
[2026-04-19T00:05:17.176+0000] {processor.py:830} INFO - Processing file /home/airflow/.local/lib/python3.8/site-packages/airflow/example_dags/example_skip_dag.py for tasks to queue
[2026-04-19T00:05:17.179+0000] {logging_mixin.py:188} INFO - [2026-04-19T00:05:17.178+0000] {dagbag.py:538} INFO - Filling up the DagBag from /home/airflow/.local/lib/python3.8/site-packages/airflow/example_dags/example_skip_dag.py
[2026-04-19T00:05:17.188+0000] {processor.py:840} INFO - DAG(s) 'example_skip_dag' retrieved from /home/airflow/.local/lib/python3.8/site-packages/airflow/example_dags/example_skip_dag.py
[2026-04-19T00:05:17.220+0000] {logging_mixin.py:188} INFO - [2026-04-19T00:05:17.220+0000] {dag.py:3036} INFO - Sync 1 DAGs
[2026-04-19T00:05:17.250+0000] {logging_mixin.py:188} INFO - [2026-04-19T00:05:17.250+0000] {dag.py:3823} INFO - Setting next_dagrun for example_skip_dag to 2026-04-18 00:00:00+00:00, run_after=2026-04-19 00:00:00+00:00
[2026-04-19T00:05:17.274+0000] {processor.py:183} INFO - Processing /home/airflow/.local/lib/python3.8/site-packages/airflow/example_dags/example_skip_dag.py took 0.113 seconds
[2026-04-19T00:05:47.556+0000] {processor.py:161} INFO - Started process (PID=10678) to work on /home/airflow/.local/lib/python3.8/site-packages/airflow/example_dags/example_skip_dag.py
[2026-04-19T00:05:47.565+0000] {processor.py:830} INFO - Processing file /home/airflow/.local/lib/python3.8/site-packages/airflow/example_dags/example_skip_dag.py for tasks to queue
[2026-04-19T00:05:47.568+0000] {logging_mixin.py:188} INFO - [2026-04-19T00:05:47.568+0000] {dagbag.py:538} INFO - Filling up the DagBag from /home/airflow/.local/lib/python3.8/site-packages/airflow/example_dags/example_skip_dag.py
[2026-04-19T00:05:47.579+0000] {processor.py:840} INFO - DAG(s) 'example_skip_dag' retrieved from /home/airflow/.local/lib/python3.8/site-packages/airflow/example_dags/example_skip_dag.py
[2026-04-19T00:05:47.611+0000] {logging_mixin.py:188} INFO - [2026-04-19T00:05:47.611+0000] {dag.py:3036} INFO - Sync 1 DAGs
[2026-04-19T00:05:47.644+0000] {logging_mixin.py:188} INFO - [2026-04-19T00:05:47.643+0000] {dag.py:3823} INFO - Setting next_dagrun for example_skip_dag to 2026-04-18 00:00:00+00:00, run_after=2026-04-19 00:00:00+00:00
[2026-04-19T00:05:47.666+0000] {processor.py:183} INFO - Processing /home/airflow/.local/lib/python3.8/site-packages/airflow/example_dags/example_skip_dag.py took 0.116 seconds
[2026-04-19T00:06:18.013+0000] {processor.py:161} INFO - Started process (PID=10733) to work on /home/airflow/.local/lib/python3.8/site-packages/airflow/example_dags/example_skip_dag.py
[2026-04-19T00:06:18.015+0000] {processor.py:830} INFO - Processing file /home/airflow/.local/lib/python3.8/site-packages/airflow/example_dags/example_skip_dag.py for tasks to queue
[2026-04-19T00:06:18.017+0000] {logging_mixin.py:188} INFO - [2026-04-19T00:06:18.017+0000] {dagbag.py:538} INFO - Filling up the DagBag from /home/airflow/.local/lib/python3.8/site-packages/airflow/example_dags/example_skip_dag.py
[2026-04-19T00:06:18.026+0000] {processor.py:840} INFO - DAG(s) 'example_skip_dag' retrieved from /home/airflow/.local/lib/python3.8/site-packages/airflow/example_dags/example_skip_dag.py
[2026-04-19T00:06:18.061+0000] {logging_mixin.py:188} INFO - [2026-04-19T00:06:18.061+0000] {dag.py:3036} INFO - Sync 1 DAGs
[2026-04-19T00:06:18.095+0000] {logging_mixin.py:188} INFO - [2026-04-19T00:06:18.095+0000] {dag.py:3823} INFO - Setting next_dagrun for example_skip_dag to 2026-04-18 00:00:00+00:00, run_after=2026-04-19 00:00:00+00:00
[2026-04-19T00:06:18.122+0000] {processor.py:183} INFO - Processing /home/airflow/.local/lib/python3.8/site-packages/airflow/example_dags/example_skip_dag.py took 0.114 seconds
[2026-04-19T00:06:48.230+0000] {processor.py:161} INFO - Started process (PID=10788) to work on /home/airflow/.local/lib/python3.8/site-packages/airflow/example_dags/example_skip_dag.py
[2026-04-19T00:06:48.239+0000] {processor.py:830} INFO - Processing file /home/airflow/.local/lib/python3.8/site-packages/airflow/example_dags/example_skip_dag.py for tasks to queue
[2026-04-19T00:06:48.242+0000] {logging_mixin.py:188} INFO - [2026-04-19T00:06:48.242+0000] {dagbag.py:538} INFO - Filling up the DagBag from /home/airflow/.local/lib/python3.8/site-packages/airflow/example_dags/example_skip_dag.py
[2026-04-19T00:06:48.252+0000] {processor.py:840} INFO - DAG(s) 'example_skip_dag' retrieved from /home/airflow/.local/lib/python3.8/site-packages/airflow/example_dags/example_skip_dag.py
[2026-04-19T00:06:48.288+0000] {logging_mixin.py:188} INFO - [2026-04-19T00:06:48.288+0000] {dag.py:3036} INFO - Sync 1 DAGs
[2026-04-19T00:06:48.318+0000] {logging_mixin.py:188} INFO - [2026-04-19T00:06:48.318+0000] {dag.py:3823} INFO - Setting next_dagrun for example_skip_dag to 2026-04-18 00:00:00+00:00, run_after=2026-04-19 00:00:00+00:00
[2026-04-19T00:06:48.343+0000] {processor.py:183} INFO - Processing /home/airflow/.local/lib/python3.8/site-packages/airflow/example_dags/example_skip_dag.py took 0.118 seconds
[2026-04-19T00:07:18.671+0000] {processor.py:161} INFO - Started process (PID=10843) to work on /home/airflow/.local/lib/python3.8/site-packages/airflow/example_dags/example_skip_dag.py
[2026-04-19T00:07:18.680+0000] {processor.py:830} INFO - Processing file /home/airflow/.local/lib/python3.8/site-packages/airflow/example_dags/example_skip_dag.py for tasks to queue
[2026-04-19T00:07:18.683+0000] {logging_mixin.py:188} INFO - [2026-04-19T00:07:18.683+0000] {dagbag.py:538} INFO - Filling up the DagBag from /home/airflow/.local/lib/python3.8/site-packages/airflow/example_dags/example_skip_dag.py
[2026-04-19T00:07:18.692+0000] {processor.py:840} INFO - DAG(s) 'example_skip_dag' retrieved from /home/airflow/.local/lib/python3.8/site-packages/airflow/example_dags/example_skip_dag.py
[2026-04-19T00:07:18.726+0000] {logging_mixin.py:188} INFO - [2026-04-19T00:07:18.725+0000] {dag.py:3036} INFO - Sync 1 DAGs
[2026-04-19T00:07:18.756+0000] {logging_mixin.py:188} INFO - [2026-04-19T00:07:18.756+0000] {dag.py:3823} INFO - Setting next_dagrun for example_skip_dag to 2026-04-18 00:00:00+00:00, run_after=2026-04-19 00:00:00+00:00
[2026-04-19T00:07:18.780+0000] {processor.py:183} INFO - Processing /home/airflow/.local/lib/python3.8/site-packages/airflow/example_dags/example_skip_dag.py took 0.114 seconds
[2026-04-19T00:07:48.893+0000] {processor.py:161} INFO - Started process (PID=10898) to work on /home/airflow/.local/lib/python3.8/site-packages/airflow/example_dags/example_skip_dag.py
[2026-04-19T00:07:48.903+0000] {processor.py:830} INFO - Processing file /home/airflow/.local/lib/python3.8/site-packages/airflow/example_dags/example_skip_dag.py for tasks to queue
[2026-04-19T00:07:48.907+0000] {logging_mixin.py:188} INFO - [2026-04-19T00:07:48.906+0000] {dagbag.py:538} INFO - Filling up the DagBag from /home/airflow/.local/lib/python3.8/site-packages/airflow/example_dags/example_skip_dag.py
[2026-04-19T00:07:48.917+0000] {processor.py:840} INFO - DAG(s) 'example_skip_dag' retrieved from /home/airflow/.local/lib/python3.8/site-packages/airflow/example_dags/example_skip_dag.py
[2026-04-19T00:07:48.952+0000] {logging_mixin.py:188} INFO - [2026-04-19T00:07:48.951+0000] {dag.py:3036} INFO - Sync 1 DAGs
[2026-04-19T00:07:48.989+0000] {logging_mixin.py:188} INFO - [2026-04-19T00:07:48.988+0000] {dag.py:3823} INFO - Setting next_dagrun for example_skip_dag to 2026-04-18 00:00:00+00:00, run_after=2026-04-19 00:00:00+00:00
[2026-04-19T00:07:49.013+0000] {processor.py:183} INFO - Processing /home/airflow/.local/lib/python3.8/site-packages/airflow/example_dags/example_skip_dag.py took 0.125 seconds
[2026-04-19T00:08:20.041+0000] {processor.py:161} INFO - Started process (PID=10953) to work on /home/airflow/.local/lib/python3.8/site-packages/airflow/example_dags/example_skip_dag.py
[2026-04-19T00:08:20.050+0000] {processor.py:830} INFO - Processing file /home/airflow/.local/lib/python3.8/site-packages/airflow/example_dags/example_skip_dag.py for tasks to queue
[2026-04-19T00:08:20.053+0000] {logging_mixin.py:188} INFO - [2026-04-19T00:08:20.052+0000] {dagbag.py:538} INFO - Filling up the DagBag from /home/airflow/.local/lib/python3.8/site-packages/airflow/example_dags/example_skip_dag.py
[2026-04-19T00:08:20.062+0000] {processor.py:840} INFO - DAG(s) 'example_skip_dag' retrieved from /home/airflow/.local/lib/python3.8/site-packages/airflow/example_dags/example_skip_dag.py
[2026-04-19T00:08:20.096+0000] {logging_mixin.py:188} INFO - [2026-04-19T00:08:20.096+0000] {dag.py:3036} INFO - Sync 1 DAGs
[2026-04-19T00:08:20.128+0000] {logging_mixin.py:188} INFO - [2026-04-19T00:08:20.127+0000] {dag.py:3823} INFO - Setting next_dagrun for example_skip_dag to 2026-04-18 00:00:00+00:00, run_after=2026-04-19 00:00:00+00:00
[2026-04-19T00:08:20.151+0000] {processor.py:183} INFO - Processing /home/airflow/.local/lib/python3.8/site-packages/airflow/example_dags/example_skip_dag.py took 0.115 seconds
[2026-04-19T00:08:50.612+0000] {processor.py:161} INFO - Started process (PID=11008) to work on /home/airflow/.local/lib/python3.8/site-packages/airflow/example_dags/example_skip_dag.py
[2026-04-19T00:08:50.622+0000] {processor.py:830} INFO - Processing file /home/airflow/.local/lib/python3.8/site-packages/airflow/example_dags/example_skip_dag.py for tasks to queue
[2026-04-19T00:08:50.625+0000] {logging_mixin.py:188} INFO - [2026-04-19T00:08:50.624+0000] {dagbag.py:538} INFO - Filling up the DagBag from /home/airflow/.local/lib/python3.8/site-packages/airflow/example_dags/example_skip_dag.py
[2026-04-19T00:08:50.635+0000] {processor.py:840} INFO - DAG(s) 'example_skip_dag' retrieved from /home/airflow/.local/lib/python3.8/site-packages/airflow/example_dags/example_skip_dag.py
[2026-04-19T00:08:50.668+0000] {logging_mixin.py:188} INFO - [2026-04-19T00:08:50.668+0000] {dag.py:3036} INFO - Sync 1 DAGs
[2026-04-19T00:08:50.699+0000] {logging_mixin.py:188} INFO - [2026-04-19T00:08:50.698+0000] {dag.py:3823} INFO - Setting next_dagrun for example_skip_dag to 2026-04-18 00:00:00+00:00, run_after=2026-04-19 00:00:00+00:00
[2026-04-19T00:08:50.723+0000] {processor.py:183} INFO - Processing /home/airflow/.local/lib/python3.8/site-packages/airflow/example_dags/example_skip_dag.py took 0.116 seconds
[2026-04-19T00:09:20.889+0000] {processor.py:161} INFO - Started process (PID=11063) to work on /home/airflow/.local/lib/python3.8/site-packages/airflow/example_dags/example_skip_dag.py
[2026-04-19T00:09:20.891+0000] {processor.py:830} INFO - Processing file /home/airflow/.local/lib/python3.8/site-packages/airflow/example_dags/example_skip_dag.py for tasks to queue
[2026-04-19T00:09:20.893+0000] {logging_mixin.py:188} INFO - [2026-04-19T00:09:20.893+0000] {dagbag.py:538} INFO - Filling up the DagBag from /home/airflow/.local/lib/python3.8/site-packages/airflow/example_dags/example_skip_dag.py
[2026-04-19T00:09:20.904+0000] {processor.py:840} INFO - DAG(s) 'example_skip_dag' retrieved from /home/airflow/.local/lib/python3.8/site-packages/airflow/example_dags/example_skip_dag.py
[2026-04-19T00:09:20.937+0000] {logging_mixin.py:188} INFO - [2026-04-19T00:09:20.937+0000] {dag.py:3036} INFO - Sync 1 DAGs
[2026-04-19T00:09:20.969+0000] {logging_mixin.py:188} INFO - [2026-04-19T00:09:20.969+0000] {dag.py:3823} INFO - Setting next_dagrun for example_skip_dag to 2026-04-18 00:00:00+00:00, run_after=2026-04-19 00:00:00+00:00
[2026-04-19T00:09:20.993+0000] {processor.py:183} INFO - Processing /home/airflow/.local/lib/python3.8/site-packages/airflow/example_dags/example_skip_dag.py took 0.109 seconds
[2026-04-19T00:09:51.358+0000] {processor.py:161} INFO - Started process (PID=11118) to work on /home/airflow/.local/lib/python3.8/site-packages/airflow/example_dags/example_skip_dag.py
[2026-04-19T00:09:51.362+0000] {processor.py:830} INFO - Processing file /home/airflow/.local/lib/python3.8/site-packages/airflow/example_dags/example_skip_dag.py for tasks to queue
[2026-04-19T00:09:51.365+0000] {logging_mixin.py:188} INFO - [2026-04-19T00:09:51.365+0000] {dagbag.py:538} INFO - Filling up the DagBag from /home/airflow/.local/lib/python3.8/site-packages/airflow/example_dags/example_skip_dag.py
[2026-04-19T00:09:51.376+0000] {processor.py:840} INFO - DAG(s) 'example_skip_dag' retrieved from /home/airflow/.local/lib/python3.8/site-packages/airflow/example_dags/example_skip_dag.py
[2026-04-19T00:09:51.410+0000] {logging_mixin.py:188} INFO - [2026-04-19T00:09:51.410+0000] {dag.py:3036} INFO - Sync 1 DAGs
[2026-04-19T00:09:51.442+0000] {logging_mixin.py:188} INFO - [2026-04-19T00:09:51.442+0000] {dag.py:3823} INFO - Setting next_dagrun for example_skip_dag to 2026-04-18 00:00:00+00:00, run_after=2026-04-19 00:00:00+00:00
[2026-04-19T00:09:51.467+0000] {processor.py:183} INFO - Processing /home/airflow/.local/lib/python3.8/site-packages/airflow/example_dags/example_skip_dag.py took 0.115 seconds
[2026-04-19T00:10:21.881+0000] {processor.py:161} INFO - Started process (PID=11173) to work on /home/airflow/.local/lib/python3.8/site-packages/airflow/example_dags/example_skip_dag.py
[2026-04-19T00:10:21.890+0000] {processor.py:830} INFO - Processing file /home/airflow/.local/lib/python3.8/site-packages/airflow/example_dags/example_skip_dag.py for tasks to queue
[2026-04-19T00:10:21.894+0000] {logging_mixin.py:188} INFO - [2026-04-19T00:10:21.893+0000] {dagbag.py:538} INFO - Filling up the DagBag from /home/airflow/.local/lib/python3.8/site-packages/airflow/example_dags/example_skip_dag.py
[2026-04-19T00:10:21.904+0000] {processor.py:840} INFO - DAG(s) 'example_skip_dag' retrieved from /home/airflow/.local/lib/python3.8/site-packages/airflow/example_dags/example_skip_dag.py
[2026-04-19T00:10:21.940+0000] {logging_mixin.py:188} INFO - [2026-04-19T00:10:21.940+0000] {dag.py:3036} INFO - Sync 1 DAGs
[2026-04-19T00:10:21.974+0000] {logging_mixin.py:188} INFO - [2026-04-19T00:10:21.974+0000] {dag.py:3823} INFO - Setting next_dagrun for example_skip_dag to 2026-04-18 00:00:00+00:00, run_after=2026-04-19 00:00:00+00:00
[2026-04-19T00:10:22.003+0000] {processor.py:183} INFO - Processing /home/airflow/.local/lib/python3.8/site-packages/airflow/example_dags/example_skip_dag.py took 0.128 seconds
[2026-04-19T00:10:52.314+0000] {processor.py:161} INFO - Started process (PID=11228) to work on /home/airflow/.local/lib/python3.8/site-packages/airflow/example_dags/example_skip_dag.py
[2026-04-19T00:10:52.317+0000] {processor.py:830} INFO - Processing file /home/airflow/.local/lib/python3.8/site-packages/airflow/example_dags/example_skip_dag.py for tasks to queue
[2026-04-19T00:10:52.320+0000] {logging_mixin.py:188} INFO - [2026-04-19T00:10:52.319+0000] {dagbag.py:538} INFO - Filling up the DagBag from /home/airflow/.local/lib/python3.8/site-packages/airflow/example_dags/example_skip_dag.py
[2026-04-19T00:10:52.328+0000] {processor.py:840} INFO - DAG(s) 'example_skip_dag' retrieved from /home/airflow/.local/lib/python3.8/site-packages/airflow/example_dags/example_skip_dag.py
[2026-04-19T00:10:52.357+0000] {logging_mixin.py:188} INFO - [2026-04-19T00:10:52.357+0000] {dag.py:3036} INFO - Sync 1 DAGs
[2026-04-19T00:10:52.386+0000] {logging_mixin.py:188} INFO - [2026-04-19T00:10:52.385+0000] {dag.py:3823} INFO - Setting next_dagrun for example_skip_dag to 2026-04-18 00:00:00+00:00, run_after=2026-04-19 00:00:00+00:00
[2026-04-19T00:10:52.407+0000] {processor.py:183} INFO - Processing /home/airflow/.local/lib/python3.8/site-packages/airflow/example_dags/example_skip_dag.py took 0.097 seconds
[2026-04-19T00:11:22.924+0000] {processor.py:161} INFO - Started process (PID=11283) to work on /home/airflow/.local/lib/python3.8/site-packages/airflow/example_dags/example_skip_dag.py
[2026-04-19T00:11:22.933+0000] {processor.py:830} INFO - Processing file /home/airflow/.local/lib/python3.8/site-packages/airflow/example_dags/example_skip_dag.py for tasks to queue
[2026-04-19T00:11:22.936+0000] {logging_mixin.py:188} INFO - [2026-04-19T00:11:22.936+0000] {dagbag.py:538} INFO - Filling up the DagBag from /home/airflow/.local/lib/python3.8/site-packages/airflow/example_dags/example_skip_dag.py
[2026-04-19T00:11:22.945+0000] {processor.py:840} INFO - DAG(s) 'example_skip_dag' retrieved from /home/airflow/.local/lib/python3.8/site-packages/airflow/example_dags/example_skip_dag.py
[2026-04-19T00:11:22.979+0000] {logging_mixin.py:188} INFO - [2026-04-19T00:11:22.978+0000] {dag.py:3036} INFO - Sync 1 DAGs
[2026-04-19T00:11:23.013+0000] {logging_mixin.py:188} INFO - [2026-04-19T00:11:23.013+0000] {dag.py:3823} INFO - Setting next_dagrun for example_skip_dag to 2026-04-18 00:00:00+00:00, run_after=2026-04-19 00:00:00+00:00
[2026-04-19T00:11:23.037+0000] {processor.py:183} INFO - Processing /home/airflow/.local/lib/python3.8/site-packages/airflow/example_dags/example_skip_dag.py took 0.118 seconds
[2026-04-19T00:11:53.417+0000] {processor.py:161} INFO - Started process (PID=11338) to work on /home/airflow/.local/lib/python3.8/site-packages/airflow/example_dags/example_skip_dag.py
[2026-04-19T00:11:53.427+0000] {processor.py:830} INFO - Processing file /home/airflow/.local/lib/python3.8/site-packages/airflow/example_dags/example_skip_dag.py for tasks to queue
[2026-04-19T00:11:53.430+0000] {logging_mixin.py:188} INFO - [2026-04-19T00:11:53.429+0000] {dagbag.py:538} INFO - Filling up the DagBag from /home/airflow/.local/lib/python3.8/site-packages/airflow/example_dags/example_skip_dag.py
[2026-04-19T00:11:53.440+0000] {processor.py:840} INFO - DAG(s) 'example_skip_dag' retrieved from /home/airflow/.local/lib/python3.8/site-packages/airflow/example_dags/example_skip_dag.py
[2026-04-19T00:11:53.475+0000] {logging_mixin.py:188} INFO - [2026-04-19T00:11:53.475+0000] {dag.py:3036} INFO - Sync 1 DAGs
[2026-04-19T00:11:53.509+0000] {logging_mixin.py:188} INFO - [2026-04-19T00:11:53.509+0000] {dag.py:3823} INFO - Setting next_dagrun for example_skip_dag to 2026-04-18 00:00:00+00:00, run_after=2026-04-19 00:00:00+00:00
[2026-04-19T00:11:53.536+0000] {processor.py:183} INFO - Processing /home/airflow/.local/lib/python3.8/site-packages/airflow/example_dags/example_skip_dag.py took 0.124 seconds
[2026-04-19T00:12:23.737+0000] {processor.py:161} INFO - Started process (PID=11393) to work on /home/airflow/.local/lib/python3.8/site-packages/airflow/example_dags/example_skip_dag.py
[2026-04-19T00:12:23.747+0000] {processor.py:830} INFO - Processing file /home/airflow/.local/lib/python3.8/site-packages/airflow/example_dags/example_skip_dag.py for tasks to queue
[2026-04-19T00:12:23.750+0000] {logging_mixin.py:188} INFO - [2026-04-19T00:12:23.750+0000] {dagbag.py:538} INFO - Filling up the DagBag from /home/airflow/.local/lib/python3.8/site-packages/airflow/example_dags/example_skip_dag.py
[2026-04-19T00:12:23.760+0000] {processor.py:840} INFO - DAG(s) 'example_skip_dag' retrieved from /home/airflow/.local/lib/python3.8/site-packages/airflow/example_dags/example_skip_dag.py
[2026-04-19T00:12:23.793+0000] {logging_mixin.py:188} INFO - [2026-04-19T00:12:23.793+0000] {dag.py:3036} INFO - Sync 1 DAGs
[2026-04-19T00:12:23.823+0000] {logging_mixin.py:188} INFO - [2026-04-19T00:12:23.823+0000] {dag.py:3823} INFO - Setting next_dagrun for example_skip_dag to 2026-04-18 00:00:00+00:00, run_after=2026-04-19 00:00:00+00:00
[2026-04-19T00:12:23.844+0000] {processor.py:183} INFO - Processing /home/airflow/.local/lib/python3.8/site-packages/airflow/example_dags/example_skip_dag.py took 0.112 seconds
[2026-04-19T00:12:54.037+0000] {processor.py:161} INFO - Started process (PID=11448) to work on /home/airflow/.local/lib/python3.8/site-packages/airflow/example_dags/example_skip_dag.py
[2026-04-19T00:12:54.046+0000] {processor.py:830} INFO - Processing file /home/airflow/.local/lib/python3.8/site-packages/airflow/example_dags/example_skip_dag.py for tasks to queue
[2026-04-19T00:12:54.049+0000] {logging_mixin.py:188} INFO - [2026-04-19T00:12:54.048+0000] {dagbag.py:538} INFO - Filling up the DagBag from /home/airflow/.local/lib/python3.8/site-packages/airflow/example_dags/example_skip_dag.py
[2026-04-19T00:12:54.058+0000] {processor.py:840} INFO - DAG(s) 'example_skip_dag' retrieved from /home/airflow/.local/lib/python3.8/site-packages/airflow/example_dags/example_skip_dag.py
[2026-04-19T00:12:54.094+0000] {logging_mixin.py:188} INFO - [2026-04-19T00:12:54.094+0000] {dag.py:3036} INFO - Sync 1 DAGs
[2026-04-19T00:12:54.126+0000] {logging_mixin.py:188} INFO - [2026-04-19T00:12:54.125+0000] {dag.py:3823} INFO - Setting next_dagrun for example_skip_dag to 2026-04-18 00:00:00+00:00, run_after=2026-04-19 00:00:00+00:00
[2026-04-19T00:12:54.150+0000] {processor.py:183} INFO - Processing /home/airflow/.local/lib/python3.8/site-packages/airflow/example_dags/example_skip_dag.py took 0.119 seconds
[2026-04-19T00:13:24.660+0000] {processor.py:161} INFO - Started process (PID=11503) to work on /home/airflow/.local/lib/python3.8/site-packages/airflow/example_dags/example_skip_dag.py
[2026-04-19T00:13:24.670+0000] {processor.py:830} INFO - Processing file /home/airflow/.local/lib/python3.8/site-packages/airflow/example_dags/example_skip_dag.py for tasks to queue
[2026-04-19T00:13:24.672+0000] {logging_mixin.py:188} INFO - [2026-04-19T00:13:24.672+0000] {dagbag.py:538} INFO - Filling up the DagBag from /home/airflow/.local/lib/python3.8/site-packages/airflow/example_dags/example_skip_dag.py
[2026-04-19T00:13:24.682+0000] {processor.py:840} INFO - DAG(s) 'example_skip_dag' retrieved from /home/airflow/.local/lib/python3.8/site-packages/airflow/example_dags/example_skip_dag.py
[2026-04-19T00:13:24.715+0000] {logging_mixin.py:188} INFO - [2026-04-19T00:13:24.715+0000] {dag.py:3036} INFO - Sync 1 DAGs
[2026-04-19T00:13:24.747+0000] {logging_mixin.py:188} INFO - [2026-04-19T00:13:24.746+0000] {dag.py:3823} INFO - Setting next_dagrun for example_skip_dag to 2026-04-18 00:00:00+00:00, run_after=2026-04-19 00:00:00+00:00
[2026-04-19T00:13:24.770+0000] {processor.py:183} INFO - Processing /home/airflow/.local/lib/python3.8/site-packages/airflow/example_dags/example_skip_dag.py took 0.115 seconds
[2026-04-19T00:13:55.187+0000] {processor.py:161} INFO - Started process (PID=11558) to work on /home/airflow/.local/lib/python3.8/site-packages/airflow/example_dags/example_skip_dag.py
[2026-04-19T00:13:55.197+0000] {processor.py:830} INFO - Processing file /home/airflow/.local/lib/python3.8/site-packages/airflow/example_dags/example_skip_dag.py for tasks to queue
[2026-04-19T00:13:55.200+0000] {logging_mixin.py:188} INFO - [2026-04-19T00:13:55.199+0000] {dagbag.py:538} INFO - Filling up the DagBag from /home/airflow/.local/lib/python3.8/site-packages/airflow/example_dags/example_skip_dag.py
[2026-04-19T00:13:55.210+0000] {processor.py:840} INFO - DAG(s) 'example_skip_dag' retrieved from /home/airflow/.local/lib/python3.8/site-packages/airflow/example_dags/example_skip_dag.py
[2026-04-19T00:13:55.246+0000] {logging_mixin.py:188} INFO - [2026-04-19T00:13:55.246+0000] {dag.py:3036} INFO - Sync 1 DAGs
[2026-04-19T00:13:55.278+0000] {logging_mixin.py:188} INFO - [2026-04-19T00:13:55.277+0000] {dag.py:3823} INFO - Setting next_dagrun for example_skip_dag to 2026-04-18 00:00:00+00:00, run_after=2026-04-19 00:00:00+00:00
[2026-04-19T00:13:55.301+0000] {processor.py:183} INFO - Processing /home/airflow/.local/lib/python3.8/site-packages/airflow/example_dags/example_skip_dag.py took 0.119 seconds
[2026-04-19T00:14:25.625+0000] {processor.py:161} INFO - Started process (PID=11613) to work on /home/airflow/.local/lib/python3.8/site-packages/airflow/example_dags/example_skip_dag.py
[2026-04-19T00:14:25.634+0000] {processor.py:830} INFO - Processing file /home/airflow/.local/lib/python3.8/site-packages/airflow/example_dags/example_skip_dag.py for tasks to queue
[2026-04-19T00:14:25.637+0000] {logging_mixin.py:188} INFO - [2026-04-19T00:14:25.636+0000] {dagbag.py:538} INFO - Filling up the DagBag from /home/airflow/.local/lib/python3.8/site-packages/airflow/example_dags/example_skip_dag.py
[2026-04-19T00:14:25.649+0000] {processor.py:840} INFO - DAG(s) 'example_skip_dag' retrieved from /home/airflow/.local/lib/python3.8/site-packages/airflow/example_dags/example_skip_dag.py
[2026-04-19T00:14:25.688+0000] {logging_mixin.py:188} INFO - [2026-04-19T00:14:25.688+0000] {dag.py:3036} INFO - Sync 1 DAGs
[2026-04-19T00:14:25.728+0000] {logging_mixin.py:188} INFO - [2026-04-19T00:14:25.728+0000] {dag.py:3823} INFO - Setting next_dagrun for example_skip_dag to 2026-04-18 00:00:00+00:00, run_after=2026-04-19 00:00:00+00:00
[2026-04-19T00:14:25.762+0000] {processor.py:183} INFO - Processing /home/airflow/.local/lib/python3.8/site-packages/airflow/example_dags/example_skip_dag.py took 0.143 seconds
[2026-04-19T00:14:56.048+0000] {processor.py:161} INFO - Started process (PID=11668) to work on /home/airflow/.local/lib/python3.8/site-packages/airflow/example_dags/example_skip_dag.py
[2026-04-19T00:14:56.050+0000] {processor.py:830} INFO - Processing file /home/airflow/.local/lib/python3.8/site-packages/airflow/example_dags/example_skip_dag.py for tasks to queue
[2026-04-19T00:14:56.053+0000] {logging_mixin.py:188} INFO - [2026-04-19T00:14:56.052+0000] {dagbag.py:538} INFO - Filling up the DagBag from /home/airflow/.local/lib/python3.8/site-packages/airflow/example_dags/example_skip_dag.py
[2026-04-19T00:14:56.062+0000] {processor.py:840} INFO - DAG(s) 'example_skip_dag' retrieved from /home/airflow/.local/lib/python3.8/site-packages/airflow/example_dags/example_skip_dag.py
[2026-04-19T00:14:56.096+0000] {logging_mixin.py:188} INFO - [2026-04-19T00:14:56.095+0000] {dag.py:3036} INFO - Sync 1 DAGs
[2026-04-19T00:14:56.126+0000] {logging_mixin.py:188} INFO - [2026-04-19T00:14:56.125+0000] {dag.py:3823} INFO - Setting next_dagrun for example_skip_dag to 2026-04-18 00:00:00+00:00, run_after=2026-04-19 00:00:00+00:00
[2026-04-19T00:14:56.149+0000] {processor.py:183} INFO - Processing /home/airflow/.local/lib/python3.8/site-packages/airflow/example_dags/example_skip_dag.py took 0.107 seconds
[2026-04-19T00:15:26.576+0000] {processor.py:161} INFO - Started process (PID=11724) to work on /home/airflow/.local/lib/python3.8/site-packages/airflow/example_dags/example_skip_dag.py
[2026-04-19T00:15:26.585+0000] {processor.py:830} INFO - Processing file /home/airflow/.local/lib/python3.8/site-packages/airflow/example_dags/example_skip_dag.py for tasks to queue
[2026-04-19T00:15:26.588+0000] {logging_mixin.py:188} INFO - [2026-04-19T00:15:26.588+0000] {dagbag.py:538} INFO - Filling up the DagBag from /home/airflow/.local/lib/python3.8/site-packages/airflow/example_dags/example_skip_dag.py
[2026-04-19T00:15:26.598+0000] {processor.py:840} INFO - DAG(s) 'example_skip_dag' retrieved from /home/airflow/.local/lib/python3.8/site-packages/airflow/example_dags/example_skip_dag.py
[2026-04-19T00:15:26.631+0000] {logging_mixin.py:188} INFO - [2026-04-19T00:15:26.631+0000] {dag.py:3036} INFO - Sync 1 DAGs
[2026-04-19T00:15:26.664+0000] {logging_mixin.py:188} INFO - [2026-04-19T00:15:26.663+0000] {dag.py:3823} INFO - Setting next_dagrun for example_skip_dag to 2026-04-18 00:00:00+00:00, run_after=2026-04-19 00:00:00+00:00
[2026-04-19T00:15:26.687+0000] {processor.py:183} INFO - Processing /home/airflow/.local/lib/python3.8/site-packages/airflow/example_dags/example_skip_dag.py took 0.116 seconds
[2026-04-19T00:15:57.143+0000] {processor.py:161} INFO - Started process (PID=11779) to work on /home/airflow/.local/lib/python3.8/site-packages/airflow/example_dags/example_skip_dag.py
[2026-04-19T00:15:57.148+0000] {processor.py:830} INFO - Processing file /home/airflow/.local/lib/python3.8/site-packages/airflow/example_dags/example_skip_dag.py for tasks to queue
[2026-04-19T00:15:57.151+0000] {logging_mixin.py:188} INFO - [2026-04-19T00:15:57.150+0000] {dagbag.py:538} INFO - Filling up the DagBag from /home/airflow/.local/lib/python3.8/site-packages/airflow/example_dags/example_skip_dag.py
[2026-04-19T00:15:57.160+0000] {processor.py:840} INFO - DAG(s) 'example_skip_dag' retrieved from /home/airflow/.local/lib/python3.8/site-packages/airflow/example_dags/example_skip_dag.py
[2026-04-19T00:15:57.190+0000] {logging_mixin.py:188} INFO - [2026-04-19T00:15:57.190+0000] {dag.py:3036} INFO - Sync 1 DAGs
[2026-04-19T00:15:57.222+0000] {logging_mixin.py:188} INFO - [2026-04-19T00:15:57.222+0000] {dag.py:3823} INFO - Setting next_dagrun for example_skip_dag to 2026-04-18 00:00:00+00:00, run_after=2026-04-19 00:00:00+00:00
[2026-04-19T00:15:57.246+0000] {processor.py:183} INFO - Processing /home/airflow/.local/lib/python3.8/site-packages/airflow/example_dags/example_skip_dag.py took 0.108 seconds
[2026-04-19T00:16:27.772+0000] {processor.py:161} INFO - Started process (PID=11834) to work on /home/airflow/.local/lib/python3.8/site-packages/airflow/example_dags/example_skip_dag.py
[2026-04-19T00:16:27.781+0000] {processor.py:830} INFO - Processing file /home/airflow/.local/lib/python3.8/site-packages/airflow/example_dags/example_skip_dag.py for tasks to queue
[2026-04-19T00:16:27.784+0000] {logging_mixin.py:188} INFO - [2026-04-19T00:16:27.783+0000] {dagbag.py:538} INFO - Filling up the DagBag from /home/airflow/.local/lib/python3.8/site-packages/airflow/example_dags/example_skip_dag.py
[2026-04-19T00:16:27.792+0000] {processor.py:840} INFO - DAG(s) 'example_skip_dag' retrieved from /home/airflow/.local/lib/python3.8/site-packages/airflow/example_dags/example_skip_dag.py
[2026-04-19T00:16:27.822+0000] {logging_mixin.py:188} INFO - [2026-04-19T00:16:27.822+0000] {dag.py:3036} INFO - Sync 1 DAGs
[2026-04-19T00:16:27.850+0000] {logging_mixin.py:188} INFO - [2026-04-19T00:16:27.850+0000] {dag.py:3823} INFO - Setting next_dagrun for example_skip_dag to 2026-04-18 00:00:00+00:00, run_after=2026-04-19 00:00:00+00:00
[2026-04-19T00:16:27.875+0000] {processor.py:183} INFO - Processing /home/airflow/.local/lib/python3.8/site-packages/airflow/example_dags/example_skip_dag.py took 0.107 seconds
[2026-04-19T00:16:58.129+0000] {processor.py:161} INFO - Started process (PID=11889) to work on /home/airflow/.local/lib/python3.8/site-packages/airflow/example_dags/example_skip_dag.py
[2026-04-19T00:16:58.130+0000] {processor.py:830} INFO - Processing file /home/airflow/.local/lib/python3.8/site-packages/airflow/example_dags/example_skip_dag.py for tasks to queue
[2026-04-19T00:16:58.132+0000] {logging_mixin.py:188} INFO - [2026-04-19T00:16:58.132+0000] {dagbag.py:538} INFO - Filling up the DagBag from /home/airflow/.local/lib/python3.8/site-packages/airflow/example_dags/example_skip_dag.py
[2026-04-19T00:16:58.142+0000] {processor.py:840} INFO - DAG(s) 'example_skip_dag' retrieved from /home/airflow/.local/lib/python3.8/site-packages/airflow/example_dags/example_skip_dag.py
[2026-04-19T00:16:58.174+0000] {logging_mixin.py:188} INFO - [2026-04-19T00:16:58.174+0000] {dag.py:3036} INFO - Sync 1 DAGs
[2026-04-19T00:16:58.209+0000] {logging_mixin.py:188} INFO - [2026-04-19T00:16:58.208+0000] {dag.py:3823} INFO - Setting next_dagrun for example_skip_dag to 2026-04-18 00:00:00+00:00, run_after=2026-04-19 00:00:00+00:00
[2026-04-19T00:16:58.234+0000] {processor.py:183} INFO - Processing /home/airflow/.local/lib/python3.8/site-packages/airflow/example_dags/example_skip_dag.py took 0.111 seconds
[2026-04-19T00:17:28.468+0000] {processor.py:161} INFO - Started process (PID=11944) to work on /home/airflow/.local/lib/python3.8/site-packages/airflow/example_dags/example_skip_dag.py
[2026-04-19T00:17:28.469+0000] {processor.py:830} INFO - Processing file /home/airflow/.local/lib/python3.8/site-packages/airflow/example_dags/example_skip_dag.py for tasks to queue
[2026-04-19T00:17:28.471+0000] {logging_mixin.py:188} INFO - [2026-04-19T00:17:28.471+0000] {dagbag.py:538} INFO - Filling up the DagBag from /home/airflow/.local/lib/python3.8/site-packages/airflow/example_dags/example_skip_dag.py
[2026-04-19T00:17:28.480+0000] {processor.py:840} INFO - DAG(s) 'example_skip_dag' retrieved from /home/airflow/.local/lib/python3.8/site-packages/airflow/example_dags/example_skip_dag.py
[2026-04-19T00:17:28.515+0000] {logging_mixin.py:188} INFO - [2026-04-19T00:17:28.514+0000] {dag.py:3036} INFO - Sync 1 DAGs
[2026-04-19T00:17:28.551+0000] {logging_mixin.py:188} INFO - [2026-04-19T00:17:28.550+0000] {dag.py:3823} INFO - Setting next_dagrun for example_skip_dag to 2026-04-18 00:00:00+00:00, run_after=2026-04-19 00:00:00+00:00
[2026-04-19T00:17:28.586+0000] {processor.py:183} INFO - Processing /home/airflow/.local/lib/python3.8/site-packages/airflow/example_dags/example_skip_dag.py took 0.124 seconds
[2026-04-19T00:17:59.034+0000] {processor.py:161} INFO - Started process (PID=11999) to work on /home/airflow/.local/lib/python3.8/site-packages/airflow/example_dags/example_skip_dag.py
[2026-04-19T00:17:59.043+0000] {processor.py:830} INFO - Processing file /home/airflow/.local/lib/python3.8/site-packages/airflow/example_dags/example_skip_dag.py for tasks to queue
[2026-04-19T00:17:59.046+0000] {logging_mixin.py:188} INFO - [2026-04-19T00:17:59.046+0000] {dagbag.py:538} INFO - Filling up the DagBag from /home/airflow/.local/lib/python3.8/site-packages/airflow/example_dags/example_skip_dag.py
[2026-04-19T00:17:59.055+0000] {processor.py:840} INFO - DAG(s) 'example_skip_dag' retrieved from /home/airflow/.local/lib/python3.8/site-packages/airflow/example_dags/example_skip_dag.py
[2026-04-19T00:17:59.092+0000] {logging_mixin.py:188} INFO - [2026-04-19T00:17:59.091+0000] {dag.py:3036} INFO - Sync 1 DAGs
[2026-04-19T00:17:59.123+0000] {logging_mixin.py:188} INFO - [2026-04-19T00:17:59.123+0000] {dag.py:3823} INFO - Setting next_dagrun for example_skip_dag to 2026-04-18 00:00:00+00:00, run_after=2026-04-19 00:00:00+00:00
[2026-04-19T00:17:59.148+0000] {processor.py:183} INFO - Processing /home/airflow/.local/lib/python3.8/site-packages/airflow/example_dags/example_skip_dag.py took 0.119 seconds
[2026-04-19T00:18:29.546+0000] {processor.py:161} INFO - Started process (PID=12054) to work on /home/airflow/.local/lib/python3.8/site-packages/airflow/example_dags/example_skip_dag.py
[2026-04-19T00:18:29.555+0000] {processor.py:830} INFO - Processing file /home/airflow/.local/lib/python3.8/site-packages/airflow/example_dags/example_skip_dag.py for tasks to queue
[2026-04-19T00:18:29.558+0000] {logging_mixin.py:188} INFO - [2026-04-19T00:18:29.557+0000] {dagbag.py:538} INFO - Filling up the DagBag from /home/airflow/.local/lib/python3.8/site-packages/airflow/example_dags/example_skip_dag.py
[2026-04-19T00:18:29.566+0000] {processor.py:840} INFO - DAG(s) 'example_skip_dag' retrieved from /home/airflow/.local/lib/python3.8/site-packages/airflow/example_dags/example_skip_dag.py
[2026-04-19T00:18:29.596+0000] {logging_mixin.py:188} INFO - [2026-04-19T00:18:29.596+0000] {dag.py:3036} INFO - Sync 1 DAGs
[2026-04-19T00:18:29.626+0000] {logging_mixin.py:188} INFO - [2026-04-19T00:18:29.625+0000] {dag.py:3823} INFO - Setting next_dagrun for example_skip_dag to 2026-04-18 00:00:00+00:00, run_after=2026-04-19 00:00:00+00:00
[2026-04-19T00:18:29.651+0000] {processor.py:183} INFO - Processing /home/airflow/.local/lib/python3.8/site-packages/airflow/example_dags/example_skip_dag.py took 0.109 seconds
[2026-04-19T00:19:00.074+0000] {processor.py:161} INFO - Started process (PID=12108) to work on /home/airflow/.local/lib/python3.8/site-packages/airflow/example_dags/example_skip_dag.py
[2026-04-19T00:19:00.083+0000] {processor.py:830} INFO - Processing file /home/airflow/.local/lib/python3.8/site-packages/airflow/example_dags/example_skip_dag.py for tasks to queue
[2026-04-19T00:19:00.086+0000] {logging_mixin.py:188} INFO - [2026-04-19T00:19:00.086+0000] {dagbag.py:538} INFO - Filling up the DagBag from /home/airflow/.local/lib/python3.8/site-packages/airflow/example_dags/example_skip_dag.py
[2026-04-19T00:19:00.095+0000] {processor.py:840} INFO - DAG(s) 'example_skip_dag' retrieved from /home/airflow/.local/lib/python3.8/site-packages/airflow/example_dags/example_skip_dag.py
[2026-04-19T00:19:00.127+0000] {logging_mixin.py:188} INFO - [2026-04-19T00:19:00.126+0000] {dag.py:3036} INFO - Sync 1 DAGs
[2026-04-19T00:19:00.159+0000] {logging_mixin.py:188} INFO - [2026-04-19T00:19:00.159+0000] {dag.py:3823} INFO - Setting next_dagrun for example_skip_dag to 2026-04-18 00:00:00+00:00, run_after=2026-04-19 00:00:00+00:00
[2026-04-19T00:19:00.184+0000] {processor.py:183} INFO - Processing /home/airflow/.local/lib/python3.8/site-packages/airflow/example_dags/example_skip_dag.py took 0.115 seconds
[2026-04-19T00:19:30.423+0000] {processor.py:161} INFO - Started process (PID=12163) to work on /home/airflow/.local/lib/python3.8/site-packages/airflow/example_dags/example_skip_dag.py
[2026-04-19T00:19:30.433+0000] {processor.py:830} INFO - Processing file /home/airflow/.local/lib/python3.8/site-packages/airflow/example_dags/example_skip_dag.py for tasks to queue
[2026-04-19T00:19:30.435+0000] {logging_mixin.py:188} INFO - [2026-04-19T00:19:30.435+0000] {dagbag.py:538} INFO - Filling up the DagBag from /home/airflow/.local/lib/python3.8/site-packages/airflow/example_dags/example_skip_dag.py
[2026-04-19T00:19:30.444+0000] {processor.py:840} INFO - DAG(s) 'example_skip_dag' retrieved from /home/airflow/.local/lib/python3.8/site-packages/airflow/example_dags/example_skip_dag.py
[2026-04-19T00:19:30.476+0000] {logging_mixin.py:188} INFO - [2026-04-19T00:19:30.476+0000] {dag.py:3036} INFO - Sync 1 DAGs
[2026-04-19T00:19:30.507+0000] {logging_mixin.py:188} INFO - [2026-04-19T00:19:30.507+0000] {dag.py:3823} INFO - Setting next_dagrun for example_skip_dag to 2026-04-18 00:00:00+00:00, run_after=2026-04-19 00:00:00+00:00
[2026-04-19T00:19:30.533+0000] {processor.py:183} INFO - Processing /home/airflow/.local/lib/python3.8/site-packages/airflow/example_dags/example_skip_dag.py took 0.115 seconds
[2026-04-19T00:20:00.908+0000] {processor.py:161} INFO - Started process (PID=12218) to work on /home/airflow/.local/lib/python3.8/site-packages/airflow/example_dags/example_skip_dag.py
[2026-04-19T00:20:00.918+0000] {processor.py:830} INFO - Processing file /home/airflow/.local/lib/python3.8/site-packages/airflow/example_dags/example_skip_dag.py for tasks to queue
[2026-04-19T00:20:00.921+0000] {logging_mixin.py:188} INFO - [2026-04-19T00:20:00.920+0000] {dagbag.py:538} INFO - Filling up the DagBag from /home/airflow/.local/lib/python3.8/site-packages/airflow/example_dags/example_skip_dag.py
[2026-04-19T00:20:00.930+0000] {processor.py:840} INFO - DAG(s) 'example_skip_dag' retrieved from /home/airflow/.local/lib/python3.8/site-packages/airflow/example_dags/example_skip_dag.py
[2026-04-19T00:20:00.961+0000] {logging_mixin.py:188} INFO - [2026-04-19T00:20:00.961+0000] {dag.py:3036} INFO - Sync 1 DAGs
[2026-04-19T00:20:00.990+0000] {logging_mixin.py:188} INFO - [2026-04-19T00:20:00.989+0000] {dag.py:3823} INFO - Setting next_dagrun for example_skip_dag to 2026-04-18 00:00:00+00:00, run_after=2026-04-19 00:00:00+00:00
[2026-04-19T00:20:01.016+0000] {processor.py:183} INFO - Processing /home/airflow/.local/lib/python3.8/site-packages/airflow/example_dags/example_skip_dag.py took 0.114 seconds
[2026-04-19T00:20:31.284+0000] {processor.py:161} INFO - Started process (PID=12273) to work on /home/airflow/.local/lib/python3.8/site-packages/airflow/example_dags/example_skip_dag.py
[2026-04-19T00:20:31.286+0000] {processor.py:830} INFO - Processing file /home/airflow/.local/lib/python3.8/site-packages/airflow/example_dags/example_skip_dag.py for tasks to queue
[2026-04-19T00:20:31.288+0000] {logging_mixin.py:188} INFO - [2026-04-19T00:20:31.288+0000] {dagbag.py:538} INFO - Filling up the DagBag from /home/airflow/.local/lib/python3.8/site-packages/airflow/example_dags/example_skip_dag.py
[2026-04-19T00:20:31.300+0000] {processor.py:840} INFO - DAG(s) 'example_skip_dag' retrieved from /home/airflow/.local/lib/python3.8/site-packages/airflow/example_dags/example_skip_dag.py
[2026-04-19T00:20:31.336+0000] {logging_mixin.py:188} INFO - [2026-04-19T00:20:31.336+0000] {dag.py:3036} INFO - Sync 1 DAGs
[2026-04-19T00:20:31.369+0000] {logging_mixin.py:188} INFO - [2026-04-19T00:20:31.369+0000] {dag.py:3823} INFO - Setting next_dagrun for example_skip_dag to 2026-04-18 00:00:00+00:00, run_after=2026-04-19 00:00:00+00:00
[2026-04-19T00:20:31.397+0000] {processor.py:183} INFO - Processing /home/airflow/.local/lib/python3.8/site-packages/airflow/example_dags/example_skip_dag.py took 0.118 seconds
[2026-04-19T00:21:01.660+0000] {processor.py:161} INFO - Started process (PID=12328) to work on /home/airflow/.local/lib/python3.8/site-packages/airflow/example_dags/example_skip_dag.py
[2026-04-19T00:21:01.669+0000] {processor.py:830} INFO - Processing file /home/airflow/.local/lib/python3.8/site-packages/airflow/example_dags/example_skip_dag.py for tasks to queue
[2026-04-19T00:21:01.672+0000] {logging_mixin.py:188} INFO - [2026-04-19T00:21:01.672+0000] {dagbag.py:538} INFO - Filling up the DagBag from /home/airflow/.local/lib/python3.8/site-packages/airflow/example_dags/example_skip_dag.py
[2026-04-19T00:21:01.681+0000] {processor.py:840} INFO - DAG(s) 'example_skip_dag' retrieved from /home/airflow/.local/lib/python3.8/site-packages/airflow/example_dags/example_skip_dag.py
[2026-04-19T00:21:01.714+0000] {logging_mixin.py:188} INFO - [2026-04-19T00:21:01.714+0000] {dag.py:3036} INFO - Sync 1 DAGs
[2026-04-19T00:21:01.747+0000] {logging_mixin.py:188} INFO - [2026-04-19T00:21:01.746+0000] {dag.py:3823} INFO - Setting next_dagrun for example_skip_dag to 2026-04-18 00:00:00+00:00, run_after=2026-04-19 00:00:00+00:00
[2026-04-19T00:21:01.771+0000] {processor.py:183} INFO - Processing /home/airflow/.local/lib/python3.8/site-packages/airflow/example_dags/example_skip_dag.py took 0.116 seconds
[2026-04-19T00:21:32.051+0000] {processor.py:161} INFO - Started process (PID=12383) to work on /home/airflow/.local/lib/python3.8/site-packages/airflow/example_dags/example_skip_dag.py
[2026-04-19T00:21:32.061+0000] {processor.py:830} INFO - Processing file /home/airflow/.local/lib/python3.8/site-packages/airflow/example_dags/example_skip_dag.py for tasks to queue
[2026-04-19T00:21:32.064+0000] {logging_mixin.py:188} INFO - [2026-04-19T00:21:32.063+0000] {dagbag.py:538} INFO - Filling up the DagBag from /home/airflow/.local/lib/python3.8/site-packages/airflow/example_dags/example_skip_dag.py
[2026-04-19T00:21:32.072+0000] {processor.py:840} INFO - DAG(s) 'example_skip_dag' retrieved from /home/airflow/.local/lib/python3.8/site-packages/airflow/example_dags/example_skip_dag.py
[2026-04-19T00:21:32.105+0000] {logging_mixin.py:188} INFO - [2026-04-19T00:21:32.105+0000] {dag.py:3036} INFO - Sync 1 DAGs
[2026-04-19T00:21:32.138+0000] {logging_mixin.py:188} INFO - [2026-04-19T00:21:32.138+0000] {dag.py:3823} INFO - Setting next_dagrun for example_skip_dag to 2026-04-18 00:00:00+00:00, run_after=2026-04-19 00:00:00+00:00
[2026-04-19T00:21:32.164+0000] {processor.py:183} INFO - Processing /home/airflow/.local/lib/python3.8/site-packages/airflow/example_dags/example_skip_dag.py took 0.117 seconds
[2026-04-19T00:22:02.658+0000] {processor.py:161} INFO - Started process (PID=12438) to work on /home/airflow/.local/lib/python3.8/site-packages/airflow/example_dags/example_skip_dag.py
[2026-04-19T00:22:02.668+0000] {processor.py:830} INFO - Processing file /home/airflow/.local/lib/python3.8/site-packages/airflow/example_dags/example_skip_dag.py for tasks to queue
[2026-04-19T00:22:02.671+0000] {logging_mixin.py:188} INFO - [2026-04-19T00:22:02.670+0000] {dagbag.py:538} INFO - Filling up the DagBag from /home/airflow/.local/lib/python3.8/site-packages/airflow/example_dags/example_skip_dag.py
[2026-04-19T00:22:02.678+0000] {processor.py:840} INFO - DAG(s) 'example_skip_dag' retrieved from /home/airflow/.local/lib/python3.8/site-packages/airflow/example_dags/example_skip_dag.py
[2026-04-19T00:22:02.711+0000] {logging_mixin.py:188} INFO - [2026-04-19T00:22:02.710+0000] {dag.py:3036} INFO - Sync 1 DAGs
[2026-04-19T00:22:02.743+0000] {logging_mixin.py:188} INFO - [2026-04-19T00:22:02.743+0000] {dag.py:3823} INFO - Setting next_dagrun for example_skip_dag to 2026-04-18 00:00:00+00:00, run_after=2026-04-19 00:00:00+00:00
[2026-04-19T00:22:02.769+0000] {processor.py:183} INFO - Processing /home/airflow/.local/lib/python3.8/site-packages/airflow/example_dags/example_skip_dag.py took 0.115 seconds
[2026-04-19T00:22:32.885+0000] {processor.py:161} INFO - Started process (PID=12493) to work on /home/airflow/.local/lib/python3.8/site-packages/airflow/example_dags/example_skip_dag.py
[2026-04-19T00:22:32.895+0000] {processor.py:830} INFO - Processing file /home/airflow/.local/lib/python3.8/site-packages/airflow/example_dags/example_skip_dag.py for tasks to queue
[2026-04-19T00:22:32.898+0000] {logging_mixin.py:188} INFO - [2026-04-19T00:22:32.898+0000] {dagbag.py:538} INFO - Filling up the DagBag from /home/airflow/.local/lib/python3.8/site-packages/airflow/example_dags/example_skip_dag.py
[2026-04-19T00:22:32.907+0000] {processor.py:840} INFO - DAG(s) 'example_skip_dag' retrieved from /home/airflow/.local/lib/python3.8/site-packages/airflow/example_dags/example_skip_dag.py
[2026-04-19T00:22:32.940+0000] {logging_mixin.py:188} INFO - [2026-04-19T00:22:32.939+0000] {dag.py:3036} INFO - Sync 1 DAGs
[2026-04-19T00:22:32.969+0000] {logging_mixin.py:188} INFO - [2026-04-19T00:22:32.968+0000] {dag.py:3823} INFO - Setting next_dagrun for example_skip_dag to 2026-04-18 00:00:00+00:00, run_after=2026-04-19 00:00:00+00:00
[2026-04-19T00:22:32.992+0000] {processor.py:183} INFO - Processing /home/airflow/.local/lib/python3.8/site-packages/airflow/example_dags/example_skip_dag.py took 0.111 seconds
[2026-04-19T00:23:03.152+0000] {processor.py:161} INFO - Started process (PID=12548) to work on /home/airflow/.local/lib/python3.8/site-packages/airflow/example_dags/example_skip_dag.py
[2026-04-19T00:23:03.153+0000] {processor.py:830} INFO - Processing file /home/airflow/.local/lib/python3.8/site-packages/airflow/example_dags/example_skip_dag.py for tasks to queue
[2026-04-19T00:23:03.156+0000] {logging_mixin.py:188} INFO - [2026-04-19T00:23:03.155+0000] {dagbag.py:538} INFO - Filling up the DagBag from /home/airflow/.local/lib/python3.8/site-packages/airflow/example_dags/example_skip_dag.py
[2026-04-19T00:23:03.165+0000] {processor.py:840} INFO - DAG(s) 'example_skip_dag' retrieved from /home/airflow/.local/lib/python3.8/site-packages/airflow/example_dags/example_skip_dag.py
[2026-04-19T00:23:03.200+0000] {logging_mixin.py:188} INFO - [2026-04-19T00:23:03.199+0000] {dag.py:3036} INFO - Sync 1 DAGs
[2026-04-19T00:23:03.232+0000] {logging_mixin.py:188} INFO - [2026-04-19T00:23:03.232+0000] {dag.py:3823} INFO - Setting next_dagrun for example_skip_dag to 2026-04-18 00:00:00+00:00, run_after=2026-04-19 00:00:00+00:00
[2026-04-19T00:23:03.256+0000] {processor.py:183} INFO - Processing /home/airflow/.local/lib/python3.8/site-packages/airflow/example_dags/example_skip_dag.py took 0.109 seconds
[2026-04-19T00:23:33.385+0000] {processor.py:161} INFO - Started process (PID=12603) to work on /home/airflow/.local/lib/python3.8/site-packages/airflow/example_dags/example_skip_dag.py
[2026-04-19T00:23:33.395+0000] {processor.py:830} INFO - Processing file /home/airflow/.local/lib/python3.8/site-packages/airflow/example_dags/example_skip_dag.py for tasks to queue
[2026-04-19T00:23:33.398+0000] {logging_mixin.py:188} INFO - [2026-04-19T00:23:33.398+0000] {dagbag.py:538} INFO - Filling up the DagBag from /home/airflow/.local/lib/python3.8/site-packages/airflow/example_dags/example_skip_dag.py
[2026-04-19T00:23:33.411+0000] {processor.py:840} INFO - DAG(s) 'example_skip_dag' retrieved from /home/airflow/.local/lib/python3.8/site-packages/airflow/example_dags/example_skip_dag.py
[2026-04-19T00:23:33.453+0000] {logging_mixin.py:188} INFO - [2026-04-19T00:23:33.452+0000] {dag.py:3036} INFO - Sync 1 DAGs
[2026-04-19T00:23:33.491+0000] {logging_mixin.py:188} INFO - [2026-04-19T00:23:33.490+0000] {dag.py:3823} INFO - Setting next_dagrun for example_skip_dag to 2026-04-18 00:00:00+00:00, run_after=2026-04-19 00:00:00+00:00
[2026-04-19T00:23:33.520+0000] {processor.py:183} INFO - Processing /home/airflow/.local/lib/python3.8/site-packages/airflow/example_dags/example_skip_dag.py took 0.141 seconds
[2026-04-19T00:24:03.581+0000] {processor.py:161} INFO - Started process (PID=12658) to work on /home/airflow/.local/lib/python3.8/site-packages/airflow/example_dags/example_skip_dag.py
[2026-04-19T00:24:03.582+0000] {processor.py:830} INFO - Processing file /home/airflow/.local/lib/python3.8/site-packages/airflow/example_dags/example_skip_dag.py for tasks to queue
[2026-04-19T00:24:03.584+0000] {logging_mixin.py:188} INFO - [2026-04-19T00:24:03.583+0000] {dagbag.py:538} INFO - Filling up the DagBag from /home/airflow/.local/lib/python3.8/site-packages/airflow/example_dags/example_skip_dag.py
[2026-04-19T00:24:03.592+0000] {processor.py:840} INFO - DAG(s) 'example_skip_dag' retrieved from /home/airflow/.local/lib/python3.8/site-packages/airflow/example_dags/example_skip_dag.py
[2026-04-19T00:24:03.622+0000] {logging_mixin.py:188} INFO - [2026-04-19T00:24:03.621+0000] {dag.py:3036} INFO - Sync 1 DAGs
[2026-04-19T00:24:03.651+0000] {logging_mixin.py:188} INFO - [2026-04-19T00:24:03.651+0000] {dag.py:3823} INFO - Setting next_dagrun for example_skip_dag to 2026-04-18 00:00:00+00:00, run_after=2026-04-19 00:00:00+00:00
[2026-04-19T00:24:03.674+0000] {processor.py:183} INFO - Processing /home/airflow/.local/lib/python3.8/site-packages/airflow/example_dags/example_skip_dag.py took 0.098 seconds
