[2026-04-19T00:00:24.517+0000] {processor.py:161} INFO - Started process (PID=10100) to work on /home/airflow/.local/lib/python3.8/site-packages/airflow/example_dags/example_task_group_decorator.py
[2026-04-19T00:00:24.519+0000] {processor.py:830} INFO - Processing file /home/airflow/.local/lib/python3.8/site-packages/airflow/example_dags/example_task_group_decorator.py for tasks to queue
[2026-04-19T00:00:24.521+0000] {logging_mixin.py:188} INFO - [2026-04-19T00:00:24.521+0000] {dagbag.py:538} INFO - Filling up the DagBag from /home/airflow/.local/lib/python3.8/site-packages/airflow/example_dags/example_task_group_decorator.py
[2026-04-19T00:00:24.542+0000] {processor.py:840} INFO - DAG(s) 'example_task_group_decorator' retrieved from /home/airflow/.local/lib/python3.8/site-packages/airflow/example_dags/example_task_group_decorator.py
[2026-04-19T00:00:24.581+0000] {logging_mixin.py:188} INFO - [2026-04-19T00:00:24.581+0000] {dag.py:3036} INFO - Sync 1 DAGs
[2026-04-19T00:00:24.612+0000] {logging_mixin.py:188} INFO - [2026-04-19T00:00:24.612+0000] {dag.py:3823} INFO - Setting next_dagrun for example_task_group_decorator to 2026-04-18 00:00:00+00:00, run_after=2026-04-19 00:00:00+00:00
[2026-04-19T00:00:24.635+0000] {processor.py:183} INFO - Processing /home/airflow/.local/lib/python3.8/site-packages/airflow/example_dags/example_task_group_decorator.py took 0.123 seconds
[2026-04-19T00:00:55.083+0000] {processor.py:161} INFO - Started process (PID=10155) to work on /home/airflow/.local/lib/python3.8/site-packages/airflow/example_dags/example_task_group_decorator.py
[2026-04-19T00:00:55.084+0000] {processor.py:830} INFO - Processing file /home/airflow/.local/lib/python3.8/site-packages/airflow/example_dags/example_task_group_decorator.py for tasks to queue
[2026-04-19T00:00:55.086+0000] {logging_mixin.py:188} INFO - [2026-04-19T00:00:55.086+0000] {dagbag.py:538} INFO - Filling up the DagBag from /home/airflow/.local/lib/python3.8/site-packages/airflow/example_dags/example_task_group_decorator.py
[2026-04-19T00:00:55.106+0000] {processor.py:840} INFO - DAG(s) 'example_task_group_decorator' retrieved from /home/airflow/.local/lib/python3.8/site-packages/airflow/example_dags/example_task_group_decorator.py
[2026-04-19T00:00:55.142+0000] {logging_mixin.py:188} INFO - [2026-04-19T00:00:55.142+0000] {dag.py:3036} INFO - Sync 1 DAGs
[2026-04-19T00:00:55.175+0000] {logging_mixin.py:188} INFO - [2026-04-19T00:00:55.174+0000] {dag.py:3823} INFO - Setting next_dagrun for example_task_group_decorator to 2026-04-18 00:00:00+00:00, run_after=2026-04-19 00:00:00+00:00
[2026-04-19T00:00:55.201+0000] {processor.py:183} INFO - Processing /home/airflow/.local/lib/python3.8/site-packages/airflow/example_dags/example_task_group_decorator.py took 0.123 seconds
[2026-04-19T00:01:25.368+0000] {processor.py:161} INFO - Started process (PID=10210) to work on /home/airflow/.local/lib/python3.8/site-packages/airflow/example_dags/example_task_group_decorator.py
[2026-04-19T00:01:25.377+0000] {processor.py:830} INFO - Processing file /home/airflow/.local/lib/python3.8/site-packages/airflow/example_dags/example_task_group_decorator.py for tasks to queue
[2026-04-19T00:01:25.379+0000] {logging_mixin.py:188} INFO - [2026-04-19T00:01:25.379+0000] {dagbag.py:538} INFO - Filling up the DagBag from /home/airflow/.local/lib/python3.8/site-packages/airflow/example_dags/example_task_group_decorator.py
[2026-04-19T00:01:25.400+0000] {processor.py:840} INFO - DAG(s) 'example_task_group_decorator' retrieved from /home/airflow/.local/lib/python3.8/site-packages/airflow/example_dags/example_task_group_decorator.py
[2026-04-19T00:01:25.433+0000] {logging_mixin.py:188} INFO - [2026-04-19T00:01:25.433+0000] {dag.py:3036} INFO - Sync 1 DAGs
[2026-04-19T00:01:25.463+0000] {logging_mixin.py:188} INFO - [2026-04-19T00:01:25.462+0000] {dag.py:3823} INFO - Setting next_dagrun for example_task_group_decorator to 2026-04-18 00:00:00+00:00, run_after=2026-04-19 00:00:00+00:00
[2026-04-19T00:01:25.486+0000] {processor.py:183} INFO - Processing /home/airflow/.local/lib/python3.8/site-packages/airflow/example_dags/example_task_group_decorator.py took 0.123 seconds
[2026-04-19T00:01:55.702+0000] {processor.py:161} INFO - Started process (PID=10265) to work on /home/airflow/.local/lib/python3.8/site-packages/airflow/example_dags/example_task_group_decorator.py
[2026-04-19T00:01:55.704+0000] {processor.py:830} INFO - Processing file /home/airflow/.local/lib/python3.8/site-packages/airflow/example_dags/example_task_group_decorator.py for tasks to queue
[2026-04-19T00:01:55.707+0000] {logging_mixin.py:188} INFO - [2026-04-19T00:01:55.706+0000] {dagbag.py:538} INFO - Filling up the DagBag from /home/airflow/.local/lib/python3.8/site-packages/airflow/example_dags/example_task_group_decorator.py
[2026-04-19T00:01:55.726+0000] {processor.py:840} INFO - DAG(s) 'example_task_group_decorator' retrieved from /home/airflow/.local/lib/python3.8/site-packages/airflow/example_dags/example_task_group_decorator.py
[2026-04-19T00:01:55.766+0000] {logging_mixin.py:188} INFO - [2026-04-19T00:01:55.765+0000] {dag.py:3036} INFO - Sync 1 DAGs
[2026-04-19T00:01:55.797+0000] {logging_mixin.py:188} INFO - [2026-04-19T00:01:55.796+0000] {dag.py:3823} INFO - Setting next_dagrun for example_task_group_decorator to 2026-04-18 00:00:00+00:00, run_after=2026-04-19 00:00:00+00:00
[2026-04-19T00:01:55.825+0000] {processor.py:183} INFO - Processing /home/airflow/.local/lib/python3.8/site-packages/airflow/example_dags/example_task_group_decorator.py took 0.127 seconds
[2026-04-19T00:02:25.939+0000] {processor.py:161} INFO - Started process (PID=10320) to work on /home/airflow/.local/lib/python3.8/site-packages/airflow/example_dags/example_task_group_decorator.py
[2026-04-19T00:02:25.948+0000] {processor.py:830} INFO - Processing file /home/airflow/.local/lib/python3.8/site-packages/airflow/example_dags/example_task_group_decorator.py for tasks to queue
[2026-04-19T00:02:25.951+0000] {logging_mixin.py:188} INFO - [2026-04-19T00:02:25.950+0000] {dagbag.py:538} INFO - Filling up the DagBag from /home/airflow/.local/lib/python3.8/site-packages/airflow/example_dags/example_task_group_decorator.py
[2026-04-19T00:02:25.971+0000] {processor.py:840} INFO - DAG(s) 'example_task_group_decorator' retrieved from /home/airflow/.local/lib/python3.8/site-packages/airflow/example_dags/example_task_group_decorator.py
[2026-04-19T00:02:26.010+0000] {logging_mixin.py:188} INFO - [2026-04-19T00:02:26.010+0000] {dag.py:3036} INFO - Sync 1 DAGs
[2026-04-19T00:02:26.039+0000] {logging_mixin.py:188} INFO - [2026-04-19T00:02:26.039+0000] {dag.py:3823} INFO - Setting next_dagrun for example_task_group_decorator to 2026-04-18 00:00:00+00:00, run_after=2026-04-19 00:00:00+00:00
[2026-04-19T00:02:26.063+0000] {processor.py:183} INFO - Processing /home/airflow/.local/lib/python3.8/site-packages/airflow/example_dags/example_task_group_decorator.py took 0.129 seconds
[2026-04-19T00:02:56.441+0000] {processor.py:161} INFO - Started process (PID=10375) to work on /home/airflow/.local/lib/python3.8/site-packages/airflow/example_dags/example_task_group_decorator.py
[2026-04-19T00:02:56.443+0000] {processor.py:830} INFO - Processing file /home/airflow/.local/lib/python3.8/site-packages/airflow/example_dags/example_task_group_decorator.py for tasks to queue
[2026-04-19T00:02:56.445+0000] {logging_mixin.py:188} INFO - [2026-04-19T00:02:56.445+0000] {dagbag.py:538} INFO - Filling up the DagBag from /home/airflow/.local/lib/python3.8/site-packages/airflow/example_dags/example_task_group_decorator.py
[2026-04-19T00:02:56.465+0000] {processor.py:840} INFO - DAG(s) 'example_task_group_decorator' retrieved from /home/airflow/.local/lib/python3.8/site-packages/airflow/example_dags/example_task_group_decorator.py
[2026-04-19T00:02:56.503+0000] {logging_mixin.py:188} INFO - [2026-04-19T00:02:56.502+0000] {dag.py:3036} INFO - Sync 1 DAGs
[2026-04-19T00:02:56.534+0000] {logging_mixin.py:188} INFO - [2026-04-19T00:02:56.534+0000] {dag.py:3823} INFO - Setting next_dagrun for example_task_group_decorator to 2026-04-18 00:00:00+00:00, run_after=2026-04-19 00:00:00+00:00
[2026-04-19T00:02:56.559+0000] {processor.py:183} INFO - Processing /home/airflow/.local/lib/python3.8/site-packages/airflow/example_dags/example_task_group_decorator.py took 0.122 seconds
[2026-04-19T00:03:26.756+0000] {processor.py:161} INFO - Started process (PID=10430) to work on /home/airflow/.local/lib/python3.8/site-packages/airflow/example_dags/example_task_group_decorator.py
[2026-04-19T00:03:26.758+0000] {processor.py:830} INFO - Processing file /home/airflow/.local/lib/python3.8/site-packages/airflow/example_dags/example_task_group_decorator.py for tasks to queue
[2026-04-19T00:03:26.760+0000] {logging_mixin.py:188} INFO - [2026-04-19T00:03:26.760+0000] {dagbag.py:538} INFO - Filling up the DagBag from /home/airflow/.local/lib/python3.8/site-packages/airflow/example_dags/example_task_group_decorator.py
[2026-04-19T00:03:26.780+0000] {processor.py:840} INFO - DAG(s) 'example_task_group_decorator' retrieved from /home/airflow/.local/lib/python3.8/site-packages/airflow/example_dags/example_task_group_decorator.py
[2026-04-19T00:03:26.821+0000] {logging_mixin.py:188} INFO - [2026-04-19T00:03:26.821+0000] {dag.py:3036} INFO - Sync 1 DAGs
[2026-04-19T00:03:26.852+0000] {logging_mixin.py:188} INFO - [2026-04-19T00:03:26.851+0000] {dag.py:3823} INFO - Setting next_dagrun for example_task_group_decorator to 2026-04-18 00:00:00+00:00, run_after=2026-04-19 00:00:00+00:00
[2026-04-19T00:03:26.878+0000] {processor.py:183} INFO - Processing /home/airflow/.local/lib/python3.8/site-packages/airflow/example_dags/example_task_group_decorator.py took 0.126 seconds
[2026-04-19T00:03:57.031+0000] {processor.py:161} INFO - Started process (PID=10485) to work on /home/airflow/.local/lib/python3.8/site-packages/airflow/example_dags/example_task_group_decorator.py
[2026-04-19T00:03:57.032+0000] {processor.py:830} INFO - Processing file /home/airflow/.local/lib/python3.8/site-packages/airflow/example_dags/example_task_group_decorator.py for tasks to queue
[2026-04-19T00:03:57.035+0000] {logging_mixin.py:188} INFO - [2026-04-19T00:03:57.034+0000] {dagbag.py:538} INFO - Filling up the DagBag from /home/airflow/.local/lib/python3.8/site-packages/airflow/example_dags/example_task_group_decorator.py
[2026-04-19T00:03:57.055+0000] {processor.py:840} INFO - DAG(s) 'example_task_group_decorator' retrieved from /home/airflow/.local/lib/python3.8/site-packages/airflow/example_dags/example_task_group_decorator.py
[2026-04-19T00:03:57.092+0000] {logging_mixin.py:188} INFO - [2026-04-19T00:03:57.092+0000] {dag.py:3036} INFO - Sync 1 DAGs
[2026-04-19T00:03:57.122+0000] {logging_mixin.py:188} INFO - [2026-04-19T00:03:57.121+0000] {dag.py:3823} INFO - Setting next_dagrun for example_task_group_decorator to 2026-04-18 00:00:00+00:00, run_after=2026-04-19 00:00:00+00:00
[2026-04-19T00:03:57.146+0000] {processor.py:183} INFO - Processing /home/airflow/.local/lib/python3.8/site-packages/airflow/example_dags/example_task_group_decorator.py took 0.121 seconds
[2026-04-19T00:04:27.296+0000] {processor.py:161} INFO - Started process (PID=10540) to work on /home/airflow/.local/lib/python3.8/site-packages/airflow/example_dags/example_task_group_decorator.py
[2026-04-19T00:04:27.298+0000] {processor.py:830} INFO - Processing file /home/airflow/.local/lib/python3.8/site-packages/airflow/example_dags/example_task_group_decorator.py for tasks to queue
[2026-04-19T00:04:27.300+0000] {logging_mixin.py:188} INFO - [2026-04-19T00:04:27.300+0000] {dagbag.py:538} INFO - Filling up the DagBag from /home/airflow/.local/lib/python3.8/site-packages/airflow/example_dags/example_task_group_decorator.py
[2026-04-19T00:04:27.322+0000] {processor.py:840} INFO - DAG(s) 'example_task_group_decorator' retrieved from /home/airflow/.local/lib/python3.8/site-packages/airflow/example_dags/example_task_group_decorator.py
[2026-04-19T00:04:27.359+0000] {logging_mixin.py:188} INFO - [2026-04-19T00:04:27.359+0000] {dag.py:3036} INFO - Sync 1 DAGs
[2026-04-19T00:04:27.392+0000] {logging_mixin.py:188} INFO - [2026-04-19T00:04:27.391+0000] {dag.py:3823} INFO - Setting next_dagrun for example_task_group_decorator to 2026-04-18 00:00:00+00:00, run_after=2026-04-19 00:00:00+00:00
[2026-04-19T00:04:27.417+0000] {processor.py:183} INFO - Processing /home/airflow/.local/lib/python3.8/site-packages/airflow/example_dags/example_task_group_decorator.py took 0.126 seconds
[2026-04-19T00:04:57.679+0000] {processor.py:161} INFO - Started process (PID=10595) to work on /home/airflow/.local/lib/python3.8/site-packages/airflow/example_dags/example_task_group_decorator.py
[2026-04-19T00:04:57.688+0000] {processor.py:830} INFO - Processing file /home/airflow/.local/lib/python3.8/site-packages/airflow/example_dags/example_task_group_decorator.py for tasks to queue
[2026-04-19T00:04:57.691+0000] {logging_mixin.py:188} INFO - [2026-04-19T00:04:57.691+0000] {dagbag.py:538} INFO - Filling up the DagBag from /home/airflow/.local/lib/python3.8/site-packages/airflow/example_dags/example_task_group_decorator.py
[2026-04-19T00:04:57.711+0000] {processor.py:840} INFO - DAG(s) 'example_task_group_decorator' retrieved from /home/airflow/.local/lib/python3.8/site-packages/airflow/example_dags/example_task_group_decorator.py
[2026-04-19T00:04:57.747+0000] {logging_mixin.py:188} INFO - [2026-04-19T00:04:57.747+0000] {dag.py:3036} INFO - Sync 1 DAGs
[2026-04-19T00:04:57.779+0000] {logging_mixin.py:188} INFO - [2026-04-19T00:04:57.778+0000] {dag.py:3823} INFO - Setting next_dagrun for example_task_group_decorator to 2026-04-18 00:00:00+00:00, run_after=2026-04-19 00:00:00+00:00
[2026-04-19T00:04:57.806+0000] {processor.py:183} INFO - Processing /home/airflow/.local/lib/python3.8/site-packages/airflow/example_dags/example_task_group_decorator.py took 0.132 seconds
[2026-04-19T00:05:28.058+0000] {processor.py:161} INFO - Started process (PID=10650) to work on /home/airflow/.local/lib/python3.8/site-packages/airflow/example_dags/example_task_group_decorator.py
[2026-04-19T00:05:28.065+0000] {processor.py:830} INFO - Processing file /home/airflow/.local/lib/python3.8/site-packages/airflow/example_dags/example_task_group_decorator.py for tasks to queue
[2026-04-19T00:05:28.067+0000] {logging_mixin.py:188} INFO - [2026-04-19T00:05:28.067+0000] {dagbag.py:538} INFO - Filling up the DagBag from /home/airflow/.local/lib/python3.8/site-packages/airflow/example_dags/example_task_group_decorator.py
[2026-04-19T00:05:28.091+0000] {processor.py:840} INFO - DAG(s) 'example_task_group_decorator' retrieved from /home/airflow/.local/lib/python3.8/site-packages/airflow/example_dags/example_task_group_decorator.py
[2026-04-19T00:05:28.128+0000] {logging_mixin.py:188} INFO - [2026-04-19T00:05:28.128+0000] {dag.py:3036} INFO - Sync 1 DAGs
[2026-04-19T00:05:28.160+0000] {logging_mixin.py:188} INFO - [2026-04-19T00:05:28.160+0000] {dag.py:3823} INFO - Setting next_dagrun for example_task_group_decorator to 2026-04-18 00:00:00+00:00, run_after=2026-04-19 00:00:00+00:00
[2026-04-19T00:05:28.184+0000] {processor.py:183} INFO - Processing /home/airflow/.local/lib/python3.8/site-packages/airflow/example_dags/example_task_group_decorator.py took 0.131 seconds
[2026-04-19T00:05:58.426+0000] {processor.py:161} INFO - Started process (PID=10705) to work on /home/airflow/.local/lib/python3.8/site-packages/airflow/example_dags/example_task_group_decorator.py
[2026-04-19T00:05:58.427+0000] {processor.py:830} INFO - Processing file /home/airflow/.local/lib/python3.8/site-packages/airflow/example_dags/example_task_group_decorator.py for tasks to queue
[2026-04-19T00:05:58.430+0000] {logging_mixin.py:188} INFO - [2026-04-19T00:05:58.429+0000] {dagbag.py:538} INFO - Filling up the DagBag from /home/airflow/.local/lib/python3.8/site-packages/airflow/example_dags/example_task_group_decorator.py
[2026-04-19T00:05:58.449+0000] {processor.py:840} INFO - DAG(s) 'example_task_group_decorator' retrieved from /home/airflow/.local/lib/python3.8/site-packages/airflow/example_dags/example_task_group_decorator.py
[2026-04-19T00:05:58.486+0000] {logging_mixin.py:188} INFO - [2026-04-19T00:05:58.486+0000] {dag.py:3036} INFO - Sync 1 DAGs
[2026-04-19T00:05:58.518+0000] {logging_mixin.py:188} INFO - [2026-04-19T00:05:58.517+0000] {dag.py:3823} INFO - Setting next_dagrun for example_task_group_decorator to 2026-04-18 00:00:00+00:00, run_after=2026-04-19 00:00:00+00:00
[2026-04-19T00:05:58.541+0000] {processor.py:183} INFO - Processing /home/airflow/.local/lib/python3.8/site-packages/airflow/example_dags/example_task_group_decorator.py took 0.120 seconds
[2026-04-19T00:06:28.700+0000] {processor.py:161} INFO - Started process (PID=10758) to work on /home/airflow/.local/lib/python3.8/site-packages/airflow/example_dags/example_task_group_decorator.py
[2026-04-19T00:06:28.701+0000] {processor.py:830} INFO - Processing file /home/airflow/.local/lib/python3.8/site-packages/airflow/example_dags/example_task_group_decorator.py for tasks to queue
[2026-04-19T00:06:28.704+0000] {logging_mixin.py:188} INFO - [2026-04-19T00:06:28.703+0000] {dagbag.py:538} INFO - Filling up the DagBag from /home/airflow/.local/lib/python3.8/site-packages/airflow/example_dags/example_task_group_decorator.py
[2026-04-19T00:06:28.725+0000] {processor.py:840} INFO - DAG(s) 'example_task_group_decorator' retrieved from /home/airflow/.local/lib/python3.8/site-packages/airflow/example_dags/example_task_group_decorator.py
[2026-04-19T00:06:28.766+0000] {logging_mixin.py:188} INFO - [2026-04-19T00:06:28.765+0000] {dag.py:3036} INFO - Sync 1 DAGs
[2026-04-19T00:06:28.798+0000] {logging_mixin.py:188} INFO - [2026-04-19T00:06:28.798+0000] {dag.py:3823} INFO - Setting next_dagrun for example_task_group_decorator to 2026-04-18 00:00:00+00:00, run_after=2026-04-19 00:00:00+00:00
[2026-04-19T00:06:28.825+0000] {processor.py:183} INFO - Processing /home/airflow/.local/lib/python3.8/site-packages/airflow/example_dags/example_task_group_decorator.py took 0.130 seconds
[2026-04-19T00:06:58.955+0000] {processor.py:161} INFO - Started process (PID=10813) to work on /home/airflow/.local/lib/python3.8/site-packages/airflow/example_dags/example_task_group_decorator.py
[2026-04-19T00:06:58.964+0000] {processor.py:830} INFO - Processing file /home/airflow/.local/lib/python3.8/site-packages/airflow/example_dags/example_task_group_decorator.py for tasks to queue
[2026-04-19T00:06:58.966+0000] {logging_mixin.py:188} INFO - [2026-04-19T00:06:58.966+0000] {dagbag.py:538} INFO - Filling up the DagBag from /home/airflow/.local/lib/python3.8/site-packages/airflow/example_dags/example_task_group_decorator.py
[2026-04-19T00:06:58.987+0000] {processor.py:840} INFO - DAG(s) 'example_task_group_decorator' retrieved from /home/airflow/.local/lib/python3.8/site-packages/airflow/example_dags/example_task_group_decorator.py
[2026-04-19T00:06:59.022+0000] {logging_mixin.py:188} INFO - [2026-04-19T00:06:59.022+0000] {dag.py:3036} INFO - Sync 1 DAGs
[2026-04-19T00:06:59.052+0000] {logging_mixin.py:188} INFO - [2026-04-19T00:06:59.051+0000] {dag.py:3823} INFO - Setting next_dagrun for example_task_group_decorator to 2026-04-18 00:00:00+00:00, run_after=2026-04-19 00:00:00+00:00
[2026-04-19T00:06:59.075+0000] {processor.py:183} INFO - Processing /home/airflow/.local/lib/python3.8/site-packages/airflow/example_dags/example_task_group_decorator.py took 0.125 seconds
[2026-04-19T00:07:29.385+0000] {processor.py:161} INFO - Started process (PID=10868) to work on /home/airflow/.local/lib/python3.8/site-packages/airflow/example_dags/example_task_group_decorator.py
[2026-04-19T00:07:29.395+0000] {processor.py:830} INFO - Processing file /home/airflow/.local/lib/python3.8/site-packages/airflow/example_dags/example_task_group_decorator.py for tasks to queue
[2026-04-19T00:07:29.398+0000] {logging_mixin.py:188} INFO - [2026-04-19T00:07:29.397+0000] {dagbag.py:538} INFO - Filling up the DagBag from /home/airflow/.local/lib/python3.8/site-packages/airflow/example_dags/example_task_group_decorator.py
[2026-04-19T00:07:29.418+0000] {processor.py:840} INFO - DAG(s) 'example_task_group_decorator' retrieved from /home/airflow/.local/lib/python3.8/site-packages/airflow/example_dags/example_task_group_decorator.py
[2026-04-19T00:07:29.456+0000] {logging_mixin.py:188} INFO - [2026-04-19T00:07:29.456+0000] {dag.py:3036} INFO - Sync 1 DAGs
[2026-04-19T00:07:29.486+0000] {logging_mixin.py:188} INFO - [2026-04-19T00:07:29.486+0000] {dag.py:3823} INFO - Setting next_dagrun for example_task_group_decorator to 2026-04-18 00:00:00+00:00, run_after=2026-04-19 00:00:00+00:00
[2026-04-19T00:07:29.511+0000] {processor.py:183} INFO - Processing /home/airflow/.local/lib/python3.8/site-packages/airflow/example_dags/example_task_group_decorator.py took 0.130 seconds
[2026-04-19T00:07:59.592+0000] {processor.py:161} INFO - Started process (PID=10923) to work on /home/airflow/.local/lib/python3.8/site-packages/airflow/example_dags/example_task_group_decorator.py
[2026-04-19T00:07:59.602+0000] {processor.py:830} INFO - Processing file /home/airflow/.local/lib/python3.8/site-packages/airflow/example_dags/example_task_group_decorator.py for tasks to queue
[2026-04-19T00:07:59.604+0000] {logging_mixin.py:188} INFO - [2026-04-19T00:07:59.604+0000] {dagbag.py:538} INFO - Filling up the DagBag from /home/airflow/.local/lib/python3.8/site-packages/airflow/example_dags/example_task_group_decorator.py
[2026-04-19T00:07:59.625+0000] {processor.py:840} INFO - DAG(s) 'example_task_group_decorator' retrieved from /home/airflow/.local/lib/python3.8/site-packages/airflow/example_dags/example_task_group_decorator.py
[2026-04-19T00:07:59.659+0000] {logging_mixin.py:188} INFO - [2026-04-19T00:07:59.659+0000] {dag.py:3036} INFO - Sync 1 DAGs
[2026-04-19T00:07:59.688+0000] {logging_mixin.py:188} INFO - [2026-04-19T00:07:59.688+0000] {dag.py:3823} INFO - Setting next_dagrun for example_task_group_decorator to 2026-04-18 00:00:00+00:00, run_after=2026-04-19 00:00:00+00:00
[2026-04-19T00:07:59.711+0000] {processor.py:183} INFO - Processing /home/airflow/.local/lib/python3.8/site-packages/airflow/example_dags/example_task_group_decorator.py took 0.125 seconds
[2026-04-19T00:08:29.859+0000] {processor.py:161} INFO - Started process (PID=10978) to work on /home/airflow/.local/lib/python3.8/site-packages/airflow/example_dags/example_task_group_decorator.py
[2026-04-19T00:08:29.868+0000] {processor.py:830} INFO - Processing file /home/airflow/.local/lib/python3.8/site-packages/airflow/example_dags/example_task_group_decorator.py for tasks to queue
[2026-04-19T00:08:29.870+0000] {logging_mixin.py:188} INFO - [2026-04-19T00:08:29.870+0000] {dagbag.py:538} INFO - Filling up the DagBag from /home/airflow/.local/lib/python3.8/site-packages/airflow/example_dags/example_task_group_decorator.py
[2026-04-19T00:08:29.889+0000] {processor.py:840} INFO - DAG(s) 'example_task_group_decorator' retrieved from /home/airflow/.local/lib/python3.8/site-packages/airflow/example_dags/example_task_group_decorator.py
[2026-04-19T00:08:29.922+0000] {logging_mixin.py:188} INFO - [2026-04-19T00:08:29.922+0000] {dag.py:3036} INFO - Sync 1 DAGs
[2026-04-19T00:08:29.951+0000] {logging_mixin.py:188} INFO - [2026-04-19T00:08:29.951+0000] {dag.py:3823} INFO - Setting next_dagrun for example_task_group_decorator to 2026-04-18 00:00:00+00:00, run_after=2026-04-19 00:00:00+00:00
[2026-04-19T00:08:29.974+0000] {processor.py:183} INFO - Processing /home/airflow/.local/lib/python3.8/site-packages/airflow/example_dags/example_task_group_decorator.py took 0.120 seconds
[2026-04-19T00:09:00.319+0000] {processor.py:161} INFO - Started process (PID=11033) to work on /home/airflow/.local/lib/python3.8/site-packages/airflow/example_dags/example_task_group_decorator.py
[2026-04-19T00:09:00.321+0000] {processor.py:830} INFO - Processing file /home/airflow/.local/lib/python3.8/site-packages/airflow/example_dags/example_task_group_decorator.py for tasks to queue
[2026-04-19T00:09:00.323+0000] {logging_mixin.py:188} INFO - [2026-04-19T00:09:00.323+0000] {dagbag.py:538} INFO - Filling up the DagBag from /home/airflow/.local/lib/python3.8/site-packages/airflow/example_dags/example_task_group_decorator.py
[2026-04-19T00:09:00.342+0000] {processor.py:840} INFO - DAG(s) 'example_task_group_decorator' retrieved from /home/airflow/.local/lib/python3.8/site-packages/airflow/example_dags/example_task_group_decorator.py
[2026-04-19T00:09:00.378+0000] {logging_mixin.py:188} INFO - [2026-04-19T00:09:00.378+0000] {dag.py:3036} INFO - Sync 1 DAGs
[2026-04-19T00:09:00.410+0000] {logging_mixin.py:188} INFO - [2026-04-19T00:09:00.410+0000] {dag.py:3823} INFO - Setting next_dagrun for example_task_group_decorator to 2026-04-18 00:00:00+00:00, run_after=2026-04-19 00:00:00+00:00
[2026-04-19T00:09:00.433+0000] {processor.py:183} INFO - Processing /home/airflow/.local/lib/python3.8/site-packages/airflow/example_dags/example_task_group_decorator.py took 0.118 seconds
[2026-04-19T00:09:30.834+0000] {processor.py:161} INFO - Started process (PID=11088) to work on /home/airflow/.local/lib/python3.8/site-packages/airflow/example_dags/example_task_group_decorator.py
[2026-04-19T00:09:30.844+0000] {processor.py:830} INFO - Processing file /home/airflow/.local/lib/python3.8/site-packages/airflow/example_dags/example_task_group_decorator.py for tasks to queue
[2026-04-19T00:09:30.846+0000] {logging_mixin.py:188} INFO - [2026-04-19T00:09:30.846+0000] {dagbag.py:538} INFO - Filling up the DagBag from /home/airflow/.local/lib/python3.8/site-packages/airflow/example_dags/example_task_group_decorator.py
[2026-04-19T00:09:30.868+0000] {processor.py:840} INFO - DAG(s) 'example_task_group_decorator' retrieved from /home/airflow/.local/lib/python3.8/site-packages/airflow/example_dags/example_task_group_decorator.py
[2026-04-19T00:09:30.905+0000] {logging_mixin.py:188} INFO - [2026-04-19T00:09:30.904+0000] {dag.py:3036} INFO - Sync 1 DAGs
[2026-04-19T00:09:30.937+0000] {logging_mixin.py:188} INFO - [2026-04-19T00:09:30.937+0000] {dag.py:3823} INFO - Setting next_dagrun for example_task_group_decorator to 2026-04-18 00:00:00+00:00, run_after=2026-04-19 00:00:00+00:00
[2026-04-19T00:09:30.962+0000] {processor.py:183} INFO - Processing /home/airflow/.local/lib/python3.8/site-packages/airflow/example_dags/example_task_group_decorator.py took 0.134 seconds
[2026-04-19T00:10:01.311+0000] {processor.py:161} INFO - Started process (PID=11143) to work on /home/airflow/.local/lib/python3.8/site-packages/airflow/example_dags/example_task_group_decorator.py
[2026-04-19T00:10:01.321+0000] {processor.py:830} INFO - Processing file /home/airflow/.local/lib/python3.8/site-packages/airflow/example_dags/example_task_group_decorator.py for tasks to queue
[2026-04-19T00:10:01.324+0000] {logging_mixin.py:188} INFO - [2026-04-19T00:10:01.324+0000] {dagbag.py:538} INFO - Filling up the DagBag from /home/airflow/.local/lib/python3.8/site-packages/airflow/example_dags/example_task_group_decorator.py
[2026-04-19T00:10:01.349+0000] {processor.py:840} INFO - DAG(s) 'example_task_group_decorator' retrieved from /home/airflow/.local/lib/python3.8/site-packages/airflow/example_dags/example_task_group_decorator.py
[2026-04-19T00:10:01.387+0000] {logging_mixin.py:188} INFO - [2026-04-19T00:10:01.387+0000] {dag.py:3036} INFO - Sync 1 DAGs
[2026-04-19T00:10:01.417+0000] {logging_mixin.py:188} INFO - [2026-04-19T00:10:01.417+0000] {dag.py:3823} INFO - Setting next_dagrun for example_task_group_decorator to 2026-04-18 00:00:00+00:00, run_after=2026-04-19 00:00:00+00:00
[2026-04-19T00:10:01.444+0000] {processor.py:183} INFO - Processing /home/airflow/.local/lib/python3.8/site-packages/airflow/example_dags/example_task_group_decorator.py took 0.138 seconds
[2026-04-19T00:10:31.754+0000] {processor.py:161} INFO - Started process (PID=11198) to work on /home/airflow/.local/lib/python3.8/site-packages/airflow/example_dags/example_task_group_decorator.py
[2026-04-19T00:10:31.756+0000] {processor.py:830} INFO - Processing file /home/airflow/.local/lib/python3.8/site-packages/airflow/example_dags/example_task_group_decorator.py for tasks to queue
[2026-04-19T00:10:31.758+0000] {logging_mixin.py:188} INFO - [2026-04-19T00:10:31.758+0000] {dagbag.py:538} INFO - Filling up the DagBag from /home/airflow/.local/lib/python3.8/site-packages/airflow/example_dags/example_task_group_decorator.py
[2026-04-19T00:10:31.780+0000] {processor.py:840} INFO - DAG(s) 'example_task_group_decorator' retrieved from /home/airflow/.local/lib/python3.8/site-packages/airflow/example_dags/example_task_group_decorator.py
[2026-04-19T00:10:31.817+0000] {logging_mixin.py:188} INFO - [2026-04-19T00:10:31.817+0000] {dag.py:3036} INFO - Sync 1 DAGs
[2026-04-19T00:10:31.850+0000] {logging_mixin.py:188} INFO - [2026-04-19T00:10:31.849+0000] {dag.py:3823} INFO - Setting next_dagrun for example_task_group_decorator to 2026-04-18 00:00:00+00:00, run_after=2026-04-19 00:00:00+00:00
[2026-04-19T00:10:31.874+0000] {processor.py:183} INFO - Processing /home/airflow/.local/lib/python3.8/site-packages/airflow/example_dags/example_task_group_decorator.py took 0.125 seconds
[2026-04-19T00:11:02.304+0000] {processor.py:161} INFO - Started process (PID=11253) to work on /home/airflow/.local/lib/python3.8/site-packages/airflow/example_dags/example_task_group_decorator.py
[2026-04-19T00:11:02.313+0000] {processor.py:830} INFO - Processing file /home/airflow/.local/lib/python3.8/site-packages/airflow/example_dags/example_task_group_decorator.py for tasks to queue
[2026-04-19T00:11:02.316+0000] {logging_mixin.py:188} INFO - [2026-04-19T00:11:02.316+0000] {dagbag.py:538} INFO - Filling up the DagBag from /home/airflow/.local/lib/python3.8/site-packages/airflow/example_dags/example_task_group_decorator.py
[2026-04-19T00:11:02.336+0000] {processor.py:840} INFO - DAG(s) 'example_task_group_decorator' retrieved from /home/airflow/.local/lib/python3.8/site-packages/airflow/example_dags/example_task_group_decorator.py
[2026-04-19T00:11:02.372+0000] {logging_mixin.py:188} INFO - [2026-04-19T00:11:02.371+0000] {dag.py:3036} INFO - Sync 1 DAGs
[2026-04-19T00:11:02.401+0000] {logging_mixin.py:188} INFO - [2026-04-19T00:11:02.400+0000] {dag.py:3823} INFO - Setting next_dagrun for example_task_group_decorator to 2026-04-18 00:00:00+00:00, run_after=2026-04-19 00:00:00+00:00
[2026-04-19T00:11:02.426+0000] {processor.py:183} INFO - Processing /home/airflow/.local/lib/python3.8/site-packages/airflow/example_dags/example_task_group_decorator.py took 0.128 seconds
[2026-04-19T00:11:32.778+0000] {processor.py:161} INFO - Started process (PID=11308) to work on /home/airflow/.local/lib/python3.8/site-packages/airflow/example_dags/example_task_group_decorator.py
[2026-04-19T00:11:32.787+0000] {processor.py:830} INFO - Processing file /home/airflow/.local/lib/python3.8/site-packages/airflow/example_dags/example_task_group_decorator.py for tasks to queue
[2026-04-19T00:11:32.790+0000] {logging_mixin.py:188} INFO - [2026-04-19T00:11:32.790+0000] {dagbag.py:538} INFO - Filling up the DagBag from /home/airflow/.local/lib/python3.8/site-packages/airflow/example_dags/example_task_group_decorator.py
[2026-04-19T00:11:32.810+0000] {processor.py:840} INFO - DAG(s) 'example_task_group_decorator' retrieved from /home/airflow/.local/lib/python3.8/site-packages/airflow/example_dags/example_task_group_decorator.py
[2026-04-19T00:11:32.847+0000] {logging_mixin.py:188} INFO - [2026-04-19T00:11:32.847+0000] {dag.py:3036} INFO - Sync 1 DAGs
[2026-04-19T00:11:32.878+0000] {logging_mixin.py:188} INFO - [2026-04-19T00:11:32.878+0000] {dag.py:3823} INFO - Setting next_dagrun for example_task_group_decorator to 2026-04-18 00:00:00+00:00, run_after=2026-04-19 00:00:00+00:00
[2026-04-19T00:11:32.903+0000] {processor.py:183} INFO - Processing /home/airflow/.local/lib/python3.8/site-packages/airflow/example_dags/example_task_group_decorator.py took 0.129 seconds
[2026-04-19T00:12:03.152+0000] {processor.py:161} INFO - Started process (PID=11363) to work on /home/airflow/.local/lib/python3.8/site-packages/airflow/example_dags/example_task_group_decorator.py
[2026-04-19T00:12:03.161+0000] {processor.py:830} INFO - Processing file /home/airflow/.local/lib/python3.8/site-packages/airflow/example_dags/example_task_group_decorator.py for tasks to queue
[2026-04-19T00:12:03.163+0000] {logging_mixin.py:188} INFO - [2026-04-19T00:12:03.163+0000] {dagbag.py:538} INFO - Filling up the DagBag from /home/airflow/.local/lib/python3.8/site-packages/airflow/example_dags/example_task_group_decorator.py
[2026-04-19T00:12:03.176+0000] {processor.py:840} INFO - DAG(s) 'example_task_group_decorator' retrieved from /home/airflow/.local/lib/python3.8/site-packages/airflow/example_dags/example_task_group_decorator.py
[2026-04-19T00:12:03.198+0000] {logging_mixin.py:188} INFO - [2026-04-19T00:12:03.198+0000] {dag.py:3036} INFO - Sync 1 DAGs
[2026-04-19T00:12:03.221+0000] {logging_mixin.py:188} INFO - [2026-04-19T00:12:03.221+0000] {dag.py:3823} INFO - Setting next_dagrun for example_task_group_decorator to 2026-04-18 00:00:00+00:00, run_after=2026-04-19 00:00:00+00:00
[2026-04-19T00:12:03.237+0000] {processor.py:183} INFO - Processing /home/airflow/.local/lib/python3.8/site-packages/airflow/example_dags/example_task_group_decorator.py took 0.089 seconds
[2026-04-19T00:12:33.507+0000] {processor.py:161} INFO - Started process (PID=11418) to work on /home/airflow/.local/lib/python3.8/site-packages/airflow/example_dags/example_task_group_decorator.py
[2026-04-19T00:12:33.517+0000] {processor.py:830} INFO - Processing file /home/airflow/.local/lib/python3.8/site-packages/airflow/example_dags/example_task_group_decorator.py for tasks to queue
[2026-04-19T00:12:33.519+0000] {logging_mixin.py:188} INFO - [2026-04-19T00:12:33.519+0000] {dagbag.py:538} INFO - Filling up the DagBag from /home/airflow/.local/lib/python3.8/site-packages/airflow/example_dags/example_task_group_decorator.py
[2026-04-19T00:12:33.539+0000] {processor.py:840} INFO - DAG(s) 'example_task_group_decorator' retrieved from /home/airflow/.local/lib/python3.8/site-packages/airflow/example_dags/example_task_group_decorator.py
[2026-04-19T00:12:33.575+0000] {logging_mixin.py:188} INFO - [2026-04-19T00:12:33.574+0000] {dag.py:3036} INFO - Sync 1 DAGs
[2026-04-19T00:12:33.612+0000] {logging_mixin.py:188} INFO - [2026-04-19T00:12:33.611+0000] {dag.py:3823} INFO - Setting next_dagrun for example_task_group_decorator to 2026-04-18 00:00:00+00:00, run_after=2026-04-19 00:00:00+00:00
[2026-04-19T00:12:33.642+0000] {processor.py:183} INFO - Processing /home/airflow/.local/lib/python3.8/site-packages/airflow/example_dags/example_task_group_decorator.py took 0.140 seconds
[2026-04-19T00:13:04.010+0000] {processor.py:161} INFO - Started process (PID=11473) to work on /home/airflow/.local/lib/python3.8/site-packages/airflow/example_dags/example_task_group_decorator.py
[2026-04-19T00:13:04.019+0000] {processor.py:830} INFO - Processing file /home/airflow/.local/lib/python3.8/site-packages/airflow/example_dags/example_task_group_decorator.py for tasks to queue
[2026-04-19T00:13:04.023+0000] {logging_mixin.py:188} INFO - [2026-04-19T00:13:04.022+0000] {dagbag.py:538} INFO - Filling up the DagBag from /home/airflow/.local/lib/python3.8/site-packages/airflow/example_dags/example_task_group_decorator.py
[2026-04-19T00:13:04.053+0000] {processor.py:840} INFO - DAG(s) 'example_task_group_decorator' retrieved from /home/airflow/.local/lib/python3.8/site-packages/airflow/example_dags/example_task_group_decorator.py
[2026-04-19T00:13:04.097+0000] {logging_mixin.py:188} INFO - [2026-04-19T00:13:04.096+0000] {dag.py:3036} INFO - Sync 1 DAGs
[2026-04-19T00:13:04.136+0000] {logging_mixin.py:188} INFO - [2026-04-19T00:13:04.135+0000] {dag.py:3823} INFO - Setting next_dagrun for example_task_group_decorator to 2026-04-18 00:00:00+00:00, run_after=2026-04-19 00:00:00+00:00
[2026-04-19T00:13:04.170+0000] {processor.py:183} INFO - Processing /home/airflow/.local/lib/python3.8/site-packages/airflow/example_dags/example_task_group_decorator.py took 0.167 seconds
[2026-04-19T00:13:34.392+0000] {processor.py:161} INFO - Started process (PID=11528) to work on /home/airflow/.local/lib/python3.8/site-packages/airflow/example_dags/example_task_group_decorator.py
[2026-04-19T00:13:34.401+0000] {processor.py:830} INFO - Processing file /home/airflow/.local/lib/python3.8/site-packages/airflow/example_dags/example_task_group_decorator.py for tasks to queue
[2026-04-19T00:13:34.404+0000] {logging_mixin.py:188} INFO - [2026-04-19T00:13:34.404+0000] {dagbag.py:538} INFO - Filling up the DagBag from /home/airflow/.local/lib/python3.8/site-packages/airflow/example_dags/example_task_group_decorator.py
[2026-04-19T00:13:34.424+0000] {processor.py:840} INFO - DAG(s) 'example_task_group_decorator' retrieved from /home/airflow/.local/lib/python3.8/site-packages/airflow/example_dags/example_task_group_decorator.py
[2026-04-19T00:13:34.461+0000] {logging_mixin.py:188} INFO - [2026-04-19T00:13:34.461+0000] {dag.py:3036} INFO - Sync 1 DAGs
[2026-04-19T00:13:34.499+0000] {logging_mixin.py:188} INFO - [2026-04-19T00:13:34.498+0000] {dag.py:3823} INFO - Setting next_dagrun for example_task_group_decorator to 2026-04-18 00:00:00+00:00, run_after=2026-04-19 00:00:00+00:00
[2026-04-19T00:13:34.522+0000] {processor.py:183} INFO - Processing /home/airflow/.local/lib/python3.8/site-packages/airflow/example_dags/example_task_group_decorator.py took 0.135 seconds
[2026-04-19T00:14:04.981+0000] {processor.py:161} INFO - Started process (PID=11583) to work on /home/airflow/.local/lib/python3.8/site-packages/airflow/example_dags/example_task_group_decorator.py
[2026-04-19T00:14:04.990+0000] {processor.py:830} INFO - Processing file /home/airflow/.local/lib/python3.8/site-packages/airflow/example_dags/example_task_group_decorator.py for tasks to queue
[2026-04-19T00:14:04.993+0000] {logging_mixin.py:188} INFO - [2026-04-19T00:14:04.993+0000] {dagbag.py:538} INFO - Filling up the DagBag from /home/airflow/.local/lib/python3.8/site-packages/airflow/example_dags/example_task_group_decorator.py
[2026-04-19T00:14:05.015+0000] {processor.py:840} INFO - DAG(s) 'example_task_group_decorator' retrieved from /home/airflow/.local/lib/python3.8/site-packages/airflow/example_dags/example_task_group_decorator.py
[2026-04-19T00:14:05.052+0000] {logging_mixin.py:188} INFO - [2026-04-19T00:14:05.051+0000] {dag.py:3036} INFO - Sync 1 DAGs
[2026-04-19T00:14:05.082+0000] {logging_mixin.py:188} INFO - [2026-04-19T00:14:05.081+0000] {dag.py:3823} INFO - Setting next_dagrun for example_task_group_decorator to 2026-04-18 00:00:00+00:00, run_after=2026-04-19 00:00:00+00:00
[2026-04-19T00:14:05.105+0000] {processor.py:183} INFO - Processing /home/airflow/.local/lib/python3.8/site-packages/airflow/example_dags/example_task_group_decorator.py took 0.129 seconds
[2026-04-19T00:14:35.470+0000] {processor.py:161} INFO - Started process (PID=11638) to work on /home/airflow/.local/lib/python3.8/site-packages/airflow/example_dags/example_task_group_decorator.py
[2026-04-19T00:14:35.479+0000] {processor.py:830} INFO - Processing file /home/airflow/.local/lib/python3.8/site-packages/airflow/example_dags/example_task_group_decorator.py for tasks to queue
[2026-04-19T00:14:35.481+0000] {logging_mixin.py:188} INFO - [2026-04-19T00:14:35.481+0000] {dagbag.py:538} INFO - Filling up the DagBag from /home/airflow/.local/lib/python3.8/site-packages/airflow/example_dags/example_task_group_decorator.py
[2026-04-19T00:14:35.501+0000] {processor.py:840} INFO - DAG(s) 'example_task_group_decorator' retrieved from /home/airflow/.local/lib/python3.8/site-packages/airflow/example_dags/example_task_group_decorator.py
[2026-04-19T00:14:35.536+0000] {logging_mixin.py:188} INFO - [2026-04-19T00:14:35.535+0000] {dag.py:3036} INFO - Sync 1 DAGs
[2026-04-19T00:14:35.565+0000] {logging_mixin.py:188} INFO - [2026-04-19T00:14:35.565+0000] {dag.py:3823} INFO - Setting next_dagrun for example_task_group_decorator to 2026-04-18 00:00:00+00:00, run_after=2026-04-19 00:00:00+00:00
[2026-04-19T00:14:35.588+0000] {processor.py:183} INFO - Processing /home/airflow/.local/lib/python3.8/site-packages/airflow/example_dags/example_task_group_decorator.py took 0.123 seconds
[2026-04-19T00:15:06.049+0000] {processor.py:161} INFO - Started process (PID=11693) to work on /home/airflow/.local/lib/python3.8/site-packages/airflow/example_dags/example_task_group_decorator.py
[2026-04-19T00:15:06.050+0000] {processor.py:830} INFO - Processing file /home/airflow/.local/lib/python3.8/site-packages/airflow/example_dags/example_task_group_decorator.py for tasks to queue
[2026-04-19T00:15:06.052+0000] {logging_mixin.py:188} INFO - [2026-04-19T00:15:06.052+0000] {dagbag.py:538} INFO - Filling up the DagBag from /home/airflow/.local/lib/python3.8/site-packages/airflow/example_dags/example_task_group_decorator.py
[2026-04-19T00:15:06.073+0000] {processor.py:840} INFO - DAG(s) 'example_task_group_decorator' retrieved from /home/airflow/.local/lib/python3.8/site-packages/airflow/example_dags/example_task_group_decorator.py
[2026-04-19T00:15:06.112+0000] {logging_mixin.py:188} INFO - [2026-04-19T00:15:06.112+0000] {dag.py:3036} INFO - Sync 1 DAGs
[2026-04-19T00:15:06.145+0000] {logging_mixin.py:188} INFO - [2026-04-19T00:15:06.145+0000] {dag.py:3823} INFO - Setting next_dagrun for example_task_group_decorator to 2026-04-18 00:00:00+00:00, run_after=2026-04-19 00:00:00+00:00
[2026-04-19T00:15:06.169+0000] {processor.py:183} INFO - Processing /home/airflow/.local/lib/python3.8/site-packages/airflow/example_dags/example_task_group_decorator.py took 0.125 seconds
[2026-04-19T00:15:36.492+0000] {processor.py:161} INFO - Started process (PID=11749) to work on /home/airflow/.local/lib/python3.8/site-packages/airflow/example_dags/example_task_group_decorator.py
[2026-04-19T00:15:36.502+0000] {processor.py:830} INFO - Processing file /home/airflow/.local/lib/python3.8/site-packages/airflow/example_dags/example_task_group_decorator.py for tasks to queue
[2026-04-19T00:15:36.505+0000] {logging_mixin.py:188} INFO - [2026-04-19T00:15:36.505+0000] {dagbag.py:538} INFO - Filling up the DagBag from /home/airflow/.local/lib/python3.8/site-packages/airflow/example_dags/example_task_group_decorator.py
[2026-04-19T00:15:36.530+0000] {processor.py:840} INFO - DAG(s) 'example_task_group_decorator' retrieved from /home/airflow/.local/lib/python3.8/site-packages/airflow/example_dags/example_task_group_decorator.py
[2026-04-19T00:15:36.566+0000] {logging_mixin.py:188} INFO - [2026-04-19T00:15:36.565+0000] {dag.py:3036} INFO - Sync 1 DAGs
[2026-04-19T00:15:36.596+0000] {logging_mixin.py:188} INFO - [2026-04-19T00:15:36.596+0000] {dag.py:3823} INFO - Setting next_dagrun for example_task_group_decorator to 2026-04-18 00:00:00+00:00, run_after=2026-04-19 00:00:00+00:00
[2026-04-19T00:15:36.623+0000] {processor.py:183} INFO - Processing /home/airflow/.local/lib/python3.8/site-packages/airflow/example_dags/example_task_group_decorator.py took 0.137 seconds
[2026-04-19T00:16:07.242+0000] {processor.py:161} INFO - Started process (PID=11804) to work on /home/airflow/.local/lib/python3.8/site-packages/airflow/example_dags/example_task_group_decorator.py
[2026-04-19T00:16:07.251+0000] {processor.py:830} INFO - Processing file /home/airflow/.local/lib/python3.8/site-packages/airflow/example_dags/example_task_group_decorator.py for tasks to queue
[2026-04-19T00:16:07.253+0000] {logging_mixin.py:188} INFO - [2026-04-19T00:16:07.252+0000] {dagbag.py:538} INFO - Filling up the DagBag from /home/airflow/.local/lib/python3.8/site-packages/airflow/example_dags/example_task_group_decorator.py
[2026-04-19T00:16:07.264+0000] {processor.py:840} INFO - DAG(s) 'example_task_group_decorator' retrieved from /home/airflow/.local/lib/python3.8/site-packages/airflow/example_dags/example_task_group_decorator.py
[2026-04-19T00:16:07.285+0000] {logging_mixin.py:188} INFO - [2026-04-19T00:16:07.285+0000] {dag.py:3036} INFO - Sync 1 DAGs
[2026-04-19T00:16:07.303+0000] {logging_mixin.py:188} INFO - [2026-04-19T00:16:07.303+0000] {dag.py:3823} INFO - Setting next_dagrun for example_task_group_decorator to 2026-04-18 00:00:00+00:00, run_after=2026-04-19 00:00:00+00:00
[2026-04-19T00:16:07.317+0000] {processor.py:183} INFO - Processing /home/airflow/.local/lib/python3.8/site-packages/airflow/example_dags/example_task_group_decorator.py took 0.077 seconds
[2026-04-19T00:16:37.572+0000] {processor.py:161} INFO - Started process (PID=11859) to work on /home/airflow/.local/lib/python3.8/site-packages/airflow/example_dags/example_task_group_decorator.py
[2026-04-19T00:16:37.581+0000] {processor.py:830} INFO - Processing file /home/airflow/.local/lib/python3.8/site-packages/airflow/example_dags/example_task_group_decorator.py for tasks to queue
[2026-04-19T00:16:37.584+0000] {logging_mixin.py:188} INFO - [2026-04-19T00:16:37.584+0000] {dagbag.py:538} INFO - Filling up the DagBag from /home/airflow/.local/lib/python3.8/site-packages/airflow/example_dags/example_task_group_decorator.py
[2026-04-19T00:16:37.605+0000] {processor.py:840} INFO - DAG(s) 'example_task_group_decorator' retrieved from /home/airflow/.local/lib/python3.8/site-packages/airflow/example_dags/example_task_group_decorator.py
[2026-04-19T00:16:37.642+0000] {logging_mixin.py:188} INFO - [2026-04-19T00:16:37.642+0000] {dag.py:3036} INFO - Sync 1 DAGs
[2026-04-19T00:16:37.675+0000] {logging_mixin.py:188} INFO - [2026-04-19T00:16:37.675+0000] {dag.py:3823} INFO - Setting next_dagrun for example_task_group_decorator to 2026-04-18 00:00:00+00:00, run_after=2026-04-19 00:00:00+00:00
[2026-04-19T00:16:37.701+0000] {processor.py:183} INFO - Processing /home/airflow/.local/lib/python3.8/site-packages/airflow/example_dags/example_task_group_decorator.py took 0.134 seconds
[2026-04-19T00:17:07.903+0000] {processor.py:161} INFO - Started process (PID=11914) to work on /home/airflow/.local/lib/python3.8/site-packages/airflow/example_dags/example_task_group_decorator.py
[2026-04-19T00:17:07.912+0000] {processor.py:830} INFO - Processing file /home/airflow/.local/lib/python3.8/site-packages/airflow/example_dags/example_task_group_decorator.py for tasks to queue
[2026-04-19T00:17:07.915+0000] {logging_mixin.py:188} INFO - [2026-04-19T00:17:07.915+0000] {dagbag.py:538} INFO - Filling up the DagBag from /home/airflow/.local/lib/python3.8/site-packages/airflow/example_dags/example_task_group_decorator.py
[2026-04-19T00:17:07.935+0000] {processor.py:840} INFO - DAG(s) 'example_task_group_decorator' retrieved from /home/airflow/.local/lib/python3.8/site-packages/airflow/example_dags/example_task_group_decorator.py
[2026-04-19T00:17:07.973+0000] {logging_mixin.py:188} INFO - [2026-04-19T00:17:07.973+0000] {dag.py:3036} INFO - Sync 1 DAGs
[2026-04-19T00:17:08.004+0000] {logging_mixin.py:188} INFO - [2026-04-19T00:17:08.004+0000] {dag.py:3823} INFO - Setting next_dagrun for example_task_group_decorator to 2026-04-18 00:00:00+00:00, run_after=2026-04-19 00:00:00+00:00
[2026-04-19T00:17:08.028+0000] {processor.py:183} INFO - Processing /home/airflow/.local/lib/python3.8/site-packages/airflow/example_dags/example_task_group_decorator.py took 0.129 seconds
[2026-04-19T00:17:38.455+0000] {processor.py:161} INFO - Started process (PID=11969) to work on /home/airflow/.local/lib/python3.8/site-packages/airflow/example_dags/example_task_group_decorator.py
[2026-04-19T00:17:38.464+0000] {processor.py:830} INFO - Processing file /home/airflow/.local/lib/python3.8/site-packages/airflow/example_dags/example_task_group_decorator.py for tasks to queue
[2026-04-19T00:17:38.467+0000] {logging_mixin.py:188} INFO - [2026-04-19T00:17:38.467+0000] {dagbag.py:538} INFO - Filling up the DagBag from /home/airflow/.local/lib/python3.8/site-packages/airflow/example_dags/example_task_group_decorator.py
[2026-04-19T00:17:38.489+0000] {processor.py:840} INFO - DAG(s) 'example_task_group_decorator' retrieved from /home/airflow/.local/lib/python3.8/site-packages/airflow/example_dags/example_task_group_decorator.py
[2026-04-19T00:17:38.526+0000] {logging_mixin.py:188} INFO - [2026-04-19T00:17:38.525+0000] {dag.py:3036} INFO - Sync 1 DAGs
[2026-04-19T00:17:38.557+0000] {logging_mixin.py:188} INFO - [2026-04-19T00:17:38.556+0000] {dag.py:3823} INFO - Setting next_dagrun for example_task_group_decorator to 2026-04-18 00:00:00+00:00, run_after=2026-04-19 00:00:00+00:00
[2026-04-19T00:17:38.582+0000] {processor.py:183} INFO - Processing /home/airflow/.local/lib/python3.8/site-packages/airflow/example_dags/example_task_group_decorator.py took 0.132 seconds
[2026-04-19T00:18:08.973+0000] {processor.py:161} INFO - Started process (PID=12024) to work on /home/airflow/.local/lib/python3.8/site-packages/airflow/example_dags/example_task_group_decorator.py
[2026-04-19T00:18:08.982+0000] {processor.py:830} INFO - Processing file /home/airflow/.local/lib/python3.8/site-packages/airflow/example_dags/example_task_group_decorator.py for tasks to queue
[2026-04-19T00:18:08.985+0000] {logging_mixin.py:188} INFO - [2026-04-19T00:18:08.985+0000] {dagbag.py:538} INFO - Filling up the DagBag from /home/airflow/.local/lib/python3.8/site-packages/airflow/example_dags/example_task_group_decorator.py
[2026-04-19T00:18:09.005+0000] {processor.py:840} INFO - DAG(s) 'example_task_group_decorator' retrieved from /home/airflow/.local/lib/python3.8/site-packages/airflow/example_dags/example_task_group_decorator.py
[2026-04-19T00:18:09.040+0000] {logging_mixin.py:188} INFO - [2026-04-19T00:18:09.039+0000] {dag.py:3036} INFO - Sync 1 DAGs
[2026-04-19T00:18:09.069+0000] {logging_mixin.py:188} INFO - [2026-04-19T00:18:09.069+0000] {dag.py:3823} INFO - Setting next_dagrun for example_task_group_decorator to 2026-04-18 00:00:00+00:00, run_after=2026-04-19 00:00:00+00:00
[2026-04-19T00:18:09.094+0000] {processor.py:183} INFO - Processing /home/airflow/.local/lib/python3.8/site-packages/airflow/example_dags/example_task_group_decorator.py took 0.127 seconds
[2026-04-19T00:18:39.510+0000] {processor.py:161} INFO - Started process (PID=12079) to work on /home/airflow/.local/lib/python3.8/site-packages/airflow/example_dags/example_task_group_decorator.py
[2026-04-19T00:18:39.519+0000] {processor.py:830} INFO - Processing file /home/airflow/.local/lib/python3.8/site-packages/airflow/example_dags/example_task_group_decorator.py for tasks to queue
[2026-04-19T00:18:39.522+0000] {logging_mixin.py:188} INFO - [2026-04-19T00:18:39.522+0000] {dagbag.py:538} INFO - Filling up the DagBag from /home/airflow/.local/lib/python3.8/site-packages/airflow/example_dags/example_task_group_decorator.py
[2026-04-19T00:18:39.542+0000] {processor.py:840} INFO - DAG(s) 'example_task_group_decorator' retrieved from /home/airflow/.local/lib/python3.8/site-packages/airflow/example_dags/example_task_group_decorator.py
[2026-04-19T00:18:39.578+0000] {logging_mixin.py:188} INFO - [2026-04-19T00:18:39.577+0000] {dag.py:3036} INFO - Sync 1 DAGs
[2026-04-19T00:18:39.616+0000] {logging_mixin.py:188} INFO - [2026-04-19T00:18:39.616+0000] {dag.py:3823} INFO - Setting next_dagrun for example_task_group_decorator to 2026-04-18 00:00:00+00:00, run_after=2026-04-19 00:00:00+00:00
[2026-04-19T00:18:39.649+0000] {processor.py:183} INFO - Processing /home/airflow/.local/lib/python3.8/site-packages/airflow/example_dags/example_task_group_decorator.py took 0.144 seconds
[2026-04-19T00:19:09.893+0000] {processor.py:161} INFO - Started process (PID=12133) to work on /home/airflow/.local/lib/python3.8/site-packages/airflow/example_dags/example_task_group_decorator.py
[2026-04-19T00:19:09.903+0000] {processor.py:830} INFO - Processing file /home/airflow/.local/lib/python3.8/site-packages/airflow/example_dags/example_task_group_decorator.py for tasks to queue
[2026-04-19T00:19:09.906+0000] {logging_mixin.py:188} INFO - [2026-04-19T00:19:09.905+0000] {dagbag.py:538} INFO - Filling up the DagBag from /home/airflow/.local/lib/python3.8/site-packages/airflow/example_dags/example_task_group_decorator.py
[2026-04-19T00:19:09.926+0000] {processor.py:840} INFO - DAG(s) 'example_task_group_decorator' retrieved from /home/airflow/.local/lib/python3.8/site-packages/airflow/example_dags/example_task_group_decorator.py
[2026-04-19T00:19:09.966+0000] {logging_mixin.py:188} INFO - [2026-04-19T00:19:09.966+0000] {dag.py:3036} INFO - Sync 1 DAGs
[2026-04-19T00:19:10.000+0000] {logging_mixin.py:188} INFO - [2026-04-19T00:19:09.999+0000] {dag.py:3823} INFO - Setting next_dagrun for example_task_group_decorator to 2026-04-18 00:00:00+00:00, run_after=2026-04-19 00:00:00+00:00
[2026-04-19T00:19:10.027+0000] {processor.py:183} INFO - Processing /home/airflow/.local/lib/python3.8/site-packages/airflow/example_dags/example_task_group_decorator.py took 0.138 seconds
[2026-04-19T00:19:40.352+0000] {processor.py:161} INFO - Started process (PID=12188) to work on /home/airflow/.local/lib/python3.8/site-packages/airflow/example_dags/example_task_group_decorator.py
[2026-04-19T00:19:40.362+0000] {processor.py:830} INFO - Processing file /home/airflow/.local/lib/python3.8/site-packages/airflow/example_dags/example_task_group_decorator.py for tasks to queue
[2026-04-19T00:19:40.365+0000] {logging_mixin.py:188} INFO - [2026-04-19T00:19:40.364+0000] {dagbag.py:538} INFO - Filling up the DagBag from /home/airflow/.local/lib/python3.8/site-packages/airflow/example_dags/example_task_group_decorator.py
[2026-04-19T00:19:40.387+0000] {processor.py:840} INFO - DAG(s) 'example_task_group_decorator' retrieved from /home/airflow/.local/lib/python3.8/site-packages/airflow/example_dags/example_task_group_decorator.py
[2026-04-19T00:19:40.427+0000] {logging_mixin.py:188} INFO - [2026-04-19T00:19:40.426+0000] {dag.py:3036} INFO - Sync 1 DAGs
[2026-04-19T00:19:40.463+0000] {logging_mixin.py:188} INFO - [2026-04-19T00:19:40.463+0000] {dag.py:3823} INFO - Setting next_dagrun for example_task_group_decorator to 2026-04-18 00:00:00+00:00, run_after=2026-04-19 00:00:00+00:00
[2026-04-19T00:19:40.491+0000] {processor.py:183} INFO - Processing /home/airflow/.local/lib/python3.8/site-packages/airflow/example_dags/example_task_group_decorator.py took 0.144 seconds
[2026-04-19T00:20:10.842+0000] {processor.py:161} INFO - Started process (PID=12243) to work on /home/airflow/.local/lib/python3.8/site-packages/airflow/example_dags/example_task_group_decorator.py
[2026-04-19T00:20:10.848+0000] {processor.py:830} INFO - Processing file /home/airflow/.local/lib/python3.8/site-packages/airflow/example_dags/example_task_group_decorator.py for tasks to queue
[2026-04-19T00:20:10.851+0000] {logging_mixin.py:188} INFO - [2026-04-19T00:20:10.850+0000] {dagbag.py:538} INFO - Filling up the DagBag from /home/airflow/.local/lib/python3.8/site-packages/airflow/example_dags/example_task_group_decorator.py
[2026-04-19T00:20:10.870+0000] {processor.py:840} INFO - DAG(s) 'example_task_group_decorator' retrieved from /home/airflow/.local/lib/python3.8/site-packages/airflow/example_dags/example_task_group_decorator.py
[2026-04-19T00:20:10.907+0000] {logging_mixin.py:188} INFO - [2026-04-19T00:20:10.907+0000] {dag.py:3036} INFO - Sync 1 DAGs
[2026-04-19T00:20:10.938+0000] {logging_mixin.py:188} INFO - [2026-04-19T00:20:10.938+0000] {dag.py:3823} INFO - Setting next_dagrun for example_task_group_decorator to 2026-04-18 00:00:00+00:00, run_after=2026-04-19 00:00:00+00:00
[2026-04-19T00:20:10.963+0000] {processor.py:183} INFO - Processing /home/airflow/.local/lib/python3.8/site-packages/airflow/example_dags/example_task_group_decorator.py took 0.125 seconds
[2026-04-19T00:20:41.183+0000] {processor.py:161} INFO - Started process (PID=12298) to work on /home/airflow/.local/lib/python3.8/site-packages/airflow/example_dags/example_task_group_decorator.py
[2026-04-19T00:20:41.184+0000] {processor.py:830} INFO - Processing file /home/airflow/.local/lib/python3.8/site-packages/airflow/example_dags/example_task_group_decorator.py for tasks to queue
[2026-04-19T00:20:41.187+0000] {logging_mixin.py:188} INFO - [2026-04-19T00:20:41.186+0000] {dagbag.py:538} INFO - Filling up the DagBag from /home/airflow/.local/lib/python3.8/site-packages/airflow/example_dags/example_task_group_decorator.py
[2026-04-19T00:20:41.207+0000] {processor.py:840} INFO - DAG(s) 'example_task_group_decorator' retrieved from /home/airflow/.local/lib/python3.8/site-packages/airflow/example_dags/example_task_group_decorator.py
[2026-04-19T00:20:41.243+0000] {logging_mixin.py:188} INFO - [2026-04-19T00:20:41.243+0000] {dag.py:3036} INFO - Sync 1 DAGs
[2026-04-19T00:20:41.274+0000] {logging_mixin.py:188} INFO - [2026-04-19T00:20:41.274+0000] {dag.py:3823} INFO - Setting next_dagrun for example_task_group_decorator to 2026-04-18 00:00:00+00:00, run_after=2026-04-19 00:00:00+00:00
[2026-04-19T00:20:41.300+0000] {processor.py:183} INFO - Processing /home/airflow/.local/lib/python3.8/site-packages/airflow/example_dags/example_task_group_decorator.py took 0.123 seconds
[2026-04-19T00:21:11.619+0000] {processor.py:161} INFO - Started process (PID=12353) to work on /home/airflow/.local/lib/python3.8/site-packages/airflow/example_dags/example_task_group_decorator.py
[2026-04-19T00:21:11.628+0000] {processor.py:830} INFO - Processing file /home/airflow/.local/lib/python3.8/site-packages/airflow/example_dags/example_task_group_decorator.py for tasks to queue
[2026-04-19T00:21:11.631+0000] {logging_mixin.py:188} INFO - [2026-04-19T00:21:11.630+0000] {dagbag.py:538} INFO - Filling up the DagBag from /home/airflow/.local/lib/python3.8/site-packages/airflow/example_dags/example_task_group_decorator.py
[2026-04-19T00:21:11.651+0000] {processor.py:840} INFO - DAG(s) 'example_task_group_decorator' retrieved from /home/airflow/.local/lib/python3.8/site-packages/airflow/example_dags/example_task_group_decorator.py
[2026-04-19T00:21:11.686+0000] {logging_mixin.py:188} INFO - [2026-04-19T00:21:11.686+0000] {dag.py:3036} INFO - Sync 1 DAGs
[2026-04-19T00:21:11.715+0000] {logging_mixin.py:188} INFO - [2026-04-19T00:21:11.715+0000] {dag.py:3823} INFO - Setting next_dagrun for example_task_group_decorator to 2026-04-18 00:00:00+00:00, run_after=2026-04-19 00:00:00+00:00
[2026-04-19T00:21:11.739+0000] {processor.py:183} INFO - Processing /home/airflow/.local/lib/python3.8/site-packages/airflow/example_dags/example_task_group_decorator.py took 0.125 seconds
[2026-04-19T00:21:41.999+0000] {processor.py:161} INFO - Started process (PID=12408) to work on /home/airflow/.local/lib/python3.8/site-packages/airflow/example_dags/example_task_group_decorator.py
[2026-04-19T00:21:42.008+0000] {processor.py:830} INFO - Processing file /home/airflow/.local/lib/python3.8/site-packages/airflow/example_dags/example_task_group_decorator.py for tasks to queue
[2026-04-19T00:21:42.011+0000] {logging_mixin.py:188} INFO - [2026-04-19T00:21:42.010+0000] {dagbag.py:538} INFO - Filling up the DagBag from /home/airflow/.local/lib/python3.8/site-packages/airflow/example_dags/example_task_group_decorator.py
[2026-04-19T00:21:42.032+0000] {processor.py:840} INFO - DAG(s) 'example_task_group_decorator' retrieved from /home/airflow/.local/lib/python3.8/site-packages/airflow/example_dags/example_task_group_decorator.py
[2026-04-19T00:21:42.068+0000] {logging_mixin.py:188} INFO - [2026-04-19T00:21:42.067+0000] {dag.py:3036} INFO - Sync 1 DAGs
[2026-04-19T00:21:42.102+0000] {logging_mixin.py:188} INFO - [2026-04-19T00:21:42.102+0000] {dag.py:3823} INFO - Setting next_dagrun for example_task_group_decorator to 2026-04-18 00:00:00+00:00, run_after=2026-04-19 00:00:00+00:00
[2026-04-19T00:21:42.127+0000] {processor.py:183} INFO - Processing /home/airflow/.local/lib/python3.8/site-packages/airflow/example_dags/example_task_group_decorator.py took 0.133 seconds
[2026-04-19T00:22:12.393+0000] {processor.py:161} INFO - Started process (PID=12463) to work on /home/airflow/.local/lib/python3.8/site-packages/airflow/example_dags/example_task_group_decorator.py
[2026-04-19T00:22:12.398+0000] {processor.py:830} INFO - Processing file /home/airflow/.local/lib/python3.8/site-packages/airflow/example_dags/example_task_group_decorator.py for tasks to queue
[2026-04-19T00:22:12.401+0000] {logging_mixin.py:188} INFO - [2026-04-19T00:22:12.400+0000] {dagbag.py:538} INFO - Filling up the DagBag from /home/airflow/.local/lib/python3.8/site-packages/airflow/example_dags/example_task_group_decorator.py
[2026-04-19T00:22:12.420+0000] {processor.py:840} INFO - DAG(s) 'example_task_group_decorator' retrieved from /home/airflow/.local/lib/python3.8/site-packages/airflow/example_dags/example_task_group_decorator.py
[2026-04-19T00:22:12.455+0000] {logging_mixin.py:188} INFO - [2026-04-19T00:22:12.455+0000] {dag.py:3036} INFO - Sync 1 DAGs
[2026-04-19T00:22:12.486+0000] {logging_mixin.py:188} INFO - [2026-04-19T00:22:12.485+0000] {dag.py:3823} INFO - Setting next_dagrun for example_task_group_decorator to 2026-04-18 00:00:00+00:00, run_after=2026-04-19 00:00:00+00:00
[2026-04-19T00:22:12.508+0000] {processor.py:183} INFO - Processing /home/airflow/.local/lib/python3.8/site-packages/airflow/example_dags/example_task_group_decorator.py took 0.120 seconds
[2026-04-19T00:22:42.970+0000] {processor.py:161} INFO - Started process (PID=12518) to work on /home/airflow/.local/lib/python3.8/site-packages/airflow/example_dags/example_task_group_decorator.py
[2026-04-19T00:22:42.981+0000] {processor.py:830} INFO - Processing file /home/airflow/.local/lib/python3.8/site-packages/airflow/example_dags/example_task_group_decorator.py for tasks to queue
[2026-04-19T00:22:42.984+0000] {logging_mixin.py:188} INFO - [2026-04-19T00:22:42.984+0000] {dagbag.py:538} INFO - Filling up the DagBag from /home/airflow/.local/lib/python3.8/site-packages/airflow/example_dags/example_task_group_decorator.py
[2026-04-19T00:22:43.021+0000] {processor.py:840} INFO - DAG(s) 'example_task_group_decorator' retrieved from /home/airflow/.local/lib/python3.8/site-packages/airflow/example_dags/example_task_group_decorator.py
[2026-04-19T00:22:43.062+0000] {logging_mixin.py:188} INFO - [2026-04-19T00:22:43.061+0000] {dag.py:3036} INFO - Sync 1 DAGs
[2026-04-19T00:22:43.105+0000] {logging_mixin.py:188} INFO - [2026-04-19T00:22:43.104+0000] {dag.py:3823} INFO - Setting next_dagrun for example_task_group_decorator to 2026-04-18 00:00:00+00:00, run_after=2026-04-19 00:00:00+00:00
[2026-04-19T00:22:43.142+0000] {processor.py:183} INFO - Processing /home/airflow/.local/lib/python3.8/site-packages/airflow/example_dags/example_task_group_decorator.py took 0.179 seconds
[2026-04-19T00:23:13.337+0000] {processor.py:161} INFO - Started process (PID=12574) to work on /home/airflow/.local/lib/python3.8/site-packages/airflow/example_dags/example_task_group_decorator.py
[2026-04-19T00:23:13.338+0000] {processor.py:830} INFO - Processing file /home/airflow/.local/lib/python3.8/site-packages/airflow/example_dags/example_task_group_decorator.py for tasks to queue
[2026-04-19T00:23:13.340+0000] {logging_mixin.py:188} INFO - [2026-04-19T00:23:13.340+0000] {dagbag.py:538} INFO - Filling up the DagBag from /home/airflow/.local/lib/python3.8/site-packages/airflow/example_dags/example_task_group_decorator.py
[2026-04-19T00:23:13.360+0000] {processor.py:840} INFO - DAG(s) 'example_task_group_decorator' retrieved from /home/airflow/.local/lib/python3.8/site-packages/airflow/example_dags/example_task_group_decorator.py
[2026-04-19T00:23:13.398+0000] {logging_mixin.py:188} INFO - [2026-04-19T00:23:13.397+0000] {dag.py:3036} INFO - Sync 1 DAGs
[2026-04-19T00:23:13.427+0000] {logging_mixin.py:188} INFO - [2026-04-19T00:23:13.427+0000] {dag.py:3823} INFO - Setting next_dagrun for example_task_group_decorator to 2026-04-18 00:00:00+00:00, run_after=2026-04-19 00:00:00+00:00
[2026-04-19T00:23:13.450+0000] {processor.py:183} INFO - Processing /home/airflow/.local/lib/python3.8/site-packages/airflow/example_dags/example_task_group_decorator.py took 0.119 seconds
[2026-04-19T00:23:43.575+0000] {processor.py:161} INFO - Started process (PID=12628) to work on /home/airflow/.local/lib/python3.8/site-packages/airflow/example_dags/example_task_group_decorator.py
[2026-04-19T00:23:43.584+0000] {processor.py:830} INFO - Processing file /home/airflow/.local/lib/python3.8/site-packages/airflow/example_dags/example_task_group_decorator.py for tasks to queue
[2026-04-19T00:23:43.587+0000] {logging_mixin.py:188} INFO - [2026-04-19T00:23:43.586+0000] {dagbag.py:538} INFO - Filling up the DagBag from /home/airflow/.local/lib/python3.8/site-packages/airflow/example_dags/example_task_group_decorator.py
[2026-04-19T00:23:43.612+0000] {processor.py:840} INFO - DAG(s) 'example_task_group_decorator' retrieved from /home/airflow/.local/lib/python3.8/site-packages/airflow/example_dags/example_task_group_decorator.py
[2026-04-19T00:23:43.653+0000] {logging_mixin.py:188} INFO - [2026-04-19T00:23:43.652+0000] {dag.py:3036} INFO - Sync 1 DAGs
[2026-04-19T00:23:43.690+0000] {logging_mixin.py:188} INFO - [2026-04-19T00:23:43.689+0000] {dag.py:3823} INFO - Setting next_dagrun for example_task_group_decorator to 2026-04-18 00:00:00+00:00, run_after=2026-04-19 00:00:00+00:00
[2026-04-19T00:23:43.718+0000] {processor.py:183} INFO - Processing /home/airflow/.local/lib/python3.8/site-packages/airflow/example_dags/example_task_group_decorator.py took 0.149 seconds
[2026-04-19T00:24:13.775+0000] {processor.py:161} INFO - Started process (PID=12683) to work on /home/airflow/.local/lib/python3.8/site-packages/airflow/example_dags/example_task_group_decorator.py
[2026-04-19T00:24:13.785+0000] {processor.py:830} INFO - Processing file /home/airflow/.local/lib/python3.8/site-packages/airflow/example_dags/example_task_group_decorator.py for tasks to queue
[2026-04-19T00:24:13.788+0000] {logging_mixin.py:188} INFO - [2026-04-19T00:24:13.787+0000] {dagbag.py:538} INFO - Filling up the DagBag from /home/airflow/.local/lib/python3.8/site-packages/airflow/example_dags/example_task_group_decorator.py
[2026-04-19T00:24:13.811+0000] {processor.py:840} INFO - DAG(s) 'example_task_group_decorator' retrieved from /home/airflow/.local/lib/python3.8/site-packages/airflow/example_dags/example_task_group_decorator.py
[2026-04-19T00:24:13.849+0000] {logging_mixin.py:188} INFO - [2026-04-19T00:24:13.848+0000] {dag.py:3036} INFO - Sync 1 DAGs
[2026-04-19T00:24:13.881+0000] {logging_mixin.py:188} INFO - [2026-04-19T00:24:13.880+0000] {dag.py:3823} INFO - Setting next_dagrun for example_task_group_decorator to 2026-04-18 00:00:00+00:00, run_after=2026-04-19 00:00:00+00:00
[2026-04-19T00:24:13.905+0000] {processor.py:183} INFO - Processing /home/airflow/.local/lib/python3.8/site-packages/airflow/example_dags/example_task_group_decorator.py took 0.135 seconds
