[2026-04-19T00:00:22.049+0000] {processor.py:161} INFO - Started process (PID=10093) to work on /home/airflow/.local/lib/python3.8/site-packages/airflow/example_dags/example_branch_day_of_week_operator.py
[2026-04-19T00:00:22.050+0000] {processor.py:830} INFO - Processing file /home/airflow/.local/lib/python3.8/site-packages/airflow/example_dags/example_branch_day_of_week_operator.py for tasks to queue
[2026-04-19T00:00:22.052+0000] {logging_mixin.py:188} INFO - [2026-04-19T00:00:22.052+0000] {dagbag.py:538} INFO - Filling up the DagBag from /home/airflow/.local/lib/python3.8/site-packages/airflow/example_dags/example_branch_day_of_week_operator.py
[2026-04-19T00:00:22.063+0000] {processor.py:840} INFO - DAG(s) 'example_weekday_branch_operator' retrieved from /home/airflow/.local/lib/python3.8/site-packages/airflow/example_dags/example_branch_day_of_week_operator.py
[2026-04-19T00:00:22.097+0000] {logging_mixin.py:188} INFO - [2026-04-19T00:00:22.097+0000] {dag.py:3036} INFO - Sync 1 DAGs
[2026-04-19T00:00:22.133+0000] {logging_mixin.py:188} INFO - [2026-04-19T00:00:22.132+0000] {dag.py:3823} INFO - Setting next_dagrun for example_weekday_branch_operator to 2026-04-18 00:00:00+00:00, run_after=2026-04-19 00:00:00+00:00
[2026-04-19T00:00:22.161+0000] {processor.py:183} INFO - Processing /home/airflow/.local/lib/python3.8/site-packages/airflow/example_dags/example_branch_day_of_week_operator.py took 0.117 seconds
[2026-04-19T00:00:52.615+0000] {processor.py:161} INFO - Started process (PID=10148) to work on /home/airflow/.local/lib/python3.8/site-packages/airflow/example_dags/example_branch_day_of_week_operator.py
[2026-04-19T00:00:52.624+0000] {processor.py:830} INFO - Processing file /home/airflow/.local/lib/python3.8/site-packages/airflow/example_dags/example_branch_day_of_week_operator.py for tasks to queue
[2026-04-19T00:00:52.627+0000] {logging_mixin.py:188} INFO - [2026-04-19T00:00:52.626+0000] {dagbag.py:538} INFO - Filling up the DagBag from /home/airflow/.local/lib/python3.8/site-packages/airflow/example_dags/example_branch_day_of_week_operator.py
[2026-04-19T00:00:52.637+0000] {processor.py:840} INFO - DAG(s) 'example_weekday_branch_operator' retrieved from /home/airflow/.local/lib/python3.8/site-packages/airflow/example_dags/example_branch_day_of_week_operator.py
[2026-04-19T00:00:52.672+0000] {logging_mixin.py:188} INFO - [2026-04-19T00:00:52.672+0000] {dag.py:3036} INFO - Sync 1 DAGs
[2026-04-19T00:00:52.705+0000] {logging_mixin.py:188} INFO - [2026-04-19T00:00:52.704+0000] {dag.py:3823} INFO - Setting next_dagrun for example_weekday_branch_operator to 2026-04-18 00:00:00+00:00, run_after=2026-04-19 00:00:00+00:00
[2026-04-19T00:00:52.727+0000] {processor.py:183} INFO - Processing /home/airflow/.local/lib/python3.8/site-packages/airflow/example_dags/example_branch_day_of_week_operator.py took 0.117 seconds
[2026-04-19T00:01:22.919+0000] {processor.py:161} INFO - Started process (PID=10203) to work on /home/airflow/.local/lib/python3.8/site-packages/airflow/example_dags/example_branch_day_of_week_operator.py
[2026-04-19T00:01:22.920+0000] {processor.py:830} INFO - Processing file /home/airflow/.local/lib/python3.8/site-packages/airflow/example_dags/example_branch_day_of_week_operator.py for tasks to queue
[2026-04-19T00:01:22.923+0000] {logging_mixin.py:188} INFO - [2026-04-19T00:01:22.922+0000] {dagbag.py:538} INFO - Filling up the DagBag from /home/airflow/.local/lib/python3.8/site-packages/airflow/example_dags/example_branch_day_of_week_operator.py
[2026-04-19T00:01:22.934+0000] {processor.py:840} INFO - DAG(s) 'example_weekday_branch_operator' retrieved from /home/airflow/.local/lib/python3.8/site-packages/airflow/example_dags/example_branch_day_of_week_operator.py
[2026-04-19T00:01:22.968+0000] {logging_mixin.py:188} INFO - [2026-04-19T00:01:22.968+0000] {dag.py:3036} INFO - Sync 1 DAGs
[2026-04-19T00:01:23.004+0000] {logging_mixin.py:188} INFO - [2026-04-19T00:01:23.003+0000] {dag.py:3823} INFO - Setting next_dagrun for example_weekday_branch_operator to 2026-04-18 00:00:00+00:00, run_after=2026-04-19 00:00:00+00:00
[2026-04-19T00:01:23.028+0000] {processor.py:183} INFO - Processing /home/airflow/.local/lib/python3.8/site-packages/airflow/example_dags/example_branch_day_of_week_operator.py took 0.114 seconds
[2026-04-19T00:01:53.240+0000] {processor.py:161} INFO - Started process (PID=10258) to work on /home/airflow/.local/lib/python3.8/site-packages/airflow/example_dags/example_branch_day_of_week_operator.py
[2026-04-19T00:01:53.250+0000] {processor.py:830} INFO - Processing file /home/airflow/.local/lib/python3.8/site-packages/airflow/example_dags/example_branch_day_of_week_operator.py for tasks to queue
[2026-04-19T00:01:53.252+0000] {logging_mixin.py:188} INFO - [2026-04-19T00:01:53.252+0000] {dagbag.py:538} INFO - Filling up the DagBag from /home/airflow/.local/lib/python3.8/site-packages/airflow/example_dags/example_branch_day_of_week_operator.py
[2026-04-19T00:01:53.264+0000] {processor.py:840} INFO - DAG(s) 'example_weekday_branch_operator' retrieved from /home/airflow/.local/lib/python3.8/site-packages/airflow/example_dags/example_branch_day_of_week_operator.py
[2026-04-19T00:01:53.297+0000] {logging_mixin.py:188} INFO - [2026-04-19T00:01:53.296+0000] {dag.py:3036} INFO - Sync 1 DAGs
[2026-04-19T00:01:53.331+0000] {logging_mixin.py:188} INFO - [2026-04-19T00:01:53.330+0000] {dag.py:3823} INFO - Setting next_dagrun for example_weekday_branch_operator to 2026-04-18 00:00:00+00:00, run_after=2026-04-19 00:00:00+00:00
[2026-04-19T00:01:53.354+0000] {processor.py:183} INFO - Processing /home/airflow/.local/lib/python3.8/site-packages/airflow/example_dags/example_branch_day_of_week_operator.py took 0.119 seconds
[2026-04-19T00:02:23.522+0000] {processor.py:161} INFO - Started process (PID=10313) to work on /home/airflow/.local/lib/python3.8/site-packages/airflow/example_dags/example_branch_day_of_week_operator.py
[2026-04-19T00:02:23.531+0000] {processor.py:830} INFO - Processing file /home/airflow/.local/lib/python3.8/site-packages/airflow/example_dags/example_branch_day_of_week_operator.py for tasks to queue
[2026-04-19T00:02:23.533+0000] {logging_mixin.py:188} INFO - [2026-04-19T00:02:23.533+0000] {dagbag.py:538} INFO - Filling up the DagBag from /home/airflow/.local/lib/python3.8/site-packages/airflow/example_dags/example_branch_day_of_week_operator.py
[2026-04-19T00:02:23.543+0000] {processor.py:840} INFO - DAG(s) 'example_weekday_branch_operator' retrieved from /home/airflow/.local/lib/python3.8/site-packages/airflow/example_dags/example_branch_day_of_week_operator.py
[2026-04-19T00:02:23.573+0000] {logging_mixin.py:188} INFO - [2026-04-19T00:02:23.573+0000] {dag.py:3036} INFO - Sync 1 DAGs
[2026-04-19T00:02:23.603+0000] {logging_mixin.py:188} INFO - [2026-04-19T00:02:23.603+0000] {dag.py:3823} INFO - Setting next_dagrun for example_weekday_branch_operator to 2026-04-18 00:00:00+00:00, run_after=2026-04-19 00:00:00+00:00
[2026-04-19T00:02:23.626+0000] {processor.py:183} INFO - Processing /home/airflow/.local/lib/python3.8/site-packages/airflow/example_dags/example_branch_day_of_week_operator.py took 0.108 seconds
[2026-04-19T00:02:53.953+0000] {processor.py:161} INFO - Started process (PID=10368) to work on /home/airflow/.local/lib/python3.8/site-packages/airflow/example_dags/example_branch_day_of_week_operator.py
[2026-04-19T00:02:53.955+0000] {processor.py:830} INFO - Processing file /home/airflow/.local/lib/python3.8/site-packages/airflow/example_dags/example_branch_day_of_week_operator.py for tasks to queue
[2026-04-19T00:02:53.958+0000] {logging_mixin.py:188} INFO - [2026-04-19T00:02:53.957+0000] {dagbag.py:538} INFO - Filling up the DagBag from /home/airflow/.local/lib/python3.8/site-packages/airflow/example_dags/example_branch_day_of_week_operator.py
[2026-04-19T00:02:53.970+0000] {processor.py:840} INFO - DAG(s) 'example_weekday_branch_operator' retrieved from /home/airflow/.local/lib/python3.8/site-packages/airflow/example_dags/example_branch_day_of_week_operator.py
[2026-04-19T00:02:54.005+0000] {logging_mixin.py:188} INFO - [2026-04-19T00:02:54.004+0000] {dag.py:3036} INFO - Sync 1 DAGs
[2026-04-19T00:02:54.039+0000] {logging_mixin.py:188} INFO - [2026-04-19T00:02:54.039+0000] {dag.py:3823} INFO - Setting next_dagrun for example_weekday_branch_operator to 2026-04-18 00:00:00+00:00, run_after=2026-04-19 00:00:00+00:00
[2026-04-19T00:02:54.063+0000] {processor.py:183} INFO - Processing /home/airflow/.local/lib/python3.8/site-packages/airflow/example_dags/example_branch_day_of_week_operator.py took 0.115 seconds
[2026-04-19T00:03:24.285+0000] {processor.py:161} INFO - Started process (PID=10423) to work on /home/airflow/.local/lib/python3.8/site-packages/airflow/example_dags/example_branch_day_of_week_operator.py
[2026-04-19T00:03:24.295+0000] {processor.py:830} INFO - Processing file /home/airflow/.local/lib/python3.8/site-packages/airflow/example_dags/example_branch_day_of_week_operator.py for tasks to queue
[2026-04-19T00:03:24.297+0000] {logging_mixin.py:188} INFO - [2026-04-19T00:03:24.297+0000] {dagbag.py:538} INFO - Filling up the DagBag from /home/airflow/.local/lib/python3.8/site-packages/airflow/example_dags/example_branch_day_of_week_operator.py
[2026-04-19T00:03:24.308+0000] {processor.py:840} INFO - DAG(s) 'example_weekday_branch_operator' retrieved from /home/airflow/.local/lib/python3.8/site-packages/airflow/example_dags/example_branch_day_of_week_operator.py
[2026-04-19T00:03:24.341+0000] {logging_mixin.py:188} INFO - [2026-04-19T00:03:24.340+0000] {dag.py:3036} INFO - Sync 1 DAGs
[2026-04-19T00:03:24.372+0000] {logging_mixin.py:188} INFO - [2026-04-19T00:03:24.372+0000] {dag.py:3823} INFO - Setting next_dagrun for example_weekday_branch_operator to 2026-04-18 00:00:00+00:00, run_after=2026-04-19 00:00:00+00:00
[2026-04-19T00:03:24.395+0000] {processor.py:183} INFO - Processing /home/airflow/.local/lib/python3.8/site-packages/airflow/example_dags/example_branch_day_of_week_operator.py took 0.115 seconds
[2026-04-19T00:03:54.538+0000] {processor.py:161} INFO - Started process (PID=10478) to work on /home/airflow/.local/lib/python3.8/site-packages/airflow/example_dags/example_branch_day_of_week_operator.py
[2026-04-19T00:03:54.548+0000] {processor.py:830} INFO - Processing file /home/airflow/.local/lib/python3.8/site-packages/airflow/example_dags/example_branch_day_of_week_operator.py for tasks to queue
[2026-04-19T00:03:54.550+0000] {logging_mixin.py:188} INFO - [2026-04-19T00:03:54.550+0000] {dagbag.py:538} INFO - Filling up the DagBag from /home/airflow/.local/lib/python3.8/site-packages/airflow/example_dags/example_branch_day_of_week_operator.py
[2026-04-19T00:03:54.561+0000] {processor.py:840} INFO - DAG(s) 'example_weekday_branch_operator' retrieved from /home/airflow/.local/lib/python3.8/site-packages/airflow/example_dags/example_branch_day_of_week_operator.py
[2026-04-19T00:03:54.595+0000] {logging_mixin.py:188} INFO - [2026-04-19T00:03:54.594+0000] {dag.py:3036} INFO - Sync 1 DAGs
[2026-04-19T00:03:54.626+0000] {logging_mixin.py:188} INFO - [2026-04-19T00:03:54.625+0000] {dag.py:3823} INFO - Setting next_dagrun for example_weekday_branch_operator to 2026-04-18 00:00:00+00:00, run_after=2026-04-19 00:00:00+00:00
[2026-04-19T00:03:54.651+0000] {processor.py:183} INFO - Processing /home/airflow/.local/lib/python3.8/site-packages/airflow/example_dags/example_branch_day_of_week_operator.py took 0.118 seconds
[2026-04-19T00:04:24.797+0000] {processor.py:161} INFO - Started process (PID=10531) to work on /home/airflow/.local/lib/python3.8/site-packages/airflow/example_dags/example_branch_day_of_week_operator.py
[2026-04-19T00:04:24.806+0000] {processor.py:830} INFO - Processing file /home/airflow/.local/lib/python3.8/site-packages/airflow/example_dags/example_branch_day_of_week_operator.py for tasks to queue
[2026-04-19T00:04:24.809+0000] {logging_mixin.py:188} INFO - [2026-04-19T00:04:24.809+0000] {dagbag.py:538} INFO - Filling up the DagBag from /home/airflow/.local/lib/python3.8/site-packages/airflow/example_dags/example_branch_day_of_week_operator.py
[2026-04-19T00:04:24.820+0000] {processor.py:840} INFO - DAG(s) 'example_weekday_branch_operator' retrieved from /home/airflow/.local/lib/python3.8/site-packages/airflow/example_dags/example_branch_day_of_week_operator.py
[2026-04-19T00:04:24.854+0000] {logging_mixin.py:188} INFO - [2026-04-19T00:04:24.854+0000] {dag.py:3036} INFO - Sync 1 DAGs
[2026-04-19T00:04:24.887+0000] {logging_mixin.py:188} INFO - [2026-04-19T00:04:24.887+0000] {dag.py:3823} INFO - Setting next_dagrun for example_weekday_branch_operator to 2026-04-18 00:00:00+00:00, run_after=2026-04-19 00:00:00+00:00
[2026-04-19T00:04:24.911+0000] {processor.py:183} INFO - Processing /home/airflow/.local/lib/python3.8/site-packages/airflow/example_dags/example_branch_day_of_week_operator.py took 0.119 seconds
[2026-04-19T00:04:55.145+0000] {processor.py:161} INFO - Started process (PID=10586) to work on /home/airflow/.local/lib/python3.8/site-packages/airflow/example_dags/example_branch_day_of_week_operator.py
[2026-04-19T00:04:55.146+0000] {processor.py:830} INFO - Processing file /home/airflow/.local/lib/python3.8/site-packages/airflow/example_dags/example_branch_day_of_week_operator.py for tasks to queue
[2026-04-19T00:04:55.149+0000] {logging_mixin.py:188} INFO - [2026-04-19T00:04:55.148+0000] {dagbag.py:538} INFO - Filling up the DagBag from /home/airflow/.local/lib/python3.8/site-packages/airflow/example_dags/example_branch_day_of_week_operator.py
[2026-04-19T00:04:55.160+0000] {processor.py:840} INFO - DAG(s) 'example_weekday_branch_operator' retrieved from /home/airflow/.local/lib/python3.8/site-packages/airflow/example_dags/example_branch_day_of_week_operator.py
[2026-04-19T00:04:55.198+0000] {logging_mixin.py:188} INFO - [2026-04-19T00:04:55.197+0000] {dag.py:3036} INFO - Sync 1 DAGs
[2026-04-19T00:04:55.233+0000] {logging_mixin.py:188} INFO - [2026-04-19T00:04:55.233+0000] {dag.py:3823} INFO - Setting next_dagrun for example_weekday_branch_operator to 2026-04-18 00:00:00+00:00, run_after=2026-04-19 00:00:00+00:00
[2026-04-19T00:04:55.257+0000] {processor.py:183} INFO - Processing /home/airflow/.local/lib/python3.8/site-packages/airflow/example_dags/example_branch_day_of_week_operator.py took 0.118 seconds
[2026-04-19T00:05:25.483+0000] {processor.py:161} INFO - Started process (PID=10641) to work on /home/airflow/.local/lib/python3.8/site-packages/airflow/example_dags/example_branch_day_of_week_operator.py
[2026-04-19T00:05:25.492+0000] {processor.py:830} INFO - Processing file /home/airflow/.local/lib/python3.8/site-packages/airflow/example_dags/example_branch_day_of_week_operator.py for tasks to queue
[2026-04-19T00:05:25.495+0000] {logging_mixin.py:188} INFO - [2026-04-19T00:05:25.495+0000] {dagbag.py:538} INFO - Filling up the DagBag from /home/airflow/.local/lib/python3.8/site-packages/airflow/example_dags/example_branch_day_of_week_operator.py
[2026-04-19T00:05:25.506+0000] {processor.py:840} INFO - DAG(s) 'example_weekday_branch_operator' retrieved from /home/airflow/.local/lib/python3.8/site-packages/airflow/example_dags/example_branch_day_of_week_operator.py
[2026-04-19T00:05:25.539+0000] {logging_mixin.py:188} INFO - [2026-04-19T00:05:25.538+0000] {dag.py:3036} INFO - Sync 1 DAGs
[2026-04-19T00:05:25.573+0000] {logging_mixin.py:188} INFO - [2026-04-19T00:05:25.572+0000] {dag.py:3823} INFO - Setting next_dagrun for example_weekday_branch_operator to 2026-04-18 00:00:00+00:00, run_after=2026-04-19 00:00:00+00:00
[2026-04-19T00:05:25.598+0000] {processor.py:183} INFO - Processing /home/airflow/.local/lib/python3.8/site-packages/airflow/example_dags/example_branch_day_of_week_operator.py took 0.120 seconds
[2026-04-19T00:05:55.941+0000] {processor.py:161} INFO - Started process (PID=10696) to work on /home/airflow/.local/lib/python3.8/site-packages/airflow/example_dags/example_branch_day_of_week_operator.py
[2026-04-19T00:05:55.951+0000] {processor.py:830} INFO - Processing file /home/airflow/.local/lib/python3.8/site-packages/airflow/example_dags/example_branch_day_of_week_operator.py for tasks to queue
[2026-04-19T00:05:55.954+0000] {logging_mixin.py:188} INFO - [2026-04-19T00:05:55.953+0000] {dagbag.py:538} INFO - Filling up the DagBag from /home/airflow/.local/lib/python3.8/site-packages/airflow/example_dags/example_branch_day_of_week_operator.py
[2026-04-19T00:05:55.965+0000] {processor.py:840} INFO - DAG(s) 'example_weekday_branch_operator' retrieved from /home/airflow/.local/lib/python3.8/site-packages/airflow/example_dags/example_branch_day_of_week_operator.py
[2026-04-19T00:05:56.003+0000] {logging_mixin.py:188} INFO - [2026-04-19T00:05:56.002+0000] {dag.py:3036} INFO - Sync 1 DAGs
[2026-04-19T00:05:56.036+0000] {logging_mixin.py:188} INFO - [2026-04-19T00:05:56.036+0000] {dag.py:3823} INFO - Setting next_dagrun for example_weekday_branch_operator to 2026-04-18 00:00:00+00:00, run_after=2026-04-19 00:00:00+00:00
[2026-04-19T00:05:56.060+0000] {processor.py:183} INFO - Processing /home/airflow/.local/lib/python3.8/site-packages/airflow/example_dags/example_branch_day_of_week_operator.py took 0.123 seconds
[2026-04-19T00:06:26.374+0000] {processor.py:161} INFO - Started process (PID=10751) to work on /home/airflow/.local/lib/python3.8/site-packages/airflow/example_dags/example_branch_day_of_week_operator.py
[2026-04-19T00:06:26.376+0000] {processor.py:830} INFO - Processing file /home/airflow/.local/lib/python3.8/site-packages/airflow/example_dags/example_branch_day_of_week_operator.py for tasks to queue
[2026-04-19T00:06:26.378+0000] {logging_mixin.py:188} INFO - [2026-04-19T00:06:26.378+0000] {dagbag.py:538} INFO - Filling up the DagBag from /home/airflow/.local/lib/python3.8/site-packages/airflow/example_dags/example_branch_day_of_week_operator.py
[2026-04-19T00:06:26.389+0000] {processor.py:840} INFO - DAG(s) 'example_weekday_branch_operator' retrieved from /home/airflow/.local/lib/python3.8/site-packages/airflow/example_dags/example_branch_day_of_week_operator.py
[2026-04-19T00:06:26.421+0000] {logging_mixin.py:188} INFO - [2026-04-19T00:06:26.420+0000] {dag.py:3036} INFO - Sync 1 DAGs
[2026-04-19T00:06:26.451+0000] {logging_mixin.py:188} INFO - [2026-04-19T00:06:26.451+0000] {dag.py:3823} INFO - Setting next_dagrun for example_weekday_branch_operator to 2026-04-18 00:00:00+00:00, run_after=2026-04-19 00:00:00+00:00
[2026-04-19T00:06:26.475+0000] {processor.py:183} INFO - Processing /home/airflow/.local/lib/python3.8/site-packages/airflow/example_dags/example_branch_day_of_week_operator.py took 0.106 seconds
[2026-04-19T00:06:56.581+0000] {processor.py:161} INFO - Started process (PID=10806) to work on /home/airflow/.local/lib/python3.8/site-packages/airflow/example_dags/example_branch_day_of_week_operator.py
[2026-04-19T00:06:56.590+0000] {processor.py:830} INFO - Processing file /home/airflow/.local/lib/python3.8/site-packages/airflow/example_dags/example_branch_day_of_week_operator.py for tasks to queue
[2026-04-19T00:06:56.593+0000] {logging_mixin.py:188} INFO - [2026-04-19T00:06:56.592+0000] {dagbag.py:538} INFO - Filling up the DagBag from /home/airflow/.local/lib/python3.8/site-packages/airflow/example_dags/example_branch_day_of_week_operator.py
[2026-04-19T00:06:56.604+0000] {processor.py:840} INFO - DAG(s) 'example_weekday_branch_operator' retrieved from /home/airflow/.local/lib/python3.8/site-packages/airflow/example_dags/example_branch_day_of_week_operator.py
[2026-04-19T00:06:56.639+0000] {logging_mixin.py:188} INFO - [2026-04-19T00:06:56.639+0000] {dag.py:3036} INFO - Sync 1 DAGs
[2026-04-19T00:06:56.671+0000] {logging_mixin.py:188} INFO - [2026-04-19T00:06:56.671+0000] {dag.py:3823} INFO - Setting next_dagrun for example_weekday_branch_operator to 2026-04-18 00:00:00+00:00, run_after=2026-04-19 00:00:00+00:00
[2026-04-19T00:06:56.695+0000] {processor.py:183} INFO - Processing /home/airflow/.local/lib/python3.8/site-packages/airflow/example_dags/example_branch_day_of_week_operator.py took 0.119 seconds
[2026-04-19T00:07:27.019+0000] {processor.py:161} INFO - Started process (PID=10861) to work on /home/airflow/.local/lib/python3.8/site-packages/airflow/example_dags/example_branch_day_of_week_operator.py
[2026-04-19T00:07:27.020+0000] {processor.py:830} INFO - Processing file /home/airflow/.local/lib/python3.8/site-packages/airflow/example_dags/example_branch_day_of_week_operator.py for tasks to queue
[2026-04-19T00:07:27.022+0000] {logging_mixin.py:188} INFO - [2026-04-19T00:07:27.022+0000] {dagbag.py:538} INFO - Filling up the DagBag from /home/airflow/.local/lib/python3.8/site-packages/airflow/example_dags/example_branch_day_of_week_operator.py
[2026-04-19T00:07:27.033+0000] {processor.py:840} INFO - DAG(s) 'example_weekday_branch_operator' retrieved from /home/airflow/.local/lib/python3.8/site-packages/airflow/example_dags/example_branch_day_of_week_operator.py
[2026-04-19T00:07:27.068+0000] {logging_mixin.py:188} INFO - [2026-04-19T00:07:27.067+0000] {dag.py:3036} INFO - Sync 1 DAGs
[2026-04-19T00:07:27.105+0000] {logging_mixin.py:188} INFO - [2026-04-19T00:07:27.105+0000] {dag.py:3823} INFO - Setting next_dagrun for example_weekday_branch_operator to 2026-04-18 00:00:00+00:00, run_after=2026-04-19 00:00:00+00:00
[2026-04-19T00:07:27.132+0000] {processor.py:183} INFO - Processing /home/airflow/.local/lib/python3.8/site-packages/airflow/example_dags/example_branch_day_of_week_operator.py took 0.119 seconds
[2026-04-19T00:07:57.261+0000] {processor.py:161} INFO - Started process (PID=10916) to work on /home/airflow/.local/lib/python3.8/site-packages/airflow/example_dags/example_branch_day_of_week_operator.py
[2026-04-19T00:07:57.270+0000] {processor.py:830} INFO - Processing file /home/airflow/.local/lib/python3.8/site-packages/airflow/example_dags/example_branch_day_of_week_operator.py for tasks to queue
[2026-04-19T00:07:57.273+0000] {logging_mixin.py:188} INFO - [2026-04-19T00:07:57.273+0000] {dagbag.py:538} INFO - Filling up the DagBag from /home/airflow/.local/lib/python3.8/site-packages/airflow/example_dags/example_branch_day_of_week_operator.py
[2026-04-19T00:07:57.284+0000] {processor.py:840} INFO - DAG(s) 'example_weekday_branch_operator' retrieved from /home/airflow/.local/lib/python3.8/site-packages/airflow/example_dags/example_branch_day_of_week_operator.py
[2026-04-19T00:07:57.315+0000] {logging_mixin.py:188} INFO - [2026-04-19T00:07:57.314+0000] {dag.py:3036} INFO - Sync 1 DAGs
[2026-04-19T00:07:57.347+0000] {logging_mixin.py:188} INFO - [2026-04-19T00:07:57.346+0000] {dag.py:3823} INFO - Setting next_dagrun for example_weekday_branch_operator to 2026-04-18 00:00:00+00:00, run_after=2026-04-19 00:00:00+00:00
[2026-04-19T00:07:57.369+0000] {processor.py:183} INFO - Processing /home/airflow/.local/lib/python3.8/site-packages/airflow/example_dags/example_branch_day_of_week_operator.py took 0.112 seconds
[2026-04-19T00:08:27.509+0000] {processor.py:161} INFO - Started process (PID=10971) to work on /home/airflow/.local/lib/python3.8/site-packages/airflow/example_dags/example_branch_day_of_week_operator.py
[2026-04-19T00:08:27.511+0000] {processor.py:830} INFO - Processing file /home/airflow/.local/lib/python3.8/site-packages/airflow/example_dags/example_branch_day_of_week_operator.py for tasks to queue
[2026-04-19T00:08:27.513+0000] {logging_mixin.py:188} INFO - [2026-04-19T00:08:27.513+0000] {dagbag.py:538} INFO - Filling up the DagBag from /home/airflow/.local/lib/python3.8/site-packages/airflow/example_dags/example_branch_day_of_week_operator.py
[2026-04-19T00:08:27.524+0000] {processor.py:840} INFO - DAG(s) 'example_weekday_branch_operator' retrieved from /home/airflow/.local/lib/python3.8/site-packages/airflow/example_dags/example_branch_day_of_week_operator.py
[2026-04-19T00:08:27.557+0000] {logging_mixin.py:188} INFO - [2026-04-19T00:08:27.557+0000] {dag.py:3036} INFO - Sync 1 DAGs
[2026-04-19T00:08:27.589+0000] {logging_mixin.py:188} INFO - [2026-04-19T00:08:27.589+0000] {dag.py:3823} INFO - Setting next_dagrun for example_weekday_branch_operator to 2026-04-18 00:00:00+00:00, run_after=2026-04-19 00:00:00+00:00
[2026-04-19T00:08:27.612+0000] {processor.py:183} INFO - Processing /home/airflow/.local/lib/python3.8/site-packages/airflow/example_dags/example_branch_day_of_week_operator.py took 0.107 seconds
[2026-04-19T00:08:57.959+0000] {processor.py:161} INFO - Started process (PID=11026) to work on /home/airflow/.local/lib/python3.8/site-packages/airflow/example_dags/example_branch_day_of_week_operator.py
[2026-04-19T00:08:57.960+0000] {processor.py:830} INFO - Processing file /home/airflow/.local/lib/python3.8/site-packages/airflow/example_dags/example_branch_day_of_week_operator.py for tasks to queue
[2026-04-19T00:08:57.963+0000] {logging_mixin.py:188} INFO - [2026-04-19T00:08:57.962+0000] {dagbag.py:538} INFO - Filling up the DagBag from /home/airflow/.local/lib/python3.8/site-packages/airflow/example_dags/example_branch_day_of_week_operator.py
[2026-04-19T00:08:57.975+0000] {processor.py:840} INFO - DAG(s) 'example_weekday_branch_operator' retrieved from /home/airflow/.local/lib/python3.8/site-packages/airflow/example_dags/example_branch_day_of_week_operator.py
[2026-04-19T00:08:58.011+0000] {logging_mixin.py:188} INFO - [2026-04-19T00:08:58.011+0000] {dag.py:3036} INFO - Sync 1 DAGs
[2026-04-19T00:08:58.042+0000] {logging_mixin.py:188} INFO - [2026-04-19T00:08:58.042+0000] {dag.py:3823} INFO - Setting next_dagrun for example_weekday_branch_operator to 2026-04-18 00:00:00+00:00, run_after=2026-04-19 00:00:00+00:00
[2026-04-19T00:08:58.065+0000] {processor.py:183} INFO - Processing /home/airflow/.local/lib/python3.8/site-packages/airflow/example_dags/example_branch_day_of_week_operator.py took 0.111 seconds
[2026-04-19T00:09:28.353+0000] {processor.py:161} INFO - Started process (PID=11081) to work on /home/airflow/.local/lib/python3.8/site-packages/airflow/example_dags/example_branch_day_of_week_operator.py
[2026-04-19T00:09:28.362+0000] {processor.py:830} INFO - Processing file /home/airflow/.local/lib/python3.8/site-packages/airflow/example_dags/example_branch_day_of_week_operator.py for tasks to queue
[2026-04-19T00:09:28.365+0000] {logging_mixin.py:188} INFO - [2026-04-19T00:09:28.365+0000] {dagbag.py:538} INFO - Filling up the DagBag from /home/airflow/.local/lib/python3.8/site-packages/airflow/example_dags/example_branch_day_of_week_operator.py
[2026-04-19T00:09:28.376+0000] {processor.py:840} INFO - DAG(s) 'example_weekday_branch_operator' retrieved from /home/airflow/.local/lib/python3.8/site-packages/airflow/example_dags/example_branch_day_of_week_operator.py
[2026-04-19T00:09:28.410+0000] {logging_mixin.py:188} INFO - [2026-04-19T00:09:28.410+0000] {dag.py:3036} INFO - Sync 1 DAGs
[2026-04-19T00:09:28.443+0000] {logging_mixin.py:188} INFO - [2026-04-19T00:09:28.442+0000] {dag.py:3823} INFO - Setting next_dagrun for example_weekday_branch_operator to 2026-04-18 00:00:00+00:00, run_after=2026-04-19 00:00:00+00:00
[2026-04-19T00:09:28.466+0000] {processor.py:183} INFO - Processing /home/airflow/.local/lib/python3.8/site-packages/airflow/example_dags/example_branch_day_of_week_operator.py took 0.118 seconds
[2026-04-19T00:09:58.945+0000] {processor.py:161} INFO - Started process (PID=11136) to work on /home/airflow/.local/lib/python3.8/site-packages/airflow/example_dags/example_branch_day_of_week_operator.py
[2026-04-19T00:09:58.954+0000] {processor.py:830} INFO - Processing file /home/airflow/.local/lib/python3.8/site-packages/airflow/example_dags/example_branch_day_of_week_operator.py for tasks to queue
[2026-04-19T00:09:58.957+0000] {logging_mixin.py:188} INFO - [2026-04-19T00:09:58.957+0000] {dagbag.py:538} INFO - Filling up the DagBag from /home/airflow/.local/lib/python3.8/site-packages/airflow/example_dags/example_branch_day_of_week_operator.py
[2026-04-19T00:09:58.969+0000] {processor.py:840} INFO - DAG(s) 'example_weekday_branch_operator' retrieved from /home/airflow/.local/lib/python3.8/site-packages/airflow/example_dags/example_branch_day_of_week_operator.py
[2026-04-19T00:09:59.004+0000] {logging_mixin.py:188} INFO - [2026-04-19T00:09:59.003+0000] {dag.py:3036} INFO - Sync 1 DAGs
[2026-04-19T00:09:59.041+0000] {logging_mixin.py:188} INFO - [2026-04-19T00:09:59.041+0000] {dag.py:3823} INFO - Setting next_dagrun for example_weekday_branch_operator to 2026-04-18 00:00:00+00:00, run_after=2026-04-19 00:00:00+00:00
[2026-04-19T00:09:59.064+0000] {processor.py:183} INFO - Processing /home/airflow/.local/lib/python3.8/site-packages/airflow/example_dags/example_branch_day_of_week_operator.py took 0.124 seconds
[2026-04-19T00:10:29.382+0000] {processor.py:161} INFO - Started process (PID=11191) to work on /home/airflow/.local/lib/python3.8/site-packages/airflow/example_dags/example_branch_day_of_week_operator.py
[2026-04-19T00:10:29.391+0000] {processor.py:830} INFO - Processing file /home/airflow/.local/lib/python3.8/site-packages/airflow/example_dags/example_branch_day_of_week_operator.py for tasks to queue
[2026-04-19T00:10:29.394+0000] {logging_mixin.py:188} INFO - [2026-04-19T00:10:29.393+0000] {dagbag.py:538} INFO - Filling up the DagBag from /home/airflow/.local/lib/python3.8/site-packages/airflow/example_dags/example_branch_day_of_week_operator.py
[2026-04-19T00:10:29.405+0000] {processor.py:840} INFO - DAG(s) 'example_weekday_branch_operator' retrieved from /home/airflow/.local/lib/python3.8/site-packages/airflow/example_dags/example_branch_day_of_week_operator.py
[2026-04-19T00:10:29.441+0000] {logging_mixin.py:188} INFO - [2026-04-19T00:10:29.440+0000] {dag.py:3036} INFO - Sync 1 DAGs
[2026-04-19T00:10:29.473+0000] {logging_mixin.py:188} INFO - [2026-04-19T00:10:29.472+0000] {dag.py:3823} INFO - Setting next_dagrun for example_weekday_branch_operator to 2026-04-18 00:00:00+00:00, run_after=2026-04-19 00:00:00+00:00
[2026-04-19T00:10:29.498+0000] {processor.py:183} INFO - Processing /home/airflow/.local/lib/python3.8/site-packages/airflow/example_dags/example_branch_day_of_week_operator.py took 0.121 seconds
[2026-04-19T00:10:59.817+0000] {processor.py:161} INFO - Started process (PID=11246) to work on /home/airflow/.local/lib/python3.8/site-packages/airflow/example_dags/example_branch_day_of_week_operator.py
[2026-04-19T00:10:59.818+0000] {processor.py:830} INFO - Processing file /home/airflow/.local/lib/python3.8/site-packages/airflow/example_dags/example_branch_day_of_week_operator.py for tasks to queue
[2026-04-19T00:10:59.821+0000] {logging_mixin.py:188} INFO - [2026-04-19T00:10:59.821+0000] {dagbag.py:538} INFO - Filling up the DagBag from /home/airflow/.local/lib/python3.8/site-packages/airflow/example_dags/example_branch_day_of_week_operator.py
[2026-04-19T00:10:59.832+0000] {processor.py:840} INFO - DAG(s) 'example_weekday_branch_operator' retrieved from /home/airflow/.local/lib/python3.8/site-packages/airflow/example_dags/example_branch_day_of_week_operator.py
[2026-04-19T00:10:59.865+0000] {logging_mixin.py:188} INFO - [2026-04-19T00:10:59.865+0000] {dag.py:3036} INFO - Sync 1 DAGs
[2026-04-19T00:10:59.897+0000] {logging_mixin.py:188} INFO - [2026-04-19T00:10:59.897+0000] {dag.py:3823} INFO - Setting next_dagrun for example_weekday_branch_operator to 2026-04-18 00:00:00+00:00, run_after=2026-04-19 00:00:00+00:00
[2026-04-19T00:10:59.922+0000] {processor.py:183} INFO - Processing /home/airflow/.local/lib/python3.8/site-packages/airflow/example_dags/example_branch_day_of_week_operator.py took 0.109 seconds
[2026-04-19T00:11:30.311+0000] {processor.py:161} INFO - Started process (PID=11301) to work on /home/airflow/.local/lib/python3.8/site-packages/airflow/example_dags/example_branch_day_of_week_operator.py
[2026-04-19T00:11:30.321+0000] {processor.py:830} INFO - Processing file /home/airflow/.local/lib/python3.8/site-packages/airflow/example_dags/example_branch_day_of_week_operator.py for tasks to queue
[2026-04-19T00:11:30.325+0000] {logging_mixin.py:188} INFO - [2026-04-19T00:11:30.324+0000] {dagbag.py:538} INFO - Filling up the DagBag from /home/airflow/.local/lib/python3.8/site-packages/airflow/example_dags/example_branch_day_of_week_operator.py
[2026-04-19T00:11:30.338+0000] {processor.py:840} INFO - DAG(s) 'example_weekday_branch_operator' retrieved from /home/airflow/.local/lib/python3.8/site-packages/airflow/example_dags/example_branch_day_of_week_operator.py
[2026-04-19T00:11:30.377+0000] {logging_mixin.py:188} INFO - [2026-04-19T00:11:30.377+0000] {dag.py:3036} INFO - Sync 1 DAGs
[2026-04-19T00:11:30.415+0000] {logging_mixin.py:188} INFO - [2026-04-19T00:11:30.414+0000] {dag.py:3823} INFO - Setting next_dagrun for example_weekday_branch_operator to 2026-04-18 00:00:00+00:00, run_after=2026-04-19 00:00:00+00:00
[2026-04-19T00:11:30.443+0000] {processor.py:183} INFO - Processing /home/airflow/.local/lib/python3.8/site-packages/airflow/example_dags/example_branch_day_of_week_operator.py took 0.138 seconds
[2026-04-19T00:12:00.758+0000] {processor.py:161} INFO - Started process (PID=11356) to work on /home/airflow/.local/lib/python3.8/site-packages/airflow/example_dags/example_branch_day_of_week_operator.py
[2026-04-19T00:12:00.767+0000] {processor.py:830} INFO - Processing file /home/airflow/.local/lib/python3.8/site-packages/airflow/example_dags/example_branch_day_of_week_operator.py for tasks to queue
[2026-04-19T00:12:00.770+0000] {logging_mixin.py:188} INFO - [2026-04-19T00:12:00.770+0000] {dagbag.py:538} INFO - Filling up the DagBag from /home/airflow/.local/lib/python3.8/site-packages/airflow/example_dags/example_branch_day_of_week_operator.py
[2026-04-19T00:12:00.783+0000] {processor.py:840} INFO - DAG(s) 'example_weekday_branch_operator' retrieved from /home/airflow/.local/lib/python3.8/site-packages/airflow/example_dags/example_branch_day_of_week_operator.py
[2026-04-19T00:12:00.812+0000] {logging_mixin.py:188} INFO - [2026-04-19T00:12:00.812+0000] {dag.py:3036} INFO - Sync 1 DAGs
[2026-04-19T00:12:00.845+0000] {logging_mixin.py:188} INFO - [2026-04-19T00:12:00.845+0000] {dag.py:3823} INFO - Setting next_dagrun for example_weekday_branch_operator to 2026-04-18 00:00:00+00:00, run_after=2026-04-19 00:00:00+00:00
[2026-04-19T00:12:00.867+0000] {processor.py:183} INFO - Processing /home/airflow/.local/lib/python3.8/site-packages/airflow/example_dags/example_branch_day_of_week_operator.py took 0.114 seconds
[2026-04-19T00:12:31.171+0000] {processor.py:161} INFO - Started process (PID=11411) to work on /home/airflow/.local/lib/python3.8/site-packages/airflow/example_dags/example_branch_day_of_week_operator.py
[2026-04-19T00:12:31.180+0000] {processor.py:830} INFO - Processing file /home/airflow/.local/lib/python3.8/site-packages/airflow/example_dags/example_branch_day_of_week_operator.py for tasks to queue
[2026-04-19T00:12:31.183+0000] {logging_mixin.py:188} INFO - [2026-04-19T00:12:31.183+0000] {dagbag.py:538} INFO - Filling up the DagBag from /home/airflow/.local/lib/python3.8/site-packages/airflow/example_dags/example_branch_day_of_week_operator.py
[2026-04-19T00:12:31.195+0000] {processor.py:840} INFO - DAG(s) 'example_weekday_branch_operator' retrieved from /home/airflow/.local/lib/python3.8/site-packages/airflow/example_dags/example_branch_day_of_week_operator.py
[2026-04-19T00:12:31.229+0000] {logging_mixin.py:188} INFO - [2026-04-19T00:12:31.229+0000] {dag.py:3036} INFO - Sync 1 DAGs
[2026-04-19T00:12:31.263+0000] {logging_mixin.py:188} INFO - [2026-04-19T00:12:31.262+0000] {dag.py:3823} INFO - Setting next_dagrun for example_weekday_branch_operator to 2026-04-18 00:00:00+00:00, run_after=2026-04-19 00:00:00+00:00
[2026-04-19T00:12:31.286+0000] {processor.py:183} INFO - Processing /home/airflow/.local/lib/python3.8/site-packages/airflow/example_dags/example_branch_day_of_week_operator.py took 0.119 seconds
[2026-04-19T00:13:01.527+0000] {processor.py:161} INFO - Started process (PID=11466) to work on /home/airflow/.local/lib/python3.8/site-packages/airflow/example_dags/example_branch_day_of_week_operator.py
[2026-04-19T00:13:01.528+0000] {processor.py:830} INFO - Processing file /home/airflow/.local/lib/python3.8/site-packages/airflow/example_dags/example_branch_day_of_week_operator.py for tasks to queue
[2026-04-19T00:13:01.531+0000] {logging_mixin.py:188} INFO - [2026-04-19T00:13:01.531+0000] {dagbag.py:538} INFO - Filling up the DagBag from /home/airflow/.local/lib/python3.8/site-packages/airflow/example_dags/example_branch_day_of_week_operator.py
[2026-04-19T00:13:01.544+0000] {processor.py:840} INFO - DAG(s) 'example_weekday_branch_operator' retrieved from /home/airflow/.local/lib/python3.8/site-packages/airflow/example_dags/example_branch_day_of_week_operator.py
[2026-04-19T00:13:01.580+0000] {logging_mixin.py:188} INFO - [2026-04-19T00:13:01.580+0000] {dag.py:3036} INFO - Sync 1 DAGs
[2026-04-19T00:13:01.613+0000] {logging_mixin.py:188} INFO - [2026-04-19T00:13:01.612+0000] {dag.py:3823} INFO - Setting next_dagrun for example_weekday_branch_operator to 2026-04-18 00:00:00+00:00, run_after=2026-04-19 00:00:00+00:00
[2026-04-19T00:13:01.640+0000] {processor.py:183} INFO - Processing /home/airflow/.local/lib/python3.8/site-packages/airflow/example_dags/example_branch_day_of_week_operator.py took 0.119 seconds
[2026-04-19T00:13:32.035+0000] {processor.py:161} INFO - Started process (PID=11521) to work on /home/airflow/.local/lib/python3.8/site-packages/airflow/example_dags/example_branch_day_of_week_operator.py
[2026-04-19T00:13:32.036+0000] {processor.py:830} INFO - Processing file /home/airflow/.local/lib/python3.8/site-packages/airflow/example_dags/example_branch_day_of_week_operator.py for tasks to queue
[2026-04-19T00:13:32.038+0000] {logging_mixin.py:188} INFO - [2026-04-19T00:13:32.038+0000] {dagbag.py:538} INFO - Filling up the DagBag from /home/airflow/.local/lib/python3.8/site-packages/airflow/example_dags/example_branch_day_of_week_operator.py
[2026-04-19T00:13:32.049+0000] {processor.py:840} INFO - DAG(s) 'example_weekday_branch_operator' retrieved from /home/airflow/.local/lib/python3.8/site-packages/airflow/example_dags/example_branch_day_of_week_operator.py
[2026-04-19T00:13:32.082+0000] {logging_mixin.py:188} INFO - [2026-04-19T00:13:32.082+0000] {dag.py:3036} INFO - Sync 1 DAGs
[2026-04-19T00:13:32.114+0000] {logging_mixin.py:188} INFO - [2026-04-19T00:13:32.114+0000] {dag.py:3823} INFO - Setting next_dagrun for example_weekday_branch_operator to 2026-04-18 00:00:00+00:00, run_after=2026-04-19 00:00:00+00:00
[2026-04-19T00:13:32.137+0000] {processor.py:183} INFO - Processing /home/airflow/.local/lib/python3.8/site-packages/airflow/example_dags/example_branch_day_of_week_operator.py took 0.107 seconds
[2026-04-19T00:14:02.505+0000] {processor.py:161} INFO - Started process (PID=11576) to work on /home/airflow/.local/lib/python3.8/site-packages/airflow/example_dags/example_branch_day_of_week_operator.py
[2026-04-19T00:14:02.514+0000] {processor.py:830} INFO - Processing file /home/airflow/.local/lib/python3.8/site-packages/airflow/example_dags/example_branch_day_of_week_operator.py for tasks to queue
[2026-04-19T00:14:02.517+0000] {logging_mixin.py:188} INFO - [2026-04-19T00:14:02.517+0000] {dagbag.py:538} INFO - Filling up the DagBag from /home/airflow/.local/lib/python3.8/site-packages/airflow/example_dags/example_branch_day_of_week_operator.py
[2026-04-19T00:14:02.528+0000] {processor.py:840} INFO - DAG(s) 'example_weekday_branch_operator' retrieved from /home/airflow/.local/lib/python3.8/site-packages/airflow/example_dags/example_branch_day_of_week_operator.py
[2026-04-19T00:14:02.559+0000] {logging_mixin.py:188} INFO - [2026-04-19T00:14:02.559+0000] {dag.py:3036} INFO - Sync 1 DAGs
[2026-04-19T00:14:02.591+0000] {logging_mixin.py:188} INFO - [2026-04-19T00:14:02.591+0000] {dag.py:3823} INFO - Setting next_dagrun for example_weekday_branch_operator to 2026-04-18 00:00:00+00:00, run_after=2026-04-19 00:00:00+00:00
[2026-04-19T00:14:02.614+0000] {processor.py:183} INFO - Processing /home/airflow/.local/lib/python3.8/site-packages/airflow/example_dags/example_branch_day_of_week_operator.py took 0.114 seconds
[2026-04-19T00:14:33.117+0000] {processor.py:161} INFO - Started process (PID=11631) to work on /home/airflow/.local/lib/python3.8/site-packages/airflow/example_dags/example_branch_day_of_week_operator.py
[2026-04-19T00:14:33.126+0000] {processor.py:830} INFO - Processing file /home/airflow/.local/lib/python3.8/site-packages/airflow/example_dags/example_branch_day_of_week_operator.py for tasks to queue
[2026-04-19T00:14:33.130+0000] {logging_mixin.py:188} INFO - [2026-04-19T00:14:33.129+0000] {dagbag.py:538} INFO - Filling up the DagBag from /home/airflow/.local/lib/python3.8/site-packages/airflow/example_dags/example_branch_day_of_week_operator.py
[2026-04-19T00:14:33.144+0000] {processor.py:840} INFO - DAG(s) 'example_weekday_branch_operator' retrieved from /home/airflow/.local/lib/python3.8/site-packages/airflow/example_dags/example_branch_day_of_week_operator.py
[2026-04-19T00:14:33.182+0000] {logging_mixin.py:188} INFO - [2026-04-19T00:14:33.182+0000] {dag.py:3036} INFO - Sync 1 DAGs
[2026-04-19T00:14:33.228+0000] {logging_mixin.py:188} INFO - [2026-04-19T00:14:33.228+0000] {dag.py:3823} INFO - Setting next_dagrun for example_weekday_branch_operator to 2026-04-18 00:00:00+00:00, run_after=2026-04-19 00:00:00+00:00
[2026-04-19T00:14:33.260+0000] {processor.py:183} INFO - Processing /home/airflow/.local/lib/python3.8/site-packages/airflow/example_dags/example_branch_day_of_week_operator.py took 0.149 seconds
[2026-04-19T00:15:03.664+0000] {processor.py:161} INFO - Started process (PID=11686) to work on /home/airflow/.local/lib/python3.8/site-packages/airflow/example_dags/example_branch_day_of_week_operator.py
[2026-04-19T00:15:03.666+0000] {processor.py:830} INFO - Processing file /home/airflow/.local/lib/python3.8/site-packages/airflow/example_dags/example_branch_day_of_week_operator.py for tasks to queue
[2026-04-19T00:15:03.668+0000] {logging_mixin.py:188} INFO - [2026-04-19T00:15:03.668+0000] {dagbag.py:538} INFO - Filling up the DagBag from /home/airflow/.local/lib/python3.8/site-packages/airflow/example_dags/example_branch_day_of_week_operator.py
[2026-04-19T00:15:03.681+0000] {processor.py:840} INFO - DAG(s) 'example_weekday_branch_operator' retrieved from /home/airflow/.local/lib/python3.8/site-packages/airflow/example_dags/example_branch_day_of_week_operator.py
[2026-04-19T00:15:03.718+0000] {logging_mixin.py:188} INFO - [2026-04-19T00:15:03.718+0000] {dag.py:3036} INFO - Sync 1 DAGs
[2026-04-19T00:15:03.752+0000] {logging_mixin.py:188} INFO - [2026-04-19T00:15:03.751+0000] {dag.py:3823} INFO - Setting next_dagrun for example_weekday_branch_operator to 2026-04-18 00:00:00+00:00, run_after=2026-04-19 00:00:00+00:00
[2026-04-19T00:15:03.775+0000] {processor.py:183} INFO - Processing /home/airflow/.local/lib/python3.8/site-packages/airflow/example_dags/example_branch_day_of_week_operator.py took 0.115 seconds
[2026-04-19T00:15:34.130+0000] {processor.py:161} INFO - Started process (PID=11742) to work on /home/airflow/.local/lib/python3.8/site-packages/airflow/example_dags/example_branch_day_of_week_operator.py
[2026-04-19T00:15:34.131+0000] {processor.py:830} INFO - Processing file /home/airflow/.local/lib/python3.8/site-packages/airflow/example_dags/example_branch_day_of_week_operator.py for tasks to queue
[2026-04-19T00:15:34.133+0000] {logging_mixin.py:188} INFO - [2026-04-19T00:15:34.133+0000] {dagbag.py:538} INFO - Filling up the DagBag from /home/airflow/.local/lib/python3.8/site-packages/airflow/example_dags/example_branch_day_of_week_operator.py
[2026-04-19T00:15:34.144+0000] {processor.py:840} INFO - DAG(s) 'example_weekday_branch_operator' retrieved from /home/airflow/.local/lib/python3.8/site-packages/airflow/example_dags/example_branch_day_of_week_operator.py
[2026-04-19T00:15:34.175+0000] {logging_mixin.py:188} INFO - [2026-04-19T00:15:34.175+0000] {dag.py:3036} INFO - Sync 1 DAGs
[2026-04-19T00:15:34.207+0000] {logging_mixin.py:188} INFO - [2026-04-19T00:15:34.206+0000] {dag.py:3823} INFO - Setting next_dagrun for example_weekday_branch_operator to 2026-04-18 00:00:00+00:00, run_after=2026-04-19 00:00:00+00:00
[2026-04-19T00:15:34.235+0000] {processor.py:183} INFO - Processing /home/airflow/.local/lib/python3.8/site-packages/airflow/example_dags/example_branch_day_of_week_operator.py took 0.111 seconds
[2026-04-19T00:16:05.055+0000] {processor.py:161} INFO - Started process (PID=11797) to work on /home/airflow/.local/lib/python3.8/site-packages/airflow/example_dags/example_branch_day_of_week_operator.py
[2026-04-19T00:16:05.056+0000] {processor.py:830} INFO - Processing file /home/airflow/.local/lib/python3.8/site-packages/airflow/example_dags/example_branch_day_of_week_operator.py for tasks to queue
[2026-04-19T00:16:05.057+0000] {logging_mixin.py:188} INFO - [2026-04-19T00:16:05.057+0000] {dagbag.py:538} INFO - Filling up the DagBag from /home/airflow/.local/lib/python3.8/site-packages/airflow/example_dags/example_branch_day_of_week_operator.py
[2026-04-19T00:16:05.064+0000] {processor.py:840} INFO - DAG(s) 'example_weekday_branch_operator' retrieved from /home/airflow/.local/lib/python3.8/site-packages/airflow/example_dags/example_branch_day_of_week_operator.py
[2026-04-19T00:16:05.080+0000] {logging_mixin.py:188} INFO - [2026-04-19T00:16:05.080+0000] {dag.py:3036} INFO - Sync 1 DAGs
[2026-04-19T00:16:05.097+0000] {logging_mixin.py:188} INFO - [2026-04-19T00:16:05.097+0000] {dag.py:3823} INFO - Setting next_dagrun for example_weekday_branch_operator to 2026-04-18 00:00:00+00:00, run_after=2026-04-19 00:00:00+00:00
[2026-04-19T00:16:05.110+0000] {processor.py:183} INFO - Processing /home/airflow/.local/lib/python3.8/site-packages/airflow/example_dags/example_branch_day_of_week_operator.py took 0.059 seconds
[2026-04-19T00:16:35.167+0000] {processor.py:161} INFO - Started process (PID=11852) to work on /home/airflow/.local/lib/python3.8/site-packages/airflow/example_dags/example_branch_day_of_week_operator.py
[2026-04-19T00:16:35.168+0000] {processor.py:830} INFO - Processing file /home/airflow/.local/lib/python3.8/site-packages/airflow/example_dags/example_branch_day_of_week_operator.py for tasks to queue
[2026-04-19T00:16:35.171+0000] {logging_mixin.py:188} INFO - [2026-04-19T00:16:35.170+0000] {dagbag.py:538} INFO - Filling up the DagBag from /home/airflow/.local/lib/python3.8/site-packages/airflow/example_dags/example_branch_day_of_week_operator.py
[2026-04-19T00:16:35.181+0000] {processor.py:840} INFO - DAG(s) 'example_weekday_branch_operator' retrieved from /home/airflow/.local/lib/python3.8/site-packages/airflow/example_dags/example_branch_day_of_week_operator.py
[2026-04-19T00:16:35.217+0000] {logging_mixin.py:188} INFO - [2026-04-19T00:16:35.217+0000] {dag.py:3036} INFO - Sync 1 DAGs
[2026-04-19T00:16:35.252+0000] {logging_mixin.py:188} INFO - [2026-04-19T00:16:35.251+0000] {dag.py:3823} INFO - Setting next_dagrun for example_weekday_branch_operator to 2026-04-18 00:00:00+00:00, run_after=2026-04-19 00:00:00+00:00
[2026-04-19T00:16:35.276+0000] {processor.py:183} INFO - Processing /home/airflow/.local/lib/python3.8/site-packages/airflow/example_dags/example_branch_day_of_week_operator.py took 0.114 seconds
[2026-04-19T00:17:05.417+0000] {processor.py:161} INFO - Started process (PID=11907) to work on /home/airflow/.local/lib/python3.8/site-packages/airflow/example_dags/example_branch_day_of_week_operator.py
[2026-04-19T00:17:05.419+0000] {processor.py:830} INFO - Processing file /home/airflow/.local/lib/python3.8/site-packages/airflow/example_dags/example_branch_day_of_week_operator.py for tasks to queue
[2026-04-19T00:17:05.421+0000] {logging_mixin.py:188} INFO - [2026-04-19T00:17:05.421+0000] {dagbag.py:538} INFO - Filling up the DagBag from /home/airflow/.local/lib/python3.8/site-packages/airflow/example_dags/example_branch_day_of_week_operator.py
[2026-04-19T00:17:05.432+0000] {processor.py:840} INFO - DAG(s) 'example_weekday_branch_operator' retrieved from /home/airflow/.local/lib/python3.8/site-packages/airflow/example_dags/example_branch_day_of_week_operator.py
[2026-04-19T00:17:05.467+0000] {logging_mixin.py:188} INFO - [2026-04-19T00:17:05.467+0000] {dag.py:3036} INFO - Sync 1 DAGs
[2026-04-19T00:17:05.501+0000] {logging_mixin.py:188} INFO - [2026-04-19T00:17:05.501+0000] {dag.py:3823} INFO - Setting next_dagrun for example_weekday_branch_operator to 2026-04-18 00:00:00+00:00, run_after=2026-04-19 00:00:00+00:00
[2026-04-19T00:17:05.526+0000] {processor.py:183} INFO - Processing /home/airflow/.local/lib/python3.8/site-packages/airflow/example_dags/example_branch_day_of_week_operator.py took 0.113 seconds
[2026-04-19T00:17:35.893+0000] {processor.py:161} INFO - Started process (PID=11962) to work on /home/airflow/.local/lib/python3.8/site-packages/airflow/example_dags/example_branch_day_of_week_operator.py
[2026-04-19T00:17:35.895+0000] {processor.py:830} INFO - Processing file /home/airflow/.local/lib/python3.8/site-packages/airflow/example_dags/example_branch_day_of_week_operator.py for tasks to queue
[2026-04-19T00:17:35.897+0000] {logging_mixin.py:188} INFO - [2026-04-19T00:17:35.897+0000] {dagbag.py:538} INFO - Filling up the DagBag from /home/airflow/.local/lib/python3.8/site-packages/airflow/example_dags/example_branch_day_of_week_operator.py
[2026-04-19T00:17:35.908+0000] {processor.py:840} INFO - DAG(s) 'example_weekday_branch_operator' retrieved from /home/airflow/.local/lib/python3.8/site-packages/airflow/example_dags/example_branch_day_of_week_operator.py
[2026-04-19T00:17:35.939+0000] {logging_mixin.py:188} INFO - [2026-04-19T00:17:35.939+0000] {dag.py:3036} INFO - Sync 1 DAGs
[2026-04-19T00:17:35.974+0000] {logging_mixin.py:188} INFO - [2026-04-19T00:17:35.974+0000] {dag.py:3823} INFO - Setting next_dagrun for example_weekday_branch_operator to 2026-04-18 00:00:00+00:00, run_after=2026-04-19 00:00:00+00:00
[2026-04-19T00:17:36.001+0000] {processor.py:183} INFO - Processing /home/airflow/.local/lib/python3.8/site-packages/airflow/example_dags/example_branch_day_of_week_operator.py took 0.112 seconds
[2026-04-19T00:18:06.490+0000] {processor.py:161} INFO - Started process (PID=12017) to work on /home/airflow/.local/lib/python3.8/site-packages/airflow/example_dags/example_branch_day_of_week_operator.py
[2026-04-19T00:18:06.492+0000] {processor.py:830} INFO - Processing file /home/airflow/.local/lib/python3.8/site-packages/airflow/example_dags/example_branch_day_of_week_operator.py for tasks to queue
[2026-04-19T00:18:06.494+0000] {logging_mixin.py:188} INFO - [2026-04-19T00:18:06.494+0000] {dagbag.py:538} INFO - Filling up the DagBag from /home/airflow/.local/lib/python3.8/site-packages/airflow/example_dags/example_branch_day_of_week_operator.py
[2026-04-19T00:18:06.505+0000] {processor.py:840} INFO - DAG(s) 'example_weekday_branch_operator' retrieved from /home/airflow/.local/lib/python3.8/site-packages/airflow/example_dags/example_branch_day_of_week_operator.py
[2026-04-19T00:18:06.539+0000] {logging_mixin.py:188} INFO - [2026-04-19T00:18:06.539+0000] {dag.py:3036} INFO - Sync 1 DAGs
[2026-04-19T00:18:06.579+0000] {logging_mixin.py:188} INFO - [2026-04-19T00:18:06.579+0000] {dag.py:3823} INFO - Setting next_dagrun for example_weekday_branch_operator to 2026-04-18 00:00:00+00:00, run_after=2026-04-19 00:00:00+00:00
[2026-04-19T00:18:06.604+0000] {processor.py:183} INFO - Processing /home/airflow/.local/lib/python3.8/site-packages/airflow/example_dags/example_branch_day_of_week_operator.py took 0.120 seconds
[2026-04-19T00:18:37.002+0000] {processor.py:161} INFO - Started process (PID=12072) to work on /home/airflow/.local/lib/python3.8/site-packages/airflow/example_dags/example_branch_day_of_week_operator.py
[2026-04-19T00:18:37.004+0000] {processor.py:830} INFO - Processing file /home/airflow/.local/lib/python3.8/site-packages/airflow/example_dags/example_branch_day_of_week_operator.py for tasks to queue
[2026-04-19T00:18:37.006+0000] {logging_mixin.py:188} INFO - [2026-04-19T00:18:37.006+0000] {dagbag.py:538} INFO - Filling up the DagBag from /home/airflow/.local/lib/python3.8/site-packages/airflow/example_dags/example_branch_day_of_week_operator.py
[2026-04-19T00:18:37.017+0000] {processor.py:840} INFO - DAG(s) 'example_weekday_branch_operator' retrieved from /home/airflow/.local/lib/python3.8/site-packages/airflow/example_dags/example_branch_day_of_week_operator.py
[2026-04-19T00:18:37.048+0000] {logging_mixin.py:188} INFO - [2026-04-19T00:18:37.047+0000] {dag.py:3036} INFO - Sync 1 DAGs
[2026-04-19T00:18:37.090+0000] {logging_mixin.py:188} INFO - [2026-04-19T00:18:37.089+0000] {dag.py:3823} INFO - Setting next_dagrun for example_weekday_branch_operator to 2026-04-18 00:00:00+00:00, run_after=2026-04-19 00:00:00+00:00
[2026-04-19T00:18:37.126+0000] {processor.py:183} INFO - Processing /home/airflow/.local/lib/python3.8/site-packages/airflow/example_dags/example_branch_day_of_week_operator.py took 0.129 seconds
[2026-04-19T00:19:07.409+0000] {processor.py:161} INFO - Started process (PID=12126) to work on /home/airflow/.local/lib/python3.8/site-packages/airflow/example_dags/example_branch_day_of_week_operator.py
[2026-04-19T00:19:07.411+0000] {processor.py:830} INFO - Processing file /home/airflow/.local/lib/python3.8/site-packages/airflow/example_dags/example_branch_day_of_week_operator.py for tasks to queue
[2026-04-19T00:19:07.413+0000] {logging_mixin.py:188} INFO - [2026-04-19T00:19:07.412+0000] {dagbag.py:538} INFO - Filling up the DagBag from /home/airflow/.local/lib/python3.8/site-packages/airflow/example_dags/example_branch_day_of_week_operator.py
[2026-04-19T00:19:07.423+0000] {processor.py:840} INFO - DAG(s) 'example_weekday_branch_operator' retrieved from /home/airflow/.local/lib/python3.8/site-packages/airflow/example_dags/example_branch_day_of_week_operator.py
[2026-04-19T00:19:07.452+0000] {logging_mixin.py:188} INFO - [2026-04-19T00:19:07.452+0000] {dag.py:3036} INFO - Sync 1 DAGs
[2026-04-19T00:19:07.484+0000] {logging_mixin.py:188} INFO - [2026-04-19T00:19:07.483+0000] {dag.py:3823} INFO - Setting next_dagrun for example_weekday_branch_operator to 2026-04-18 00:00:00+00:00, run_after=2026-04-19 00:00:00+00:00
[2026-04-19T00:19:07.506+0000] {processor.py:183} INFO - Processing /home/airflow/.local/lib/python3.8/site-packages/airflow/example_dags/example_branch_day_of_week_operator.py took 0.101 seconds
[2026-04-19T00:19:37.841+0000] {processor.py:161} INFO - Started process (PID=12181) to work on /home/airflow/.local/lib/python3.8/site-packages/airflow/example_dags/example_branch_day_of_week_operator.py
[2026-04-19T00:19:37.842+0000] {processor.py:830} INFO - Processing file /home/airflow/.local/lib/python3.8/site-packages/airflow/example_dags/example_branch_day_of_week_operator.py for tasks to queue
[2026-04-19T00:19:37.845+0000] {logging_mixin.py:188} INFO - [2026-04-19T00:19:37.844+0000] {dagbag.py:538} INFO - Filling up the DagBag from /home/airflow/.local/lib/python3.8/site-packages/airflow/example_dags/example_branch_day_of_week_operator.py
[2026-04-19T00:19:37.856+0000] {processor.py:840} INFO - DAG(s) 'example_weekday_branch_operator' retrieved from /home/airflow/.local/lib/python3.8/site-packages/airflow/example_dags/example_branch_day_of_week_operator.py
[2026-04-19T00:19:37.889+0000] {logging_mixin.py:188} INFO - [2026-04-19T00:19:37.889+0000] {dag.py:3036} INFO - Sync 1 DAGs
[2026-04-19T00:19:37.928+0000] {logging_mixin.py:188} INFO - [2026-04-19T00:19:37.928+0000] {dag.py:3823} INFO - Setting next_dagrun for example_weekday_branch_operator to 2026-04-18 00:00:00+00:00, run_after=2026-04-19 00:00:00+00:00
[2026-04-19T00:19:37.954+0000] {processor.py:183} INFO - Processing /home/airflow/.local/lib/python3.8/site-packages/airflow/example_dags/example_branch_day_of_week_operator.py took 0.120 seconds
[2026-04-19T00:20:08.390+0000] {processor.py:161} INFO - Started process (PID=12236) to work on /home/airflow/.local/lib/python3.8/site-packages/airflow/example_dags/example_branch_day_of_week_operator.py
[2026-04-19T00:20:08.392+0000] {processor.py:830} INFO - Processing file /home/airflow/.local/lib/python3.8/site-packages/airflow/example_dags/example_branch_day_of_week_operator.py for tasks to queue
[2026-04-19T00:20:08.394+0000] {logging_mixin.py:188} INFO - [2026-04-19T00:20:08.394+0000] {dagbag.py:538} INFO - Filling up the DagBag from /home/airflow/.local/lib/python3.8/site-packages/airflow/example_dags/example_branch_day_of_week_operator.py
[2026-04-19T00:20:08.405+0000] {processor.py:840} INFO - DAG(s) 'example_weekday_branch_operator' retrieved from /home/airflow/.local/lib/python3.8/site-packages/airflow/example_dags/example_branch_day_of_week_operator.py
[2026-04-19T00:20:08.439+0000] {logging_mixin.py:188} INFO - [2026-04-19T00:20:08.438+0000] {dag.py:3036} INFO - Sync 1 DAGs
[2026-04-19T00:20:08.473+0000] {logging_mixin.py:188} INFO - [2026-04-19T00:20:08.472+0000] {dag.py:3823} INFO - Setting next_dagrun for example_weekday_branch_operator to 2026-04-18 00:00:00+00:00, run_after=2026-04-19 00:00:00+00:00
[2026-04-19T00:20:08.498+0000] {processor.py:183} INFO - Processing /home/airflow/.local/lib/python3.8/site-packages/airflow/example_dags/example_branch_day_of_week_operator.py took 0.113 seconds
[2026-04-19T00:20:38.735+0000] {processor.py:161} INFO - Started process (PID=12291) to work on /home/airflow/.local/lib/python3.8/site-packages/airflow/example_dags/example_branch_day_of_week_operator.py
[2026-04-19T00:20:38.736+0000] {processor.py:830} INFO - Processing file /home/airflow/.local/lib/python3.8/site-packages/airflow/example_dags/example_branch_day_of_week_operator.py for tasks to queue
[2026-04-19T00:20:38.739+0000] {logging_mixin.py:188} INFO - [2026-04-19T00:20:38.738+0000] {dagbag.py:538} INFO - Filling up the DagBag from /home/airflow/.local/lib/python3.8/site-packages/airflow/example_dags/example_branch_day_of_week_operator.py
[2026-04-19T00:20:38.751+0000] {processor.py:840} INFO - DAG(s) 'example_weekday_branch_operator' retrieved from /home/airflow/.local/lib/python3.8/site-packages/airflow/example_dags/example_branch_day_of_week_operator.py
[2026-04-19T00:20:38.783+0000] {logging_mixin.py:188} INFO - [2026-04-19T00:20:38.783+0000] {dag.py:3036} INFO - Sync 1 DAGs
[2026-04-19T00:20:38.817+0000] {logging_mixin.py:188} INFO - [2026-04-19T00:20:38.817+0000] {dag.py:3823} INFO - Setting next_dagrun for example_weekday_branch_operator to 2026-04-18 00:00:00+00:00, run_after=2026-04-19 00:00:00+00:00
[2026-04-19T00:20:38.841+0000] {processor.py:183} INFO - Processing /home/airflow/.local/lib/python3.8/site-packages/airflow/example_dags/example_branch_day_of_week_operator.py took 0.111 seconds
[2026-04-19T00:21:09.116+0000] {processor.py:161} INFO - Started process (PID=12346) to work on /home/airflow/.local/lib/python3.8/site-packages/airflow/example_dags/example_branch_day_of_week_operator.py
[2026-04-19T00:21:09.118+0000] {processor.py:830} INFO - Processing file /home/airflow/.local/lib/python3.8/site-packages/airflow/example_dags/example_branch_day_of_week_operator.py for tasks to queue
[2026-04-19T00:21:09.120+0000] {logging_mixin.py:188} INFO - [2026-04-19T00:21:09.120+0000] {dagbag.py:538} INFO - Filling up the DagBag from /home/airflow/.local/lib/python3.8/site-packages/airflow/example_dags/example_branch_day_of_week_operator.py
[2026-04-19T00:21:09.131+0000] {processor.py:840} INFO - DAG(s) 'example_weekday_branch_operator' retrieved from /home/airflow/.local/lib/python3.8/site-packages/airflow/example_dags/example_branch_day_of_week_operator.py
[2026-04-19T00:21:09.162+0000] {logging_mixin.py:188} INFO - [2026-04-19T00:21:09.161+0000] {dag.py:3036} INFO - Sync 1 DAGs
[2026-04-19T00:21:09.194+0000] {logging_mixin.py:188} INFO - [2026-04-19T00:21:09.193+0000] {dag.py:3823} INFO - Setting next_dagrun for example_weekday_branch_operator to 2026-04-18 00:00:00+00:00, run_after=2026-04-19 00:00:00+00:00
[2026-04-19T00:21:09.217+0000] {processor.py:183} INFO - Processing /home/airflow/.local/lib/python3.8/site-packages/airflow/example_dags/example_branch_day_of_week_operator.py took 0.106 seconds
[2026-04-19T00:21:39.474+0000] {processor.py:161} INFO - Started process (PID=12401) to work on /home/airflow/.local/lib/python3.8/site-packages/airflow/example_dags/example_branch_day_of_week_operator.py
[2026-04-19T00:21:39.476+0000] {processor.py:830} INFO - Processing file /home/airflow/.local/lib/python3.8/site-packages/airflow/example_dags/example_branch_day_of_week_operator.py for tasks to queue
[2026-04-19T00:21:39.478+0000] {logging_mixin.py:188} INFO - [2026-04-19T00:21:39.478+0000] {dagbag.py:538} INFO - Filling up the DagBag from /home/airflow/.local/lib/python3.8/site-packages/airflow/example_dags/example_branch_day_of_week_operator.py
[2026-04-19T00:21:39.489+0000] {processor.py:840} INFO - DAG(s) 'example_weekday_branch_operator' retrieved from /home/airflow/.local/lib/python3.8/site-packages/airflow/example_dags/example_branch_day_of_week_operator.py
[2026-04-19T00:21:39.521+0000] {logging_mixin.py:188} INFO - [2026-04-19T00:21:39.520+0000] {dag.py:3036} INFO - Sync 1 DAGs
[2026-04-19T00:21:39.557+0000] {logging_mixin.py:188} INFO - [2026-04-19T00:21:39.557+0000] {dag.py:3823} INFO - Setting next_dagrun for example_weekday_branch_operator to 2026-04-18 00:00:00+00:00, run_after=2026-04-19 00:00:00+00:00
[2026-04-19T00:21:39.585+0000] {processor.py:183} INFO - Processing /home/airflow/.local/lib/python3.8/site-packages/airflow/example_dags/example_branch_day_of_week_operator.py took 0.116 seconds
[2026-04-19T00:22:09.871+0000] {processor.py:161} INFO - Started process (PID=12456) to work on /home/airflow/.local/lib/python3.8/site-packages/airflow/example_dags/example_branch_day_of_week_operator.py
[2026-04-19T00:22:09.873+0000] {processor.py:830} INFO - Processing file /home/airflow/.local/lib/python3.8/site-packages/airflow/example_dags/example_branch_day_of_week_operator.py for tasks to queue
[2026-04-19T00:22:09.875+0000] {logging_mixin.py:188} INFO - [2026-04-19T00:22:09.874+0000] {dagbag.py:538} INFO - Filling up the DagBag from /home/airflow/.local/lib/python3.8/site-packages/airflow/example_dags/example_branch_day_of_week_operator.py
[2026-04-19T00:22:09.885+0000] {processor.py:840} INFO - DAG(s) 'example_weekday_branch_operator' retrieved from /home/airflow/.local/lib/python3.8/site-packages/airflow/example_dags/example_branch_day_of_week_operator.py
[2026-04-19T00:22:09.915+0000] {logging_mixin.py:188} INFO - [2026-04-19T00:22:09.915+0000] {dag.py:3036} INFO - Sync 1 DAGs
[2026-04-19T00:22:09.948+0000] {logging_mixin.py:188} INFO - [2026-04-19T00:22:09.947+0000] {dag.py:3823} INFO - Setting next_dagrun for example_weekday_branch_operator to 2026-04-18 00:00:00+00:00, run_after=2026-04-19 00:00:00+00:00
[2026-04-19T00:22:09.972+0000] {processor.py:183} INFO - Processing /home/airflow/.local/lib/python3.8/site-packages/airflow/example_dags/example_branch_day_of_week_operator.py took 0.105 seconds
[2026-04-19T00:22:40.340+0000] {processor.py:161} INFO - Started process (PID=12511) to work on /home/airflow/.local/lib/python3.8/site-packages/airflow/example_dags/example_branch_day_of_week_operator.py
[2026-04-19T00:22:40.341+0000] {processor.py:830} INFO - Processing file /home/airflow/.local/lib/python3.8/site-packages/airflow/example_dags/example_branch_day_of_week_operator.py for tasks to queue
[2026-04-19T00:22:40.343+0000] {logging_mixin.py:188} INFO - [2026-04-19T00:22:40.343+0000] {dagbag.py:538} INFO - Filling up the DagBag from /home/airflow/.local/lib/python3.8/site-packages/airflow/example_dags/example_branch_day_of_week_operator.py
[2026-04-19T00:22:40.355+0000] {processor.py:840} INFO - DAG(s) 'example_weekday_branch_operator' retrieved from /home/airflow/.local/lib/python3.8/site-packages/airflow/example_dags/example_branch_day_of_week_operator.py
[2026-04-19T00:22:40.388+0000] {logging_mixin.py:188} INFO - [2026-04-19T00:22:40.388+0000] {dag.py:3036} INFO - Sync 1 DAGs
[2026-04-19T00:22:40.420+0000] {logging_mixin.py:188} INFO - [2026-04-19T00:22:40.419+0000] {dag.py:3823} INFO - Setting next_dagrun for example_weekday_branch_operator to 2026-04-18 00:00:00+00:00, run_after=2026-04-19 00:00:00+00:00
[2026-04-19T00:22:40.445+0000] {processor.py:183} INFO - Processing /home/airflow/.local/lib/python3.8/site-packages/airflow/example_dags/example_branch_day_of_week_operator.py took 0.110 seconds
[2026-04-19T00:23:10.541+0000] {processor.py:161} INFO - Started process (PID=12565) to work on /home/airflow/.local/lib/python3.8/site-packages/airflow/example_dags/example_branch_day_of_week_operator.py
[2026-04-19T00:23:10.542+0000] {processor.py:830} INFO - Processing file /home/airflow/.local/lib/python3.8/site-packages/airflow/example_dags/example_branch_day_of_week_operator.py for tasks to queue
[2026-04-19T00:23:10.544+0000] {logging_mixin.py:188} INFO - [2026-04-19T00:23:10.544+0000] {dagbag.py:538} INFO - Filling up the DagBag from /home/airflow/.local/lib/python3.8/site-packages/airflow/example_dags/example_branch_day_of_week_operator.py
[2026-04-19T00:23:10.554+0000] {processor.py:840} INFO - DAG(s) 'example_weekday_branch_operator' retrieved from /home/airflow/.local/lib/python3.8/site-packages/airflow/example_dags/example_branch_day_of_week_operator.py
[2026-04-19T00:23:10.583+0000] {logging_mixin.py:188} INFO - [2026-04-19T00:23:10.583+0000] {dag.py:3036} INFO - Sync 1 DAGs
[2026-04-19T00:23:10.613+0000] {logging_mixin.py:188} INFO - [2026-04-19T00:23:10.613+0000] {dag.py:3823} INFO - Setting next_dagrun for example_weekday_branch_operator to 2026-04-18 00:00:00+00:00, run_after=2026-04-19 00:00:00+00:00
[2026-04-19T00:23:10.635+0000] {processor.py:183} INFO - Processing /home/airflow/.local/lib/python3.8/site-packages/airflow/example_dags/example_branch_day_of_week_operator.py took 0.099 seconds
[2026-04-19T00:23:41.024+0000] {processor.py:161} INFO - Started process (PID=12620) to work on /home/airflow/.local/lib/python3.8/site-packages/airflow/example_dags/example_branch_day_of_week_operator.py
[2026-04-19T00:23:41.026+0000] {processor.py:830} INFO - Processing file /home/airflow/.local/lib/python3.8/site-packages/airflow/example_dags/example_branch_day_of_week_operator.py for tasks to queue
[2026-04-19T00:23:41.029+0000] {logging_mixin.py:188} INFO - [2026-04-19T00:23:41.028+0000] {dagbag.py:538} INFO - Filling up the DagBag from /home/airflow/.local/lib/python3.8/site-packages/airflow/example_dags/example_branch_day_of_week_operator.py
[2026-04-19T00:23:41.042+0000] {processor.py:840} INFO - DAG(s) 'example_weekday_branch_operator' retrieved from /home/airflow/.local/lib/python3.8/site-packages/airflow/example_dags/example_branch_day_of_week_operator.py
[2026-04-19T00:23:41.078+0000] {logging_mixin.py:188} INFO - [2026-04-19T00:23:41.078+0000] {dag.py:3036} INFO - Sync 1 DAGs
[2026-04-19T00:23:41.117+0000] {logging_mixin.py:188} INFO - [2026-04-19T00:23:41.116+0000] {dag.py:3823} INFO - Setting next_dagrun for example_weekday_branch_operator to 2026-04-18 00:00:00+00:00, run_after=2026-04-19 00:00:00+00:00
[2026-04-19T00:23:41.147+0000] {processor.py:183} INFO - Processing /home/airflow/.local/lib/python3.8/site-packages/airflow/example_dags/example_branch_day_of_week_operator.py took 0.128 seconds
[2026-04-19T00:24:12.140+0000] {processor.py:161} INFO - Started process (PID=12676) to work on /home/airflow/.local/lib/python3.8/site-packages/airflow/example_dags/example_branch_day_of_week_operator.py
[2026-04-19T00:24:12.142+0000] {processor.py:830} INFO - Processing file /home/airflow/.local/lib/python3.8/site-packages/airflow/example_dags/example_branch_day_of_week_operator.py for tasks to queue
[2026-04-19T00:24:12.144+0000] {logging_mixin.py:188} INFO - [2026-04-19T00:24:12.143+0000] {dagbag.py:538} INFO - Filling up the DagBag from /home/airflow/.local/lib/python3.8/site-packages/airflow/example_dags/example_branch_day_of_week_operator.py
[2026-04-19T00:24:12.154+0000] {processor.py:840} INFO - DAG(s) 'example_weekday_branch_operator' retrieved from /home/airflow/.local/lib/python3.8/site-packages/airflow/example_dags/example_branch_day_of_week_operator.py
[2026-04-19T00:24:12.186+0000] {logging_mixin.py:188} INFO - [2026-04-19T00:24:12.185+0000] {dag.py:3036} INFO - Sync 1 DAGs
[2026-04-19T00:24:12.217+0000] {logging_mixin.py:188} INFO - [2026-04-19T00:24:12.216+0000] {dag.py:3823} INFO - Setting next_dagrun for example_weekday_branch_operator to 2026-04-18 00:00:00+00:00, run_after=2026-04-19 00:00:00+00:00
[2026-04-19T00:24:12.242+0000] {processor.py:183} INFO - Processing /home/airflow/.local/lib/python3.8/site-packages/airflow/example_dags/example_branch_day_of_week_operator.py took 0.107 seconds
