[2026-04-19T00:00:19.701+0000] {processor.py:161} INFO - Started process (PID=10087) to work on /home/airflow/.local/lib/python3.8/site-packages/airflow/example_dags/example_latest_only_with_trigger.py
[2026-04-19T00:00:19.702+0000] {processor.py:830} INFO - Processing file /home/airflow/.local/lib/python3.8/site-packages/airflow/example_dags/example_latest_only_with_trigger.py for tasks to queue
[2026-04-19T00:00:19.705+0000] {logging_mixin.py:188} INFO - [2026-04-19T00:00:19.705+0000] {dagbag.py:538} INFO - Filling up the DagBag from /home/airflow/.local/lib/python3.8/site-packages/airflow/example_dags/example_latest_only_with_trigger.py
[2026-04-19T00:00:19.714+0000] {processor.py:840} INFO - DAG(s) 'latest_only_with_trigger' retrieved from /home/airflow/.local/lib/python3.8/site-packages/airflow/example_dags/example_latest_only_with_trigger.py
[2026-04-19T00:00:19.746+0000] {logging_mixin.py:188} INFO - [2026-04-19T00:00:19.746+0000] {dag.py:3036} INFO - Sync 1 DAGs
[2026-04-19T00:00:19.779+0000] {logging_mixin.py:188} INFO - [2026-04-19T00:00:19.778+0000] {dag.py:3823} INFO - Setting next_dagrun for latest_only_with_trigger to 2026-04-18 20:00:00+00:00, run_after=2026-04-19 00:00:00+00:00
[2026-04-19T00:00:19.807+0000] {processor.py:183} INFO - Processing /home/airflow/.local/lib/python3.8/site-packages/airflow/example_dags/example_latest_only_with_trigger.py took 0.112 seconds
[2026-04-19T00:00:50.309+0000] {processor.py:161} INFO - Started process (PID=10142) to work on /home/airflow/.local/lib/python3.8/site-packages/airflow/example_dags/example_latest_only_with_trigger.py
[2026-04-19T00:00:50.318+0000] {processor.py:830} INFO - Processing file /home/airflow/.local/lib/python3.8/site-packages/airflow/example_dags/example_latest_only_with_trigger.py for tasks to queue
[2026-04-19T00:00:50.320+0000] {logging_mixin.py:188} INFO - [2026-04-19T00:00:50.320+0000] {dagbag.py:538} INFO - Filling up the DagBag from /home/airflow/.local/lib/python3.8/site-packages/airflow/example_dags/example_latest_only_with_trigger.py
[2026-04-19T00:00:50.328+0000] {processor.py:840} INFO - DAG(s) 'latest_only_with_trigger' retrieved from /home/airflow/.local/lib/python3.8/site-packages/airflow/example_dags/example_latest_only_with_trigger.py
[2026-04-19T00:00:50.357+0000] {logging_mixin.py:188} INFO - [2026-04-19T00:00:50.357+0000] {dag.py:3036} INFO - Sync 1 DAGs
[2026-04-19T00:00:50.386+0000] {logging_mixin.py:188} INFO - [2026-04-19T00:00:50.386+0000] {dag.py:3823} INFO - Setting next_dagrun for latest_only_with_trigger to 2026-04-18 20:00:00+00:00, run_after=2026-04-19 00:00:00+00:00
[2026-04-19T00:00:50.409+0000] {processor.py:183} INFO - Processing /home/airflow/.local/lib/python3.8/site-packages/airflow/example_dags/example_latest_only_with_trigger.py took 0.105 seconds
[2026-04-19T00:01:20.589+0000] {processor.py:161} INFO - Started process (PID=10197) to work on /home/airflow/.local/lib/python3.8/site-packages/airflow/example_dags/example_latest_only_with_trigger.py
[2026-04-19T00:01:20.590+0000] {processor.py:830} INFO - Processing file /home/airflow/.local/lib/python3.8/site-packages/airflow/example_dags/example_latest_only_with_trigger.py for tasks to queue
[2026-04-19T00:01:20.593+0000] {logging_mixin.py:188} INFO - [2026-04-19T00:01:20.593+0000] {dagbag.py:538} INFO - Filling up the DagBag from /home/airflow/.local/lib/python3.8/site-packages/airflow/example_dags/example_latest_only_with_trigger.py
[2026-04-19T00:01:20.602+0000] {processor.py:840} INFO - DAG(s) 'latest_only_with_trigger' retrieved from /home/airflow/.local/lib/python3.8/site-packages/airflow/example_dags/example_latest_only_with_trigger.py
[2026-04-19T00:01:20.635+0000] {logging_mixin.py:188} INFO - [2026-04-19T00:01:20.634+0000] {dag.py:3036} INFO - Sync 1 DAGs
[2026-04-19T00:01:20.665+0000] {logging_mixin.py:188} INFO - [2026-04-19T00:01:20.665+0000] {dag.py:3823} INFO - Setting next_dagrun for latest_only_with_trigger to 2026-04-18 20:00:00+00:00, run_after=2026-04-19 00:00:00+00:00
[2026-04-19T00:01:20.690+0000] {processor.py:183} INFO - Processing /home/airflow/.local/lib/python3.8/site-packages/airflow/example_dags/example_latest_only_with_trigger.py took 0.107 seconds
[2026-04-19T00:01:50.737+0000] {processor.py:161} INFO - Started process (PID=10252) to work on /home/airflow/.local/lib/python3.8/site-packages/airflow/example_dags/example_latest_only_with_trigger.py
[2026-04-19T00:01:50.738+0000] {processor.py:830} INFO - Processing file /home/airflow/.local/lib/python3.8/site-packages/airflow/example_dags/example_latest_only_with_trigger.py for tasks to queue
[2026-04-19T00:01:50.741+0000] {logging_mixin.py:188} INFO - [2026-04-19T00:01:50.740+0000] {dagbag.py:538} INFO - Filling up the DagBag from /home/airflow/.local/lib/python3.8/site-packages/airflow/example_dags/example_latest_only_with_trigger.py
[2026-04-19T00:01:50.748+0000] {processor.py:840} INFO - DAG(s) 'latest_only_with_trigger' retrieved from /home/airflow/.local/lib/python3.8/site-packages/airflow/example_dags/example_latest_only_with_trigger.py
[2026-04-19T00:01:50.776+0000] {logging_mixin.py:188} INFO - [2026-04-19T00:01:50.776+0000] {dag.py:3036} INFO - Sync 1 DAGs
[2026-04-19T00:01:50.808+0000] {logging_mixin.py:188} INFO - [2026-04-19T00:01:50.807+0000] {dag.py:3823} INFO - Setting next_dagrun for latest_only_with_trigger to 2026-04-18 20:00:00+00:00, run_after=2026-04-19 00:00:00+00:00
[2026-04-19T00:01:50.831+0000] {processor.py:183} INFO - Processing /home/airflow/.local/lib/python3.8/site-packages/airflow/example_dags/example_latest_only_with_trigger.py took 0.099 seconds
[2026-04-19T00:02:21.039+0000] {processor.py:161} INFO - Started process (PID=10305) to work on /home/airflow/.local/lib/python3.8/site-packages/airflow/example_dags/example_latest_only_with_trigger.py
[2026-04-19T00:02:21.040+0000] {processor.py:830} INFO - Processing file /home/airflow/.local/lib/python3.8/site-packages/airflow/example_dags/example_latest_only_with_trigger.py for tasks to queue
[2026-04-19T00:02:21.043+0000] {logging_mixin.py:188} INFO - [2026-04-19T00:02:21.042+0000] {dagbag.py:538} INFO - Filling up the DagBag from /home/airflow/.local/lib/python3.8/site-packages/airflow/example_dags/example_latest_only_with_trigger.py
[2026-04-19T00:02:21.051+0000] {processor.py:840} INFO - DAG(s) 'latest_only_with_trigger' retrieved from /home/airflow/.local/lib/python3.8/site-packages/airflow/example_dags/example_latest_only_with_trigger.py
[2026-04-19T00:02:21.084+0000] {logging_mixin.py:188} INFO - [2026-04-19T00:02:21.084+0000] {dag.py:3036} INFO - Sync 1 DAGs
[2026-04-19T00:02:21.115+0000] {logging_mixin.py:188} INFO - [2026-04-19T00:02:21.115+0000] {dag.py:3823} INFO - Setting next_dagrun for latest_only_with_trigger to 2026-04-18 20:00:00+00:00, run_after=2026-04-19 00:00:00+00:00
[2026-04-19T00:02:21.138+0000] {processor.py:183} INFO - Processing /home/airflow/.local/lib/python3.8/site-packages/airflow/example_dags/example_latest_only_with_trigger.py took 0.104 seconds
[2026-04-19T00:02:51.178+0000] {processor.py:161} INFO - Started process (PID=10360) to work on /home/airflow/.local/lib/python3.8/site-packages/airflow/example_dags/example_latest_only_with_trigger.py
[2026-04-19T00:02:51.179+0000] {processor.py:830} INFO - Processing file /home/airflow/.local/lib/python3.8/site-packages/airflow/example_dags/example_latest_only_with_trigger.py for tasks to queue
[2026-04-19T00:02:51.182+0000] {logging_mixin.py:188} INFO - [2026-04-19T00:02:51.181+0000] {dagbag.py:538} INFO - Filling up the DagBag from /home/airflow/.local/lib/python3.8/site-packages/airflow/example_dags/example_latest_only_with_trigger.py
[2026-04-19T00:02:51.189+0000] {processor.py:840} INFO - DAG(s) 'latest_only_with_trigger' retrieved from /home/airflow/.local/lib/python3.8/site-packages/airflow/example_dags/example_latest_only_with_trigger.py
[2026-04-19T00:02:51.223+0000] {logging_mixin.py:188} INFO - [2026-04-19T00:02:51.223+0000] {dag.py:3036} INFO - Sync 1 DAGs
[2026-04-19T00:02:51.254+0000] {logging_mixin.py:188} INFO - [2026-04-19T00:02:51.254+0000] {dag.py:3823} INFO - Setting next_dagrun for latest_only_with_trigger to 2026-04-18 20:00:00+00:00, run_after=2026-04-19 00:00:00+00:00
[2026-04-19T00:02:51.279+0000] {processor.py:183} INFO - Processing /home/airflow/.local/lib/python3.8/site-packages/airflow/example_dags/example_latest_only_with_trigger.py took 0.106 seconds
[2026-04-19T00:03:21.542+0000] {processor.py:161} INFO - Started process (PID=10415) to work on /home/airflow/.local/lib/python3.8/site-packages/airflow/example_dags/example_latest_only_with_trigger.py
[2026-04-19T00:03:21.544+0000] {processor.py:830} INFO - Processing file /home/airflow/.local/lib/python3.8/site-packages/airflow/example_dags/example_latest_only_with_trigger.py for tasks to queue
[2026-04-19T00:03:21.546+0000] {logging_mixin.py:188} INFO - [2026-04-19T00:03:21.546+0000] {dagbag.py:538} INFO - Filling up the DagBag from /home/airflow/.local/lib/python3.8/site-packages/airflow/example_dags/example_latest_only_with_trigger.py
[2026-04-19T00:03:21.554+0000] {processor.py:840} INFO - DAG(s) 'latest_only_with_trigger' retrieved from /home/airflow/.local/lib/python3.8/site-packages/airflow/example_dags/example_latest_only_with_trigger.py
[2026-04-19T00:03:21.584+0000] {logging_mixin.py:188} INFO - [2026-04-19T00:03:21.584+0000] {dag.py:3036} INFO - Sync 1 DAGs
[2026-04-19T00:03:21.616+0000] {logging_mixin.py:188} INFO - [2026-04-19T00:03:21.616+0000] {dag.py:3823} INFO - Setting next_dagrun for latest_only_with_trigger to 2026-04-18 20:00:00+00:00, run_after=2026-04-19 00:00:00+00:00
[2026-04-19T00:03:21.639+0000] {processor.py:183} INFO - Processing /home/airflow/.local/lib/python3.8/site-packages/airflow/example_dags/example_latest_only_with_trigger.py took 0.102 seconds
[2026-04-19T00:03:51.916+0000] {processor.py:161} INFO - Started process (PID=10470) to work on /home/airflow/.local/lib/python3.8/site-packages/airflow/example_dags/example_latest_only_with_trigger.py
[2026-04-19T00:03:51.918+0000] {processor.py:830} INFO - Processing file /home/airflow/.local/lib/python3.8/site-packages/airflow/example_dags/example_latest_only_with_trigger.py for tasks to queue
[2026-04-19T00:03:51.920+0000] {logging_mixin.py:188} INFO - [2026-04-19T00:03:51.920+0000] {dagbag.py:538} INFO - Filling up the DagBag from /home/airflow/.local/lib/python3.8/site-packages/airflow/example_dags/example_latest_only_with_trigger.py
[2026-04-19T00:03:51.929+0000] {processor.py:840} INFO - DAG(s) 'latest_only_with_trigger' retrieved from /home/airflow/.local/lib/python3.8/site-packages/airflow/example_dags/example_latest_only_with_trigger.py
[2026-04-19T00:03:51.962+0000] {logging_mixin.py:188} INFO - [2026-04-19T00:03:51.962+0000] {dag.py:3036} INFO - Sync 1 DAGs
[2026-04-19T00:03:51.994+0000] {logging_mixin.py:188} INFO - [2026-04-19T00:03:51.993+0000] {dag.py:3823} INFO - Setting next_dagrun for latest_only_with_trigger to 2026-04-18 20:00:00+00:00, run_after=2026-04-19 00:00:00+00:00
[2026-04-19T00:03:52.018+0000] {processor.py:183} INFO - Processing /home/airflow/.local/lib/python3.8/site-packages/airflow/example_dags/example_latest_only_with_trigger.py took 0.107 seconds
[2026-04-19T00:04:22.329+0000] {processor.py:161} INFO - Started process (PID=10525) to work on /home/airflow/.local/lib/python3.8/site-packages/airflow/example_dags/example_latest_only_with_trigger.py
[2026-04-19T00:04:22.330+0000] {processor.py:830} INFO - Processing file /home/airflow/.local/lib/python3.8/site-packages/airflow/example_dags/example_latest_only_with_trigger.py for tasks to queue
[2026-04-19T00:04:22.332+0000] {logging_mixin.py:188} INFO - [2026-04-19T00:04:22.332+0000] {dagbag.py:538} INFO - Filling up the DagBag from /home/airflow/.local/lib/python3.8/site-packages/airflow/example_dags/example_latest_only_with_trigger.py
[2026-04-19T00:04:22.342+0000] {processor.py:840} INFO - DAG(s) 'latest_only_with_trigger' retrieved from /home/airflow/.local/lib/python3.8/site-packages/airflow/example_dags/example_latest_only_with_trigger.py
[2026-04-19T00:04:22.375+0000] {logging_mixin.py:188} INFO - [2026-04-19T00:04:22.374+0000] {dag.py:3036} INFO - Sync 1 DAGs
[2026-04-19T00:04:22.406+0000] {logging_mixin.py:188} INFO - [2026-04-19T00:04:22.406+0000] {dag.py:3823} INFO - Setting next_dagrun for latest_only_with_trigger to 2026-04-18 20:00:00+00:00, run_after=2026-04-19 00:00:00+00:00
[2026-04-19T00:04:22.430+0000] {processor.py:183} INFO - Processing /home/airflow/.local/lib/python3.8/site-packages/airflow/example_dags/example_latest_only_with_trigger.py took 0.107 seconds
[2026-04-19T00:04:52.692+0000] {processor.py:161} INFO - Started process (PID=10580) to work on /home/airflow/.local/lib/python3.8/site-packages/airflow/example_dags/example_latest_only_with_trigger.py
[2026-04-19T00:04:52.694+0000] {processor.py:830} INFO - Processing file /home/airflow/.local/lib/python3.8/site-packages/airflow/example_dags/example_latest_only_with_trigger.py for tasks to queue
[2026-04-19T00:04:52.696+0000] {logging_mixin.py:188} INFO - [2026-04-19T00:04:52.696+0000] {dagbag.py:538} INFO - Filling up the DagBag from /home/airflow/.local/lib/python3.8/site-packages/airflow/example_dags/example_latest_only_with_trigger.py
[2026-04-19T00:04:52.705+0000] {processor.py:840} INFO - DAG(s) 'latest_only_with_trigger' retrieved from /home/airflow/.local/lib/python3.8/site-packages/airflow/example_dags/example_latest_only_with_trigger.py
[2026-04-19T00:04:52.737+0000] {logging_mixin.py:188} INFO - [2026-04-19T00:04:52.736+0000] {dag.py:3036} INFO - Sync 1 DAGs
[2026-04-19T00:04:52.770+0000] {logging_mixin.py:188} INFO - [2026-04-19T00:04:52.769+0000] {dag.py:3823} INFO - Setting next_dagrun for latest_only_with_trigger to 2026-04-18 20:00:00+00:00, run_after=2026-04-19 00:00:00+00:00
[2026-04-19T00:04:52.796+0000] {processor.py:183} INFO - Processing /home/airflow/.local/lib/python3.8/site-packages/airflow/example_dags/example_latest_only_with_trigger.py took 0.109 seconds
[2026-04-19T00:05:23.054+0000] {processor.py:161} INFO - Started process (PID=10635) to work on /home/airflow/.local/lib/python3.8/site-packages/airflow/example_dags/example_latest_only_with_trigger.py
[2026-04-19T00:05:23.056+0000] {processor.py:830} INFO - Processing file /home/airflow/.local/lib/python3.8/site-packages/airflow/example_dags/example_latest_only_with_trigger.py for tasks to queue
[2026-04-19T00:05:23.058+0000] {logging_mixin.py:188} INFO - [2026-04-19T00:05:23.058+0000] {dagbag.py:538} INFO - Filling up the DagBag from /home/airflow/.local/lib/python3.8/site-packages/airflow/example_dags/example_latest_only_with_trigger.py
[2026-04-19T00:05:23.068+0000] {processor.py:840} INFO - DAG(s) 'latest_only_with_trigger' retrieved from /home/airflow/.local/lib/python3.8/site-packages/airflow/example_dags/example_latest_only_with_trigger.py
[2026-04-19T00:05:23.102+0000] {logging_mixin.py:188} INFO - [2026-04-19T00:05:23.101+0000] {dag.py:3036} INFO - Sync 1 DAGs
[2026-04-19T00:05:23.133+0000] {logging_mixin.py:188} INFO - [2026-04-19T00:05:23.133+0000] {dag.py:3823} INFO - Setting next_dagrun for latest_only_with_trigger to 2026-04-18 20:00:00+00:00, run_after=2026-04-19 00:00:00+00:00
[2026-04-19T00:05:23.160+0000] {processor.py:183} INFO - Processing /home/airflow/.local/lib/python3.8/site-packages/airflow/example_dags/example_latest_only_with_trigger.py took 0.113 seconds
[2026-04-19T00:05:53.506+0000] {processor.py:161} INFO - Started process (PID=10690) to work on /home/airflow/.local/lib/python3.8/site-packages/airflow/example_dags/example_latest_only_with_trigger.py
[2026-04-19T00:05:53.508+0000] {processor.py:830} INFO - Processing file /home/airflow/.local/lib/python3.8/site-packages/airflow/example_dags/example_latest_only_with_trigger.py for tasks to queue
[2026-04-19T00:05:53.510+0000] {logging_mixin.py:188} INFO - [2026-04-19T00:05:53.509+0000] {dagbag.py:538} INFO - Filling up the DagBag from /home/airflow/.local/lib/python3.8/site-packages/airflow/example_dags/example_latest_only_with_trigger.py
[2026-04-19T00:05:53.516+0000] {processor.py:840} INFO - DAG(s) 'latest_only_with_trigger' retrieved from /home/airflow/.local/lib/python3.8/site-packages/airflow/example_dags/example_latest_only_with_trigger.py
[2026-04-19T00:05:53.545+0000] {logging_mixin.py:188} INFO - [2026-04-19T00:05:53.545+0000] {dag.py:3036} INFO - Sync 1 DAGs
[2026-04-19T00:05:53.577+0000] {logging_mixin.py:188} INFO - [2026-04-19T00:05:53.577+0000] {dag.py:3823} INFO - Setting next_dagrun for latest_only_with_trigger to 2026-04-18 20:00:00+00:00, run_after=2026-04-19 00:00:00+00:00
[2026-04-19T00:05:53.600+0000] {processor.py:183} INFO - Processing /home/airflow/.local/lib/python3.8/site-packages/airflow/example_dags/example_latest_only_with_trigger.py took 0.098 seconds
[2026-04-19T00:06:23.918+0000] {processor.py:161} INFO - Started process (PID=10745) to work on /home/airflow/.local/lib/python3.8/site-packages/airflow/example_dags/example_latest_only_with_trigger.py
[2026-04-19T00:06:23.919+0000] {processor.py:830} INFO - Processing file /home/airflow/.local/lib/python3.8/site-packages/airflow/example_dags/example_latest_only_with_trigger.py for tasks to queue
[2026-04-19T00:06:23.922+0000] {logging_mixin.py:188} INFO - [2026-04-19T00:06:23.921+0000] {dagbag.py:538} INFO - Filling up the DagBag from /home/airflow/.local/lib/python3.8/site-packages/airflow/example_dags/example_latest_only_with_trigger.py
[2026-04-19T00:06:23.930+0000] {processor.py:840} INFO - DAG(s) 'latest_only_with_trigger' retrieved from /home/airflow/.local/lib/python3.8/site-packages/airflow/example_dags/example_latest_only_with_trigger.py
[2026-04-19T00:06:23.963+0000] {logging_mixin.py:188} INFO - [2026-04-19T00:06:23.962+0000] {dag.py:3036} INFO - Sync 1 DAGs
[2026-04-19T00:06:23.996+0000] {logging_mixin.py:188} INFO - [2026-04-19T00:06:23.996+0000] {dag.py:3823} INFO - Setting next_dagrun for latest_only_with_trigger to 2026-04-18 20:00:00+00:00, run_after=2026-04-19 00:00:00+00:00
[2026-04-19T00:06:24.025+0000] {processor.py:183} INFO - Processing /home/airflow/.local/lib/python3.8/site-packages/airflow/example_dags/example_latest_only_with_trigger.py took 0.112 seconds
[2026-04-19T00:06:54.085+0000] {processor.py:161} INFO - Started process (PID=10800) to work on /home/airflow/.local/lib/python3.8/site-packages/airflow/example_dags/example_latest_only_with_trigger.py
[2026-04-19T00:06:54.087+0000] {processor.py:830} INFO - Processing file /home/airflow/.local/lib/python3.8/site-packages/airflow/example_dags/example_latest_only_with_trigger.py for tasks to queue
[2026-04-19T00:06:54.089+0000] {logging_mixin.py:188} INFO - [2026-04-19T00:06:54.089+0000] {dagbag.py:538} INFO - Filling up the DagBag from /home/airflow/.local/lib/python3.8/site-packages/airflow/example_dags/example_latest_only_with_trigger.py
[2026-04-19T00:06:54.098+0000] {processor.py:840} INFO - DAG(s) 'latest_only_with_trigger' retrieved from /home/airflow/.local/lib/python3.8/site-packages/airflow/example_dags/example_latest_only_with_trigger.py
[2026-04-19T00:06:54.133+0000] {logging_mixin.py:188} INFO - [2026-04-19T00:06:54.132+0000] {dag.py:3036} INFO - Sync 1 DAGs
[2026-04-19T00:06:54.162+0000] {logging_mixin.py:188} INFO - [2026-04-19T00:06:54.162+0000] {dag.py:3823} INFO - Setting next_dagrun for latest_only_with_trigger to 2026-04-18 20:00:00+00:00, run_after=2026-04-19 00:00:00+00:00
[2026-04-19T00:06:54.188+0000] {processor.py:183} INFO - Processing /home/airflow/.local/lib/python3.8/site-packages/airflow/example_dags/example_latest_only_with_trigger.py took 0.108 seconds
[2026-04-19T00:07:24.533+0000] {processor.py:161} INFO - Started process (PID=10855) to work on /home/airflow/.local/lib/python3.8/site-packages/airflow/example_dags/example_latest_only_with_trigger.py
[2026-04-19T00:07:24.535+0000] {processor.py:830} INFO - Processing file /home/airflow/.local/lib/python3.8/site-packages/airflow/example_dags/example_latest_only_with_trigger.py for tasks to queue
[2026-04-19T00:07:24.537+0000] {logging_mixin.py:188} INFO - [2026-04-19T00:07:24.537+0000] {dagbag.py:538} INFO - Filling up the DagBag from /home/airflow/.local/lib/python3.8/site-packages/airflow/example_dags/example_latest_only_with_trigger.py
[2026-04-19T00:07:24.545+0000] {processor.py:840} INFO - DAG(s) 'latest_only_with_trigger' retrieved from /home/airflow/.local/lib/python3.8/site-packages/airflow/example_dags/example_latest_only_with_trigger.py
[2026-04-19T00:07:24.574+0000] {logging_mixin.py:188} INFO - [2026-04-19T00:07:24.573+0000] {dag.py:3036} INFO - Sync 1 DAGs
[2026-04-19T00:07:24.606+0000] {logging_mixin.py:188} INFO - [2026-04-19T00:07:24.606+0000] {dag.py:3823} INFO - Setting next_dagrun for latest_only_with_trigger to 2026-04-18 20:00:00+00:00, run_after=2026-04-19 00:00:00+00:00
[2026-04-19T00:07:24.626+0000] {processor.py:183} INFO - Processing /home/airflow/.local/lib/python3.8/site-packages/airflow/example_dags/example_latest_only_with_trigger.py took 0.099 seconds
[2026-04-19T00:07:54.729+0000] {processor.py:161} INFO - Started process (PID=10910) to work on /home/airflow/.local/lib/python3.8/site-packages/airflow/example_dags/example_latest_only_with_trigger.py
[2026-04-19T00:07:54.730+0000] {processor.py:830} INFO - Processing file /home/airflow/.local/lib/python3.8/site-packages/airflow/example_dags/example_latest_only_with_trigger.py for tasks to queue
[2026-04-19T00:07:54.733+0000] {logging_mixin.py:188} INFO - [2026-04-19T00:07:54.732+0000] {dagbag.py:538} INFO - Filling up the DagBag from /home/airflow/.local/lib/python3.8/site-packages/airflow/example_dags/example_latest_only_with_trigger.py
[2026-04-19T00:07:54.741+0000] {processor.py:840} INFO - DAG(s) 'latest_only_with_trigger' retrieved from /home/airflow/.local/lib/python3.8/site-packages/airflow/example_dags/example_latest_only_with_trigger.py
[2026-04-19T00:07:54.771+0000] {logging_mixin.py:188} INFO - [2026-04-19T00:07:54.771+0000] {dag.py:3036} INFO - Sync 1 DAGs
[2026-04-19T00:07:54.802+0000] {logging_mixin.py:188} INFO - [2026-04-19T00:07:54.802+0000] {dag.py:3823} INFO - Setting next_dagrun for latest_only_with_trigger to 2026-04-18 20:00:00+00:00, run_after=2026-04-19 00:00:00+00:00
[2026-04-19T00:07:54.826+0000] {processor.py:183} INFO - Processing /home/airflow/.local/lib/python3.8/site-packages/airflow/example_dags/example_latest_only_with_trigger.py took 0.102 seconds
[2026-04-19T00:08:24.882+0000] {processor.py:161} INFO - Started process (PID=10964) to work on /home/airflow/.local/lib/python3.8/site-packages/airflow/example_dags/example_latest_only_with_trigger.py
[2026-04-19T00:08:24.883+0000] {processor.py:830} INFO - Processing file /home/airflow/.local/lib/python3.8/site-packages/airflow/example_dags/example_latest_only_with_trigger.py for tasks to queue
[2026-04-19T00:08:24.886+0000] {logging_mixin.py:188} INFO - [2026-04-19T00:08:24.885+0000] {dagbag.py:538} INFO - Filling up the DagBag from /home/airflow/.local/lib/python3.8/site-packages/airflow/example_dags/example_latest_only_with_trigger.py
[2026-04-19T00:08:24.893+0000] {processor.py:840} INFO - DAG(s) 'latest_only_with_trigger' retrieved from /home/airflow/.local/lib/python3.8/site-packages/airflow/example_dags/example_latest_only_with_trigger.py
[2026-04-19T00:08:24.925+0000] {logging_mixin.py:188} INFO - [2026-04-19T00:08:24.924+0000] {dag.py:3036} INFO - Sync 1 DAGs
[2026-04-19T00:08:24.955+0000] {logging_mixin.py:188} INFO - [2026-04-19T00:08:24.954+0000] {dag.py:3823} INFO - Setting next_dagrun for latest_only_with_trigger to 2026-04-18 20:00:00+00:00, run_after=2026-04-19 00:00:00+00:00
[2026-04-19T00:08:24.977+0000] {processor.py:183} INFO - Processing /home/airflow/.local/lib/python3.8/site-packages/airflow/example_dags/example_latest_only_with_trigger.py took 0.099 seconds
[2026-04-19T00:08:55.475+0000] {processor.py:161} INFO - Started process (PID=11019) to work on /home/airflow/.local/lib/python3.8/site-packages/airflow/example_dags/example_latest_only_with_trigger.py
[2026-04-19T00:08:55.476+0000] {processor.py:830} INFO - Processing file /home/airflow/.local/lib/python3.8/site-packages/airflow/example_dags/example_latest_only_with_trigger.py for tasks to queue
[2026-04-19T00:08:55.479+0000] {logging_mixin.py:188} INFO - [2026-04-19T00:08:55.478+0000] {dagbag.py:538} INFO - Filling up the DagBag from /home/airflow/.local/lib/python3.8/site-packages/airflow/example_dags/example_latest_only_with_trigger.py
[2026-04-19T00:08:55.487+0000] {processor.py:840} INFO - DAG(s) 'latest_only_with_trigger' retrieved from /home/airflow/.local/lib/python3.8/site-packages/airflow/example_dags/example_latest_only_with_trigger.py
[2026-04-19T00:08:55.520+0000] {logging_mixin.py:188} INFO - [2026-04-19T00:08:55.519+0000] {dag.py:3036} INFO - Sync 1 DAGs
[2026-04-19T00:08:55.550+0000] {logging_mixin.py:188} INFO - [2026-04-19T00:08:55.550+0000] {dag.py:3823} INFO - Setting next_dagrun for latest_only_with_trigger to 2026-04-18 20:00:00+00:00, run_after=2026-04-19 00:00:00+00:00
[2026-04-19T00:08:55.576+0000] {processor.py:183} INFO - Processing /home/airflow/.local/lib/python3.8/site-packages/airflow/example_dags/example_latest_only_with_trigger.py took 0.107 seconds
[2026-04-19T00:09:25.641+0000] {processor.py:161} INFO - Started process (PID=11074) to work on /home/airflow/.local/lib/python3.8/site-packages/airflow/example_dags/example_latest_only_with_trigger.py
[2026-04-19T00:09:25.643+0000] {processor.py:830} INFO - Processing file /home/airflow/.local/lib/python3.8/site-packages/airflow/example_dags/example_latest_only_with_trigger.py for tasks to queue
[2026-04-19T00:09:25.645+0000] {logging_mixin.py:188} INFO - [2026-04-19T00:09:25.645+0000] {dagbag.py:538} INFO - Filling up the DagBag from /home/airflow/.local/lib/python3.8/site-packages/airflow/example_dags/example_latest_only_with_trigger.py
[2026-04-19T00:09:25.653+0000] {processor.py:840} INFO - DAG(s) 'latest_only_with_trigger' retrieved from /home/airflow/.local/lib/python3.8/site-packages/airflow/example_dags/example_latest_only_with_trigger.py
[2026-04-19T00:09:25.687+0000] {logging_mixin.py:188} INFO - [2026-04-19T00:09:25.687+0000] {dag.py:3036} INFO - Sync 1 DAGs
[2026-04-19T00:09:25.721+0000] {logging_mixin.py:188} INFO - [2026-04-19T00:09:25.720+0000] {dag.py:3823} INFO - Setting next_dagrun for latest_only_with_trigger to 2026-04-18 20:00:00+00:00, run_after=2026-04-19 00:00:00+00:00
[2026-04-19T00:09:25.744+0000] {processor.py:183} INFO - Processing /home/airflow/.local/lib/python3.8/site-packages/airflow/example_dags/example_latest_only_with_trigger.py took 0.108 seconds
[2026-04-19T00:09:56.249+0000] {processor.py:161} INFO - Started process (PID=11129) to work on /home/airflow/.local/lib/python3.8/site-packages/airflow/example_dags/example_latest_only_with_trigger.py
[2026-04-19T00:09:56.251+0000] {processor.py:830} INFO - Processing file /home/airflow/.local/lib/python3.8/site-packages/airflow/example_dags/example_latest_only_with_trigger.py for tasks to queue
[2026-04-19T00:09:56.253+0000] {logging_mixin.py:188} INFO - [2026-04-19T00:09:56.253+0000] {dagbag.py:538} INFO - Filling up the DagBag from /home/airflow/.local/lib/python3.8/site-packages/airflow/example_dags/example_latest_only_with_trigger.py
[2026-04-19T00:09:56.262+0000] {processor.py:840} INFO - DAG(s) 'latest_only_with_trigger' retrieved from /home/airflow/.local/lib/python3.8/site-packages/airflow/example_dags/example_latest_only_with_trigger.py
[2026-04-19T00:09:56.298+0000] {logging_mixin.py:188} INFO - [2026-04-19T00:09:56.298+0000] {dag.py:3036} INFO - Sync 1 DAGs
[2026-04-19T00:09:56.337+0000] {logging_mixin.py:188} INFO - [2026-04-19T00:09:56.337+0000] {dag.py:3823} INFO - Setting next_dagrun for latest_only_with_trigger to 2026-04-18 20:00:00+00:00, run_after=2026-04-19 00:00:00+00:00
[2026-04-19T00:09:56.361+0000] {processor.py:183} INFO - Processing /home/airflow/.local/lib/python3.8/site-packages/airflow/example_dags/example_latest_only_with_trigger.py took 0.117 seconds
[2026-04-19T00:10:26.662+0000] {processor.py:161} INFO - Started process (PID=11184) to work on /home/airflow/.local/lib/python3.8/site-packages/airflow/example_dags/example_latest_only_with_trigger.py
[2026-04-19T00:10:26.663+0000] {processor.py:830} INFO - Processing file /home/airflow/.local/lib/python3.8/site-packages/airflow/example_dags/example_latest_only_with_trigger.py for tasks to queue
[2026-04-19T00:10:26.666+0000] {logging_mixin.py:188} INFO - [2026-04-19T00:10:26.665+0000] {dagbag.py:538} INFO - Filling up the DagBag from /home/airflow/.local/lib/python3.8/site-packages/airflow/example_dags/example_latest_only_with_trigger.py
[2026-04-19T00:10:26.675+0000] {processor.py:840} INFO - DAG(s) 'latest_only_with_trigger' retrieved from /home/airflow/.local/lib/python3.8/site-packages/airflow/example_dags/example_latest_only_with_trigger.py
[2026-04-19T00:10:26.709+0000] {logging_mixin.py:188} INFO - [2026-04-19T00:10:26.708+0000] {dag.py:3036} INFO - Sync 1 DAGs
[2026-04-19T00:10:26.743+0000] {logging_mixin.py:188} INFO - [2026-04-19T00:10:26.743+0000] {dag.py:3823} INFO - Setting next_dagrun for latest_only_with_trigger to 2026-04-18 20:00:00+00:00, run_after=2026-04-19 00:00:00+00:00
[2026-04-19T00:10:26.768+0000] {processor.py:183} INFO - Processing /home/airflow/.local/lib/python3.8/site-packages/airflow/example_dags/example_latest_only_with_trigger.py took 0.111 seconds
[2026-04-19T00:10:57.113+0000] {processor.py:161} INFO - Started process (PID=11239) to work on /home/airflow/.local/lib/python3.8/site-packages/airflow/example_dags/example_latest_only_with_trigger.py
[2026-04-19T00:10:57.114+0000] {processor.py:830} INFO - Processing file /home/airflow/.local/lib/python3.8/site-packages/airflow/example_dags/example_latest_only_with_trigger.py for tasks to queue
[2026-04-19T00:10:57.117+0000] {logging_mixin.py:188} INFO - [2026-04-19T00:10:57.117+0000] {dagbag.py:538} INFO - Filling up the DagBag from /home/airflow/.local/lib/python3.8/site-packages/airflow/example_dags/example_latest_only_with_trigger.py
[2026-04-19T00:10:57.126+0000] {processor.py:840} INFO - DAG(s) 'latest_only_with_trigger' retrieved from /home/airflow/.local/lib/python3.8/site-packages/airflow/example_dags/example_latest_only_with_trigger.py
[2026-04-19T00:10:57.158+0000] {logging_mixin.py:188} INFO - [2026-04-19T00:10:57.158+0000] {dag.py:3036} INFO - Sync 1 DAGs
[2026-04-19T00:10:57.188+0000] {logging_mixin.py:188} INFO - [2026-04-19T00:10:57.188+0000] {dag.py:3823} INFO - Setting next_dagrun for latest_only_with_trigger to 2026-04-18 20:00:00+00:00, run_after=2026-04-19 00:00:00+00:00
[2026-04-19T00:10:57.216+0000] {processor.py:183} INFO - Processing /home/airflow/.local/lib/python3.8/site-packages/airflow/example_dags/example_latest_only_with_trigger.py took 0.109 seconds
[2026-04-19T00:11:27.623+0000] {processor.py:161} INFO - Started process (PID=11294) to work on /home/airflow/.local/lib/python3.8/site-packages/airflow/example_dags/example_latest_only_with_trigger.py
[2026-04-19T00:11:27.625+0000] {processor.py:830} INFO - Processing file /home/airflow/.local/lib/python3.8/site-packages/airflow/example_dags/example_latest_only_with_trigger.py for tasks to queue
[2026-04-19T00:11:27.627+0000] {logging_mixin.py:188} INFO - [2026-04-19T00:11:27.627+0000] {dagbag.py:538} INFO - Filling up the DagBag from /home/airflow/.local/lib/python3.8/site-packages/airflow/example_dags/example_latest_only_with_trigger.py
[2026-04-19T00:11:27.634+0000] {processor.py:840} INFO - DAG(s) 'latest_only_with_trigger' retrieved from /home/airflow/.local/lib/python3.8/site-packages/airflow/example_dags/example_latest_only_with_trigger.py
[2026-04-19T00:11:27.664+0000] {logging_mixin.py:188} INFO - [2026-04-19T00:11:27.664+0000] {dag.py:3036} INFO - Sync 1 DAGs
[2026-04-19T00:11:27.695+0000] {logging_mixin.py:188} INFO - [2026-04-19T00:11:27.695+0000] {dag.py:3823} INFO - Setting next_dagrun for latest_only_with_trigger to 2026-04-18 20:00:00+00:00, run_after=2026-04-19 00:00:00+00:00
[2026-04-19T00:11:27.718+0000] {processor.py:183} INFO - Processing /home/airflow/.local/lib/python3.8/site-packages/airflow/example_dags/example_latest_only_with_trigger.py took 0.100 seconds
[2026-04-19T00:11:58.247+0000] {processor.py:161} INFO - Started process (PID=11349) to work on /home/airflow/.local/lib/python3.8/site-packages/airflow/example_dags/example_latest_only_with_trigger.py
[2026-04-19T00:11:58.249+0000] {processor.py:830} INFO - Processing file /home/airflow/.local/lib/python3.8/site-packages/airflow/example_dags/example_latest_only_with_trigger.py for tasks to queue
[2026-04-19T00:11:58.251+0000] {logging_mixin.py:188} INFO - [2026-04-19T00:11:58.251+0000] {dagbag.py:538} INFO - Filling up the DagBag from /home/airflow/.local/lib/python3.8/site-packages/airflow/example_dags/example_latest_only_with_trigger.py
[2026-04-19T00:11:58.260+0000] {processor.py:840} INFO - DAG(s) 'latest_only_with_trigger' retrieved from /home/airflow/.local/lib/python3.8/site-packages/airflow/example_dags/example_latest_only_with_trigger.py
[2026-04-19T00:11:58.290+0000] {logging_mixin.py:188} INFO - [2026-04-19T00:11:58.290+0000] {dag.py:3036} INFO - Sync 1 DAGs
[2026-04-19T00:11:58.321+0000] {logging_mixin.py:188} INFO - [2026-04-19T00:11:58.321+0000] {dag.py:3823} INFO - Setting next_dagrun for latest_only_with_trigger to 2026-04-18 20:00:00+00:00, run_after=2026-04-19 00:00:00+00:00
[2026-04-19T00:11:58.342+0000] {processor.py:183} INFO - Processing /home/airflow/.local/lib/python3.8/site-packages/airflow/example_dags/example_latest_only_with_trigger.py took 0.099 seconds
[2026-04-19T00:12:28.509+0000] {processor.py:161} INFO - Started process (PID=11404) to work on /home/airflow/.local/lib/python3.8/site-packages/airflow/example_dags/example_latest_only_with_trigger.py
[2026-04-19T00:12:28.510+0000] {processor.py:830} INFO - Processing file /home/airflow/.local/lib/python3.8/site-packages/airflow/example_dags/example_latest_only_with_trigger.py for tasks to queue
[2026-04-19T00:12:28.513+0000] {logging_mixin.py:188} INFO - [2026-04-19T00:12:28.512+0000] {dagbag.py:538} INFO - Filling up the DagBag from /home/airflow/.local/lib/python3.8/site-packages/airflow/example_dags/example_latest_only_with_trigger.py
[2026-04-19T00:12:28.521+0000] {processor.py:840} INFO - DAG(s) 'latest_only_with_trigger' retrieved from /home/airflow/.local/lib/python3.8/site-packages/airflow/example_dags/example_latest_only_with_trigger.py
[2026-04-19T00:12:28.557+0000] {logging_mixin.py:188} INFO - [2026-04-19T00:12:28.557+0000] {dag.py:3036} INFO - Sync 1 DAGs
[2026-04-19T00:12:28.589+0000] {logging_mixin.py:188} INFO - [2026-04-19T00:12:28.589+0000] {dag.py:3823} INFO - Setting next_dagrun for latest_only_with_trigger to 2026-04-18 20:00:00+00:00, run_after=2026-04-19 00:00:00+00:00
[2026-04-19T00:12:28.613+0000] {processor.py:183} INFO - Processing /home/airflow/.local/lib/python3.8/site-packages/airflow/example_dags/example_latest_only_with_trigger.py took 0.110 seconds
[2026-04-19T00:12:58.833+0000] {processor.py:161} INFO - Started process (PID=11459) to work on /home/airflow/.local/lib/python3.8/site-packages/airflow/example_dags/example_latest_only_with_trigger.py
[2026-04-19T00:12:58.834+0000] {processor.py:830} INFO - Processing file /home/airflow/.local/lib/python3.8/site-packages/airflow/example_dags/example_latest_only_with_trigger.py for tasks to queue
[2026-04-19T00:12:58.837+0000] {logging_mixin.py:188} INFO - [2026-04-19T00:12:58.837+0000] {dagbag.py:538} INFO - Filling up the DagBag from /home/airflow/.local/lib/python3.8/site-packages/airflow/example_dags/example_latest_only_with_trigger.py
[2026-04-19T00:12:58.845+0000] {processor.py:840} INFO - DAG(s) 'latest_only_with_trigger' retrieved from /home/airflow/.local/lib/python3.8/site-packages/airflow/example_dags/example_latest_only_with_trigger.py
[2026-04-19T00:12:58.875+0000] {logging_mixin.py:188} INFO - [2026-04-19T00:12:58.875+0000] {dag.py:3036} INFO - Sync 1 DAGs
[2026-04-19T00:12:58.905+0000] {logging_mixin.py:188} INFO - [2026-04-19T00:12:58.904+0000] {dag.py:3823} INFO - Setting next_dagrun for latest_only_with_trigger to 2026-04-18 20:00:00+00:00, run_after=2026-04-19 00:00:00+00:00
[2026-04-19T00:12:58.929+0000] {processor.py:183} INFO - Processing /home/airflow/.local/lib/python3.8/site-packages/airflow/example_dags/example_latest_only_with_trigger.py took 0.100 seconds
[2026-04-19T00:13:29.412+0000] {processor.py:161} INFO - Started process (PID=11514) to work on /home/airflow/.local/lib/python3.8/site-packages/airflow/example_dags/example_latest_only_with_trigger.py
[2026-04-19T00:13:29.413+0000] {processor.py:830} INFO - Processing file /home/airflow/.local/lib/python3.8/site-packages/airflow/example_dags/example_latest_only_with_trigger.py for tasks to queue
[2026-04-19T00:13:29.416+0000] {logging_mixin.py:188} INFO - [2026-04-19T00:13:29.416+0000] {dagbag.py:538} INFO - Filling up the DagBag from /home/airflow/.local/lib/python3.8/site-packages/airflow/example_dags/example_latest_only_with_trigger.py
[2026-04-19T00:13:29.424+0000] {processor.py:840} INFO - DAG(s) 'latest_only_with_trigger' retrieved from /home/airflow/.local/lib/python3.8/site-packages/airflow/example_dags/example_latest_only_with_trigger.py
[2026-04-19T00:13:29.455+0000] {logging_mixin.py:188} INFO - [2026-04-19T00:13:29.454+0000] {dag.py:3036} INFO - Sync 1 DAGs
[2026-04-19T00:13:29.488+0000] {logging_mixin.py:188} INFO - [2026-04-19T00:13:29.488+0000] {dag.py:3823} INFO - Setting next_dagrun for latest_only_with_trigger to 2026-04-18 20:00:00+00:00, run_after=2026-04-19 00:00:00+00:00
[2026-04-19T00:13:29.511+0000] {processor.py:183} INFO - Processing /home/airflow/.local/lib/python3.8/site-packages/airflow/example_dags/example_latest_only_with_trigger.py took 0.103 seconds
[2026-04-19T00:13:59.956+0000] {processor.py:161} INFO - Started process (PID=11569) to work on /home/airflow/.local/lib/python3.8/site-packages/airflow/example_dags/example_latest_only_with_trigger.py
[2026-04-19T00:13:59.958+0000] {processor.py:830} INFO - Processing file /home/airflow/.local/lib/python3.8/site-packages/airflow/example_dags/example_latest_only_with_trigger.py for tasks to queue
[2026-04-19T00:13:59.960+0000] {logging_mixin.py:188} INFO - [2026-04-19T00:13:59.960+0000] {dagbag.py:538} INFO - Filling up the DagBag from /home/airflow/.local/lib/python3.8/site-packages/airflow/example_dags/example_latest_only_with_trigger.py
[2026-04-19T00:13:59.970+0000] {processor.py:840} INFO - DAG(s) 'latest_only_with_trigger' retrieved from /home/airflow/.local/lib/python3.8/site-packages/airflow/example_dags/example_latest_only_with_trigger.py
[2026-04-19T00:14:00.007+0000] {logging_mixin.py:188} INFO - [2026-04-19T00:14:00.007+0000] {dag.py:3036} INFO - Sync 1 DAGs
[2026-04-19T00:14:00.040+0000] {logging_mixin.py:188} INFO - [2026-04-19T00:14:00.040+0000] {dag.py:3823} INFO - Setting next_dagrun for latest_only_with_trigger to 2026-04-18 20:00:00+00:00, run_after=2026-04-19 00:00:00+00:00
[2026-04-19T00:14:00.069+0000] {processor.py:183} INFO - Processing /home/airflow/.local/lib/python3.8/site-packages/airflow/example_dags/example_latest_only_with_trigger.py took 0.118 seconds
[2026-04-19T00:14:30.452+0000] {processor.py:161} INFO - Started process (PID=11624) to work on /home/airflow/.local/lib/python3.8/site-packages/airflow/example_dags/example_latest_only_with_trigger.py
[2026-04-19T00:14:30.453+0000] {processor.py:830} INFO - Processing file /home/airflow/.local/lib/python3.8/site-packages/airflow/example_dags/example_latest_only_with_trigger.py for tasks to queue
[2026-04-19T00:14:30.455+0000] {logging_mixin.py:188} INFO - [2026-04-19T00:14:30.455+0000] {dagbag.py:538} INFO - Filling up the DagBag from /home/airflow/.local/lib/python3.8/site-packages/airflow/example_dags/example_latest_only_with_trigger.py
[2026-04-19T00:14:30.463+0000] {processor.py:840} INFO - DAG(s) 'latest_only_with_trigger' retrieved from /home/airflow/.local/lib/python3.8/site-packages/airflow/example_dags/example_latest_only_with_trigger.py
[2026-04-19T00:14:30.496+0000] {logging_mixin.py:188} INFO - [2026-04-19T00:14:30.496+0000] {dag.py:3036} INFO - Sync 1 DAGs
[2026-04-19T00:14:30.526+0000] {logging_mixin.py:188} INFO - [2026-04-19T00:14:30.526+0000] {dag.py:3823} INFO - Setting next_dagrun for latest_only_with_trigger to 2026-04-18 20:00:00+00:00, run_after=2026-04-19 00:00:00+00:00
[2026-04-19T00:14:30.549+0000] {processor.py:183} INFO - Processing /home/airflow/.local/lib/python3.8/site-packages/airflow/example_dags/example_latest_only_with_trigger.py took 0.102 seconds
[2026-04-19T00:15:00.820+0000] {processor.py:161} INFO - Started process (PID=11679) to work on /home/airflow/.local/lib/python3.8/site-packages/airflow/example_dags/example_latest_only_with_trigger.py
[2026-04-19T00:15:00.822+0000] {processor.py:830} INFO - Processing file /home/airflow/.local/lib/python3.8/site-packages/airflow/example_dags/example_latest_only_with_trigger.py for tasks to queue
[2026-04-19T00:15:00.824+0000] {logging_mixin.py:188} INFO - [2026-04-19T00:15:00.824+0000] {dagbag.py:538} INFO - Filling up the DagBag from /home/airflow/.local/lib/python3.8/site-packages/airflow/example_dags/example_latest_only_with_trigger.py
[2026-04-19T00:15:00.832+0000] {processor.py:840} INFO - DAG(s) 'latest_only_with_trigger' retrieved from /home/airflow/.local/lib/python3.8/site-packages/airflow/example_dags/example_latest_only_with_trigger.py
[2026-04-19T00:15:00.867+0000] {logging_mixin.py:188} INFO - [2026-04-19T00:15:00.866+0000] {dag.py:3036} INFO - Sync 1 DAGs
[2026-04-19T00:15:00.900+0000] {logging_mixin.py:188} INFO - [2026-04-19T00:15:00.899+0000] {dag.py:3823} INFO - Setting next_dagrun for latest_only_with_trigger to 2026-04-18 20:00:00+00:00, run_after=2026-04-19 00:00:00+00:00
[2026-04-19T00:15:00.923+0000] {processor.py:183} INFO - Processing /home/airflow/.local/lib/python3.8/site-packages/airflow/example_dags/example_latest_only_with_trigger.py took 0.108 seconds
[2026-04-19T00:15:31.478+0000] {processor.py:161} INFO - Started process (PID=11735) to work on /home/airflow/.local/lib/python3.8/site-packages/airflow/example_dags/example_latest_only_with_trigger.py
[2026-04-19T00:15:31.480+0000] {processor.py:830} INFO - Processing file /home/airflow/.local/lib/python3.8/site-packages/airflow/example_dags/example_latest_only_with_trigger.py for tasks to queue
[2026-04-19T00:15:31.483+0000] {logging_mixin.py:188} INFO - [2026-04-19T00:15:31.482+0000] {dagbag.py:538} INFO - Filling up the DagBag from /home/airflow/.local/lib/python3.8/site-packages/airflow/example_dags/example_latest_only_with_trigger.py
[2026-04-19T00:15:31.492+0000] {processor.py:840} INFO - DAG(s) 'latest_only_with_trigger' retrieved from /home/airflow/.local/lib/python3.8/site-packages/airflow/example_dags/example_latest_only_with_trigger.py
[2026-04-19T00:15:31.526+0000] {logging_mixin.py:188} INFO - [2026-04-19T00:15:31.526+0000] {dag.py:3036} INFO - Sync 1 DAGs
[2026-04-19T00:15:31.556+0000] {logging_mixin.py:188} INFO - [2026-04-19T00:15:31.555+0000] {dag.py:3823} INFO - Setting next_dagrun for latest_only_with_trigger to 2026-04-18 20:00:00+00:00, run_after=2026-04-19 00:00:00+00:00
[2026-04-19T00:15:31.579+0000] {processor.py:183} INFO - Processing /home/airflow/.local/lib/python3.8/site-packages/airflow/example_dags/example_latest_only_with_trigger.py took 0.107 seconds
[2026-04-19T00:16:01.720+0000] {processor.py:161} INFO - Started process (PID=11790) to work on /home/airflow/.local/lib/python3.8/site-packages/airflow/example_dags/example_latest_only_with_trigger.py
[2026-04-19T00:16:01.721+0000] {processor.py:830} INFO - Processing file /home/airflow/.local/lib/python3.8/site-packages/airflow/example_dags/example_latest_only_with_trigger.py for tasks to queue
[2026-04-19T00:16:01.722+0000] {logging_mixin.py:188} INFO - [2026-04-19T00:16:01.722+0000] {dagbag.py:538} INFO - Filling up the DagBag from /home/airflow/.local/lib/python3.8/site-packages/airflow/example_dags/example_latest_only_with_trigger.py
[2026-04-19T00:16:01.727+0000] {processor.py:840} INFO - DAG(s) 'latest_only_with_trigger' retrieved from /home/airflow/.local/lib/python3.8/site-packages/airflow/example_dags/example_latest_only_with_trigger.py
[2026-04-19T00:16:01.743+0000] {logging_mixin.py:188} INFO - [2026-04-19T00:16:01.743+0000] {dag.py:3036} INFO - Sync 1 DAGs
[2026-04-19T00:16:01.759+0000] {logging_mixin.py:188} INFO - [2026-04-19T00:16:01.759+0000] {dag.py:3823} INFO - Setting next_dagrun for latest_only_with_trigger to 2026-04-18 20:00:00+00:00, run_after=2026-04-19 00:00:00+00:00
[2026-04-19T00:16:01.773+0000] {processor.py:183} INFO - Processing /home/airflow/.local/lib/python3.8/site-packages/airflow/example_dags/example_latest_only_with_trigger.py took 0.056 seconds
[2026-04-19T00:16:32.520+0000] {processor.py:161} INFO - Started process (PID=11845) to work on /home/airflow/.local/lib/python3.8/site-packages/airflow/example_dags/example_latest_only_with_trigger.py
[2026-04-19T00:16:32.521+0000] {processor.py:830} INFO - Processing file /home/airflow/.local/lib/python3.8/site-packages/airflow/example_dags/example_latest_only_with_trigger.py for tasks to queue
[2026-04-19T00:16:32.524+0000] {logging_mixin.py:188} INFO - [2026-04-19T00:16:32.524+0000] {dagbag.py:538} INFO - Filling up the DagBag from /home/airflow/.local/lib/python3.8/site-packages/airflow/example_dags/example_latest_only_with_trigger.py
[2026-04-19T00:16:32.532+0000] {processor.py:840} INFO - DAG(s) 'latest_only_with_trigger' retrieved from /home/airflow/.local/lib/python3.8/site-packages/airflow/example_dags/example_latest_only_with_trigger.py
[2026-04-19T00:16:32.563+0000] {logging_mixin.py:188} INFO - [2026-04-19T00:16:32.563+0000] {dag.py:3036} INFO - Sync 1 DAGs
[2026-04-19T00:16:32.595+0000] {logging_mixin.py:188} INFO - [2026-04-19T00:16:32.595+0000] {dag.py:3823} INFO - Setting next_dagrun for latest_only_with_trigger to 2026-04-18 20:00:00+00:00, run_after=2026-04-19 00:00:00+00:00
[2026-04-19T00:16:32.621+0000] {processor.py:183} INFO - Processing /home/airflow/.local/lib/python3.8/site-packages/airflow/example_dags/example_latest_only_with_trigger.py took 0.107 seconds
[2026-04-19T00:17:02.863+0000] {processor.py:161} INFO - Started process (PID=11900) to work on /home/airflow/.local/lib/python3.8/site-packages/airflow/example_dags/example_latest_only_with_trigger.py
[2026-04-19T00:17:02.865+0000] {processor.py:830} INFO - Processing file /home/airflow/.local/lib/python3.8/site-packages/airflow/example_dags/example_latest_only_with_trigger.py for tasks to queue
[2026-04-19T00:17:02.867+0000] {logging_mixin.py:188} INFO - [2026-04-19T00:17:02.867+0000] {dagbag.py:538} INFO - Filling up the DagBag from /home/airflow/.local/lib/python3.8/site-packages/airflow/example_dags/example_latest_only_with_trigger.py
[2026-04-19T00:17:02.875+0000] {processor.py:840} INFO - DAG(s) 'latest_only_with_trigger' retrieved from /home/airflow/.local/lib/python3.8/site-packages/airflow/example_dags/example_latest_only_with_trigger.py
[2026-04-19T00:17:02.904+0000] {logging_mixin.py:188} INFO - [2026-04-19T00:17:02.903+0000] {dag.py:3036} INFO - Sync 1 DAGs
[2026-04-19T00:17:02.933+0000] {logging_mixin.py:188} INFO - [2026-04-19T00:17:02.933+0000] {dag.py:3823} INFO - Setting next_dagrun for latest_only_with_trigger to 2026-04-18 20:00:00+00:00, run_after=2026-04-19 00:00:00+00:00
[2026-04-19T00:17:02.954+0000] {processor.py:183} INFO - Processing /home/airflow/.local/lib/python3.8/site-packages/airflow/example_dags/example_latest_only_with_trigger.py took 0.096 seconds
[2026-04-19T00:17:33.218+0000] {processor.py:161} INFO - Started process (PID=11955) to work on /home/airflow/.local/lib/python3.8/site-packages/airflow/example_dags/example_latest_only_with_trigger.py
[2026-04-19T00:17:33.220+0000] {processor.py:830} INFO - Processing file /home/airflow/.local/lib/python3.8/site-packages/airflow/example_dags/example_latest_only_with_trigger.py for tasks to queue
[2026-04-19T00:17:33.222+0000] {logging_mixin.py:188} INFO - [2026-04-19T00:17:33.222+0000] {dagbag.py:538} INFO - Filling up the DagBag from /home/airflow/.local/lib/python3.8/site-packages/airflow/example_dags/example_latest_only_with_trigger.py
[2026-04-19T00:17:33.231+0000] {processor.py:840} INFO - DAG(s) 'latest_only_with_trigger' retrieved from /home/airflow/.local/lib/python3.8/site-packages/airflow/example_dags/example_latest_only_with_trigger.py
[2026-04-19T00:17:33.260+0000] {logging_mixin.py:188} INFO - [2026-04-19T00:17:33.260+0000] {dag.py:3036} INFO - Sync 1 DAGs
[2026-04-19T00:17:33.290+0000] {logging_mixin.py:188} INFO - [2026-04-19T00:17:33.290+0000] {dag.py:3823} INFO - Setting next_dagrun for latest_only_with_trigger to 2026-04-18 20:00:00+00:00, run_after=2026-04-19 00:00:00+00:00
[2026-04-19T00:17:33.313+0000] {processor.py:183} INFO - Processing /home/airflow/.local/lib/python3.8/site-packages/airflow/example_dags/example_latest_only_with_trigger.py took 0.099 seconds
[2026-04-19T00:18:03.906+0000] {processor.py:161} INFO - Started process (PID=12010) to work on /home/airflow/.local/lib/python3.8/site-packages/airflow/example_dags/example_latest_only_with_trigger.py
[2026-04-19T00:18:03.907+0000] {processor.py:830} INFO - Processing file /home/airflow/.local/lib/python3.8/site-packages/airflow/example_dags/example_latest_only_with_trigger.py for tasks to queue
[2026-04-19T00:18:03.909+0000] {logging_mixin.py:188} INFO - [2026-04-19T00:18:03.909+0000] {dagbag.py:538} INFO - Filling up the DagBag from /home/airflow/.local/lib/python3.8/site-packages/airflow/example_dags/example_latest_only_with_trigger.py
[2026-04-19T00:18:03.918+0000] {processor.py:840} INFO - DAG(s) 'latest_only_with_trigger' retrieved from /home/airflow/.local/lib/python3.8/site-packages/airflow/example_dags/example_latest_only_with_trigger.py
[2026-04-19T00:18:03.952+0000] {logging_mixin.py:188} INFO - [2026-04-19T00:18:03.951+0000] {dag.py:3036} INFO - Sync 1 DAGs
[2026-04-19T00:18:03.983+0000] {logging_mixin.py:188} INFO - [2026-04-19T00:18:03.983+0000] {dag.py:3823} INFO - Setting next_dagrun for latest_only_with_trigger to 2026-04-18 20:00:00+00:00, run_after=2026-04-19 00:00:00+00:00
[2026-04-19T00:18:04.008+0000] {processor.py:183} INFO - Processing /home/airflow/.local/lib/python3.8/site-packages/airflow/example_dags/example_latest_only_with_trigger.py took 0.108 seconds
[2026-04-19T00:18:34.292+0000] {processor.py:161} INFO - Started process (PID=12065) to work on /home/airflow/.local/lib/python3.8/site-packages/airflow/example_dags/example_latest_only_with_trigger.py
[2026-04-19T00:18:34.293+0000] {processor.py:830} INFO - Processing file /home/airflow/.local/lib/python3.8/site-packages/airflow/example_dags/example_latest_only_with_trigger.py for tasks to queue
[2026-04-19T00:18:34.296+0000] {logging_mixin.py:188} INFO - [2026-04-19T00:18:34.295+0000] {dagbag.py:538} INFO - Filling up the DagBag from /home/airflow/.local/lib/python3.8/site-packages/airflow/example_dags/example_latest_only_with_trigger.py
[2026-04-19T00:18:34.304+0000] {processor.py:840} INFO - DAG(s) 'latest_only_with_trigger' retrieved from /home/airflow/.local/lib/python3.8/site-packages/airflow/example_dags/example_latest_only_with_trigger.py
[2026-04-19T00:18:34.338+0000] {logging_mixin.py:188} INFO - [2026-04-19T00:18:34.338+0000] {dag.py:3036} INFO - Sync 1 DAGs
[2026-04-19T00:18:34.370+0000] {logging_mixin.py:188} INFO - [2026-04-19T00:18:34.370+0000] {dag.py:3823} INFO - Setting next_dagrun for latest_only_with_trigger to 2026-04-18 20:00:00+00:00, run_after=2026-04-19 00:00:00+00:00
[2026-04-19T00:18:34.394+0000] {processor.py:183} INFO - Processing /home/airflow/.local/lib/python3.8/site-packages/airflow/example_dags/example_latest_only_with_trigger.py took 0.108 seconds
[2026-04-19T00:19:04.771+0000] {processor.py:161} INFO - Started process (PID=12119) to work on /home/airflow/.local/lib/python3.8/site-packages/airflow/example_dags/example_latest_only_with_trigger.py
[2026-04-19T00:19:04.773+0000] {processor.py:830} INFO - Processing file /home/airflow/.local/lib/python3.8/site-packages/airflow/example_dags/example_latest_only_with_trigger.py for tasks to queue
[2026-04-19T00:19:04.775+0000] {logging_mixin.py:188} INFO - [2026-04-19T00:19:04.774+0000] {dagbag.py:538} INFO - Filling up the DagBag from /home/airflow/.local/lib/python3.8/site-packages/airflow/example_dags/example_latest_only_with_trigger.py
[2026-04-19T00:19:04.782+0000] {processor.py:840} INFO - DAG(s) 'latest_only_with_trigger' retrieved from /home/airflow/.local/lib/python3.8/site-packages/airflow/example_dags/example_latest_only_with_trigger.py
[2026-04-19T00:19:04.817+0000] {logging_mixin.py:188} INFO - [2026-04-19T00:19:04.816+0000] {dag.py:3036} INFO - Sync 1 DAGs
[2026-04-19T00:19:04.847+0000] {logging_mixin.py:188} INFO - [2026-04-19T00:19:04.847+0000] {dag.py:3823} INFO - Setting next_dagrun for latest_only_with_trigger to 2026-04-18 20:00:00+00:00, run_after=2026-04-19 00:00:00+00:00
[2026-04-19T00:19:04.873+0000] {processor.py:183} INFO - Processing /home/airflow/.local/lib/python3.8/site-packages/airflow/example_dags/example_latest_only_with_trigger.py took 0.107 seconds
[2026-04-19T00:19:35.144+0000] {processor.py:161} INFO - Started process (PID=12174) to work on /home/airflow/.local/lib/python3.8/site-packages/airflow/example_dags/example_latest_only_with_trigger.py
[2026-04-19T00:19:35.146+0000] {processor.py:830} INFO - Processing file /home/airflow/.local/lib/python3.8/site-packages/airflow/example_dags/example_latest_only_with_trigger.py for tasks to queue
[2026-04-19T00:19:35.148+0000] {logging_mixin.py:188} INFO - [2026-04-19T00:19:35.147+0000] {dagbag.py:538} INFO - Filling up the DagBag from /home/airflow/.local/lib/python3.8/site-packages/airflow/example_dags/example_latest_only_with_trigger.py
[2026-04-19T00:19:35.155+0000] {processor.py:840} INFO - DAG(s) 'latest_only_with_trigger' retrieved from /home/airflow/.local/lib/python3.8/site-packages/airflow/example_dags/example_latest_only_with_trigger.py
[2026-04-19T00:19:35.185+0000] {logging_mixin.py:188} INFO - [2026-04-19T00:19:35.185+0000] {dag.py:3036} INFO - Sync 1 DAGs
[2026-04-19T00:19:35.217+0000] {logging_mixin.py:188} INFO - [2026-04-19T00:19:35.217+0000] {dag.py:3823} INFO - Setting next_dagrun for latest_only_with_trigger to 2026-04-18 20:00:00+00:00, run_after=2026-04-19 00:00:00+00:00
[2026-04-19T00:19:35.242+0000] {processor.py:183} INFO - Processing /home/airflow/.local/lib/python3.8/site-packages/airflow/example_dags/example_latest_only_with_trigger.py took 0.103 seconds
[2026-04-19T00:20:05.720+0000] {processor.py:161} INFO - Started process (PID=12229) to work on /home/airflow/.local/lib/python3.8/site-packages/airflow/example_dags/example_latest_only_with_trigger.py
[2026-04-19T00:20:05.721+0000] {processor.py:830} INFO - Processing file /home/airflow/.local/lib/python3.8/site-packages/airflow/example_dags/example_latest_only_with_trigger.py for tasks to queue
[2026-04-19T00:20:05.723+0000] {logging_mixin.py:188} INFO - [2026-04-19T00:20:05.723+0000] {dagbag.py:538} INFO - Filling up the DagBag from /home/airflow/.local/lib/python3.8/site-packages/airflow/example_dags/example_latest_only_with_trigger.py
[2026-04-19T00:20:05.730+0000] {processor.py:840} INFO - DAG(s) 'latest_only_with_trigger' retrieved from /home/airflow/.local/lib/python3.8/site-packages/airflow/example_dags/example_latest_only_with_trigger.py
[2026-04-19T00:20:05.762+0000] {logging_mixin.py:188} INFO - [2026-04-19T00:20:05.762+0000] {dag.py:3036} INFO - Sync 1 DAGs
[2026-04-19T00:20:05.793+0000] {logging_mixin.py:188} INFO - [2026-04-19T00:20:05.793+0000] {dag.py:3823} INFO - Setting next_dagrun for latest_only_with_trigger to 2026-04-18 20:00:00+00:00, run_after=2026-04-19 00:00:00+00:00
[2026-04-19T00:20:05.817+0000] {processor.py:183} INFO - Processing /home/airflow/.local/lib/python3.8/site-packages/airflow/example_dags/example_latest_only_with_trigger.py took 0.101 seconds
[2026-04-19T00:20:36.045+0000] {processor.py:161} INFO - Started process (PID=12284) to work on /home/airflow/.local/lib/python3.8/site-packages/airflow/example_dags/example_latest_only_with_trigger.py
[2026-04-19T00:20:36.046+0000] {processor.py:830} INFO - Processing file /home/airflow/.local/lib/python3.8/site-packages/airflow/example_dags/example_latest_only_with_trigger.py for tasks to queue
[2026-04-19T00:20:36.049+0000] {logging_mixin.py:188} INFO - [2026-04-19T00:20:36.048+0000] {dagbag.py:538} INFO - Filling up the DagBag from /home/airflow/.local/lib/python3.8/site-packages/airflow/example_dags/example_latest_only_with_trigger.py
[2026-04-19T00:20:36.057+0000] {processor.py:840} INFO - DAG(s) 'latest_only_with_trigger' retrieved from /home/airflow/.local/lib/python3.8/site-packages/airflow/example_dags/example_latest_only_with_trigger.py
[2026-04-19T00:20:36.088+0000] {logging_mixin.py:188} INFO - [2026-04-19T00:20:36.088+0000] {dag.py:3036} INFO - Sync 1 DAGs
[2026-04-19T00:20:36.119+0000] {logging_mixin.py:188} INFO - [2026-04-19T00:20:36.119+0000] {dag.py:3823} INFO - Setting next_dagrun for latest_only_with_trigger to 2026-04-18 20:00:00+00:00, run_after=2026-04-19 00:00:00+00:00
[2026-04-19T00:20:36.144+0000] {processor.py:183} INFO - Processing /home/airflow/.local/lib/python3.8/site-packages/airflow/example_dags/example_latest_only_with_trigger.py took 0.104 seconds
[2026-04-19T00:21:06.314+0000] {processor.py:161} INFO - Started process (PID=12339) to work on /home/airflow/.local/lib/python3.8/site-packages/airflow/example_dags/example_latest_only_with_trigger.py
[2026-04-19T00:21:06.316+0000] {processor.py:830} INFO - Processing file /home/airflow/.local/lib/python3.8/site-packages/airflow/example_dags/example_latest_only_with_trigger.py for tasks to queue
[2026-04-19T00:21:06.318+0000] {logging_mixin.py:188} INFO - [2026-04-19T00:21:06.317+0000] {dagbag.py:538} INFO - Filling up the DagBag from /home/airflow/.local/lib/python3.8/site-packages/airflow/example_dags/example_latest_only_with_trigger.py
[2026-04-19T00:21:06.325+0000] {processor.py:840} INFO - DAG(s) 'latest_only_with_trigger' retrieved from /home/airflow/.local/lib/python3.8/site-packages/airflow/example_dags/example_latest_only_with_trigger.py
[2026-04-19T00:21:06.357+0000] {logging_mixin.py:188} INFO - [2026-04-19T00:21:06.357+0000] {dag.py:3036} INFO - Sync 1 DAGs
[2026-04-19T00:21:06.387+0000] {logging_mixin.py:188} INFO - [2026-04-19T00:21:06.387+0000] {dag.py:3823} INFO - Setting next_dagrun for latest_only_with_trigger to 2026-04-18 20:00:00+00:00, run_after=2026-04-19 00:00:00+00:00
[2026-04-19T00:21:06.410+0000] {processor.py:183} INFO - Processing /home/airflow/.local/lib/python3.8/site-packages/airflow/example_dags/example_latest_only_with_trigger.py took 0.100 seconds
[2026-04-19T00:21:36.818+0000] {processor.py:161} INFO - Started process (PID=12394) to work on /home/airflow/.local/lib/python3.8/site-packages/airflow/example_dags/example_latest_only_with_trigger.py
[2026-04-19T00:21:36.820+0000] {processor.py:830} INFO - Processing file /home/airflow/.local/lib/python3.8/site-packages/airflow/example_dags/example_latest_only_with_trigger.py for tasks to queue
[2026-04-19T00:21:36.823+0000] {logging_mixin.py:188} INFO - [2026-04-19T00:21:36.823+0000] {dagbag.py:538} INFO - Filling up the DagBag from /home/airflow/.local/lib/python3.8/site-packages/airflow/example_dags/example_latest_only_with_trigger.py
[2026-04-19T00:21:36.831+0000] {processor.py:840} INFO - DAG(s) 'latest_only_with_trigger' retrieved from /home/airflow/.local/lib/python3.8/site-packages/airflow/example_dags/example_latest_only_with_trigger.py
[2026-04-19T00:21:36.863+0000] {logging_mixin.py:188} INFO - [2026-04-19T00:21:36.863+0000] {dag.py:3036} INFO - Sync 1 DAGs
[2026-04-19T00:21:36.897+0000] {logging_mixin.py:188} INFO - [2026-04-19T00:21:36.896+0000] {dag.py:3823} INFO - Setting next_dagrun for latest_only_with_trigger to 2026-04-18 20:00:00+00:00, run_after=2026-04-19 00:00:00+00:00
[2026-04-19T00:21:36.922+0000] {processor.py:183} INFO - Processing /home/airflow/.local/lib/python3.8/site-packages/airflow/example_dags/example_latest_only_with_trigger.py took 0.109 seconds
[2026-04-19T00:22:07.261+0000] {processor.py:161} INFO - Started process (PID=12449) to work on /home/airflow/.local/lib/python3.8/site-packages/airflow/example_dags/example_latest_only_with_trigger.py
[2026-04-19T00:22:07.262+0000] {processor.py:830} INFO - Processing file /home/airflow/.local/lib/python3.8/site-packages/airflow/example_dags/example_latest_only_with_trigger.py for tasks to queue
[2026-04-19T00:22:07.265+0000] {logging_mixin.py:188} INFO - [2026-04-19T00:22:07.264+0000] {dagbag.py:538} INFO - Filling up the DagBag from /home/airflow/.local/lib/python3.8/site-packages/airflow/example_dags/example_latest_only_with_trigger.py
[2026-04-19T00:22:07.272+0000] {processor.py:840} INFO - DAG(s) 'latest_only_with_trigger' retrieved from /home/airflow/.local/lib/python3.8/site-packages/airflow/example_dags/example_latest_only_with_trigger.py
[2026-04-19T00:22:07.300+0000] {logging_mixin.py:188} INFO - [2026-04-19T00:22:07.299+0000] {dag.py:3036} INFO - Sync 1 DAGs
[2026-04-19T00:22:07.328+0000] {logging_mixin.py:188} INFO - [2026-04-19T00:22:07.328+0000] {dag.py:3823} INFO - Setting next_dagrun for latest_only_with_trigger to 2026-04-18 20:00:00+00:00, run_after=2026-04-19 00:00:00+00:00
[2026-04-19T00:22:07.352+0000] {processor.py:183} INFO - Processing /home/airflow/.local/lib/python3.8/site-packages/airflow/example_dags/example_latest_only_with_trigger.py took 0.095 seconds
[2026-04-19T00:22:37.817+0000] {processor.py:161} INFO - Started process (PID=12504) to work on /home/airflow/.local/lib/python3.8/site-packages/airflow/example_dags/example_latest_only_with_trigger.py
[2026-04-19T00:22:37.819+0000] {processor.py:830} INFO - Processing file /home/airflow/.local/lib/python3.8/site-packages/airflow/example_dags/example_latest_only_with_trigger.py for tasks to queue
[2026-04-19T00:22:37.821+0000] {logging_mixin.py:188} INFO - [2026-04-19T00:22:37.820+0000] {dagbag.py:538} INFO - Filling up the DagBag from /home/airflow/.local/lib/python3.8/site-packages/airflow/example_dags/example_latest_only_with_trigger.py
[2026-04-19T00:22:37.828+0000] {processor.py:840} INFO - DAG(s) 'latest_only_with_trigger' retrieved from /home/airflow/.local/lib/python3.8/site-packages/airflow/example_dags/example_latest_only_with_trigger.py
[2026-04-19T00:22:37.857+0000] {logging_mixin.py:188} INFO - [2026-04-19T00:22:37.857+0000] {dag.py:3036} INFO - Sync 1 DAGs
[2026-04-19T00:22:37.885+0000] {logging_mixin.py:188} INFO - [2026-04-19T00:22:37.885+0000] {dag.py:3823} INFO - Setting next_dagrun for latest_only_with_trigger to 2026-04-18 20:00:00+00:00, run_after=2026-04-19 00:00:00+00:00
[2026-04-19T00:22:37.908+0000] {processor.py:183} INFO - Processing /home/airflow/.local/lib/python3.8/site-packages/airflow/example_dags/example_latest_only_with_trigger.py took 0.095 seconds
[2026-04-19T00:23:08.084+0000] {processor.py:161} INFO - Started process (PID=12559) to work on /home/airflow/.local/lib/python3.8/site-packages/airflow/example_dags/example_latest_only_with_trigger.py
[2026-04-19T00:23:08.086+0000] {processor.py:830} INFO - Processing file /home/airflow/.local/lib/python3.8/site-packages/airflow/example_dags/example_latest_only_with_trigger.py for tasks to queue
[2026-04-19T00:23:08.088+0000] {logging_mixin.py:188} INFO - [2026-04-19T00:23:08.088+0000] {dagbag.py:538} INFO - Filling up the DagBag from /home/airflow/.local/lib/python3.8/site-packages/airflow/example_dags/example_latest_only_with_trigger.py
[2026-04-19T00:23:08.096+0000] {processor.py:840} INFO - DAG(s) 'latest_only_with_trigger' retrieved from /home/airflow/.local/lib/python3.8/site-packages/airflow/example_dags/example_latest_only_with_trigger.py
[2026-04-19T00:23:08.129+0000] {logging_mixin.py:188} INFO - [2026-04-19T00:23:08.129+0000] {dag.py:3036} INFO - Sync 1 DAGs
[2026-04-19T00:23:08.163+0000] {logging_mixin.py:188} INFO - [2026-04-19T00:23:08.163+0000] {dag.py:3823} INFO - Setting next_dagrun for latest_only_with_trigger to 2026-04-18 20:00:00+00:00, run_after=2026-04-19 00:00:00+00:00
[2026-04-19T00:23:08.188+0000] {processor.py:183} INFO - Processing /home/airflow/.local/lib/python3.8/site-packages/airflow/example_dags/example_latest_only_with_trigger.py took 0.108 seconds
[2026-04-19T00:23:38.292+0000] {processor.py:161} INFO - Started process (PID=12614) to work on /home/airflow/.local/lib/python3.8/site-packages/airflow/example_dags/example_latest_only_with_trigger.py
[2026-04-19T00:23:38.294+0000] {processor.py:830} INFO - Processing file /home/airflow/.local/lib/python3.8/site-packages/airflow/example_dags/example_latest_only_with_trigger.py for tasks to queue
[2026-04-19T00:23:38.297+0000] {logging_mixin.py:188} INFO - [2026-04-19T00:23:38.296+0000] {dagbag.py:538} INFO - Filling up the DagBag from /home/airflow/.local/lib/python3.8/site-packages/airflow/example_dags/example_latest_only_with_trigger.py
[2026-04-19T00:23:38.306+0000] {processor.py:840} INFO - DAG(s) 'latest_only_with_trigger' retrieved from /home/airflow/.local/lib/python3.8/site-packages/airflow/example_dags/example_latest_only_with_trigger.py
[2026-04-19T00:23:38.342+0000] {logging_mixin.py:188} INFO - [2026-04-19T00:23:38.341+0000] {dag.py:3036} INFO - Sync 1 DAGs
[2026-04-19T00:23:38.375+0000] {logging_mixin.py:188} INFO - [2026-04-19T00:23:38.375+0000] {dag.py:3823} INFO - Setting next_dagrun for latest_only_with_trigger to 2026-04-18 20:00:00+00:00, run_after=2026-04-19 00:00:00+00:00
[2026-04-19T00:23:38.400+0000] {processor.py:183} INFO - Processing /home/airflow/.local/lib/python3.8/site-packages/airflow/example_dags/example_latest_only_with_trigger.py took 0.114 seconds
[2026-04-19T00:24:08.473+0000] {processor.py:161} INFO - Started process (PID=12669) to work on /home/airflow/.local/lib/python3.8/site-packages/airflow/example_dags/example_latest_only_with_trigger.py
[2026-04-19T00:24:08.474+0000] {processor.py:830} INFO - Processing file /home/airflow/.local/lib/python3.8/site-packages/airflow/example_dags/example_latest_only_with_trigger.py for tasks to queue
[2026-04-19T00:24:08.477+0000] {logging_mixin.py:188} INFO - [2026-04-19T00:24:08.476+0000] {dagbag.py:538} INFO - Filling up the DagBag from /home/airflow/.local/lib/python3.8/site-packages/airflow/example_dags/example_latest_only_with_trigger.py
[2026-04-19T00:24:08.484+0000] {processor.py:840} INFO - DAG(s) 'latest_only_with_trigger' retrieved from /home/airflow/.local/lib/python3.8/site-packages/airflow/example_dags/example_latest_only_with_trigger.py
[2026-04-19T00:24:08.512+0000] {logging_mixin.py:188} INFO - [2026-04-19T00:24:08.512+0000] {dag.py:3036} INFO - Sync 1 DAGs
[2026-04-19T00:24:08.540+0000] {logging_mixin.py:188} INFO - [2026-04-19T00:24:08.540+0000] {dag.py:3823} INFO - Setting next_dagrun for latest_only_with_trigger to 2026-04-18 20:00:00+00:00, run_after=2026-04-19 00:00:00+00:00
[2026-04-19T00:24:08.561+0000] {processor.py:183} INFO - Processing /home/airflow/.local/lib/python3.8/site-packages/airflow/example_dags/example_latest_only_with_trigger.py took 0.093 seconds
