[2026-04-19T00:00:23.347+0000] {processor.py:161} INFO - Started process (PID=10098) to work on /home/airflow/.local/lib/python3.8/site-packages/airflow/example_dags/example_dynamic_task_mapping.py
[2026-04-19T00:00:23.348+0000] {processor.py:830} INFO - Processing file /home/airflow/.local/lib/python3.8/site-packages/airflow/example_dags/example_dynamic_task_mapping.py for tasks to queue
[2026-04-19T00:00:23.350+0000] {logging_mixin.py:188} INFO - [2026-04-19T00:00:23.350+0000] {dagbag.py:538} INFO - Filling up the DagBag from /home/airflow/.local/lib/python3.8/site-packages/airflow/example_dags/example_dynamic_task_mapping.py
[2026-04-19T00:00:23.359+0000] {processor.py:840} INFO - DAG(s) 'example_dynamic_task_mapping' retrieved from /home/airflow/.local/lib/python3.8/site-packages/airflow/example_dags/example_dynamic_task_mapping.py
[2026-04-19T00:00:23.390+0000] {logging_mixin.py:188} INFO - [2026-04-19T00:00:23.390+0000] {dag.py:3036} INFO - Sync 1 DAGs
[2026-04-19T00:00:23.422+0000] {logging_mixin.py:188} INFO - [2026-04-19T00:00:23.421+0000] {dag.py:3823} INFO - Setting next_dagrun for example_dynamic_task_mapping to 2022-03-04 00:00:00+00:00, run_after=2022-03-05 00:00:00+00:00
[2026-04-19T00:00:23.455+0000] {processor.py:183} INFO - Processing /home/airflow/.local/lib/python3.8/site-packages/airflow/example_dags/example_dynamic_task_mapping.py took 0.113 seconds
[2026-04-19T00:00:53.908+0000] {processor.py:161} INFO - Started process (PID=10153) to work on /home/airflow/.local/lib/python3.8/site-packages/airflow/example_dags/example_dynamic_task_mapping.py
[2026-04-19T00:00:53.910+0000] {processor.py:830} INFO - Processing file /home/airflow/.local/lib/python3.8/site-packages/airflow/example_dags/example_dynamic_task_mapping.py for tasks to queue
[2026-04-19T00:00:53.912+0000] {logging_mixin.py:188} INFO - [2026-04-19T00:00:53.912+0000] {dagbag.py:538} INFO - Filling up the DagBag from /home/airflow/.local/lib/python3.8/site-packages/airflow/example_dags/example_dynamic_task_mapping.py
[2026-04-19T00:00:53.921+0000] {processor.py:840} INFO - DAG(s) 'example_dynamic_task_mapping' retrieved from /home/airflow/.local/lib/python3.8/site-packages/airflow/example_dags/example_dynamic_task_mapping.py
[2026-04-19T00:00:53.952+0000] {logging_mixin.py:188} INFO - [2026-04-19T00:00:53.952+0000] {dag.py:3036} INFO - Sync 1 DAGs
[2026-04-19T00:00:53.986+0000] {logging_mixin.py:188} INFO - [2026-04-19T00:00:53.986+0000] {dag.py:3823} INFO - Setting next_dagrun for example_dynamic_task_mapping to 2022-03-04 00:00:00+00:00, run_after=2022-03-05 00:00:00+00:00
[2026-04-19T00:00:54.012+0000] {processor.py:183} INFO - Processing /home/airflow/.local/lib/python3.8/site-packages/airflow/example_dags/example_dynamic_task_mapping.py took 0.108 seconds
[2026-04-19T00:01:24.212+0000] {processor.py:161} INFO - Started process (PID=10208) to work on /home/airflow/.local/lib/python3.8/site-packages/airflow/example_dags/example_dynamic_task_mapping.py
[2026-04-19T00:01:24.213+0000] {processor.py:830} INFO - Processing file /home/airflow/.local/lib/python3.8/site-packages/airflow/example_dags/example_dynamic_task_mapping.py for tasks to queue
[2026-04-19T00:01:24.215+0000] {logging_mixin.py:188} INFO - [2026-04-19T00:01:24.215+0000] {dagbag.py:538} INFO - Filling up the DagBag from /home/airflow/.local/lib/python3.8/site-packages/airflow/example_dags/example_dynamic_task_mapping.py
[2026-04-19T00:01:24.223+0000] {processor.py:840} INFO - DAG(s) 'example_dynamic_task_mapping' retrieved from /home/airflow/.local/lib/python3.8/site-packages/airflow/example_dags/example_dynamic_task_mapping.py
[2026-04-19T00:01:24.250+0000] {logging_mixin.py:188} INFO - [2026-04-19T00:01:24.250+0000] {dag.py:3036} INFO - Sync 1 DAGs
[2026-04-19T00:01:24.279+0000] {logging_mixin.py:188} INFO - [2026-04-19T00:01:24.278+0000] {dag.py:3823} INFO - Setting next_dagrun for example_dynamic_task_mapping to 2022-03-04 00:00:00+00:00, run_after=2022-03-05 00:00:00+00:00
[2026-04-19T00:01:24.301+0000] {processor.py:183} INFO - Processing /home/airflow/.local/lib/python3.8/site-packages/airflow/example_dags/example_dynamic_task_mapping.py took 0.094 seconds
[2026-04-19T00:01:54.527+0000] {processor.py:161} INFO - Started process (PID=10263) to work on /home/airflow/.local/lib/python3.8/site-packages/airflow/example_dags/example_dynamic_task_mapping.py
[2026-04-19T00:01:54.529+0000] {processor.py:830} INFO - Processing file /home/airflow/.local/lib/python3.8/site-packages/airflow/example_dags/example_dynamic_task_mapping.py for tasks to queue
[2026-04-19T00:01:54.532+0000] {logging_mixin.py:188} INFO - [2026-04-19T00:01:54.531+0000] {dagbag.py:538} INFO - Filling up the DagBag from /home/airflow/.local/lib/python3.8/site-packages/airflow/example_dags/example_dynamic_task_mapping.py
[2026-04-19T00:01:54.541+0000] {processor.py:840} INFO - DAG(s) 'example_dynamic_task_mapping' retrieved from /home/airflow/.local/lib/python3.8/site-packages/airflow/example_dags/example_dynamic_task_mapping.py
[2026-04-19T00:01:54.573+0000] {logging_mixin.py:188} INFO - [2026-04-19T00:01:54.572+0000] {dag.py:3036} INFO - Sync 1 DAGs
[2026-04-19T00:01:54.602+0000] {logging_mixin.py:188} INFO - [2026-04-19T00:01:54.602+0000] {dag.py:3823} INFO - Setting next_dagrun for example_dynamic_task_mapping to 2022-03-04 00:00:00+00:00, run_after=2022-03-05 00:00:00+00:00
[2026-04-19T00:01:54.627+0000] {processor.py:183} INFO - Processing /home/airflow/.local/lib/python3.8/site-packages/airflow/example_dags/example_dynamic_task_mapping.py took 0.105 seconds
[2026-04-19T00:02:24.782+0000] {processor.py:161} INFO - Started process (PID=10318) to work on /home/airflow/.local/lib/python3.8/site-packages/airflow/example_dags/example_dynamic_task_mapping.py
[2026-04-19T00:02:24.783+0000] {processor.py:830} INFO - Processing file /home/airflow/.local/lib/python3.8/site-packages/airflow/example_dags/example_dynamic_task_mapping.py for tasks to queue
[2026-04-19T00:02:24.786+0000] {logging_mixin.py:188} INFO - [2026-04-19T00:02:24.785+0000] {dagbag.py:538} INFO - Filling up the DagBag from /home/airflow/.local/lib/python3.8/site-packages/airflow/example_dags/example_dynamic_task_mapping.py
[2026-04-19T00:02:24.794+0000] {processor.py:840} INFO - DAG(s) 'example_dynamic_task_mapping' retrieved from /home/airflow/.local/lib/python3.8/site-packages/airflow/example_dags/example_dynamic_task_mapping.py
[2026-04-19T00:02:24.821+0000] {logging_mixin.py:188} INFO - [2026-04-19T00:02:24.820+0000] {dag.py:3036} INFO - Sync 1 DAGs
[2026-04-19T00:02:24.849+0000] {logging_mixin.py:188} INFO - [2026-04-19T00:02:24.849+0000] {dag.py:3823} INFO - Setting next_dagrun for example_dynamic_task_mapping to 2022-03-04 00:00:00+00:00, run_after=2022-03-05 00:00:00+00:00
[2026-04-19T00:02:24.871+0000] {processor.py:183} INFO - Processing /home/airflow/.local/lib/python3.8/site-packages/airflow/example_dags/example_dynamic_task_mapping.py took 0.093 seconds
[2026-04-19T00:02:55.252+0000] {processor.py:161} INFO - Started process (PID=10373) to work on /home/airflow/.local/lib/python3.8/site-packages/airflow/example_dags/example_dynamic_task_mapping.py
[2026-04-19T00:02:55.254+0000] {processor.py:830} INFO - Processing file /home/airflow/.local/lib/python3.8/site-packages/airflow/example_dags/example_dynamic_task_mapping.py for tasks to queue
[2026-04-19T00:02:55.256+0000] {logging_mixin.py:188} INFO - [2026-04-19T00:02:55.256+0000] {dagbag.py:538} INFO - Filling up the DagBag from /home/airflow/.local/lib/python3.8/site-packages/airflow/example_dags/example_dynamic_task_mapping.py
[2026-04-19T00:02:55.266+0000] {processor.py:840} INFO - DAG(s) 'example_dynamic_task_mapping' retrieved from /home/airflow/.local/lib/python3.8/site-packages/airflow/example_dags/example_dynamic_task_mapping.py
[2026-04-19T00:02:55.301+0000] {logging_mixin.py:188} INFO - [2026-04-19T00:02:55.301+0000] {dag.py:3036} INFO - Sync 1 DAGs
[2026-04-19T00:02:55.338+0000] {logging_mixin.py:188} INFO - [2026-04-19T00:02:55.337+0000] {dag.py:3823} INFO - Setting next_dagrun for example_dynamic_task_mapping to 2022-03-04 00:00:00+00:00, run_after=2022-03-05 00:00:00+00:00
[2026-04-19T00:02:55.363+0000] {processor.py:183} INFO - Processing /home/airflow/.local/lib/python3.8/site-packages/airflow/example_dags/example_dynamic_task_mapping.py took 0.116 seconds
[2026-04-19T00:03:25.605+0000] {processor.py:161} INFO - Started process (PID=10428) to work on /home/airflow/.local/lib/python3.8/site-packages/airflow/example_dags/example_dynamic_task_mapping.py
[2026-04-19T00:03:25.606+0000] {processor.py:830} INFO - Processing file /home/airflow/.local/lib/python3.8/site-packages/airflow/example_dags/example_dynamic_task_mapping.py for tasks to queue
[2026-04-19T00:03:25.609+0000] {logging_mixin.py:188} INFO - [2026-04-19T00:03:25.608+0000] {dagbag.py:538} INFO - Filling up the DagBag from /home/airflow/.local/lib/python3.8/site-packages/airflow/example_dags/example_dynamic_task_mapping.py
[2026-04-19T00:03:25.618+0000] {processor.py:840} INFO - DAG(s) 'example_dynamic_task_mapping' retrieved from /home/airflow/.local/lib/python3.8/site-packages/airflow/example_dags/example_dynamic_task_mapping.py
[2026-04-19T00:03:25.647+0000] {logging_mixin.py:188} INFO - [2026-04-19T00:03:25.647+0000] {dag.py:3036} INFO - Sync 1 DAGs
[2026-04-19T00:03:25.676+0000] {logging_mixin.py:188} INFO - [2026-04-19T00:03:25.675+0000] {dag.py:3823} INFO - Setting next_dagrun for example_dynamic_task_mapping to 2022-03-04 00:00:00+00:00, run_after=2022-03-05 00:00:00+00:00
[2026-04-19T00:03:25.700+0000] {processor.py:183} INFO - Processing /home/airflow/.local/lib/python3.8/site-packages/airflow/example_dags/example_dynamic_task_mapping.py took 0.100 seconds
[2026-04-19T00:03:55.878+0000] {processor.py:161} INFO - Started process (PID=10483) to work on /home/airflow/.local/lib/python3.8/site-packages/airflow/example_dags/example_dynamic_task_mapping.py
[2026-04-19T00:03:55.880+0000] {processor.py:830} INFO - Processing file /home/airflow/.local/lib/python3.8/site-packages/airflow/example_dags/example_dynamic_task_mapping.py for tasks to queue
[2026-04-19T00:03:55.882+0000] {logging_mixin.py:188} INFO - [2026-04-19T00:03:55.881+0000] {dagbag.py:538} INFO - Filling up the DagBag from /home/airflow/.local/lib/python3.8/site-packages/airflow/example_dags/example_dynamic_task_mapping.py
[2026-04-19T00:03:55.890+0000] {processor.py:840} INFO - DAG(s) 'example_dynamic_task_mapping' retrieved from /home/airflow/.local/lib/python3.8/site-packages/airflow/example_dags/example_dynamic_task_mapping.py
[2026-04-19T00:03:55.921+0000] {logging_mixin.py:188} INFO - [2026-04-19T00:03:55.921+0000] {dag.py:3036} INFO - Sync 1 DAGs
[2026-04-19T00:03:55.952+0000] {logging_mixin.py:188} INFO - [2026-04-19T00:03:55.952+0000] {dag.py:3823} INFO - Setting next_dagrun for example_dynamic_task_mapping to 2022-03-04 00:00:00+00:00, run_after=2022-03-05 00:00:00+00:00
[2026-04-19T00:03:55.977+0000] {processor.py:183} INFO - Processing /home/airflow/.local/lib/python3.8/site-packages/airflow/example_dags/example_dynamic_task_mapping.py took 0.103 seconds
[2026-04-19T00:04:26.150+0000] {processor.py:161} INFO - Started process (PID=10538) to work on /home/airflow/.local/lib/python3.8/site-packages/airflow/example_dags/example_dynamic_task_mapping.py
[2026-04-19T00:04:26.152+0000] {processor.py:830} INFO - Processing file /home/airflow/.local/lib/python3.8/site-packages/airflow/example_dags/example_dynamic_task_mapping.py for tasks to queue
[2026-04-19T00:04:26.154+0000] {logging_mixin.py:188} INFO - [2026-04-19T00:04:26.154+0000] {dagbag.py:538} INFO - Filling up the DagBag from /home/airflow/.local/lib/python3.8/site-packages/airflow/example_dags/example_dynamic_task_mapping.py
[2026-04-19T00:04:26.164+0000] {processor.py:840} INFO - DAG(s) 'example_dynamic_task_mapping' retrieved from /home/airflow/.local/lib/python3.8/site-packages/airflow/example_dags/example_dynamic_task_mapping.py
[2026-04-19T00:04:26.194+0000] {logging_mixin.py:188} INFO - [2026-04-19T00:04:26.194+0000] {dag.py:3036} INFO - Sync 1 DAGs
[2026-04-19T00:04:26.226+0000] {logging_mixin.py:188} INFO - [2026-04-19T00:04:26.226+0000] {dag.py:3823} INFO - Setting next_dagrun for example_dynamic_task_mapping to 2022-03-04 00:00:00+00:00, run_after=2022-03-05 00:00:00+00:00
[2026-04-19T00:04:26.248+0000] {processor.py:183} INFO - Processing /home/airflow/.local/lib/python3.8/site-packages/airflow/example_dags/example_dynamic_task_mapping.py took 0.103 seconds
[2026-04-19T00:04:56.524+0000] {processor.py:161} INFO - Started process (PID=10593) to work on /home/airflow/.local/lib/python3.8/site-packages/airflow/example_dags/example_dynamic_task_mapping.py
[2026-04-19T00:04:56.525+0000] {processor.py:830} INFO - Processing file /home/airflow/.local/lib/python3.8/site-packages/airflow/example_dags/example_dynamic_task_mapping.py for tasks to queue
[2026-04-19T00:04:56.528+0000] {logging_mixin.py:188} INFO - [2026-04-19T00:04:56.527+0000] {dagbag.py:538} INFO - Filling up the DagBag from /home/airflow/.local/lib/python3.8/site-packages/airflow/example_dags/example_dynamic_task_mapping.py
[2026-04-19T00:04:56.537+0000] {processor.py:840} INFO - DAG(s) 'example_dynamic_task_mapping' retrieved from /home/airflow/.local/lib/python3.8/site-packages/airflow/example_dags/example_dynamic_task_mapping.py
[2026-04-19T00:04:56.569+0000] {logging_mixin.py:188} INFO - [2026-04-19T00:04:56.569+0000] {dag.py:3036} INFO - Sync 1 DAGs
[2026-04-19T00:04:56.602+0000] {logging_mixin.py:188} INFO - [2026-04-19T00:04:56.602+0000] {dag.py:3823} INFO - Setting next_dagrun for example_dynamic_task_mapping to 2022-03-04 00:00:00+00:00, run_after=2022-03-05 00:00:00+00:00
[2026-04-19T00:04:56.625+0000] {processor.py:183} INFO - Processing /home/airflow/.local/lib/python3.8/site-packages/airflow/example_dags/example_dynamic_task_mapping.py took 0.107 seconds
[2026-04-19T00:05:26.808+0000] {processor.py:161} INFO - Started process (PID=10646) to work on /home/airflow/.local/lib/python3.8/site-packages/airflow/example_dags/example_dynamic_task_mapping.py
[2026-04-19T00:05:26.809+0000] {processor.py:830} INFO - Processing file /home/airflow/.local/lib/python3.8/site-packages/airflow/example_dags/example_dynamic_task_mapping.py for tasks to queue
[2026-04-19T00:05:26.812+0000] {logging_mixin.py:188} INFO - [2026-04-19T00:05:26.812+0000] {dagbag.py:538} INFO - Filling up the DagBag from /home/airflow/.local/lib/python3.8/site-packages/airflow/example_dags/example_dynamic_task_mapping.py
[2026-04-19T00:05:26.821+0000] {processor.py:840} INFO - DAG(s) 'example_dynamic_task_mapping' retrieved from /home/airflow/.local/lib/python3.8/site-packages/airflow/example_dags/example_dynamic_task_mapping.py
[2026-04-19T00:05:26.851+0000] {logging_mixin.py:188} INFO - [2026-04-19T00:05:26.851+0000] {dag.py:3036} INFO - Sync 1 DAGs
[2026-04-19T00:05:26.884+0000] {logging_mixin.py:188} INFO - [2026-04-19T00:05:26.883+0000] {dag.py:3823} INFO - Setting next_dagrun for example_dynamic_task_mapping to 2022-03-04 00:00:00+00:00, run_after=2022-03-05 00:00:00+00:00
[2026-04-19T00:05:26.906+0000] {processor.py:183} INFO - Processing /home/airflow/.local/lib/python3.8/site-packages/airflow/example_dags/example_dynamic_task_mapping.py took 0.104 seconds
[2026-04-19T00:05:57.148+0000] {processor.py:161} INFO - Started process (PID=10701) to work on /home/airflow/.local/lib/python3.8/site-packages/airflow/example_dags/example_dynamic_task_mapping.py
[2026-04-19T00:05:57.149+0000] {processor.py:830} INFO - Processing file /home/airflow/.local/lib/python3.8/site-packages/airflow/example_dags/example_dynamic_task_mapping.py for tasks to queue
[2026-04-19T00:05:57.152+0000] {logging_mixin.py:188} INFO - [2026-04-19T00:05:57.151+0000] {dagbag.py:538} INFO - Filling up the DagBag from /home/airflow/.local/lib/python3.8/site-packages/airflow/example_dags/example_dynamic_task_mapping.py
[2026-04-19T00:05:57.160+0000] {processor.py:840} INFO - DAG(s) 'example_dynamic_task_mapping' retrieved from /home/airflow/.local/lib/python3.8/site-packages/airflow/example_dags/example_dynamic_task_mapping.py
[2026-04-19T00:05:57.195+0000] {logging_mixin.py:188} INFO - [2026-04-19T00:05:57.194+0000] {dag.py:3036} INFO - Sync 1 DAGs
[2026-04-19T00:05:57.231+0000] {logging_mixin.py:188} INFO - [2026-04-19T00:05:57.230+0000] {dag.py:3823} INFO - Setting next_dagrun for example_dynamic_task_mapping to 2022-03-04 00:00:00+00:00, run_after=2022-03-05 00:00:00+00:00
[2026-04-19T00:05:57.254+0000] {processor.py:183} INFO - Processing /home/airflow/.local/lib/python3.8/site-packages/airflow/example_dags/example_dynamic_task_mapping.py took 0.112 seconds
[2026-04-19T00:06:27.565+0000] {processor.py:161} INFO - Started process (PID=10756) to work on /home/airflow/.local/lib/python3.8/site-packages/airflow/example_dags/example_dynamic_task_mapping.py
[2026-04-19T00:06:27.566+0000] {processor.py:830} INFO - Processing file /home/airflow/.local/lib/python3.8/site-packages/airflow/example_dags/example_dynamic_task_mapping.py for tasks to queue
[2026-04-19T00:06:27.568+0000] {logging_mixin.py:188} INFO - [2026-04-19T00:06:27.568+0000] {dagbag.py:538} INFO - Filling up the DagBag from /home/airflow/.local/lib/python3.8/site-packages/airflow/example_dags/example_dynamic_task_mapping.py
[2026-04-19T00:06:27.576+0000] {processor.py:840} INFO - DAG(s) 'example_dynamic_task_mapping' retrieved from /home/airflow/.local/lib/python3.8/site-packages/airflow/example_dags/example_dynamic_task_mapping.py
[2026-04-19T00:06:27.604+0000] {logging_mixin.py:188} INFO - [2026-04-19T00:06:27.603+0000] {dag.py:3036} INFO - Sync 1 DAGs
[2026-04-19T00:06:27.636+0000] {logging_mixin.py:188} INFO - [2026-04-19T00:06:27.636+0000] {dag.py:3823} INFO - Setting next_dagrun for example_dynamic_task_mapping to 2022-03-04 00:00:00+00:00, run_after=2022-03-05 00:00:00+00:00
[2026-04-19T00:06:27.658+0000] {processor.py:183} INFO - Processing /home/airflow/.local/lib/python3.8/site-packages/airflow/example_dags/example_dynamic_task_mapping.py took 0.098 seconds
[2026-04-19T00:06:57.809+0000] {processor.py:161} INFO - Started process (PID=10811) to work on /home/airflow/.local/lib/python3.8/site-packages/airflow/example_dags/example_dynamic_task_mapping.py
[2026-04-19T00:06:57.811+0000] {processor.py:830} INFO - Processing file /home/airflow/.local/lib/python3.8/site-packages/airflow/example_dags/example_dynamic_task_mapping.py for tasks to queue
[2026-04-19T00:06:57.813+0000] {logging_mixin.py:188} INFO - [2026-04-19T00:06:57.813+0000] {dagbag.py:538} INFO - Filling up the DagBag from /home/airflow/.local/lib/python3.8/site-packages/airflow/example_dags/example_dynamic_task_mapping.py
[2026-04-19T00:06:57.822+0000] {processor.py:840} INFO - DAG(s) 'example_dynamic_task_mapping' retrieved from /home/airflow/.local/lib/python3.8/site-packages/airflow/example_dags/example_dynamic_task_mapping.py
[2026-04-19T00:06:57.854+0000] {logging_mixin.py:188} INFO - [2026-04-19T00:06:57.854+0000] {dag.py:3036} INFO - Sync 1 DAGs
[2026-04-19T00:06:57.886+0000] {logging_mixin.py:188} INFO - [2026-04-19T00:06:57.886+0000] {dag.py:3823} INFO - Setting next_dagrun for example_dynamic_task_mapping to 2022-03-04 00:00:00+00:00, run_after=2022-03-05 00:00:00+00:00
[2026-04-19T00:06:57.910+0000] {processor.py:183} INFO - Processing /home/airflow/.local/lib/python3.8/site-packages/airflow/example_dags/example_dynamic_task_mapping.py took 0.106 seconds
[2026-04-19T00:07:28.236+0000] {processor.py:161} INFO - Started process (PID=10866) to work on /home/airflow/.local/lib/python3.8/site-packages/airflow/example_dags/example_dynamic_task_mapping.py
[2026-04-19T00:07:28.237+0000] {processor.py:830} INFO - Processing file /home/airflow/.local/lib/python3.8/site-packages/airflow/example_dags/example_dynamic_task_mapping.py for tasks to queue
[2026-04-19T00:07:28.240+0000] {logging_mixin.py:188} INFO - [2026-04-19T00:07:28.240+0000] {dagbag.py:538} INFO - Filling up the DagBag from /home/airflow/.local/lib/python3.8/site-packages/airflow/example_dags/example_dynamic_task_mapping.py
[2026-04-19T00:07:28.250+0000] {processor.py:840} INFO - DAG(s) 'example_dynamic_task_mapping' retrieved from /home/airflow/.local/lib/python3.8/site-packages/airflow/example_dags/example_dynamic_task_mapping.py
[2026-04-19T00:07:28.282+0000] {logging_mixin.py:188} INFO - [2026-04-19T00:07:28.281+0000] {dag.py:3036} INFO - Sync 1 DAGs
[2026-04-19T00:07:28.313+0000] {logging_mixin.py:188} INFO - [2026-04-19T00:07:28.312+0000] {dag.py:3823} INFO - Setting next_dagrun for example_dynamic_task_mapping to 2022-03-04 00:00:00+00:00, run_after=2022-03-05 00:00:00+00:00
[2026-04-19T00:07:28.339+0000] {processor.py:183} INFO - Processing /home/airflow/.local/lib/python3.8/site-packages/airflow/example_dags/example_dynamic_task_mapping.py took 0.108 seconds
[2026-04-19T00:07:58.459+0000] {processor.py:161} INFO - Started process (PID=10921) to work on /home/airflow/.local/lib/python3.8/site-packages/airflow/example_dags/example_dynamic_task_mapping.py
[2026-04-19T00:07:58.460+0000] {processor.py:830} INFO - Processing file /home/airflow/.local/lib/python3.8/site-packages/airflow/example_dags/example_dynamic_task_mapping.py for tasks to queue
[2026-04-19T00:07:58.463+0000] {logging_mixin.py:188} INFO - [2026-04-19T00:07:58.462+0000] {dagbag.py:538} INFO - Filling up the DagBag from /home/airflow/.local/lib/python3.8/site-packages/airflow/example_dags/example_dynamic_task_mapping.py
[2026-04-19T00:07:58.471+0000] {processor.py:840} INFO - DAG(s) 'example_dynamic_task_mapping' retrieved from /home/airflow/.local/lib/python3.8/site-packages/airflow/example_dags/example_dynamic_task_mapping.py
[2026-04-19T00:07:58.499+0000] {logging_mixin.py:188} INFO - [2026-04-19T00:07:58.499+0000] {dag.py:3036} INFO - Sync 1 DAGs
[2026-04-19T00:07:58.530+0000] {logging_mixin.py:188} INFO - [2026-04-19T00:07:58.530+0000] {dag.py:3823} INFO - Setting next_dagrun for example_dynamic_task_mapping to 2022-03-04 00:00:00+00:00, run_after=2022-03-05 00:00:00+00:00
[2026-04-19T00:07:58.553+0000] {processor.py:183} INFO - Processing /home/airflow/.local/lib/python3.8/site-packages/airflow/example_dags/example_dynamic_task_mapping.py took 0.099 seconds
[2026-04-19T00:08:28.722+0000] {processor.py:161} INFO - Started process (PID=10976) to work on /home/airflow/.local/lib/python3.8/site-packages/airflow/example_dags/example_dynamic_task_mapping.py
[2026-04-19T00:08:28.723+0000] {processor.py:830} INFO - Processing file /home/airflow/.local/lib/python3.8/site-packages/airflow/example_dags/example_dynamic_task_mapping.py for tasks to queue
[2026-04-19T00:08:28.725+0000] {logging_mixin.py:188} INFO - [2026-04-19T00:08:28.725+0000] {dagbag.py:538} INFO - Filling up the DagBag from /home/airflow/.local/lib/python3.8/site-packages/airflow/example_dags/example_dynamic_task_mapping.py
[2026-04-19T00:08:28.734+0000] {processor.py:840} INFO - DAG(s) 'example_dynamic_task_mapping' retrieved from /home/airflow/.local/lib/python3.8/site-packages/airflow/example_dags/example_dynamic_task_mapping.py
[2026-04-19T00:08:28.765+0000] {logging_mixin.py:188} INFO - [2026-04-19T00:08:28.765+0000] {dag.py:3036} INFO - Sync 1 DAGs
[2026-04-19T00:08:28.798+0000] {logging_mixin.py:188} INFO - [2026-04-19T00:08:28.797+0000] {dag.py:3823} INFO - Setting next_dagrun for example_dynamic_task_mapping to 2022-03-04 00:00:00+00:00, run_after=2022-03-05 00:00:00+00:00
[2026-04-19T00:08:28.820+0000] {processor.py:183} INFO - Processing /home/airflow/.local/lib/python3.8/site-packages/airflow/example_dags/example_dynamic_task_mapping.py took 0.104 seconds
[2026-04-19T00:08:59.171+0000] {processor.py:161} INFO - Started process (PID=11031) to work on /home/airflow/.local/lib/python3.8/site-packages/airflow/example_dags/example_dynamic_task_mapping.py
[2026-04-19T00:08:59.173+0000] {processor.py:830} INFO - Processing file /home/airflow/.local/lib/python3.8/site-packages/airflow/example_dags/example_dynamic_task_mapping.py for tasks to queue
[2026-04-19T00:08:59.176+0000] {logging_mixin.py:188} INFO - [2026-04-19T00:08:59.175+0000] {dagbag.py:538} INFO - Filling up the DagBag from /home/airflow/.local/lib/python3.8/site-packages/airflow/example_dags/example_dynamic_task_mapping.py
[2026-04-19T00:08:59.187+0000] {processor.py:840} INFO - DAG(s) 'example_dynamic_task_mapping' retrieved from /home/airflow/.local/lib/python3.8/site-packages/airflow/example_dags/example_dynamic_task_mapping.py
[2026-04-19T00:08:59.219+0000] {logging_mixin.py:188} INFO - [2026-04-19T00:08:59.218+0000] {dag.py:3036} INFO - Sync 1 DAGs
[2026-04-19T00:08:59.251+0000] {logging_mixin.py:188} INFO - [2026-04-19T00:08:59.250+0000] {dag.py:3823} INFO - Setting next_dagrun for example_dynamic_task_mapping to 2022-03-04 00:00:00+00:00, run_after=2022-03-05 00:00:00+00:00
[2026-04-19T00:08:59.273+0000] {processor.py:183} INFO - Processing /home/airflow/.local/lib/python3.8/site-packages/airflow/example_dags/example_dynamic_task_mapping.py took 0.107 seconds
[2026-04-19T00:09:29.685+0000] {processor.py:161} INFO - Started process (PID=11086) to work on /home/airflow/.local/lib/python3.8/site-packages/airflow/example_dags/example_dynamic_task_mapping.py
[2026-04-19T00:09:29.687+0000] {processor.py:830} INFO - Processing file /home/airflow/.local/lib/python3.8/site-packages/airflow/example_dags/example_dynamic_task_mapping.py for tasks to queue
[2026-04-19T00:09:29.689+0000] {logging_mixin.py:188} INFO - [2026-04-19T00:09:29.689+0000] {dagbag.py:538} INFO - Filling up the DagBag from /home/airflow/.local/lib/python3.8/site-packages/airflow/example_dags/example_dynamic_task_mapping.py
[2026-04-19T00:09:29.698+0000] {processor.py:840} INFO - DAG(s) 'example_dynamic_task_mapping' retrieved from /home/airflow/.local/lib/python3.8/site-packages/airflow/example_dags/example_dynamic_task_mapping.py
[2026-04-19T00:09:29.731+0000] {logging_mixin.py:188} INFO - [2026-04-19T00:09:29.730+0000] {dag.py:3036} INFO - Sync 1 DAGs
[2026-04-19T00:09:29.763+0000] {logging_mixin.py:188} INFO - [2026-04-19T00:09:29.762+0000] {dag.py:3823} INFO - Setting next_dagrun for example_dynamic_task_mapping to 2022-03-04 00:00:00+00:00, run_after=2022-03-05 00:00:00+00:00
[2026-04-19T00:09:29.786+0000] {processor.py:183} INFO - Processing /home/airflow/.local/lib/python3.8/site-packages/airflow/example_dags/example_dynamic_task_mapping.py took 0.106 seconds
[2026-04-19T00:10:00.163+0000] {processor.py:161} INFO - Started process (PID=11141) to work on /home/airflow/.local/lib/python3.8/site-packages/airflow/example_dags/example_dynamic_task_mapping.py
[2026-04-19T00:10:00.164+0000] {processor.py:830} INFO - Processing file /home/airflow/.local/lib/python3.8/site-packages/airflow/example_dags/example_dynamic_task_mapping.py for tasks to queue
[2026-04-19T00:10:00.166+0000] {logging_mixin.py:188} INFO - [2026-04-19T00:10:00.166+0000] {dagbag.py:538} INFO - Filling up the DagBag from /home/airflow/.local/lib/python3.8/site-packages/airflow/example_dags/example_dynamic_task_mapping.py
[2026-04-19T00:10:00.175+0000] {processor.py:840} INFO - DAG(s) 'example_dynamic_task_mapping' retrieved from /home/airflow/.local/lib/python3.8/site-packages/airflow/example_dags/example_dynamic_task_mapping.py
[2026-04-19T00:10:00.205+0000] {logging_mixin.py:188} INFO - [2026-04-19T00:10:00.205+0000] {dag.py:3036} INFO - Sync 1 DAGs
[2026-04-19T00:10:00.241+0000] {logging_mixin.py:188} INFO - [2026-04-19T00:10:00.240+0000] {dag.py:3823} INFO - Setting next_dagrun for example_dynamic_task_mapping to 2022-03-04 00:00:00+00:00, run_after=2022-03-05 00:00:00+00:00
[2026-04-19T00:10:00.265+0000] {processor.py:183} INFO - Processing /home/airflow/.local/lib/python3.8/site-packages/airflow/example_dags/example_dynamic_task_mapping.py took 0.107 seconds
[2026-04-19T00:10:30.609+0000] {processor.py:161} INFO - Started process (PID=11196) to work on /home/airflow/.local/lib/python3.8/site-packages/airflow/example_dags/example_dynamic_task_mapping.py
[2026-04-19T00:10:30.610+0000] {processor.py:830} INFO - Processing file /home/airflow/.local/lib/python3.8/site-packages/airflow/example_dags/example_dynamic_task_mapping.py for tasks to queue
[2026-04-19T00:10:30.613+0000] {logging_mixin.py:188} INFO - [2026-04-19T00:10:30.612+0000] {dagbag.py:538} INFO - Filling up the DagBag from /home/airflow/.local/lib/python3.8/site-packages/airflow/example_dags/example_dynamic_task_mapping.py
[2026-04-19T00:10:30.622+0000] {processor.py:840} INFO - DAG(s) 'example_dynamic_task_mapping' retrieved from /home/airflow/.local/lib/python3.8/site-packages/airflow/example_dags/example_dynamic_task_mapping.py
[2026-04-19T00:10:30.652+0000] {logging_mixin.py:188} INFO - [2026-04-19T00:10:30.652+0000] {dag.py:3036} INFO - Sync 1 DAGs
[2026-04-19T00:10:30.687+0000] {logging_mixin.py:188} INFO - [2026-04-19T00:10:30.686+0000] {dag.py:3823} INFO - Setting next_dagrun for example_dynamic_task_mapping to 2022-03-04 00:00:00+00:00, run_after=2022-03-05 00:00:00+00:00
[2026-04-19T00:10:30.710+0000] {processor.py:183} INFO - Processing /home/airflow/.local/lib/python3.8/site-packages/airflow/example_dags/example_dynamic_task_mapping.py took 0.107 seconds
[2026-04-19T00:11:01.153+0000] {processor.py:161} INFO - Started process (PID=11251) to work on /home/airflow/.local/lib/python3.8/site-packages/airflow/example_dags/example_dynamic_task_mapping.py
[2026-04-19T00:11:01.155+0000] {processor.py:830} INFO - Processing file /home/airflow/.local/lib/python3.8/site-packages/airflow/example_dags/example_dynamic_task_mapping.py for tasks to queue
[2026-04-19T00:11:01.157+0000] {logging_mixin.py:188} INFO - [2026-04-19T00:11:01.157+0000] {dagbag.py:538} INFO - Filling up the DagBag from /home/airflow/.local/lib/python3.8/site-packages/airflow/example_dags/example_dynamic_task_mapping.py
[2026-04-19T00:11:01.166+0000] {processor.py:840} INFO - DAG(s) 'example_dynamic_task_mapping' retrieved from /home/airflow/.local/lib/python3.8/site-packages/airflow/example_dags/example_dynamic_task_mapping.py
[2026-04-19T00:11:01.196+0000] {logging_mixin.py:188} INFO - [2026-04-19T00:11:01.196+0000] {dag.py:3036} INFO - Sync 1 DAGs
[2026-04-19T00:11:01.230+0000] {logging_mixin.py:188} INFO - [2026-04-19T00:11:01.229+0000] {dag.py:3823} INFO - Setting next_dagrun for example_dynamic_task_mapping to 2022-03-04 00:00:00+00:00, run_after=2022-03-05 00:00:00+00:00
[2026-04-19T00:11:01.256+0000] {processor.py:183} INFO - Processing /home/airflow/.local/lib/python3.8/site-packages/airflow/example_dags/example_dynamic_task_mapping.py took 0.107 seconds
[2026-04-19T00:11:31.640+0000] {processor.py:161} INFO - Started process (PID=11306) to work on /home/airflow/.local/lib/python3.8/site-packages/airflow/example_dags/example_dynamic_task_mapping.py
[2026-04-19T00:11:31.642+0000] {processor.py:830} INFO - Processing file /home/airflow/.local/lib/python3.8/site-packages/airflow/example_dags/example_dynamic_task_mapping.py for tasks to queue
[2026-04-19T00:11:31.645+0000] {logging_mixin.py:188} INFO - [2026-04-19T00:11:31.645+0000] {dagbag.py:538} INFO - Filling up the DagBag from /home/airflow/.local/lib/python3.8/site-packages/airflow/example_dags/example_dynamic_task_mapping.py
[2026-04-19T00:11:31.655+0000] {processor.py:840} INFO - DAG(s) 'example_dynamic_task_mapping' retrieved from /home/airflow/.local/lib/python3.8/site-packages/airflow/example_dags/example_dynamic_task_mapping.py
[2026-04-19T00:11:31.683+0000] {logging_mixin.py:188} INFO - [2026-04-19T00:11:31.683+0000] {dag.py:3036} INFO - Sync 1 DAGs
[2026-04-19T00:11:31.713+0000] {logging_mixin.py:188} INFO - [2026-04-19T00:11:31.713+0000] {dag.py:3823} INFO - Setting next_dagrun for example_dynamic_task_mapping to 2022-03-04 00:00:00+00:00, run_after=2022-03-05 00:00:00+00:00
[2026-04-19T00:11:31.735+0000] {processor.py:183} INFO - Processing /home/airflow/.local/lib/python3.8/site-packages/airflow/example_dags/example_dynamic_task_mapping.py took 0.100 seconds
[2026-04-19T00:12:02.041+0000] {processor.py:161} INFO - Started process (PID=11361) to work on /home/airflow/.local/lib/python3.8/site-packages/airflow/example_dags/example_dynamic_task_mapping.py
[2026-04-19T00:12:02.042+0000] {processor.py:830} INFO - Processing file /home/airflow/.local/lib/python3.8/site-packages/airflow/example_dags/example_dynamic_task_mapping.py for tasks to queue
[2026-04-19T00:12:02.045+0000] {logging_mixin.py:188} INFO - [2026-04-19T00:12:02.044+0000] {dagbag.py:538} INFO - Filling up the DagBag from /home/airflow/.local/lib/python3.8/site-packages/airflow/example_dags/example_dynamic_task_mapping.py
[2026-04-19T00:12:02.053+0000] {processor.py:840} INFO - DAG(s) 'example_dynamic_task_mapping' retrieved from /home/airflow/.local/lib/python3.8/site-packages/airflow/example_dags/example_dynamic_task_mapping.py
[2026-04-19T00:12:02.077+0000] {logging_mixin.py:188} INFO - [2026-04-19T00:12:02.077+0000] {dag.py:3036} INFO - Sync 1 DAGs
[2026-04-19T00:12:02.102+0000] {logging_mixin.py:188} INFO - [2026-04-19T00:12:02.101+0000] {dag.py:3823} INFO - Setting next_dagrun for example_dynamic_task_mapping to 2022-03-04 00:00:00+00:00, run_after=2022-03-05 00:00:00+00:00
[2026-04-19T00:12:02.120+0000] {processor.py:183} INFO - Processing /home/airflow/.local/lib/python3.8/site-packages/airflow/example_dags/example_dynamic_task_mapping.py took 0.083 seconds
[2026-04-19T00:12:32.376+0000] {processor.py:161} INFO - Started process (PID=11416) to work on /home/airflow/.local/lib/python3.8/site-packages/airflow/example_dags/example_dynamic_task_mapping.py
[2026-04-19T00:12:32.377+0000] {processor.py:830} INFO - Processing file /home/airflow/.local/lib/python3.8/site-packages/airflow/example_dags/example_dynamic_task_mapping.py for tasks to queue
[2026-04-19T00:12:32.379+0000] {logging_mixin.py:188} INFO - [2026-04-19T00:12:32.379+0000] {dagbag.py:538} INFO - Filling up the DagBag from /home/airflow/.local/lib/python3.8/site-packages/airflow/example_dags/example_dynamic_task_mapping.py
[2026-04-19T00:12:32.388+0000] {processor.py:840} INFO - DAG(s) 'example_dynamic_task_mapping' retrieved from /home/airflow/.local/lib/python3.8/site-packages/airflow/example_dags/example_dynamic_task_mapping.py
[2026-04-19T00:12:32.415+0000] {logging_mixin.py:188} INFO - [2026-04-19T00:12:32.415+0000] {dag.py:3036} INFO - Sync 1 DAGs
[2026-04-19T00:12:32.445+0000] {logging_mixin.py:188} INFO - [2026-04-19T00:12:32.445+0000] {dag.py:3823} INFO - Setting next_dagrun for example_dynamic_task_mapping to 2022-03-04 00:00:00+00:00, run_after=2022-03-05 00:00:00+00:00
[2026-04-19T00:12:32.467+0000] {processor.py:183} INFO - Processing /home/airflow/.local/lib/python3.8/site-packages/airflow/example_dags/example_dynamic_task_mapping.py took 0.096 seconds
[2026-04-19T00:13:02.857+0000] {processor.py:161} INFO - Started process (PID=11471) to work on /home/airflow/.local/lib/python3.8/site-packages/airflow/example_dags/example_dynamic_task_mapping.py
[2026-04-19T00:13:02.859+0000] {processor.py:830} INFO - Processing file /home/airflow/.local/lib/python3.8/site-packages/airflow/example_dags/example_dynamic_task_mapping.py for tasks to queue
[2026-04-19T00:13:02.862+0000] {logging_mixin.py:188} INFO - [2026-04-19T00:13:02.861+0000] {dagbag.py:538} INFO - Filling up the DagBag from /home/airflow/.local/lib/python3.8/site-packages/airflow/example_dags/example_dynamic_task_mapping.py
[2026-04-19T00:13:02.870+0000] {processor.py:840} INFO - DAG(s) 'example_dynamic_task_mapping' retrieved from /home/airflow/.local/lib/python3.8/site-packages/airflow/example_dags/example_dynamic_task_mapping.py
[2026-04-19T00:13:02.900+0000] {logging_mixin.py:188} INFO - [2026-04-19T00:13:02.900+0000] {dag.py:3036} INFO - Sync 1 DAGs
[2026-04-19T00:13:02.931+0000] {logging_mixin.py:188} INFO - [2026-04-19T00:13:02.931+0000] {dag.py:3823} INFO - Setting next_dagrun for example_dynamic_task_mapping to 2022-03-04 00:00:00+00:00, run_after=2022-03-05 00:00:00+00:00
[2026-04-19T00:13:02.957+0000] {processor.py:183} INFO - Processing /home/airflow/.local/lib/python3.8/site-packages/airflow/example_dags/example_dynamic_task_mapping.py took 0.106 seconds
[2026-04-19T00:13:33.249+0000] {processor.py:161} INFO - Started process (PID=11526) to work on /home/airflow/.local/lib/python3.8/site-packages/airflow/example_dags/example_dynamic_task_mapping.py
[2026-04-19T00:13:33.250+0000] {processor.py:830} INFO - Processing file /home/airflow/.local/lib/python3.8/site-packages/airflow/example_dags/example_dynamic_task_mapping.py for tasks to queue
[2026-04-19T00:13:33.252+0000] {logging_mixin.py:188} INFO - [2026-04-19T00:13:33.252+0000] {dagbag.py:538} INFO - Filling up the DagBag from /home/airflow/.local/lib/python3.8/site-packages/airflow/example_dags/example_dynamic_task_mapping.py
[2026-04-19T00:13:33.262+0000] {processor.py:840} INFO - DAG(s) 'example_dynamic_task_mapping' retrieved from /home/airflow/.local/lib/python3.8/site-packages/airflow/example_dags/example_dynamic_task_mapping.py
[2026-04-19T00:13:33.291+0000] {logging_mixin.py:188} INFO - [2026-04-19T00:13:33.291+0000] {dag.py:3036} INFO - Sync 1 DAGs
[2026-04-19T00:13:33.321+0000] {logging_mixin.py:188} INFO - [2026-04-19T00:13:33.321+0000] {dag.py:3823} INFO - Setting next_dagrun for example_dynamic_task_mapping to 2022-03-04 00:00:00+00:00, run_after=2022-03-05 00:00:00+00:00
[2026-04-19T00:13:33.343+0000] {processor.py:183} INFO - Processing /home/airflow/.local/lib/python3.8/site-packages/airflow/example_dags/example_dynamic_task_mapping.py took 0.099 seconds
[2026-04-19T00:14:03.833+0000] {processor.py:161} INFO - Started process (PID=11581) to work on /home/airflow/.local/lib/python3.8/site-packages/airflow/example_dags/example_dynamic_task_mapping.py
[2026-04-19T00:14:03.834+0000] {processor.py:830} INFO - Processing file /home/airflow/.local/lib/python3.8/site-packages/airflow/example_dags/example_dynamic_task_mapping.py for tasks to queue
[2026-04-19T00:14:03.837+0000] {logging_mixin.py:188} INFO - [2026-04-19T00:14:03.837+0000] {dagbag.py:538} INFO - Filling up the DagBag from /home/airflow/.local/lib/python3.8/site-packages/airflow/example_dags/example_dynamic_task_mapping.py
[2026-04-19T00:14:03.848+0000] {processor.py:840} INFO - DAG(s) 'example_dynamic_task_mapping' retrieved from /home/airflow/.local/lib/python3.8/site-packages/airflow/example_dags/example_dynamic_task_mapping.py
[2026-04-19T00:14:03.882+0000] {logging_mixin.py:188} INFO - [2026-04-19T00:14:03.882+0000] {dag.py:3036} INFO - Sync 1 DAGs
[2026-04-19T00:14:03.914+0000] {logging_mixin.py:188} INFO - [2026-04-19T00:14:03.913+0000] {dag.py:3823} INFO - Setting next_dagrun for example_dynamic_task_mapping to 2022-03-04 00:00:00+00:00, run_after=2022-03-05 00:00:00+00:00
[2026-04-19T00:14:03.936+0000] {processor.py:183} INFO - Processing /home/airflow/.local/lib/python3.8/site-packages/airflow/example_dags/example_dynamic_task_mapping.py took 0.109 seconds
[2026-04-19T00:14:34.332+0000] {processor.py:161} INFO - Started process (PID=11636) to work on /home/airflow/.local/lib/python3.8/site-packages/airflow/example_dags/example_dynamic_task_mapping.py
[2026-04-19T00:14:34.333+0000] {processor.py:830} INFO - Processing file /home/airflow/.local/lib/python3.8/site-packages/airflow/example_dags/example_dynamic_task_mapping.py for tasks to queue
[2026-04-19T00:14:34.335+0000] {logging_mixin.py:188} INFO - [2026-04-19T00:14:34.335+0000] {dagbag.py:538} INFO - Filling up the DagBag from /home/airflow/.local/lib/python3.8/site-packages/airflow/example_dags/example_dynamic_task_mapping.py
[2026-04-19T00:14:34.344+0000] {processor.py:840} INFO - DAG(s) 'example_dynamic_task_mapping' retrieved from /home/airflow/.local/lib/python3.8/site-packages/airflow/example_dags/example_dynamic_task_mapping.py
[2026-04-19T00:14:34.374+0000] {logging_mixin.py:188} INFO - [2026-04-19T00:14:34.373+0000] {dag.py:3036} INFO - Sync 1 DAGs
[2026-04-19T00:14:34.406+0000] {logging_mixin.py:188} INFO - [2026-04-19T00:14:34.406+0000] {dag.py:3823} INFO - Setting next_dagrun for example_dynamic_task_mapping to 2022-03-04 00:00:00+00:00, run_after=2022-03-05 00:00:00+00:00
[2026-04-19T00:14:34.429+0000] {processor.py:183} INFO - Processing /home/airflow/.local/lib/python3.8/site-packages/airflow/example_dags/example_dynamic_task_mapping.py took 0.103 seconds
[2026-04-19T00:15:04.896+0000] {processor.py:161} INFO - Started process (PID=11691) to work on /home/airflow/.local/lib/python3.8/site-packages/airflow/example_dags/example_dynamic_task_mapping.py
[2026-04-19T00:15:04.898+0000] {processor.py:830} INFO - Processing file /home/airflow/.local/lib/python3.8/site-packages/airflow/example_dags/example_dynamic_task_mapping.py for tasks to queue
[2026-04-19T00:15:04.900+0000] {logging_mixin.py:188} INFO - [2026-04-19T00:15:04.900+0000] {dagbag.py:538} INFO - Filling up the DagBag from /home/airflow/.local/lib/python3.8/site-packages/airflow/example_dags/example_dynamic_task_mapping.py
[2026-04-19T00:15:04.911+0000] {processor.py:840} INFO - DAG(s) 'example_dynamic_task_mapping' retrieved from /home/airflow/.local/lib/python3.8/site-packages/airflow/example_dags/example_dynamic_task_mapping.py
[2026-04-19T00:15:04.942+0000] {logging_mixin.py:188} INFO - [2026-04-19T00:15:04.941+0000] {dag.py:3036} INFO - Sync 1 DAGs
[2026-04-19T00:15:04.974+0000] {logging_mixin.py:188} INFO - [2026-04-19T00:15:04.974+0000] {dag.py:3823} INFO - Setting next_dagrun for example_dynamic_task_mapping to 2022-03-04 00:00:00+00:00, run_after=2022-03-05 00:00:00+00:00
[2026-04-19T00:15:05.003+0000] {processor.py:183} INFO - Processing /home/airflow/.local/lib/python3.8/site-packages/airflow/example_dags/example_dynamic_task_mapping.py took 0.112 seconds
[2026-04-19T00:15:35.343+0000] {processor.py:161} INFO - Started process (PID=11747) to work on /home/airflow/.local/lib/python3.8/site-packages/airflow/example_dags/example_dynamic_task_mapping.py
[2026-04-19T00:15:35.344+0000] {processor.py:830} INFO - Processing file /home/airflow/.local/lib/python3.8/site-packages/airflow/example_dags/example_dynamic_task_mapping.py for tasks to queue
[2026-04-19T00:15:35.347+0000] {logging_mixin.py:188} INFO - [2026-04-19T00:15:35.346+0000] {dagbag.py:538} INFO - Filling up the DagBag from /home/airflow/.local/lib/python3.8/site-packages/airflow/example_dags/example_dynamic_task_mapping.py
[2026-04-19T00:15:35.356+0000] {processor.py:840} INFO - DAG(s) 'example_dynamic_task_mapping' retrieved from /home/airflow/.local/lib/python3.8/site-packages/airflow/example_dags/example_dynamic_task_mapping.py
[2026-04-19T00:15:35.385+0000] {logging_mixin.py:188} INFO - [2026-04-19T00:15:35.385+0000] {dag.py:3036} INFO - Sync 1 DAGs
[2026-04-19T00:15:35.417+0000] {logging_mixin.py:188} INFO - [2026-04-19T00:15:35.417+0000] {dag.py:3823} INFO - Setting next_dagrun for example_dynamic_task_mapping to 2022-03-04 00:00:00+00:00, run_after=2022-03-05 00:00:00+00:00
[2026-04-19T00:15:35.441+0000] {processor.py:183} INFO - Processing /home/airflow/.local/lib/python3.8/site-packages/airflow/example_dags/example_dynamic_task_mapping.py took 0.103 seconds
[2026-04-19T00:16:06.166+0000] {processor.py:161} INFO - Started process (PID=11802) to work on /home/airflow/.local/lib/python3.8/site-packages/airflow/example_dags/example_dynamic_task_mapping.py
[2026-04-19T00:16:06.167+0000] {processor.py:830} INFO - Processing file /home/airflow/.local/lib/python3.8/site-packages/airflow/example_dags/example_dynamic_task_mapping.py for tasks to queue
[2026-04-19T00:16:06.168+0000] {logging_mixin.py:188} INFO - [2026-04-19T00:16:06.168+0000] {dagbag.py:538} INFO - Filling up the DagBag from /home/airflow/.local/lib/python3.8/site-packages/airflow/example_dags/example_dynamic_task_mapping.py
[2026-04-19T00:16:06.173+0000] {processor.py:840} INFO - DAG(s) 'example_dynamic_task_mapping' retrieved from /home/airflow/.local/lib/python3.8/site-packages/airflow/example_dags/example_dynamic_task_mapping.py
[2026-04-19T00:16:06.188+0000] {logging_mixin.py:188} INFO - [2026-04-19T00:16:06.188+0000] {dag.py:3036} INFO - Sync 1 DAGs
[2026-04-19T00:16:06.205+0000] {logging_mixin.py:188} INFO - [2026-04-19T00:16:06.205+0000] {dag.py:3823} INFO - Setting next_dagrun for example_dynamic_task_mapping to 2022-03-04 00:00:00+00:00, run_after=2022-03-05 00:00:00+00:00
[2026-04-19T00:16:06.217+0000] {processor.py:183} INFO - Processing /home/airflow/.local/lib/python3.8/site-packages/airflow/example_dags/example_dynamic_task_mapping.py took 0.053 seconds
[2026-04-19T00:16:36.419+0000] {processor.py:161} INFO - Started process (PID=11857) to work on /home/airflow/.local/lib/python3.8/site-packages/airflow/example_dags/example_dynamic_task_mapping.py
[2026-04-19T00:16:36.421+0000] {processor.py:830} INFO - Processing file /home/airflow/.local/lib/python3.8/site-packages/airflow/example_dags/example_dynamic_task_mapping.py for tasks to queue
[2026-04-19T00:16:36.424+0000] {logging_mixin.py:188} INFO - [2026-04-19T00:16:36.423+0000] {dagbag.py:538} INFO - Filling up the DagBag from /home/airflow/.local/lib/python3.8/site-packages/airflow/example_dags/example_dynamic_task_mapping.py
[2026-04-19T00:16:36.435+0000] {processor.py:840} INFO - DAG(s) 'example_dynamic_task_mapping' retrieved from /home/airflow/.local/lib/python3.8/site-packages/airflow/example_dags/example_dynamic_task_mapping.py
[2026-04-19T00:16:36.466+0000] {logging_mixin.py:188} INFO - [2026-04-19T00:16:36.466+0000] {dag.py:3036} INFO - Sync 1 DAGs
[2026-04-19T00:16:36.499+0000] {logging_mixin.py:188} INFO - [2026-04-19T00:16:36.499+0000] {dag.py:3823} INFO - Setting next_dagrun for example_dynamic_task_mapping to 2022-03-04 00:00:00+00:00, run_after=2022-03-05 00:00:00+00:00
[2026-04-19T00:16:36.524+0000] {processor.py:183} INFO - Processing /home/airflow/.local/lib/python3.8/site-packages/airflow/example_dags/example_dynamic_task_mapping.py took 0.111 seconds
[2026-04-19T00:17:06.759+0000] {processor.py:161} INFO - Started process (PID=11912) to work on /home/airflow/.local/lib/python3.8/site-packages/airflow/example_dags/example_dynamic_task_mapping.py
[2026-04-19T00:17:06.761+0000] {processor.py:830} INFO - Processing file /home/airflow/.local/lib/python3.8/site-packages/airflow/example_dags/example_dynamic_task_mapping.py for tasks to queue
[2026-04-19T00:17:06.763+0000] {logging_mixin.py:188} INFO - [2026-04-19T00:17:06.763+0000] {dagbag.py:538} INFO - Filling up the DagBag from /home/airflow/.local/lib/python3.8/site-packages/airflow/example_dags/example_dynamic_task_mapping.py
[2026-04-19T00:17:06.772+0000] {processor.py:840} INFO - DAG(s) 'example_dynamic_task_mapping' retrieved from /home/airflow/.local/lib/python3.8/site-packages/airflow/example_dags/example_dynamic_task_mapping.py
[2026-04-19T00:17:06.803+0000] {logging_mixin.py:188} INFO - [2026-04-19T00:17:06.802+0000] {dag.py:3036} INFO - Sync 1 DAGs
[2026-04-19T00:17:06.833+0000] {logging_mixin.py:188} INFO - [2026-04-19T00:17:06.833+0000] {dag.py:3823} INFO - Setting next_dagrun for example_dynamic_task_mapping to 2022-03-04 00:00:00+00:00, run_after=2022-03-05 00:00:00+00:00
[2026-04-19T00:17:06.857+0000] {processor.py:183} INFO - Processing /home/airflow/.local/lib/python3.8/site-packages/airflow/example_dags/example_dynamic_task_mapping.py took 0.104 seconds
[2026-04-19T00:17:37.262+0000] {processor.py:161} INFO - Started process (PID=11967) to work on /home/airflow/.local/lib/python3.8/site-packages/airflow/example_dags/example_dynamic_task_mapping.py
[2026-04-19T00:17:37.264+0000] {processor.py:830} INFO - Processing file /home/airflow/.local/lib/python3.8/site-packages/airflow/example_dags/example_dynamic_task_mapping.py for tasks to queue
[2026-04-19T00:17:37.268+0000] {logging_mixin.py:188} INFO - [2026-04-19T00:17:37.267+0000] {dagbag.py:538} INFO - Filling up the DagBag from /home/airflow/.local/lib/python3.8/site-packages/airflow/example_dags/example_dynamic_task_mapping.py
[2026-04-19T00:17:37.280+0000] {processor.py:840} INFO - DAG(s) 'example_dynamic_task_mapping' retrieved from /home/airflow/.local/lib/python3.8/site-packages/airflow/example_dags/example_dynamic_task_mapping.py
[2026-04-19T00:17:37.320+0000] {logging_mixin.py:188} INFO - [2026-04-19T00:17:37.320+0000] {dag.py:3036} INFO - Sync 1 DAGs
[2026-04-19T00:17:37.366+0000] {logging_mixin.py:188} INFO - [2026-04-19T00:17:37.366+0000] {dag.py:3823} INFO - Setting next_dagrun for example_dynamic_task_mapping to 2022-03-04 00:00:00+00:00, run_after=2022-03-05 00:00:00+00:00
[2026-04-19T00:17:37.401+0000] {processor.py:183} INFO - Processing /home/airflow/.local/lib/python3.8/site-packages/airflow/example_dags/example_dynamic_task_mapping.py took 0.146 seconds
[2026-04-19T00:18:07.834+0000] {processor.py:161} INFO - Started process (PID=12022) to work on /home/airflow/.local/lib/python3.8/site-packages/airflow/example_dags/example_dynamic_task_mapping.py
[2026-04-19T00:18:07.835+0000] {processor.py:830} INFO - Processing file /home/airflow/.local/lib/python3.8/site-packages/airflow/example_dags/example_dynamic_task_mapping.py for tasks to queue
[2026-04-19T00:18:07.838+0000] {logging_mixin.py:188} INFO - [2026-04-19T00:18:07.837+0000] {dagbag.py:538} INFO - Filling up the DagBag from /home/airflow/.local/lib/python3.8/site-packages/airflow/example_dags/example_dynamic_task_mapping.py
[2026-04-19T00:18:07.847+0000] {processor.py:840} INFO - DAG(s) 'example_dynamic_task_mapping' retrieved from /home/airflow/.local/lib/python3.8/site-packages/airflow/example_dags/example_dynamic_task_mapping.py
[2026-04-19T00:18:07.876+0000] {logging_mixin.py:188} INFO - [2026-04-19T00:18:07.875+0000] {dag.py:3036} INFO - Sync 1 DAGs
[2026-04-19T00:18:07.908+0000] {logging_mixin.py:188} INFO - [2026-04-19T00:18:07.908+0000] {dag.py:3823} INFO - Setting next_dagrun for example_dynamic_task_mapping to 2022-03-04 00:00:00+00:00, run_after=2022-03-05 00:00:00+00:00
[2026-04-19T00:18:07.933+0000] {processor.py:183} INFO - Processing /home/airflow/.local/lib/python3.8/site-packages/airflow/example_dags/example_dynamic_task_mapping.py took 0.104 seconds
[2026-04-19T00:18:38.370+0000] {processor.py:161} INFO - Started process (PID=12077) to work on /home/airflow/.local/lib/python3.8/site-packages/airflow/example_dags/example_dynamic_task_mapping.py
[2026-04-19T00:18:38.371+0000] {processor.py:830} INFO - Processing file /home/airflow/.local/lib/python3.8/site-packages/airflow/example_dags/example_dynamic_task_mapping.py for tasks to queue
[2026-04-19T00:18:38.373+0000] {logging_mixin.py:188} INFO - [2026-04-19T00:18:38.372+0000] {dagbag.py:538} INFO - Filling up the DagBag from /home/airflow/.local/lib/python3.8/site-packages/airflow/example_dags/example_dynamic_task_mapping.py
[2026-04-19T00:18:38.382+0000] {processor.py:840} INFO - DAG(s) 'example_dynamic_task_mapping' retrieved from /home/airflow/.local/lib/python3.8/site-packages/airflow/example_dags/example_dynamic_task_mapping.py
[2026-04-19T00:18:38.412+0000] {logging_mixin.py:188} INFO - [2026-04-19T00:18:38.412+0000] {dag.py:3036} INFO - Sync 1 DAGs
[2026-04-19T00:18:38.443+0000] {logging_mixin.py:188} INFO - [2026-04-19T00:18:38.443+0000] {dag.py:3823} INFO - Setting next_dagrun for example_dynamic_task_mapping to 2022-03-04 00:00:00+00:00, run_after=2022-03-05 00:00:00+00:00
[2026-04-19T00:18:38.465+0000] {processor.py:183} INFO - Processing /home/airflow/.local/lib/python3.8/site-packages/airflow/example_dags/example_dynamic_task_mapping.py took 0.100 seconds
[2026-04-19T00:19:08.739+0000] {processor.py:161} INFO - Started process (PID=12131) to work on /home/airflow/.local/lib/python3.8/site-packages/airflow/example_dags/example_dynamic_task_mapping.py
[2026-04-19T00:19:08.741+0000] {processor.py:830} INFO - Processing file /home/airflow/.local/lib/python3.8/site-packages/airflow/example_dags/example_dynamic_task_mapping.py for tasks to queue
[2026-04-19T00:19:08.743+0000] {logging_mixin.py:188} INFO - [2026-04-19T00:19:08.743+0000] {dagbag.py:538} INFO - Filling up the DagBag from /home/airflow/.local/lib/python3.8/site-packages/airflow/example_dags/example_dynamic_task_mapping.py
[2026-04-19T00:19:08.753+0000] {processor.py:840} INFO - DAG(s) 'example_dynamic_task_mapping' retrieved from /home/airflow/.local/lib/python3.8/site-packages/airflow/example_dags/example_dynamic_task_mapping.py
[2026-04-19T00:19:08.784+0000] {logging_mixin.py:188} INFO - [2026-04-19T00:19:08.784+0000] {dag.py:3036} INFO - Sync 1 DAGs
[2026-04-19T00:19:08.820+0000] {logging_mixin.py:188} INFO - [2026-04-19T00:19:08.819+0000] {dag.py:3823} INFO - Setting next_dagrun for example_dynamic_task_mapping to 2022-03-04 00:00:00+00:00, run_after=2022-03-05 00:00:00+00:00
[2026-04-19T00:19:08.846+0000] {processor.py:183} INFO - Processing /home/airflow/.local/lib/python3.8/site-packages/airflow/example_dags/example_dynamic_task_mapping.py took 0.112 seconds
[2026-04-19T00:19:39.207+0000] {processor.py:161} INFO - Started process (PID=12186) to work on /home/airflow/.local/lib/python3.8/site-packages/airflow/example_dags/example_dynamic_task_mapping.py
[2026-04-19T00:19:39.209+0000] {processor.py:830} INFO - Processing file /home/airflow/.local/lib/python3.8/site-packages/airflow/example_dags/example_dynamic_task_mapping.py for tasks to queue
[2026-04-19T00:19:39.211+0000] {logging_mixin.py:188} INFO - [2026-04-19T00:19:39.211+0000] {dagbag.py:538} INFO - Filling up the DagBag from /home/airflow/.local/lib/python3.8/site-packages/airflow/example_dags/example_dynamic_task_mapping.py
[2026-04-19T00:19:39.220+0000] {processor.py:840} INFO - DAG(s) 'example_dynamic_task_mapping' retrieved from /home/airflow/.local/lib/python3.8/site-packages/airflow/example_dags/example_dynamic_task_mapping.py
[2026-04-19T00:19:39.250+0000] {logging_mixin.py:188} INFO - [2026-04-19T00:19:39.250+0000] {dag.py:3036} INFO - Sync 1 DAGs
[2026-04-19T00:19:39.281+0000] {logging_mixin.py:188} INFO - [2026-04-19T00:19:39.281+0000] {dag.py:3823} INFO - Setting next_dagrun for example_dynamic_task_mapping to 2022-03-04 00:00:00+00:00, run_after=2022-03-05 00:00:00+00:00
[2026-04-19T00:19:39.310+0000] {processor.py:183} INFO - Processing /home/airflow/.local/lib/python3.8/site-packages/airflow/example_dags/example_dynamic_task_mapping.py took 0.108 seconds
[2026-04-19T00:20:09.709+0000] {processor.py:161} INFO - Started process (PID=12241) to work on /home/airflow/.local/lib/python3.8/site-packages/airflow/example_dags/example_dynamic_task_mapping.py
[2026-04-19T00:20:09.710+0000] {processor.py:830} INFO - Processing file /home/airflow/.local/lib/python3.8/site-packages/airflow/example_dags/example_dynamic_task_mapping.py for tasks to queue
[2026-04-19T00:20:09.712+0000] {logging_mixin.py:188} INFO - [2026-04-19T00:20:09.712+0000] {dagbag.py:538} INFO - Filling up the DagBag from /home/airflow/.local/lib/python3.8/site-packages/airflow/example_dags/example_dynamic_task_mapping.py
[2026-04-19T00:20:09.721+0000] {processor.py:840} INFO - DAG(s) 'example_dynamic_task_mapping' retrieved from /home/airflow/.local/lib/python3.8/site-packages/airflow/example_dags/example_dynamic_task_mapping.py
[2026-04-19T00:20:09.749+0000] {logging_mixin.py:188} INFO - [2026-04-19T00:20:09.748+0000] {dag.py:3036} INFO - Sync 1 DAGs
[2026-04-19T00:20:09.780+0000] {logging_mixin.py:188} INFO - [2026-04-19T00:20:09.780+0000] {dag.py:3823} INFO - Setting next_dagrun for example_dynamic_task_mapping to 2022-03-04 00:00:00+00:00, run_after=2022-03-05 00:00:00+00:00
[2026-04-19T00:20:09.803+0000] {processor.py:183} INFO - Processing /home/airflow/.local/lib/python3.8/site-packages/airflow/example_dags/example_dynamic_task_mapping.py took 0.099 seconds
[2026-04-19T00:20:40.047+0000] {processor.py:161} INFO - Started process (PID=12296) to work on /home/airflow/.local/lib/python3.8/site-packages/airflow/example_dags/example_dynamic_task_mapping.py
[2026-04-19T00:20:40.048+0000] {processor.py:830} INFO - Processing file /home/airflow/.local/lib/python3.8/site-packages/airflow/example_dags/example_dynamic_task_mapping.py for tasks to queue
[2026-04-19T00:20:40.051+0000] {logging_mixin.py:188} INFO - [2026-04-19T00:20:40.050+0000] {dagbag.py:538} INFO - Filling up the DagBag from /home/airflow/.local/lib/python3.8/site-packages/airflow/example_dags/example_dynamic_task_mapping.py
[2026-04-19T00:20:40.060+0000] {processor.py:840} INFO - DAG(s) 'example_dynamic_task_mapping' retrieved from /home/airflow/.local/lib/python3.8/site-packages/airflow/example_dags/example_dynamic_task_mapping.py
[2026-04-19T00:20:40.088+0000] {logging_mixin.py:188} INFO - [2026-04-19T00:20:40.088+0000] {dag.py:3036} INFO - Sync 1 DAGs
[2026-04-19T00:20:40.118+0000] {logging_mixin.py:188} INFO - [2026-04-19T00:20:40.118+0000] {dag.py:3823} INFO - Setting next_dagrun for example_dynamic_task_mapping to 2022-03-04 00:00:00+00:00, run_after=2022-03-05 00:00:00+00:00
[2026-04-19T00:20:40.141+0000] {processor.py:183} INFO - Processing /home/airflow/.local/lib/python3.8/site-packages/airflow/example_dags/example_dynamic_task_mapping.py took 0.100 seconds
[2026-04-19T00:21:10.470+0000] {processor.py:161} INFO - Started process (PID=12351) to work on /home/airflow/.local/lib/python3.8/site-packages/airflow/example_dags/example_dynamic_task_mapping.py
[2026-04-19T00:21:10.472+0000] {processor.py:830} INFO - Processing file /home/airflow/.local/lib/python3.8/site-packages/airflow/example_dags/example_dynamic_task_mapping.py for tasks to queue
[2026-04-19T00:21:10.475+0000] {logging_mixin.py:188} INFO - [2026-04-19T00:21:10.474+0000] {dagbag.py:538} INFO - Filling up the DagBag from /home/airflow/.local/lib/python3.8/site-packages/airflow/example_dags/example_dynamic_task_mapping.py
[2026-04-19T00:21:10.486+0000] {processor.py:840} INFO - DAG(s) 'example_dynamic_task_mapping' retrieved from /home/airflow/.local/lib/python3.8/site-packages/airflow/example_dags/example_dynamic_task_mapping.py
[2026-04-19T00:21:10.518+0000] {logging_mixin.py:188} INFO - [2026-04-19T00:21:10.517+0000] {dag.py:3036} INFO - Sync 1 DAGs
[2026-04-19T00:21:10.552+0000] {logging_mixin.py:188} INFO - [2026-04-19T00:21:10.552+0000] {dag.py:3823} INFO - Setting next_dagrun for example_dynamic_task_mapping to 2022-03-04 00:00:00+00:00, run_after=2022-03-05 00:00:00+00:00
[2026-04-19T00:21:10.577+0000] {processor.py:183} INFO - Processing /home/airflow/.local/lib/python3.8/site-packages/airflow/example_dags/example_dynamic_task_mapping.py took 0.114 seconds
[2026-04-19T00:21:40.854+0000] {processor.py:161} INFO - Started process (PID=12406) to work on /home/airflow/.local/lib/python3.8/site-packages/airflow/example_dags/example_dynamic_task_mapping.py
[2026-04-19T00:21:40.855+0000] {processor.py:830} INFO - Processing file /home/airflow/.local/lib/python3.8/site-packages/airflow/example_dags/example_dynamic_task_mapping.py for tasks to queue
[2026-04-19T00:21:40.858+0000] {logging_mixin.py:188} INFO - [2026-04-19T00:21:40.857+0000] {dagbag.py:538} INFO - Filling up the DagBag from /home/airflow/.local/lib/python3.8/site-packages/airflow/example_dags/example_dynamic_task_mapping.py
[2026-04-19T00:21:40.867+0000] {processor.py:840} INFO - DAG(s) 'example_dynamic_task_mapping' retrieved from /home/airflow/.local/lib/python3.8/site-packages/airflow/example_dags/example_dynamic_task_mapping.py
[2026-04-19T00:21:40.898+0000] {logging_mixin.py:188} INFO - [2026-04-19T00:21:40.897+0000] {dag.py:3036} INFO - Sync 1 DAGs
[2026-04-19T00:21:40.931+0000] {logging_mixin.py:188} INFO - [2026-04-19T00:21:40.930+0000] {dag.py:3823} INFO - Setting next_dagrun for example_dynamic_task_mapping to 2022-03-04 00:00:00+00:00, run_after=2022-03-05 00:00:00+00:00
[2026-04-19T00:21:40.954+0000] {processor.py:183} INFO - Processing /home/airflow/.local/lib/python3.8/site-packages/airflow/example_dags/example_dynamic_task_mapping.py took 0.106 seconds
[2026-04-19T00:22:11.243+0000] {processor.py:161} INFO - Started process (PID=12461) to work on /home/airflow/.local/lib/python3.8/site-packages/airflow/example_dags/example_dynamic_task_mapping.py
[2026-04-19T00:22:11.245+0000] {processor.py:830} INFO - Processing file /home/airflow/.local/lib/python3.8/site-packages/airflow/example_dags/example_dynamic_task_mapping.py for tasks to queue
[2026-04-19T00:22:11.247+0000] {logging_mixin.py:188} INFO - [2026-04-19T00:22:11.247+0000] {dagbag.py:538} INFO - Filling up the DagBag from /home/airflow/.local/lib/python3.8/site-packages/airflow/example_dags/example_dynamic_task_mapping.py
[2026-04-19T00:22:11.257+0000] {processor.py:840} INFO - DAG(s) 'example_dynamic_task_mapping' retrieved from /home/airflow/.local/lib/python3.8/site-packages/airflow/example_dags/example_dynamic_task_mapping.py
[2026-04-19T00:22:11.289+0000] {logging_mixin.py:188} INFO - [2026-04-19T00:22:11.289+0000] {dag.py:3036} INFO - Sync 1 DAGs
[2026-04-19T00:22:11.322+0000] {logging_mixin.py:188} INFO - [2026-04-19T00:22:11.321+0000] {dag.py:3823} INFO - Setting next_dagrun for example_dynamic_task_mapping to 2022-03-04 00:00:00+00:00, run_after=2022-03-05 00:00:00+00:00
[2026-04-19T00:22:11.347+0000] {processor.py:183} INFO - Processing /home/airflow/.local/lib/python3.8/site-packages/airflow/example_dags/example_dynamic_task_mapping.py took 0.109 seconds
[2026-04-19T00:22:41.816+0000] {processor.py:161} INFO - Started process (PID=12516) to work on /home/airflow/.local/lib/python3.8/site-packages/airflow/example_dags/example_dynamic_task_mapping.py
[2026-04-19T00:22:41.817+0000] {processor.py:830} INFO - Processing file /home/airflow/.local/lib/python3.8/site-packages/airflow/example_dags/example_dynamic_task_mapping.py for tasks to queue
[2026-04-19T00:22:41.819+0000] {logging_mixin.py:188} INFO - [2026-04-19T00:22:41.819+0000] {dagbag.py:538} INFO - Filling up the DagBag from /home/airflow/.local/lib/python3.8/site-packages/airflow/example_dags/example_dynamic_task_mapping.py
[2026-04-19T00:22:41.829+0000] {processor.py:840} INFO - DAG(s) 'example_dynamic_task_mapping' retrieved from /home/airflow/.local/lib/python3.8/site-packages/airflow/example_dags/example_dynamic_task_mapping.py
[2026-04-19T00:22:41.860+0000] {logging_mixin.py:188} INFO - [2026-04-19T00:22:41.859+0000] {dag.py:3036} INFO - Sync 1 DAGs
[2026-04-19T00:22:41.894+0000] {logging_mixin.py:188} INFO - [2026-04-19T00:22:41.893+0000] {dag.py:3823} INFO - Setting next_dagrun for example_dynamic_task_mapping to 2022-03-04 00:00:00+00:00, run_after=2022-03-05 00:00:00+00:00
[2026-04-19T00:22:41.918+0000] {processor.py:183} INFO - Processing /home/airflow/.local/lib/python3.8/site-packages/airflow/example_dags/example_dynamic_task_mapping.py took 0.107 seconds
[2026-04-19T00:23:11.975+0000] {processor.py:161} INFO - Started process (PID=12571) to work on /home/airflow/.local/lib/python3.8/site-packages/airflow/example_dags/example_dynamic_task_mapping.py
[2026-04-19T00:23:11.977+0000] {processor.py:830} INFO - Processing file /home/airflow/.local/lib/python3.8/site-packages/airflow/example_dags/example_dynamic_task_mapping.py for tasks to queue
[2026-04-19T00:23:11.979+0000] {logging_mixin.py:188} INFO - [2026-04-19T00:23:11.979+0000] {dagbag.py:538} INFO - Filling up the DagBag from /home/airflow/.local/lib/python3.8/site-packages/airflow/example_dags/example_dynamic_task_mapping.py
[2026-04-19T00:23:11.987+0000] {processor.py:840} INFO - DAG(s) 'example_dynamic_task_mapping' retrieved from /home/airflow/.local/lib/python3.8/site-packages/airflow/example_dags/example_dynamic_task_mapping.py
[2026-04-19T00:23:12.015+0000] {logging_mixin.py:188} INFO - [2026-04-19T00:23:12.015+0000] {dag.py:3036} INFO - Sync 1 DAGs
[2026-04-19T00:23:12.045+0000] {logging_mixin.py:188} INFO - [2026-04-19T00:23:12.045+0000] {dag.py:3823} INFO - Setting next_dagrun for example_dynamic_task_mapping to 2022-03-04 00:00:00+00:00, run_after=2022-03-05 00:00:00+00:00
[2026-04-19T00:23:12.069+0000] {processor.py:183} INFO - Processing /home/airflow/.local/lib/python3.8/site-packages/airflow/example_dags/example_dynamic_task_mapping.py took 0.098 seconds
[2026-04-19T00:23:42.415+0000] {processor.py:161} INFO - Started process (PID=12626) to work on /home/airflow/.local/lib/python3.8/site-packages/airflow/example_dags/example_dynamic_task_mapping.py
[2026-04-19T00:23:42.417+0000] {processor.py:830} INFO - Processing file /home/airflow/.local/lib/python3.8/site-packages/airflow/example_dags/example_dynamic_task_mapping.py for tasks to queue
[2026-04-19T00:23:42.419+0000] {logging_mixin.py:188} INFO - [2026-04-19T00:23:42.419+0000] {dagbag.py:538} INFO - Filling up the DagBag from /home/airflow/.local/lib/python3.8/site-packages/airflow/example_dags/example_dynamic_task_mapping.py
[2026-04-19T00:23:42.429+0000] {processor.py:840} INFO - DAG(s) 'example_dynamic_task_mapping' retrieved from /home/airflow/.local/lib/python3.8/site-packages/airflow/example_dags/example_dynamic_task_mapping.py
[2026-04-19T00:23:42.462+0000] {logging_mixin.py:188} INFO - [2026-04-19T00:23:42.462+0000] {dag.py:3036} INFO - Sync 1 DAGs
[2026-04-19T00:23:42.498+0000] {logging_mixin.py:188} INFO - [2026-04-19T00:23:42.497+0000] {dag.py:3823} INFO - Setting next_dagrun for example_dynamic_task_mapping to 2022-03-04 00:00:00+00:00, run_after=2022-03-05 00:00:00+00:00
[2026-04-19T00:23:42.527+0000] {processor.py:183} INFO - Processing /home/airflow/.local/lib/python3.8/site-packages/airflow/example_dags/example_dynamic_task_mapping.py took 0.117 seconds
[2026-04-19T00:24:12.624+0000] {processor.py:161} INFO - Started process (PID=12681) to work on /home/airflow/.local/lib/python3.8/site-packages/airflow/example_dags/example_dynamic_task_mapping.py
[2026-04-19T00:24:12.626+0000] {processor.py:830} INFO - Processing file /home/airflow/.local/lib/python3.8/site-packages/airflow/example_dags/example_dynamic_task_mapping.py for tasks to queue
[2026-04-19T00:24:12.629+0000] {logging_mixin.py:188} INFO - [2026-04-19T00:24:12.628+0000] {dagbag.py:538} INFO - Filling up the DagBag from /home/airflow/.local/lib/python3.8/site-packages/airflow/example_dags/example_dynamic_task_mapping.py
[2026-04-19T00:24:12.637+0000] {processor.py:840} INFO - DAG(s) 'example_dynamic_task_mapping' retrieved from /home/airflow/.local/lib/python3.8/site-packages/airflow/example_dags/example_dynamic_task_mapping.py
[2026-04-19T00:24:12.669+0000] {logging_mixin.py:188} INFO - [2026-04-19T00:24:12.668+0000] {dag.py:3036} INFO - Sync 1 DAGs
[2026-04-19T00:24:12.704+0000] {logging_mixin.py:188} INFO - [2026-04-19T00:24:12.703+0000] {dag.py:3823} INFO - Setting next_dagrun for example_dynamic_task_mapping to 2022-03-04 00:00:00+00:00, run_after=2022-03-05 00:00:00+00:00
[2026-04-19T00:24:12.729+0000] {processor.py:183} INFO - Processing /home/airflow/.local/lib/python3.8/site-packages/airflow/example_dags/example_dynamic_task_mapping.py took 0.110 seconds
