[2026-04-19T00:00:13.531+0000] {processor.py:161} INFO - Started process (PID=10068) to work on /home/airflow/.local/lib/python3.8/site-packages/airflow/example_dags/example_complex.py
[2026-04-19T00:00:13.533+0000] {processor.py:830} INFO - Processing file /home/airflow/.local/lib/python3.8/site-packages/airflow/example_dags/example_complex.py for tasks to queue
[2026-04-19T00:00:13.535+0000] {logging_mixin.py:188} INFO - [2026-04-19T00:00:13.535+0000] {dagbag.py:538} INFO - Filling up the DagBag from /home/airflow/.local/lib/python3.8/site-packages/airflow/example_dags/example_complex.py
[2026-04-19T00:00:13.551+0000] {processor.py:840} INFO - DAG(s) 'example_complex' retrieved from /home/airflow/.local/lib/python3.8/site-packages/airflow/example_dags/example_complex.py
[2026-04-19T00:00:13.594+0000] {logging_mixin.py:188} INFO - [2026-04-19T00:00:13.594+0000] {dag.py:3036} INFO - Sync 1 DAGs
[2026-04-19T00:00:13.610+0000] {logging_mixin.py:188} INFO - [2026-04-19T00:00:13.610+0000] {dag.py:3823} INFO - Setting next_dagrun for example_complex to None, run_after=None
[2026-04-19T00:00:13.634+0000] {processor.py:183} INFO - Processing /home/airflow/.local/lib/python3.8/site-packages/airflow/example_dags/example_complex.py took 0.108 seconds
[2026-04-19T00:00:44.097+0000] {processor.py:161} INFO - Started process (PID=10123) to work on /home/airflow/.local/lib/python3.8/site-packages/airflow/example_dags/example_complex.py
[2026-04-19T00:00:44.099+0000] {processor.py:830} INFO - Processing file /home/airflow/.local/lib/python3.8/site-packages/airflow/example_dags/example_complex.py for tasks to queue
[2026-04-19T00:00:44.101+0000] {logging_mixin.py:188} INFO - [2026-04-19T00:00:44.101+0000] {dagbag.py:538} INFO - Filling up the DagBag from /home/airflow/.local/lib/python3.8/site-packages/airflow/example_dags/example_complex.py
[2026-04-19T00:00:44.117+0000] {processor.py:840} INFO - DAG(s) 'example_complex' retrieved from /home/airflow/.local/lib/python3.8/site-packages/airflow/example_dags/example_complex.py
[2026-04-19T00:00:44.160+0000] {logging_mixin.py:188} INFO - [2026-04-19T00:00:44.160+0000] {dag.py:3036} INFO - Sync 1 DAGs
[2026-04-19T00:00:44.177+0000] {logging_mixin.py:188} INFO - [2026-04-19T00:00:44.177+0000] {dag.py:3823} INFO - Setting next_dagrun for example_complex to None, run_after=None
[2026-04-19T00:00:44.205+0000] {processor.py:183} INFO - Processing /home/airflow/.local/lib/python3.8/site-packages/airflow/example_dags/example_complex.py took 0.113 seconds
[2026-04-19T00:01:14.544+0000] {processor.py:161} INFO - Started process (PID=10178) to work on /home/airflow/.local/lib/python3.8/site-packages/airflow/example_dags/example_complex.py
[2026-04-19T00:01:14.545+0000] {processor.py:830} INFO - Processing file /home/airflow/.local/lib/python3.8/site-packages/airflow/example_dags/example_complex.py for tasks to queue
[2026-04-19T00:01:14.548+0000] {logging_mixin.py:188} INFO - [2026-04-19T00:01:14.548+0000] {dagbag.py:538} INFO - Filling up the DagBag from /home/airflow/.local/lib/python3.8/site-packages/airflow/example_dags/example_complex.py
[2026-04-19T00:01:14.564+0000] {processor.py:840} INFO - DAG(s) 'example_complex' retrieved from /home/airflow/.local/lib/python3.8/site-packages/airflow/example_dags/example_complex.py
[2026-04-19T00:01:14.607+0000] {logging_mixin.py:188} INFO - [2026-04-19T00:01:14.606+0000] {dag.py:3036} INFO - Sync 1 DAGs
[2026-04-19T00:01:14.624+0000] {logging_mixin.py:188} INFO - [2026-04-19T00:01:14.624+0000] {dag.py:3823} INFO - Setting next_dagrun for example_complex to None, run_after=None
[2026-04-19T00:01:14.648+0000] {processor.py:183} INFO - Processing /home/airflow/.local/lib/python3.8/site-packages/airflow/example_dags/example_complex.py took 0.110 seconds
[2026-04-19T00:01:44.870+0000] {processor.py:161} INFO - Started process (PID=10233) to work on /home/airflow/.local/lib/python3.8/site-packages/airflow/example_dags/example_complex.py
[2026-04-19T00:01:44.872+0000] {processor.py:830} INFO - Processing file /home/airflow/.local/lib/python3.8/site-packages/airflow/example_dags/example_complex.py for tasks to queue
[2026-04-19T00:01:44.874+0000] {logging_mixin.py:188} INFO - [2026-04-19T00:01:44.874+0000] {dagbag.py:538} INFO - Filling up the DagBag from /home/airflow/.local/lib/python3.8/site-packages/airflow/example_dags/example_complex.py
[2026-04-19T00:01:44.890+0000] {processor.py:840} INFO - DAG(s) 'example_complex' retrieved from /home/airflow/.local/lib/python3.8/site-packages/airflow/example_dags/example_complex.py
[2026-04-19T00:01:44.933+0000] {logging_mixin.py:188} INFO - [2026-04-19T00:01:44.933+0000] {dag.py:3036} INFO - Sync 1 DAGs
[2026-04-19T00:01:44.951+0000] {logging_mixin.py:188} INFO - [2026-04-19T00:01:44.951+0000] {dag.py:3823} INFO - Setting next_dagrun for example_complex to None, run_after=None
[2026-04-19T00:01:44.978+0000] {processor.py:183} INFO - Processing /home/airflow/.local/lib/python3.8/site-packages/airflow/example_dags/example_complex.py took 0.113 seconds
[2026-04-19T00:02:15.153+0000] {processor.py:161} INFO - Started process (PID=10288) to work on /home/airflow/.local/lib/python3.8/site-packages/airflow/example_dags/example_complex.py
[2026-04-19T00:02:15.154+0000] {processor.py:830} INFO - Processing file /home/airflow/.local/lib/python3.8/site-packages/airflow/example_dags/example_complex.py for tasks to queue
[2026-04-19T00:02:15.156+0000] {logging_mixin.py:188} INFO - [2026-04-19T00:02:15.156+0000] {dagbag.py:538} INFO - Filling up the DagBag from /home/airflow/.local/lib/python3.8/site-packages/airflow/example_dags/example_complex.py
[2026-04-19T00:02:15.171+0000] {processor.py:840} INFO - DAG(s) 'example_complex' retrieved from /home/airflow/.local/lib/python3.8/site-packages/airflow/example_dags/example_complex.py
[2026-04-19T00:02:15.215+0000] {logging_mixin.py:188} INFO - [2026-04-19T00:02:15.215+0000] {dag.py:3036} INFO - Sync 1 DAGs
[2026-04-19T00:02:15.232+0000] {logging_mixin.py:188} INFO - [2026-04-19T00:02:15.232+0000] {dag.py:3823} INFO - Setting next_dagrun for example_complex to None, run_after=None
[2026-04-19T00:02:15.256+0000] {processor.py:183} INFO - Processing /home/airflow/.local/lib/python3.8/site-packages/airflow/example_dags/example_complex.py took 0.108 seconds
[2026-04-19T00:02:45.401+0000] {processor.py:161} INFO - Started process (PID=10343) to work on /home/airflow/.local/lib/python3.8/site-packages/airflow/example_dags/example_complex.py
[2026-04-19T00:02:45.402+0000] {processor.py:830} INFO - Processing file /home/airflow/.local/lib/python3.8/site-packages/airflow/example_dags/example_complex.py for tasks to queue
[2026-04-19T00:02:45.404+0000] {logging_mixin.py:188} INFO - [2026-04-19T00:02:45.404+0000] {dagbag.py:538} INFO - Filling up the DagBag from /home/airflow/.local/lib/python3.8/site-packages/airflow/example_dags/example_complex.py
[2026-04-19T00:02:45.420+0000] {processor.py:840} INFO - DAG(s) 'example_complex' retrieved from /home/airflow/.local/lib/python3.8/site-packages/airflow/example_dags/example_complex.py
[2026-04-19T00:02:45.462+0000] {logging_mixin.py:188} INFO - [2026-04-19T00:02:45.461+0000] {dag.py:3036} INFO - Sync 1 DAGs
[2026-04-19T00:02:45.478+0000] {logging_mixin.py:188} INFO - [2026-04-19T00:02:45.478+0000] {dag.py:3823} INFO - Setting next_dagrun for example_complex to None, run_after=None
[2026-04-19T00:02:45.500+0000] {processor.py:183} INFO - Processing /home/airflow/.local/lib/python3.8/site-packages/airflow/example_dags/example_complex.py took 0.104 seconds
[2026-04-19T00:03:15.876+0000] {processor.py:161} INFO - Started process (PID=10404) to work on /home/airflow/.local/lib/python3.8/site-packages/airflow/example_dags/example_complex.py
[2026-04-19T00:03:15.877+0000] {processor.py:830} INFO - Processing file /home/airflow/.local/lib/python3.8/site-packages/airflow/example_dags/example_complex.py for tasks to queue
[2026-04-19T00:03:15.880+0000] {logging_mixin.py:188} INFO - [2026-04-19T00:03:15.879+0000] {dagbag.py:538} INFO - Filling up the DagBag from /home/airflow/.local/lib/python3.8/site-packages/airflow/example_dags/example_complex.py
[2026-04-19T00:03:15.895+0000] {processor.py:840} INFO - DAG(s) 'example_complex' retrieved from /home/airflow/.local/lib/python3.8/site-packages/airflow/example_dags/example_complex.py
[2026-04-19T00:03:15.937+0000] {logging_mixin.py:188} INFO - [2026-04-19T00:03:15.937+0000] {dag.py:3036} INFO - Sync 1 DAGs
[2026-04-19T00:03:15.956+0000] {logging_mixin.py:188} INFO - [2026-04-19T00:03:15.956+0000] {dag.py:3823} INFO - Setting next_dagrun for example_complex to None, run_after=None
[2026-04-19T00:03:15.982+0000] {processor.py:183} INFO - Processing /home/airflow/.local/lib/python3.8/site-packages/airflow/example_dags/example_complex.py took 0.110 seconds
[2026-04-19T00:03:46.130+0000] {processor.py:161} INFO - Started process (PID=10459) to work on /home/airflow/.local/lib/python3.8/site-packages/airflow/example_dags/example_complex.py
[2026-04-19T00:03:46.131+0000] {processor.py:830} INFO - Processing file /home/airflow/.local/lib/python3.8/site-packages/airflow/example_dags/example_complex.py for tasks to queue
[2026-04-19T00:03:46.133+0000] {logging_mixin.py:188} INFO - [2026-04-19T00:03:46.133+0000] {dagbag.py:538} INFO - Filling up the DagBag from /home/airflow/.local/lib/python3.8/site-packages/airflow/example_dags/example_complex.py
[2026-04-19T00:03:46.148+0000] {processor.py:840} INFO - DAG(s) 'example_complex' retrieved from /home/airflow/.local/lib/python3.8/site-packages/airflow/example_dags/example_complex.py
[2026-04-19T00:03:46.191+0000] {logging_mixin.py:188} INFO - [2026-04-19T00:03:46.191+0000] {dag.py:3036} INFO - Sync 1 DAGs
[2026-04-19T00:03:46.211+0000] {logging_mixin.py:188} INFO - [2026-04-19T00:03:46.210+0000] {dag.py:3823} INFO - Setting next_dagrun for example_complex to None, run_after=None
[2026-04-19T00:03:46.236+0000] {processor.py:183} INFO - Processing /home/airflow/.local/lib/python3.8/site-packages/airflow/example_dags/example_complex.py took 0.110 seconds
[2026-04-19T00:04:16.628+0000] {processor.py:161} INFO - Started process (PID=10514) to work on /home/airflow/.local/lib/python3.8/site-packages/airflow/example_dags/example_complex.py
[2026-04-19T00:04:16.629+0000] {processor.py:830} INFO - Processing file /home/airflow/.local/lib/python3.8/site-packages/airflow/example_dags/example_complex.py for tasks to queue
[2026-04-19T00:04:16.632+0000] {logging_mixin.py:188} INFO - [2026-04-19T00:04:16.631+0000] {dagbag.py:538} INFO - Filling up the DagBag from /home/airflow/.local/lib/python3.8/site-packages/airflow/example_dags/example_complex.py
[2026-04-19T00:04:16.649+0000] {processor.py:840} INFO - DAG(s) 'example_complex' retrieved from /home/airflow/.local/lib/python3.8/site-packages/airflow/example_dags/example_complex.py
[2026-04-19T00:04:16.697+0000] {logging_mixin.py:188} INFO - [2026-04-19T00:04:16.697+0000] {dag.py:3036} INFO - Sync 1 DAGs
[2026-04-19T00:04:16.715+0000] {logging_mixin.py:188} INFO - [2026-04-19T00:04:16.714+0000] {dag.py:3823} INFO - Setting next_dagrun for example_complex to None, run_after=None
[2026-04-19T00:04:16.742+0000] {processor.py:183} INFO - Processing /home/airflow/.local/lib/python3.8/site-packages/airflow/example_dags/example_complex.py took 0.119 seconds
[2026-04-19T00:04:46.864+0000] {processor.py:161} INFO - Started process (PID=10569) to work on /home/airflow/.local/lib/python3.8/site-packages/airflow/example_dags/example_complex.py
[2026-04-19T00:04:46.865+0000] {processor.py:830} INFO - Processing file /home/airflow/.local/lib/python3.8/site-packages/airflow/example_dags/example_complex.py for tasks to queue
[2026-04-19T00:04:46.867+0000] {logging_mixin.py:188} INFO - [2026-04-19T00:04:46.867+0000] {dagbag.py:538} INFO - Filling up the DagBag from /home/airflow/.local/lib/python3.8/site-packages/airflow/example_dags/example_complex.py
[2026-04-19T00:04:46.883+0000] {processor.py:840} INFO - DAG(s) 'example_complex' retrieved from /home/airflow/.local/lib/python3.8/site-packages/airflow/example_dags/example_complex.py
[2026-04-19T00:04:46.925+0000] {logging_mixin.py:188} INFO - [2026-04-19T00:04:46.925+0000] {dag.py:3036} INFO - Sync 1 DAGs
[2026-04-19T00:04:46.942+0000] {logging_mixin.py:188} INFO - [2026-04-19T00:04:46.941+0000] {dag.py:3823} INFO - Setting next_dagrun for example_complex to None, run_after=None
[2026-04-19T00:04:46.974+0000] {processor.py:183} INFO - Processing /home/airflow/.local/lib/python3.8/site-packages/airflow/example_dags/example_complex.py took 0.115 seconds
[2026-04-19T00:05:17.177+0000] {processor.py:161} INFO - Started process (PID=10624) to work on /home/airflow/.local/lib/python3.8/site-packages/airflow/example_dags/example_complex.py
[2026-04-19T00:05:17.178+0000] {processor.py:830} INFO - Processing file /home/airflow/.local/lib/python3.8/site-packages/airflow/example_dags/example_complex.py for tasks to queue
[2026-04-19T00:05:17.181+0000] {logging_mixin.py:188} INFO - [2026-04-19T00:05:17.180+0000] {dagbag.py:538} INFO - Filling up the DagBag from /home/airflow/.local/lib/python3.8/site-packages/airflow/example_dags/example_complex.py
[2026-04-19T00:05:17.196+0000] {processor.py:840} INFO - DAG(s) 'example_complex' retrieved from /home/airflow/.local/lib/python3.8/site-packages/airflow/example_dags/example_complex.py
[2026-04-19T00:05:17.240+0000] {logging_mixin.py:188} INFO - [2026-04-19T00:05:17.240+0000] {dag.py:3036} INFO - Sync 1 DAGs
[2026-04-19T00:05:17.257+0000] {logging_mixin.py:188} INFO - [2026-04-19T00:05:17.257+0000] {dag.py:3823} INFO - Setting next_dagrun for example_complex to None, run_after=None
[2026-04-19T00:05:17.282+0000] {processor.py:183} INFO - Processing /home/airflow/.local/lib/python3.8/site-packages/airflow/example_dags/example_complex.py took 0.109 seconds
[2026-04-19T00:05:47.570+0000] {processor.py:161} INFO - Started process (PID=10679) to work on /home/airflow/.local/lib/python3.8/site-packages/airflow/example_dags/example_complex.py
[2026-04-19T00:05:47.572+0000] {processor.py:830} INFO - Processing file /home/airflow/.local/lib/python3.8/site-packages/airflow/example_dags/example_complex.py for tasks to queue
[2026-04-19T00:05:47.575+0000] {logging_mixin.py:188} INFO - [2026-04-19T00:05:47.574+0000] {dagbag.py:538} INFO - Filling up the DagBag from /home/airflow/.local/lib/python3.8/site-packages/airflow/example_dags/example_complex.py
[2026-04-19T00:05:47.591+0000] {processor.py:840} INFO - DAG(s) 'example_complex' retrieved from /home/airflow/.local/lib/python3.8/site-packages/airflow/example_dags/example_complex.py
[2026-04-19T00:05:47.635+0000] {logging_mixin.py:188} INFO - [2026-04-19T00:05:47.635+0000] {dag.py:3036} INFO - Sync 1 DAGs
[2026-04-19T00:05:47.653+0000] {logging_mixin.py:188} INFO - [2026-04-19T00:05:47.652+0000] {dag.py:3823} INFO - Setting next_dagrun for example_complex to None, run_after=None
[2026-04-19T00:05:47.676+0000] {processor.py:183} INFO - Processing /home/airflow/.local/lib/python3.8/site-packages/airflow/example_dags/example_complex.py took 0.112 seconds
[2026-04-19T00:06:18.025+0000] {processor.py:161} INFO - Started process (PID=10734) to work on /home/airflow/.local/lib/python3.8/site-packages/airflow/example_dags/example_complex.py
[2026-04-19T00:06:18.027+0000] {processor.py:830} INFO - Processing file /home/airflow/.local/lib/python3.8/site-packages/airflow/example_dags/example_complex.py for tasks to queue
[2026-04-19T00:06:18.029+0000] {logging_mixin.py:188} INFO - [2026-04-19T00:06:18.028+0000] {dagbag.py:538} INFO - Filling up the DagBag from /home/airflow/.local/lib/python3.8/site-packages/airflow/example_dags/example_complex.py
[2026-04-19T00:06:18.046+0000] {processor.py:840} INFO - DAG(s) 'example_complex' retrieved from /home/airflow/.local/lib/python3.8/site-packages/airflow/example_dags/example_complex.py
[2026-04-19T00:06:18.091+0000] {logging_mixin.py:188} INFO - [2026-04-19T00:06:18.091+0000] {dag.py:3036} INFO - Sync 1 DAGs
[2026-04-19T00:06:18.110+0000] {logging_mixin.py:188} INFO - [2026-04-19T00:06:18.110+0000] {dag.py:3823} INFO - Setting next_dagrun for example_complex to None, run_after=None
[2026-04-19T00:06:18.137+0000] {processor.py:183} INFO - Processing /home/airflow/.local/lib/python3.8/site-packages/airflow/example_dags/example_complex.py took 0.116 seconds
[2026-04-19T00:06:48.244+0000] {processor.py:161} INFO - Started process (PID=10789) to work on /home/airflow/.local/lib/python3.8/site-packages/airflow/example_dags/example_complex.py
[2026-04-19T00:06:48.245+0000] {processor.py:830} INFO - Processing file /home/airflow/.local/lib/python3.8/site-packages/airflow/example_dags/example_complex.py for tasks to queue
[2026-04-19T00:06:48.248+0000] {logging_mixin.py:188} INFO - [2026-04-19T00:06:48.247+0000] {dagbag.py:538} INFO - Filling up the DagBag from /home/airflow/.local/lib/python3.8/site-packages/airflow/example_dags/example_complex.py
[2026-04-19T00:06:48.264+0000] {processor.py:840} INFO - DAG(s) 'example_complex' retrieved from /home/airflow/.local/lib/python3.8/site-packages/airflow/example_dags/example_complex.py
[2026-04-19T00:06:48.307+0000] {logging_mixin.py:188} INFO - [2026-04-19T00:06:48.306+0000] {dag.py:3036} INFO - Sync 1 DAGs
[2026-04-19T00:06:48.323+0000] {logging_mixin.py:188} INFO - [2026-04-19T00:06:48.323+0000] {dag.py:3823} INFO - Setting next_dagrun for example_complex to None, run_after=None
[2026-04-19T00:06:48.348+0000] {processor.py:183} INFO - Processing /home/airflow/.local/lib/python3.8/site-packages/airflow/example_dags/example_complex.py took 0.109 seconds
[2026-04-19T00:07:18.684+0000] {processor.py:161} INFO - Started process (PID=10844) to work on /home/airflow/.local/lib/python3.8/site-packages/airflow/example_dags/example_complex.py
[2026-04-19T00:07:18.686+0000] {processor.py:830} INFO - Processing file /home/airflow/.local/lib/python3.8/site-packages/airflow/example_dags/example_complex.py for tasks to queue
[2026-04-19T00:07:18.688+0000] {logging_mixin.py:188} INFO - [2026-04-19T00:07:18.688+0000] {dagbag.py:538} INFO - Filling up the DagBag from /home/airflow/.local/lib/python3.8/site-packages/airflow/example_dags/example_complex.py
[2026-04-19T00:07:18.704+0000] {processor.py:840} INFO - DAG(s) 'example_complex' retrieved from /home/airflow/.local/lib/python3.8/site-packages/airflow/example_dags/example_complex.py
[2026-04-19T00:07:18.748+0000] {logging_mixin.py:188} INFO - [2026-04-19T00:07:18.748+0000] {dag.py:3036} INFO - Sync 1 DAGs
[2026-04-19T00:07:18.766+0000] {logging_mixin.py:188} INFO - [2026-04-19T00:07:18.766+0000] {dag.py:3823} INFO - Setting next_dagrun for example_complex to None, run_after=None
[2026-04-19T00:07:18.791+0000] {processor.py:183} INFO - Processing /home/airflow/.local/lib/python3.8/site-packages/airflow/example_dags/example_complex.py took 0.112 seconds
[2026-04-19T00:07:48.907+0000] {processor.py:161} INFO - Started process (PID=10899) to work on /home/airflow/.local/lib/python3.8/site-packages/airflow/example_dags/example_complex.py
[2026-04-19T00:07:48.908+0000] {processor.py:830} INFO - Processing file /home/airflow/.local/lib/python3.8/site-packages/airflow/example_dags/example_complex.py for tasks to queue
[2026-04-19T00:07:48.911+0000] {logging_mixin.py:188} INFO - [2026-04-19T00:07:48.911+0000] {dagbag.py:538} INFO - Filling up the DagBag from /home/airflow/.local/lib/python3.8/site-packages/airflow/example_dags/example_complex.py
[2026-04-19T00:07:48.927+0000] {processor.py:840} INFO - DAG(s) 'example_complex' retrieved from /home/airflow/.local/lib/python3.8/site-packages/airflow/example_dags/example_complex.py
[2026-04-19T00:07:48.974+0000] {logging_mixin.py:188} INFO - [2026-04-19T00:07:48.974+0000] {dag.py:3036} INFO - Sync 1 DAGs
[2026-04-19T00:07:48.994+0000] {logging_mixin.py:188} INFO - [2026-04-19T00:07:48.993+0000] {dag.py:3823} INFO - Setting next_dagrun for example_complex to None, run_after=None
[2026-04-19T00:07:49.017+0000] {processor.py:183} INFO - Processing /home/airflow/.local/lib/python3.8/site-packages/airflow/example_dags/example_complex.py took 0.115 seconds
[2026-04-19T00:08:20.054+0000] {processor.py:161} INFO - Started process (PID=10954) to work on /home/airflow/.local/lib/python3.8/site-packages/airflow/example_dags/example_complex.py
[2026-04-19T00:08:20.056+0000] {processor.py:830} INFO - Processing file /home/airflow/.local/lib/python3.8/site-packages/airflow/example_dags/example_complex.py for tasks to queue
[2026-04-19T00:08:20.058+0000] {logging_mixin.py:188} INFO - [2026-04-19T00:08:20.057+0000] {dagbag.py:538} INFO - Filling up the DagBag from /home/airflow/.local/lib/python3.8/site-packages/airflow/example_dags/example_complex.py
[2026-04-19T00:08:20.073+0000] {processor.py:840} INFO - DAG(s) 'example_complex' retrieved from /home/airflow/.local/lib/python3.8/site-packages/airflow/example_dags/example_complex.py
[2026-04-19T00:08:20.117+0000] {logging_mixin.py:188} INFO - [2026-04-19T00:08:20.117+0000] {dag.py:3036} INFO - Sync 1 DAGs
[2026-04-19T00:08:20.135+0000] {logging_mixin.py:188} INFO - [2026-04-19T00:08:20.135+0000] {dag.py:3823} INFO - Setting next_dagrun for example_complex to None, run_after=None
[2026-04-19T00:08:20.158+0000] {processor.py:183} INFO - Processing /home/airflow/.local/lib/python3.8/site-packages/airflow/example_dags/example_complex.py took 0.109 seconds
[2026-04-19T00:08:50.626+0000] {processor.py:161} INFO - Started process (PID=11009) to work on /home/airflow/.local/lib/python3.8/site-packages/airflow/example_dags/example_complex.py
[2026-04-19T00:08:50.627+0000] {processor.py:830} INFO - Processing file /home/airflow/.local/lib/python3.8/site-packages/airflow/example_dags/example_complex.py for tasks to queue
[2026-04-19T00:08:50.630+0000] {logging_mixin.py:188} INFO - [2026-04-19T00:08:50.629+0000] {dagbag.py:538} INFO - Filling up the DagBag from /home/airflow/.local/lib/python3.8/site-packages/airflow/example_dags/example_complex.py
[2026-04-19T00:08:50.646+0000] {processor.py:840} INFO - DAG(s) 'example_complex' retrieved from /home/airflow/.local/lib/python3.8/site-packages/airflow/example_dags/example_complex.py
[2026-04-19T00:08:50.690+0000] {logging_mixin.py:188} INFO - [2026-04-19T00:08:50.690+0000] {dag.py:3036} INFO - Sync 1 DAGs
[2026-04-19T00:08:50.709+0000] {logging_mixin.py:188} INFO - [2026-04-19T00:08:50.708+0000] {dag.py:3823} INFO - Setting next_dagrun for example_complex to None, run_after=None
[2026-04-19T00:08:50.735+0000] {processor.py:183} INFO - Processing /home/airflow/.local/lib/python3.8/site-packages/airflow/example_dags/example_complex.py took 0.113 seconds
[2026-04-19T00:09:20.902+0000] {processor.py:161} INFO - Started process (PID=11064) to work on /home/airflow/.local/lib/python3.8/site-packages/airflow/example_dags/example_complex.py
[2026-04-19T00:09:20.903+0000] {processor.py:830} INFO - Processing file /home/airflow/.local/lib/python3.8/site-packages/airflow/example_dags/example_complex.py for tasks to queue
[2026-04-19T00:09:20.906+0000] {logging_mixin.py:188} INFO - [2026-04-19T00:09:20.906+0000] {dagbag.py:538} INFO - Filling up the DagBag from /home/airflow/.local/lib/python3.8/site-packages/airflow/example_dags/example_complex.py
[2026-04-19T00:09:20.922+0000] {processor.py:840} INFO - DAG(s) 'example_complex' retrieved from /home/airflow/.local/lib/python3.8/site-packages/airflow/example_dags/example_complex.py
[2026-04-19T00:09:20.967+0000] {logging_mixin.py:188} INFO - [2026-04-19T00:09:20.967+0000] {dag.py:3036} INFO - Sync 1 DAGs
[2026-04-19T00:09:20.984+0000] {logging_mixin.py:188} INFO - [2026-04-19T00:09:20.983+0000] {dag.py:3823} INFO - Setting next_dagrun for example_complex to None, run_after=None
[2026-04-19T00:09:21.011+0000] {processor.py:183} INFO - Processing /home/airflow/.local/lib/python3.8/site-packages/airflow/example_dags/example_complex.py took 0.113 seconds
[2026-04-19T00:09:51.373+0000] {processor.py:161} INFO - Started process (PID=11119) to work on /home/airflow/.local/lib/python3.8/site-packages/airflow/example_dags/example_complex.py
[2026-04-19T00:09:51.374+0000] {processor.py:830} INFO - Processing file /home/airflow/.local/lib/python3.8/site-packages/airflow/example_dags/example_complex.py for tasks to queue
[2026-04-19T00:09:51.377+0000] {logging_mixin.py:188} INFO - [2026-04-19T00:09:51.376+0000] {dagbag.py:538} INFO - Filling up the DagBag from /home/airflow/.local/lib/python3.8/site-packages/airflow/example_dags/example_complex.py
[2026-04-19T00:09:51.393+0000] {processor.py:840} INFO - DAG(s) 'example_complex' retrieved from /home/airflow/.local/lib/python3.8/site-packages/airflow/example_dags/example_complex.py
[2026-04-19T00:09:51.437+0000] {logging_mixin.py:188} INFO - [2026-04-19T00:09:51.437+0000] {dag.py:3036} INFO - Sync 1 DAGs
[2026-04-19T00:09:51.455+0000] {logging_mixin.py:188} INFO - [2026-04-19T00:09:51.454+0000] {dag.py:3823} INFO - Setting next_dagrun for example_complex to None, run_after=None
[2026-04-19T00:09:51.480+0000] {processor.py:183} INFO - Processing /home/airflow/.local/lib/python3.8/site-packages/airflow/example_dags/example_complex.py took 0.112 seconds
[2026-04-19T00:10:21.897+0000] {processor.py:161} INFO - Started process (PID=11174) to work on /home/airflow/.local/lib/python3.8/site-packages/airflow/example_dags/example_complex.py
[2026-04-19T00:10:21.899+0000] {processor.py:830} INFO - Processing file /home/airflow/.local/lib/python3.8/site-packages/airflow/example_dags/example_complex.py for tasks to queue
[2026-04-19T00:10:21.901+0000] {logging_mixin.py:188} INFO - [2026-04-19T00:10:21.901+0000] {dagbag.py:538} INFO - Filling up the DagBag from /home/airflow/.local/lib/python3.8/site-packages/airflow/example_dags/example_complex.py
[2026-04-19T00:10:21.920+0000] {processor.py:840} INFO - DAG(s) 'example_complex' retrieved from /home/airflow/.local/lib/python3.8/site-packages/airflow/example_dags/example_complex.py
[2026-04-19T00:10:21.968+0000] {logging_mixin.py:188} INFO - [2026-04-19T00:10:21.967+0000] {dag.py:3036} INFO - Sync 1 DAGs
[2026-04-19T00:10:21.987+0000] {logging_mixin.py:188} INFO - [2026-04-19T00:10:21.987+0000] {dag.py:3823} INFO - Setting next_dagrun for example_complex to None, run_after=None
[2026-04-19T00:10:22.018+0000] {processor.py:183} INFO - Processing /home/airflow/.local/lib/python3.8/site-packages/airflow/example_dags/example_complex.py took 0.127 seconds
[2026-04-19T00:10:52.326+0000] {processor.py:161} INFO - Started process (PID=11229) to work on /home/airflow/.local/lib/python3.8/site-packages/airflow/example_dags/example_complex.py
[2026-04-19T00:10:52.327+0000] {processor.py:830} INFO - Processing file /home/airflow/.local/lib/python3.8/site-packages/airflow/example_dags/example_complex.py for tasks to queue
[2026-04-19T00:10:52.329+0000] {logging_mixin.py:188} INFO - [2026-04-19T00:10:52.329+0000] {dagbag.py:538} INFO - Filling up the DagBag from /home/airflow/.local/lib/python3.8/site-packages/airflow/example_dags/example_complex.py
[2026-04-19T00:10:52.344+0000] {processor.py:840} INFO - DAG(s) 'example_complex' retrieved from /home/airflow/.local/lib/python3.8/site-packages/airflow/example_dags/example_complex.py
[2026-04-19T00:10:52.385+0000] {logging_mixin.py:188} INFO - [2026-04-19T00:10:52.385+0000] {dag.py:3036} INFO - Sync 1 DAGs
[2026-04-19T00:10:52.401+0000] {logging_mixin.py:188} INFO - [2026-04-19T00:10:52.400+0000] {dag.py:3823} INFO - Setting next_dagrun for example_complex to None, run_after=None
[2026-04-19T00:10:52.423+0000] {processor.py:183} INFO - Processing /home/airflow/.local/lib/python3.8/site-packages/airflow/example_dags/example_complex.py took 0.102 seconds
[2026-04-19T00:11:22.937+0000] {processor.py:161} INFO - Started process (PID=11284) to work on /home/airflow/.local/lib/python3.8/site-packages/airflow/example_dags/example_complex.py
[2026-04-19T00:11:22.939+0000] {processor.py:830} INFO - Processing file /home/airflow/.local/lib/python3.8/site-packages/airflow/example_dags/example_complex.py for tasks to queue
[2026-04-19T00:11:22.941+0000] {logging_mixin.py:188} INFO - [2026-04-19T00:11:22.941+0000] {dagbag.py:538} INFO - Filling up the DagBag from /home/airflow/.local/lib/python3.8/site-packages/airflow/example_dags/example_complex.py
[2026-04-19T00:11:22.957+0000] {processor.py:840} INFO - DAG(s) 'example_complex' retrieved from /home/airflow/.local/lib/python3.8/site-packages/airflow/example_dags/example_complex.py
[2026-04-19T00:11:23.003+0000] {logging_mixin.py:188} INFO - [2026-04-19T00:11:23.002+0000] {dag.py:3036} INFO - Sync 1 DAGs
[2026-04-19T00:11:23.019+0000] {logging_mixin.py:188} INFO - [2026-04-19T00:11:23.019+0000] {dag.py:3823} INFO - Setting next_dagrun for example_complex to None, run_after=None
[2026-04-19T00:11:23.043+0000] {processor.py:183} INFO - Processing /home/airflow/.local/lib/python3.8/site-packages/airflow/example_dags/example_complex.py took 0.111 seconds
[2026-04-19T00:11:53.432+0000] {processor.py:161} INFO - Started process (PID=11339) to work on /home/airflow/.local/lib/python3.8/site-packages/airflow/example_dags/example_complex.py
[2026-04-19T00:11:53.434+0000] {processor.py:830} INFO - Processing file /home/airflow/.local/lib/python3.8/site-packages/airflow/example_dags/example_complex.py for tasks to queue
[2026-04-19T00:11:53.437+0000] {logging_mixin.py:188} INFO - [2026-04-19T00:11:53.436+0000] {dagbag.py:538} INFO - Filling up the DagBag from /home/airflow/.local/lib/python3.8/site-packages/airflow/example_dags/example_complex.py
[2026-04-19T00:11:53.455+0000] {processor.py:840} INFO - DAG(s) 'example_complex' retrieved from /home/airflow/.local/lib/python3.8/site-packages/airflow/example_dags/example_complex.py
[2026-04-19T00:11:53.502+0000] {logging_mixin.py:188} INFO - [2026-04-19T00:11:53.501+0000] {dag.py:3036} INFO - Sync 1 DAGs
[2026-04-19T00:11:53.520+0000] {logging_mixin.py:188} INFO - [2026-04-19T00:11:53.520+0000] {dag.py:3823} INFO - Setting next_dagrun for example_complex to None, run_after=None
[2026-04-19T00:11:53.547+0000] {processor.py:183} INFO - Processing /home/airflow/.local/lib/python3.8/site-packages/airflow/example_dags/example_complex.py took 0.120 seconds
[2026-04-19T00:12:23.753+0000] {processor.py:161} INFO - Started process (PID=11394) to work on /home/airflow/.local/lib/python3.8/site-packages/airflow/example_dags/example_complex.py
[2026-04-19T00:12:23.754+0000] {processor.py:830} INFO - Processing file /home/airflow/.local/lib/python3.8/site-packages/airflow/example_dags/example_complex.py for tasks to queue
[2026-04-19T00:12:23.757+0000] {logging_mixin.py:188} INFO - [2026-04-19T00:12:23.756+0000] {dagbag.py:538} INFO - Filling up the DagBag from /home/airflow/.local/lib/python3.8/site-packages/airflow/example_dags/example_complex.py
[2026-04-19T00:12:23.774+0000] {processor.py:840} INFO - DAG(s) 'example_complex' retrieved from /home/airflow/.local/lib/python3.8/site-packages/airflow/example_dags/example_complex.py
[2026-04-19T00:12:23.819+0000] {logging_mixin.py:188} INFO - [2026-04-19T00:12:23.818+0000] {dag.py:3036} INFO - Sync 1 DAGs
[2026-04-19T00:12:23.835+0000] {logging_mixin.py:188} INFO - [2026-04-19T00:12:23.835+0000] {dag.py:3823} INFO - Setting next_dagrun for example_complex to None, run_after=None
[2026-04-19T00:12:23.858+0000] {processor.py:183} INFO - Processing /home/airflow/.local/lib/python3.8/site-packages/airflow/example_dags/example_complex.py took 0.110 seconds
[2026-04-19T00:12:54.050+0000] {processor.py:161} INFO - Started process (PID=11449) to work on /home/airflow/.local/lib/python3.8/site-packages/airflow/example_dags/example_complex.py
[2026-04-19T00:12:54.052+0000] {processor.py:830} INFO - Processing file /home/airflow/.local/lib/python3.8/site-packages/airflow/example_dags/example_complex.py for tasks to queue
[2026-04-19T00:12:54.054+0000] {logging_mixin.py:188} INFO - [2026-04-19T00:12:54.054+0000] {dagbag.py:538} INFO - Filling up the DagBag from /home/airflow/.local/lib/python3.8/site-packages/airflow/example_dags/example_complex.py
[2026-04-19T00:12:54.071+0000] {processor.py:840} INFO - DAG(s) 'example_complex' retrieved from /home/airflow/.local/lib/python3.8/site-packages/airflow/example_dags/example_complex.py
[2026-04-19T00:12:54.119+0000] {logging_mixin.py:188} INFO - [2026-04-19T00:12:54.119+0000] {dag.py:3036} INFO - Sync 1 DAGs
[2026-04-19T00:12:54.136+0000] {logging_mixin.py:188} INFO - [2026-04-19T00:12:54.136+0000] {dag.py:3823} INFO - Setting next_dagrun for example_complex to None, run_after=None
[2026-04-19T00:12:54.162+0000] {processor.py:183} INFO - Processing /home/airflow/.local/lib/python3.8/site-packages/airflow/example_dags/example_complex.py took 0.117 seconds
[2026-04-19T00:13:24.673+0000] {processor.py:161} INFO - Started process (PID=11504) to work on /home/airflow/.local/lib/python3.8/site-packages/airflow/example_dags/example_complex.py
[2026-04-19T00:13:24.675+0000] {processor.py:830} INFO - Processing file /home/airflow/.local/lib/python3.8/site-packages/airflow/example_dags/example_complex.py for tasks to queue
[2026-04-19T00:13:24.677+0000] {logging_mixin.py:188} INFO - [2026-04-19T00:13:24.677+0000] {dagbag.py:538} INFO - Filling up the DagBag from /home/airflow/.local/lib/python3.8/site-packages/airflow/example_dags/example_complex.py
[2026-04-19T00:13:24.693+0000] {processor.py:840} INFO - DAG(s) 'example_complex' retrieved from /home/airflow/.local/lib/python3.8/site-packages/airflow/example_dags/example_complex.py
[2026-04-19T00:13:24.737+0000] {logging_mixin.py:188} INFO - [2026-04-19T00:13:24.737+0000] {dag.py:3036} INFO - Sync 1 DAGs
[2026-04-19T00:13:24.754+0000] {logging_mixin.py:188} INFO - [2026-04-19T00:13:24.753+0000] {dag.py:3823} INFO - Setting next_dagrun for example_complex to None, run_after=None
[2026-04-19T00:13:24.777+0000] {processor.py:183} INFO - Processing /home/airflow/.local/lib/python3.8/site-packages/airflow/example_dags/example_complex.py took 0.109 seconds
[2026-04-19T00:13:55.201+0000] {processor.py:161} INFO - Started process (PID=11559) to work on /home/airflow/.local/lib/python3.8/site-packages/airflow/example_dags/example_complex.py
[2026-04-19T00:13:55.203+0000] {processor.py:830} INFO - Processing file /home/airflow/.local/lib/python3.8/site-packages/airflow/example_dags/example_complex.py for tasks to queue
[2026-04-19T00:13:55.206+0000] {logging_mixin.py:188} INFO - [2026-04-19T00:13:55.205+0000] {dagbag.py:538} INFO - Filling up the DagBag from /home/airflow/.local/lib/python3.8/site-packages/airflow/example_dags/example_complex.py
[2026-04-19T00:13:55.224+0000] {processor.py:840} INFO - DAG(s) 'example_complex' retrieved from /home/airflow/.local/lib/python3.8/site-packages/airflow/example_dags/example_complex.py
[2026-04-19T00:13:55.269+0000] {logging_mixin.py:188} INFO - [2026-04-19T00:13:55.268+0000] {dag.py:3036} INFO - Sync 1 DAGs
[2026-04-19T00:13:55.285+0000] {logging_mixin.py:188} INFO - [2026-04-19T00:13:55.285+0000] {dag.py:3823} INFO - Setting next_dagrun for example_complex to None, run_after=None
[2026-04-19T00:13:55.307+0000] {processor.py:183} INFO - Processing /home/airflow/.local/lib/python3.8/site-packages/airflow/example_dags/example_complex.py took 0.111 seconds
[2026-04-19T00:14:25.641+0000] {processor.py:161} INFO - Started process (PID=11614) to work on /home/airflow/.local/lib/python3.8/site-packages/airflow/example_dags/example_complex.py
[2026-04-19T00:14:25.643+0000] {processor.py:830} INFO - Processing file /home/airflow/.local/lib/python3.8/site-packages/airflow/example_dags/example_complex.py for tasks to queue
[2026-04-19T00:14:25.647+0000] {logging_mixin.py:188} INFO - [2026-04-19T00:14:25.646+0000] {dagbag.py:538} INFO - Filling up the DagBag from /home/airflow/.local/lib/python3.8/site-packages/airflow/example_dags/example_complex.py
[2026-04-19T00:14:25.667+0000] {processor.py:840} INFO - DAG(s) 'example_complex' retrieved from /home/airflow/.local/lib/python3.8/site-packages/airflow/example_dags/example_complex.py
[2026-04-19T00:14:25.719+0000] {logging_mixin.py:188} INFO - [2026-04-19T00:14:25.719+0000] {dag.py:3036} INFO - Sync 1 DAGs
[2026-04-19T00:14:25.742+0000] {logging_mixin.py:188} INFO - [2026-04-19T00:14:25.742+0000] {dag.py:3823} INFO - Setting next_dagrun for example_complex to None, run_after=None
[2026-04-19T00:14:25.777+0000] {processor.py:183} INFO - Processing /home/airflow/.local/lib/python3.8/site-packages/airflow/example_dags/example_complex.py took 0.142 seconds
[2026-04-19T00:14:56.064+0000] {processor.py:161} INFO - Started process (PID=11669) to work on /home/airflow/.local/lib/python3.8/site-packages/airflow/example_dags/example_complex.py
[2026-04-19T00:14:56.065+0000] {processor.py:830} INFO - Processing file /home/airflow/.local/lib/python3.8/site-packages/airflow/example_dags/example_complex.py for tasks to queue
[2026-04-19T00:14:56.069+0000] {logging_mixin.py:188} INFO - [2026-04-19T00:14:56.069+0000] {dagbag.py:538} INFO - Filling up the DagBag from /home/airflow/.local/lib/python3.8/site-packages/airflow/example_dags/example_complex.py
[2026-04-19T00:14:56.087+0000] {processor.py:840} INFO - DAG(s) 'example_complex' retrieved from /home/airflow/.local/lib/python3.8/site-packages/airflow/example_dags/example_complex.py
[2026-04-19T00:14:56.132+0000] {logging_mixin.py:188} INFO - [2026-04-19T00:14:56.131+0000] {dag.py:3036} INFO - Sync 1 DAGs
[2026-04-19T00:14:56.150+0000] {logging_mixin.py:188} INFO - [2026-04-19T00:14:56.150+0000] {dag.py:3823} INFO - Setting next_dagrun for example_complex to None, run_after=None
[2026-04-19T00:14:56.175+0000] {processor.py:183} INFO - Processing /home/airflow/.local/lib/python3.8/site-packages/airflow/example_dags/example_complex.py took 0.117 seconds
[2026-04-19T00:15:26.591+0000] {processor.py:161} INFO - Started process (PID=11725) to work on /home/airflow/.local/lib/python3.8/site-packages/airflow/example_dags/example_complex.py
[2026-04-19T00:15:26.592+0000] {processor.py:830} INFO - Processing file /home/airflow/.local/lib/python3.8/site-packages/airflow/example_dags/example_complex.py for tasks to queue
[2026-04-19T00:15:26.595+0000] {logging_mixin.py:188} INFO - [2026-04-19T00:15:26.594+0000] {dagbag.py:538} INFO - Filling up the DagBag from /home/airflow/.local/lib/python3.8/site-packages/airflow/example_dags/example_complex.py
[2026-04-19T00:15:26.611+0000] {processor.py:840} INFO - DAG(s) 'example_complex' retrieved from /home/airflow/.local/lib/python3.8/site-packages/airflow/example_dags/example_complex.py
[2026-04-19T00:15:26.656+0000] {logging_mixin.py:188} INFO - [2026-04-19T00:15:26.656+0000] {dag.py:3036} INFO - Sync 1 DAGs
[2026-04-19T00:15:26.673+0000] {logging_mixin.py:188} INFO - [2026-04-19T00:15:26.673+0000] {dag.py:3823} INFO - Setting next_dagrun for example_complex to None, run_after=None
[2026-04-19T00:15:26.697+0000] {processor.py:183} INFO - Processing /home/airflow/.local/lib/python3.8/site-packages/airflow/example_dags/example_complex.py took 0.111 seconds
[2026-04-19T00:15:57.155+0000] {processor.py:161} INFO - Started process (PID=11780) to work on /home/airflow/.local/lib/python3.8/site-packages/airflow/example_dags/example_complex.py
[2026-04-19T00:15:57.156+0000] {processor.py:830} INFO - Processing file /home/airflow/.local/lib/python3.8/site-packages/airflow/example_dags/example_complex.py for tasks to queue
[2026-04-19T00:15:57.159+0000] {logging_mixin.py:188} INFO - [2026-04-19T00:15:57.158+0000] {dagbag.py:538} INFO - Filling up the DagBag from /home/airflow/.local/lib/python3.8/site-packages/airflow/example_dags/example_complex.py
[2026-04-19T00:15:57.175+0000] {processor.py:840} INFO - DAG(s) 'example_complex' retrieved from /home/airflow/.local/lib/python3.8/site-packages/airflow/example_dags/example_complex.py
[2026-04-19T00:15:57.221+0000] {logging_mixin.py:188} INFO - [2026-04-19T00:15:57.221+0000] {dag.py:3036} INFO - Sync 1 DAGs
[2026-04-19T00:15:57.238+0000] {logging_mixin.py:188} INFO - [2026-04-19T00:15:57.237+0000] {dag.py:3823} INFO - Setting next_dagrun for example_complex to None, run_after=None
[2026-04-19T00:15:57.262+0000] {processor.py:183} INFO - Processing /home/airflow/.local/lib/python3.8/site-packages/airflow/example_dags/example_complex.py took 0.112 seconds
[2026-04-19T00:16:27.784+0000] {processor.py:161} INFO - Started process (PID=11835) to work on /home/airflow/.local/lib/python3.8/site-packages/airflow/example_dags/example_complex.py
[2026-04-19T00:16:27.785+0000] {processor.py:830} INFO - Processing file /home/airflow/.local/lib/python3.8/site-packages/airflow/example_dags/example_complex.py for tasks to queue
[2026-04-19T00:16:27.788+0000] {logging_mixin.py:188} INFO - [2026-04-19T00:16:27.788+0000] {dagbag.py:538} INFO - Filling up the DagBag from /home/airflow/.local/lib/python3.8/site-packages/airflow/example_dags/example_complex.py
[2026-04-19T00:16:27.803+0000] {processor.py:840} INFO - DAG(s) 'example_complex' retrieved from /home/airflow/.local/lib/python3.8/site-packages/airflow/example_dags/example_complex.py
[2026-04-19T00:16:27.844+0000] {logging_mixin.py:188} INFO - [2026-04-19T00:16:27.844+0000] {dag.py:3036} INFO - Sync 1 DAGs
[2026-04-19T00:16:27.859+0000] {logging_mixin.py:188} INFO - [2026-04-19T00:16:27.859+0000] {dag.py:3823} INFO - Setting next_dagrun for example_complex to None, run_after=None
[2026-04-19T00:16:27.884+0000] {processor.py:183} INFO - Processing /home/airflow/.local/lib/python3.8/site-packages/airflow/example_dags/example_complex.py took 0.104 seconds
[2026-04-19T00:16:58.142+0000] {processor.py:161} INFO - Started process (PID=11890) to work on /home/airflow/.local/lib/python3.8/site-packages/airflow/example_dags/example_complex.py
[2026-04-19T00:16:58.144+0000] {processor.py:830} INFO - Processing file /home/airflow/.local/lib/python3.8/site-packages/airflow/example_dags/example_complex.py for tasks to queue
[2026-04-19T00:16:58.146+0000] {logging_mixin.py:188} INFO - [2026-04-19T00:16:58.146+0000] {dagbag.py:538} INFO - Filling up the DagBag from /home/airflow/.local/lib/python3.8/site-packages/airflow/example_dags/example_complex.py
[2026-04-19T00:16:58.163+0000] {processor.py:840} INFO - DAG(s) 'example_complex' retrieved from /home/airflow/.local/lib/python3.8/site-packages/airflow/example_dags/example_complex.py
[2026-04-19T00:16:58.209+0000] {logging_mixin.py:188} INFO - [2026-04-19T00:16:58.208+0000] {dag.py:3036} INFO - Sync 1 DAGs
[2026-04-19T00:16:58.228+0000] {logging_mixin.py:188} INFO - [2026-04-19T00:16:58.228+0000] {dag.py:3823} INFO - Setting next_dagrun for example_complex to None, run_after=None
[2026-04-19T00:16:58.253+0000] {processor.py:183} INFO - Processing /home/airflow/.local/lib/python3.8/site-packages/airflow/example_dags/example_complex.py took 0.116 seconds
[2026-04-19T00:17:28.481+0000] {processor.py:161} INFO - Started process (PID=11945) to work on /home/airflow/.local/lib/python3.8/site-packages/airflow/example_dags/example_complex.py
[2026-04-19T00:17:28.482+0000] {processor.py:830} INFO - Processing file /home/airflow/.local/lib/python3.8/site-packages/airflow/example_dags/example_complex.py for tasks to queue
[2026-04-19T00:17:28.485+0000] {logging_mixin.py:188} INFO - [2026-04-19T00:17:28.484+0000] {dagbag.py:538} INFO - Filling up the DagBag from /home/airflow/.local/lib/python3.8/site-packages/airflow/example_dags/example_complex.py
[2026-04-19T00:17:28.504+0000] {processor.py:840} INFO - DAG(s) 'example_complex' retrieved from /home/airflow/.local/lib/python3.8/site-packages/airflow/example_dags/example_complex.py
[2026-04-19T00:17:28.556+0000] {logging_mixin.py:188} INFO - [2026-04-19T00:17:28.555+0000] {dag.py:3036} INFO - Sync 1 DAGs
[2026-04-19T00:17:28.580+0000] {logging_mixin.py:188} INFO - [2026-04-19T00:17:28.579+0000] {dag.py:3823} INFO - Setting next_dagrun for example_complex to None, run_after=None
[2026-04-19T00:17:28.616+0000] {processor.py:183} INFO - Processing /home/airflow/.local/lib/python3.8/site-packages/airflow/example_dags/example_complex.py took 0.140 seconds
[2026-04-19T00:17:59.048+0000] {processor.py:161} INFO - Started process (PID=12000) to work on /home/airflow/.local/lib/python3.8/site-packages/airflow/example_dags/example_complex.py
[2026-04-19T00:17:59.049+0000] {processor.py:830} INFO - Processing file /home/airflow/.local/lib/python3.8/site-packages/airflow/example_dags/example_complex.py for tasks to queue
[2026-04-19T00:17:59.051+0000] {logging_mixin.py:188} INFO - [2026-04-19T00:17:59.051+0000] {dagbag.py:538} INFO - Filling up the DagBag from /home/airflow/.local/lib/python3.8/site-packages/airflow/example_dags/example_complex.py
[2026-04-19T00:17:59.070+0000] {processor.py:840} INFO - DAG(s) 'example_complex' retrieved from /home/airflow/.local/lib/python3.8/site-packages/airflow/example_dags/example_complex.py
[2026-04-19T00:17:59.117+0000] {logging_mixin.py:188} INFO - [2026-04-19T00:17:59.117+0000] {dag.py:3036} INFO - Sync 1 DAGs
[2026-04-19T00:17:59.134+0000] {logging_mixin.py:188} INFO - [2026-04-19T00:17:59.134+0000] {dag.py:3823} INFO - Setting next_dagrun for example_complex to None, run_after=None
[2026-04-19T00:17:59.159+0000] {processor.py:183} INFO - Processing /home/airflow/.local/lib/python3.8/site-packages/airflow/example_dags/example_complex.py took 0.117 seconds
[2026-04-19T00:18:29.558+0000] {processor.py:161} INFO - Started process (PID=12055) to work on /home/airflow/.local/lib/python3.8/site-packages/airflow/example_dags/example_complex.py
[2026-04-19T00:18:29.559+0000] {processor.py:830} INFO - Processing file /home/airflow/.local/lib/python3.8/site-packages/airflow/example_dags/example_complex.py for tasks to queue
[2026-04-19T00:18:29.562+0000] {logging_mixin.py:188} INFO - [2026-04-19T00:18:29.561+0000] {dagbag.py:538} INFO - Filling up the DagBag from /home/airflow/.local/lib/python3.8/site-packages/airflow/example_dags/example_complex.py
[2026-04-19T00:18:29.576+0000] {processor.py:840} INFO - DAG(s) 'example_complex' retrieved from /home/airflow/.local/lib/python3.8/site-packages/airflow/example_dags/example_complex.py
[2026-04-19T00:18:29.617+0000] {logging_mixin.py:188} INFO - [2026-04-19T00:18:29.617+0000] {dag.py:3036} INFO - Sync 1 DAGs
[2026-04-19T00:18:29.633+0000] {logging_mixin.py:188} INFO - [2026-04-19T00:18:29.633+0000] {dag.py:3823} INFO - Setting next_dagrun for example_complex to None, run_after=None
[2026-04-19T00:18:29.658+0000] {processor.py:183} INFO - Processing /home/airflow/.local/lib/python3.8/site-packages/airflow/example_dags/example_complex.py took 0.104 seconds
[2026-04-19T00:19:00.087+0000] {processor.py:161} INFO - Started process (PID=12109) to work on /home/airflow/.local/lib/python3.8/site-packages/airflow/example_dags/example_complex.py
[2026-04-19T00:19:00.088+0000] {processor.py:830} INFO - Processing file /home/airflow/.local/lib/python3.8/site-packages/airflow/example_dags/example_complex.py for tasks to queue
[2026-04-19T00:19:00.091+0000] {logging_mixin.py:188} INFO - [2026-04-19T00:19:00.090+0000] {dagbag.py:538} INFO - Filling up the DagBag from /home/airflow/.local/lib/python3.8/site-packages/airflow/example_dags/example_complex.py
[2026-04-19T00:19:00.107+0000] {processor.py:840} INFO - DAG(s) 'example_complex' retrieved from /home/airflow/.local/lib/python3.8/site-packages/airflow/example_dags/example_complex.py
[2026-04-19T00:19:00.152+0000] {logging_mixin.py:188} INFO - [2026-04-19T00:19:00.152+0000] {dag.py:3036} INFO - Sync 1 DAGs
[2026-04-19T00:19:00.169+0000] {logging_mixin.py:188} INFO - [2026-04-19T00:19:00.169+0000] {dag.py:3823} INFO - Setting next_dagrun for example_complex to None, run_after=None
[2026-04-19T00:19:00.194+0000] {processor.py:183} INFO - Processing /home/airflow/.local/lib/python3.8/site-packages/airflow/example_dags/example_complex.py took 0.113 seconds
[2026-04-19T00:19:30.436+0000] {processor.py:161} INFO - Started process (PID=12164) to work on /home/airflow/.local/lib/python3.8/site-packages/airflow/example_dags/example_complex.py
[2026-04-19T00:19:30.437+0000] {processor.py:830} INFO - Processing file /home/airflow/.local/lib/python3.8/site-packages/airflow/example_dags/example_complex.py for tasks to queue
[2026-04-19T00:19:30.440+0000] {logging_mixin.py:188} INFO - [2026-04-19T00:19:30.439+0000] {dagbag.py:538} INFO - Filling up the DagBag from /home/airflow/.local/lib/python3.8/site-packages/airflow/example_dags/example_complex.py
[2026-04-19T00:19:30.457+0000] {processor.py:840} INFO - DAG(s) 'example_complex' retrieved from /home/airflow/.local/lib/python3.8/site-packages/airflow/example_dags/example_complex.py
[2026-04-19T00:19:30.503+0000] {logging_mixin.py:188} INFO - [2026-04-19T00:19:30.502+0000] {dag.py:3036} INFO - Sync 1 DAGs
[2026-04-19T00:19:30.520+0000] {logging_mixin.py:188} INFO - [2026-04-19T00:19:30.520+0000] {dag.py:3823} INFO - Setting next_dagrun for example_complex to None, run_after=None
[2026-04-19T00:19:30.547+0000] {processor.py:183} INFO - Processing /home/airflow/.local/lib/python3.8/site-packages/airflow/example_dags/example_complex.py took 0.117 seconds
[2026-04-19T00:20:00.919+0000] {processor.py:161} INFO - Started process (PID=12219) to work on /home/airflow/.local/lib/python3.8/site-packages/airflow/example_dags/example_complex.py
[2026-04-19T00:20:00.921+0000] {processor.py:830} INFO - Processing file /home/airflow/.local/lib/python3.8/site-packages/airflow/example_dags/example_complex.py for tasks to queue
[2026-04-19T00:20:00.923+0000] {logging_mixin.py:188} INFO - [2026-04-19T00:20:00.922+0000] {dagbag.py:538} INFO - Filling up the DagBag from /home/airflow/.local/lib/python3.8/site-packages/airflow/example_dags/example_complex.py
[2026-04-19T00:20:00.937+0000] {processor.py:840} INFO - DAG(s) 'example_complex' retrieved from /home/airflow/.local/lib/python3.8/site-packages/airflow/example_dags/example_complex.py
[2026-04-19T00:20:00.980+0000] {logging_mixin.py:188} INFO - [2026-04-19T00:20:00.979+0000] {dag.py:3036} INFO - Sync 1 DAGs
[2026-04-19T00:20:00.997+0000] {logging_mixin.py:188} INFO - [2026-04-19T00:20:00.997+0000] {dag.py:3823} INFO - Setting next_dagrun for example_complex to None, run_after=None
[2026-04-19T00:20:01.023+0000] {processor.py:183} INFO - Processing /home/airflow/.local/lib/python3.8/site-packages/airflow/example_dags/example_complex.py took 0.109 seconds
[2026-04-19T00:20:31.299+0000] {processor.py:161} INFO - Started process (PID=12274) to work on /home/airflow/.local/lib/python3.8/site-packages/airflow/example_dags/example_complex.py
[2026-04-19T00:20:31.300+0000] {processor.py:830} INFO - Processing file /home/airflow/.local/lib/python3.8/site-packages/airflow/example_dags/example_complex.py for tasks to queue
[2026-04-19T00:20:31.303+0000] {logging_mixin.py:188} INFO - [2026-04-19T00:20:31.303+0000] {dagbag.py:538} INFO - Filling up the DagBag from /home/airflow/.local/lib/python3.8/site-packages/airflow/example_dags/example_complex.py
[2026-04-19T00:20:31.321+0000] {processor.py:840} INFO - DAG(s) 'example_complex' retrieved from /home/airflow/.local/lib/python3.8/site-packages/airflow/example_dags/example_complex.py
[2026-04-19T00:20:31.369+0000] {logging_mixin.py:188} INFO - [2026-04-19T00:20:31.368+0000] {dag.py:3036} INFO - Sync 1 DAGs
[2026-04-19T00:20:31.387+0000] {logging_mixin.py:188} INFO - [2026-04-19T00:20:31.387+0000] {dag.py:3823} INFO - Setting next_dagrun for example_complex to None, run_after=None
[2026-04-19T00:20:31.419+0000] {processor.py:183} INFO - Processing /home/airflow/.local/lib/python3.8/site-packages/airflow/example_dags/example_complex.py took 0.126 seconds
[2026-04-19T00:21:01.671+0000] {processor.py:161} INFO - Started process (PID=12329) to work on /home/airflow/.local/lib/python3.8/site-packages/airflow/example_dags/example_complex.py
[2026-04-19T00:21:01.673+0000] {processor.py:830} INFO - Processing file /home/airflow/.local/lib/python3.8/site-packages/airflow/example_dags/example_complex.py for tasks to queue
[2026-04-19T00:21:01.675+0000] {logging_mixin.py:188} INFO - [2026-04-19T00:21:01.675+0000] {dagbag.py:538} INFO - Filling up the DagBag from /home/airflow/.local/lib/python3.8/site-packages/airflow/example_dags/example_complex.py
[2026-04-19T00:21:01.691+0000] {processor.py:840} INFO - DAG(s) 'example_complex' retrieved from /home/airflow/.local/lib/python3.8/site-packages/airflow/example_dags/example_complex.py
[2026-04-19T00:21:01.735+0000] {logging_mixin.py:188} INFO - [2026-04-19T00:21:01.735+0000] {dag.py:3036} INFO - Sync 1 DAGs
[2026-04-19T00:21:01.752+0000] {logging_mixin.py:188} INFO - [2026-04-19T00:21:01.752+0000] {dag.py:3823} INFO - Setting next_dagrun for example_complex to None, run_after=None
[2026-04-19T00:21:01.777+0000] {processor.py:183} INFO - Processing /home/airflow/.local/lib/python3.8/site-packages/airflow/example_dags/example_complex.py took 0.111 seconds
[2026-04-19T00:21:32.065+0000] {processor.py:161} INFO - Started process (PID=12384) to work on /home/airflow/.local/lib/python3.8/site-packages/airflow/example_dags/example_complex.py
[2026-04-19T00:21:32.066+0000] {processor.py:830} INFO - Processing file /home/airflow/.local/lib/python3.8/site-packages/airflow/example_dags/example_complex.py for tasks to queue
[2026-04-19T00:21:32.069+0000] {logging_mixin.py:188} INFO - [2026-04-19T00:21:32.068+0000] {dagbag.py:538} INFO - Filling up the DagBag from /home/airflow/.local/lib/python3.8/site-packages/airflow/example_dags/example_complex.py
[2026-04-19T00:21:32.086+0000] {processor.py:840} INFO - DAG(s) 'example_complex' retrieved from /home/airflow/.local/lib/python3.8/site-packages/airflow/example_dags/example_complex.py
[2026-04-19T00:21:32.135+0000] {logging_mixin.py:188} INFO - [2026-04-19T00:21:32.134+0000] {dag.py:3036} INFO - Sync 1 DAGs
[2026-04-19T00:21:32.152+0000] {logging_mixin.py:188} INFO - [2026-04-19T00:21:32.151+0000] {dag.py:3823} INFO - Setting next_dagrun for example_complex to None, run_after=None
[2026-04-19T00:21:32.177+0000] {processor.py:183} INFO - Processing /home/airflow/.local/lib/python3.8/site-packages/airflow/example_dags/example_complex.py took 0.118 seconds
[2026-04-19T00:22:02.670+0000] {processor.py:161} INFO - Started process (PID=12439) to work on /home/airflow/.local/lib/python3.8/site-packages/airflow/example_dags/example_complex.py
[2026-04-19T00:22:02.671+0000] {processor.py:830} INFO - Processing file /home/airflow/.local/lib/python3.8/site-packages/airflow/example_dags/example_complex.py for tasks to queue
[2026-04-19T00:22:02.673+0000] {logging_mixin.py:188} INFO - [2026-04-19T00:22:02.673+0000] {dagbag.py:538} INFO - Filling up the DagBag from /home/airflow/.local/lib/python3.8/site-packages/airflow/example_dags/example_complex.py
[2026-04-19T00:22:02.689+0000] {processor.py:840} INFO - DAG(s) 'example_complex' retrieved from /home/airflow/.local/lib/python3.8/site-packages/airflow/example_dags/example_complex.py
[2026-04-19T00:22:02.734+0000] {logging_mixin.py:188} INFO - [2026-04-19T00:22:02.733+0000] {dag.py:3036} INFO - Sync 1 DAGs
[2026-04-19T00:22:02.751+0000] {logging_mixin.py:188} INFO - [2026-04-19T00:22:02.751+0000] {dag.py:3823} INFO - Setting next_dagrun for example_complex to None, run_after=None
[2026-04-19T00:22:02.777+0000] {processor.py:183} INFO - Processing /home/airflow/.local/lib/python3.8/site-packages/airflow/example_dags/example_complex.py took 0.111 seconds
[2026-04-19T00:22:32.898+0000] {processor.py:161} INFO - Started process (PID=12494) to work on /home/airflow/.local/lib/python3.8/site-packages/airflow/example_dags/example_complex.py
[2026-04-19T00:22:32.899+0000] {processor.py:830} INFO - Processing file /home/airflow/.local/lib/python3.8/site-packages/airflow/example_dags/example_complex.py for tasks to queue
[2026-04-19T00:22:32.902+0000] {logging_mixin.py:188} INFO - [2026-04-19T00:22:32.901+0000] {dagbag.py:538} INFO - Filling up the DagBag from /home/airflow/.local/lib/python3.8/site-packages/airflow/example_dags/example_complex.py
[2026-04-19T00:22:32.916+0000] {processor.py:840} INFO - DAG(s) 'example_complex' retrieved from /home/airflow/.local/lib/python3.8/site-packages/airflow/example_dags/example_complex.py
[2026-04-19T00:22:32.961+0000] {logging_mixin.py:188} INFO - [2026-04-19T00:22:32.960+0000] {dag.py:3036} INFO - Sync 1 DAGs
[2026-04-19T00:22:32.977+0000] {logging_mixin.py:188} INFO - [2026-04-19T00:22:32.977+0000] {dag.py:3823} INFO - Setting next_dagrun for example_complex to None, run_after=None
[2026-04-19T00:22:33.001+0000] {processor.py:183} INFO - Processing /home/airflow/.local/lib/python3.8/site-packages/airflow/example_dags/example_complex.py took 0.108 seconds
[2026-04-19T00:23:03.165+0000] {processor.py:161} INFO - Started process (PID=12549) to work on /home/airflow/.local/lib/python3.8/site-packages/airflow/example_dags/example_complex.py
[2026-04-19T00:23:03.167+0000] {processor.py:830} INFO - Processing file /home/airflow/.local/lib/python3.8/site-packages/airflow/example_dags/example_complex.py for tasks to queue
[2026-04-19T00:23:03.169+0000] {logging_mixin.py:188} INFO - [2026-04-19T00:23:03.169+0000] {dagbag.py:538} INFO - Filling up the DagBag from /home/airflow/.local/lib/python3.8/site-packages/airflow/example_dags/example_complex.py
[2026-04-19T00:23:03.185+0000] {processor.py:840} INFO - DAG(s) 'example_complex' retrieved from /home/airflow/.local/lib/python3.8/site-packages/airflow/example_dags/example_complex.py
[2026-04-19T00:23:03.231+0000] {logging_mixin.py:188} INFO - [2026-04-19T00:23:03.231+0000] {dag.py:3036} INFO - Sync 1 DAGs
[2026-04-19T00:23:03.248+0000] {logging_mixin.py:188} INFO - [2026-04-19T00:23:03.248+0000] {dag.py:3823} INFO - Setting next_dagrun for example_complex to None, run_after=None
[2026-04-19T00:23:03.275+0000] {processor.py:183} INFO - Processing /home/airflow/.local/lib/python3.8/site-packages/airflow/example_dags/example_complex.py took 0.114 seconds
[2026-04-19T00:23:33.403+0000] {processor.py:161} INFO - Started process (PID=12604) to work on /home/airflow/.local/lib/python3.8/site-packages/airflow/example_dags/example_complex.py
[2026-04-19T00:23:33.405+0000] {processor.py:830} INFO - Processing file /home/airflow/.local/lib/python3.8/site-packages/airflow/example_dags/example_complex.py for tasks to queue
[2026-04-19T00:23:33.409+0000] {logging_mixin.py:188} INFO - [2026-04-19T00:23:33.408+0000] {dagbag.py:538} INFO - Filling up the DagBag from /home/airflow/.local/lib/python3.8/site-packages/airflow/example_dags/example_complex.py
[2026-04-19T00:23:33.429+0000] {processor.py:840} INFO - DAG(s) 'example_complex' retrieved from /home/airflow/.local/lib/python3.8/site-packages/airflow/example_dags/example_complex.py
[2026-04-19T00:23:33.481+0000] {logging_mixin.py:188} INFO - [2026-04-19T00:23:33.481+0000] {dag.py:3036} INFO - Sync 1 DAGs
[2026-04-19T00:23:33.500+0000] {logging_mixin.py:188} INFO - [2026-04-19T00:23:33.499+0000] {dag.py:3823} INFO - Setting next_dagrun for example_complex to None, run_after=None
[2026-04-19T00:23:33.533+0000] {processor.py:183} INFO - Processing /home/airflow/.local/lib/python3.8/site-packages/airflow/example_dags/example_complex.py took 0.136 seconds
[2026-04-19T00:24:03.593+0000] {processor.py:161} INFO - Started process (PID=12659) to work on /home/airflow/.local/lib/python3.8/site-packages/airflow/example_dags/example_complex.py
[2026-04-19T00:24:03.594+0000] {processor.py:830} INFO - Processing file /home/airflow/.local/lib/python3.8/site-packages/airflow/example_dags/example_complex.py for tasks to queue
[2026-04-19T00:24:03.596+0000] {logging_mixin.py:188} INFO - [2026-04-19T00:24:03.595+0000] {dagbag.py:538} INFO - Filling up the DagBag from /home/airflow/.local/lib/python3.8/site-packages/airflow/example_dags/example_complex.py
[2026-04-19T00:24:03.612+0000] {processor.py:840} INFO - DAG(s) 'example_complex' retrieved from /home/airflow/.local/lib/python3.8/site-packages/airflow/example_dags/example_complex.py
[2026-04-19T00:24:03.655+0000] {logging_mixin.py:188} INFO - [2026-04-19T00:24:03.655+0000] {dag.py:3036} INFO - Sync 1 DAGs
[2026-04-19T00:24:03.672+0000] {logging_mixin.py:188} INFO - [2026-04-19T00:24:03.672+0000] {dag.py:3823} INFO - Setting next_dagrun for example_complex to None, run_after=None
[2026-04-19T00:24:03.697+0000] {processor.py:183} INFO - Processing /home/airflow/.local/lib/python3.8/site-packages/airflow/example_dags/example_complex.py took 0.109 seconds
