[2026-04-19T00:00:23.335+0000] {processor.py:161} INFO - Started process (PID=10097) to work on /home/airflow/.local/lib/python3.8/site-packages/airflow/example_dags/example_branch_operator_decorator.py
[2026-04-19T00:00:23.337+0000] {processor.py:830} INFO - Processing file /home/airflow/.local/lib/python3.8/site-packages/airflow/example_dags/example_branch_operator_decorator.py for tasks to queue
[2026-04-19T00:00:23.339+0000] {logging_mixin.py:188} INFO - [2026-04-19T00:00:23.339+0000] {dagbag.py:538} INFO - Filling up the DagBag from /home/airflow/.local/lib/python3.8/site-packages/airflow/example_dags/example_branch_operator_decorator.py
[2026-04-19T00:00:23.372+0000] {processor.py:840} INFO - DAG(s) 'example_branch_python_operator_decorator' retrieved from /home/airflow/.local/lib/python3.8/site-packages/airflow/example_dags/example_branch_operator_decorator.py
[2026-04-19T00:00:23.412+0000] {logging_mixin.py:188} INFO - [2026-04-19T00:00:23.411+0000] {dag.py:3036} INFO - Sync 1 DAGs
[2026-04-19T00:00:23.447+0000] {logging_mixin.py:188} INFO - [2026-04-19T00:00:23.446+0000] {dag.py:3823} INFO - Setting next_dagrun for example_branch_python_operator_decorator to 2026-04-18 00:00:00+00:00, run_after=2026-04-19 00:00:00+00:00
[2026-04-19T00:00:23.472+0000] {processor.py:183} INFO - Processing /home/airflow/.local/lib/python3.8/site-packages/airflow/example_dags/example_branch_operator_decorator.py took 0.142 seconds
[2026-04-19T00:00:53.897+0000] {processor.py:161} INFO - Started process (PID=10152) to work on /home/airflow/.local/lib/python3.8/site-packages/airflow/example_dags/example_branch_operator_decorator.py
[2026-04-19T00:00:53.898+0000] {processor.py:830} INFO - Processing file /home/airflow/.local/lib/python3.8/site-packages/airflow/example_dags/example_branch_operator_decorator.py for tasks to queue
[2026-04-19T00:00:53.901+0000] {logging_mixin.py:188} INFO - [2026-04-19T00:00:53.900+0000] {dagbag.py:538} INFO - Filling up the DagBag from /home/airflow/.local/lib/python3.8/site-packages/airflow/example_dags/example_branch_operator_decorator.py
[2026-04-19T00:00:53.931+0000] {processor.py:840} INFO - DAG(s) 'example_branch_python_operator_decorator' retrieved from /home/airflow/.local/lib/python3.8/site-packages/airflow/example_dags/example_branch_operator_decorator.py
[2026-04-19T00:00:53.973+0000] {logging_mixin.py:188} INFO - [2026-04-19T00:00:53.973+0000] {dag.py:3036} INFO - Sync 1 DAGs
[2026-04-19T00:00:54.008+0000] {logging_mixin.py:188} INFO - [2026-04-19T00:00:54.007+0000] {dag.py:3823} INFO - Setting next_dagrun for example_branch_python_operator_decorator to 2026-04-18 00:00:00+00:00, run_after=2026-04-19 00:00:00+00:00
[2026-04-19T00:00:54.034+0000] {processor.py:183} INFO - Processing /home/airflow/.local/lib/python3.8/site-packages/airflow/example_dags/example_branch_operator_decorator.py took 0.142 seconds
[2026-04-19T00:01:24.202+0000] {processor.py:161} INFO - Started process (PID=10207) to work on /home/airflow/.local/lib/python3.8/site-packages/airflow/example_dags/example_branch_operator_decorator.py
[2026-04-19T00:01:24.203+0000] {processor.py:830} INFO - Processing file /home/airflow/.local/lib/python3.8/site-packages/airflow/example_dags/example_branch_operator_decorator.py for tasks to queue
[2026-04-19T00:01:24.206+0000] {logging_mixin.py:188} INFO - [2026-04-19T00:01:24.205+0000] {dagbag.py:538} INFO - Filling up the DagBag from /home/airflow/.local/lib/python3.8/site-packages/airflow/example_dags/example_branch_operator_decorator.py
[2026-04-19T00:01:24.235+0000] {processor.py:840} INFO - DAG(s) 'example_branch_python_operator_decorator' retrieved from /home/airflow/.local/lib/python3.8/site-packages/airflow/example_dags/example_branch_operator_decorator.py
[2026-04-19T00:01:24.273+0000] {logging_mixin.py:188} INFO - [2026-04-19T00:01:24.272+0000] {dag.py:3036} INFO - Sync 1 DAGs
[2026-04-19T00:01:24.303+0000] {logging_mixin.py:188} INFO - [2026-04-19T00:01:24.303+0000] {dag.py:3823} INFO - Setting next_dagrun for example_branch_python_operator_decorator to 2026-04-18 00:00:00+00:00, run_after=2026-04-19 00:00:00+00:00
[2026-04-19T00:01:24.326+0000] {processor.py:183} INFO - Processing /home/airflow/.local/lib/python3.8/site-packages/airflow/example_dags/example_branch_operator_decorator.py took 0.129 seconds
[2026-04-19T00:01:54.515+0000] {processor.py:161} INFO - Started process (PID=10262) to work on /home/airflow/.local/lib/python3.8/site-packages/airflow/example_dags/example_branch_operator_decorator.py
[2026-04-19T00:01:54.524+0000] {processor.py:830} INFO - Processing file /home/airflow/.local/lib/python3.8/site-packages/airflow/example_dags/example_branch_operator_decorator.py for tasks to queue
[2026-04-19T00:01:54.527+0000] {logging_mixin.py:188} INFO - [2026-04-19T00:01:54.527+0000] {dagbag.py:538} INFO - Filling up the DagBag from /home/airflow/.local/lib/python3.8/site-packages/airflow/example_dags/example_branch_operator_decorator.py
[2026-04-19T00:01:54.559+0000] {processor.py:840} INFO - DAG(s) 'example_branch_python_operator_decorator' retrieved from /home/airflow/.local/lib/python3.8/site-packages/airflow/example_dags/example_branch_operator_decorator.py
[2026-04-19T00:01:54.598+0000] {logging_mixin.py:188} INFO - [2026-04-19T00:01:54.598+0000] {dag.py:3036} INFO - Sync 1 DAGs
[2026-04-19T00:01:54.631+0000] {logging_mixin.py:188} INFO - [2026-04-19T00:01:54.630+0000] {dag.py:3823} INFO - Setting next_dagrun for example_branch_python_operator_decorator to 2026-04-18 00:00:00+00:00, run_after=2026-04-19 00:00:00+00:00
[2026-04-19T00:01:54.656+0000] {processor.py:183} INFO - Processing /home/airflow/.local/lib/python3.8/site-packages/airflow/example_dags/example_branch_operator_decorator.py took 0.146 seconds
[2026-04-19T00:02:24.774+0000] {processor.py:161} INFO - Started process (PID=10317) to work on /home/airflow/.local/lib/python3.8/site-packages/airflow/example_dags/example_branch_operator_decorator.py
[2026-04-19T00:02:24.775+0000] {processor.py:830} INFO - Processing file /home/airflow/.local/lib/python3.8/site-packages/airflow/example_dags/example_branch_operator_decorator.py for tasks to queue
[2026-04-19T00:02:24.778+0000] {logging_mixin.py:188} INFO - [2026-04-19T00:02:24.777+0000] {dagbag.py:538} INFO - Filling up the DagBag from /home/airflow/.local/lib/python3.8/site-packages/airflow/example_dags/example_branch_operator_decorator.py
[2026-04-19T00:02:24.807+0000] {processor.py:840} INFO - DAG(s) 'example_branch_python_operator_decorator' retrieved from /home/airflow/.local/lib/python3.8/site-packages/airflow/example_dags/example_branch_operator_decorator.py
[2026-04-19T00:02:24.842+0000] {logging_mixin.py:188} INFO - [2026-04-19T00:02:24.842+0000] {dag.py:3036} INFO - Sync 1 DAGs
[2026-04-19T00:02:24.873+0000] {logging_mixin.py:188} INFO - [2026-04-19T00:02:24.873+0000] {dag.py:3823} INFO - Setting next_dagrun for example_branch_python_operator_decorator to 2026-04-18 00:00:00+00:00, run_after=2026-04-19 00:00:00+00:00
[2026-04-19T00:02:24.896+0000] {processor.py:183} INFO - Processing /home/airflow/.local/lib/python3.8/site-packages/airflow/example_dags/example_branch_operator_decorator.py took 0.127 seconds
[2026-04-19T00:02:55.239+0000] {processor.py:161} INFO - Started process (PID=10372) to work on /home/airflow/.local/lib/python3.8/site-packages/airflow/example_dags/example_branch_operator_decorator.py
[2026-04-19T00:02:55.248+0000] {processor.py:830} INFO - Processing file /home/airflow/.local/lib/python3.8/site-packages/airflow/example_dags/example_branch_operator_decorator.py for tasks to queue
[2026-04-19T00:02:55.251+0000] {logging_mixin.py:188} INFO - [2026-04-19T00:02:55.251+0000] {dagbag.py:538} INFO - Filling up the DagBag from /home/airflow/.local/lib/python3.8/site-packages/airflow/example_dags/example_branch_operator_decorator.py
[2026-04-19T00:02:55.286+0000] {processor.py:840} INFO - DAG(s) 'example_branch_python_operator_decorator' retrieved from /home/airflow/.local/lib/python3.8/site-packages/airflow/example_dags/example_branch_operator_decorator.py
[2026-04-19T00:02:55.332+0000] {logging_mixin.py:188} INFO - [2026-04-19T00:02:55.331+0000] {dag.py:3036} INFO - Sync 1 DAGs
[2026-04-19T00:02:55.368+0000] {logging_mixin.py:188} INFO - [2026-04-19T00:02:55.367+0000] {dag.py:3823} INFO - Setting next_dagrun for example_branch_python_operator_decorator to 2026-04-18 00:00:00+00:00, run_after=2026-04-19 00:00:00+00:00
[2026-04-19T00:02:55.396+0000] {processor.py:183} INFO - Processing /home/airflow/.local/lib/python3.8/site-packages/airflow/example_dags/example_branch_operator_decorator.py took 0.162 seconds
[2026-04-19T00:03:25.434+0000] {processor.py:161} INFO - Started process (PID=10426) to work on /home/airflow/.local/lib/python3.8/site-packages/airflow/example_dags/example_branch_operator_decorator.py
[2026-04-19T00:03:25.435+0000] {processor.py:830} INFO - Processing file /home/airflow/.local/lib/python3.8/site-packages/airflow/example_dags/example_branch_operator_decorator.py for tasks to queue
[2026-04-19T00:03:25.437+0000] {logging_mixin.py:188} INFO - [2026-04-19T00:03:25.437+0000] {dagbag.py:538} INFO - Filling up the DagBag from /home/airflow/.local/lib/python3.8/site-packages/airflow/example_dags/example_branch_operator_decorator.py
[2026-04-19T00:03:25.465+0000] {processor.py:840} INFO - DAG(s) 'example_branch_python_operator_decorator' retrieved from /home/airflow/.local/lib/python3.8/site-packages/airflow/example_dags/example_branch_operator_decorator.py
[2026-04-19T00:03:25.503+0000] {logging_mixin.py:188} INFO - [2026-04-19T00:03:25.502+0000] {dag.py:3036} INFO - Sync 1 DAGs
[2026-04-19T00:03:25.535+0000] {logging_mixin.py:188} INFO - [2026-04-19T00:03:25.535+0000] {dag.py:3823} INFO - Setting next_dagrun for example_branch_python_operator_decorator to 2026-04-18 00:00:00+00:00, run_after=2026-04-19 00:00:00+00:00
[2026-04-19T00:03:25.561+0000] {processor.py:183} INFO - Processing /home/airflow/.local/lib/python3.8/site-packages/airflow/example_dags/example_branch_operator_decorator.py took 0.132 seconds
[2026-04-19T00:03:55.689+0000] {processor.py:161} INFO - Started process (PID=10481) to work on /home/airflow/.local/lib/python3.8/site-packages/airflow/example_dags/example_branch_operator_decorator.py
[2026-04-19T00:03:55.690+0000] {processor.py:830} INFO - Processing file /home/airflow/.local/lib/python3.8/site-packages/airflow/example_dags/example_branch_operator_decorator.py for tasks to queue
[2026-04-19T00:03:55.693+0000] {logging_mixin.py:188} INFO - [2026-04-19T00:03:55.692+0000] {dagbag.py:538} INFO - Filling up the DagBag from /home/airflow/.local/lib/python3.8/site-packages/airflow/example_dags/example_branch_operator_decorator.py
[2026-04-19T00:03:55.722+0000] {processor.py:840} INFO - DAG(s) 'example_branch_python_operator_decorator' retrieved from /home/airflow/.local/lib/python3.8/site-packages/airflow/example_dags/example_branch_operator_decorator.py
[2026-04-19T00:03:55.762+0000] {logging_mixin.py:188} INFO - [2026-04-19T00:03:55.762+0000] {dag.py:3036} INFO - Sync 1 DAGs
[2026-04-19T00:03:55.796+0000] {logging_mixin.py:188} INFO - [2026-04-19T00:03:55.795+0000] {dag.py:3823} INFO - Setting next_dagrun for example_branch_python_operator_decorator to 2026-04-18 00:00:00+00:00, run_after=2026-04-19 00:00:00+00:00
[2026-04-19T00:03:55.829+0000] {processor.py:183} INFO - Processing /home/airflow/.local/lib/python3.8/site-packages/airflow/example_dags/example_branch_operator_decorator.py took 0.145 seconds
[2026-04-19T00:04:25.960+0000] {processor.py:161} INFO - Started process (PID=10535) to work on /home/airflow/.local/lib/python3.8/site-packages/airflow/example_dags/example_branch_operator_decorator.py
[2026-04-19T00:04:25.969+0000] {processor.py:830} INFO - Processing file /home/airflow/.local/lib/python3.8/site-packages/airflow/example_dags/example_branch_operator_decorator.py for tasks to queue
[2026-04-19T00:04:25.973+0000] {logging_mixin.py:188} INFO - [2026-04-19T00:04:25.972+0000] {dagbag.py:538} INFO - Filling up the DagBag from /home/airflow/.local/lib/python3.8/site-packages/airflow/example_dags/example_branch_operator_decorator.py
[2026-04-19T00:04:26.008+0000] {processor.py:840} INFO - DAG(s) 'example_branch_python_operator_decorator' retrieved from /home/airflow/.local/lib/python3.8/site-packages/airflow/example_dags/example_branch_operator_decorator.py
[2026-04-19T00:04:26.051+0000] {logging_mixin.py:188} INFO - [2026-04-19T00:04:26.051+0000] {dag.py:3036} INFO - Sync 1 DAGs
[2026-04-19T00:04:26.086+0000] {logging_mixin.py:188} INFO - [2026-04-19T00:04:26.086+0000] {dag.py:3823} INFO - Setting next_dagrun for example_branch_python_operator_decorator to 2026-04-18 00:00:00+00:00, run_after=2026-04-19 00:00:00+00:00
[2026-04-19T00:04:26.111+0000] {processor.py:183} INFO - Processing /home/airflow/.local/lib/python3.8/site-packages/airflow/example_dags/example_branch_operator_decorator.py took 0.156 seconds
[2026-04-19T00:04:56.175+0000] {processor.py:161} INFO - Started process (PID=10588) to work on /home/airflow/.local/lib/python3.8/site-packages/airflow/example_dags/example_branch_operator_decorator.py
[2026-04-19T00:04:56.184+0000] {processor.py:830} INFO - Processing file /home/airflow/.local/lib/python3.8/site-packages/airflow/example_dags/example_branch_operator_decorator.py for tasks to queue
[2026-04-19T00:04:56.188+0000] {logging_mixin.py:188} INFO - [2026-04-19T00:04:56.187+0000] {dagbag.py:538} INFO - Filling up the DagBag from /home/airflow/.local/lib/python3.8/site-packages/airflow/example_dags/example_branch_operator_decorator.py
[2026-04-19T00:04:56.222+0000] {processor.py:840} INFO - DAG(s) 'example_branch_python_operator_decorator' retrieved from /home/airflow/.local/lib/python3.8/site-packages/airflow/example_dags/example_branch_operator_decorator.py
[2026-04-19T00:04:56.265+0000] {logging_mixin.py:188} INFO - [2026-04-19T00:04:56.264+0000] {dag.py:3036} INFO - Sync 1 DAGs
[2026-04-19T00:04:56.300+0000] {logging_mixin.py:188} INFO - [2026-04-19T00:04:56.299+0000] {dag.py:3823} INFO - Setting next_dagrun for example_branch_python_operator_decorator to 2026-04-18 00:00:00+00:00, run_after=2026-04-19 00:00:00+00:00
[2026-04-19T00:04:56.327+0000] {processor.py:183} INFO - Processing /home/airflow/.local/lib/python3.8/site-packages/airflow/example_dags/example_branch_operator_decorator.py took 0.158 seconds
[2026-04-19T00:05:26.629+0000] {processor.py:161} INFO - Started process (PID=10643) to work on /home/airflow/.local/lib/python3.8/site-packages/airflow/example_dags/example_branch_operator_decorator.py
[2026-04-19T00:05:26.634+0000] {processor.py:830} INFO - Processing file /home/airflow/.local/lib/python3.8/site-packages/airflow/example_dags/example_branch_operator_decorator.py for tasks to queue
[2026-04-19T00:05:26.637+0000] {logging_mixin.py:188} INFO - [2026-04-19T00:05:26.637+0000] {dagbag.py:538} INFO - Filling up the DagBag from /home/airflow/.local/lib/python3.8/site-packages/airflow/example_dags/example_branch_operator_decorator.py
[2026-04-19T00:05:26.667+0000] {processor.py:840} INFO - DAG(s) 'example_branch_python_operator_decorator' retrieved from /home/airflow/.local/lib/python3.8/site-packages/airflow/example_dags/example_branch_operator_decorator.py
[2026-04-19T00:05:26.707+0000] {logging_mixin.py:188} INFO - [2026-04-19T00:05:26.707+0000] {dag.py:3036} INFO - Sync 1 DAGs
[2026-04-19T00:05:26.740+0000] {logging_mixin.py:188} INFO - [2026-04-19T00:05:26.740+0000] {dag.py:3823} INFO - Setting next_dagrun for example_branch_python_operator_decorator to 2026-04-18 00:00:00+00:00, run_after=2026-04-19 00:00:00+00:00
[2026-04-19T00:05:26.764+0000] {processor.py:183} INFO - Processing /home/airflow/.local/lib/python3.8/site-packages/airflow/example_dags/example_branch_operator_decorator.py took 0.140 seconds
[2026-04-19T00:05:56.973+0000] {processor.py:161} INFO - Started process (PID=10698) to work on /home/airflow/.local/lib/python3.8/site-packages/airflow/example_dags/example_branch_operator_decorator.py
[2026-04-19T00:05:56.975+0000] {processor.py:830} INFO - Processing file /home/airflow/.local/lib/python3.8/site-packages/airflow/example_dags/example_branch_operator_decorator.py for tasks to queue
[2026-04-19T00:05:56.977+0000] {logging_mixin.py:188} INFO - [2026-04-19T00:05:56.977+0000] {dagbag.py:538} INFO - Filling up the DagBag from /home/airflow/.local/lib/python3.8/site-packages/airflow/example_dags/example_branch_operator_decorator.py
[2026-04-19T00:05:57.011+0000] {processor.py:840} INFO - DAG(s) 'example_branch_python_operator_decorator' retrieved from /home/airflow/.local/lib/python3.8/site-packages/airflow/example_dags/example_branch_operator_decorator.py
[2026-04-19T00:05:57.049+0000] {logging_mixin.py:188} INFO - [2026-04-19T00:05:57.049+0000] {dag.py:3036} INFO - Sync 1 DAGs
[2026-04-19T00:05:57.081+0000] {logging_mixin.py:188} INFO - [2026-04-19T00:05:57.080+0000] {dag.py:3823} INFO - Setting next_dagrun for example_branch_python_operator_decorator to 2026-04-18 00:00:00+00:00, run_after=2026-04-19 00:00:00+00:00
[2026-04-19T00:05:57.106+0000] {processor.py:183} INFO - Processing /home/airflow/.local/lib/python3.8/site-packages/airflow/example_dags/example_branch_operator_decorator.py took 0.138 seconds
[2026-04-19T00:06:27.399+0000] {processor.py:161} INFO - Started process (PID=10753) to work on /home/airflow/.local/lib/python3.8/site-packages/airflow/example_dags/example_branch_operator_decorator.py
[2026-04-19T00:06:27.401+0000] {processor.py:830} INFO - Processing file /home/airflow/.local/lib/python3.8/site-packages/airflow/example_dags/example_branch_operator_decorator.py for tasks to queue
[2026-04-19T00:06:27.403+0000] {logging_mixin.py:188} INFO - [2026-04-19T00:06:27.402+0000] {dagbag.py:538} INFO - Filling up the DagBag from /home/airflow/.local/lib/python3.8/site-packages/airflow/example_dags/example_branch_operator_decorator.py
[2026-04-19T00:06:27.434+0000] {processor.py:840} INFO - DAG(s) 'example_branch_python_operator_decorator' retrieved from /home/airflow/.local/lib/python3.8/site-packages/airflow/example_dags/example_branch_operator_decorator.py
[2026-04-19T00:06:27.473+0000] {logging_mixin.py:188} INFO - [2026-04-19T00:06:27.472+0000] {dag.py:3036} INFO - Sync 1 DAGs
[2026-04-19T00:06:27.507+0000] {logging_mixin.py:188} INFO - [2026-04-19T00:06:27.507+0000] {dag.py:3823} INFO - Setting next_dagrun for example_branch_python_operator_decorator to 2026-04-18 00:00:00+00:00, run_after=2026-04-19 00:00:00+00:00
[2026-04-19T00:06:27.530+0000] {processor.py:183} INFO - Processing /home/airflow/.local/lib/python3.8/site-packages/airflow/example_dags/example_branch_operator_decorator.py took 0.135 seconds
[2026-04-19T00:06:57.613+0000] {processor.py:161} INFO - Started process (PID=10808) to work on /home/airflow/.local/lib/python3.8/site-packages/airflow/example_dags/example_branch_operator_decorator.py
[2026-04-19T00:06:57.622+0000] {processor.py:830} INFO - Processing file /home/airflow/.local/lib/python3.8/site-packages/airflow/example_dags/example_branch_operator_decorator.py for tasks to queue
[2026-04-19T00:06:57.626+0000] {logging_mixin.py:188} INFO - [2026-04-19T00:06:57.625+0000] {dagbag.py:538} INFO - Filling up the DagBag from /home/airflow/.local/lib/python3.8/site-packages/airflow/example_dags/example_branch_operator_decorator.py
[2026-04-19T00:06:57.659+0000] {processor.py:840} INFO - DAG(s) 'example_branch_python_operator_decorator' retrieved from /home/airflow/.local/lib/python3.8/site-packages/airflow/example_dags/example_branch_operator_decorator.py
[2026-04-19T00:06:57.703+0000] {logging_mixin.py:188} INFO - [2026-04-19T00:06:57.702+0000] {dag.py:3036} INFO - Sync 1 DAGs
[2026-04-19T00:06:57.743+0000] {logging_mixin.py:188} INFO - [2026-04-19T00:06:57.743+0000] {dag.py:3823} INFO - Setting next_dagrun for example_branch_python_operator_decorator to 2026-04-18 00:00:00+00:00, run_after=2026-04-19 00:00:00+00:00
[2026-04-19T00:06:57.767+0000] {processor.py:183} INFO - Processing /home/airflow/.local/lib/python3.8/site-packages/airflow/example_dags/example_branch_operator_decorator.py took 0.160 seconds
[2026-04-19T00:07:28.049+0000] {processor.py:161} INFO - Started process (PID=10863) to work on /home/airflow/.local/lib/python3.8/site-packages/airflow/example_dags/example_branch_operator_decorator.py
[2026-04-19T00:07:28.051+0000] {processor.py:830} INFO - Processing file /home/airflow/.local/lib/python3.8/site-packages/airflow/example_dags/example_branch_operator_decorator.py for tasks to queue
[2026-04-19T00:07:28.053+0000] {logging_mixin.py:188} INFO - [2026-04-19T00:07:28.053+0000] {dagbag.py:538} INFO - Filling up the DagBag from /home/airflow/.local/lib/python3.8/site-packages/airflow/example_dags/example_branch_operator_decorator.py
[2026-04-19T00:07:28.084+0000] {processor.py:840} INFO - DAG(s) 'example_branch_python_operator_decorator' retrieved from /home/airflow/.local/lib/python3.8/site-packages/airflow/example_dags/example_branch_operator_decorator.py
[2026-04-19T00:07:28.124+0000] {logging_mixin.py:188} INFO - [2026-04-19T00:07:28.124+0000] {dag.py:3036} INFO - Sync 1 DAGs
[2026-04-19T00:07:28.164+0000] {logging_mixin.py:188} INFO - [2026-04-19T00:07:28.164+0000] {dag.py:3823} INFO - Setting next_dagrun for example_branch_python_operator_decorator to 2026-04-18 00:00:00+00:00, run_after=2026-04-19 00:00:00+00:00
[2026-04-19T00:07:28.190+0000] {processor.py:183} INFO - Processing /home/airflow/.local/lib/python3.8/site-packages/airflow/example_dags/example_branch_operator_decorator.py took 0.146 seconds
[2026-04-19T00:07:58.286+0000] {processor.py:161} INFO - Started process (PID=10918) to work on /home/airflow/.local/lib/python3.8/site-packages/airflow/example_dags/example_branch_operator_decorator.py
[2026-04-19T00:07:58.295+0000] {processor.py:830} INFO - Processing file /home/airflow/.local/lib/python3.8/site-packages/airflow/example_dags/example_branch_operator_decorator.py for tasks to queue
[2026-04-19T00:07:58.298+0000] {logging_mixin.py:188} INFO - [2026-04-19T00:07:58.297+0000] {dagbag.py:538} INFO - Filling up the DagBag from /home/airflow/.local/lib/python3.8/site-packages/airflow/example_dags/example_branch_operator_decorator.py
[2026-04-19T00:07:58.327+0000] {processor.py:840} INFO - DAG(s) 'example_branch_python_operator_decorator' retrieved from /home/airflow/.local/lib/python3.8/site-packages/airflow/example_dags/example_branch_operator_decorator.py
[2026-04-19T00:07:58.366+0000] {logging_mixin.py:188} INFO - [2026-04-19T00:07:58.366+0000] {dag.py:3036} INFO - Sync 1 DAGs
[2026-04-19T00:07:58.397+0000] {logging_mixin.py:188} INFO - [2026-04-19T00:07:58.397+0000] {dag.py:3823} INFO - Setting next_dagrun for example_branch_python_operator_decorator to 2026-04-18 00:00:00+00:00, run_after=2026-04-19 00:00:00+00:00
[2026-04-19T00:07:58.422+0000] {processor.py:183} INFO - Processing /home/airflow/.local/lib/python3.8/site-packages/airflow/example_dags/example_branch_operator_decorator.py took 0.140 seconds
[2026-04-19T00:08:28.540+0000] {processor.py:161} INFO - Started process (PID=10973) to work on /home/airflow/.local/lib/python3.8/site-packages/airflow/example_dags/example_branch_operator_decorator.py
[2026-04-19T00:08:28.549+0000] {processor.py:830} INFO - Processing file /home/airflow/.local/lib/python3.8/site-packages/airflow/example_dags/example_branch_operator_decorator.py for tasks to queue
[2026-04-19T00:08:28.552+0000] {logging_mixin.py:188} INFO - [2026-04-19T00:08:28.551+0000] {dagbag.py:538} INFO - Filling up the DagBag from /home/airflow/.local/lib/python3.8/site-packages/airflow/example_dags/example_branch_operator_decorator.py
[2026-04-19T00:08:28.582+0000] {processor.py:840} INFO - DAG(s) 'example_branch_python_operator_decorator' retrieved from /home/airflow/.local/lib/python3.8/site-packages/airflow/example_dags/example_branch_operator_decorator.py
[2026-04-19T00:08:28.622+0000] {logging_mixin.py:188} INFO - [2026-04-19T00:08:28.621+0000] {dag.py:3036} INFO - Sync 1 DAGs
[2026-04-19T00:08:28.656+0000] {logging_mixin.py:188} INFO - [2026-04-19T00:08:28.656+0000] {dag.py:3823} INFO - Setting next_dagrun for example_branch_python_operator_decorator to 2026-04-18 00:00:00+00:00, run_after=2026-04-19 00:00:00+00:00
[2026-04-19T00:08:28.682+0000] {processor.py:183} INFO - Processing /home/airflow/.local/lib/python3.8/site-packages/airflow/example_dags/example_branch_operator_decorator.py took 0.147 seconds
[2026-04-19T00:08:58.991+0000] {processor.py:161} INFO - Started process (PID=11028) to work on /home/airflow/.local/lib/python3.8/site-packages/airflow/example_dags/example_branch_operator_decorator.py
[2026-04-19T00:08:59.001+0000] {processor.py:830} INFO - Processing file /home/airflow/.local/lib/python3.8/site-packages/airflow/example_dags/example_branch_operator_decorator.py for tasks to queue
[2026-04-19T00:08:59.003+0000] {logging_mixin.py:188} INFO - [2026-04-19T00:08:59.003+0000] {dagbag.py:538} INFO - Filling up the DagBag from /home/airflow/.local/lib/python3.8/site-packages/airflow/example_dags/example_branch_operator_decorator.py
[2026-04-19T00:08:59.034+0000] {processor.py:840} INFO - DAG(s) 'example_branch_python_operator_decorator' retrieved from /home/airflow/.local/lib/python3.8/site-packages/airflow/example_dags/example_branch_operator_decorator.py
[2026-04-19T00:08:59.074+0000] {logging_mixin.py:188} INFO - [2026-04-19T00:08:59.074+0000] {dag.py:3036} INFO - Sync 1 DAGs
[2026-04-19T00:08:59.108+0000] {logging_mixin.py:188} INFO - [2026-04-19T00:08:59.107+0000] {dag.py:3823} INFO - Setting next_dagrun for example_branch_python_operator_decorator to 2026-04-18 00:00:00+00:00, run_after=2026-04-19 00:00:00+00:00
[2026-04-19T00:08:59.132+0000] {processor.py:183} INFO - Processing /home/airflow/.local/lib/python3.8/site-packages/airflow/example_dags/example_branch_operator_decorator.py took 0.146 seconds
[2026-04-19T00:09:29.500+0000] {processor.py:161} INFO - Started process (PID=11083) to work on /home/airflow/.local/lib/python3.8/site-packages/airflow/example_dags/example_branch_operator_decorator.py
[2026-04-19T00:09:29.509+0000] {processor.py:830} INFO - Processing file /home/airflow/.local/lib/python3.8/site-packages/airflow/example_dags/example_branch_operator_decorator.py for tasks to queue
[2026-04-19T00:09:29.512+0000] {logging_mixin.py:188} INFO - [2026-04-19T00:09:29.512+0000] {dagbag.py:538} INFO - Filling up the DagBag from /home/airflow/.local/lib/python3.8/site-packages/airflow/example_dags/example_branch_operator_decorator.py
[2026-04-19T00:09:29.545+0000] {processor.py:840} INFO - DAG(s) 'example_branch_python_operator_decorator' retrieved from /home/airflow/.local/lib/python3.8/site-packages/airflow/example_dags/example_branch_operator_decorator.py
[2026-04-19T00:09:29.584+0000] {logging_mixin.py:188} INFO - [2026-04-19T00:09:29.584+0000] {dag.py:3036} INFO - Sync 1 DAGs
[2026-04-19T00:09:29.619+0000] {logging_mixin.py:188} INFO - [2026-04-19T00:09:29.619+0000] {dag.py:3823} INFO - Setting next_dagrun for example_branch_python_operator_decorator to 2026-04-18 00:00:00+00:00, run_after=2026-04-19 00:00:00+00:00
[2026-04-19T00:09:29.644+0000] {processor.py:183} INFO - Processing /home/airflow/.local/lib/python3.8/site-packages/airflow/example_dags/example_branch_operator_decorator.py took 0.149 seconds
[2026-04-19T00:09:59.975+0000] {processor.py:161} INFO - Started process (PID=11138) to work on /home/airflow/.local/lib/python3.8/site-packages/airflow/example_dags/example_branch_operator_decorator.py
[2026-04-19T00:09:59.984+0000] {processor.py:830} INFO - Processing file /home/airflow/.local/lib/python3.8/site-packages/airflow/example_dags/example_branch_operator_decorator.py for tasks to queue
[2026-04-19T00:09:59.987+0000] {logging_mixin.py:188} INFO - [2026-04-19T00:09:59.987+0000] {dagbag.py:538} INFO - Filling up the DagBag from /home/airflow/.local/lib/python3.8/site-packages/airflow/example_dags/example_branch_operator_decorator.py
[2026-04-19T00:10:00.021+0000] {processor.py:840} INFO - DAG(s) 'example_branch_python_operator_decorator' retrieved from /home/airflow/.local/lib/python3.8/site-packages/airflow/example_dags/example_branch_operator_decorator.py
[2026-04-19T00:10:00.063+0000] {logging_mixin.py:188} INFO - [2026-04-19T00:10:00.062+0000] {dag.py:3036} INFO - Sync 1 DAGs
[2026-04-19T00:10:00.097+0000] {logging_mixin.py:188} INFO - [2026-04-19T00:10:00.097+0000] {dag.py:3823} INFO - Setting next_dagrun for example_branch_python_operator_decorator to 2026-04-18 00:00:00+00:00, run_after=2026-04-19 00:00:00+00:00
[2026-04-19T00:10:00.121+0000] {processor.py:183} INFO - Processing /home/airflow/.local/lib/python3.8/site-packages/airflow/example_dags/example_branch_operator_decorator.py took 0.152 seconds
[2026-04-19T00:10:30.416+0000] {processor.py:161} INFO - Started process (PID=11193) to work on /home/airflow/.local/lib/python3.8/site-packages/airflow/example_dags/example_branch_operator_decorator.py
[2026-04-19T00:10:30.425+0000] {processor.py:830} INFO - Processing file /home/airflow/.local/lib/python3.8/site-packages/airflow/example_dags/example_branch_operator_decorator.py for tasks to queue
[2026-04-19T00:10:30.429+0000] {logging_mixin.py:188} INFO - [2026-04-19T00:10:30.428+0000] {dagbag.py:538} INFO - Filling up the DagBag from /home/airflow/.local/lib/python3.8/site-packages/airflow/example_dags/example_branch_operator_decorator.py
[2026-04-19T00:10:30.465+0000] {processor.py:840} INFO - DAG(s) 'example_branch_python_operator_decorator' retrieved from /home/airflow/.local/lib/python3.8/site-packages/airflow/example_dags/example_branch_operator_decorator.py
[2026-04-19T00:10:30.510+0000] {logging_mixin.py:188} INFO - [2026-04-19T00:10:30.510+0000] {dag.py:3036} INFO - Sync 1 DAGs
[2026-04-19T00:10:30.547+0000] {logging_mixin.py:188} INFO - [2026-04-19T00:10:30.546+0000] {dag.py:3823} INFO - Setting next_dagrun for example_branch_python_operator_decorator to 2026-04-18 00:00:00+00:00, run_after=2026-04-19 00:00:00+00:00
[2026-04-19T00:10:30.572+0000] {processor.py:183} INFO - Processing /home/airflow/.local/lib/python3.8/site-packages/airflow/example_dags/example_branch_operator_decorator.py took 0.161 seconds
[2026-04-19T00:11:00.967+0000] {processor.py:161} INFO - Started process (PID=11248) to work on /home/airflow/.local/lib/python3.8/site-packages/airflow/example_dags/example_branch_operator_decorator.py
[2026-04-19T00:11:00.976+0000] {processor.py:830} INFO - Processing file /home/airflow/.local/lib/python3.8/site-packages/airflow/example_dags/example_branch_operator_decorator.py for tasks to queue
[2026-04-19T00:11:00.979+0000] {logging_mixin.py:188} INFO - [2026-04-19T00:11:00.979+0000] {dagbag.py:538} INFO - Filling up the DagBag from /home/airflow/.local/lib/python3.8/site-packages/airflow/example_dags/example_branch_operator_decorator.py
[2026-04-19T00:11:01.013+0000] {processor.py:840} INFO - DAG(s) 'example_branch_python_operator_decorator' retrieved from /home/airflow/.local/lib/python3.8/site-packages/airflow/example_dags/example_branch_operator_decorator.py
[2026-04-19T00:11:01.054+0000] {logging_mixin.py:188} INFO - [2026-04-19T00:11:01.054+0000] {dag.py:3036} INFO - Sync 1 DAGs
[2026-04-19T00:11:01.089+0000] {logging_mixin.py:188} INFO - [2026-04-19T00:11:01.088+0000] {dag.py:3823} INFO - Setting next_dagrun for example_branch_python_operator_decorator to 2026-04-18 00:00:00+00:00, run_after=2026-04-19 00:00:00+00:00
[2026-04-19T00:11:01.113+0000] {processor.py:183} INFO - Processing /home/airflow/.local/lib/python3.8/site-packages/airflow/example_dags/example_branch_operator_decorator.py took 0.151 seconds
[2026-04-19T00:11:31.466+0000] {processor.py:161} INFO - Started process (PID=11303) to work on /home/airflow/.local/lib/python3.8/site-packages/airflow/example_dags/example_branch_operator_decorator.py
[2026-04-19T00:11:31.474+0000] {processor.py:830} INFO - Processing file /home/airflow/.local/lib/python3.8/site-packages/airflow/example_dags/example_branch_operator_decorator.py for tasks to queue
[2026-04-19T00:11:31.477+0000] {logging_mixin.py:188} INFO - [2026-04-19T00:11:31.477+0000] {dagbag.py:538} INFO - Filling up the DagBag from /home/airflow/.local/lib/python3.8/site-packages/airflow/example_dags/example_branch_operator_decorator.py
[2026-04-19T00:11:31.509+0000] {processor.py:840} INFO - DAG(s) 'example_branch_python_operator_decorator' retrieved from /home/airflow/.local/lib/python3.8/site-packages/airflow/example_dags/example_branch_operator_decorator.py
[2026-04-19T00:11:31.546+0000] {logging_mixin.py:188} INFO - [2026-04-19T00:11:31.546+0000] {dag.py:3036} INFO - Sync 1 DAGs
[2026-04-19T00:11:31.578+0000] {logging_mixin.py:188} INFO - [2026-04-19T00:11:31.578+0000] {dag.py:3823} INFO - Setting next_dagrun for example_branch_python_operator_decorator to 2026-04-18 00:00:00+00:00, run_after=2026-04-19 00:00:00+00:00
[2026-04-19T00:11:31.604+0000] {processor.py:183} INFO - Processing /home/airflow/.local/lib/python3.8/site-packages/airflow/example_dags/example_branch_operator_decorator.py took 0.144 seconds
[2026-04-19T00:12:01.895+0000] {processor.py:161} INFO - Started process (PID=11358) to work on /home/airflow/.local/lib/python3.8/site-packages/airflow/example_dags/example_branch_operator_decorator.py
[2026-04-19T00:12:01.896+0000] {processor.py:830} INFO - Processing file /home/airflow/.local/lib/python3.8/site-packages/airflow/example_dags/example_branch_operator_decorator.py for tasks to queue
[2026-04-19T00:12:01.898+0000] {logging_mixin.py:188} INFO - [2026-04-19T00:12:01.898+0000] {dagbag.py:538} INFO - Filling up the DagBag from /home/airflow/.local/lib/python3.8/site-packages/airflow/example_dags/example_branch_operator_decorator.py
[2026-04-19T00:12:01.925+0000] {processor.py:840} INFO - DAG(s) 'example_branch_python_operator_decorator' retrieved from /home/airflow/.local/lib/python3.8/site-packages/airflow/example_dags/example_branch_operator_decorator.py
[2026-04-19T00:12:01.959+0000] {logging_mixin.py:188} INFO - [2026-04-19T00:12:01.958+0000] {dag.py:3036} INFO - Sync 1 DAGs
[2026-04-19T00:12:01.988+0000] {logging_mixin.py:188} INFO - [2026-04-19T00:12:01.987+0000] {dag.py:3823} INFO - Setting next_dagrun for example_branch_python_operator_decorator to 2026-04-18 00:00:00+00:00, run_after=2026-04-19 00:00:00+00:00
[2026-04-19T00:12:02.010+0000] {processor.py:183} INFO - Processing /home/airflow/.local/lib/python3.8/site-packages/airflow/example_dags/example_branch_operator_decorator.py took 0.119 seconds
[2026-04-19T00:12:32.215+0000] {processor.py:161} INFO - Started process (PID=11413) to work on /home/airflow/.local/lib/python3.8/site-packages/airflow/example_dags/example_branch_operator_decorator.py
[2026-04-19T00:12:32.217+0000] {processor.py:830} INFO - Processing file /home/airflow/.local/lib/python3.8/site-packages/airflow/example_dags/example_branch_operator_decorator.py for tasks to queue
[2026-04-19T00:12:32.219+0000] {logging_mixin.py:188} INFO - [2026-04-19T00:12:32.219+0000] {dagbag.py:538} INFO - Filling up the DagBag from /home/airflow/.local/lib/python3.8/site-packages/airflow/example_dags/example_branch_operator_decorator.py
[2026-04-19T00:12:32.250+0000] {processor.py:840} INFO - DAG(s) 'example_branch_python_operator_decorator' retrieved from /home/airflow/.local/lib/python3.8/site-packages/airflow/example_dags/example_branch_operator_decorator.py
[2026-04-19T00:12:32.288+0000] {logging_mixin.py:188} INFO - [2026-04-19T00:12:32.287+0000] {dag.py:3036} INFO - Sync 1 DAGs
[2026-04-19T00:12:32.318+0000] {logging_mixin.py:188} INFO - [2026-04-19T00:12:32.317+0000] {dag.py:3823} INFO - Setting next_dagrun for example_branch_python_operator_decorator to 2026-04-18 00:00:00+00:00, run_after=2026-04-19 00:00:00+00:00
[2026-04-19T00:12:32.340+0000] {processor.py:183} INFO - Processing /home/airflow/.local/lib/python3.8/site-packages/airflow/example_dags/example_branch_operator_decorator.py took 0.130 seconds
[2026-04-19T00:13:02.670+0000] {processor.py:161} INFO - Started process (PID=11468) to work on /home/airflow/.local/lib/python3.8/site-packages/airflow/example_dags/example_branch_operator_decorator.py
[2026-04-19T00:13:02.679+0000] {processor.py:830} INFO - Processing file /home/airflow/.local/lib/python3.8/site-packages/airflow/example_dags/example_branch_operator_decorator.py for tasks to queue
[2026-04-19T00:13:02.682+0000] {logging_mixin.py:188} INFO - [2026-04-19T00:13:02.682+0000] {dagbag.py:538} INFO - Filling up the DagBag from /home/airflow/.local/lib/python3.8/site-packages/airflow/example_dags/example_branch_operator_decorator.py
[2026-04-19T00:13:02.714+0000] {processor.py:840} INFO - DAG(s) 'example_branch_python_operator_decorator' retrieved from /home/airflow/.local/lib/python3.8/site-packages/airflow/example_dags/example_branch_operator_decorator.py
[2026-04-19T00:13:02.755+0000] {logging_mixin.py:188} INFO - [2026-04-19T00:13:02.755+0000] {dag.py:3036} INFO - Sync 1 DAGs
[2026-04-19T00:13:02.789+0000] {logging_mixin.py:188} INFO - [2026-04-19T00:13:02.789+0000] {dag.py:3823} INFO - Setting next_dagrun for example_branch_python_operator_decorator to 2026-04-18 00:00:00+00:00, run_after=2026-04-19 00:00:00+00:00
[2026-04-19T00:13:02.815+0000] {processor.py:183} INFO - Processing /home/airflow/.local/lib/python3.8/site-packages/airflow/example_dags/example_branch_operator_decorator.py took 0.150 seconds
[2026-04-19T00:13:33.075+0000] {processor.py:161} INFO - Started process (PID=11523) to work on /home/airflow/.local/lib/python3.8/site-packages/airflow/example_dags/example_branch_operator_decorator.py
[2026-04-19T00:13:33.077+0000] {processor.py:830} INFO - Processing file /home/airflow/.local/lib/python3.8/site-packages/airflow/example_dags/example_branch_operator_decorator.py for tasks to queue
[2026-04-19T00:13:33.079+0000] {logging_mixin.py:188} INFO - [2026-04-19T00:13:33.079+0000] {dagbag.py:538} INFO - Filling up the DagBag from /home/airflow/.local/lib/python3.8/site-packages/airflow/example_dags/example_branch_operator_decorator.py
[2026-04-19T00:13:33.109+0000] {processor.py:840} INFO - DAG(s) 'example_branch_python_operator_decorator' retrieved from /home/airflow/.local/lib/python3.8/site-packages/airflow/example_dags/example_branch_operator_decorator.py
[2026-04-19T00:13:33.149+0000] {logging_mixin.py:188} INFO - [2026-04-19T00:13:33.149+0000] {dag.py:3036} INFO - Sync 1 DAGs
[2026-04-19T00:13:33.183+0000] {logging_mixin.py:188} INFO - [2026-04-19T00:13:33.183+0000] {dag.py:3823} INFO - Setting next_dagrun for example_branch_python_operator_decorator to 2026-04-18 00:00:00+00:00, run_after=2026-04-19 00:00:00+00:00
[2026-04-19T00:13:33.208+0000] {processor.py:183} INFO - Processing /home/airflow/.local/lib/python3.8/site-packages/airflow/example_dags/example_branch_operator_decorator.py took 0.139 seconds
[2026-04-19T00:14:03.642+0000] {processor.py:161} INFO - Started process (PID=11578) to work on /home/airflow/.local/lib/python3.8/site-packages/airflow/example_dags/example_branch_operator_decorator.py
[2026-04-19T00:14:03.643+0000] {processor.py:830} INFO - Processing file /home/airflow/.local/lib/python3.8/site-packages/airflow/example_dags/example_branch_operator_decorator.py for tasks to queue
[2026-04-19T00:14:03.646+0000] {logging_mixin.py:188} INFO - [2026-04-19T00:14:03.646+0000] {dagbag.py:538} INFO - Filling up the DagBag from /home/airflow/.local/lib/python3.8/site-packages/airflow/example_dags/example_branch_operator_decorator.py
[2026-04-19T00:14:03.680+0000] {processor.py:840} INFO - DAG(s) 'example_branch_python_operator_decorator' retrieved from /home/airflow/.local/lib/python3.8/site-packages/airflow/example_dags/example_branch_operator_decorator.py
[2026-04-19T00:14:03.725+0000] {logging_mixin.py:188} INFO - [2026-04-19T00:14:03.724+0000] {dag.py:3036} INFO - Sync 1 DAGs
[2026-04-19T00:14:03.762+0000] {logging_mixin.py:188} INFO - [2026-04-19T00:14:03.762+0000] {dag.py:3823} INFO - Setting next_dagrun for example_branch_python_operator_decorator to 2026-04-18 00:00:00+00:00, run_after=2026-04-19 00:00:00+00:00
[2026-04-19T00:14:03.794+0000] {processor.py:183} INFO - Processing /home/airflow/.local/lib/python3.8/site-packages/airflow/example_dags/example_branch_operator_decorator.py took 0.157 seconds
[2026-04-19T00:14:34.159+0000] {processor.py:161} INFO - Started process (PID=11633) to work on /home/airflow/.local/lib/python3.8/site-packages/airflow/example_dags/example_branch_operator_decorator.py
[2026-04-19T00:14:34.169+0000] {processor.py:830} INFO - Processing file /home/airflow/.local/lib/python3.8/site-packages/airflow/example_dags/example_branch_operator_decorator.py for tasks to queue
[2026-04-19T00:14:34.171+0000] {logging_mixin.py:188} INFO - [2026-04-19T00:14:34.171+0000] {dagbag.py:538} INFO - Filling up the DagBag from /home/airflow/.local/lib/python3.8/site-packages/airflow/example_dags/example_branch_operator_decorator.py
[2026-04-19T00:14:34.201+0000] {processor.py:840} INFO - DAG(s) 'example_branch_python_operator_decorator' retrieved from /home/airflow/.local/lib/python3.8/site-packages/airflow/example_dags/example_branch_operator_decorator.py
[2026-04-19T00:14:34.240+0000] {logging_mixin.py:188} INFO - [2026-04-19T00:14:34.240+0000] {dag.py:3036} INFO - Sync 1 DAGs
[2026-04-19T00:14:34.274+0000] {logging_mixin.py:188} INFO - [2026-04-19T00:14:34.273+0000] {dag.py:3823} INFO - Setting next_dagrun for example_branch_python_operator_decorator to 2026-04-18 00:00:00+00:00, run_after=2026-04-19 00:00:00+00:00
[2026-04-19T00:14:34.297+0000] {processor.py:183} INFO - Processing /home/airflow/.local/lib/python3.8/site-packages/airflow/example_dags/example_branch_operator_decorator.py took 0.142 seconds
[2026-04-19T00:15:04.706+0000] {processor.py:161} INFO - Started process (PID=11688) to work on /home/airflow/.local/lib/python3.8/site-packages/airflow/example_dags/example_branch_operator_decorator.py
[2026-04-19T00:15:04.715+0000] {processor.py:830} INFO - Processing file /home/airflow/.local/lib/python3.8/site-packages/airflow/example_dags/example_branch_operator_decorator.py for tasks to queue
[2026-04-19T00:15:04.718+0000] {logging_mixin.py:188} INFO - [2026-04-19T00:15:04.717+0000] {dagbag.py:538} INFO - Filling up the DagBag from /home/airflow/.local/lib/python3.8/site-packages/airflow/example_dags/example_branch_operator_decorator.py
[2026-04-19T00:15:04.749+0000] {processor.py:840} INFO - DAG(s) 'example_branch_python_operator_decorator' retrieved from /home/airflow/.local/lib/python3.8/site-packages/airflow/example_dags/example_branch_operator_decorator.py
[2026-04-19T00:15:04.791+0000] {logging_mixin.py:188} INFO - [2026-04-19T00:15:04.791+0000] {dag.py:3036} INFO - Sync 1 DAGs
[2026-04-19T00:15:04.828+0000] {logging_mixin.py:188} INFO - [2026-04-19T00:15:04.828+0000] {dag.py:3823} INFO - Setting next_dagrun for example_branch_python_operator_decorator to 2026-04-18 00:00:00+00:00, run_after=2026-04-19 00:00:00+00:00
[2026-04-19T00:15:04.852+0000] {processor.py:183} INFO - Processing /home/airflow/.local/lib/python3.8/site-packages/airflow/example_dags/example_branch_operator_decorator.py took 0.152 seconds
[2026-04-19T00:15:35.158+0000] {processor.py:161} INFO - Started process (PID=11744) to work on /home/airflow/.local/lib/python3.8/site-packages/airflow/example_dags/example_branch_operator_decorator.py
[2026-04-19T00:15:35.167+0000] {processor.py:830} INFO - Processing file /home/airflow/.local/lib/python3.8/site-packages/airflow/example_dags/example_branch_operator_decorator.py for tasks to queue
[2026-04-19T00:15:35.170+0000] {logging_mixin.py:188} INFO - [2026-04-19T00:15:35.170+0000] {dagbag.py:538} INFO - Filling up the DagBag from /home/airflow/.local/lib/python3.8/site-packages/airflow/example_dags/example_branch_operator_decorator.py
[2026-04-19T00:15:35.203+0000] {processor.py:840} INFO - DAG(s) 'example_branch_python_operator_decorator' retrieved from /home/airflow/.local/lib/python3.8/site-packages/airflow/example_dags/example_branch_operator_decorator.py
[2026-04-19T00:15:35.244+0000] {logging_mixin.py:188} INFO - [2026-04-19T00:15:35.243+0000] {dag.py:3036} INFO - Sync 1 DAGs
[2026-04-19T00:15:35.276+0000] {logging_mixin.py:188} INFO - [2026-04-19T00:15:35.275+0000] {dag.py:3823} INFO - Setting next_dagrun for example_branch_python_operator_decorator to 2026-04-18 00:00:00+00:00, run_after=2026-04-19 00:00:00+00:00
[2026-04-19T00:15:35.303+0000] {processor.py:183} INFO - Processing /home/airflow/.local/lib/python3.8/site-packages/airflow/example_dags/example_branch_operator_decorator.py took 0.151 seconds
[2026-04-19T00:16:06.081+0000] {processor.py:161} INFO - Started process (PID=11799) to work on /home/airflow/.local/lib/python3.8/site-packages/airflow/example_dags/example_branch_operator_decorator.py
[2026-04-19T00:16:06.082+0000] {processor.py:830} INFO - Processing file /home/airflow/.local/lib/python3.8/site-packages/airflow/example_dags/example_branch_operator_decorator.py for tasks to queue
[2026-04-19T00:16:06.083+0000] {logging_mixin.py:188} INFO - [2026-04-19T00:16:06.083+0000] {dagbag.py:538} INFO - Filling up the DagBag from /home/airflow/.local/lib/python3.8/site-packages/airflow/example_dags/example_branch_operator_decorator.py
[2026-04-19T00:16:06.099+0000] {processor.py:840} INFO - DAG(s) 'example_branch_python_operator_decorator' retrieved from /home/airflow/.local/lib/python3.8/site-packages/airflow/example_dags/example_branch_operator_decorator.py
[2026-04-19T00:16:06.118+0000] {logging_mixin.py:188} INFO - [2026-04-19T00:16:06.118+0000] {dag.py:3036} INFO - Sync 1 DAGs
[2026-04-19T00:16:06.134+0000] {logging_mixin.py:188} INFO - [2026-04-19T00:16:06.134+0000] {dag.py:3823} INFO - Setting next_dagrun for example_branch_python_operator_decorator to 2026-04-18 00:00:00+00:00, run_after=2026-04-19 00:00:00+00:00
[2026-04-19T00:16:06.146+0000] {processor.py:183} INFO - Processing /home/airflow/.local/lib/python3.8/site-packages/airflow/example_dags/example_branch_operator_decorator.py took 0.067 seconds
[2026-04-19T00:16:36.204+0000] {processor.py:161} INFO - Started process (PID=11854) to work on /home/airflow/.local/lib/python3.8/site-packages/airflow/example_dags/example_branch_operator_decorator.py
[2026-04-19T00:16:36.214+0000] {processor.py:830} INFO - Processing file /home/airflow/.local/lib/python3.8/site-packages/airflow/example_dags/example_branch_operator_decorator.py for tasks to queue
[2026-04-19T00:16:36.218+0000] {logging_mixin.py:188} INFO - [2026-04-19T00:16:36.217+0000] {dagbag.py:538} INFO - Filling up the DagBag from /home/airflow/.local/lib/python3.8/site-packages/airflow/example_dags/example_branch_operator_decorator.py
[2026-04-19T00:16:36.259+0000] {processor.py:840} INFO - DAG(s) 'example_branch_python_operator_decorator' retrieved from /home/airflow/.local/lib/python3.8/site-packages/airflow/example_dags/example_branch_operator_decorator.py
[2026-04-19T00:16:36.308+0000] {logging_mixin.py:188} INFO - [2026-04-19T00:16:36.308+0000] {dag.py:3036} INFO - Sync 1 DAGs
[2026-04-19T00:16:36.349+0000] {logging_mixin.py:188} INFO - [2026-04-19T00:16:36.349+0000] {dag.py:3823} INFO - Setting next_dagrun for example_branch_python_operator_decorator to 2026-04-18 00:00:00+00:00, run_after=2026-04-19 00:00:00+00:00
[2026-04-19T00:16:36.375+0000] {processor.py:183} INFO - Processing /home/airflow/.local/lib/python3.8/site-packages/airflow/example_dags/example_branch_operator_decorator.py took 0.178 seconds
[2026-04-19T00:17:06.575+0000] {processor.py:161} INFO - Started process (PID=11909) to work on /home/airflow/.local/lib/python3.8/site-packages/airflow/example_dags/example_branch_operator_decorator.py
[2026-04-19T00:17:06.582+0000] {processor.py:830} INFO - Processing file /home/airflow/.local/lib/python3.8/site-packages/airflow/example_dags/example_branch_operator_decorator.py for tasks to queue
[2026-04-19T00:17:06.585+0000] {logging_mixin.py:188} INFO - [2026-04-19T00:17:06.585+0000] {dagbag.py:538} INFO - Filling up the DagBag from /home/airflow/.local/lib/python3.8/site-packages/airflow/example_dags/example_branch_operator_decorator.py
[2026-04-19T00:17:06.617+0000] {processor.py:840} INFO - DAG(s) 'example_branch_python_operator_decorator' retrieved from /home/airflow/.local/lib/python3.8/site-packages/airflow/example_dags/example_branch_operator_decorator.py
[2026-04-19T00:17:06.660+0000] {logging_mixin.py:188} INFO - [2026-04-19T00:17:06.659+0000] {dag.py:3036} INFO - Sync 1 DAGs
[2026-04-19T00:17:06.694+0000] {logging_mixin.py:188} INFO - [2026-04-19T00:17:06.693+0000] {dag.py:3823} INFO - Setting next_dagrun for example_branch_python_operator_decorator to 2026-04-18 00:00:00+00:00, run_after=2026-04-19 00:00:00+00:00
[2026-04-19T00:17:06.718+0000] {processor.py:183} INFO - Processing /home/airflow/.local/lib/python3.8/site-packages/airflow/example_dags/example_branch_operator_decorator.py took 0.148 seconds
[2026-04-19T00:17:37.054+0000] {processor.py:161} INFO - Started process (PID=11964) to work on /home/airflow/.local/lib/python3.8/site-packages/airflow/example_dags/example_branch_operator_decorator.py
[2026-04-19T00:17:37.055+0000] {processor.py:830} INFO - Processing file /home/airflow/.local/lib/python3.8/site-packages/airflow/example_dags/example_branch_operator_decorator.py for tasks to queue
[2026-04-19T00:17:37.058+0000] {logging_mixin.py:188} INFO - [2026-04-19T00:17:37.058+0000] {dagbag.py:538} INFO - Filling up the DagBag from /home/airflow/.local/lib/python3.8/site-packages/airflow/example_dags/example_branch_operator_decorator.py
[2026-04-19T00:17:37.091+0000] {processor.py:840} INFO - DAG(s) 'example_branch_python_operator_decorator' retrieved from /home/airflow/.local/lib/python3.8/site-packages/airflow/example_dags/example_branch_operator_decorator.py
[2026-04-19T00:17:37.135+0000] {logging_mixin.py:188} INFO - [2026-04-19T00:17:37.134+0000] {dag.py:3036} INFO - Sync 1 DAGs
[2026-04-19T00:17:37.177+0000] {logging_mixin.py:188} INFO - [2026-04-19T00:17:37.176+0000] {dag.py:3823} INFO - Setting next_dagrun for example_branch_python_operator_decorator to 2026-04-18 00:00:00+00:00, run_after=2026-04-19 00:00:00+00:00
[2026-04-19T00:17:37.211+0000] {processor.py:183} INFO - Processing /home/airflow/.local/lib/python3.8/site-packages/airflow/example_dags/example_branch_operator_decorator.py took 0.162 seconds
[2026-04-19T00:18:07.657+0000] {processor.py:161} INFO - Started process (PID=12019) to work on /home/airflow/.local/lib/python3.8/site-packages/airflow/example_dags/example_branch_operator_decorator.py
[2026-04-19T00:18:07.666+0000] {processor.py:830} INFO - Processing file /home/airflow/.local/lib/python3.8/site-packages/airflow/example_dags/example_branch_operator_decorator.py for tasks to queue
[2026-04-19T00:18:07.669+0000] {logging_mixin.py:188} INFO - [2026-04-19T00:18:07.668+0000] {dagbag.py:538} INFO - Filling up the DagBag from /home/airflow/.local/lib/python3.8/site-packages/airflow/example_dags/example_branch_operator_decorator.py
[2026-04-19T00:18:07.701+0000] {processor.py:840} INFO - DAG(s) 'example_branch_python_operator_decorator' retrieved from /home/airflow/.local/lib/python3.8/site-packages/airflow/example_dags/example_branch_operator_decorator.py
[2026-04-19T00:18:07.740+0000] {logging_mixin.py:188} INFO - [2026-04-19T00:18:07.740+0000] {dag.py:3036} INFO - Sync 1 DAGs
[2026-04-19T00:18:07.773+0000] {logging_mixin.py:188} INFO - [2026-04-19T00:18:07.773+0000] {dag.py:3823} INFO - Setting next_dagrun for example_branch_python_operator_decorator to 2026-04-18 00:00:00+00:00, run_after=2026-04-19 00:00:00+00:00
[2026-04-19T00:18:07.798+0000] {processor.py:183} INFO - Processing /home/airflow/.local/lib/python3.8/site-packages/airflow/example_dags/example_branch_operator_decorator.py took 0.145 seconds
[2026-04-19T00:18:38.198+0000] {processor.py:161} INFO - Started process (PID=12074) to work on /home/airflow/.local/lib/python3.8/site-packages/airflow/example_dags/example_branch_operator_decorator.py
[2026-04-19T00:18:38.207+0000] {processor.py:830} INFO - Processing file /home/airflow/.local/lib/python3.8/site-packages/airflow/example_dags/example_branch_operator_decorator.py for tasks to queue
[2026-04-19T00:18:38.209+0000] {logging_mixin.py:188} INFO - [2026-04-19T00:18:38.209+0000] {dagbag.py:538} INFO - Filling up the DagBag from /home/airflow/.local/lib/python3.8/site-packages/airflow/example_dags/example_branch_operator_decorator.py
[2026-04-19T00:18:38.240+0000] {processor.py:840} INFO - DAG(s) 'example_branch_python_operator_decorator' retrieved from /home/airflow/.local/lib/python3.8/site-packages/airflow/example_dags/example_branch_operator_decorator.py
[2026-04-19T00:18:38.280+0000] {logging_mixin.py:188} INFO - [2026-04-19T00:18:38.280+0000] {dag.py:3036} INFO - Sync 1 DAGs
[2026-04-19T00:18:38.312+0000] {logging_mixin.py:188} INFO - [2026-04-19T00:18:38.312+0000] {dag.py:3823} INFO - Setting next_dagrun for example_branch_python_operator_decorator to 2026-04-18 00:00:00+00:00, run_after=2026-04-19 00:00:00+00:00
[2026-04-19T00:18:38.335+0000] {processor.py:183} INFO - Processing /home/airflow/.local/lib/python3.8/site-packages/airflow/example_dags/example_branch_operator_decorator.py took 0.143 seconds
[2026-04-19T00:19:08.549+0000] {processor.py:161} INFO - Started process (PID=12128) to work on /home/airflow/.local/lib/python3.8/site-packages/airflow/example_dags/example_branch_operator_decorator.py
[2026-04-19T00:19:08.559+0000] {processor.py:830} INFO - Processing file /home/airflow/.local/lib/python3.8/site-packages/airflow/example_dags/example_branch_operator_decorator.py for tasks to queue
[2026-04-19T00:19:08.562+0000] {logging_mixin.py:188} INFO - [2026-04-19T00:19:08.561+0000] {dagbag.py:538} INFO - Filling up the DagBag from /home/airflow/.local/lib/python3.8/site-packages/airflow/example_dags/example_branch_operator_decorator.py
[2026-04-19T00:19:08.596+0000] {processor.py:840} INFO - DAG(s) 'example_branch_python_operator_decorator' retrieved from /home/airflow/.local/lib/python3.8/site-packages/airflow/example_dags/example_branch_operator_decorator.py
[2026-04-19T00:19:08.636+0000] {logging_mixin.py:188} INFO - [2026-04-19T00:19:08.636+0000] {dag.py:3036} INFO - Sync 1 DAGs
[2026-04-19T00:19:08.670+0000] {logging_mixin.py:188} INFO - [2026-04-19T00:19:08.670+0000] {dag.py:3823} INFO - Setting next_dagrun for example_branch_python_operator_decorator to 2026-04-18 00:00:00+00:00, run_after=2026-04-19 00:00:00+00:00
[2026-04-19T00:19:08.698+0000] {processor.py:183} INFO - Processing /home/airflow/.local/lib/python3.8/site-packages/airflow/example_dags/example_branch_operator_decorator.py took 0.154 seconds
[2026-04-19T00:19:39.008+0000] {processor.py:161} INFO - Started process (PID=12183) to work on /home/airflow/.local/lib/python3.8/site-packages/airflow/example_dags/example_branch_operator_decorator.py
[2026-04-19T00:19:39.018+0000] {processor.py:830} INFO - Processing file /home/airflow/.local/lib/python3.8/site-packages/airflow/example_dags/example_branch_operator_decorator.py for tasks to queue
[2026-04-19T00:19:39.020+0000] {logging_mixin.py:188} INFO - [2026-04-19T00:19:39.020+0000] {dagbag.py:538} INFO - Filling up the DagBag from /home/airflow/.local/lib/python3.8/site-packages/airflow/example_dags/example_branch_operator_decorator.py
[2026-04-19T00:19:39.051+0000] {processor.py:840} INFO - DAG(s) 'example_branch_python_operator_decorator' retrieved from /home/airflow/.local/lib/python3.8/site-packages/airflow/example_dags/example_branch_operator_decorator.py
[2026-04-19T00:19:39.097+0000] {logging_mixin.py:188} INFO - [2026-04-19T00:19:39.096+0000] {dag.py:3036} INFO - Sync 1 DAGs
[2026-04-19T00:19:39.139+0000] {logging_mixin.py:188} INFO - [2026-04-19T00:19:39.138+0000] {dag.py:3823} INFO - Setting next_dagrun for example_branch_python_operator_decorator to 2026-04-18 00:00:00+00:00, run_after=2026-04-19 00:00:00+00:00
[2026-04-19T00:19:39.170+0000] {processor.py:183} INFO - Processing /home/airflow/.local/lib/python3.8/site-packages/airflow/example_dags/example_branch_operator_decorator.py took 0.166 seconds
[2026-04-19T00:20:09.539+0000] {processor.py:161} INFO - Started process (PID=12238) to work on /home/airflow/.local/lib/python3.8/site-packages/airflow/example_dags/example_branch_operator_decorator.py
[2026-04-19T00:20:09.548+0000] {processor.py:830} INFO - Processing file /home/airflow/.local/lib/python3.8/site-packages/airflow/example_dags/example_branch_operator_decorator.py for tasks to queue
[2026-04-19T00:20:09.551+0000] {logging_mixin.py:188} INFO - [2026-04-19T00:20:09.550+0000] {dagbag.py:538} INFO - Filling up the DagBag from /home/airflow/.local/lib/python3.8/site-packages/airflow/example_dags/example_branch_operator_decorator.py
[2026-04-19T00:20:09.580+0000] {processor.py:840} INFO - DAG(s) 'example_branch_python_operator_decorator' retrieved from /home/airflow/.local/lib/python3.8/site-packages/airflow/example_dags/example_branch_operator_decorator.py
[2026-04-19T00:20:09.617+0000] {logging_mixin.py:188} INFO - [2026-04-19T00:20:09.617+0000] {dag.py:3036} INFO - Sync 1 DAGs
[2026-04-19T00:20:09.649+0000] {logging_mixin.py:188} INFO - [2026-04-19T00:20:09.648+0000] {dag.py:3823} INFO - Setting next_dagrun for example_branch_python_operator_decorator to 2026-04-18 00:00:00+00:00, run_after=2026-04-19 00:00:00+00:00
[2026-04-19T00:20:09.674+0000] {processor.py:183} INFO - Processing /home/airflow/.local/lib/python3.8/site-packages/airflow/example_dags/example_branch_operator_decorator.py took 0.140 seconds
[2026-04-19T00:20:39.878+0000] {processor.py:161} INFO - Started process (PID=12293) to work on /home/airflow/.local/lib/python3.8/site-packages/airflow/example_dags/example_branch_operator_decorator.py
[2026-04-19T00:20:39.880+0000] {processor.py:830} INFO - Processing file /home/airflow/.local/lib/python3.8/site-packages/airflow/example_dags/example_branch_operator_decorator.py for tasks to queue
[2026-04-19T00:20:39.883+0000] {logging_mixin.py:188} INFO - [2026-04-19T00:20:39.882+0000] {dagbag.py:538} INFO - Filling up the DagBag from /home/airflow/.local/lib/python3.8/site-packages/airflow/example_dags/example_branch_operator_decorator.py
[2026-04-19T00:20:39.913+0000] {processor.py:840} INFO - DAG(s) 'example_branch_python_operator_decorator' retrieved from /home/airflow/.local/lib/python3.8/site-packages/airflow/example_dags/example_branch_operator_decorator.py
[2026-04-19T00:20:39.951+0000] {logging_mixin.py:188} INFO - [2026-04-19T00:20:39.951+0000] {dag.py:3036} INFO - Sync 1 DAGs
[2026-04-19T00:20:39.985+0000] {logging_mixin.py:188} INFO - [2026-04-19T00:20:39.985+0000] {dag.py:3823} INFO - Setting next_dagrun for example_branch_python_operator_decorator to 2026-04-18 00:00:00+00:00, run_after=2026-04-19 00:00:00+00:00
[2026-04-19T00:20:40.010+0000] {processor.py:183} INFO - Processing /home/airflow/.local/lib/python3.8/site-packages/airflow/example_dags/example_branch_operator_decorator.py took 0.137 seconds
[2026-04-19T00:21:10.258+0000] {processor.py:161} INFO - Started process (PID=12348) to work on /home/airflow/.local/lib/python3.8/site-packages/airflow/example_dags/example_branch_operator_decorator.py
[2026-04-19T00:21:10.267+0000] {processor.py:830} INFO - Processing file /home/airflow/.local/lib/python3.8/site-packages/airflow/example_dags/example_branch_operator_decorator.py for tasks to queue
[2026-04-19T00:21:10.270+0000] {logging_mixin.py:188} INFO - [2026-04-19T00:21:10.270+0000] {dagbag.py:538} INFO - Filling up the DagBag from /home/airflow/.local/lib/python3.8/site-packages/airflow/example_dags/example_branch_operator_decorator.py
[2026-04-19T00:21:10.308+0000] {processor.py:840} INFO - DAG(s) 'example_branch_python_operator_decorator' retrieved from /home/airflow/.local/lib/python3.8/site-packages/airflow/example_dags/example_branch_operator_decorator.py
[2026-04-19T00:21:10.351+0000] {logging_mixin.py:188} INFO - [2026-04-19T00:21:10.351+0000] {dag.py:3036} INFO - Sync 1 DAGs
[2026-04-19T00:21:10.389+0000] {logging_mixin.py:188} INFO - [2026-04-19T00:21:10.388+0000] {dag.py:3823} INFO - Setting next_dagrun for example_branch_python_operator_decorator to 2026-04-18 00:00:00+00:00, run_after=2026-04-19 00:00:00+00:00
[2026-04-19T00:21:10.417+0000] {processor.py:183} INFO - Processing /home/airflow/.local/lib/python3.8/site-packages/airflow/example_dags/example_branch_operator_decorator.py took 0.165 seconds
[2026-04-19T00:21:40.669+0000] {processor.py:161} INFO - Started process (PID=12403) to work on /home/airflow/.local/lib/python3.8/site-packages/airflow/example_dags/example_branch_operator_decorator.py
[2026-04-19T00:21:40.678+0000] {processor.py:830} INFO - Processing file /home/airflow/.local/lib/python3.8/site-packages/airflow/example_dags/example_branch_operator_decorator.py for tasks to queue
[2026-04-19T00:21:40.681+0000] {logging_mixin.py:188} INFO - [2026-04-19T00:21:40.680+0000] {dagbag.py:538} INFO - Filling up the DagBag from /home/airflow/.local/lib/python3.8/site-packages/airflow/example_dags/example_branch_operator_decorator.py
[2026-04-19T00:21:40.713+0000] {processor.py:840} INFO - DAG(s) 'example_branch_python_operator_decorator' retrieved from /home/airflow/.local/lib/python3.8/site-packages/airflow/example_dags/example_branch_operator_decorator.py
[2026-04-19T00:21:40.756+0000] {logging_mixin.py:188} INFO - [2026-04-19T00:21:40.756+0000] {dag.py:3036} INFO - Sync 1 DAGs
[2026-04-19T00:21:40.790+0000] {logging_mixin.py:188} INFO - [2026-04-19T00:21:40.790+0000] {dag.py:3823} INFO - Setting next_dagrun for example_branch_python_operator_decorator to 2026-04-18 00:00:00+00:00, run_after=2026-04-19 00:00:00+00:00
[2026-04-19T00:21:40.816+0000] {processor.py:183} INFO - Processing /home/airflow/.local/lib/python3.8/site-packages/airflow/example_dags/example_branch_operator_decorator.py took 0.152 seconds
[2026-04-19T00:22:11.066+0000] {processor.py:161} INFO - Started process (PID=12458) to work on /home/airflow/.local/lib/python3.8/site-packages/airflow/example_dags/example_branch_operator_decorator.py
[2026-04-19T00:22:11.075+0000] {processor.py:830} INFO - Processing file /home/airflow/.local/lib/python3.8/site-packages/airflow/example_dags/example_branch_operator_decorator.py for tasks to queue
[2026-04-19T00:22:11.078+0000] {logging_mixin.py:188} INFO - [2026-04-19T00:22:11.078+0000] {dagbag.py:538} INFO - Filling up the DagBag from /home/airflow/.local/lib/python3.8/site-packages/airflow/example_dags/example_branch_operator_decorator.py
[2026-04-19T00:22:11.110+0000] {processor.py:840} INFO - DAG(s) 'example_branch_python_operator_decorator' retrieved from /home/airflow/.local/lib/python3.8/site-packages/airflow/example_dags/example_branch_operator_decorator.py
[2026-04-19T00:22:11.149+0000] {logging_mixin.py:188} INFO - [2026-04-19T00:22:11.149+0000] {dag.py:3036} INFO - Sync 1 DAGs
[2026-04-19T00:22:11.182+0000] {logging_mixin.py:188} INFO - [2026-04-19T00:22:11.182+0000] {dag.py:3823} INFO - Setting next_dagrun for example_branch_python_operator_decorator to 2026-04-18 00:00:00+00:00, run_after=2026-04-19 00:00:00+00:00
[2026-04-19T00:22:11.206+0000] {processor.py:183} INFO - Processing /home/airflow/.local/lib/python3.8/site-packages/airflow/example_dags/example_branch_operator_decorator.py took 0.145 seconds
[2026-04-19T00:22:41.613+0000] {processor.py:161} INFO - Started process (PID=12513) to work on /home/airflow/.local/lib/python3.8/site-packages/airflow/example_dags/example_branch_operator_decorator.py
[2026-04-19T00:22:41.623+0000] {processor.py:830} INFO - Processing file /home/airflow/.local/lib/python3.8/site-packages/airflow/example_dags/example_branch_operator_decorator.py for tasks to queue
[2026-04-19T00:22:41.626+0000] {logging_mixin.py:188} INFO - [2026-04-19T00:22:41.626+0000] {dagbag.py:538} INFO - Filling up the DagBag from /home/airflow/.local/lib/python3.8/site-packages/airflow/example_dags/example_branch_operator_decorator.py
[2026-04-19T00:22:41.663+0000] {processor.py:840} INFO - DAG(s) 'example_branch_python_operator_decorator' retrieved from /home/airflow/.local/lib/python3.8/site-packages/airflow/example_dags/example_branch_operator_decorator.py
[2026-04-19T00:22:41.708+0000] {logging_mixin.py:188} INFO - [2026-04-19T00:22:41.707+0000] {dag.py:3036} INFO - Sync 1 DAGs
[2026-04-19T00:22:41.745+0000] {logging_mixin.py:188} INFO - [2026-04-19T00:22:41.745+0000] {dag.py:3823} INFO - Setting next_dagrun for example_branch_python_operator_decorator to 2026-04-18 00:00:00+00:00, run_after=2026-04-19 00:00:00+00:00
[2026-04-19T00:22:41.773+0000] {processor.py:183} INFO - Processing /home/airflow/.local/lib/python3.8/site-packages/airflow/example_dags/example_branch_operator_decorator.py took 0.167 seconds
[2026-04-19T00:23:11.805+0000] {processor.py:161} INFO - Started process (PID=12568) to work on /home/airflow/.local/lib/python3.8/site-packages/airflow/example_dags/example_branch_operator_decorator.py
[2026-04-19T00:23:11.814+0000] {processor.py:830} INFO - Processing file /home/airflow/.local/lib/python3.8/site-packages/airflow/example_dags/example_branch_operator_decorator.py for tasks to queue
[2026-04-19T00:23:11.816+0000] {logging_mixin.py:188} INFO - [2026-04-19T00:23:11.816+0000] {dagbag.py:538} INFO - Filling up the DagBag from /home/airflow/.local/lib/python3.8/site-packages/airflow/example_dags/example_branch_operator_decorator.py
[2026-04-19T00:23:11.846+0000] {processor.py:840} INFO - DAG(s) 'example_branch_python_operator_decorator' retrieved from /home/airflow/.local/lib/python3.8/site-packages/airflow/example_dags/example_branch_operator_decorator.py
[2026-04-19T00:23:11.884+0000] {logging_mixin.py:188} INFO - [2026-04-19T00:23:11.884+0000] {dag.py:3036} INFO - Sync 1 DAGs
[2026-04-19T00:23:11.915+0000] {logging_mixin.py:188} INFO - [2026-04-19T00:23:11.915+0000] {dag.py:3823} INFO - Setting next_dagrun for example_branch_python_operator_decorator to 2026-04-18 00:00:00+00:00, run_after=2026-04-19 00:00:00+00:00
[2026-04-19T00:23:11.941+0000] {processor.py:183} INFO - Processing /home/airflow/.local/lib/python3.8/site-packages/airflow/example_dags/example_branch_operator_decorator.py took 0.140 seconds
[2026-04-19T00:23:42.207+0000] {processor.py:161} INFO - Started process (PID=12623) to work on /home/airflow/.local/lib/python3.8/site-packages/airflow/example_dags/example_branch_operator_decorator.py
[2026-04-19T00:23:42.216+0000] {processor.py:830} INFO - Processing file /home/airflow/.local/lib/python3.8/site-packages/airflow/example_dags/example_branch_operator_decorator.py for tasks to queue
[2026-04-19T00:23:42.219+0000] {logging_mixin.py:188} INFO - [2026-04-19T00:23:42.219+0000] {dagbag.py:538} INFO - Filling up the DagBag from /home/airflow/.local/lib/python3.8/site-packages/airflow/example_dags/example_branch_operator_decorator.py
[2026-04-19T00:23:42.255+0000] {processor.py:840} INFO - DAG(s) 'example_branch_python_operator_decorator' retrieved from /home/airflow/.local/lib/python3.8/site-packages/airflow/example_dags/example_branch_operator_decorator.py
[2026-04-19T00:23:42.300+0000] {logging_mixin.py:188} INFO - [2026-04-19T00:23:42.299+0000] {dag.py:3036} INFO - Sync 1 DAGs
[2026-04-19T00:23:42.342+0000] {logging_mixin.py:188} INFO - [2026-04-19T00:23:42.341+0000] {dag.py:3823} INFO - Setting next_dagrun for example_branch_python_operator_decorator to 2026-04-18 00:00:00+00:00, run_after=2026-04-19 00:00:00+00:00
[2026-04-19T00:23:42.374+0000] {processor.py:183} INFO - Processing /home/airflow/.local/lib/python3.8/site-packages/airflow/example_dags/example_branch_operator_decorator.py took 0.172 seconds
[2026-04-19T00:24:12.440+0000] {processor.py:161} INFO - Started process (PID=12678) to work on /home/airflow/.local/lib/python3.8/site-packages/airflow/example_dags/example_branch_operator_decorator.py
[2026-04-19T00:24:12.441+0000] {processor.py:830} INFO - Processing file /home/airflow/.local/lib/python3.8/site-packages/airflow/example_dags/example_branch_operator_decorator.py for tasks to queue
[2026-04-19T00:24:12.444+0000] {logging_mixin.py:188} INFO - [2026-04-19T00:24:12.444+0000] {dagbag.py:538} INFO - Filling up the DagBag from /home/airflow/.local/lib/python3.8/site-packages/airflow/example_dags/example_branch_operator_decorator.py
[2026-04-19T00:24:12.478+0000] {processor.py:840} INFO - DAG(s) 'example_branch_python_operator_decorator' retrieved from /home/airflow/.local/lib/python3.8/site-packages/airflow/example_dags/example_branch_operator_decorator.py
[2026-04-19T00:24:12.521+0000] {logging_mixin.py:188} INFO - [2026-04-19T00:24:12.521+0000] {dag.py:3036} INFO - Sync 1 DAGs
[2026-04-19T00:24:12.555+0000] {logging_mixin.py:188} INFO - [2026-04-19T00:24:12.555+0000] {dag.py:3823} INFO - Setting next_dagrun for example_branch_python_operator_decorator to 2026-04-18 00:00:00+00:00, run_after=2026-04-19 00:00:00+00:00
[2026-04-19T00:24:12.582+0000] {processor.py:183} INFO - Processing /home/airflow/.local/lib/python3.8/site-packages/airflow/example_dags/example_branch_operator_decorator.py took 0.147 seconds
