[2026-04-19T00:00:29.609+0000] {processor.py:161} INFO - Started process (PID=10116) to work on /home/airflow/.local/lib/python3.8/site-packages/airflow/example_dags/example_nested_branch_dag.py
[2026-04-19T00:00:29.610+0000] {processor.py:830} INFO - Processing file /home/airflow/.local/lib/python3.8/site-packages/airflow/example_dags/example_nested_branch_dag.py for tasks to queue
[2026-04-19T00:00:29.613+0000] {logging_mixin.py:188} INFO - [2026-04-19T00:00:29.612+0000] {dagbag.py:538} INFO - Filling up the DagBag from /home/airflow/.local/lib/python3.8/site-packages/airflow/example_dags/example_nested_branch_dag.py
[2026-04-19T00:00:29.628+0000] {processor.py:840} INFO - DAG(s) 'example_nested_branch_dag' retrieved from /home/airflow/.local/lib/python3.8/site-packages/airflow/example_dags/example_nested_branch_dag.py
[2026-04-19T00:00:29.660+0000] {logging_mixin.py:188} INFO - [2026-04-19T00:00:29.660+0000] {dag.py:3036} INFO - Sync 1 DAGs
[2026-04-19T00:00:29.696+0000] {logging_mixin.py:188} INFO - [2026-04-19T00:00:29.696+0000] {dag.py:3823} INFO - Setting next_dagrun for example_nested_branch_dag to 2026-04-18 00:00:00+00:00, run_after=2026-04-19 00:00:00+00:00
[2026-04-19T00:00:29.721+0000] {processor.py:183} INFO - Processing /home/airflow/.local/lib/python3.8/site-packages/airflow/example_dags/example_nested_branch_dag.py took 0.116 seconds
[2026-04-19T00:01:00.057+0000] {processor.py:161} INFO - Started process (PID=10171) to work on /home/airflow/.local/lib/python3.8/site-packages/airflow/example_dags/example_nested_branch_dag.py
[2026-04-19T00:01:00.058+0000] {processor.py:830} INFO - Processing file /home/airflow/.local/lib/python3.8/site-packages/airflow/example_dags/example_nested_branch_dag.py for tasks to queue
[2026-04-19T00:01:00.061+0000] {logging_mixin.py:188} INFO - [2026-04-19T00:01:00.060+0000] {dagbag.py:538} INFO - Filling up the DagBag from /home/airflow/.local/lib/python3.8/site-packages/airflow/example_dags/example_nested_branch_dag.py
[2026-04-19T00:01:00.075+0000] {processor.py:840} INFO - DAG(s) 'example_nested_branch_dag' retrieved from /home/airflow/.local/lib/python3.8/site-packages/airflow/example_dags/example_nested_branch_dag.py
[2026-04-19T00:01:00.108+0000] {logging_mixin.py:188} INFO - [2026-04-19T00:01:00.108+0000] {dag.py:3036} INFO - Sync 1 DAGs
[2026-04-19T00:01:00.143+0000] {logging_mixin.py:188} INFO - [2026-04-19T00:01:00.143+0000] {dag.py:3823} INFO - Setting next_dagrun for example_nested_branch_dag to 2026-04-18 00:00:00+00:00, run_after=2026-04-19 00:00:00+00:00
[2026-04-19T00:01:00.167+0000] {processor.py:183} INFO - Processing /home/airflow/.local/lib/python3.8/site-packages/airflow/example_dags/example_nested_branch_dag.py took 0.114 seconds
[2026-04-19T00:01:30.376+0000] {processor.py:161} INFO - Started process (PID=10226) to work on /home/airflow/.local/lib/python3.8/site-packages/airflow/example_dags/example_nested_branch_dag.py
[2026-04-19T00:01:30.378+0000] {processor.py:830} INFO - Processing file /home/airflow/.local/lib/python3.8/site-packages/airflow/example_dags/example_nested_branch_dag.py for tasks to queue
[2026-04-19T00:01:30.380+0000] {logging_mixin.py:188} INFO - [2026-04-19T00:01:30.380+0000] {dagbag.py:538} INFO - Filling up the DagBag from /home/airflow/.local/lib/python3.8/site-packages/airflow/example_dags/example_nested_branch_dag.py
[2026-04-19T00:01:30.395+0000] {processor.py:840} INFO - DAG(s) 'example_nested_branch_dag' retrieved from /home/airflow/.local/lib/python3.8/site-packages/airflow/example_dags/example_nested_branch_dag.py
[2026-04-19T00:01:30.428+0000] {logging_mixin.py:188} INFO - [2026-04-19T00:01:30.428+0000] {dag.py:3036} INFO - Sync 1 DAGs
[2026-04-19T00:01:30.461+0000] {logging_mixin.py:188} INFO - [2026-04-19T00:01:30.460+0000] {dag.py:3823} INFO - Setting next_dagrun for example_nested_branch_dag to 2026-04-18 00:00:00+00:00, run_after=2026-04-19 00:00:00+00:00
[2026-04-19T00:01:30.485+0000] {processor.py:183} INFO - Processing /home/airflow/.local/lib/python3.8/site-packages/airflow/example_dags/example_nested_branch_dag.py took 0.114 seconds
[2026-04-19T00:02:00.661+0000] {processor.py:161} INFO - Started process (PID=10281) to work on /home/airflow/.local/lib/python3.8/site-packages/airflow/example_dags/example_nested_branch_dag.py
[2026-04-19T00:02:00.662+0000] {processor.py:830} INFO - Processing file /home/airflow/.local/lib/python3.8/site-packages/airflow/example_dags/example_nested_branch_dag.py for tasks to queue
[2026-04-19T00:02:00.665+0000] {logging_mixin.py:188} INFO - [2026-04-19T00:02:00.665+0000] {dagbag.py:538} INFO - Filling up the DagBag from /home/airflow/.local/lib/python3.8/site-packages/airflow/example_dags/example_nested_branch_dag.py
[2026-04-19T00:02:00.680+0000] {processor.py:840} INFO - DAG(s) 'example_nested_branch_dag' retrieved from /home/airflow/.local/lib/python3.8/site-packages/airflow/example_dags/example_nested_branch_dag.py
[2026-04-19T00:02:00.712+0000] {logging_mixin.py:188} INFO - [2026-04-19T00:02:00.712+0000] {dag.py:3036} INFO - Sync 1 DAGs
[2026-04-19T00:02:00.744+0000] {logging_mixin.py:188} INFO - [2026-04-19T00:02:00.743+0000] {dag.py:3823} INFO - Setting next_dagrun for example_nested_branch_dag to 2026-04-18 00:00:00+00:00, run_after=2026-04-19 00:00:00+00:00
[2026-04-19T00:02:00.767+0000] {processor.py:183} INFO - Processing /home/airflow/.local/lib/python3.8/site-packages/airflow/example_dags/example_nested_branch_dag.py took 0.110 seconds
[2026-04-19T00:02:30.949+0000] {processor.py:161} INFO - Started process (PID=10336) to work on /home/airflow/.local/lib/python3.8/site-packages/airflow/example_dags/example_nested_branch_dag.py
[2026-04-19T00:02:30.950+0000] {processor.py:830} INFO - Processing file /home/airflow/.local/lib/python3.8/site-packages/airflow/example_dags/example_nested_branch_dag.py for tasks to queue
[2026-04-19T00:02:30.952+0000] {logging_mixin.py:188} INFO - [2026-04-19T00:02:30.952+0000] {dagbag.py:538} INFO - Filling up the DagBag from /home/airflow/.local/lib/python3.8/site-packages/airflow/example_dags/example_nested_branch_dag.py
[2026-04-19T00:02:30.965+0000] {processor.py:840} INFO - DAG(s) 'example_nested_branch_dag' retrieved from /home/airflow/.local/lib/python3.8/site-packages/airflow/example_dags/example_nested_branch_dag.py
[2026-04-19T00:02:30.994+0000] {logging_mixin.py:188} INFO - [2026-04-19T00:02:30.994+0000] {dag.py:3036} INFO - Sync 1 DAGs
[2026-04-19T00:02:31.027+0000] {logging_mixin.py:188} INFO - [2026-04-19T00:02:31.027+0000] {dag.py:3823} INFO - Setting next_dagrun for example_nested_branch_dag to 2026-04-18 00:00:00+00:00, run_after=2026-04-19 00:00:00+00:00
[2026-04-19T00:02:31.050+0000] {processor.py:183} INFO - Processing /home/airflow/.local/lib/python3.8/site-packages/airflow/example_dags/example_nested_branch_dag.py took 0.106 seconds
[2026-04-19T00:03:01.413+0000] {processor.py:161} INFO - Started process (PID=10391) to work on /home/airflow/.local/lib/python3.8/site-packages/airflow/example_dags/example_nested_branch_dag.py
[2026-04-19T00:03:01.414+0000] {processor.py:830} INFO - Processing file /home/airflow/.local/lib/python3.8/site-packages/airflow/example_dags/example_nested_branch_dag.py for tasks to queue
[2026-04-19T00:03:01.416+0000] {logging_mixin.py:188} INFO - [2026-04-19T00:03:01.416+0000] {dagbag.py:538} INFO - Filling up the DagBag from /home/airflow/.local/lib/python3.8/site-packages/airflow/example_dags/example_nested_branch_dag.py
[2026-04-19T00:03:01.431+0000] {processor.py:840} INFO - DAG(s) 'example_nested_branch_dag' retrieved from /home/airflow/.local/lib/python3.8/site-packages/airflow/example_dags/example_nested_branch_dag.py
[2026-04-19T00:03:01.463+0000] {logging_mixin.py:188} INFO - [2026-04-19T00:03:01.463+0000] {dag.py:3036} INFO - Sync 1 DAGs
[2026-04-19T00:03:01.497+0000] {logging_mixin.py:188} INFO - [2026-04-19T00:03:01.497+0000] {dag.py:3823} INFO - Setting next_dagrun for example_nested_branch_dag to 2026-04-18 00:00:00+00:00, run_after=2026-04-19 00:00:00+00:00
[2026-04-19T00:03:01.520+0000] {processor.py:183} INFO - Processing /home/airflow/.local/lib/python3.8/site-packages/airflow/example_dags/example_nested_branch_dag.py took 0.112 seconds
[2026-04-19T00:03:31.696+0000] {processor.py:161} INFO - Started process (PID=10446) to work on /home/airflow/.local/lib/python3.8/site-packages/airflow/example_dags/example_nested_branch_dag.py
[2026-04-19T00:03:31.697+0000] {processor.py:830} INFO - Processing file /home/airflow/.local/lib/python3.8/site-packages/airflow/example_dags/example_nested_branch_dag.py for tasks to queue
[2026-04-19T00:03:31.700+0000] {logging_mixin.py:188} INFO - [2026-04-19T00:03:31.700+0000] {dagbag.py:538} INFO - Filling up the DagBag from /home/airflow/.local/lib/python3.8/site-packages/airflow/example_dags/example_nested_branch_dag.py
[2026-04-19T00:03:31.713+0000] {processor.py:840} INFO - DAG(s) 'example_nested_branch_dag' retrieved from /home/airflow/.local/lib/python3.8/site-packages/airflow/example_dags/example_nested_branch_dag.py
[2026-04-19T00:03:31.742+0000] {logging_mixin.py:188} INFO - [2026-04-19T00:03:31.742+0000] {dag.py:3036} INFO - Sync 1 DAGs
[2026-04-19T00:03:31.774+0000] {logging_mixin.py:188} INFO - [2026-04-19T00:03:31.773+0000] {dag.py:3823} INFO - Setting next_dagrun for example_nested_branch_dag to 2026-04-18 00:00:00+00:00, run_after=2026-04-19 00:00:00+00:00
[2026-04-19T00:03:31.798+0000] {processor.py:183} INFO - Processing /home/airflow/.local/lib/python3.8/site-packages/airflow/example_dags/example_nested_branch_dag.py took 0.106 seconds
[2026-04-19T00:04:02.117+0000] {processor.py:161} INFO - Started process (PID=10501) to work on /home/airflow/.local/lib/python3.8/site-packages/airflow/example_dags/example_nested_branch_dag.py
[2026-04-19T00:04:02.119+0000] {processor.py:830} INFO - Processing file /home/airflow/.local/lib/python3.8/site-packages/airflow/example_dags/example_nested_branch_dag.py for tasks to queue
[2026-04-19T00:04:02.122+0000] {logging_mixin.py:188} INFO - [2026-04-19T00:04:02.122+0000] {dagbag.py:538} INFO - Filling up the DagBag from /home/airflow/.local/lib/python3.8/site-packages/airflow/example_dags/example_nested_branch_dag.py
[2026-04-19T00:04:02.141+0000] {processor.py:840} INFO - DAG(s) 'example_nested_branch_dag' retrieved from /home/airflow/.local/lib/python3.8/site-packages/airflow/example_dags/example_nested_branch_dag.py
[2026-04-19T00:04:02.179+0000] {logging_mixin.py:188} INFO - [2026-04-19T00:04:02.178+0000] {dag.py:3036} INFO - Sync 1 DAGs
[2026-04-19T00:04:02.218+0000] {logging_mixin.py:188} INFO - [2026-04-19T00:04:02.217+0000] {dag.py:3823} INFO - Setting next_dagrun for example_nested_branch_dag to 2026-04-18 00:00:00+00:00, run_after=2026-04-19 00:00:00+00:00
[2026-04-19T00:04:02.246+0000] {processor.py:183} INFO - Processing /home/airflow/.local/lib/python3.8/site-packages/airflow/example_dags/example_nested_branch_dag.py took 0.135 seconds
[2026-04-19T00:04:32.343+0000] {processor.py:161} INFO - Started process (PID=10556) to work on /home/airflow/.local/lib/python3.8/site-packages/airflow/example_dags/example_nested_branch_dag.py
[2026-04-19T00:04:32.344+0000] {processor.py:830} INFO - Processing file /home/airflow/.local/lib/python3.8/site-packages/airflow/example_dags/example_nested_branch_dag.py for tasks to queue
[2026-04-19T00:04:32.347+0000] {logging_mixin.py:188} INFO - [2026-04-19T00:04:32.346+0000] {dagbag.py:538} INFO - Filling up the DagBag from /home/airflow/.local/lib/python3.8/site-packages/airflow/example_dags/example_nested_branch_dag.py
[2026-04-19T00:04:32.361+0000] {processor.py:840} INFO - DAG(s) 'example_nested_branch_dag' retrieved from /home/airflow/.local/lib/python3.8/site-packages/airflow/example_dags/example_nested_branch_dag.py
[2026-04-19T00:04:32.394+0000] {logging_mixin.py:188} INFO - [2026-04-19T00:04:32.394+0000] {dag.py:3036} INFO - Sync 1 DAGs
[2026-04-19T00:04:32.428+0000] {logging_mixin.py:188} INFO - [2026-04-19T00:04:32.428+0000] {dag.py:3823} INFO - Setting next_dagrun for example_nested_branch_dag to 2026-04-18 00:00:00+00:00, run_after=2026-04-19 00:00:00+00:00
[2026-04-19T00:04:32.451+0000] {processor.py:183} INFO - Processing /home/airflow/.local/lib/python3.8/site-packages/airflow/example_dags/example_nested_branch_dag.py took 0.114 seconds
[2026-04-19T00:05:02.706+0000] {processor.py:161} INFO - Started process (PID=10611) to work on /home/airflow/.local/lib/python3.8/site-packages/airflow/example_dags/example_nested_branch_dag.py
[2026-04-19T00:05:02.707+0000] {processor.py:830} INFO - Processing file /home/airflow/.local/lib/python3.8/site-packages/airflow/example_dags/example_nested_branch_dag.py for tasks to queue
[2026-04-19T00:05:02.709+0000] {logging_mixin.py:188} INFO - [2026-04-19T00:05:02.709+0000] {dagbag.py:538} INFO - Filling up the DagBag from /home/airflow/.local/lib/python3.8/site-packages/airflow/example_dags/example_nested_branch_dag.py
[2026-04-19T00:05:02.725+0000] {processor.py:840} INFO - DAG(s) 'example_nested_branch_dag' retrieved from /home/airflow/.local/lib/python3.8/site-packages/airflow/example_dags/example_nested_branch_dag.py
[2026-04-19T00:05:02.759+0000] {logging_mixin.py:188} INFO - [2026-04-19T00:05:02.758+0000] {dag.py:3036} INFO - Sync 1 DAGs
[2026-04-19T00:05:02.792+0000] {logging_mixin.py:188} INFO - [2026-04-19T00:05:02.792+0000] {dag.py:3823} INFO - Setting next_dagrun for example_nested_branch_dag to 2026-04-18 00:00:00+00:00, run_after=2026-04-19 00:00:00+00:00
[2026-04-19T00:05:02.818+0000] {processor.py:183} INFO - Processing /home/airflow/.local/lib/python3.8/site-packages/airflow/example_dags/example_nested_branch_dag.py took 0.118 seconds
[2026-04-19T00:05:33.093+0000] {processor.py:161} INFO - Started process (PID=10666) to work on /home/airflow/.local/lib/python3.8/site-packages/airflow/example_dags/example_nested_branch_dag.py
[2026-04-19T00:05:33.094+0000] {processor.py:830} INFO - Processing file /home/airflow/.local/lib/python3.8/site-packages/airflow/example_dags/example_nested_branch_dag.py for tasks to queue
[2026-04-19T00:05:33.097+0000] {logging_mixin.py:188} INFO - [2026-04-19T00:05:33.096+0000] {dagbag.py:538} INFO - Filling up the DagBag from /home/airflow/.local/lib/python3.8/site-packages/airflow/example_dags/example_nested_branch_dag.py
[2026-04-19T00:05:33.112+0000] {processor.py:840} INFO - DAG(s) 'example_nested_branch_dag' retrieved from /home/airflow/.local/lib/python3.8/site-packages/airflow/example_dags/example_nested_branch_dag.py
[2026-04-19T00:05:33.147+0000] {logging_mixin.py:188} INFO - [2026-04-19T00:05:33.147+0000] {dag.py:3036} INFO - Sync 1 DAGs
[2026-04-19T00:05:33.181+0000] {logging_mixin.py:188} INFO - [2026-04-19T00:05:33.181+0000] {dag.py:3823} INFO - Setting next_dagrun for example_nested_branch_dag to 2026-04-18 00:00:00+00:00, run_after=2026-04-19 00:00:00+00:00
[2026-04-19T00:05:33.207+0000] {processor.py:183} INFO - Processing /home/airflow/.local/lib/python3.8/site-packages/airflow/example_dags/example_nested_branch_dag.py took 0.120 seconds
[2026-04-19T00:06:03.516+0000] {processor.py:161} INFO - Started process (PID=10721) to work on /home/airflow/.local/lib/python3.8/site-packages/airflow/example_dags/example_nested_branch_dag.py
[2026-04-19T00:06:03.517+0000] {processor.py:830} INFO - Processing file /home/airflow/.local/lib/python3.8/site-packages/airflow/example_dags/example_nested_branch_dag.py for tasks to queue
[2026-04-19T00:06:03.519+0000] {logging_mixin.py:188} INFO - [2026-04-19T00:06:03.519+0000] {dagbag.py:538} INFO - Filling up the DagBag from /home/airflow/.local/lib/python3.8/site-packages/airflow/example_dags/example_nested_branch_dag.py
[2026-04-19T00:06:03.535+0000] {processor.py:840} INFO - DAG(s) 'example_nested_branch_dag' retrieved from /home/airflow/.local/lib/python3.8/site-packages/airflow/example_dags/example_nested_branch_dag.py
[2026-04-19T00:06:03.576+0000] {logging_mixin.py:188} INFO - [2026-04-19T00:06:03.576+0000] {dag.py:3036} INFO - Sync 1 DAGs
[2026-04-19T00:06:03.617+0000] {logging_mixin.py:188} INFO - [2026-04-19T00:06:03.616+0000] {dag.py:3823} INFO - Setting next_dagrun for example_nested_branch_dag to 2026-04-18 00:00:00+00:00, run_after=2026-04-19 00:00:00+00:00
[2026-04-19T00:06:03.645+0000] {processor.py:183} INFO - Processing /home/airflow/.local/lib/python3.8/site-packages/airflow/example_dags/example_nested_branch_dag.py took 0.134 seconds
[2026-04-19T00:06:33.756+0000] {processor.py:161} INFO - Started process (PID=10776) to work on /home/airflow/.local/lib/python3.8/site-packages/airflow/example_dags/example_nested_branch_dag.py
[2026-04-19T00:06:33.757+0000] {processor.py:830} INFO - Processing file /home/airflow/.local/lib/python3.8/site-packages/airflow/example_dags/example_nested_branch_dag.py for tasks to queue
[2026-04-19T00:06:33.760+0000] {logging_mixin.py:188} INFO - [2026-04-19T00:06:33.760+0000] {dagbag.py:538} INFO - Filling up the DagBag from /home/airflow/.local/lib/python3.8/site-packages/airflow/example_dags/example_nested_branch_dag.py
[2026-04-19T00:06:33.777+0000] {processor.py:840} INFO - DAG(s) 'example_nested_branch_dag' retrieved from /home/airflow/.local/lib/python3.8/site-packages/airflow/example_dags/example_nested_branch_dag.py
[2026-04-19T00:06:33.811+0000] {logging_mixin.py:188} INFO - [2026-04-19T00:06:33.811+0000] {dag.py:3036} INFO - Sync 1 DAGs
[2026-04-19T00:06:33.844+0000] {logging_mixin.py:188} INFO - [2026-04-19T00:06:33.844+0000] {dag.py:3823} INFO - Setting next_dagrun for example_nested_branch_dag to 2026-04-18 00:00:00+00:00, run_after=2026-04-19 00:00:00+00:00
[2026-04-19T00:06:33.871+0000] {processor.py:183} INFO - Processing /home/airflow/.local/lib/python3.8/site-packages/airflow/example_dags/example_nested_branch_dag.py took 0.122 seconds
[2026-04-19T00:07:04.153+0000] {processor.py:161} INFO - Started process (PID=10831) to work on /home/airflow/.local/lib/python3.8/site-packages/airflow/example_dags/example_nested_branch_dag.py
[2026-04-19T00:07:04.154+0000] {processor.py:830} INFO - Processing file /home/airflow/.local/lib/python3.8/site-packages/airflow/example_dags/example_nested_branch_dag.py for tasks to queue
[2026-04-19T00:07:04.157+0000] {logging_mixin.py:188} INFO - [2026-04-19T00:07:04.157+0000] {dagbag.py:538} INFO - Filling up the DagBag from /home/airflow/.local/lib/python3.8/site-packages/airflow/example_dags/example_nested_branch_dag.py
[2026-04-19T00:07:04.177+0000] {processor.py:840} INFO - DAG(s) 'example_nested_branch_dag' retrieved from /home/airflow/.local/lib/python3.8/site-packages/airflow/example_dags/example_nested_branch_dag.py
[2026-04-19T00:07:04.214+0000] {logging_mixin.py:188} INFO - [2026-04-19T00:07:04.214+0000] {dag.py:3036} INFO - Sync 1 DAGs
[2026-04-19T00:07:04.249+0000] {logging_mixin.py:188} INFO - [2026-04-19T00:07:04.249+0000] {dag.py:3823} INFO - Setting next_dagrun for example_nested_branch_dag to 2026-04-18 00:00:00+00:00, run_after=2026-04-19 00:00:00+00:00
[2026-04-19T00:07:04.276+0000] {processor.py:183} INFO - Processing /home/airflow/.local/lib/python3.8/site-packages/airflow/example_dags/example_nested_branch_dag.py took 0.130 seconds
[2026-04-19T00:07:34.474+0000] {processor.py:161} INFO - Started process (PID=10886) to work on /home/airflow/.local/lib/python3.8/site-packages/airflow/example_dags/example_nested_branch_dag.py
[2026-04-19T00:07:34.475+0000] {processor.py:830} INFO - Processing file /home/airflow/.local/lib/python3.8/site-packages/airflow/example_dags/example_nested_branch_dag.py for tasks to queue
[2026-04-19T00:07:34.477+0000] {logging_mixin.py:188} INFO - [2026-04-19T00:07:34.477+0000] {dagbag.py:538} INFO - Filling up the DagBag from /home/airflow/.local/lib/python3.8/site-packages/airflow/example_dags/example_nested_branch_dag.py
[2026-04-19T00:07:34.491+0000] {processor.py:840} INFO - DAG(s) 'example_nested_branch_dag' retrieved from /home/airflow/.local/lib/python3.8/site-packages/airflow/example_dags/example_nested_branch_dag.py
[2026-04-19T00:07:34.521+0000] {logging_mixin.py:188} INFO - [2026-04-19T00:07:34.521+0000] {dag.py:3036} INFO - Sync 1 DAGs
[2026-04-19T00:07:34.553+0000] {logging_mixin.py:188} INFO - [2026-04-19T00:07:34.553+0000] {dag.py:3823} INFO - Setting next_dagrun for example_nested_branch_dag to 2026-04-18 00:00:00+00:00, run_after=2026-04-19 00:00:00+00:00
[2026-04-19T00:07:34.577+0000] {processor.py:183} INFO - Processing /home/airflow/.local/lib/python3.8/site-packages/airflow/example_dags/example_nested_branch_dag.py took 0.108 seconds
[2026-04-19T00:08:04.670+0000] {processor.py:161} INFO - Started process (PID=10941) to work on /home/airflow/.local/lib/python3.8/site-packages/airflow/example_dags/example_nested_branch_dag.py
[2026-04-19T00:08:04.671+0000] {processor.py:830} INFO - Processing file /home/airflow/.local/lib/python3.8/site-packages/airflow/example_dags/example_nested_branch_dag.py for tasks to queue
[2026-04-19T00:08:04.673+0000] {logging_mixin.py:188} INFO - [2026-04-19T00:08:04.672+0000] {dagbag.py:538} INFO - Filling up the DagBag from /home/airflow/.local/lib/python3.8/site-packages/airflow/example_dags/example_nested_branch_dag.py
[2026-04-19T00:08:04.682+0000] {processor.py:840} INFO - DAG(s) 'example_nested_branch_dag' retrieved from /home/airflow/.local/lib/python3.8/site-packages/airflow/example_dags/example_nested_branch_dag.py
[2026-04-19T00:08:04.703+0000] {logging_mixin.py:188} INFO - [2026-04-19T00:08:04.702+0000] {dag.py:3036} INFO - Sync 1 DAGs
[2026-04-19T00:08:04.724+0000] {logging_mixin.py:188} INFO - [2026-04-19T00:08:04.724+0000] {dag.py:3823} INFO - Setting next_dagrun for example_nested_branch_dag to 2026-04-18 00:00:00+00:00, run_after=2026-04-19 00:00:00+00:00
[2026-04-19T00:08:04.741+0000] {processor.py:183} INFO - Processing /home/airflow/.local/lib/python3.8/site-packages/airflow/example_dags/example_nested_branch_dag.py took 0.074 seconds
[2026-04-19T00:08:35.136+0000] {processor.py:161} INFO - Started process (PID=10996) to work on /home/airflow/.local/lib/python3.8/site-packages/airflow/example_dags/example_nested_branch_dag.py
[2026-04-19T00:08:35.137+0000] {processor.py:830} INFO - Processing file /home/airflow/.local/lib/python3.8/site-packages/airflow/example_dags/example_nested_branch_dag.py for tasks to queue
[2026-04-19T00:08:35.140+0000] {logging_mixin.py:188} INFO - [2026-04-19T00:08:35.139+0000] {dagbag.py:538} INFO - Filling up the DagBag from /home/airflow/.local/lib/python3.8/site-packages/airflow/example_dags/example_nested_branch_dag.py
[2026-04-19T00:08:35.155+0000] {processor.py:840} INFO - DAG(s) 'example_nested_branch_dag' retrieved from /home/airflow/.local/lib/python3.8/site-packages/airflow/example_dags/example_nested_branch_dag.py
[2026-04-19T00:08:35.187+0000] {logging_mixin.py:188} INFO - [2026-04-19T00:08:35.187+0000] {dag.py:3036} INFO - Sync 1 DAGs
[2026-04-19T00:08:35.221+0000] {logging_mixin.py:188} INFO - [2026-04-19T00:08:35.220+0000] {dag.py:3823} INFO - Setting next_dagrun for example_nested_branch_dag to 2026-04-18 00:00:00+00:00, run_after=2026-04-19 00:00:00+00:00
[2026-04-19T00:08:35.246+0000] {processor.py:183} INFO - Processing /home/airflow/.local/lib/python3.8/site-packages/airflow/example_dags/example_nested_branch_dag.py took 0.114 seconds
[2026-04-19T00:09:05.357+0000] {processor.py:161} INFO - Started process (PID=11051) to work on /home/airflow/.local/lib/python3.8/site-packages/airflow/example_dags/example_nested_branch_dag.py
[2026-04-19T00:09:05.359+0000] {processor.py:830} INFO - Processing file /home/airflow/.local/lib/python3.8/site-packages/airflow/example_dags/example_nested_branch_dag.py for tasks to queue
[2026-04-19T00:09:05.361+0000] {logging_mixin.py:188} INFO - [2026-04-19T00:09:05.361+0000] {dagbag.py:538} INFO - Filling up the DagBag from /home/airflow/.local/lib/python3.8/site-packages/airflow/example_dags/example_nested_branch_dag.py
[2026-04-19T00:09:05.376+0000] {processor.py:840} INFO - DAG(s) 'example_nested_branch_dag' retrieved from /home/airflow/.local/lib/python3.8/site-packages/airflow/example_dags/example_nested_branch_dag.py
[2026-04-19T00:09:05.409+0000] {logging_mixin.py:188} INFO - [2026-04-19T00:09:05.408+0000] {dag.py:3036} INFO - Sync 1 DAGs
[2026-04-19T00:09:05.443+0000] {logging_mixin.py:188} INFO - [2026-04-19T00:09:05.442+0000] {dag.py:3823} INFO - Setting next_dagrun for example_nested_branch_dag to 2026-04-18 00:00:00+00:00, run_after=2026-04-19 00:00:00+00:00
[2026-04-19T00:09:05.467+0000] {processor.py:183} INFO - Processing /home/airflow/.local/lib/python3.8/site-packages/airflow/example_dags/example_nested_branch_dag.py took 0.116 seconds
[2026-04-19T00:09:35.919+0000] {processor.py:161} INFO - Started process (PID=11106) to work on /home/airflow/.local/lib/python3.8/site-packages/airflow/example_dags/example_nested_branch_dag.py
[2026-04-19T00:09:35.920+0000] {processor.py:830} INFO - Processing file /home/airflow/.local/lib/python3.8/site-packages/airflow/example_dags/example_nested_branch_dag.py for tasks to queue
[2026-04-19T00:09:35.923+0000] {logging_mixin.py:188} INFO - [2026-04-19T00:09:35.922+0000] {dagbag.py:538} INFO - Filling up the DagBag from /home/airflow/.local/lib/python3.8/site-packages/airflow/example_dags/example_nested_branch_dag.py
[2026-04-19T00:09:35.937+0000] {processor.py:840} INFO - DAG(s) 'example_nested_branch_dag' retrieved from /home/airflow/.local/lib/python3.8/site-packages/airflow/example_dags/example_nested_branch_dag.py
[2026-04-19T00:09:35.969+0000] {logging_mixin.py:188} INFO - [2026-04-19T00:09:35.969+0000] {dag.py:3036} INFO - Sync 1 DAGs
[2026-04-19T00:09:36.004+0000] {logging_mixin.py:188} INFO - [2026-04-19T00:09:36.003+0000] {dag.py:3823} INFO - Setting next_dagrun for example_nested_branch_dag to 2026-04-18 00:00:00+00:00, run_after=2026-04-19 00:00:00+00:00
[2026-04-19T00:09:36.027+0000] {processor.py:183} INFO - Processing /home/airflow/.local/lib/python3.8/site-packages/airflow/example_dags/example_nested_branch_dag.py took 0.112 seconds
[2026-04-19T00:10:06.488+0000] {processor.py:161} INFO - Started process (PID=11161) to work on /home/airflow/.local/lib/python3.8/site-packages/airflow/example_dags/example_nested_branch_dag.py
[2026-04-19T00:10:06.489+0000] {processor.py:830} INFO - Processing file /home/airflow/.local/lib/python3.8/site-packages/airflow/example_dags/example_nested_branch_dag.py for tasks to queue
[2026-04-19T00:10:06.492+0000] {logging_mixin.py:188} INFO - [2026-04-19T00:10:06.491+0000] {dagbag.py:538} INFO - Filling up the DagBag from /home/airflow/.local/lib/python3.8/site-packages/airflow/example_dags/example_nested_branch_dag.py
[2026-04-19T00:10:06.507+0000] {processor.py:840} INFO - DAG(s) 'example_nested_branch_dag' retrieved from /home/airflow/.local/lib/python3.8/site-packages/airflow/example_dags/example_nested_branch_dag.py
[2026-04-19T00:10:06.541+0000] {logging_mixin.py:188} INFO - [2026-04-19T00:10:06.541+0000] {dag.py:3036} INFO - Sync 1 DAGs
[2026-04-19T00:10:06.572+0000] {logging_mixin.py:188} INFO - [2026-04-19T00:10:06.572+0000] {dag.py:3823} INFO - Setting next_dagrun for example_nested_branch_dag to 2026-04-18 00:00:00+00:00, run_after=2026-04-19 00:00:00+00:00
[2026-04-19T00:10:06.595+0000] {processor.py:183} INFO - Processing /home/airflow/.local/lib/python3.8/site-packages/airflow/example_dags/example_nested_branch_dag.py took 0.113 seconds
[2026-04-19T00:10:36.845+0000] {processor.py:161} INFO - Started process (PID=11216) to work on /home/airflow/.local/lib/python3.8/site-packages/airflow/example_dags/example_nested_branch_dag.py
[2026-04-19T00:10:36.846+0000] {processor.py:830} INFO - Processing file /home/airflow/.local/lib/python3.8/site-packages/airflow/example_dags/example_nested_branch_dag.py for tasks to queue
[2026-04-19T00:10:36.848+0000] {logging_mixin.py:188} INFO - [2026-04-19T00:10:36.848+0000] {dagbag.py:538} INFO - Filling up the DagBag from /home/airflow/.local/lib/python3.8/site-packages/airflow/example_dags/example_nested_branch_dag.py
[2026-04-19T00:10:36.863+0000] {processor.py:840} INFO - DAG(s) 'example_nested_branch_dag' retrieved from /home/airflow/.local/lib/python3.8/site-packages/airflow/example_dags/example_nested_branch_dag.py
[2026-04-19T00:10:36.898+0000] {logging_mixin.py:188} INFO - [2026-04-19T00:10:36.898+0000] {dag.py:3036} INFO - Sync 1 DAGs
[2026-04-19T00:10:36.931+0000] {logging_mixin.py:188} INFO - [2026-04-19T00:10:36.930+0000] {dag.py:3823} INFO - Setting next_dagrun for example_nested_branch_dag to 2026-04-18 00:00:00+00:00, run_after=2026-04-19 00:00:00+00:00
[2026-04-19T00:10:36.953+0000] {processor.py:183} INFO - Processing /home/airflow/.local/lib/python3.8/site-packages/airflow/example_dags/example_nested_branch_dag.py took 0.113 seconds
[2026-04-19T00:11:07.439+0000] {processor.py:161} INFO - Started process (PID=11271) to work on /home/airflow/.local/lib/python3.8/site-packages/airflow/example_dags/example_nested_branch_dag.py
[2026-04-19T00:11:07.441+0000] {processor.py:830} INFO - Processing file /home/airflow/.local/lib/python3.8/site-packages/airflow/example_dags/example_nested_branch_dag.py for tasks to queue
[2026-04-19T00:11:07.443+0000] {logging_mixin.py:188} INFO - [2026-04-19T00:11:07.442+0000] {dagbag.py:538} INFO - Filling up the DagBag from /home/airflow/.local/lib/python3.8/site-packages/airflow/example_dags/example_nested_branch_dag.py
[2026-04-19T00:11:07.458+0000] {processor.py:840} INFO - DAG(s) 'example_nested_branch_dag' retrieved from /home/airflow/.local/lib/python3.8/site-packages/airflow/example_dags/example_nested_branch_dag.py
[2026-04-19T00:11:07.493+0000] {logging_mixin.py:188} INFO - [2026-04-19T00:11:07.492+0000] {dag.py:3036} INFO - Sync 1 DAGs
[2026-04-19T00:11:07.527+0000] {logging_mixin.py:188} INFO - [2026-04-19T00:11:07.526+0000] {dag.py:3823} INFO - Setting next_dagrun for example_nested_branch_dag to 2026-04-18 00:00:00+00:00, run_after=2026-04-19 00:00:00+00:00
[2026-04-19T00:11:07.550+0000] {processor.py:183} INFO - Processing /home/airflow/.local/lib/python3.8/site-packages/airflow/example_dags/example_nested_branch_dag.py took 0.116 seconds
[2026-04-19T00:11:37.907+0000] {processor.py:161} INFO - Started process (PID=11326) to work on /home/airflow/.local/lib/python3.8/site-packages/airflow/example_dags/example_nested_branch_dag.py
[2026-04-19T00:11:37.909+0000] {processor.py:830} INFO - Processing file /home/airflow/.local/lib/python3.8/site-packages/airflow/example_dags/example_nested_branch_dag.py for tasks to queue
[2026-04-19T00:11:37.912+0000] {logging_mixin.py:188} INFO - [2026-04-19T00:11:37.911+0000] {dagbag.py:538} INFO - Filling up the DagBag from /home/airflow/.local/lib/python3.8/site-packages/airflow/example_dags/example_nested_branch_dag.py
[2026-04-19T00:11:37.926+0000] {processor.py:840} INFO - DAG(s) 'example_nested_branch_dag' retrieved from /home/airflow/.local/lib/python3.8/site-packages/airflow/example_dags/example_nested_branch_dag.py
[2026-04-19T00:11:37.962+0000] {logging_mixin.py:188} INFO - [2026-04-19T00:11:37.962+0000] {dag.py:3036} INFO - Sync 1 DAGs
[2026-04-19T00:11:38.001+0000] {logging_mixin.py:188} INFO - [2026-04-19T00:11:38.001+0000] {dag.py:3823} INFO - Setting next_dagrun for example_nested_branch_dag to 2026-04-18 00:00:00+00:00, run_after=2026-04-19 00:00:00+00:00
[2026-04-19T00:11:38.030+0000] {processor.py:183} INFO - Processing /home/airflow/.local/lib/python3.8/site-packages/airflow/example_dags/example_nested_branch_dag.py took 0.129 seconds
[2026-04-19T00:12:08.257+0000] {processor.py:161} INFO - Started process (PID=11381) to work on /home/airflow/.local/lib/python3.8/site-packages/airflow/example_dags/example_nested_branch_dag.py
[2026-04-19T00:12:08.258+0000] {processor.py:830} INFO - Processing file /home/airflow/.local/lib/python3.8/site-packages/airflow/example_dags/example_nested_branch_dag.py for tasks to queue
[2026-04-19T00:12:08.262+0000] {logging_mixin.py:188} INFO - [2026-04-19T00:12:08.261+0000] {dagbag.py:538} INFO - Filling up the DagBag from /home/airflow/.local/lib/python3.8/site-packages/airflow/example_dags/example_nested_branch_dag.py
[2026-04-19T00:12:08.276+0000] {processor.py:840} INFO - DAG(s) 'example_nested_branch_dag' retrieved from /home/airflow/.local/lib/python3.8/site-packages/airflow/example_dags/example_nested_branch_dag.py
[2026-04-19T00:12:08.312+0000] {logging_mixin.py:188} INFO - [2026-04-19T00:12:08.312+0000] {dag.py:3036} INFO - Sync 1 DAGs
[2026-04-19T00:12:08.345+0000] {logging_mixin.py:188} INFO - [2026-04-19T00:12:08.344+0000] {dag.py:3823} INFO - Setting next_dagrun for example_nested_branch_dag to 2026-04-18 00:00:00+00:00, run_after=2026-04-19 00:00:00+00:00
[2026-04-19T00:12:08.369+0000] {processor.py:183} INFO - Processing /home/airflow/.local/lib/python3.8/site-packages/airflow/example_dags/example_nested_branch_dag.py took 0.117 seconds
[2026-04-19T00:12:38.594+0000] {processor.py:161} INFO - Started process (PID=11436) to work on /home/airflow/.local/lib/python3.8/site-packages/airflow/example_dags/example_nested_branch_dag.py
[2026-04-19T00:12:38.596+0000] {processor.py:830} INFO - Processing file /home/airflow/.local/lib/python3.8/site-packages/airflow/example_dags/example_nested_branch_dag.py for tasks to queue
[2026-04-19T00:12:38.598+0000] {logging_mixin.py:188} INFO - [2026-04-19T00:12:38.598+0000] {dagbag.py:538} INFO - Filling up the DagBag from /home/airflow/.local/lib/python3.8/site-packages/airflow/example_dags/example_nested_branch_dag.py
[2026-04-19T00:12:38.612+0000] {processor.py:840} INFO - DAG(s) 'example_nested_branch_dag' retrieved from /home/airflow/.local/lib/python3.8/site-packages/airflow/example_dags/example_nested_branch_dag.py
[2026-04-19T00:12:38.644+0000] {logging_mixin.py:188} INFO - [2026-04-19T00:12:38.644+0000] {dag.py:3036} INFO - Sync 1 DAGs
[2026-04-19T00:12:38.675+0000] {logging_mixin.py:188} INFO - [2026-04-19T00:12:38.674+0000] {dag.py:3823} INFO - Setting next_dagrun for example_nested_branch_dag to 2026-04-18 00:00:00+00:00, run_after=2026-04-19 00:00:00+00:00
[2026-04-19T00:12:38.696+0000] {processor.py:183} INFO - Processing /home/airflow/.local/lib/python3.8/site-packages/airflow/example_dags/example_nested_branch_dag.py took 0.107 seconds
[2026-04-19T00:13:09.178+0000] {processor.py:161} INFO - Started process (PID=11491) to work on /home/airflow/.local/lib/python3.8/site-packages/airflow/example_dags/example_nested_branch_dag.py
[2026-04-19T00:13:09.179+0000] {processor.py:830} INFO - Processing file /home/airflow/.local/lib/python3.8/site-packages/airflow/example_dags/example_nested_branch_dag.py for tasks to queue
[2026-04-19T00:13:09.182+0000] {logging_mixin.py:188} INFO - [2026-04-19T00:13:09.182+0000] {dagbag.py:538} INFO - Filling up the DagBag from /home/airflow/.local/lib/python3.8/site-packages/airflow/example_dags/example_nested_branch_dag.py
[2026-04-19T00:13:09.198+0000] {processor.py:840} INFO - DAG(s) 'example_nested_branch_dag' retrieved from /home/airflow/.local/lib/python3.8/site-packages/airflow/example_dags/example_nested_branch_dag.py
[2026-04-19T00:13:09.234+0000] {logging_mixin.py:188} INFO - [2026-04-19T00:13:09.234+0000] {dag.py:3036} INFO - Sync 1 DAGs
[2026-04-19T00:13:09.267+0000] {logging_mixin.py:188} INFO - [2026-04-19T00:13:09.266+0000] {dag.py:3823} INFO - Setting next_dagrun for example_nested_branch_dag to 2026-04-18 00:00:00+00:00, run_after=2026-04-19 00:00:00+00:00
[2026-04-19T00:13:09.291+0000] {processor.py:183} INFO - Processing /home/airflow/.local/lib/python3.8/site-packages/airflow/example_dags/example_nested_branch_dag.py took 0.120 seconds
[2026-04-19T00:13:39.687+0000] {processor.py:161} INFO - Started process (PID=11546) to work on /home/airflow/.local/lib/python3.8/site-packages/airflow/example_dags/example_nested_branch_dag.py
[2026-04-19T00:13:39.688+0000] {processor.py:830} INFO - Processing file /home/airflow/.local/lib/python3.8/site-packages/airflow/example_dags/example_nested_branch_dag.py for tasks to queue
[2026-04-19T00:13:39.691+0000] {logging_mixin.py:188} INFO - [2026-04-19T00:13:39.690+0000] {dagbag.py:538} INFO - Filling up the DagBag from /home/airflow/.local/lib/python3.8/site-packages/airflow/example_dags/example_nested_branch_dag.py
[2026-04-19T00:13:39.705+0000] {processor.py:840} INFO - DAG(s) 'example_nested_branch_dag' retrieved from /home/airflow/.local/lib/python3.8/site-packages/airflow/example_dags/example_nested_branch_dag.py
[2026-04-19T00:13:39.741+0000] {logging_mixin.py:188} INFO - [2026-04-19T00:13:39.741+0000] {dag.py:3036} INFO - Sync 1 DAGs
[2026-04-19T00:13:39.781+0000] {logging_mixin.py:188} INFO - [2026-04-19T00:13:39.780+0000] {dag.py:3823} INFO - Setting next_dagrun for example_nested_branch_dag to 2026-04-18 00:00:00+00:00, run_after=2026-04-19 00:00:00+00:00
[2026-04-19T00:13:39.810+0000] {processor.py:183} INFO - Processing /home/airflow/.local/lib/python3.8/site-packages/airflow/example_dags/example_nested_branch_dag.py took 0.128 seconds
[2026-04-19T00:14:10.018+0000] {processor.py:161} INFO - Started process (PID=11599) to work on /home/airflow/.local/lib/python3.8/site-packages/airflow/example_dags/example_nested_branch_dag.py
[2026-04-19T00:14:10.019+0000] {processor.py:830} INFO - Processing file /home/airflow/.local/lib/python3.8/site-packages/airflow/example_dags/example_nested_branch_dag.py for tasks to queue
[2026-04-19T00:14:10.022+0000] {logging_mixin.py:188} INFO - [2026-04-19T00:14:10.022+0000] {dagbag.py:538} INFO - Filling up the DagBag from /home/airflow/.local/lib/python3.8/site-packages/airflow/example_dags/example_nested_branch_dag.py
[2026-04-19T00:14:10.038+0000] {processor.py:840} INFO - DAG(s) 'example_nested_branch_dag' retrieved from /home/airflow/.local/lib/python3.8/site-packages/airflow/example_dags/example_nested_branch_dag.py
[2026-04-19T00:14:10.072+0000] {logging_mixin.py:188} INFO - [2026-04-19T00:14:10.072+0000] {dag.py:3036} INFO - Sync 1 DAGs
[2026-04-19T00:14:10.104+0000] {logging_mixin.py:188} INFO - [2026-04-19T00:14:10.104+0000] {dag.py:3823} INFO - Setting next_dagrun for example_nested_branch_dag to 2026-04-18 00:00:00+00:00, run_after=2026-04-19 00:00:00+00:00
[2026-04-19T00:14:10.129+0000] {processor.py:183} INFO - Processing /home/airflow/.local/lib/python3.8/site-packages/airflow/example_dags/example_nested_branch_dag.py took 0.117 seconds
[2026-04-19T00:14:40.497+0000] {processor.py:161} INFO - Started process (PID=11654) to work on /home/airflow/.local/lib/python3.8/site-packages/airflow/example_dags/example_nested_branch_dag.py
[2026-04-19T00:14:40.498+0000] {processor.py:830} INFO - Processing file /home/airflow/.local/lib/python3.8/site-packages/airflow/example_dags/example_nested_branch_dag.py for tasks to queue
[2026-04-19T00:14:40.500+0000] {logging_mixin.py:188} INFO - [2026-04-19T00:14:40.500+0000] {dagbag.py:538} INFO - Filling up the DagBag from /home/airflow/.local/lib/python3.8/site-packages/airflow/example_dags/example_nested_branch_dag.py
[2026-04-19T00:14:40.514+0000] {processor.py:840} INFO - DAG(s) 'example_nested_branch_dag' retrieved from /home/airflow/.local/lib/python3.8/site-packages/airflow/example_dags/example_nested_branch_dag.py
[2026-04-19T00:14:40.549+0000] {logging_mixin.py:188} INFO - [2026-04-19T00:14:40.549+0000] {dag.py:3036} INFO - Sync 1 DAGs
[2026-04-19T00:14:40.583+0000] {logging_mixin.py:188} INFO - [2026-04-19T00:14:40.583+0000] {dag.py:3823} INFO - Setting next_dagrun for example_nested_branch_dag to 2026-04-18 00:00:00+00:00, run_after=2026-04-19 00:00:00+00:00
[2026-04-19T00:14:40.607+0000] {processor.py:183} INFO - Processing /home/airflow/.local/lib/python3.8/site-packages/airflow/example_dags/example_nested_branch_dag.py took 0.116 seconds
[2026-04-19T00:15:11.044+0000] {processor.py:161} INFO - Started process (PID=11709) to work on /home/airflow/.local/lib/python3.8/site-packages/airflow/example_dags/example_nested_branch_dag.py
[2026-04-19T00:15:11.046+0000] {processor.py:830} INFO - Processing file /home/airflow/.local/lib/python3.8/site-packages/airflow/example_dags/example_nested_branch_dag.py for tasks to queue
[2026-04-19T00:15:11.048+0000] {logging_mixin.py:188} INFO - [2026-04-19T00:15:11.048+0000] {dagbag.py:538} INFO - Filling up the DagBag from /home/airflow/.local/lib/python3.8/site-packages/airflow/example_dags/example_nested_branch_dag.py
[2026-04-19T00:15:11.064+0000] {processor.py:840} INFO - DAG(s) 'example_nested_branch_dag' retrieved from /home/airflow/.local/lib/python3.8/site-packages/airflow/example_dags/example_nested_branch_dag.py
[2026-04-19T00:15:11.098+0000] {logging_mixin.py:188} INFO - [2026-04-19T00:15:11.097+0000] {dag.py:3036} INFO - Sync 1 DAGs
[2026-04-19T00:15:11.133+0000] {logging_mixin.py:188} INFO - [2026-04-19T00:15:11.132+0000] {dag.py:3823} INFO - Setting next_dagrun for example_nested_branch_dag to 2026-04-18 00:00:00+00:00, run_after=2026-04-19 00:00:00+00:00
[2026-04-19T00:15:11.158+0000] {processor.py:183} INFO - Processing /home/airflow/.local/lib/python3.8/site-packages/airflow/example_dags/example_nested_branch_dag.py took 0.120 seconds
[2026-04-19T00:15:41.582+0000] {processor.py:161} INFO - Started process (PID=11765) to work on /home/airflow/.local/lib/python3.8/site-packages/airflow/example_dags/example_nested_branch_dag.py
[2026-04-19T00:15:41.583+0000] {processor.py:830} INFO - Processing file /home/airflow/.local/lib/python3.8/site-packages/airflow/example_dags/example_nested_branch_dag.py for tasks to queue
[2026-04-19T00:15:41.586+0000] {logging_mixin.py:188} INFO - [2026-04-19T00:15:41.586+0000] {dagbag.py:538} INFO - Filling up the DagBag from /home/airflow/.local/lib/python3.8/site-packages/airflow/example_dags/example_nested_branch_dag.py
[2026-04-19T00:15:41.602+0000] {processor.py:840} INFO - DAG(s) 'example_nested_branch_dag' retrieved from /home/airflow/.local/lib/python3.8/site-packages/airflow/example_dags/example_nested_branch_dag.py
[2026-04-19T00:15:41.639+0000] {logging_mixin.py:188} INFO - [2026-04-19T00:15:41.639+0000] {dag.py:3036} INFO - Sync 1 DAGs
[2026-04-19T00:15:41.676+0000] {logging_mixin.py:188} INFO - [2026-04-19T00:15:41.675+0000] {dag.py:3823} INFO - Setting next_dagrun for example_nested_branch_dag to 2026-04-18 00:00:00+00:00, run_after=2026-04-19 00:00:00+00:00
[2026-04-19T00:15:41.705+0000] {processor.py:183} INFO - Processing /home/airflow/.local/lib/python3.8/site-packages/airflow/example_dags/example_nested_branch_dag.py took 0.128 seconds
[2026-04-19T00:16:12.232+0000] {processor.py:161} INFO - Started process (PID=11820) to work on /home/airflow/.local/lib/python3.8/site-packages/airflow/example_dags/example_nested_branch_dag.py
[2026-04-19T00:16:12.234+0000] {processor.py:830} INFO - Processing file /home/airflow/.local/lib/python3.8/site-packages/airflow/example_dags/example_nested_branch_dag.py for tasks to queue
[2026-04-19T00:16:12.237+0000] {logging_mixin.py:188} INFO - [2026-04-19T00:16:12.237+0000] {dagbag.py:538} INFO - Filling up the DagBag from /home/airflow/.local/lib/python3.8/site-packages/airflow/example_dags/example_nested_branch_dag.py
[2026-04-19T00:16:12.254+0000] {processor.py:840} INFO - DAG(s) 'example_nested_branch_dag' retrieved from /home/airflow/.local/lib/python3.8/site-packages/airflow/example_dags/example_nested_branch_dag.py
[2026-04-19T00:16:12.291+0000] {logging_mixin.py:188} INFO - [2026-04-19T00:16:12.290+0000] {dag.py:3036} INFO - Sync 1 DAGs
[2026-04-19T00:16:12.323+0000] {logging_mixin.py:188} INFO - [2026-04-19T00:16:12.323+0000] {dag.py:3823} INFO - Setting next_dagrun for example_nested_branch_dag to 2026-04-18 00:00:00+00:00, run_after=2026-04-19 00:00:00+00:00
[2026-04-19T00:16:12.347+0000] {processor.py:183} INFO - Processing /home/airflow/.local/lib/python3.8/site-packages/airflow/example_dags/example_nested_branch_dag.py took 0.121 seconds
[2026-04-19T00:16:42.588+0000] {processor.py:161} INFO - Started process (PID=11875) to work on /home/airflow/.local/lib/python3.8/site-packages/airflow/example_dags/example_nested_branch_dag.py
[2026-04-19T00:16:42.589+0000] {processor.py:830} INFO - Processing file /home/airflow/.local/lib/python3.8/site-packages/airflow/example_dags/example_nested_branch_dag.py for tasks to queue
[2026-04-19T00:16:42.591+0000] {logging_mixin.py:188} INFO - [2026-04-19T00:16:42.591+0000] {dagbag.py:538} INFO - Filling up the DagBag from /home/airflow/.local/lib/python3.8/site-packages/airflow/example_dags/example_nested_branch_dag.py
[2026-04-19T00:16:42.606+0000] {processor.py:840} INFO - DAG(s) 'example_nested_branch_dag' retrieved from /home/airflow/.local/lib/python3.8/site-packages/airflow/example_dags/example_nested_branch_dag.py
[2026-04-19T00:16:42.641+0000] {logging_mixin.py:188} INFO - [2026-04-19T00:16:42.641+0000] {dag.py:3036} INFO - Sync 1 DAGs
[2026-04-19T00:16:42.678+0000] {logging_mixin.py:188} INFO - [2026-04-19T00:16:42.678+0000] {dag.py:3823} INFO - Setting next_dagrun for example_nested_branch_dag to 2026-04-18 00:00:00+00:00, run_after=2026-04-19 00:00:00+00:00
[2026-04-19T00:16:42.703+0000] {processor.py:183} INFO - Processing /home/airflow/.local/lib/python3.8/site-packages/airflow/example_dags/example_nested_branch_dag.py took 0.120 seconds
[2026-04-19T00:17:12.945+0000] {processor.py:161} INFO - Started process (PID=11930) to work on /home/airflow/.local/lib/python3.8/site-packages/airflow/example_dags/example_nested_branch_dag.py
[2026-04-19T00:17:12.946+0000] {processor.py:830} INFO - Processing file /home/airflow/.local/lib/python3.8/site-packages/airflow/example_dags/example_nested_branch_dag.py for tasks to queue
[2026-04-19T00:17:12.949+0000] {logging_mixin.py:188} INFO - [2026-04-19T00:17:12.949+0000] {dagbag.py:538} INFO - Filling up the DagBag from /home/airflow/.local/lib/python3.8/site-packages/airflow/example_dags/example_nested_branch_dag.py
[2026-04-19T00:17:12.964+0000] {processor.py:840} INFO - DAG(s) 'example_nested_branch_dag' retrieved from /home/airflow/.local/lib/python3.8/site-packages/airflow/example_dags/example_nested_branch_dag.py
[2026-04-19T00:17:13.002+0000] {logging_mixin.py:188} INFO - [2026-04-19T00:17:13.001+0000] {dag.py:3036} INFO - Sync 1 DAGs
[2026-04-19T00:17:13.035+0000] {logging_mixin.py:188} INFO - [2026-04-19T00:17:13.034+0000] {dag.py:3823} INFO - Setting next_dagrun for example_nested_branch_dag to 2026-04-18 00:00:00+00:00, run_after=2026-04-19 00:00:00+00:00
[2026-04-19T00:17:13.059+0000] {processor.py:183} INFO - Processing /home/airflow/.local/lib/python3.8/site-packages/airflow/example_dags/example_nested_branch_dag.py took 0.119 seconds
[2026-04-19T00:17:43.508+0000] {processor.py:161} INFO - Started process (PID=11985) to work on /home/airflow/.local/lib/python3.8/site-packages/airflow/example_dags/example_nested_branch_dag.py
[2026-04-19T00:17:43.510+0000] {processor.py:830} INFO - Processing file /home/airflow/.local/lib/python3.8/site-packages/airflow/example_dags/example_nested_branch_dag.py for tasks to queue
[2026-04-19T00:17:43.513+0000] {logging_mixin.py:188} INFO - [2026-04-19T00:17:43.512+0000] {dagbag.py:538} INFO - Filling up the DagBag from /home/airflow/.local/lib/python3.8/site-packages/airflow/example_dags/example_nested_branch_dag.py
[2026-04-19T00:17:43.530+0000] {processor.py:840} INFO - DAG(s) 'example_nested_branch_dag' retrieved from /home/airflow/.local/lib/python3.8/site-packages/airflow/example_dags/example_nested_branch_dag.py
[2026-04-19T00:17:43.566+0000] {logging_mixin.py:188} INFO - [2026-04-19T00:17:43.565+0000] {dag.py:3036} INFO - Sync 1 DAGs
[2026-04-19T00:17:43.606+0000] {logging_mixin.py:188} INFO - [2026-04-19T00:17:43.605+0000] {dag.py:3823} INFO - Setting next_dagrun for example_nested_branch_dag to 2026-04-18 00:00:00+00:00, run_after=2026-04-19 00:00:00+00:00
[2026-04-19T00:17:43.638+0000] {processor.py:183} INFO - Processing /home/airflow/.local/lib/python3.8/site-packages/airflow/example_dags/example_nested_branch_dag.py took 0.135 seconds
[2026-04-19T00:18:14.033+0000] {processor.py:161} INFO - Started process (PID=12040) to work on /home/airflow/.local/lib/python3.8/site-packages/airflow/example_dags/example_nested_branch_dag.py
[2026-04-19T00:18:14.034+0000] {processor.py:830} INFO - Processing file /home/airflow/.local/lib/python3.8/site-packages/airflow/example_dags/example_nested_branch_dag.py for tasks to queue
[2026-04-19T00:18:14.037+0000] {logging_mixin.py:188} INFO - [2026-04-19T00:18:14.037+0000] {dagbag.py:538} INFO - Filling up the DagBag from /home/airflow/.local/lib/python3.8/site-packages/airflow/example_dags/example_nested_branch_dag.py
[2026-04-19T00:18:14.052+0000] {processor.py:840} INFO - DAG(s) 'example_nested_branch_dag' retrieved from /home/airflow/.local/lib/python3.8/site-packages/airflow/example_dags/example_nested_branch_dag.py
[2026-04-19T00:18:14.086+0000] {logging_mixin.py:188} INFO - [2026-04-19T00:18:14.085+0000] {dag.py:3036} INFO - Sync 1 DAGs
[2026-04-19T00:18:14.121+0000] {logging_mixin.py:188} INFO - [2026-04-19T00:18:14.120+0000] {dag.py:3823} INFO - Setting next_dagrun for example_nested_branch_dag to 2026-04-18 00:00:00+00:00, run_after=2026-04-19 00:00:00+00:00
[2026-04-19T00:18:14.145+0000] {processor.py:183} INFO - Processing /home/airflow/.local/lib/python3.8/site-packages/airflow/example_dags/example_nested_branch_dag.py took 0.118 seconds
[2026-04-19T00:18:44.586+0000] {processor.py:161} INFO - Started process (PID=12095) to work on /home/airflow/.local/lib/python3.8/site-packages/airflow/example_dags/example_nested_branch_dag.py
[2026-04-19T00:18:44.588+0000] {processor.py:830} INFO - Processing file /home/airflow/.local/lib/python3.8/site-packages/airflow/example_dags/example_nested_branch_dag.py for tasks to queue
[2026-04-19T00:18:44.590+0000] {logging_mixin.py:188} INFO - [2026-04-19T00:18:44.590+0000] {dagbag.py:538} INFO - Filling up the DagBag from /home/airflow/.local/lib/python3.8/site-packages/airflow/example_dags/example_nested_branch_dag.py
[2026-04-19T00:18:44.605+0000] {processor.py:840} INFO - DAG(s) 'example_nested_branch_dag' retrieved from /home/airflow/.local/lib/python3.8/site-packages/airflow/example_dags/example_nested_branch_dag.py
[2026-04-19T00:18:44.642+0000] {logging_mixin.py:188} INFO - [2026-04-19T00:18:44.642+0000] {dag.py:3036} INFO - Sync 1 DAGs
[2026-04-19T00:18:44.685+0000] {logging_mixin.py:188} INFO - [2026-04-19T00:18:44.684+0000] {dag.py:3823} INFO - Setting next_dagrun for example_nested_branch_dag to 2026-04-18 00:00:00+00:00, run_after=2026-04-19 00:00:00+00:00
[2026-04-19T00:18:44.712+0000] {processor.py:183} INFO - Processing /home/airflow/.local/lib/python3.8/site-packages/airflow/example_dags/example_nested_branch_dag.py took 0.132 seconds
[2026-04-19T00:19:14.943+0000] {processor.py:161} INFO - Started process (PID=12149) to work on /home/airflow/.local/lib/python3.8/site-packages/airflow/example_dags/example_nested_branch_dag.py
[2026-04-19T00:19:14.944+0000] {processor.py:830} INFO - Processing file /home/airflow/.local/lib/python3.8/site-packages/airflow/example_dags/example_nested_branch_dag.py for tasks to queue
[2026-04-19T00:19:14.947+0000] {logging_mixin.py:188} INFO - [2026-04-19T00:19:14.947+0000] {dagbag.py:538} INFO - Filling up the DagBag from /home/airflow/.local/lib/python3.8/site-packages/airflow/example_dags/example_nested_branch_dag.py
[2026-04-19T00:19:14.962+0000] {processor.py:840} INFO - DAG(s) 'example_nested_branch_dag' retrieved from /home/airflow/.local/lib/python3.8/site-packages/airflow/example_dags/example_nested_branch_dag.py
[2026-04-19T00:19:14.994+0000] {logging_mixin.py:188} INFO - [2026-04-19T00:19:14.994+0000] {dag.py:3036} INFO - Sync 1 DAGs
[2026-04-19T00:19:15.027+0000] {logging_mixin.py:188} INFO - [2026-04-19T00:19:15.027+0000] {dag.py:3823} INFO - Setting next_dagrun for example_nested_branch_dag to 2026-04-18 00:00:00+00:00, run_after=2026-04-19 00:00:00+00:00
[2026-04-19T00:19:15.053+0000] {processor.py:183} INFO - Processing /home/airflow/.local/lib/python3.8/site-packages/airflow/example_dags/example_nested_branch_dag.py took 0.115 seconds
[2026-04-19T00:19:45.383+0000] {processor.py:161} INFO - Started process (PID=12204) to work on /home/airflow/.local/lib/python3.8/site-packages/airflow/example_dags/example_nested_branch_dag.py
[2026-04-19T00:19:45.385+0000] {processor.py:830} INFO - Processing file /home/airflow/.local/lib/python3.8/site-packages/airflow/example_dags/example_nested_branch_dag.py for tasks to queue
[2026-04-19T00:19:45.387+0000] {logging_mixin.py:188} INFO - [2026-04-19T00:19:45.387+0000] {dagbag.py:538} INFO - Filling up the DagBag from /home/airflow/.local/lib/python3.8/site-packages/airflow/example_dags/example_nested_branch_dag.py
[2026-04-19T00:19:45.403+0000] {processor.py:840} INFO - DAG(s) 'example_nested_branch_dag' retrieved from /home/airflow/.local/lib/python3.8/site-packages/airflow/example_dags/example_nested_branch_dag.py
[2026-04-19T00:19:45.437+0000] {logging_mixin.py:188} INFO - [2026-04-19T00:19:45.437+0000] {dag.py:3036} INFO - Sync 1 DAGs
[2026-04-19T00:19:45.473+0000] {logging_mixin.py:188} INFO - [2026-04-19T00:19:45.472+0000] {dag.py:3823} INFO - Setting next_dagrun for example_nested_branch_dag to 2026-04-18 00:00:00+00:00, run_after=2026-04-19 00:00:00+00:00
[2026-04-19T00:19:45.501+0000] {processor.py:183} INFO - Processing /home/airflow/.local/lib/python3.8/site-packages/airflow/example_dags/example_nested_branch_dag.py took 0.123 seconds
[2026-04-19T00:20:15.798+0000] {processor.py:161} INFO - Started process (PID=12259) to work on /home/airflow/.local/lib/python3.8/site-packages/airflow/example_dags/example_nested_branch_dag.py
[2026-04-19T00:20:15.799+0000] {processor.py:830} INFO - Processing file /home/airflow/.local/lib/python3.8/site-packages/airflow/example_dags/example_nested_branch_dag.py for tasks to queue
[2026-04-19T00:20:15.802+0000] {logging_mixin.py:188} INFO - [2026-04-19T00:20:15.801+0000] {dagbag.py:538} INFO - Filling up the DagBag from /home/airflow/.local/lib/python3.8/site-packages/airflow/example_dags/example_nested_branch_dag.py
[2026-04-19T00:20:15.815+0000] {processor.py:840} INFO - DAG(s) 'example_nested_branch_dag' retrieved from /home/airflow/.local/lib/python3.8/site-packages/airflow/example_dags/example_nested_branch_dag.py
[2026-04-19T00:20:15.848+0000] {logging_mixin.py:188} INFO - [2026-04-19T00:20:15.848+0000] {dag.py:3036} INFO - Sync 1 DAGs
[2026-04-19T00:20:15.879+0000] {logging_mixin.py:188} INFO - [2026-04-19T00:20:15.879+0000] {dag.py:3823} INFO - Setting next_dagrun for example_nested_branch_dag to 2026-04-18 00:00:00+00:00, run_after=2026-04-19 00:00:00+00:00
[2026-04-19T00:20:15.903+0000] {processor.py:183} INFO - Processing /home/airflow/.local/lib/python3.8/site-packages/airflow/example_dags/example_nested_branch_dag.py took 0.109 seconds
[2026-04-19T00:20:46.191+0000] {processor.py:161} INFO - Started process (PID=12314) to work on /home/airflow/.local/lib/python3.8/site-packages/airflow/example_dags/example_nested_branch_dag.py
[2026-04-19T00:20:46.193+0000] {processor.py:830} INFO - Processing file /home/airflow/.local/lib/python3.8/site-packages/airflow/example_dags/example_nested_branch_dag.py for tasks to queue
[2026-04-19T00:20:46.196+0000] {logging_mixin.py:188} INFO - [2026-04-19T00:20:46.195+0000] {dagbag.py:538} INFO - Filling up the DagBag from /home/airflow/.local/lib/python3.8/site-packages/airflow/example_dags/example_nested_branch_dag.py
[2026-04-19T00:20:46.215+0000] {processor.py:840} INFO - DAG(s) 'example_nested_branch_dag' retrieved from /home/airflow/.local/lib/python3.8/site-packages/airflow/example_dags/example_nested_branch_dag.py
[2026-04-19T00:20:46.248+0000] {logging_mixin.py:188} INFO - [2026-04-19T00:20:46.248+0000] {dag.py:3036} INFO - Sync 1 DAGs
[2026-04-19T00:20:46.283+0000] {logging_mixin.py:188} INFO - [2026-04-19T00:20:46.283+0000] {dag.py:3823} INFO - Setting next_dagrun for example_nested_branch_dag to 2026-04-18 00:00:00+00:00, run_after=2026-04-19 00:00:00+00:00
[2026-04-19T00:20:46.309+0000] {processor.py:183} INFO - Processing /home/airflow/.local/lib/python3.8/site-packages/airflow/example_dags/example_nested_branch_dag.py took 0.124 seconds
[2026-04-19T00:21:16.566+0000] {processor.py:161} INFO - Started process (PID=12369) to work on /home/airflow/.local/lib/python3.8/site-packages/airflow/example_dags/example_nested_branch_dag.py
[2026-04-19T00:21:16.567+0000] {processor.py:830} INFO - Processing file /home/airflow/.local/lib/python3.8/site-packages/airflow/example_dags/example_nested_branch_dag.py for tasks to queue
[2026-04-19T00:21:16.569+0000] {logging_mixin.py:188} INFO - [2026-04-19T00:21:16.569+0000] {dagbag.py:538} INFO - Filling up the DagBag from /home/airflow/.local/lib/python3.8/site-packages/airflow/example_dags/example_nested_branch_dag.py
[2026-04-19T00:21:16.583+0000] {processor.py:840} INFO - DAG(s) 'example_nested_branch_dag' retrieved from /home/airflow/.local/lib/python3.8/site-packages/airflow/example_dags/example_nested_branch_dag.py
[2026-04-19T00:21:16.616+0000] {logging_mixin.py:188} INFO - [2026-04-19T00:21:16.616+0000] {dag.py:3036} INFO - Sync 1 DAGs
[2026-04-19T00:21:16.649+0000] {logging_mixin.py:188} INFO - [2026-04-19T00:21:16.648+0000] {dag.py:3823} INFO - Setting next_dagrun for example_nested_branch_dag to 2026-04-18 00:00:00+00:00, run_after=2026-04-19 00:00:00+00:00
[2026-04-19T00:21:16.673+0000] {processor.py:183} INFO - Processing /home/airflow/.local/lib/python3.8/site-packages/airflow/example_dags/example_nested_branch_dag.py took 0.112 seconds
[2026-04-19T00:21:47.156+0000] {processor.py:161} INFO - Started process (PID=12424) to work on /home/airflow/.local/lib/python3.8/site-packages/airflow/example_dags/example_nested_branch_dag.py
[2026-04-19T00:21:47.157+0000] {processor.py:830} INFO - Processing file /home/airflow/.local/lib/python3.8/site-packages/airflow/example_dags/example_nested_branch_dag.py for tasks to queue
[2026-04-19T00:21:47.160+0000] {logging_mixin.py:188} INFO - [2026-04-19T00:21:47.159+0000] {dagbag.py:538} INFO - Filling up the DagBag from /home/airflow/.local/lib/python3.8/site-packages/airflow/example_dags/example_nested_branch_dag.py
[2026-04-19T00:21:47.174+0000] {processor.py:840} INFO - DAG(s) 'example_nested_branch_dag' retrieved from /home/airflow/.local/lib/python3.8/site-packages/airflow/example_dags/example_nested_branch_dag.py
[2026-04-19T00:21:47.208+0000] {logging_mixin.py:188} INFO - [2026-04-19T00:21:47.207+0000] {dag.py:3036} INFO - Sync 1 DAGs
[2026-04-19T00:21:47.244+0000] {logging_mixin.py:188} INFO - [2026-04-19T00:21:47.243+0000] {dag.py:3823} INFO - Setting next_dagrun for example_nested_branch_dag to 2026-04-18 00:00:00+00:00, run_after=2026-04-19 00:00:00+00:00
[2026-04-19T00:21:47.268+0000] {processor.py:183} INFO - Processing /home/airflow/.local/lib/python3.8/site-packages/airflow/example_dags/example_nested_branch_dag.py took 0.118 seconds
[2026-04-19T00:22:17.388+0000] {processor.py:161} INFO - Started process (PID=12479) to work on /home/airflow/.local/lib/python3.8/site-packages/airflow/example_dags/example_nested_branch_dag.py
[2026-04-19T00:22:17.390+0000] {processor.py:830} INFO - Processing file /home/airflow/.local/lib/python3.8/site-packages/airflow/example_dags/example_nested_branch_dag.py for tasks to queue
[2026-04-19T00:22:17.392+0000] {logging_mixin.py:188} INFO - [2026-04-19T00:22:17.392+0000] {dagbag.py:538} INFO - Filling up the DagBag from /home/airflow/.local/lib/python3.8/site-packages/airflow/example_dags/example_nested_branch_dag.py
[2026-04-19T00:22:17.407+0000] {processor.py:840} INFO - DAG(s) 'example_nested_branch_dag' retrieved from /home/airflow/.local/lib/python3.8/site-packages/airflow/example_dags/example_nested_branch_dag.py
[2026-04-19T00:22:17.439+0000] {logging_mixin.py:188} INFO - [2026-04-19T00:22:17.439+0000] {dag.py:3036} INFO - Sync 1 DAGs
[2026-04-19T00:22:17.471+0000] {logging_mixin.py:188} INFO - [2026-04-19T00:22:17.470+0000] {dag.py:3823} INFO - Setting next_dagrun for example_nested_branch_dag to 2026-04-18 00:00:00+00:00, run_after=2026-04-19 00:00:00+00:00
[2026-04-19T00:22:17.496+0000] {processor.py:183} INFO - Processing /home/airflow/.local/lib/python3.8/site-packages/airflow/example_dags/example_nested_branch_dag.py took 0.113 seconds
[2026-04-19T00:22:48.142+0000] {processor.py:161} INFO - Started process (PID=12534) to work on /home/airflow/.local/lib/python3.8/site-packages/airflow/example_dags/example_nested_branch_dag.py
[2026-04-19T00:22:48.145+0000] {processor.py:830} INFO - Processing file /home/airflow/.local/lib/python3.8/site-packages/airflow/example_dags/example_nested_branch_dag.py for tasks to queue
[2026-04-19T00:22:48.148+0000] {logging_mixin.py:188} INFO - [2026-04-19T00:22:48.147+0000] {dagbag.py:538} INFO - Filling up the DagBag from /home/airflow/.local/lib/python3.8/site-packages/airflow/example_dags/example_nested_branch_dag.py
[2026-04-19T00:22:48.169+0000] {processor.py:840} INFO - DAG(s) 'example_nested_branch_dag' retrieved from /home/airflow/.local/lib/python3.8/site-packages/airflow/example_dags/example_nested_branch_dag.py
[2026-04-19T00:22:48.211+0000] {logging_mixin.py:188} INFO - [2026-04-19T00:22:48.210+0000] {dag.py:3036} INFO - Sync 1 DAGs
[2026-04-19T00:22:48.256+0000] {logging_mixin.py:188} INFO - [2026-04-19T00:22:48.255+0000] {dag.py:3823} INFO - Setting next_dagrun for example_nested_branch_dag to 2026-04-18 00:00:00+00:00, run_after=2026-04-19 00:00:00+00:00
[2026-04-19T00:22:48.283+0000] {processor.py:183} INFO - Processing /home/airflow/.local/lib/python3.8/site-packages/airflow/example_dags/example_nested_branch_dag.py took 0.147 seconds
[2026-04-19T00:23:18.443+0000] {processor.py:161} INFO - Started process (PID=12589) to work on /home/airflow/.local/lib/python3.8/site-packages/airflow/example_dags/example_nested_branch_dag.py
[2026-04-19T00:23:18.445+0000] {processor.py:830} INFO - Processing file /home/airflow/.local/lib/python3.8/site-packages/airflow/example_dags/example_nested_branch_dag.py for tasks to queue
[2026-04-19T00:23:18.448+0000] {logging_mixin.py:188} INFO - [2026-04-19T00:23:18.448+0000] {dagbag.py:538} INFO - Filling up the DagBag from /home/airflow/.local/lib/python3.8/site-packages/airflow/example_dags/example_nested_branch_dag.py
[2026-04-19T00:23:18.468+0000] {processor.py:840} INFO - DAG(s) 'example_nested_branch_dag' retrieved from /home/airflow/.local/lib/python3.8/site-packages/airflow/example_dags/example_nested_branch_dag.py
[2026-04-19T00:23:18.504+0000] {logging_mixin.py:188} INFO - [2026-04-19T00:23:18.504+0000] {dag.py:3036} INFO - Sync 1 DAGs
[2026-04-19T00:23:18.541+0000] {logging_mixin.py:188} INFO - [2026-04-19T00:23:18.541+0000] {dag.py:3823} INFO - Setting next_dagrun for example_nested_branch_dag to 2026-04-18 00:00:00+00:00, run_after=2026-04-19 00:00:00+00:00
[2026-04-19T00:23:18.566+0000] {processor.py:183} INFO - Processing /home/airflow/.local/lib/python3.8/site-packages/airflow/example_dags/example_nested_branch_dag.py took 0.129 seconds
[2026-04-19T00:23:48.669+0000] {processor.py:161} INFO - Started process (PID=12644) to work on /home/airflow/.local/lib/python3.8/site-packages/airflow/example_dags/example_nested_branch_dag.py
[2026-04-19T00:23:48.671+0000] {processor.py:830} INFO - Processing file /home/airflow/.local/lib/python3.8/site-packages/airflow/example_dags/example_nested_branch_dag.py for tasks to queue
[2026-04-19T00:23:48.673+0000] {logging_mixin.py:188} INFO - [2026-04-19T00:23:48.673+0000] {dagbag.py:538} INFO - Filling up the DagBag from /home/airflow/.local/lib/python3.8/site-packages/airflow/example_dags/example_nested_branch_dag.py
[2026-04-19T00:23:48.687+0000] {processor.py:840} INFO - DAG(s) 'example_nested_branch_dag' retrieved from /home/airflow/.local/lib/python3.8/site-packages/airflow/example_dags/example_nested_branch_dag.py
[2026-04-19T00:23:48.717+0000] {logging_mixin.py:188} INFO - [2026-04-19T00:23:48.717+0000] {dag.py:3036} INFO - Sync 1 DAGs
[2026-04-19T00:23:48.748+0000] {logging_mixin.py:188} INFO - [2026-04-19T00:23:48.748+0000] {dag.py:3823} INFO - Setting next_dagrun for example_nested_branch_dag to 2026-04-18 00:00:00+00:00, run_after=2026-04-19 00:00:00+00:00
[2026-04-19T00:23:48.777+0000] {processor.py:183} INFO - Processing /home/airflow/.local/lib/python3.8/site-packages/airflow/example_dags/example_nested_branch_dag.py took 0.112 seconds
[2026-04-19T00:24:18.909+0000] {processor.py:161} INFO - Started process (PID=12699) to work on /home/airflow/.local/lib/python3.8/site-packages/airflow/example_dags/example_nested_branch_dag.py
[2026-04-19T00:24:18.910+0000] {processor.py:830} INFO - Processing file /home/airflow/.local/lib/python3.8/site-packages/airflow/example_dags/example_nested_branch_dag.py for tasks to queue
[2026-04-19T00:24:18.913+0000] {logging_mixin.py:188} INFO - [2026-04-19T00:24:18.912+0000] {dagbag.py:538} INFO - Filling up the DagBag from /home/airflow/.local/lib/python3.8/site-packages/airflow/example_dags/example_nested_branch_dag.py
[2026-04-19T00:24:18.927+0000] {processor.py:840} INFO - DAG(s) 'example_nested_branch_dag' retrieved from /home/airflow/.local/lib/python3.8/site-packages/airflow/example_dags/example_nested_branch_dag.py
[2026-04-19T00:24:18.957+0000] {logging_mixin.py:188} INFO - [2026-04-19T00:24:18.957+0000] {dag.py:3036} INFO - Sync 1 DAGs
[2026-04-19T00:24:18.992+0000] {logging_mixin.py:188} INFO - [2026-04-19T00:24:18.992+0000] {dag.py:3823} INFO - Setting next_dagrun for example_nested_branch_dag to 2026-04-18 00:00:00+00:00, run_after=2026-04-19 00:00:00+00:00
[2026-04-19T00:24:19.016+0000] {processor.py:183} INFO - Processing /home/airflow/.local/lib/python3.8/site-packages/airflow/example_dags/example_nested_branch_dag.py took 0.113 seconds
