[2026-04-19T00:00:27.935+0000] {processor.py:161} INFO - Started process (PID=10107) to work on /home/airflow/.local/lib/python3.8/site-packages/airflow/example_dags/example_trigger_target_dag.py
[2026-04-19T00:00:27.936+0000] {processor.py:830} INFO - Processing file /home/airflow/.local/lib/python3.8/site-packages/airflow/example_dags/example_trigger_target_dag.py for tasks to queue
[2026-04-19T00:00:27.939+0000] {logging_mixin.py:188} INFO - [2026-04-19T00:00:27.938+0000] {dagbag.py:538} INFO - Filling up the DagBag from /home/airflow/.local/lib/python3.8/site-packages/airflow/example_dags/example_trigger_target_dag.py
[2026-04-19T00:00:27.947+0000] {processor.py:840} INFO - DAG(s) 'example_trigger_target_dag' retrieved from /home/airflow/.local/lib/python3.8/site-packages/airflow/example_dags/example_trigger_target_dag.py
[2026-04-19T00:00:27.979+0000] {logging_mixin.py:188} INFO - [2026-04-19T00:00:27.979+0000] {dag.py:3036} INFO - Sync 1 DAGs
[2026-04-19T00:00:27.999+0000] {logging_mixin.py:188} INFO - [2026-04-19T00:00:27.998+0000] {dag.py:3823} INFO - Setting next_dagrun for example_trigger_target_dag to None, run_after=None
[2026-04-19T00:00:28.025+0000] {processor.py:183} INFO - Processing /home/airflow/.local/lib/python3.8/site-packages/airflow/example_dags/example_trigger_target_dag.py took 0.095 seconds
[2026-04-19T00:00:58.400+0000] {processor.py:161} INFO - Started process (PID=10162) to work on /home/airflow/.local/lib/python3.8/site-packages/airflow/example_dags/example_trigger_target_dag.py
[2026-04-19T00:00:58.401+0000] {processor.py:830} INFO - Processing file /home/airflow/.local/lib/python3.8/site-packages/airflow/example_dags/example_trigger_target_dag.py for tasks to queue
[2026-04-19T00:00:58.404+0000] {logging_mixin.py:188} INFO - [2026-04-19T00:00:58.403+0000] {dagbag.py:538} INFO - Filling up the DagBag from /home/airflow/.local/lib/python3.8/site-packages/airflow/example_dags/example_trigger_target_dag.py
[2026-04-19T00:00:58.414+0000] {processor.py:840} INFO - DAG(s) 'example_trigger_target_dag' retrieved from /home/airflow/.local/lib/python3.8/site-packages/airflow/example_dags/example_trigger_target_dag.py
[2026-04-19T00:00:58.444+0000] {logging_mixin.py:188} INFO - [2026-04-19T00:00:58.444+0000] {dag.py:3036} INFO - Sync 1 DAGs
[2026-04-19T00:00:58.461+0000] {logging_mixin.py:188} INFO - [2026-04-19T00:00:58.461+0000] {dag.py:3823} INFO - Setting next_dagrun for example_trigger_target_dag to None, run_after=None
[2026-04-19T00:00:58.484+0000] {processor.py:183} INFO - Processing /home/airflow/.local/lib/python3.8/site-packages/airflow/example_dags/example_trigger_target_dag.py took 0.089 seconds
[2026-04-19T00:01:28.716+0000] {processor.py:161} INFO - Started process (PID=10217) to work on /home/airflow/.local/lib/python3.8/site-packages/airflow/example_dags/example_trigger_target_dag.py
[2026-04-19T00:01:28.717+0000] {processor.py:830} INFO - Processing file /home/airflow/.local/lib/python3.8/site-packages/airflow/example_dags/example_trigger_target_dag.py for tasks to queue
[2026-04-19T00:01:28.719+0000] {logging_mixin.py:188} INFO - [2026-04-19T00:01:28.719+0000] {dagbag.py:538} INFO - Filling up the DagBag from /home/airflow/.local/lib/python3.8/site-packages/airflow/example_dags/example_trigger_target_dag.py
[2026-04-19T00:01:28.728+0000] {processor.py:840} INFO - DAG(s) 'example_trigger_target_dag' retrieved from /home/airflow/.local/lib/python3.8/site-packages/airflow/example_dags/example_trigger_target_dag.py
[2026-04-19T00:01:28.757+0000] {logging_mixin.py:188} INFO - [2026-04-19T00:01:28.757+0000] {dag.py:3036} INFO - Sync 1 DAGs
[2026-04-19T00:01:28.777+0000] {logging_mixin.py:188} INFO - [2026-04-19T00:01:28.777+0000] {dag.py:3823} INFO - Setting next_dagrun for example_trigger_target_dag to None, run_after=None
[2026-04-19T00:01:28.802+0000] {processor.py:183} INFO - Processing /home/airflow/.local/lib/python3.8/site-packages/airflow/example_dags/example_trigger_target_dag.py took 0.091 seconds
[2026-04-19T00:01:59.038+0000] {processor.py:161} INFO - Started process (PID=10272) to work on /home/airflow/.local/lib/python3.8/site-packages/airflow/example_dags/example_trigger_target_dag.py
[2026-04-19T00:01:59.039+0000] {processor.py:830} INFO - Processing file /home/airflow/.local/lib/python3.8/site-packages/airflow/example_dags/example_trigger_target_dag.py for tasks to queue
[2026-04-19T00:01:59.041+0000] {logging_mixin.py:188} INFO - [2026-04-19T00:01:59.041+0000] {dagbag.py:538} INFO - Filling up the DagBag from /home/airflow/.local/lib/python3.8/site-packages/airflow/example_dags/example_trigger_target_dag.py
[2026-04-19T00:01:59.048+0000] {processor.py:840} INFO - DAG(s) 'example_trigger_target_dag' retrieved from /home/airflow/.local/lib/python3.8/site-packages/airflow/example_dags/example_trigger_target_dag.py
[2026-04-19T00:01:59.077+0000] {logging_mixin.py:188} INFO - [2026-04-19T00:01:59.076+0000] {dag.py:3036} INFO - Sync 1 DAGs
[2026-04-19T00:01:59.093+0000] {logging_mixin.py:188} INFO - [2026-04-19T00:01:59.092+0000] {dag.py:3823} INFO - Setting next_dagrun for example_trigger_target_dag to None, run_after=None
[2026-04-19T00:01:59.116+0000] {processor.py:183} INFO - Processing /home/airflow/.local/lib/python3.8/site-packages/airflow/example_dags/example_trigger_target_dag.py took 0.083 seconds
[2026-04-19T00:02:29.290+0000] {processor.py:161} INFO - Started process (PID=10327) to work on /home/airflow/.local/lib/python3.8/site-packages/airflow/example_dags/example_trigger_target_dag.py
[2026-04-19T00:02:29.291+0000] {processor.py:830} INFO - Processing file /home/airflow/.local/lib/python3.8/site-packages/airflow/example_dags/example_trigger_target_dag.py for tasks to queue
[2026-04-19T00:02:29.294+0000] {logging_mixin.py:188} INFO - [2026-04-19T00:02:29.294+0000] {dagbag.py:538} INFO - Filling up the DagBag from /home/airflow/.local/lib/python3.8/site-packages/airflow/example_dags/example_trigger_target_dag.py
[2026-04-19T00:02:29.304+0000] {processor.py:840} INFO - DAG(s) 'example_trigger_target_dag' retrieved from /home/airflow/.local/lib/python3.8/site-packages/airflow/example_dags/example_trigger_target_dag.py
[2026-04-19T00:02:29.333+0000] {logging_mixin.py:188} INFO - [2026-04-19T00:02:29.333+0000] {dag.py:3036} INFO - Sync 1 DAGs
[2026-04-19T00:02:29.350+0000] {logging_mixin.py:188} INFO - [2026-04-19T00:02:29.350+0000] {dag.py:3823} INFO - Setting next_dagrun for example_trigger_target_dag to None, run_after=None
[2026-04-19T00:02:29.377+0000] {processor.py:183} INFO - Processing /home/airflow/.local/lib/python3.8/site-packages/airflow/example_dags/example_trigger_target_dag.py took 0.091 seconds
[2026-04-19T00:02:59.774+0000] {processor.py:161} INFO - Started process (PID=10382) to work on /home/airflow/.local/lib/python3.8/site-packages/airflow/example_dags/example_trigger_target_dag.py
[2026-04-19T00:02:59.776+0000] {processor.py:830} INFO - Processing file /home/airflow/.local/lib/python3.8/site-packages/airflow/example_dags/example_trigger_target_dag.py for tasks to queue
[2026-04-19T00:02:59.778+0000] {logging_mixin.py:188} INFO - [2026-04-19T00:02:59.777+0000] {dagbag.py:538} INFO - Filling up the DagBag from /home/airflow/.local/lib/python3.8/site-packages/airflow/example_dags/example_trigger_target_dag.py
[2026-04-19T00:02:59.786+0000] {processor.py:840} INFO - DAG(s) 'example_trigger_target_dag' retrieved from /home/airflow/.local/lib/python3.8/site-packages/airflow/example_dags/example_trigger_target_dag.py
[2026-04-19T00:02:59.815+0000] {logging_mixin.py:188} INFO - [2026-04-19T00:02:59.815+0000] {dag.py:3036} INFO - Sync 1 DAGs
[2026-04-19T00:02:59.833+0000] {logging_mixin.py:188} INFO - [2026-04-19T00:02:59.832+0000] {dag.py:3823} INFO - Setting next_dagrun for example_trigger_target_dag to None, run_after=None
[2026-04-19T00:02:59.857+0000] {processor.py:183} INFO - Processing /home/airflow/.local/lib/python3.8/site-packages/airflow/example_dags/example_trigger_target_dag.py took 0.087 seconds
[2026-04-19T00:03:30.106+0000] {processor.py:161} INFO - Started process (PID=10437) to work on /home/airflow/.local/lib/python3.8/site-packages/airflow/example_dags/example_trigger_target_dag.py
[2026-04-19T00:03:30.107+0000] {processor.py:830} INFO - Processing file /home/airflow/.local/lib/python3.8/site-packages/airflow/example_dags/example_trigger_target_dag.py for tasks to queue
[2026-04-19T00:03:30.109+0000] {logging_mixin.py:188} INFO - [2026-04-19T00:03:30.109+0000] {dagbag.py:538} INFO - Filling up the DagBag from /home/airflow/.local/lib/python3.8/site-packages/airflow/example_dags/example_trigger_target_dag.py
[2026-04-19T00:03:30.117+0000] {processor.py:840} INFO - DAG(s) 'example_trigger_target_dag' retrieved from /home/airflow/.local/lib/python3.8/site-packages/airflow/example_dags/example_trigger_target_dag.py
[2026-04-19T00:03:30.144+0000] {logging_mixin.py:188} INFO - [2026-04-19T00:03:30.144+0000] {dag.py:3036} INFO - Sync 1 DAGs
[2026-04-19T00:03:30.160+0000] {logging_mixin.py:188} INFO - [2026-04-19T00:03:30.160+0000] {dag.py:3823} INFO - Setting next_dagrun for example_trigger_target_dag to None, run_after=None
[2026-04-19T00:03:30.183+0000] {processor.py:183} INFO - Processing /home/airflow/.local/lib/python3.8/site-packages/airflow/example_dags/example_trigger_target_dag.py took 0.081 seconds
[2026-04-19T00:04:00.386+0000] {processor.py:161} INFO - Started process (PID=10492) to work on /home/airflow/.local/lib/python3.8/site-packages/airflow/example_dags/example_trigger_target_dag.py
[2026-04-19T00:04:00.388+0000] {processor.py:830} INFO - Processing file /home/airflow/.local/lib/python3.8/site-packages/airflow/example_dags/example_trigger_target_dag.py for tasks to queue
[2026-04-19T00:04:00.391+0000] {logging_mixin.py:188} INFO - [2026-04-19T00:04:00.391+0000] {dagbag.py:538} INFO - Filling up the DagBag from /home/airflow/.local/lib/python3.8/site-packages/airflow/example_dags/example_trigger_target_dag.py
[2026-04-19T00:04:00.401+0000] {processor.py:840} INFO - DAG(s) 'example_trigger_target_dag' retrieved from /home/airflow/.local/lib/python3.8/site-packages/airflow/example_dags/example_trigger_target_dag.py
[2026-04-19T00:04:00.431+0000] {logging_mixin.py:188} INFO - [2026-04-19T00:04:00.430+0000] {dag.py:3036} INFO - Sync 1 DAGs
[2026-04-19T00:04:00.447+0000] {logging_mixin.py:188} INFO - [2026-04-19T00:04:00.447+0000] {dag.py:3823} INFO - Setting next_dagrun for example_trigger_target_dag to None, run_after=None
[2026-04-19T00:04:00.471+0000] {processor.py:183} INFO - Processing /home/airflow/.local/lib/python3.8/site-packages/airflow/example_dags/example_trigger_target_dag.py took 0.090 seconds
[2026-04-19T00:04:30.670+0000] {processor.py:161} INFO - Started process (PID=10547) to work on /home/airflow/.local/lib/python3.8/site-packages/airflow/example_dags/example_trigger_target_dag.py
[2026-04-19T00:04:30.672+0000] {processor.py:830} INFO - Processing file /home/airflow/.local/lib/python3.8/site-packages/airflow/example_dags/example_trigger_target_dag.py for tasks to queue
[2026-04-19T00:04:30.674+0000] {logging_mixin.py:188} INFO - [2026-04-19T00:04:30.674+0000] {dagbag.py:538} INFO - Filling up the DagBag from /home/airflow/.local/lib/python3.8/site-packages/airflow/example_dags/example_trigger_target_dag.py
[2026-04-19T00:04:30.684+0000] {processor.py:840} INFO - DAG(s) 'example_trigger_target_dag' retrieved from /home/airflow/.local/lib/python3.8/site-packages/airflow/example_dags/example_trigger_target_dag.py
[2026-04-19T00:04:30.715+0000] {logging_mixin.py:188} INFO - [2026-04-19T00:04:30.715+0000] {dag.py:3036} INFO - Sync 1 DAGs
[2026-04-19T00:04:30.732+0000] {logging_mixin.py:188} INFO - [2026-04-19T00:04:30.732+0000] {dag.py:3823} INFO - Setting next_dagrun for example_trigger_target_dag to None, run_after=None
[2026-04-19T00:04:30.757+0000] {processor.py:183} INFO - Processing /home/airflow/.local/lib/python3.8/site-packages/airflow/example_dags/example_trigger_target_dag.py took 0.092 seconds
[2026-04-19T00:05:01.035+0000] {processor.py:161} INFO - Started process (PID=10602) to work on /home/airflow/.local/lib/python3.8/site-packages/airflow/example_dags/example_trigger_target_dag.py
[2026-04-19T00:05:01.036+0000] {processor.py:830} INFO - Processing file /home/airflow/.local/lib/python3.8/site-packages/airflow/example_dags/example_trigger_target_dag.py for tasks to queue
[2026-04-19T00:05:01.039+0000] {logging_mixin.py:188} INFO - [2026-04-19T00:05:01.038+0000] {dagbag.py:538} INFO - Filling up the DagBag from /home/airflow/.local/lib/python3.8/site-packages/airflow/example_dags/example_trigger_target_dag.py
[2026-04-19T00:05:01.047+0000] {processor.py:840} INFO - DAG(s) 'example_trigger_target_dag' retrieved from /home/airflow/.local/lib/python3.8/site-packages/airflow/example_dags/example_trigger_target_dag.py
[2026-04-19T00:05:01.077+0000] {logging_mixin.py:188} INFO - [2026-04-19T00:05:01.076+0000] {dag.py:3036} INFO - Sync 1 DAGs
[2026-04-19T00:05:01.095+0000] {logging_mixin.py:188} INFO - [2026-04-19T00:05:01.094+0000] {dag.py:3823} INFO - Setting next_dagrun for example_trigger_target_dag to None, run_after=None
[2026-04-19T00:05:01.120+0000] {processor.py:183} INFO - Processing /home/airflow/.local/lib/python3.8/site-packages/airflow/example_dags/example_trigger_target_dag.py took 0.090 seconds
[2026-04-19T00:05:31.418+0000] {processor.py:161} INFO - Started process (PID=10657) to work on /home/airflow/.local/lib/python3.8/site-packages/airflow/example_dags/example_trigger_target_dag.py
[2026-04-19T00:05:31.420+0000] {processor.py:830} INFO - Processing file /home/airflow/.local/lib/python3.8/site-packages/airflow/example_dags/example_trigger_target_dag.py for tasks to queue
[2026-04-19T00:05:31.422+0000] {logging_mixin.py:188} INFO - [2026-04-19T00:05:31.422+0000] {dagbag.py:538} INFO - Filling up the DagBag from /home/airflow/.local/lib/python3.8/site-packages/airflow/example_dags/example_trigger_target_dag.py
[2026-04-19T00:05:31.433+0000] {processor.py:840} INFO - DAG(s) 'example_trigger_target_dag' retrieved from /home/airflow/.local/lib/python3.8/site-packages/airflow/example_dags/example_trigger_target_dag.py
[2026-04-19T00:05:31.465+0000] {logging_mixin.py:188} INFO - [2026-04-19T00:05:31.465+0000] {dag.py:3036} INFO - Sync 1 DAGs
[2026-04-19T00:05:31.482+0000] {logging_mixin.py:188} INFO - [2026-04-19T00:05:31.482+0000] {dag.py:3823} INFO - Setting next_dagrun for example_trigger_target_dag to None, run_after=None
[2026-04-19T00:05:31.506+0000] {processor.py:183} INFO - Processing /home/airflow/.local/lib/python3.8/site-packages/airflow/example_dags/example_trigger_target_dag.py took 0.094 seconds
[2026-04-19T00:06:01.767+0000] {processor.py:161} INFO - Started process (PID=10712) to work on /home/airflow/.local/lib/python3.8/site-packages/airflow/example_dags/example_trigger_target_dag.py
[2026-04-19T00:06:01.769+0000] {processor.py:830} INFO - Processing file /home/airflow/.local/lib/python3.8/site-packages/airflow/example_dags/example_trigger_target_dag.py for tasks to queue
[2026-04-19T00:06:01.772+0000] {logging_mixin.py:188} INFO - [2026-04-19T00:06:01.771+0000] {dagbag.py:538} INFO - Filling up the DagBag from /home/airflow/.local/lib/python3.8/site-packages/airflow/example_dags/example_trigger_target_dag.py
[2026-04-19T00:06:01.783+0000] {processor.py:840} INFO - DAG(s) 'example_trigger_target_dag' retrieved from /home/airflow/.local/lib/python3.8/site-packages/airflow/example_dags/example_trigger_target_dag.py
[2026-04-19T00:06:01.819+0000] {logging_mixin.py:188} INFO - [2026-04-19T00:06:01.818+0000] {dag.py:3036} INFO - Sync 1 DAGs
[2026-04-19T00:06:01.845+0000] {logging_mixin.py:188} INFO - [2026-04-19T00:06:01.845+0000] {dag.py:3823} INFO - Setting next_dagrun for example_trigger_target_dag to None, run_after=None
[2026-04-19T00:06:01.880+0000] {processor.py:183} INFO - Processing /home/airflow/.local/lib/python3.8/site-packages/airflow/example_dags/example_trigger_target_dag.py took 0.119 seconds
[2026-04-19T00:06:32.080+0000] {processor.py:161} INFO - Started process (PID=10767) to work on /home/airflow/.local/lib/python3.8/site-packages/airflow/example_dags/example_trigger_target_dag.py
[2026-04-19T00:06:32.081+0000] {processor.py:830} INFO - Processing file /home/airflow/.local/lib/python3.8/site-packages/airflow/example_dags/example_trigger_target_dag.py for tasks to queue
[2026-04-19T00:06:32.084+0000] {logging_mixin.py:188} INFO - [2026-04-19T00:06:32.083+0000] {dagbag.py:538} INFO - Filling up the DagBag from /home/airflow/.local/lib/python3.8/site-packages/airflow/example_dags/example_trigger_target_dag.py
[2026-04-19T00:06:32.093+0000] {processor.py:840} INFO - DAG(s) 'example_trigger_target_dag' retrieved from /home/airflow/.local/lib/python3.8/site-packages/airflow/example_dags/example_trigger_target_dag.py
[2026-04-19T00:06:32.123+0000] {logging_mixin.py:188} INFO - [2026-04-19T00:06:32.123+0000] {dag.py:3036} INFO - Sync 1 DAGs
[2026-04-19T00:06:32.147+0000] {logging_mixin.py:188} INFO - [2026-04-19T00:06:32.146+0000] {dag.py:3823} INFO - Setting next_dagrun for example_trigger_target_dag to None, run_after=None
[2026-04-19T00:06:32.172+0000] {processor.py:183} INFO - Processing /home/airflow/.local/lib/python3.8/site-packages/airflow/example_dags/example_trigger_target_dag.py took 0.099 seconds
[2026-04-19T00:07:02.416+0000] {processor.py:161} INFO - Started process (PID=10822) to work on /home/airflow/.local/lib/python3.8/site-packages/airflow/example_dags/example_trigger_target_dag.py
[2026-04-19T00:07:02.418+0000] {processor.py:830} INFO - Processing file /home/airflow/.local/lib/python3.8/site-packages/airflow/example_dags/example_trigger_target_dag.py for tasks to queue
[2026-04-19T00:07:02.420+0000] {logging_mixin.py:188} INFO - [2026-04-19T00:07:02.420+0000] {dagbag.py:538} INFO - Filling up the DagBag from /home/airflow/.local/lib/python3.8/site-packages/airflow/example_dags/example_trigger_target_dag.py
[2026-04-19T00:07:02.428+0000] {processor.py:840} INFO - DAG(s) 'example_trigger_target_dag' retrieved from /home/airflow/.local/lib/python3.8/site-packages/airflow/example_dags/example_trigger_target_dag.py
[2026-04-19T00:07:02.460+0000] {logging_mixin.py:188} INFO - [2026-04-19T00:07:02.460+0000] {dag.py:3036} INFO - Sync 1 DAGs
[2026-04-19T00:07:02.479+0000] {logging_mixin.py:188} INFO - [2026-04-19T00:07:02.479+0000] {dag.py:3823} INFO - Setting next_dagrun for example_trigger_target_dag to None, run_after=None
[2026-04-19T00:07:02.507+0000] {processor.py:183} INFO - Processing /home/airflow/.local/lib/python3.8/site-packages/airflow/example_dags/example_trigger_target_dag.py took 0.095 seconds
[2026-04-19T00:07:32.861+0000] {processor.py:161} INFO - Started process (PID=10877) to work on /home/airflow/.local/lib/python3.8/site-packages/airflow/example_dags/example_trigger_target_dag.py
[2026-04-19T00:07:32.863+0000] {processor.py:830} INFO - Processing file /home/airflow/.local/lib/python3.8/site-packages/airflow/example_dags/example_trigger_target_dag.py for tasks to queue
[2026-04-19T00:07:32.865+0000] {logging_mixin.py:188} INFO - [2026-04-19T00:07:32.864+0000] {dagbag.py:538} INFO - Filling up the DagBag from /home/airflow/.local/lib/python3.8/site-packages/airflow/example_dags/example_trigger_target_dag.py
[2026-04-19T00:07:32.873+0000] {processor.py:840} INFO - DAG(s) 'example_trigger_target_dag' retrieved from /home/airflow/.local/lib/python3.8/site-packages/airflow/example_dags/example_trigger_target_dag.py
[2026-04-19T00:07:32.902+0000] {logging_mixin.py:188} INFO - [2026-04-19T00:07:32.901+0000] {dag.py:3036} INFO - Sync 1 DAGs
[2026-04-19T00:07:32.919+0000] {logging_mixin.py:188} INFO - [2026-04-19T00:07:32.918+0000] {dag.py:3823} INFO - Setting next_dagrun for example_trigger_target_dag to None, run_after=None
[2026-04-19T00:07:32.943+0000] {processor.py:183} INFO - Processing /home/airflow/.local/lib/python3.8/site-packages/airflow/example_dags/example_trigger_target_dag.py took 0.087 seconds
[2026-04-19T00:08:03.059+0000] {processor.py:161} INFO - Started process (PID=10932) to work on /home/airflow/.local/lib/python3.8/site-packages/airflow/example_dags/example_trigger_target_dag.py
[2026-04-19T00:08:03.060+0000] {processor.py:830} INFO - Processing file /home/airflow/.local/lib/python3.8/site-packages/airflow/example_dags/example_trigger_target_dag.py for tasks to queue
[2026-04-19T00:08:03.062+0000] {logging_mixin.py:188} INFO - [2026-04-19T00:08:03.061+0000] {dagbag.py:538} INFO - Filling up the DagBag from /home/airflow/.local/lib/python3.8/site-packages/airflow/example_dags/example_trigger_target_dag.py
[2026-04-19T00:08:03.066+0000] {processor.py:840} INFO - DAG(s) 'example_trigger_target_dag' retrieved from /home/airflow/.local/lib/python3.8/site-packages/airflow/example_dags/example_trigger_target_dag.py
[2026-04-19T00:08:03.082+0000] {logging_mixin.py:188} INFO - [2026-04-19T00:08:03.081+0000] {dag.py:3036} INFO - Sync 1 DAGs
[2026-04-19T00:08:03.090+0000] {logging_mixin.py:188} INFO - [2026-04-19T00:08:03.090+0000] {dag.py:3823} INFO - Setting next_dagrun for example_trigger_target_dag to None, run_after=None
[2026-04-19T00:08:03.102+0000] {processor.py:183} INFO - Processing /home/airflow/.local/lib/python3.8/site-packages/airflow/example_dags/example_trigger_target_dag.py took 0.045 seconds
[2026-04-19T00:08:33.479+0000] {processor.py:161} INFO - Started process (PID=10987) to work on /home/airflow/.local/lib/python3.8/site-packages/airflow/example_dags/example_trigger_target_dag.py
[2026-04-19T00:08:33.480+0000] {processor.py:830} INFO - Processing file /home/airflow/.local/lib/python3.8/site-packages/airflow/example_dags/example_trigger_target_dag.py for tasks to queue
[2026-04-19T00:08:33.483+0000] {logging_mixin.py:188} INFO - [2026-04-19T00:08:33.483+0000] {dagbag.py:538} INFO - Filling up the DagBag from /home/airflow/.local/lib/python3.8/site-packages/airflow/example_dags/example_trigger_target_dag.py
[2026-04-19T00:08:33.492+0000] {processor.py:840} INFO - DAG(s) 'example_trigger_target_dag' retrieved from /home/airflow/.local/lib/python3.8/site-packages/airflow/example_dags/example_trigger_target_dag.py
[2026-04-19T00:08:33.520+0000] {logging_mixin.py:188} INFO - [2026-04-19T00:08:33.520+0000] {dag.py:3036} INFO - Sync 1 DAGs
[2026-04-19T00:08:33.537+0000] {logging_mixin.py:188} INFO - [2026-04-19T00:08:33.537+0000] {dag.py:3823} INFO - Setting next_dagrun for example_trigger_target_dag to None, run_after=None
[2026-04-19T00:08:33.560+0000] {processor.py:183} INFO - Processing /home/airflow/.local/lib/python3.8/site-packages/airflow/example_dags/example_trigger_target_dag.py took 0.086 seconds
[2026-04-19T00:09:03.718+0000] {processor.py:161} INFO - Started process (PID=11042) to work on /home/airflow/.local/lib/python3.8/site-packages/airflow/example_dags/example_trigger_target_dag.py
[2026-04-19T00:09:03.719+0000] {processor.py:830} INFO - Processing file /home/airflow/.local/lib/python3.8/site-packages/airflow/example_dags/example_trigger_target_dag.py for tasks to queue
[2026-04-19T00:09:03.721+0000] {logging_mixin.py:188} INFO - [2026-04-19T00:09:03.721+0000] {dagbag.py:538} INFO - Filling up the DagBag from /home/airflow/.local/lib/python3.8/site-packages/airflow/example_dags/example_trigger_target_dag.py
[2026-04-19T00:09:03.729+0000] {processor.py:840} INFO - DAG(s) 'example_trigger_target_dag' retrieved from /home/airflow/.local/lib/python3.8/site-packages/airflow/example_dags/example_trigger_target_dag.py
[2026-04-19T00:09:03.756+0000] {logging_mixin.py:188} INFO - [2026-04-19T00:09:03.756+0000] {dag.py:3036} INFO - Sync 1 DAGs
[2026-04-19T00:09:03.772+0000] {logging_mixin.py:188} INFO - [2026-04-19T00:09:03.772+0000] {dag.py:3823} INFO - Setting next_dagrun for example_trigger_target_dag to None, run_after=None
[2026-04-19T00:09:03.795+0000] {processor.py:183} INFO - Processing /home/airflow/.local/lib/python3.8/site-packages/airflow/example_dags/example_trigger_target_dag.py took 0.082 seconds
[2026-04-19T00:09:34.268+0000] {processor.py:161} INFO - Started process (PID=11097) to work on /home/airflow/.local/lib/python3.8/site-packages/airflow/example_dags/example_trigger_target_dag.py
[2026-04-19T00:09:34.269+0000] {processor.py:830} INFO - Processing file /home/airflow/.local/lib/python3.8/site-packages/airflow/example_dags/example_trigger_target_dag.py for tasks to queue
[2026-04-19T00:09:34.272+0000] {logging_mixin.py:188} INFO - [2026-04-19T00:09:34.271+0000] {dagbag.py:538} INFO - Filling up the DagBag from /home/airflow/.local/lib/python3.8/site-packages/airflow/example_dags/example_trigger_target_dag.py
[2026-04-19T00:09:34.282+0000] {processor.py:840} INFO - DAG(s) 'example_trigger_target_dag' retrieved from /home/airflow/.local/lib/python3.8/site-packages/airflow/example_dags/example_trigger_target_dag.py
[2026-04-19T00:09:34.315+0000] {logging_mixin.py:188} INFO - [2026-04-19T00:09:34.314+0000] {dag.py:3036} INFO - Sync 1 DAGs
[2026-04-19T00:09:34.333+0000] {logging_mixin.py:188} INFO - [2026-04-19T00:09:34.332+0000] {dag.py:3823} INFO - Setting next_dagrun for example_trigger_target_dag to None, run_after=None
[2026-04-19T00:09:34.360+0000] {processor.py:183} INFO - Processing /home/airflow/.local/lib/python3.8/site-packages/airflow/example_dags/example_trigger_target_dag.py took 0.097 seconds
[2026-04-19T00:10:04.746+0000] {processor.py:161} INFO - Started process (PID=11152) to work on /home/airflow/.local/lib/python3.8/site-packages/airflow/example_dags/example_trigger_target_dag.py
[2026-04-19T00:10:04.747+0000] {processor.py:830} INFO - Processing file /home/airflow/.local/lib/python3.8/site-packages/airflow/example_dags/example_trigger_target_dag.py for tasks to queue
[2026-04-19T00:10:04.750+0000] {logging_mixin.py:188} INFO - [2026-04-19T00:10:04.750+0000] {dagbag.py:538} INFO - Filling up the DagBag from /home/airflow/.local/lib/python3.8/site-packages/airflow/example_dags/example_trigger_target_dag.py
[2026-04-19T00:10:04.762+0000] {processor.py:840} INFO - DAG(s) 'example_trigger_target_dag' retrieved from /home/airflow/.local/lib/python3.8/site-packages/airflow/example_dags/example_trigger_target_dag.py
[2026-04-19T00:10:04.803+0000] {logging_mixin.py:188} INFO - [2026-04-19T00:10:04.802+0000] {dag.py:3036} INFO - Sync 1 DAGs
[2026-04-19T00:10:04.823+0000] {logging_mixin.py:188} INFO - [2026-04-19T00:10:04.823+0000] {dag.py:3823} INFO - Setting next_dagrun for example_trigger_target_dag to None, run_after=None
[2026-04-19T00:10:04.850+0000] {processor.py:183} INFO - Processing /home/airflow/.local/lib/python3.8/site-packages/airflow/example_dags/example_trigger_target_dag.py took 0.111 seconds
[2026-04-19T00:10:35.168+0000] {processor.py:161} INFO - Started process (PID=11207) to work on /home/airflow/.local/lib/python3.8/site-packages/airflow/example_dags/example_trigger_target_dag.py
[2026-04-19T00:10:35.169+0000] {processor.py:830} INFO - Processing file /home/airflow/.local/lib/python3.8/site-packages/airflow/example_dags/example_trigger_target_dag.py for tasks to queue
[2026-04-19T00:10:35.171+0000] {logging_mixin.py:188} INFO - [2026-04-19T00:10:35.171+0000] {dagbag.py:538} INFO - Filling up the DagBag from /home/airflow/.local/lib/python3.8/site-packages/airflow/example_dags/example_trigger_target_dag.py
[2026-04-19T00:10:35.180+0000] {processor.py:840} INFO - DAG(s) 'example_trigger_target_dag' retrieved from /home/airflow/.local/lib/python3.8/site-packages/airflow/example_dags/example_trigger_target_dag.py
[2026-04-19T00:10:35.211+0000] {logging_mixin.py:188} INFO - [2026-04-19T00:10:35.211+0000] {dag.py:3036} INFO - Sync 1 DAGs
[2026-04-19T00:10:35.229+0000] {logging_mixin.py:188} INFO - [2026-04-19T00:10:35.229+0000] {dag.py:3823} INFO - Setting next_dagrun for example_trigger_target_dag to None, run_after=None
[2026-04-19T00:10:35.255+0000] {processor.py:183} INFO - Processing /home/airflow/.local/lib/python3.8/site-packages/airflow/example_dags/example_trigger_target_dag.py took 0.092 seconds
[2026-04-19T00:11:05.734+0000] {processor.py:161} INFO - Started process (PID=11262) to work on /home/airflow/.local/lib/python3.8/site-packages/airflow/example_dags/example_trigger_target_dag.py
[2026-04-19T00:11:05.735+0000] {processor.py:830} INFO - Processing file /home/airflow/.local/lib/python3.8/site-packages/airflow/example_dags/example_trigger_target_dag.py for tasks to queue
[2026-04-19T00:11:05.738+0000] {logging_mixin.py:188} INFO - [2026-04-19T00:11:05.737+0000] {dagbag.py:538} INFO - Filling up the DagBag from /home/airflow/.local/lib/python3.8/site-packages/airflow/example_dags/example_trigger_target_dag.py
[2026-04-19T00:11:05.746+0000] {processor.py:840} INFO - DAG(s) 'example_trigger_target_dag' retrieved from /home/airflow/.local/lib/python3.8/site-packages/airflow/example_dags/example_trigger_target_dag.py
[2026-04-19T00:11:05.777+0000] {logging_mixin.py:188} INFO - [2026-04-19T00:11:05.777+0000] {dag.py:3036} INFO - Sync 1 DAGs
[2026-04-19T00:11:05.798+0000] {logging_mixin.py:188} INFO - [2026-04-19T00:11:05.797+0000] {dag.py:3823} INFO - Setting next_dagrun for example_trigger_target_dag to None, run_after=None
[2026-04-19T00:11:05.825+0000] {processor.py:183} INFO - Processing /home/airflow/.local/lib/python3.8/site-packages/airflow/example_dags/example_trigger_target_dag.py took 0.096 seconds
[2026-04-19T00:11:36.203+0000] {processor.py:161} INFO - Started process (PID=11317) to work on /home/airflow/.local/lib/python3.8/site-packages/airflow/example_dags/example_trigger_target_dag.py
[2026-04-19T00:11:36.204+0000] {processor.py:830} INFO - Processing file /home/airflow/.local/lib/python3.8/site-packages/airflow/example_dags/example_trigger_target_dag.py for tasks to queue
[2026-04-19T00:11:36.207+0000] {logging_mixin.py:188} INFO - [2026-04-19T00:11:36.207+0000] {dagbag.py:538} INFO - Filling up the DagBag from /home/airflow/.local/lib/python3.8/site-packages/airflow/example_dags/example_trigger_target_dag.py
[2026-04-19T00:11:36.217+0000] {processor.py:840} INFO - DAG(s) 'example_trigger_target_dag' retrieved from /home/airflow/.local/lib/python3.8/site-packages/airflow/example_dags/example_trigger_target_dag.py
[2026-04-19T00:11:36.249+0000] {logging_mixin.py:188} INFO - [2026-04-19T00:11:36.249+0000] {dag.py:3036} INFO - Sync 1 DAGs
[2026-04-19T00:11:36.268+0000] {logging_mixin.py:188} INFO - [2026-04-19T00:11:36.267+0000] {dag.py:3823} INFO - Setting next_dagrun for example_trigger_target_dag to None, run_after=None
[2026-04-19T00:11:36.299+0000] {processor.py:183} INFO - Processing /home/airflow/.local/lib/python3.8/site-packages/airflow/example_dags/example_trigger_target_dag.py took 0.102 seconds
[2026-04-19T00:12:06.433+0000] {processor.py:161} INFO - Started process (PID=11370) to work on /home/airflow/.local/lib/python3.8/site-packages/airflow/example_dags/example_trigger_target_dag.py
[2026-04-19T00:12:06.434+0000] {processor.py:830} INFO - Processing file /home/airflow/.local/lib/python3.8/site-packages/airflow/example_dags/example_trigger_target_dag.py for tasks to queue
[2026-04-19T00:12:06.436+0000] {logging_mixin.py:188} INFO - [2026-04-19T00:12:06.436+0000] {dagbag.py:538} INFO - Filling up the DagBag from /home/airflow/.local/lib/python3.8/site-packages/airflow/example_dags/example_trigger_target_dag.py
[2026-04-19T00:12:06.445+0000] {processor.py:840} INFO - DAG(s) 'example_trigger_target_dag' retrieved from /home/airflow/.local/lib/python3.8/site-packages/airflow/example_dags/example_trigger_target_dag.py
[2026-04-19T00:12:06.476+0000] {logging_mixin.py:188} INFO - [2026-04-19T00:12:06.476+0000] {dag.py:3036} INFO - Sync 1 DAGs
[2026-04-19T00:12:06.493+0000] {logging_mixin.py:188} INFO - [2026-04-19T00:12:06.493+0000] {dag.py:3823} INFO - Setting next_dagrun for example_trigger_target_dag to None, run_after=None
[2026-04-19T00:12:06.517+0000] {processor.py:183} INFO - Processing /home/airflow/.local/lib/python3.8/site-packages/airflow/example_dags/example_trigger_target_dag.py took 0.089 seconds
[2026-04-19T00:12:36.855+0000] {processor.py:161} INFO - Started process (PID=11425) to work on /home/airflow/.local/lib/python3.8/site-packages/airflow/example_dags/example_trigger_target_dag.py
[2026-04-19T00:12:36.856+0000] {processor.py:830} INFO - Processing file /home/airflow/.local/lib/python3.8/site-packages/airflow/example_dags/example_trigger_target_dag.py for tasks to queue
[2026-04-19T00:12:36.859+0000] {logging_mixin.py:188} INFO - [2026-04-19T00:12:36.858+0000] {dagbag.py:538} INFO - Filling up the DagBag from /home/airflow/.local/lib/python3.8/site-packages/airflow/example_dags/example_trigger_target_dag.py
[2026-04-19T00:12:36.867+0000] {processor.py:840} INFO - DAG(s) 'example_trigger_target_dag' retrieved from /home/airflow/.local/lib/python3.8/site-packages/airflow/example_dags/example_trigger_target_dag.py
[2026-04-19T00:12:36.898+0000] {logging_mixin.py:188} INFO - [2026-04-19T00:12:36.897+0000] {dag.py:3036} INFO - Sync 1 DAGs
[2026-04-19T00:12:36.915+0000] {logging_mixin.py:188} INFO - [2026-04-19T00:12:36.914+0000] {dag.py:3823} INFO - Setting next_dagrun for example_trigger_target_dag to None, run_after=None
[2026-04-19T00:12:36.940+0000] {processor.py:183} INFO - Processing /home/airflow/.local/lib/python3.8/site-packages/airflow/example_dags/example_trigger_target_dag.py took 0.090 seconds
[2026-04-19T00:13:07.475+0000] {processor.py:161} INFO - Started process (PID=11480) to work on /home/airflow/.local/lib/python3.8/site-packages/airflow/example_dags/example_trigger_target_dag.py
[2026-04-19T00:13:07.476+0000] {processor.py:830} INFO - Processing file /home/airflow/.local/lib/python3.8/site-packages/airflow/example_dags/example_trigger_target_dag.py for tasks to queue
[2026-04-19T00:13:07.478+0000] {logging_mixin.py:188} INFO - [2026-04-19T00:13:07.478+0000] {dagbag.py:538} INFO - Filling up the DagBag from /home/airflow/.local/lib/python3.8/site-packages/airflow/example_dags/example_trigger_target_dag.py
[2026-04-19T00:13:07.486+0000] {processor.py:840} INFO - DAG(s) 'example_trigger_target_dag' retrieved from /home/airflow/.local/lib/python3.8/site-packages/airflow/example_dags/example_trigger_target_dag.py
[2026-04-19T00:13:07.515+0000] {logging_mixin.py:188} INFO - [2026-04-19T00:13:07.514+0000] {dag.py:3036} INFO - Sync 1 DAGs
[2026-04-19T00:13:07.531+0000] {logging_mixin.py:188} INFO - [2026-04-19T00:13:07.530+0000] {dag.py:3823} INFO - Setting next_dagrun for example_trigger_target_dag to None, run_after=None
[2026-04-19T00:13:07.555+0000] {processor.py:183} INFO - Processing /home/airflow/.local/lib/python3.8/site-packages/airflow/example_dags/example_trigger_target_dag.py took 0.085 seconds
[2026-04-19T00:13:37.745+0000] {processor.py:161} INFO - Started process (PID=11535) to work on /home/airflow/.local/lib/python3.8/site-packages/airflow/example_dags/example_trigger_target_dag.py
[2026-04-19T00:13:37.747+0000] {processor.py:830} INFO - Processing file /home/airflow/.local/lib/python3.8/site-packages/airflow/example_dags/example_trigger_target_dag.py for tasks to queue
[2026-04-19T00:13:37.749+0000] {logging_mixin.py:188} INFO - [2026-04-19T00:13:37.749+0000] {dagbag.py:538} INFO - Filling up the DagBag from /home/airflow/.local/lib/python3.8/site-packages/airflow/example_dags/example_trigger_target_dag.py
[2026-04-19T00:13:37.757+0000] {processor.py:840} INFO - DAG(s) 'example_trigger_target_dag' retrieved from /home/airflow/.local/lib/python3.8/site-packages/airflow/example_dags/example_trigger_target_dag.py
[2026-04-19T00:13:37.789+0000] {logging_mixin.py:188} INFO - [2026-04-19T00:13:37.789+0000] {dag.py:3036} INFO - Sync 1 DAGs
[2026-04-19T00:13:37.807+0000] {logging_mixin.py:188} INFO - [2026-04-19T00:13:37.807+0000] {dag.py:3823} INFO - Setting next_dagrun for example_trigger_target_dag to None, run_after=None
[2026-04-19T00:13:37.834+0000] {processor.py:183} INFO - Processing /home/airflow/.local/lib/python3.8/site-packages/airflow/example_dags/example_trigger_target_dag.py took 0.093 seconds
[2026-04-19T00:14:08.333+0000] {processor.py:161} INFO - Started process (PID=11590) to work on /home/airflow/.local/lib/python3.8/site-packages/airflow/example_dags/example_trigger_target_dag.py
[2026-04-19T00:14:08.335+0000] {processor.py:830} INFO - Processing file /home/airflow/.local/lib/python3.8/site-packages/airflow/example_dags/example_trigger_target_dag.py for tasks to queue
[2026-04-19T00:14:08.337+0000] {logging_mixin.py:188} INFO - [2026-04-19T00:14:08.337+0000] {dagbag.py:538} INFO - Filling up the DagBag from /home/airflow/.local/lib/python3.8/site-packages/airflow/example_dags/example_trigger_target_dag.py
[2026-04-19T00:14:08.345+0000] {processor.py:840} INFO - DAG(s) 'example_trigger_target_dag' retrieved from /home/airflow/.local/lib/python3.8/site-packages/airflow/example_dags/example_trigger_target_dag.py
[2026-04-19T00:14:08.375+0000] {logging_mixin.py:188} INFO - [2026-04-19T00:14:08.375+0000] {dag.py:3036} INFO - Sync 1 DAGs
[2026-04-19T00:14:08.392+0000] {logging_mixin.py:188} INFO - [2026-04-19T00:14:08.391+0000] {dag.py:3823} INFO - Setting next_dagrun for example_trigger_target_dag to None, run_after=None
[2026-04-19T00:14:08.416+0000] {processor.py:183} INFO - Processing /home/airflow/.local/lib/python3.8/site-packages/airflow/example_dags/example_trigger_target_dag.py took 0.088 seconds
[2026-04-19T00:14:38.812+0000] {processor.py:161} INFO - Started process (PID=11645) to work on /home/airflow/.local/lib/python3.8/site-packages/airflow/example_dags/example_trigger_target_dag.py
[2026-04-19T00:14:38.814+0000] {processor.py:830} INFO - Processing file /home/airflow/.local/lib/python3.8/site-packages/airflow/example_dags/example_trigger_target_dag.py for tasks to queue
[2026-04-19T00:14:38.816+0000] {logging_mixin.py:188} INFO - [2026-04-19T00:14:38.816+0000] {dagbag.py:538} INFO - Filling up the DagBag from /home/airflow/.local/lib/python3.8/site-packages/airflow/example_dags/example_trigger_target_dag.py
[2026-04-19T00:14:38.825+0000] {processor.py:840} INFO - DAG(s) 'example_trigger_target_dag' retrieved from /home/airflow/.local/lib/python3.8/site-packages/airflow/example_dags/example_trigger_target_dag.py
[2026-04-19T00:14:38.856+0000] {logging_mixin.py:188} INFO - [2026-04-19T00:14:38.856+0000] {dag.py:3036} INFO - Sync 1 DAGs
[2026-04-19T00:14:38.874+0000] {logging_mixin.py:188} INFO - [2026-04-19T00:14:38.874+0000] {dag.py:3823} INFO - Setting next_dagrun for example_trigger_target_dag to None, run_after=None
[2026-04-19T00:14:38.898+0000] {processor.py:183} INFO - Processing /home/airflow/.local/lib/python3.8/site-packages/airflow/example_dags/example_trigger_target_dag.py took 0.091 seconds
[2026-04-19T00:15:09.363+0000] {processor.py:161} INFO - Started process (PID=11700) to work on /home/airflow/.local/lib/python3.8/site-packages/airflow/example_dags/example_trigger_target_dag.py
[2026-04-19T00:15:09.364+0000] {processor.py:830} INFO - Processing file /home/airflow/.local/lib/python3.8/site-packages/airflow/example_dags/example_trigger_target_dag.py for tasks to queue
[2026-04-19T00:15:09.367+0000] {logging_mixin.py:188} INFO - [2026-04-19T00:15:09.366+0000] {dagbag.py:538} INFO - Filling up the DagBag from /home/airflow/.local/lib/python3.8/site-packages/airflow/example_dags/example_trigger_target_dag.py
[2026-04-19T00:15:09.376+0000] {processor.py:840} INFO - DAG(s) 'example_trigger_target_dag' retrieved from /home/airflow/.local/lib/python3.8/site-packages/airflow/example_dags/example_trigger_target_dag.py
[2026-04-19T00:15:09.407+0000] {logging_mixin.py:188} INFO - [2026-04-19T00:15:09.406+0000] {dag.py:3036} INFO - Sync 1 DAGs
[2026-04-19T00:15:09.424+0000] {logging_mixin.py:188} INFO - [2026-04-19T00:15:09.424+0000] {dag.py:3823} INFO - Setting next_dagrun for example_trigger_target_dag to None, run_after=None
[2026-04-19T00:15:09.452+0000] {processor.py:183} INFO - Processing /home/airflow/.local/lib/python3.8/site-packages/airflow/example_dags/example_trigger_target_dag.py took 0.094 seconds
[2026-04-19T00:15:39.895+0000] {processor.py:161} INFO - Started process (PID=11756) to work on /home/airflow/.local/lib/python3.8/site-packages/airflow/example_dags/example_trigger_target_dag.py
[2026-04-19T00:15:39.897+0000] {processor.py:830} INFO - Processing file /home/airflow/.local/lib/python3.8/site-packages/airflow/example_dags/example_trigger_target_dag.py for tasks to queue
[2026-04-19T00:15:39.900+0000] {logging_mixin.py:188} INFO - [2026-04-19T00:15:39.899+0000] {dagbag.py:538} INFO - Filling up the DagBag from /home/airflow/.local/lib/python3.8/site-packages/airflow/example_dags/example_trigger_target_dag.py
[2026-04-19T00:15:39.911+0000] {processor.py:840} INFO - DAG(s) 'example_trigger_target_dag' retrieved from /home/airflow/.local/lib/python3.8/site-packages/airflow/example_dags/example_trigger_target_dag.py
[2026-04-19T00:15:39.950+0000] {logging_mixin.py:188} INFO - [2026-04-19T00:15:39.949+0000] {dag.py:3036} INFO - Sync 1 DAGs
[2026-04-19T00:15:39.972+0000] {logging_mixin.py:188} INFO - [2026-04-19T00:15:39.971+0000] {dag.py:3823} INFO - Setting next_dagrun for example_trigger_target_dag to None, run_after=None
[2026-04-19T00:15:40.007+0000] {processor.py:183} INFO - Processing /home/airflow/.local/lib/python3.8/site-packages/airflow/example_dags/example_trigger_target_dag.py took 0.118 seconds
[2026-04-19T00:16:10.542+0000] {processor.py:161} INFO - Started process (PID=11811) to work on /home/airflow/.local/lib/python3.8/site-packages/airflow/example_dags/example_trigger_target_dag.py
[2026-04-19T00:16:10.543+0000] {processor.py:830} INFO - Processing file /home/airflow/.local/lib/python3.8/site-packages/airflow/example_dags/example_trigger_target_dag.py for tasks to queue
[2026-04-19T00:16:10.545+0000] {logging_mixin.py:188} INFO - [2026-04-19T00:16:10.545+0000] {dagbag.py:538} INFO - Filling up the DagBag from /home/airflow/.local/lib/python3.8/site-packages/airflow/example_dags/example_trigger_target_dag.py
[2026-04-19T00:16:10.554+0000] {processor.py:840} INFO - DAG(s) 'example_trigger_target_dag' retrieved from /home/airflow/.local/lib/python3.8/site-packages/airflow/example_dags/example_trigger_target_dag.py
[2026-04-19T00:16:10.583+0000] {logging_mixin.py:188} INFO - [2026-04-19T00:16:10.583+0000] {dag.py:3036} INFO - Sync 1 DAGs
[2026-04-19T00:16:10.600+0000] {logging_mixin.py:188} INFO - [2026-04-19T00:16:10.599+0000] {dag.py:3823} INFO - Setting next_dagrun for example_trigger_target_dag to None, run_after=None
[2026-04-19T00:16:10.625+0000] {processor.py:183} INFO - Processing /home/airflow/.local/lib/python3.8/site-packages/airflow/example_dags/example_trigger_target_dag.py took 0.088 seconds
[2026-04-19T00:16:40.926+0000] {processor.py:161} INFO - Started process (PID=11866) to work on /home/airflow/.local/lib/python3.8/site-packages/airflow/example_dags/example_trigger_target_dag.py
[2026-04-19T00:16:40.927+0000] {processor.py:830} INFO - Processing file /home/airflow/.local/lib/python3.8/site-packages/airflow/example_dags/example_trigger_target_dag.py for tasks to queue
[2026-04-19T00:16:40.929+0000] {logging_mixin.py:188} INFO - [2026-04-19T00:16:40.929+0000] {dagbag.py:538} INFO - Filling up the DagBag from /home/airflow/.local/lib/python3.8/site-packages/airflow/example_dags/example_trigger_target_dag.py
[2026-04-19T00:16:40.938+0000] {processor.py:840} INFO - DAG(s) 'example_trigger_target_dag' retrieved from /home/airflow/.local/lib/python3.8/site-packages/airflow/example_dags/example_trigger_target_dag.py
[2026-04-19T00:16:40.968+0000] {logging_mixin.py:188} INFO - [2026-04-19T00:16:40.968+0000] {dag.py:3036} INFO - Sync 1 DAGs
[2026-04-19T00:16:40.985+0000] {logging_mixin.py:188} INFO - [2026-04-19T00:16:40.984+0000] {dag.py:3823} INFO - Setting next_dagrun for example_trigger_target_dag to None, run_after=None
[2026-04-19T00:16:41.009+0000] {processor.py:183} INFO - Processing /home/airflow/.local/lib/python3.8/site-packages/airflow/example_dags/example_trigger_target_dag.py took 0.088 seconds
[2026-04-19T00:17:11.266+0000] {processor.py:161} INFO - Started process (PID=11921) to work on /home/airflow/.local/lib/python3.8/site-packages/airflow/example_dags/example_trigger_target_dag.py
[2026-04-19T00:17:11.267+0000] {processor.py:830} INFO - Processing file /home/airflow/.local/lib/python3.8/site-packages/airflow/example_dags/example_trigger_target_dag.py for tasks to queue
[2026-04-19T00:17:11.270+0000] {logging_mixin.py:188} INFO - [2026-04-19T00:17:11.269+0000] {dagbag.py:538} INFO - Filling up the DagBag from /home/airflow/.local/lib/python3.8/site-packages/airflow/example_dags/example_trigger_target_dag.py
[2026-04-19T00:17:11.278+0000] {processor.py:840} INFO - DAG(s) 'example_trigger_target_dag' retrieved from /home/airflow/.local/lib/python3.8/site-packages/airflow/example_dags/example_trigger_target_dag.py
[2026-04-19T00:17:11.309+0000] {logging_mixin.py:188} INFO - [2026-04-19T00:17:11.308+0000] {dag.py:3036} INFO - Sync 1 DAGs
[2026-04-19T00:17:11.327+0000] {logging_mixin.py:188} INFO - [2026-04-19T00:17:11.326+0000] {dag.py:3823} INFO - Setting next_dagrun for example_trigger_target_dag to None, run_after=None
[2026-04-19T00:17:11.350+0000] {processor.py:183} INFO - Processing /home/airflow/.local/lib/python3.8/site-packages/airflow/example_dags/example_trigger_target_dag.py took 0.089 seconds
[2026-04-19T00:17:41.805+0000] {processor.py:161} INFO - Started process (PID=11976) to work on /home/airflow/.local/lib/python3.8/site-packages/airflow/example_dags/example_trigger_target_dag.py
[2026-04-19T00:17:41.807+0000] {processor.py:830} INFO - Processing file /home/airflow/.local/lib/python3.8/site-packages/airflow/example_dags/example_trigger_target_dag.py for tasks to queue
[2026-04-19T00:17:41.809+0000] {logging_mixin.py:188} INFO - [2026-04-19T00:17:41.809+0000] {dagbag.py:538} INFO - Filling up the DagBag from /home/airflow/.local/lib/python3.8/site-packages/airflow/example_dags/example_trigger_target_dag.py
[2026-04-19T00:17:41.819+0000] {processor.py:840} INFO - DAG(s) 'example_trigger_target_dag' retrieved from /home/airflow/.local/lib/python3.8/site-packages/airflow/example_dags/example_trigger_target_dag.py
[2026-04-19T00:17:41.850+0000] {logging_mixin.py:188} INFO - [2026-04-19T00:17:41.850+0000] {dag.py:3036} INFO - Sync 1 DAGs
[2026-04-19T00:17:41.871+0000] {logging_mixin.py:188} INFO - [2026-04-19T00:17:41.871+0000] {dag.py:3823} INFO - Setting next_dagrun for example_trigger_target_dag to None, run_after=None
[2026-04-19T00:17:41.901+0000] {processor.py:183} INFO - Processing /home/airflow/.local/lib/python3.8/site-packages/airflow/example_dags/example_trigger_target_dag.py took 0.103 seconds
[2026-04-19T00:18:12.338+0000] {processor.py:161} INFO - Started process (PID=12031) to work on /home/airflow/.local/lib/python3.8/site-packages/airflow/example_dags/example_trigger_target_dag.py
[2026-04-19T00:18:12.339+0000] {processor.py:830} INFO - Processing file /home/airflow/.local/lib/python3.8/site-packages/airflow/example_dags/example_trigger_target_dag.py for tasks to queue
[2026-04-19T00:18:12.342+0000] {logging_mixin.py:188} INFO - [2026-04-19T00:18:12.341+0000] {dagbag.py:538} INFO - Filling up the DagBag from /home/airflow/.local/lib/python3.8/site-packages/airflow/example_dags/example_trigger_target_dag.py
[2026-04-19T00:18:12.352+0000] {processor.py:840} INFO - DAG(s) 'example_trigger_target_dag' retrieved from /home/airflow/.local/lib/python3.8/site-packages/airflow/example_dags/example_trigger_target_dag.py
[2026-04-19T00:18:12.385+0000] {logging_mixin.py:188} INFO - [2026-04-19T00:18:12.385+0000] {dag.py:3036} INFO - Sync 1 DAGs
[2026-04-19T00:18:12.406+0000] {logging_mixin.py:188} INFO - [2026-04-19T00:18:12.406+0000] {dag.py:3823} INFO - Setting next_dagrun for example_trigger_target_dag to None, run_after=None
[2026-04-19T00:18:12.434+0000] {processor.py:183} INFO - Processing /home/airflow/.local/lib/python3.8/site-packages/airflow/example_dags/example_trigger_target_dag.py took 0.101 seconds
[2026-04-19T00:18:42.875+0000] {processor.py:161} INFO - Started process (PID=12086) to work on /home/airflow/.local/lib/python3.8/site-packages/airflow/example_dags/example_trigger_target_dag.py
[2026-04-19T00:18:42.877+0000] {processor.py:830} INFO - Processing file /home/airflow/.local/lib/python3.8/site-packages/airflow/example_dags/example_trigger_target_dag.py for tasks to queue
[2026-04-19T00:18:42.879+0000] {logging_mixin.py:188} INFO - [2026-04-19T00:18:42.879+0000] {dagbag.py:538} INFO - Filling up the DagBag from /home/airflow/.local/lib/python3.8/site-packages/airflow/example_dags/example_trigger_target_dag.py
[2026-04-19T00:18:42.888+0000] {processor.py:840} INFO - DAG(s) 'example_trigger_target_dag' retrieved from /home/airflow/.local/lib/python3.8/site-packages/airflow/example_dags/example_trigger_target_dag.py
[2026-04-19T00:18:42.917+0000] {logging_mixin.py:188} INFO - [2026-04-19T00:18:42.916+0000] {dag.py:3036} INFO - Sync 1 DAGs
[2026-04-19T00:18:42.935+0000] {logging_mixin.py:188} INFO - [2026-04-19T00:18:42.935+0000] {dag.py:3823} INFO - Setting next_dagrun for example_trigger_target_dag to None, run_after=None
[2026-04-19T00:18:42.964+0000] {processor.py:183} INFO - Processing /home/airflow/.local/lib/python3.8/site-packages/airflow/example_dags/example_trigger_target_dag.py took 0.094 seconds
[2026-04-19T00:19:13.280+0000] {processor.py:161} INFO - Started process (PID=12140) to work on /home/airflow/.local/lib/python3.8/site-packages/airflow/example_dags/example_trigger_target_dag.py
[2026-04-19T00:19:13.281+0000] {processor.py:830} INFO - Processing file /home/airflow/.local/lib/python3.8/site-packages/airflow/example_dags/example_trigger_target_dag.py for tasks to queue
[2026-04-19T00:19:13.284+0000] {logging_mixin.py:188} INFO - [2026-04-19T00:19:13.284+0000] {dagbag.py:538} INFO - Filling up the DagBag from /home/airflow/.local/lib/python3.8/site-packages/airflow/example_dags/example_trigger_target_dag.py
[2026-04-19T00:19:13.294+0000] {processor.py:840} INFO - DAG(s) 'example_trigger_target_dag' retrieved from /home/airflow/.local/lib/python3.8/site-packages/airflow/example_dags/example_trigger_target_dag.py
[2026-04-19T00:19:13.326+0000] {logging_mixin.py:188} INFO - [2026-04-19T00:19:13.326+0000] {dag.py:3036} INFO - Sync 1 DAGs
[2026-04-19T00:19:13.344+0000] {logging_mixin.py:188} INFO - [2026-04-19T00:19:13.344+0000] {dag.py:3823} INFO - Setting next_dagrun for example_trigger_target_dag to None, run_after=None
[2026-04-19T00:19:13.371+0000] {processor.py:183} INFO - Processing /home/airflow/.local/lib/python3.8/site-packages/airflow/example_dags/example_trigger_target_dag.py took 0.097 seconds
[2026-04-19T00:19:43.711+0000] {processor.py:161} INFO - Started process (PID=12195) to work on /home/airflow/.local/lib/python3.8/site-packages/airflow/example_dags/example_trigger_target_dag.py
[2026-04-19T00:19:43.713+0000] {processor.py:830} INFO - Processing file /home/airflow/.local/lib/python3.8/site-packages/airflow/example_dags/example_trigger_target_dag.py for tasks to queue
[2026-04-19T00:19:43.715+0000] {logging_mixin.py:188} INFO - [2026-04-19T00:19:43.715+0000] {dagbag.py:538} INFO - Filling up the DagBag from /home/airflow/.local/lib/python3.8/site-packages/airflow/example_dags/example_trigger_target_dag.py
[2026-04-19T00:19:43.723+0000] {processor.py:840} INFO - DAG(s) 'example_trigger_target_dag' retrieved from /home/airflow/.local/lib/python3.8/site-packages/airflow/example_dags/example_trigger_target_dag.py
[2026-04-19T00:19:43.753+0000] {logging_mixin.py:188} INFO - [2026-04-19T00:19:43.752+0000] {dag.py:3036} INFO - Sync 1 DAGs
[2026-04-19T00:19:43.769+0000] {logging_mixin.py:188} INFO - [2026-04-19T00:19:43.769+0000] {dag.py:3823} INFO - Setting next_dagrun for example_trigger_target_dag to None, run_after=None
[2026-04-19T00:19:43.795+0000] {processor.py:183} INFO - Processing /home/airflow/.local/lib/python3.8/site-packages/airflow/example_dags/example_trigger_target_dag.py took 0.089 seconds
[2026-04-19T00:20:14.182+0000] {processor.py:161} INFO - Started process (PID=12250) to work on /home/airflow/.local/lib/python3.8/site-packages/airflow/example_dags/example_trigger_target_dag.py
[2026-04-19T00:20:14.183+0000] {processor.py:830} INFO - Processing file /home/airflow/.local/lib/python3.8/site-packages/airflow/example_dags/example_trigger_target_dag.py for tasks to queue
[2026-04-19T00:20:14.185+0000] {logging_mixin.py:188} INFO - [2026-04-19T00:20:14.185+0000] {dagbag.py:538} INFO - Filling up the DagBag from /home/airflow/.local/lib/python3.8/site-packages/airflow/example_dags/example_trigger_target_dag.py
[2026-04-19T00:20:14.193+0000] {processor.py:840} INFO - DAG(s) 'example_trigger_target_dag' retrieved from /home/airflow/.local/lib/python3.8/site-packages/airflow/example_dags/example_trigger_target_dag.py
[2026-04-19T00:20:14.221+0000] {logging_mixin.py:188} INFO - [2026-04-19T00:20:14.221+0000] {dag.py:3036} INFO - Sync 1 DAGs
[2026-04-19T00:20:14.238+0000] {logging_mixin.py:188} INFO - [2026-04-19T00:20:14.238+0000] {dag.py:3823} INFO - Setting next_dagrun for example_trigger_target_dag to None, run_after=None
[2026-04-19T00:20:14.262+0000] {processor.py:183} INFO - Processing /home/airflow/.local/lib/python3.8/site-packages/airflow/example_dags/example_trigger_target_dag.py took 0.085 seconds
[2026-04-19T00:20:44.519+0000] {processor.py:161} INFO - Started process (PID=12305) to work on /home/airflow/.local/lib/python3.8/site-packages/airflow/example_dags/example_trigger_target_dag.py
[2026-04-19T00:20:44.520+0000] {processor.py:830} INFO - Processing file /home/airflow/.local/lib/python3.8/site-packages/airflow/example_dags/example_trigger_target_dag.py for tasks to queue
[2026-04-19T00:20:44.523+0000] {logging_mixin.py:188} INFO - [2026-04-19T00:20:44.522+0000] {dagbag.py:538} INFO - Filling up the DagBag from /home/airflow/.local/lib/python3.8/site-packages/airflow/example_dags/example_trigger_target_dag.py
[2026-04-19T00:20:44.532+0000] {processor.py:840} INFO - DAG(s) 'example_trigger_target_dag' retrieved from /home/airflow/.local/lib/python3.8/site-packages/airflow/example_dags/example_trigger_target_dag.py
[2026-04-19T00:20:44.563+0000] {logging_mixin.py:188} INFO - [2026-04-19T00:20:44.563+0000] {dag.py:3036} INFO - Sync 1 DAGs
[2026-04-19T00:20:44.581+0000] {logging_mixin.py:188} INFO - [2026-04-19T00:20:44.581+0000] {dag.py:3823} INFO - Setting next_dagrun for example_trigger_target_dag to None, run_after=None
[2026-04-19T00:20:44.608+0000] {processor.py:183} INFO - Processing /home/airflow/.local/lib/python3.8/site-packages/airflow/example_dags/example_trigger_target_dag.py took 0.094 seconds
[2026-04-19T00:21:14.948+0000] {processor.py:161} INFO - Started process (PID=12360) to work on /home/airflow/.local/lib/python3.8/site-packages/airflow/example_dags/example_trigger_target_dag.py
[2026-04-19T00:21:14.949+0000] {processor.py:830} INFO - Processing file /home/airflow/.local/lib/python3.8/site-packages/airflow/example_dags/example_trigger_target_dag.py for tasks to queue
[2026-04-19T00:21:14.951+0000] {logging_mixin.py:188} INFO - [2026-04-19T00:21:14.951+0000] {dagbag.py:538} INFO - Filling up the DagBag from /home/airflow/.local/lib/python3.8/site-packages/airflow/example_dags/example_trigger_target_dag.py
[2026-04-19T00:21:14.959+0000] {processor.py:840} INFO - DAG(s) 'example_trigger_target_dag' retrieved from /home/airflow/.local/lib/python3.8/site-packages/airflow/example_dags/example_trigger_target_dag.py
[2026-04-19T00:21:14.987+0000] {logging_mixin.py:188} INFO - [2026-04-19T00:21:14.987+0000] {dag.py:3036} INFO - Sync 1 DAGs
[2026-04-19T00:21:15.006+0000] {logging_mixin.py:188} INFO - [2026-04-19T00:21:15.006+0000] {dag.py:3823} INFO - Setting next_dagrun for example_trigger_target_dag to None, run_after=None
[2026-04-19T00:21:15.030+0000] {processor.py:183} INFO - Processing /home/airflow/.local/lib/python3.8/site-packages/airflow/example_dags/example_trigger_target_dag.py took 0.087 seconds
[2026-04-19T00:21:45.453+0000] {processor.py:161} INFO - Started process (PID=12415) to work on /home/airflow/.local/lib/python3.8/site-packages/airflow/example_dags/example_trigger_target_dag.py
[2026-04-19T00:21:45.455+0000] {processor.py:830} INFO - Processing file /home/airflow/.local/lib/python3.8/site-packages/airflow/example_dags/example_trigger_target_dag.py for tasks to queue
[2026-04-19T00:21:45.457+0000] {logging_mixin.py:188} INFO - [2026-04-19T00:21:45.457+0000] {dagbag.py:538} INFO - Filling up the DagBag from /home/airflow/.local/lib/python3.8/site-packages/airflow/example_dags/example_trigger_target_dag.py
[2026-04-19T00:21:45.467+0000] {processor.py:840} INFO - DAG(s) 'example_trigger_target_dag' retrieved from /home/airflow/.local/lib/python3.8/site-packages/airflow/example_dags/example_trigger_target_dag.py
[2026-04-19T00:21:45.499+0000] {logging_mixin.py:188} INFO - [2026-04-19T00:21:45.499+0000] {dag.py:3036} INFO - Sync 1 DAGs
[2026-04-19T00:21:45.519+0000] {logging_mixin.py:188} INFO - [2026-04-19T00:21:45.519+0000] {dag.py:3823} INFO - Setting next_dagrun for example_trigger_target_dag to None, run_after=None
[2026-04-19T00:21:45.547+0000] {processor.py:183} INFO - Processing /home/airflow/.local/lib/python3.8/site-packages/airflow/example_dags/example_trigger_target_dag.py took 0.100 seconds
[2026-04-19T00:22:15.736+0000] {processor.py:161} INFO - Started process (PID=12470) to work on /home/airflow/.local/lib/python3.8/site-packages/airflow/example_dags/example_trigger_target_dag.py
[2026-04-19T00:22:15.737+0000] {processor.py:830} INFO - Processing file /home/airflow/.local/lib/python3.8/site-packages/airflow/example_dags/example_trigger_target_dag.py for tasks to queue
[2026-04-19T00:22:15.739+0000] {logging_mixin.py:188} INFO - [2026-04-19T00:22:15.739+0000] {dagbag.py:538} INFO - Filling up the DagBag from /home/airflow/.local/lib/python3.8/site-packages/airflow/example_dags/example_trigger_target_dag.py
[2026-04-19T00:22:15.747+0000] {processor.py:840} INFO - DAG(s) 'example_trigger_target_dag' retrieved from /home/airflow/.local/lib/python3.8/site-packages/airflow/example_dags/example_trigger_target_dag.py
[2026-04-19T00:22:15.776+0000] {logging_mixin.py:188} INFO - [2026-04-19T00:22:15.775+0000] {dag.py:3036} INFO - Sync 1 DAGs
[2026-04-19T00:22:15.797+0000] {logging_mixin.py:188} INFO - [2026-04-19T00:22:15.796+0000] {dag.py:3823} INFO - Setting next_dagrun for example_trigger_target_dag to None, run_after=None
[2026-04-19T00:22:15.821+0000] {processor.py:183} INFO - Processing /home/airflow/.local/lib/python3.8/site-packages/airflow/example_dags/example_trigger_target_dag.py took 0.090 seconds
[2026-04-19T00:22:46.394+0000] {processor.py:161} INFO - Started process (PID=12525) to work on /home/airflow/.local/lib/python3.8/site-packages/airflow/example_dags/example_trigger_target_dag.py
[2026-04-19T00:22:46.395+0000] {processor.py:830} INFO - Processing file /home/airflow/.local/lib/python3.8/site-packages/airflow/example_dags/example_trigger_target_dag.py for tasks to queue
[2026-04-19T00:22:46.398+0000] {logging_mixin.py:188} INFO - [2026-04-19T00:22:46.397+0000] {dagbag.py:538} INFO - Filling up the DagBag from /home/airflow/.local/lib/python3.8/site-packages/airflow/example_dags/example_trigger_target_dag.py
[2026-04-19T00:22:46.410+0000] {processor.py:840} INFO - DAG(s) 'example_trigger_target_dag' retrieved from /home/airflow/.local/lib/python3.8/site-packages/airflow/example_dags/example_trigger_target_dag.py
[2026-04-19T00:22:46.450+0000] {logging_mixin.py:188} INFO - [2026-04-19T00:22:46.449+0000] {dag.py:3036} INFO - Sync 1 DAGs
[2026-04-19T00:22:46.470+0000] {logging_mixin.py:188} INFO - [2026-04-19T00:22:46.470+0000] {dag.py:3823} INFO - Setting next_dagrun for example_trigger_target_dag to None, run_after=None
[2026-04-19T00:22:46.505+0000] {processor.py:183} INFO - Processing /home/airflow/.local/lib/python3.8/site-packages/airflow/example_dags/example_trigger_target_dag.py took 0.117 seconds
[2026-04-19T00:23:16.704+0000] {processor.py:161} INFO - Started process (PID=12580) to work on /home/airflow/.local/lib/python3.8/site-packages/airflow/example_dags/example_trigger_target_dag.py
[2026-04-19T00:23:16.705+0000] {processor.py:830} INFO - Processing file /home/airflow/.local/lib/python3.8/site-packages/airflow/example_dags/example_trigger_target_dag.py for tasks to queue
[2026-04-19T00:23:16.708+0000] {logging_mixin.py:188} INFO - [2026-04-19T00:23:16.707+0000] {dagbag.py:538} INFO - Filling up the DagBag from /home/airflow/.local/lib/python3.8/site-packages/airflow/example_dags/example_trigger_target_dag.py
[2026-04-19T00:23:16.717+0000] {processor.py:840} INFO - DAG(s) 'example_trigger_target_dag' retrieved from /home/airflow/.local/lib/python3.8/site-packages/airflow/example_dags/example_trigger_target_dag.py
[2026-04-19T00:23:16.750+0000] {logging_mixin.py:188} INFO - [2026-04-19T00:23:16.749+0000] {dag.py:3036} INFO - Sync 1 DAGs
[2026-04-19T00:23:16.767+0000] {logging_mixin.py:188} INFO - [2026-04-19T00:23:16.766+0000] {dag.py:3823} INFO - Setting next_dagrun for example_trigger_target_dag to None, run_after=None
[2026-04-19T00:23:16.792+0000] {processor.py:183} INFO - Processing /home/airflow/.local/lib/python3.8/site-packages/airflow/example_dags/example_trigger_target_dag.py took 0.094 seconds
[2026-04-19T00:23:47.012+0000] {processor.py:161} INFO - Started process (PID=12635) to work on /home/airflow/.local/lib/python3.8/site-packages/airflow/example_dags/example_trigger_target_dag.py
[2026-04-19T00:23:47.014+0000] {processor.py:830} INFO - Processing file /home/airflow/.local/lib/python3.8/site-packages/airflow/example_dags/example_trigger_target_dag.py for tasks to queue
[2026-04-19T00:23:47.016+0000] {logging_mixin.py:188} INFO - [2026-04-19T00:23:47.015+0000] {dagbag.py:538} INFO - Filling up the DagBag from /home/airflow/.local/lib/python3.8/site-packages/airflow/example_dags/example_trigger_target_dag.py
[2026-04-19T00:23:47.024+0000] {processor.py:840} INFO - DAG(s) 'example_trigger_target_dag' retrieved from /home/airflow/.local/lib/python3.8/site-packages/airflow/example_dags/example_trigger_target_dag.py
[2026-04-19T00:23:47.054+0000] {logging_mixin.py:188} INFO - [2026-04-19T00:23:47.054+0000] {dag.py:3036} INFO - Sync 1 DAGs
[2026-04-19T00:23:47.076+0000] {logging_mixin.py:188} INFO - [2026-04-19T00:23:47.076+0000] {dag.py:3823} INFO - Setting next_dagrun for example_trigger_target_dag to None, run_after=None
[2026-04-19T00:23:47.109+0000] {processor.py:183} INFO - Processing /home/airflow/.local/lib/python3.8/site-packages/airflow/example_dags/example_trigger_target_dag.py took 0.102 seconds
[2026-04-19T00:24:17.249+0000] {processor.py:161} INFO - Started process (PID=12690) to work on /home/airflow/.local/lib/python3.8/site-packages/airflow/example_dags/example_trigger_target_dag.py
[2026-04-19T00:24:17.250+0000] {processor.py:830} INFO - Processing file /home/airflow/.local/lib/python3.8/site-packages/airflow/example_dags/example_trigger_target_dag.py for tasks to queue
[2026-04-19T00:24:17.252+0000] {logging_mixin.py:188} INFO - [2026-04-19T00:24:17.252+0000] {dagbag.py:538} INFO - Filling up the DagBag from /home/airflow/.local/lib/python3.8/site-packages/airflow/example_dags/example_trigger_target_dag.py
[2026-04-19T00:24:17.260+0000] {processor.py:840} INFO - DAG(s) 'example_trigger_target_dag' retrieved from /home/airflow/.local/lib/python3.8/site-packages/airflow/example_dags/example_trigger_target_dag.py
[2026-04-19T00:24:17.289+0000] {logging_mixin.py:188} INFO - [2026-04-19T00:24:17.289+0000] {dag.py:3036} INFO - Sync 1 DAGs
[2026-04-19T00:24:17.307+0000] {logging_mixin.py:188} INFO - [2026-04-19T00:24:17.306+0000] {dag.py:3823} INFO - Setting next_dagrun for example_trigger_target_dag to None, run_after=None
[2026-04-19T00:24:17.332+0000] {processor.py:183} INFO - Processing /home/airflow/.local/lib/python3.8/site-packages/airflow/example_dags/example_trigger_target_dag.py took 0.088 seconds
