[2026-04-19T00:00:20.871+0000] {processor.py:161} INFO - Started process (PID=10091) to work on /home/airflow/.local/lib/python3.8/site-packages/airflow/example_dags/example_branch_python_dop_operator_3.py
[2026-04-19T00:00:20.872+0000] {processor.py:830} INFO - Processing file /home/airflow/.local/lib/python3.8/site-packages/airflow/example_dags/example_branch_python_dop_operator_3.py for tasks to queue
[2026-04-19T00:00:20.875+0000] {logging_mixin.py:188} INFO - [2026-04-19T00:00:20.874+0000] {dagbag.py:538} INFO - Filling up the DagBag from /home/airflow/.local/lib/python3.8/site-packages/airflow/example_dags/example_branch_python_dop_operator_3.py
[2026-04-19T00:00:20.888+0000] {processor.py:840} INFO - DAG(s) 'example_branch_dop_operator_v3' retrieved from /home/airflow/.local/lib/python3.8/site-packages/airflow/example_dags/example_branch_python_dop_operator_3.py
[2026-04-19T00:00:20.920+0000] {logging_mixin.py:188} INFO - [2026-04-19T00:00:20.920+0000] {dag.py:3036} INFO - Sync 1 DAGs
[2026-04-19T00:00:20.956+0000] {logging_mixin.py:188} INFO - [2026-04-19T00:00:20.956+0000] {dag.py:3823} INFO - Setting next_dagrun for example_branch_dop_operator_v3 to 2026-04-18 23:59:00+00:00, run_after=2026-04-19 00:00:00+00:00
[2026-04-19T00:00:20.994+0000] {processor.py:183} INFO - Processing /home/airflow/.local/lib/python3.8/site-packages/airflow/example_dags/example_branch_python_dop_operator_3.py took 0.128 seconds
[2026-04-19T00:00:51.462+0000] {processor.py:161} INFO - Started process (PID=10146) to work on /home/airflow/.local/lib/python3.8/site-packages/airflow/example_dags/example_branch_python_dop_operator_3.py
[2026-04-19T00:00:51.463+0000] {processor.py:830} INFO - Processing file /home/airflow/.local/lib/python3.8/site-packages/airflow/example_dags/example_branch_python_dop_operator_3.py for tasks to queue
[2026-04-19T00:00:51.465+0000] {logging_mixin.py:188} INFO - [2026-04-19T00:00:51.465+0000] {dagbag.py:538} INFO - Filling up the DagBag from /home/airflow/.local/lib/python3.8/site-packages/airflow/example_dags/example_branch_python_dop_operator_3.py
[2026-04-19T00:00:51.476+0000] {processor.py:840} INFO - DAG(s) 'example_branch_dop_operator_v3' retrieved from /home/airflow/.local/lib/python3.8/site-packages/airflow/example_dags/example_branch_python_dop_operator_3.py
[2026-04-19T00:00:51.505+0000] {logging_mixin.py:188} INFO - [2026-04-19T00:00:51.505+0000] {dag.py:3036} INFO - Sync 1 DAGs
[2026-04-19T00:00:51.542+0000] {logging_mixin.py:188} INFO - [2026-04-19T00:00:51.542+0000] {dag.py:3823} INFO - Setting next_dagrun for example_branch_dop_operator_v3 to 2026-04-18 23:59:00+00:00, run_after=2026-04-19 00:00:00+00:00
[2026-04-19T00:00:51.567+0000] {processor.py:183} INFO - Processing /home/airflow/.local/lib/python3.8/site-packages/airflow/example_dags/example_branch_python_dop_operator_3.py took 0.110 seconds
[2026-04-19T00:01:21.755+0000] {processor.py:161} INFO - Started process (PID=10201) to work on /home/airflow/.local/lib/python3.8/site-packages/airflow/example_dags/example_branch_python_dop_operator_3.py
[2026-04-19T00:01:21.756+0000] {processor.py:830} INFO - Processing file /home/airflow/.local/lib/python3.8/site-packages/airflow/example_dags/example_branch_python_dop_operator_3.py for tasks to queue
[2026-04-19T00:01:21.759+0000] {logging_mixin.py:188} INFO - [2026-04-19T00:01:21.758+0000] {dagbag.py:538} INFO - Filling up the DagBag from /home/airflow/.local/lib/python3.8/site-packages/airflow/example_dags/example_branch_python_dop_operator_3.py
[2026-04-19T00:01:21.771+0000] {processor.py:840} INFO - DAG(s) 'example_branch_dop_operator_v3' retrieved from /home/airflow/.local/lib/python3.8/site-packages/airflow/example_dags/example_branch_python_dop_operator_3.py
[2026-04-19T00:01:21.802+0000] {logging_mixin.py:188} INFO - [2026-04-19T00:01:21.802+0000] {dag.py:3036} INFO - Sync 1 DAGs
[2026-04-19T00:01:21.839+0000] {logging_mixin.py:188} INFO - [2026-04-19T00:01:21.838+0000] {dag.py:3823} INFO - Setting next_dagrun for example_branch_dop_operator_v3 to 2026-04-19 00:00:00+00:00, run_after=2026-04-19 00:01:00+00:00
[2026-04-19T00:01:21.865+0000] {processor.py:183} INFO - Processing /home/airflow/.local/lib/python3.8/site-packages/airflow/example_dags/example_branch_python_dop_operator_3.py took 0.115 seconds
[2026-04-19T00:01:52.065+0000] {processor.py:161} INFO - Started process (PID=10256) to work on /home/airflow/.local/lib/python3.8/site-packages/airflow/example_dags/example_branch_python_dop_operator_3.py
[2026-04-19T00:01:52.066+0000] {processor.py:830} INFO - Processing file /home/airflow/.local/lib/python3.8/site-packages/airflow/example_dags/example_branch_python_dop_operator_3.py for tasks to queue
[2026-04-19T00:01:52.069+0000] {logging_mixin.py:188} INFO - [2026-04-19T00:01:52.068+0000] {dagbag.py:538} INFO - Filling up the DagBag from /home/airflow/.local/lib/python3.8/site-packages/airflow/example_dags/example_branch_python_dop_operator_3.py
[2026-04-19T00:01:52.080+0000] {processor.py:840} INFO - DAG(s) 'example_branch_dop_operator_v3' retrieved from /home/airflow/.local/lib/python3.8/site-packages/airflow/example_dags/example_branch_python_dop_operator_3.py
[2026-04-19T00:01:52.113+0000] {logging_mixin.py:188} INFO - [2026-04-19T00:01:52.112+0000] {dag.py:3036} INFO - Sync 1 DAGs
[2026-04-19T00:01:52.148+0000] {logging_mixin.py:188} INFO - [2026-04-19T00:01:52.148+0000] {dag.py:3823} INFO - Setting next_dagrun for example_branch_dop_operator_v3 to 2026-04-19 00:00:00+00:00, run_after=2026-04-19 00:01:00+00:00
[2026-04-19T00:01:52.172+0000] {processor.py:183} INFO - Processing /home/airflow/.local/lib/python3.8/site-packages/airflow/example_dags/example_branch_python_dop_operator_3.py took 0.112 seconds
[2026-04-19T00:02:22.363+0000] {processor.py:161} INFO - Started process (PID=10311) to work on /home/airflow/.local/lib/python3.8/site-packages/airflow/example_dags/example_branch_python_dop_operator_3.py
[2026-04-19T00:02:22.364+0000] {processor.py:830} INFO - Processing file /home/airflow/.local/lib/python3.8/site-packages/airflow/example_dags/example_branch_python_dop_operator_3.py for tasks to queue
[2026-04-19T00:02:22.367+0000] {logging_mixin.py:188} INFO - [2026-04-19T00:02:22.366+0000] {dagbag.py:538} INFO - Filling up the DagBag from /home/airflow/.local/lib/python3.8/site-packages/airflow/example_dags/example_branch_python_dop_operator_3.py
[2026-04-19T00:02:22.378+0000] {processor.py:840} INFO - DAG(s) 'example_branch_dop_operator_v3' retrieved from /home/airflow/.local/lib/python3.8/site-packages/airflow/example_dags/example_branch_python_dop_operator_3.py
[2026-04-19T00:02:22.409+0000] {logging_mixin.py:188} INFO - [2026-04-19T00:02:22.409+0000] {dag.py:3036} INFO - Sync 1 DAGs
[2026-04-19T00:02:22.445+0000] {logging_mixin.py:188} INFO - [2026-04-19T00:02:22.445+0000] {dag.py:3823} INFO - Setting next_dagrun for example_branch_dop_operator_v3 to 2026-04-19 00:01:00+00:00, run_after=2026-04-19 00:02:00+00:00
[2026-04-19T00:02:22.471+0000] {processor.py:183} INFO - Processing /home/airflow/.local/lib/python3.8/site-packages/airflow/example_dags/example_branch_python_dop_operator_3.py took 0.113 seconds
[2026-04-19T00:02:52.794+0000] {processor.py:161} INFO - Started process (PID=10366) to work on /home/airflow/.local/lib/python3.8/site-packages/airflow/example_dags/example_branch_python_dop_operator_3.py
[2026-04-19T00:02:52.795+0000] {processor.py:830} INFO - Processing file /home/airflow/.local/lib/python3.8/site-packages/airflow/example_dags/example_branch_python_dop_operator_3.py for tasks to queue
[2026-04-19T00:02:52.797+0000] {logging_mixin.py:188} INFO - [2026-04-19T00:02:52.797+0000] {dagbag.py:538} INFO - Filling up the DagBag from /home/airflow/.local/lib/python3.8/site-packages/airflow/example_dags/example_branch_python_dop_operator_3.py
[2026-04-19T00:02:52.811+0000] {processor.py:840} INFO - DAG(s) 'example_branch_dop_operator_v3' retrieved from /home/airflow/.local/lib/python3.8/site-packages/airflow/example_dags/example_branch_python_dop_operator_3.py
[2026-04-19T00:02:52.843+0000] {logging_mixin.py:188} INFO - [2026-04-19T00:02:52.842+0000] {dag.py:3036} INFO - Sync 1 DAGs
[2026-04-19T00:02:52.883+0000] {logging_mixin.py:188} INFO - [2026-04-19T00:02:52.882+0000] {dag.py:3823} INFO - Setting next_dagrun for example_branch_dop_operator_v3 to 2026-04-19 00:01:00+00:00, run_after=2026-04-19 00:02:00+00:00
[2026-04-19T00:02:52.907+0000] {processor.py:183} INFO - Processing /home/airflow/.local/lib/python3.8/site-packages/airflow/example_dags/example_branch_python_dop_operator_3.py took 0.120 seconds
[2026-04-19T00:03:22.960+0000] {processor.py:161} INFO - Started process (PID=10419) to work on /home/airflow/.local/lib/python3.8/site-packages/airflow/example_dags/example_branch_python_dop_operator_3.py
[2026-04-19T00:03:22.962+0000] {processor.py:830} INFO - Processing file /home/airflow/.local/lib/python3.8/site-packages/airflow/example_dags/example_branch_python_dop_operator_3.py for tasks to queue
[2026-04-19T00:03:22.964+0000] {logging_mixin.py:188} INFO - [2026-04-19T00:03:22.964+0000] {dagbag.py:538} INFO - Filling up the DagBag from /home/airflow/.local/lib/python3.8/site-packages/airflow/example_dags/example_branch_python_dop_operator_3.py
[2026-04-19T00:03:22.977+0000] {processor.py:840} INFO - DAG(s) 'example_branch_dop_operator_v3' retrieved from /home/airflow/.local/lib/python3.8/site-packages/airflow/example_dags/example_branch_python_dop_operator_3.py
[2026-04-19T00:03:23.010+0000] {logging_mixin.py:188} INFO - [2026-04-19T00:03:23.010+0000] {dag.py:3036} INFO - Sync 1 DAGs
[2026-04-19T00:03:23.049+0000] {logging_mixin.py:188} INFO - [2026-04-19T00:03:23.049+0000] {dag.py:3823} INFO - Setting next_dagrun for example_branch_dop_operator_v3 to 2026-04-19 00:02:00+00:00, run_after=2026-04-19 00:03:00+00:00
[2026-04-19T00:03:23.071+0000] {processor.py:183} INFO - Processing /home/airflow/.local/lib/python3.8/site-packages/airflow/example_dags/example_branch_python_dop_operator_3.py took 0.116 seconds
[2026-04-19T00:03:53.218+0000] {processor.py:161} INFO - Started process (PID=10474) to work on /home/airflow/.local/lib/python3.8/site-packages/airflow/example_dags/example_branch_python_dop_operator_3.py
[2026-04-19T00:03:53.220+0000] {processor.py:830} INFO - Processing file /home/airflow/.local/lib/python3.8/site-packages/airflow/example_dags/example_branch_python_dop_operator_3.py for tasks to queue
[2026-04-19T00:03:53.223+0000] {logging_mixin.py:188} INFO - [2026-04-19T00:03:53.222+0000] {dagbag.py:538} INFO - Filling up the DagBag from /home/airflow/.local/lib/python3.8/site-packages/airflow/example_dags/example_branch_python_dop_operator_3.py
[2026-04-19T00:03:53.238+0000] {processor.py:840} INFO - DAG(s) 'example_branch_dop_operator_v3' retrieved from /home/airflow/.local/lib/python3.8/site-packages/airflow/example_dags/example_branch_python_dop_operator_3.py
[2026-04-19T00:03:53.268+0000] {logging_mixin.py:188} INFO - [2026-04-19T00:03:53.268+0000] {dag.py:3036} INFO - Sync 1 DAGs
[2026-04-19T00:03:53.303+0000] {logging_mixin.py:188} INFO - [2026-04-19T00:03:53.303+0000] {dag.py:3823} INFO - Setting next_dagrun for example_branch_dop_operator_v3 to 2026-04-19 00:02:00+00:00, run_after=2026-04-19 00:03:00+00:00
[2026-04-19T00:03:53.328+0000] {processor.py:183} INFO - Processing /home/airflow/.local/lib/python3.8/site-packages/airflow/example_dags/example_branch_python_dop_operator_3.py took 0.115 seconds
[2026-04-19T00:04:23.622+0000] {processor.py:161} INFO - Started process (PID=10529) to work on /home/airflow/.local/lib/python3.8/site-packages/airflow/example_dags/example_branch_python_dop_operator_3.py
[2026-04-19T00:04:23.623+0000] {processor.py:830} INFO - Processing file /home/airflow/.local/lib/python3.8/site-packages/airflow/example_dags/example_branch_python_dop_operator_3.py for tasks to queue
[2026-04-19T00:04:23.625+0000] {logging_mixin.py:188} INFO - [2026-04-19T00:04:23.625+0000] {dagbag.py:538} INFO - Filling up the DagBag from /home/airflow/.local/lib/python3.8/site-packages/airflow/example_dags/example_branch_python_dop_operator_3.py
[2026-04-19T00:04:23.638+0000] {processor.py:840} INFO - DAG(s) 'example_branch_dop_operator_v3' retrieved from /home/airflow/.local/lib/python3.8/site-packages/airflow/example_dags/example_branch_python_dop_operator_3.py
[2026-04-19T00:04:23.672+0000] {logging_mixin.py:188} INFO - [2026-04-19T00:04:23.671+0000] {dag.py:3036} INFO - Sync 1 DAGs
[2026-04-19T00:04:23.710+0000] {logging_mixin.py:188} INFO - [2026-04-19T00:04:23.710+0000] {dag.py:3823} INFO - Setting next_dagrun for example_branch_dop_operator_v3 to 2026-04-19 00:03:00+00:00, run_after=2026-04-19 00:04:00+00:00
[2026-04-19T00:04:23.734+0000] {processor.py:183} INFO - Processing /home/airflow/.local/lib/python3.8/site-packages/airflow/example_dags/example_branch_python_dop_operator_3.py took 0.118 seconds
[2026-04-19T00:04:53.974+0000] {processor.py:161} INFO - Started process (PID=10584) to work on /home/airflow/.local/lib/python3.8/site-packages/airflow/example_dags/example_branch_python_dop_operator_3.py
[2026-04-19T00:04:53.975+0000] {processor.py:830} INFO - Processing file /home/airflow/.local/lib/python3.8/site-packages/airflow/example_dags/example_branch_python_dop_operator_3.py for tasks to queue
[2026-04-19T00:04:53.978+0000] {logging_mixin.py:188} INFO - [2026-04-19T00:04:53.978+0000] {dagbag.py:538} INFO - Filling up the DagBag from /home/airflow/.local/lib/python3.8/site-packages/airflow/example_dags/example_branch_python_dop_operator_3.py
[2026-04-19T00:04:53.991+0000] {processor.py:840} INFO - DAG(s) 'example_branch_dop_operator_v3' retrieved from /home/airflow/.local/lib/python3.8/site-packages/airflow/example_dags/example_branch_python_dop_operator_3.py
[2026-04-19T00:04:54.025+0000] {logging_mixin.py:188} INFO - [2026-04-19T00:04:54.025+0000] {dag.py:3036} INFO - Sync 1 DAGs
[2026-04-19T00:04:54.065+0000] {logging_mixin.py:188} INFO - [2026-04-19T00:04:54.065+0000] {dag.py:3823} INFO - Setting next_dagrun for example_branch_dop_operator_v3 to 2026-04-19 00:03:00+00:00, run_after=2026-04-19 00:04:00+00:00
[2026-04-19T00:04:54.090+0000] {processor.py:183} INFO - Processing /home/airflow/.local/lib/python3.8/site-packages/airflow/example_dags/example_branch_python_dop_operator_3.py took 0.122 seconds
[2026-04-19T00:05:24.329+0000] {processor.py:161} INFO - Started process (PID=10639) to work on /home/airflow/.local/lib/python3.8/site-packages/airflow/example_dags/example_branch_python_dop_operator_3.py
[2026-04-19T00:05:24.330+0000] {processor.py:830} INFO - Processing file /home/airflow/.local/lib/python3.8/site-packages/airflow/example_dags/example_branch_python_dop_operator_3.py for tasks to queue
[2026-04-19T00:05:24.332+0000] {logging_mixin.py:188} INFO - [2026-04-19T00:05:24.332+0000] {dagbag.py:538} INFO - Filling up the DagBag from /home/airflow/.local/lib/python3.8/site-packages/airflow/example_dags/example_branch_python_dop_operator_3.py
[2026-04-19T00:05:24.345+0000] {processor.py:840} INFO - DAG(s) 'example_branch_dop_operator_v3' retrieved from /home/airflow/.local/lib/python3.8/site-packages/airflow/example_dags/example_branch_python_dop_operator_3.py
[2026-04-19T00:05:24.373+0000] {logging_mixin.py:188} INFO - [2026-04-19T00:05:24.373+0000] {dag.py:3036} INFO - Sync 1 DAGs
[2026-04-19T00:05:24.410+0000] {logging_mixin.py:188} INFO - [2026-04-19T00:05:24.410+0000] {dag.py:3823} INFO - Setting next_dagrun for example_branch_dop_operator_v3 to 2026-04-19 00:04:00+00:00, run_after=2026-04-19 00:05:00+00:00
[2026-04-19T00:05:24.433+0000] {processor.py:183} INFO - Processing /home/airflow/.local/lib/python3.8/site-packages/airflow/example_dags/example_branch_python_dop_operator_3.py took 0.109 seconds
[2026-04-19T00:05:54.778+0000] {processor.py:161} INFO - Started process (PID=10694) to work on /home/airflow/.local/lib/python3.8/site-packages/airflow/example_dags/example_branch_python_dop_operator_3.py
[2026-04-19T00:05:54.779+0000] {processor.py:830} INFO - Processing file /home/airflow/.local/lib/python3.8/site-packages/airflow/example_dags/example_branch_python_dop_operator_3.py for tasks to queue
[2026-04-19T00:05:54.782+0000] {logging_mixin.py:188} INFO - [2026-04-19T00:05:54.782+0000] {dagbag.py:538} INFO - Filling up the DagBag from /home/airflow/.local/lib/python3.8/site-packages/airflow/example_dags/example_branch_python_dop_operator_3.py
[2026-04-19T00:05:54.796+0000] {processor.py:840} INFO - DAG(s) 'example_branch_dop_operator_v3' retrieved from /home/airflow/.local/lib/python3.8/site-packages/airflow/example_dags/example_branch_python_dop_operator_3.py
[2026-04-19T00:05:54.826+0000] {logging_mixin.py:188} INFO - [2026-04-19T00:05:54.826+0000] {dag.py:3036} INFO - Sync 1 DAGs
[2026-04-19T00:05:54.862+0000] {logging_mixin.py:188} INFO - [2026-04-19T00:05:54.861+0000] {dag.py:3823} INFO - Setting next_dagrun for example_branch_dop_operator_v3 to 2026-04-19 00:04:00+00:00, run_after=2026-04-19 00:05:00+00:00
[2026-04-19T00:05:54.888+0000] {processor.py:183} INFO - Processing /home/airflow/.local/lib/python3.8/site-packages/airflow/example_dags/example_branch_python_dop_operator_3.py took 0.116 seconds
[2026-04-19T00:06:25.209+0000] {processor.py:161} INFO - Started process (PID=10749) to work on /home/airflow/.local/lib/python3.8/site-packages/airflow/example_dags/example_branch_python_dop_operator_3.py
[2026-04-19T00:06:25.210+0000] {processor.py:830} INFO - Processing file /home/airflow/.local/lib/python3.8/site-packages/airflow/example_dags/example_branch_python_dop_operator_3.py for tasks to queue
[2026-04-19T00:06:25.213+0000] {logging_mixin.py:188} INFO - [2026-04-19T00:06:25.212+0000] {dagbag.py:538} INFO - Filling up the DagBag from /home/airflow/.local/lib/python3.8/site-packages/airflow/example_dags/example_branch_python_dop_operator_3.py
[2026-04-19T00:06:25.224+0000] {processor.py:840} INFO - DAG(s) 'example_branch_dop_operator_v3' retrieved from /home/airflow/.local/lib/python3.8/site-packages/airflow/example_dags/example_branch_python_dop_operator_3.py
[2026-04-19T00:06:25.254+0000] {logging_mixin.py:188} INFO - [2026-04-19T00:06:25.253+0000] {dag.py:3036} INFO - Sync 1 DAGs
[2026-04-19T00:06:25.291+0000] {logging_mixin.py:188} INFO - [2026-04-19T00:06:25.291+0000] {dag.py:3823} INFO - Setting next_dagrun for example_branch_dop_operator_v3 to 2026-04-19 00:05:00+00:00, run_after=2026-04-19 00:06:00+00:00
[2026-04-19T00:06:25.316+0000] {processor.py:183} INFO - Processing /home/airflow/.local/lib/python3.8/site-packages/airflow/example_dags/example_branch_python_dop_operator_3.py took 0.112 seconds
[2026-04-19T00:06:55.418+0000] {processor.py:161} INFO - Started process (PID=10804) to work on /home/airflow/.local/lib/python3.8/site-packages/airflow/example_dags/example_branch_python_dop_operator_3.py
[2026-04-19T00:06:55.420+0000] {processor.py:830} INFO - Processing file /home/airflow/.local/lib/python3.8/site-packages/airflow/example_dags/example_branch_python_dop_operator_3.py for tasks to queue
[2026-04-19T00:06:55.422+0000] {logging_mixin.py:188} INFO - [2026-04-19T00:06:55.422+0000] {dagbag.py:538} INFO - Filling up the DagBag from /home/airflow/.local/lib/python3.8/site-packages/airflow/example_dags/example_branch_python_dop_operator_3.py
[2026-04-19T00:06:55.434+0000] {processor.py:840} INFO - DAG(s) 'example_branch_dop_operator_v3' retrieved from /home/airflow/.local/lib/python3.8/site-packages/airflow/example_dags/example_branch_python_dop_operator_3.py
[2026-04-19T00:06:55.465+0000] {logging_mixin.py:188} INFO - [2026-04-19T00:06:55.464+0000] {dag.py:3036} INFO - Sync 1 DAGs
[2026-04-19T00:06:55.501+0000] {logging_mixin.py:188} INFO - [2026-04-19T00:06:55.500+0000] {dag.py:3823} INFO - Setting next_dagrun for example_branch_dop_operator_v3 to 2026-04-19 00:05:00+00:00, run_after=2026-04-19 00:06:00+00:00
[2026-04-19T00:06:55.525+0000] {processor.py:183} INFO - Processing /home/airflow/.local/lib/python3.8/site-packages/airflow/example_dags/example_branch_python_dop_operator_3.py took 0.112 seconds
[2026-04-19T00:07:25.840+0000] {processor.py:161} INFO - Started process (PID=10859) to work on /home/airflow/.local/lib/python3.8/site-packages/airflow/example_dags/example_branch_python_dop_operator_3.py
[2026-04-19T00:07:25.841+0000] {processor.py:830} INFO - Processing file /home/airflow/.local/lib/python3.8/site-packages/airflow/example_dags/example_branch_python_dop_operator_3.py for tasks to queue
[2026-04-19T00:07:25.844+0000] {logging_mixin.py:188} INFO - [2026-04-19T00:07:25.843+0000] {dagbag.py:538} INFO - Filling up the DagBag from /home/airflow/.local/lib/python3.8/site-packages/airflow/example_dags/example_branch_python_dop_operator_3.py
[2026-04-19T00:07:25.859+0000] {processor.py:840} INFO - DAG(s) 'example_branch_dop_operator_v3' retrieved from /home/airflow/.local/lib/python3.8/site-packages/airflow/example_dags/example_branch_python_dop_operator_3.py
[2026-04-19T00:07:25.894+0000] {logging_mixin.py:188} INFO - [2026-04-19T00:07:25.893+0000] {dag.py:3036} INFO - Sync 1 DAGs
[2026-04-19T00:07:25.934+0000] {logging_mixin.py:188} INFO - [2026-04-19T00:07:25.933+0000] {dag.py:3823} INFO - Setting next_dagrun for example_branch_dop_operator_v3 to 2026-04-19 00:06:00+00:00, run_after=2026-04-19 00:07:00+00:00
[2026-04-19T00:07:25.961+0000] {processor.py:183} INFO - Processing /home/airflow/.local/lib/python3.8/site-packages/airflow/example_dags/example_branch_python_dop_operator_3.py took 0.126 seconds
[2026-04-19T00:07:56.108+0000] {processor.py:161} INFO - Started process (PID=10914) to work on /home/airflow/.local/lib/python3.8/site-packages/airflow/example_dags/example_branch_python_dop_operator_3.py
[2026-04-19T00:07:56.110+0000] {processor.py:830} INFO - Processing file /home/airflow/.local/lib/python3.8/site-packages/airflow/example_dags/example_branch_python_dop_operator_3.py for tasks to queue
[2026-04-19T00:07:56.112+0000] {logging_mixin.py:188} INFO - [2026-04-19T00:07:56.112+0000] {dagbag.py:538} INFO - Filling up the DagBag from /home/airflow/.local/lib/python3.8/site-packages/airflow/example_dags/example_branch_python_dop_operator_3.py
[2026-04-19T00:07:56.125+0000] {processor.py:840} INFO - DAG(s) 'example_branch_dop_operator_v3' retrieved from /home/airflow/.local/lib/python3.8/site-packages/airflow/example_dags/example_branch_python_dop_operator_3.py
[2026-04-19T00:07:56.154+0000] {logging_mixin.py:188} INFO - [2026-04-19T00:07:56.153+0000] {dag.py:3036} INFO - Sync 1 DAGs
[2026-04-19T00:07:56.190+0000] {logging_mixin.py:188} INFO - [2026-04-19T00:07:56.189+0000] {dag.py:3823} INFO - Setting next_dagrun for example_branch_dop_operator_v3 to 2026-04-19 00:06:00+00:00, run_after=2026-04-19 00:07:00+00:00
[2026-04-19T00:07:56.214+0000] {processor.py:183} INFO - Processing /home/airflow/.local/lib/python3.8/site-packages/airflow/example_dags/example_branch_python_dop_operator_3.py took 0.110 seconds
[2026-04-19T00:08:26.348+0000] {processor.py:161} INFO - Started process (PID=10969) to work on /home/airflow/.local/lib/python3.8/site-packages/airflow/example_dags/example_branch_python_dop_operator_3.py
[2026-04-19T00:08:26.350+0000] {processor.py:830} INFO - Processing file /home/airflow/.local/lib/python3.8/site-packages/airflow/example_dags/example_branch_python_dop_operator_3.py for tasks to queue
[2026-04-19T00:08:26.352+0000] {logging_mixin.py:188} INFO - [2026-04-19T00:08:26.352+0000] {dagbag.py:538} INFO - Filling up the DagBag from /home/airflow/.local/lib/python3.8/site-packages/airflow/example_dags/example_branch_python_dop_operator_3.py
[2026-04-19T00:08:26.365+0000] {processor.py:840} INFO - DAG(s) 'example_branch_dop_operator_v3' retrieved from /home/airflow/.local/lib/python3.8/site-packages/airflow/example_dags/example_branch_python_dop_operator_3.py
[2026-04-19T00:08:26.396+0000] {logging_mixin.py:188} INFO - [2026-04-19T00:08:26.396+0000] {dag.py:3036} INFO - Sync 1 DAGs
[2026-04-19T00:08:26.431+0000] {logging_mixin.py:188} INFO - [2026-04-19T00:08:26.431+0000] {dag.py:3823} INFO - Setting next_dagrun for example_branch_dop_operator_v3 to 2026-04-19 00:07:00+00:00, run_after=2026-04-19 00:08:00+00:00
[2026-04-19T00:08:26.456+0000] {processor.py:183} INFO - Processing /home/airflow/.local/lib/python3.8/site-packages/airflow/example_dags/example_branch_python_dop_operator_3.py took 0.113 seconds
[2026-04-19T00:08:56.799+0000] {processor.py:161} INFO - Started process (PID=11024) to work on /home/airflow/.local/lib/python3.8/site-packages/airflow/example_dags/example_branch_python_dop_operator_3.py
[2026-04-19T00:08:56.800+0000] {processor.py:830} INFO - Processing file /home/airflow/.local/lib/python3.8/site-packages/airflow/example_dags/example_branch_python_dop_operator_3.py for tasks to queue
[2026-04-19T00:08:56.802+0000] {logging_mixin.py:188} INFO - [2026-04-19T00:08:56.802+0000] {dagbag.py:538} INFO - Filling up the DagBag from /home/airflow/.local/lib/python3.8/site-packages/airflow/example_dags/example_branch_python_dop_operator_3.py
[2026-04-19T00:08:56.814+0000] {processor.py:840} INFO - DAG(s) 'example_branch_dop_operator_v3' retrieved from /home/airflow/.local/lib/python3.8/site-packages/airflow/example_dags/example_branch_python_dop_operator_3.py
[2026-04-19T00:08:56.845+0000] {logging_mixin.py:188} INFO - [2026-04-19T00:08:56.845+0000] {dag.py:3036} INFO - Sync 1 DAGs
[2026-04-19T00:08:56.882+0000] {logging_mixin.py:188} INFO - [2026-04-19T00:08:56.881+0000] {dag.py:3823} INFO - Setting next_dagrun for example_branch_dop_operator_v3 to 2026-04-19 00:07:00+00:00, run_after=2026-04-19 00:08:00+00:00
[2026-04-19T00:08:56.905+0000] {processor.py:183} INFO - Processing /home/airflow/.local/lib/python3.8/site-packages/airflow/example_dags/example_branch_python_dop_operator_3.py took 0.112 seconds
[2026-04-19T00:09:27.197+0000] {processor.py:161} INFO - Started process (PID=11079) to work on /home/airflow/.local/lib/python3.8/site-packages/airflow/example_dags/example_branch_python_dop_operator_3.py
[2026-04-19T00:09:27.199+0000] {processor.py:830} INFO - Processing file /home/airflow/.local/lib/python3.8/site-packages/airflow/example_dags/example_branch_python_dop_operator_3.py for tasks to queue
[2026-04-19T00:09:27.201+0000] {logging_mixin.py:188} INFO - [2026-04-19T00:09:27.201+0000] {dagbag.py:538} INFO - Filling up the DagBag from /home/airflow/.local/lib/python3.8/site-packages/airflow/example_dags/example_branch_python_dop_operator_3.py
[2026-04-19T00:09:27.215+0000] {processor.py:840} INFO - DAG(s) 'example_branch_dop_operator_v3' retrieved from /home/airflow/.local/lib/python3.8/site-packages/airflow/example_dags/example_branch_python_dop_operator_3.py
[2026-04-19T00:09:27.244+0000] {logging_mixin.py:188} INFO - [2026-04-19T00:09:27.243+0000] {dag.py:3036} INFO - Sync 1 DAGs
[2026-04-19T00:09:27.282+0000] {logging_mixin.py:188} INFO - [2026-04-19T00:09:27.281+0000] {dag.py:3823} INFO - Setting next_dagrun for example_branch_dop_operator_v3 to 2026-04-19 00:08:00+00:00, run_after=2026-04-19 00:09:00+00:00
[2026-04-19T00:09:27.309+0000] {processor.py:183} INFO - Processing /home/airflow/.local/lib/python3.8/site-packages/airflow/example_dags/example_branch_python_dop_operator_3.py took 0.116 seconds
[2026-04-19T00:09:57.769+0000] {processor.py:161} INFO - Started process (PID=11134) to work on /home/airflow/.local/lib/python3.8/site-packages/airflow/example_dags/example_branch_python_dop_operator_3.py
[2026-04-19T00:09:57.771+0000] {processor.py:830} INFO - Processing file /home/airflow/.local/lib/python3.8/site-packages/airflow/example_dags/example_branch_python_dop_operator_3.py for tasks to queue
[2026-04-19T00:09:57.773+0000] {logging_mixin.py:188} INFO - [2026-04-19T00:09:57.773+0000] {dagbag.py:538} INFO - Filling up the DagBag from /home/airflow/.local/lib/python3.8/site-packages/airflow/example_dags/example_branch_python_dop_operator_3.py
[2026-04-19T00:09:57.786+0000] {processor.py:840} INFO - DAG(s) 'example_branch_dop_operator_v3' retrieved from /home/airflow/.local/lib/python3.8/site-packages/airflow/example_dags/example_branch_python_dop_operator_3.py
[2026-04-19T00:09:57.821+0000] {logging_mixin.py:188} INFO - [2026-04-19T00:09:57.820+0000] {dag.py:3036} INFO - Sync 1 DAGs
[2026-04-19T00:09:57.860+0000] {logging_mixin.py:188} INFO - [2026-04-19T00:09:57.860+0000] {dag.py:3823} INFO - Setting next_dagrun for example_branch_dop_operator_v3 to 2026-04-19 00:08:00+00:00, run_after=2026-04-19 00:09:00+00:00
[2026-04-19T00:09:57.886+0000] {processor.py:183} INFO - Processing /home/airflow/.local/lib/python3.8/site-packages/airflow/example_dags/example_branch_python_dop_operator_3.py took 0.122 seconds
[2026-04-19T00:10:28.204+0000] {processor.py:161} INFO - Started process (PID=11189) to work on /home/airflow/.local/lib/python3.8/site-packages/airflow/example_dags/example_branch_python_dop_operator_3.py
[2026-04-19T00:10:28.206+0000] {processor.py:830} INFO - Processing file /home/airflow/.local/lib/python3.8/site-packages/airflow/example_dags/example_branch_python_dop_operator_3.py for tasks to queue
[2026-04-19T00:10:28.208+0000] {logging_mixin.py:188} INFO - [2026-04-19T00:10:28.208+0000] {dagbag.py:538} INFO - Filling up the DagBag from /home/airflow/.local/lib/python3.8/site-packages/airflow/example_dags/example_branch_python_dop_operator_3.py
[2026-04-19T00:10:28.227+0000] {processor.py:840} INFO - DAG(s) 'example_branch_dop_operator_v3' retrieved from /home/airflow/.local/lib/python3.8/site-packages/airflow/example_dags/example_branch_python_dop_operator_3.py
[2026-04-19T00:10:28.258+0000] {logging_mixin.py:188} INFO - [2026-04-19T00:10:28.258+0000] {dag.py:3036} INFO - Sync 1 DAGs
[2026-04-19T00:10:28.298+0000] {logging_mixin.py:188} INFO - [2026-04-19T00:10:28.298+0000] {dag.py:3823} INFO - Setting next_dagrun for example_branch_dop_operator_v3 to 2026-04-19 00:09:00+00:00, run_after=2026-04-19 00:10:00+00:00
[2026-04-19T00:10:28.326+0000] {processor.py:183} INFO - Processing /home/airflow/.local/lib/python3.8/site-packages/airflow/example_dags/example_branch_python_dop_operator_3.py took 0.128 seconds
[2026-04-19T00:10:58.648+0000] {processor.py:161} INFO - Started process (PID=11244) to work on /home/airflow/.local/lib/python3.8/site-packages/airflow/example_dags/example_branch_python_dop_operator_3.py
[2026-04-19T00:10:58.649+0000] {processor.py:830} INFO - Processing file /home/airflow/.local/lib/python3.8/site-packages/airflow/example_dags/example_branch_python_dop_operator_3.py for tasks to queue
[2026-04-19T00:10:58.652+0000] {logging_mixin.py:188} INFO - [2026-04-19T00:10:58.652+0000] {dagbag.py:538} INFO - Filling up the DagBag from /home/airflow/.local/lib/python3.8/site-packages/airflow/example_dags/example_branch_python_dop_operator_3.py
[2026-04-19T00:10:58.668+0000] {processor.py:840} INFO - DAG(s) 'example_branch_dop_operator_v3' retrieved from /home/airflow/.local/lib/python3.8/site-packages/airflow/example_dags/example_branch_python_dop_operator_3.py
[2026-04-19T00:10:58.699+0000] {logging_mixin.py:188} INFO - [2026-04-19T00:10:58.698+0000] {dag.py:3036} INFO - Sync 1 DAGs
[2026-04-19T00:10:58.737+0000] {logging_mixin.py:188} INFO - [2026-04-19T00:10:58.737+0000] {dag.py:3823} INFO - Setting next_dagrun for example_branch_dop_operator_v3 to 2026-04-19 00:09:00+00:00, run_after=2026-04-19 00:10:00+00:00
[2026-04-19T00:10:58.762+0000] {processor.py:183} INFO - Processing /home/airflow/.local/lib/python3.8/site-packages/airflow/example_dags/example_branch_python_dop_operator_3.py took 0.120 seconds
[2026-04-19T00:11:29.147+0000] {processor.py:161} INFO - Started process (PID=11299) to work on /home/airflow/.local/lib/python3.8/site-packages/airflow/example_dags/example_branch_python_dop_operator_3.py
[2026-04-19T00:11:29.149+0000] {processor.py:830} INFO - Processing file /home/airflow/.local/lib/python3.8/site-packages/airflow/example_dags/example_branch_python_dop_operator_3.py for tasks to queue
[2026-04-19T00:11:29.151+0000] {logging_mixin.py:188} INFO - [2026-04-19T00:11:29.151+0000] {dagbag.py:538} INFO - Filling up the DagBag from /home/airflow/.local/lib/python3.8/site-packages/airflow/example_dags/example_branch_python_dop_operator_3.py
[2026-04-19T00:11:29.164+0000] {processor.py:840} INFO - DAG(s) 'example_branch_dop_operator_v3' retrieved from /home/airflow/.local/lib/python3.8/site-packages/airflow/example_dags/example_branch_python_dop_operator_3.py
[2026-04-19T00:11:29.191+0000] {logging_mixin.py:188} INFO - [2026-04-19T00:11:29.191+0000] {dag.py:3036} INFO - Sync 1 DAGs
[2026-04-19T00:11:29.229+0000] {logging_mixin.py:188} INFO - [2026-04-19T00:11:29.229+0000] {dag.py:3823} INFO - Setting next_dagrun for example_branch_dop_operator_v3 to 2026-04-19 00:10:00+00:00, run_after=2026-04-19 00:11:00+00:00
[2026-04-19T00:11:29.256+0000] {processor.py:183} INFO - Processing /home/airflow/.local/lib/python3.8/site-packages/airflow/example_dags/example_branch_python_dop_operator_3.py took 0.115 seconds
[2026-04-19T00:11:59.614+0000] {processor.py:161} INFO - Started process (PID=11354) to work on /home/airflow/.local/lib/python3.8/site-packages/airflow/example_dags/example_branch_python_dop_operator_3.py
[2026-04-19T00:11:59.615+0000] {processor.py:830} INFO - Processing file /home/airflow/.local/lib/python3.8/site-packages/airflow/example_dags/example_branch_python_dop_operator_3.py for tasks to queue
[2026-04-19T00:11:59.618+0000] {logging_mixin.py:188} INFO - [2026-04-19T00:11:59.617+0000] {dagbag.py:538} INFO - Filling up the DagBag from /home/airflow/.local/lib/python3.8/site-packages/airflow/example_dags/example_branch_python_dop_operator_3.py
[2026-04-19T00:11:59.630+0000] {processor.py:840} INFO - DAG(s) 'example_branch_dop_operator_v3' retrieved from /home/airflow/.local/lib/python3.8/site-packages/airflow/example_dags/example_branch_python_dop_operator_3.py
[2026-04-19T00:11:59.659+0000] {logging_mixin.py:188} INFO - [2026-04-19T00:11:59.658+0000] {dag.py:3036} INFO - Sync 1 DAGs
[2026-04-19T00:11:59.696+0000] {logging_mixin.py:188} INFO - [2026-04-19T00:11:59.696+0000] {dag.py:3823} INFO - Setting next_dagrun for example_branch_dop_operator_v3 to 2026-04-19 00:10:00+00:00, run_after=2026-04-19 00:11:00+00:00
[2026-04-19T00:11:59.718+0000] {processor.py:183} INFO - Processing /home/airflow/.local/lib/python3.8/site-packages/airflow/example_dags/example_branch_python_dop_operator_3.py took 0.109 seconds
[2026-04-19T00:12:30.008+0000] {processor.py:161} INFO - Started process (PID=11409) to work on /home/airflow/.local/lib/python3.8/site-packages/airflow/example_dags/example_branch_python_dop_operator_3.py
[2026-04-19T00:12:30.010+0000] {processor.py:830} INFO - Processing file /home/airflow/.local/lib/python3.8/site-packages/airflow/example_dags/example_branch_python_dop_operator_3.py for tasks to queue
[2026-04-19T00:12:30.012+0000] {logging_mixin.py:188} INFO - [2026-04-19T00:12:30.012+0000] {dagbag.py:538} INFO - Filling up the DagBag from /home/airflow/.local/lib/python3.8/site-packages/airflow/example_dags/example_branch_python_dop_operator_3.py
[2026-04-19T00:12:30.027+0000] {processor.py:840} INFO - DAG(s) 'example_branch_dop_operator_v3' retrieved from /home/airflow/.local/lib/python3.8/site-packages/airflow/example_dags/example_branch_python_dop_operator_3.py
[2026-04-19T00:12:30.060+0000] {logging_mixin.py:188} INFO - [2026-04-19T00:12:30.059+0000] {dag.py:3036} INFO - Sync 1 DAGs
[2026-04-19T00:12:30.098+0000] {logging_mixin.py:188} INFO - [2026-04-19T00:12:30.098+0000] {dag.py:3823} INFO - Setting next_dagrun for example_branch_dop_operator_v3 to 2026-04-19 00:11:00+00:00, run_after=2026-04-19 00:12:00+00:00
[2026-04-19T00:12:30.126+0000] {processor.py:183} INFO - Processing /home/airflow/.local/lib/python3.8/site-packages/airflow/example_dags/example_branch_python_dop_operator_3.py took 0.123 seconds
[2026-04-19T00:13:00.363+0000] {processor.py:161} INFO - Started process (PID=11464) to work on /home/airflow/.local/lib/python3.8/site-packages/airflow/example_dags/example_branch_python_dop_operator_3.py
[2026-04-19T00:13:00.364+0000] {processor.py:830} INFO - Processing file /home/airflow/.local/lib/python3.8/site-packages/airflow/example_dags/example_branch_python_dop_operator_3.py for tasks to queue
[2026-04-19T00:13:00.366+0000] {logging_mixin.py:188} INFO - [2026-04-19T00:13:00.366+0000] {dagbag.py:538} INFO - Filling up the DagBag from /home/airflow/.local/lib/python3.8/site-packages/airflow/example_dags/example_branch_python_dop_operator_3.py
[2026-04-19T00:13:00.380+0000] {processor.py:840} INFO - DAG(s) 'example_branch_dop_operator_v3' retrieved from /home/airflow/.local/lib/python3.8/site-packages/airflow/example_dags/example_branch_python_dop_operator_3.py
[2026-04-19T00:13:00.416+0000] {logging_mixin.py:188} INFO - [2026-04-19T00:13:00.415+0000] {dag.py:3036} INFO - Sync 1 DAGs
[2026-04-19T00:13:00.456+0000] {logging_mixin.py:188} INFO - [2026-04-19T00:13:00.456+0000] {dag.py:3823} INFO - Setting next_dagrun for example_branch_dop_operator_v3 to 2026-04-19 00:12:00+00:00, run_after=2026-04-19 00:13:00+00:00
[2026-04-19T00:13:00.481+0000] {processor.py:183} INFO - Processing /home/airflow/.local/lib/python3.8/site-packages/airflow/example_dags/example_branch_python_dop_operator_3.py took 0.124 seconds
[2026-04-19T00:13:30.889+0000] {processor.py:161} INFO - Started process (PID=11519) to work on /home/airflow/.local/lib/python3.8/site-packages/airflow/example_dags/example_branch_python_dop_operator_3.py
[2026-04-19T00:13:30.891+0000] {processor.py:830} INFO - Processing file /home/airflow/.local/lib/python3.8/site-packages/airflow/example_dags/example_branch_python_dop_operator_3.py for tasks to queue
[2026-04-19T00:13:30.893+0000] {logging_mixin.py:188} INFO - [2026-04-19T00:13:30.892+0000] {dagbag.py:538} INFO - Filling up the DagBag from /home/airflow/.local/lib/python3.8/site-packages/airflow/example_dags/example_branch_python_dop_operator_3.py
[2026-04-19T00:13:30.905+0000] {processor.py:840} INFO - DAG(s) 'example_branch_dop_operator_v3' retrieved from /home/airflow/.local/lib/python3.8/site-packages/airflow/example_dags/example_branch_python_dop_operator_3.py
[2026-04-19T00:13:30.931+0000] {logging_mixin.py:188} INFO - [2026-04-19T00:13:30.931+0000] {dag.py:3036} INFO - Sync 1 DAGs
[2026-04-19T00:13:30.971+0000] {logging_mixin.py:188} INFO - [2026-04-19T00:13:30.970+0000] {dag.py:3823} INFO - Setting next_dagrun for example_branch_dop_operator_v3 to 2026-04-19 00:12:00+00:00, run_after=2026-04-19 00:13:00+00:00
[2026-04-19T00:13:30.992+0000] {processor.py:183} INFO - Processing /home/airflow/.local/lib/python3.8/site-packages/airflow/example_dags/example_branch_python_dop_operator_3.py took 0.107 seconds
[2026-04-19T00:14:01.359+0000] {processor.py:161} INFO - Started process (PID=11574) to work on /home/airflow/.local/lib/python3.8/site-packages/airflow/example_dags/example_branch_python_dop_operator_3.py
[2026-04-19T00:14:01.361+0000] {processor.py:830} INFO - Processing file /home/airflow/.local/lib/python3.8/site-packages/airflow/example_dags/example_branch_python_dop_operator_3.py for tasks to queue
[2026-04-19T00:14:01.363+0000] {logging_mixin.py:188} INFO - [2026-04-19T00:14:01.362+0000] {dagbag.py:538} INFO - Filling up the DagBag from /home/airflow/.local/lib/python3.8/site-packages/airflow/example_dags/example_branch_python_dop_operator_3.py
[2026-04-19T00:14:01.375+0000] {processor.py:840} INFO - DAG(s) 'example_branch_dop_operator_v3' retrieved from /home/airflow/.local/lib/python3.8/site-packages/airflow/example_dags/example_branch_python_dop_operator_3.py
[2026-04-19T00:14:01.403+0000] {logging_mixin.py:188} INFO - [2026-04-19T00:14:01.403+0000] {dag.py:3036} INFO - Sync 1 DAGs
[2026-04-19T00:14:01.441+0000] {logging_mixin.py:188} INFO - [2026-04-19T00:14:01.440+0000] {dag.py:3823} INFO - Setting next_dagrun for example_branch_dop_operator_v3 to 2026-04-19 00:13:00+00:00, run_after=2026-04-19 00:14:00+00:00
[2026-04-19T00:14:01.464+0000] {processor.py:183} INFO - Processing /home/airflow/.local/lib/python3.8/site-packages/airflow/example_dags/example_branch_python_dop_operator_3.py took 0.110 seconds
[2026-04-19T00:14:31.958+0000] {processor.py:161} INFO - Started process (PID=11629) to work on /home/airflow/.local/lib/python3.8/site-packages/airflow/example_dags/example_branch_python_dop_operator_3.py
[2026-04-19T00:14:31.959+0000] {processor.py:830} INFO - Processing file /home/airflow/.local/lib/python3.8/site-packages/airflow/example_dags/example_branch_python_dop_operator_3.py for tasks to queue
[2026-04-19T00:14:31.962+0000] {logging_mixin.py:188} INFO - [2026-04-19T00:14:31.961+0000] {dagbag.py:538} INFO - Filling up the DagBag from /home/airflow/.local/lib/python3.8/site-packages/airflow/example_dags/example_branch_python_dop_operator_3.py
[2026-04-19T00:14:31.974+0000] {processor.py:840} INFO - DAG(s) 'example_branch_dop_operator_v3' retrieved from /home/airflow/.local/lib/python3.8/site-packages/airflow/example_dags/example_branch_python_dop_operator_3.py
[2026-04-19T00:14:32.007+0000] {logging_mixin.py:188} INFO - [2026-04-19T00:14:32.007+0000] {dag.py:3036} INFO - Sync 1 DAGs
[2026-04-19T00:14:32.044+0000] {logging_mixin.py:188} INFO - [2026-04-19T00:14:32.044+0000] {dag.py:3823} INFO - Setting next_dagrun for example_branch_dop_operator_v3 to 2026-04-19 00:13:00+00:00, run_after=2026-04-19 00:14:00+00:00
[2026-04-19T00:14:32.068+0000] {processor.py:183} INFO - Processing /home/airflow/.local/lib/python3.8/site-packages/airflow/example_dags/example_branch_python_dop_operator_3.py took 0.115 seconds
[2026-04-19T00:15:02.505+0000] {processor.py:161} INFO - Started process (PID=11684) to work on /home/airflow/.local/lib/python3.8/site-packages/airflow/example_dags/example_branch_python_dop_operator_3.py
[2026-04-19T00:15:02.507+0000] {processor.py:830} INFO - Processing file /home/airflow/.local/lib/python3.8/site-packages/airflow/example_dags/example_branch_python_dop_operator_3.py for tasks to queue
[2026-04-19T00:15:02.509+0000] {logging_mixin.py:188} INFO - [2026-04-19T00:15:02.509+0000] {dagbag.py:538} INFO - Filling up the DagBag from /home/airflow/.local/lib/python3.8/site-packages/airflow/example_dags/example_branch_python_dop_operator_3.py
[2026-04-19T00:15:02.522+0000] {processor.py:840} INFO - DAG(s) 'example_branch_dop_operator_v3' retrieved from /home/airflow/.local/lib/python3.8/site-packages/airflow/example_dags/example_branch_python_dop_operator_3.py
[2026-04-19T00:15:02.554+0000] {logging_mixin.py:188} INFO - [2026-04-19T00:15:02.554+0000] {dag.py:3036} INFO - Sync 1 DAGs
[2026-04-19T00:15:02.594+0000] {logging_mixin.py:188} INFO - [2026-04-19T00:15:02.594+0000] {dag.py:3823} INFO - Setting next_dagrun for example_branch_dop_operator_v3 to 2026-04-19 00:14:00+00:00, run_after=2026-04-19 00:15:00+00:00
[2026-04-19T00:15:02.619+0000] {processor.py:183} INFO - Processing /home/airflow/.local/lib/python3.8/site-packages/airflow/example_dags/example_branch_python_dop_operator_3.py took 0.120 seconds
[2026-04-19T00:15:32.986+0000] {processor.py:161} INFO - Started process (PID=11740) to work on /home/airflow/.local/lib/python3.8/site-packages/airflow/example_dags/example_branch_python_dop_operator_3.py
[2026-04-19T00:15:32.987+0000] {processor.py:830} INFO - Processing file /home/airflow/.local/lib/python3.8/site-packages/airflow/example_dags/example_branch_python_dop_operator_3.py for tasks to queue
[2026-04-19T00:15:32.990+0000] {logging_mixin.py:188} INFO - [2026-04-19T00:15:32.989+0000] {dagbag.py:538} INFO - Filling up the DagBag from /home/airflow/.local/lib/python3.8/site-packages/airflow/example_dags/example_branch_python_dop_operator_3.py
[2026-04-19T00:15:33.002+0000] {processor.py:840} INFO - DAG(s) 'example_branch_dop_operator_v3' retrieved from /home/airflow/.local/lib/python3.8/site-packages/airflow/example_dags/example_branch_python_dop_operator_3.py
[2026-04-19T00:15:33.030+0000] {logging_mixin.py:188} INFO - [2026-04-19T00:15:33.030+0000] {dag.py:3036} INFO - Sync 1 DAGs
[2026-04-19T00:15:33.063+0000] {logging_mixin.py:188} INFO - [2026-04-19T00:15:33.063+0000] {dag.py:3823} INFO - Setting next_dagrun for example_branch_dop_operator_v3 to 2026-04-19 00:14:00+00:00, run_after=2026-04-19 00:15:00+00:00
[2026-04-19T00:15:33.085+0000] {processor.py:183} INFO - Processing /home/airflow/.local/lib/python3.8/site-packages/airflow/example_dags/example_branch_python_dop_operator_3.py took 0.104 seconds
[2026-04-19T00:16:03.974+0000] {processor.py:161} INFO - Started process (PID=11795) to work on /home/airflow/.local/lib/python3.8/site-packages/airflow/example_dags/example_branch_python_dop_operator_3.py
[2026-04-19T00:16:03.975+0000] {processor.py:830} INFO - Processing file /home/airflow/.local/lib/python3.8/site-packages/airflow/example_dags/example_branch_python_dop_operator_3.py for tasks to queue
[2026-04-19T00:16:03.976+0000] {logging_mixin.py:188} INFO - [2026-04-19T00:16:03.976+0000] {dagbag.py:538} INFO - Filling up the DagBag from /home/airflow/.local/lib/python3.8/site-packages/airflow/example_dags/example_branch_python_dop_operator_3.py
[2026-04-19T00:16:03.983+0000] {processor.py:840} INFO - DAG(s) 'example_branch_dop_operator_v3' retrieved from /home/airflow/.local/lib/python3.8/site-packages/airflow/example_dags/example_branch_python_dop_operator_3.py
[2026-04-19T00:16:03.999+0000] {logging_mixin.py:188} INFO - [2026-04-19T00:16:03.999+0000] {dag.py:3036} INFO - Sync 1 DAGs
[2026-04-19T00:16:04.018+0000] {logging_mixin.py:188} INFO - [2026-04-19T00:16:04.018+0000] {dag.py:3823} INFO - Setting next_dagrun for example_branch_dop_operator_v3 to 2026-04-19 00:15:00+00:00, run_after=2026-04-19 00:16:00+00:00
[2026-04-19T00:16:04.031+0000] {processor.py:183} INFO - Processing /home/airflow/.local/lib/python3.8/site-packages/airflow/example_dags/example_branch_python_dop_operator_3.py took 0.059 seconds
[2026-04-19T00:16:34.934+0000] {processor.py:161} INFO - Started process (PID=11850) to work on /home/airflow/.local/lib/python3.8/site-packages/airflow/example_dags/example_branch_python_dop_operator_3.py
[2026-04-19T00:16:34.936+0000] {processor.py:830} INFO - Processing file /home/airflow/.local/lib/python3.8/site-packages/airflow/example_dags/example_branch_python_dop_operator_3.py for tasks to queue
[2026-04-19T00:16:34.938+0000] {logging_mixin.py:188} INFO - [2026-04-19T00:16:34.938+0000] {dagbag.py:538} INFO - Filling up the DagBag from /home/airflow/.local/lib/python3.8/site-packages/airflow/example_dags/example_branch_python_dop_operator_3.py
[2026-04-19T00:16:34.951+0000] {processor.py:840} INFO - DAG(s) 'example_branch_dop_operator_v3' retrieved from /home/airflow/.local/lib/python3.8/site-packages/airflow/example_dags/example_branch_python_dop_operator_3.py
[2026-04-19T00:16:34.983+0000] {logging_mixin.py:188} INFO - [2026-04-19T00:16:34.982+0000] {dag.py:3036} INFO - Sync 1 DAGs
[2026-04-19T00:16:35.022+0000] {logging_mixin.py:188} INFO - [2026-04-19T00:16:35.022+0000] {dag.py:3823} INFO - Setting next_dagrun for example_branch_dop_operator_v3 to 2026-04-19 00:15:00+00:00, run_after=2026-04-19 00:16:00+00:00
[2026-04-19T00:16:35.049+0000] {processor.py:183} INFO - Processing /home/airflow/.local/lib/python3.8/site-packages/airflow/example_dags/example_branch_python_dop_operator_3.py took 0.120 seconds
[2026-04-19T00:17:05.269+0000] {processor.py:161} INFO - Started process (PID=11905) to work on /home/airflow/.local/lib/python3.8/site-packages/airflow/example_dags/example_branch_python_dop_operator_3.py
[2026-04-19T00:17:05.271+0000] {processor.py:830} INFO - Processing file /home/airflow/.local/lib/python3.8/site-packages/airflow/example_dags/example_branch_python_dop_operator_3.py for tasks to queue
[2026-04-19T00:17:05.273+0000] {logging_mixin.py:188} INFO - [2026-04-19T00:17:05.273+0000] {dagbag.py:538} INFO - Filling up the DagBag from /home/airflow/.local/lib/python3.8/site-packages/airflow/example_dags/example_branch_python_dop_operator_3.py
[2026-04-19T00:17:05.286+0000] {processor.py:840} INFO - DAG(s) 'example_branch_dop_operator_v3' retrieved from /home/airflow/.local/lib/python3.8/site-packages/airflow/example_dags/example_branch_python_dop_operator_3.py
[2026-04-19T00:17:05.316+0000] {logging_mixin.py:188} INFO - [2026-04-19T00:17:05.315+0000] {dag.py:3036} INFO - Sync 1 DAGs
[2026-04-19T00:17:05.355+0000] {logging_mixin.py:188} INFO - [2026-04-19T00:17:05.354+0000] {dag.py:3823} INFO - Setting next_dagrun for example_branch_dop_operator_v3 to 2026-04-19 00:16:00+00:00, run_after=2026-04-19 00:17:00+00:00
[2026-04-19T00:17:05.378+0000] {processor.py:183} INFO - Processing /home/airflow/.local/lib/python3.8/site-packages/airflow/example_dags/example_branch_python_dop_operator_3.py took 0.114 seconds
[2026-04-19T00:17:35.742+0000] {processor.py:161} INFO - Started process (PID=11960) to work on /home/airflow/.local/lib/python3.8/site-packages/airflow/example_dags/example_branch_python_dop_operator_3.py
[2026-04-19T00:17:35.743+0000] {processor.py:830} INFO - Processing file /home/airflow/.local/lib/python3.8/site-packages/airflow/example_dags/example_branch_python_dop_operator_3.py for tasks to queue
[2026-04-19T00:17:35.746+0000] {logging_mixin.py:188} INFO - [2026-04-19T00:17:35.745+0000] {dagbag.py:538} INFO - Filling up the DagBag from /home/airflow/.local/lib/python3.8/site-packages/airflow/example_dags/example_branch_python_dop_operator_3.py
[2026-04-19T00:17:35.759+0000] {processor.py:840} INFO - DAG(s) 'example_branch_dop_operator_v3' retrieved from /home/airflow/.local/lib/python3.8/site-packages/airflow/example_dags/example_branch_python_dop_operator_3.py
[2026-04-19T00:17:35.789+0000] {logging_mixin.py:188} INFO - [2026-04-19T00:17:35.788+0000] {dag.py:3036} INFO - Sync 1 DAGs
[2026-04-19T00:17:35.825+0000] {logging_mixin.py:188} INFO - [2026-04-19T00:17:35.824+0000] {dag.py:3823} INFO - Setting next_dagrun for example_branch_dop_operator_v3 to 2026-04-19 00:16:00+00:00, run_after=2026-04-19 00:17:00+00:00
[2026-04-19T00:17:35.848+0000] {processor.py:183} INFO - Processing /home/airflow/.local/lib/python3.8/site-packages/airflow/example_dags/example_branch_python_dop_operator_3.py took 0.111 seconds
[2026-04-19T00:18:06.324+0000] {processor.py:161} INFO - Started process (PID=12015) to work on /home/airflow/.local/lib/python3.8/site-packages/airflow/example_dags/example_branch_python_dop_operator_3.py
[2026-04-19T00:18:06.325+0000] {processor.py:830} INFO - Processing file /home/airflow/.local/lib/python3.8/site-packages/airflow/example_dags/example_branch_python_dop_operator_3.py for tasks to queue
[2026-04-19T00:18:06.328+0000] {logging_mixin.py:188} INFO - [2026-04-19T00:18:06.327+0000] {dagbag.py:538} INFO - Filling up the DagBag from /home/airflow/.local/lib/python3.8/site-packages/airflow/example_dags/example_branch_python_dop_operator_3.py
[2026-04-19T00:18:06.340+0000] {processor.py:840} INFO - DAG(s) 'example_branch_dop_operator_v3' retrieved from /home/airflow/.local/lib/python3.8/site-packages/airflow/example_dags/example_branch_python_dop_operator_3.py
[2026-04-19T00:18:06.373+0000] {logging_mixin.py:188} INFO - [2026-04-19T00:18:06.372+0000] {dag.py:3036} INFO - Sync 1 DAGs
[2026-04-19T00:18:06.413+0000] {logging_mixin.py:188} INFO - [2026-04-19T00:18:06.412+0000] {dag.py:3823} INFO - Setting next_dagrun for example_branch_dop_operator_v3 to 2026-04-19 00:17:00+00:00, run_after=2026-04-19 00:18:00+00:00
[2026-04-19T00:18:06.436+0000] {processor.py:183} INFO - Processing /home/airflow/.local/lib/python3.8/site-packages/airflow/example_dags/example_branch_python_dop_operator_3.py took 0.117 seconds
[2026-04-19T00:18:36.829+0000] {processor.py:161} INFO - Started process (PID=12070) to work on /home/airflow/.local/lib/python3.8/site-packages/airflow/example_dags/example_branch_python_dop_operator_3.py
[2026-04-19T00:18:36.830+0000] {processor.py:830} INFO - Processing file /home/airflow/.local/lib/python3.8/site-packages/airflow/example_dags/example_branch_python_dop_operator_3.py for tasks to queue
[2026-04-19T00:18:36.832+0000] {logging_mixin.py:188} INFO - [2026-04-19T00:18:36.832+0000] {dagbag.py:538} INFO - Filling up the DagBag from /home/airflow/.local/lib/python3.8/site-packages/airflow/example_dags/example_branch_python_dop_operator_3.py
[2026-04-19T00:18:36.847+0000] {processor.py:840} INFO - DAG(s) 'example_branch_dop_operator_v3' retrieved from /home/airflow/.local/lib/python3.8/site-packages/airflow/example_dags/example_branch_python_dop_operator_3.py
[2026-04-19T00:18:36.875+0000] {logging_mixin.py:188} INFO - [2026-04-19T00:18:36.875+0000] {dag.py:3036} INFO - Sync 1 DAGs
[2026-04-19T00:18:36.920+0000] {logging_mixin.py:188} INFO - [2026-04-19T00:18:36.920+0000] {dag.py:3823} INFO - Setting next_dagrun for example_branch_dop_operator_v3 to 2026-04-19 00:17:00+00:00, run_after=2026-04-19 00:18:00+00:00
[2026-04-19T00:18:36.947+0000] {processor.py:183} INFO - Processing /home/airflow/.local/lib/python3.8/site-packages/airflow/example_dags/example_branch_python_dop_operator_3.py took 0.123 seconds
[2026-04-19T00:19:07.273+0000] {processor.py:161} INFO - Started process (PID=12124) to work on /home/airflow/.local/lib/python3.8/site-packages/airflow/example_dags/example_branch_python_dop_operator_3.py
[2026-04-19T00:19:07.274+0000] {processor.py:830} INFO - Processing file /home/airflow/.local/lib/python3.8/site-packages/airflow/example_dags/example_branch_python_dop_operator_3.py for tasks to queue
[2026-04-19T00:19:07.276+0000] {logging_mixin.py:188} INFO - [2026-04-19T00:19:07.276+0000] {dagbag.py:538} INFO - Filling up the DagBag from /home/airflow/.local/lib/python3.8/site-packages/airflow/example_dags/example_branch_python_dop_operator_3.py
[2026-04-19T00:19:07.288+0000] {processor.py:840} INFO - DAG(s) 'example_branch_dop_operator_v3' retrieved from /home/airflow/.local/lib/python3.8/site-packages/airflow/example_dags/example_branch_python_dop_operator_3.py
[2026-04-19T00:19:07.317+0000] {logging_mixin.py:188} INFO - [2026-04-19T00:19:07.316+0000] {dag.py:3036} INFO - Sync 1 DAGs
[2026-04-19T00:19:07.353+0000] {logging_mixin.py:188} INFO - [2026-04-19T00:19:07.353+0000] {dag.py:3823} INFO - Setting next_dagrun for example_branch_dop_operator_v3 to 2026-04-19 00:18:00+00:00, run_after=2026-04-19 00:19:00+00:00
[2026-04-19T00:19:07.376+0000] {processor.py:183} INFO - Processing /home/airflow/.local/lib/python3.8/site-packages/airflow/example_dags/example_branch_python_dop_operator_3.py took 0.108 seconds
[2026-04-19T00:19:37.678+0000] {processor.py:161} INFO - Started process (PID=12179) to work on /home/airflow/.local/lib/python3.8/site-packages/airflow/example_dags/example_branch_python_dop_operator_3.py
[2026-04-19T00:19:37.680+0000] {processor.py:830} INFO - Processing file /home/airflow/.local/lib/python3.8/site-packages/airflow/example_dags/example_branch_python_dop_operator_3.py for tasks to queue
[2026-04-19T00:19:37.682+0000] {logging_mixin.py:188} INFO - [2026-04-19T00:19:37.682+0000] {dagbag.py:538} INFO - Filling up the DagBag from /home/airflow/.local/lib/python3.8/site-packages/airflow/example_dags/example_branch_python_dop_operator_3.py
[2026-04-19T00:19:37.696+0000] {processor.py:840} INFO - DAG(s) 'example_branch_dop_operator_v3' retrieved from /home/airflow/.local/lib/python3.8/site-packages/airflow/example_dags/example_branch_python_dop_operator_3.py
[2026-04-19T00:19:37.727+0000] {logging_mixin.py:188} INFO - [2026-04-19T00:19:37.726+0000] {dag.py:3036} INFO - Sync 1 DAGs
[2026-04-19T00:19:37.767+0000] {logging_mixin.py:188} INFO - [2026-04-19T00:19:37.767+0000] {dag.py:3823} INFO - Setting next_dagrun for example_branch_dop_operator_v3 to 2026-04-19 00:18:00+00:00, run_after=2026-04-19 00:19:00+00:00
[2026-04-19T00:19:37.793+0000] {processor.py:183} INFO - Processing /home/airflow/.local/lib/python3.8/site-packages/airflow/example_dags/example_branch_python_dop_operator_3.py took 0.120 seconds
[2026-04-19T00:20:08.243+0000] {processor.py:161} INFO - Started process (PID=12234) to work on /home/airflow/.local/lib/python3.8/site-packages/airflow/example_dags/example_branch_python_dop_operator_3.py
[2026-04-19T00:20:08.244+0000] {processor.py:830} INFO - Processing file /home/airflow/.local/lib/python3.8/site-packages/airflow/example_dags/example_branch_python_dop_operator_3.py for tasks to queue
[2026-04-19T00:20:08.246+0000] {logging_mixin.py:188} INFO - [2026-04-19T00:20:08.246+0000] {dagbag.py:538} INFO - Filling up the DagBag from /home/airflow/.local/lib/python3.8/site-packages/airflow/example_dags/example_branch_python_dop_operator_3.py
[2026-04-19T00:20:08.261+0000] {processor.py:840} INFO - DAG(s) 'example_branch_dop_operator_v3' retrieved from /home/airflow/.local/lib/python3.8/site-packages/airflow/example_dags/example_branch_python_dop_operator_3.py
[2026-04-19T00:20:08.290+0000] {logging_mixin.py:188} INFO - [2026-04-19T00:20:08.290+0000] {dag.py:3036} INFO - Sync 1 DAGs
[2026-04-19T00:20:08.327+0000] {logging_mixin.py:188} INFO - [2026-04-19T00:20:08.327+0000] {dag.py:3823} INFO - Setting next_dagrun for example_branch_dop_operator_v3 to 2026-04-19 00:19:00+00:00, run_after=2026-04-19 00:20:00+00:00
[2026-04-19T00:20:08.354+0000] {processor.py:183} INFO - Processing /home/airflow/.local/lib/python3.8/site-packages/airflow/example_dags/example_branch_python_dop_operator_3.py took 0.116 seconds
[2026-04-19T00:20:38.567+0000] {processor.py:161} INFO - Started process (PID=12289) to work on /home/airflow/.local/lib/python3.8/site-packages/airflow/example_dags/example_branch_python_dop_operator_3.py
[2026-04-19T00:20:38.569+0000] {processor.py:830} INFO - Processing file /home/airflow/.local/lib/python3.8/site-packages/airflow/example_dags/example_branch_python_dop_operator_3.py for tasks to queue
[2026-04-19T00:20:38.571+0000] {logging_mixin.py:188} INFO - [2026-04-19T00:20:38.570+0000] {dagbag.py:538} INFO - Filling up the DagBag from /home/airflow/.local/lib/python3.8/site-packages/airflow/example_dags/example_branch_python_dop_operator_3.py
[2026-04-19T00:20:38.583+0000] {processor.py:840} INFO - DAG(s) 'example_branch_dop_operator_v3' retrieved from /home/airflow/.local/lib/python3.8/site-packages/airflow/example_dags/example_branch_python_dop_operator_3.py
[2026-04-19T00:20:38.613+0000] {logging_mixin.py:188} INFO - [2026-04-19T00:20:38.613+0000] {dag.py:3036} INFO - Sync 1 DAGs
[2026-04-19T00:20:38.649+0000] {logging_mixin.py:188} INFO - [2026-04-19T00:20:38.649+0000] {dag.py:3823} INFO - Setting next_dagrun for example_branch_dop_operator_v3 to 2026-04-19 00:19:00+00:00, run_after=2026-04-19 00:20:00+00:00
[2026-04-19T00:20:38.675+0000] {processor.py:183} INFO - Processing /home/airflow/.local/lib/python3.8/site-packages/airflow/example_dags/example_branch_python_dop_operator_3.py took 0.113 seconds
[2026-04-19T00:21:08.819+0000] {processor.py:161} INFO - Started process (PID=12344) to work on /home/airflow/.local/lib/python3.8/site-packages/airflow/example_dags/example_branch_python_dop_operator_3.py
[2026-04-19T00:21:08.820+0000] {processor.py:830} INFO - Processing file /home/airflow/.local/lib/python3.8/site-packages/airflow/example_dags/example_branch_python_dop_operator_3.py for tasks to queue
[2026-04-19T00:21:08.823+0000] {logging_mixin.py:188} INFO - [2026-04-19T00:21:08.822+0000] {dagbag.py:538} INFO - Filling up the DagBag from /home/airflow/.local/lib/python3.8/site-packages/airflow/example_dags/example_branch_python_dop_operator_3.py
[2026-04-19T00:21:08.835+0000] {processor.py:840} INFO - DAG(s) 'example_branch_dop_operator_v3' retrieved from /home/airflow/.local/lib/python3.8/site-packages/airflow/example_dags/example_branch_python_dop_operator_3.py
[2026-04-19T00:21:08.865+0000] {logging_mixin.py:188} INFO - [2026-04-19T00:21:08.865+0000] {dag.py:3036} INFO - Sync 1 DAGs
[2026-04-19T00:21:08.903+0000] {logging_mixin.py:188} INFO - [2026-04-19T00:21:08.903+0000] {dag.py:3823} INFO - Setting next_dagrun for example_branch_dop_operator_v3 to 2026-04-19 00:20:00+00:00, run_after=2026-04-19 00:21:00+00:00
[2026-04-19T00:21:08.927+0000] {processor.py:183} INFO - Processing /home/airflow/.local/lib/python3.8/site-packages/airflow/example_dags/example_branch_python_dop_operator_3.py took 0.112 seconds
[2026-04-19T00:21:39.144+0000] {processor.py:161} INFO - Started process (PID=12398) to work on /home/airflow/.local/lib/python3.8/site-packages/airflow/example_dags/example_branch_python_dop_operator_3.py
[2026-04-19T00:21:39.146+0000] {processor.py:830} INFO - Processing file /home/airflow/.local/lib/python3.8/site-packages/airflow/example_dags/example_branch_python_dop_operator_3.py for tasks to queue
[2026-04-19T00:21:39.148+0000] {logging_mixin.py:188} INFO - [2026-04-19T00:21:39.148+0000] {dagbag.py:538} INFO - Filling up the DagBag from /home/airflow/.local/lib/python3.8/site-packages/airflow/example_dags/example_branch_python_dop_operator_3.py
[2026-04-19T00:21:39.163+0000] {processor.py:840} INFO - DAG(s) 'example_branch_dop_operator_v3' retrieved from /home/airflow/.local/lib/python3.8/site-packages/airflow/example_dags/example_branch_python_dop_operator_3.py
[2026-04-19T00:21:39.194+0000] {logging_mixin.py:188} INFO - [2026-04-19T00:21:39.194+0000] {dag.py:3036} INFO - Sync 1 DAGs
[2026-04-19T00:21:39.233+0000] {logging_mixin.py:188} INFO - [2026-04-19T00:21:39.233+0000] {dag.py:3823} INFO - Setting next_dagrun for example_branch_dop_operator_v3 to 2026-04-19 00:20:00+00:00, run_after=2026-04-19 00:21:00+00:00
[2026-04-19T00:21:39.259+0000] {processor.py:183} INFO - Processing /home/airflow/.local/lib/python3.8/site-packages/airflow/example_dags/example_branch_python_dop_operator_3.py took 0.119 seconds
[2026-04-19T00:22:09.560+0000] {processor.py:161} INFO - Started process (PID=12453) to work on /home/airflow/.local/lib/python3.8/site-packages/airflow/example_dags/example_branch_python_dop_operator_3.py
[2026-04-19T00:22:09.562+0000] {processor.py:830} INFO - Processing file /home/airflow/.local/lib/python3.8/site-packages/airflow/example_dags/example_branch_python_dop_operator_3.py for tasks to queue
[2026-04-19T00:22:09.564+0000] {logging_mixin.py:188} INFO - [2026-04-19T00:22:09.563+0000] {dagbag.py:538} INFO - Filling up the DagBag from /home/airflow/.local/lib/python3.8/site-packages/airflow/example_dags/example_branch_python_dop_operator_3.py
[2026-04-19T00:22:09.576+0000] {processor.py:840} INFO - DAG(s) 'example_branch_dop_operator_v3' retrieved from /home/airflow/.local/lib/python3.8/site-packages/airflow/example_dags/example_branch_python_dop_operator_3.py
[2026-04-19T00:22:09.607+0000] {logging_mixin.py:188} INFO - [2026-04-19T00:22:09.607+0000] {dag.py:3036} INFO - Sync 1 DAGs
[2026-04-19T00:22:09.643+0000] {logging_mixin.py:188} INFO - [2026-04-19T00:22:09.643+0000] {dag.py:3823} INFO - Setting next_dagrun for example_branch_dop_operator_v3 to 2026-04-19 00:21:00+00:00, run_after=2026-04-19 00:22:00+00:00
[2026-04-19T00:22:09.667+0000] {processor.py:183} INFO - Processing /home/airflow/.local/lib/python3.8/site-packages/airflow/example_dags/example_branch_python_dop_operator_3.py took 0.112 seconds
[2026-04-19T00:22:40.151+0000] {processor.py:161} INFO - Started process (PID=12508) to work on /home/airflow/.local/lib/python3.8/site-packages/airflow/example_dags/example_branch_python_dop_operator_3.py
[2026-04-19T00:22:40.152+0000] {processor.py:830} INFO - Processing file /home/airflow/.local/lib/python3.8/site-packages/airflow/example_dags/example_branch_python_dop_operator_3.py for tasks to queue
[2026-04-19T00:22:40.155+0000] {logging_mixin.py:188} INFO - [2026-04-19T00:22:40.155+0000] {dagbag.py:538} INFO - Filling up the DagBag from /home/airflow/.local/lib/python3.8/site-packages/airflow/example_dags/example_branch_python_dop_operator_3.py
[2026-04-19T00:22:40.169+0000] {processor.py:840} INFO - DAG(s) 'example_branch_dop_operator_v3' retrieved from /home/airflow/.local/lib/python3.8/site-packages/airflow/example_dags/example_branch_python_dop_operator_3.py
[2026-04-19T00:22:40.200+0000] {logging_mixin.py:188} INFO - [2026-04-19T00:22:40.199+0000] {dag.py:3036} INFO - Sync 1 DAGs
[2026-04-19T00:22:40.238+0000] {logging_mixin.py:188} INFO - [2026-04-19T00:22:40.238+0000] {dag.py:3823} INFO - Setting next_dagrun for example_branch_dop_operator_v3 to 2026-04-19 00:21:00+00:00, run_after=2026-04-19 00:22:00+00:00
[2026-04-19T00:22:40.263+0000] {processor.py:183} INFO - Processing /home/airflow/.local/lib/python3.8/site-packages/airflow/example_dags/example_branch_python_dop_operator_3.py took 0.117 seconds
[2026-04-19T00:23:10.404+0000] {processor.py:161} INFO - Started process (PID=12563) to work on /home/airflow/.local/lib/python3.8/site-packages/airflow/example_dags/example_branch_python_dop_operator_3.py
[2026-04-19T00:23:10.405+0000] {processor.py:830} INFO - Processing file /home/airflow/.local/lib/python3.8/site-packages/airflow/example_dags/example_branch_python_dop_operator_3.py for tasks to queue
[2026-04-19T00:23:10.407+0000] {logging_mixin.py:188} INFO - [2026-04-19T00:23:10.407+0000] {dagbag.py:538} INFO - Filling up the DagBag from /home/airflow/.local/lib/python3.8/site-packages/airflow/example_dags/example_branch_python_dop_operator_3.py
[2026-04-19T00:23:10.419+0000] {processor.py:840} INFO - DAG(s) 'example_branch_dop_operator_v3' retrieved from /home/airflow/.local/lib/python3.8/site-packages/airflow/example_dags/example_branch_python_dop_operator_3.py
[2026-04-19T00:23:10.448+0000] {logging_mixin.py:188} INFO - [2026-04-19T00:23:10.448+0000] {dag.py:3036} INFO - Sync 1 DAGs
[2026-04-19T00:23:10.485+0000] {logging_mixin.py:188} INFO - [2026-04-19T00:23:10.485+0000] {dag.py:3823} INFO - Setting next_dagrun for example_branch_dop_operator_v3 to 2026-04-19 00:22:00+00:00, run_after=2026-04-19 00:23:00+00:00
[2026-04-19T00:23:10.508+0000] {processor.py:183} INFO - Processing /home/airflow/.local/lib/python3.8/site-packages/airflow/example_dags/example_branch_python_dop_operator_3.py took 0.108 seconds
[2026-04-19T00:23:40.650+0000] {processor.py:161} INFO - Started process (PID=12618) to work on /home/airflow/.local/lib/python3.8/site-packages/airflow/example_dags/example_branch_python_dop_operator_3.py
[2026-04-19T00:23:40.651+0000] {processor.py:830} INFO - Processing file /home/airflow/.local/lib/python3.8/site-packages/airflow/example_dags/example_branch_python_dop_operator_3.py for tasks to queue
[2026-04-19T00:23:40.654+0000] {logging_mixin.py:188} INFO - [2026-04-19T00:23:40.654+0000] {dagbag.py:538} INFO - Filling up the DagBag from /home/airflow/.local/lib/python3.8/site-packages/airflow/example_dags/example_branch_python_dop_operator_3.py
[2026-04-19T00:23:40.668+0000] {processor.py:840} INFO - DAG(s) 'example_branch_dop_operator_v3' retrieved from /home/airflow/.local/lib/python3.8/site-packages/airflow/example_dags/example_branch_python_dop_operator_3.py
[2026-04-19T00:23:40.705+0000] {logging_mixin.py:188} INFO - [2026-04-19T00:23:40.705+0000] {dag.py:3036} INFO - Sync 1 DAGs
[2026-04-19T00:23:40.749+0000] {logging_mixin.py:188} INFO - [2026-04-19T00:23:40.749+0000] {dag.py:3823} INFO - Setting next_dagrun for example_branch_dop_operator_v3 to 2026-04-19 00:22:00+00:00, run_after=2026-04-19 00:23:00+00:00
[2026-04-19T00:23:40.787+0000] {processor.py:183} INFO - Processing /home/airflow/.local/lib/python3.8/site-packages/airflow/example_dags/example_branch_python_dop_operator_3.py took 0.142 seconds
[2026-04-19T00:24:11.983+0000] {processor.py:161} INFO - Started process (PID=12674) to work on /home/airflow/.local/lib/python3.8/site-packages/airflow/example_dags/example_branch_python_dop_operator_3.py
[2026-04-19T00:24:11.984+0000] {processor.py:830} INFO - Processing file /home/airflow/.local/lib/python3.8/site-packages/airflow/example_dags/example_branch_python_dop_operator_3.py for tasks to queue
[2026-04-19T00:24:11.986+0000] {logging_mixin.py:188} INFO - [2026-04-19T00:24:11.986+0000] {dagbag.py:538} INFO - Filling up the DagBag from /home/airflow/.local/lib/python3.8/site-packages/airflow/example_dags/example_branch_python_dop_operator_3.py
[2026-04-19T00:24:11.998+0000] {processor.py:840} INFO - DAG(s) 'example_branch_dop_operator_v3' retrieved from /home/airflow/.local/lib/python3.8/site-packages/airflow/example_dags/example_branch_python_dop_operator_3.py
[2026-04-19T00:24:12.031+0000] {logging_mixin.py:188} INFO - [2026-04-19T00:24:12.031+0000] {dag.py:3036} INFO - Sync 1 DAGs
[2026-04-19T00:24:12.069+0000] {logging_mixin.py:188} INFO - [2026-04-19T00:24:12.069+0000] {dag.py:3823} INFO - Setting next_dagrun for example_branch_dop_operator_v3 to 2026-04-19 00:23:00+00:00, run_after=2026-04-19 00:24:00+00:00
[2026-04-19T00:24:12.092+0000] {processor.py:183} INFO - Processing /home/airflow/.local/lib/python3.8/site-packages/airflow/example_dags/example_branch_python_dop_operator_3.py took 0.114 seconds
