[2026-04-19T00:00:29.489+0000] {processor.py:161} INFO - Started process (PID=10114) to work on /home/airflow/.local/lib/python3.8/site-packages/airflow/example_dags/tutorial_taskflow_api.py
[2026-04-19T00:00:29.490+0000] {processor.py:830} INFO - Processing file /home/airflow/.local/lib/python3.8/site-packages/airflow/example_dags/tutorial_taskflow_api.py for tasks to queue
[2026-04-19T00:00:29.493+0000] {logging_mixin.py:188} INFO - [2026-04-19T00:00:29.492+0000] {dagbag.py:538} INFO - Filling up the DagBag from /home/airflow/.local/lib/python3.8/site-packages/airflow/example_dags/tutorial_taskflow_api.py
[2026-04-19T00:00:29.501+0000] {processor.py:840} INFO - DAG(s) 'tutorial_taskflow_api' retrieved from /home/airflow/.local/lib/python3.8/site-packages/airflow/example_dags/tutorial_taskflow_api.py
[2026-04-19T00:00:29.530+0000] {logging_mixin.py:188} INFO - [2026-04-19T00:00:29.530+0000] {dag.py:3036} INFO - Sync 1 DAGs
[2026-04-19T00:00:29.548+0000] {logging_mixin.py:188} INFO - [2026-04-19T00:00:29.548+0000] {dag.py:3823} INFO - Setting next_dagrun for tutorial_taskflow_api to None, run_after=None
[2026-04-19T00:00:29.572+0000] {processor.py:183} INFO - Processing /home/airflow/.local/lib/python3.8/site-packages/airflow/example_dags/tutorial_taskflow_api.py took 0.088 seconds
[2026-04-19T00:00:59.931+0000] {processor.py:161} INFO - Started process (PID=10169) to work on /home/airflow/.local/lib/python3.8/site-packages/airflow/example_dags/tutorial_taskflow_api.py
[2026-04-19T00:00:59.932+0000] {processor.py:830} INFO - Processing file /home/airflow/.local/lib/python3.8/site-packages/airflow/example_dags/tutorial_taskflow_api.py for tasks to queue
[2026-04-19T00:00:59.934+0000] {logging_mixin.py:188} INFO - [2026-04-19T00:00:59.934+0000] {dagbag.py:538} INFO - Filling up the DagBag from /home/airflow/.local/lib/python3.8/site-packages/airflow/example_dags/tutorial_taskflow_api.py
[2026-04-19T00:00:59.944+0000] {processor.py:840} INFO - DAG(s) 'tutorial_taskflow_api' retrieved from /home/airflow/.local/lib/python3.8/site-packages/airflow/example_dags/tutorial_taskflow_api.py
[2026-04-19T00:00:59.975+0000] {logging_mixin.py:188} INFO - [2026-04-19T00:00:59.975+0000] {dag.py:3036} INFO - Sync 1 DAGs
[2026-04-19T00:00:59.993+0000] {logging_mixin.py:188} INFO - [2026-04-19T00:00:59.992+0000] {dag.py:3823} INFO - Setting next_dagrun for tutorial_taskflow_api to None, run_after=None
[2026-04-19T00:01:00.021+0000] {processor.py:183} INFO - Processing /home/airflow/.local/lib/python3.8/site-packages/airflow/example_dags/tutorial_taskflow_api.py took 0.096 seconds
[2026-04-19T00:01:30.255+0000] {processor.py:161} INFO - Started process (PID=10224) to work on /home/airflow/.local/lib/python3.8/site-packages/airflow/example_dags/tutorial_taskflow_api.py
[2026-04-19T00:01:30.256+0000] {processor.py:830} INFO - Processing file /home/airflow/.local/lib/python3.8/site-packages/airflow/example_dags/tutorial_taskflow_api.py for tasks to queue
[2026-04-19T00:01:30.258+0000] {logging_mixin.py:188} INFO - [2026-04-19T00:01:30.258+0000] {dagbag.py:538} INFO - Filling up the DagBag from /home/airflow/.local/lib/python3.8/site-packages/airflow/example_dags/tutorial_taskflow_api.py
[2026-04-19T00:01:30.267+0000] {processor.py:840} INFO - DAG(s) 'tutorial_taskflow_api' retrieved from /home/airflow/.local/lib/python3.8/site-packages/airflow/example_dags/tutorial_taskflow_api.py
[2026-04-19T00:01:30.296+0000] {logging_mixin.py:188} INFO - [2026-04-19T00:01:30.295+0000] {dag.py:3036} INFO - Sync 1 DAGs
[2026-04-19T00:01:30.314+0000] {logging_mixin.py:188} INFO - [2026-04-19T00:01:30.313+0000] {dag.py:3823} INFO - Setting next_dagrun for tutorial_taskflow_api to None, run_after=None
[2026-04-19T00:01:30.340+0000] {processor.py:183} INFO - Processing /home/airflow/.local/lib/python3.8/site-packages/airflow/example_dags/tutorial_taskflow_api.py took 0.090 seconds
[2026-04-19T00:02:00.542+0000] {processor.py:161} INFO - Started process (PID=10279) to work on /home/airflow/.local/lib/python3.8/site-packages/airflow/example_dags/tutorial_taskflow_api.py
[2026-04-19T00:02:00.543+0000] {processor.py:830} INFO - Processing file /home/airflow/.local/lib/python3.8/site-packages/airflow/example_dags/tutorial_taskflow_api.py for tasks to queue
[2026-04-19T00:02:00.545+0000] {logging_mixin.py:188} INFO - [2026-04-19T00:02:00.545+0000] {dagbag.py:538} INFO - Filling up the DagBag from /home/airflow/.local/lib/python3.8/site-packages/airflow/example_dags/tutorial_taskflow_api.py
[2026-04-19T00:02:00.553+0000] {processor.py:840} INFO - DAG(s) 'tutorial_taskflow_api' retrieved from /home/airflow/.local/lib/python3.8/site-packages/airflow/example_dags/tutorial_taskflow_api.py
[2026-04-19T00:02:00.585+0000] {logging_mixin.py:188} INFO - [2026-04-19T00:02:00.585+0000] {dag.py:3036} INFO - Sync 1 DAGs
[2026-04-19T00:02:00.602+0000] {logging_mixin.py:188} INFO - [2026-04-19T00:02:00.602+0000] {dag.py:3823} INFO - Setting next_dagrun for tutorial_taskflow_api to None, run_after=None
[2026-04-19T00:02:00.625+0000] {processor.py:183} INFO - Processing /home/airflow/.local/lib/python3.8/site-packages/airflow/example_dags/tutorial_taskflow_api.py took 0.088 seconds
[2026-04-19T00:02:30.837+0000] {processor.py:161} INFO - Started process (PID=10334) to work on /home/airflow/.local/lib/python3.8/site-packages/airflow/example_dags/tutorial_taskflow_api.py
[2026-04-19T00:02:30.838+0000] {processor.py:830} INFO - Processing file /home/airflow/.local/lib/python3.8/site-packages/airflow/example_dags/tutorial_taskflow_api.py for tasks to queue
[2026-04-19T00:02:30.840+0000] {logging_mixin.py:188} INFO - [2026-04-19T00:02:30.840+0000] {dagbag.py:538} INFO - Filling up the DagBag from /home/airflow/.local/lib/python3.8/site-packages/airflow/example_dags/tutorial_taskflow_api.py
[2026-04-19T00:02:30.849+0000] {processor.py:840} INFO - DAG(s) 'tutorial_taskflow_api' retrieved from /home/airflow/.local/lib/python3.8/site-packages/airflow/example_dags/tutorial_taskflow_api.py
[2026-04-19T00:02:30.878+0000] {logging_mixin.py:188} INFO - [2026-04-19T00:02:30.877+0000] {dag.py:3036} INFO - Sync 1 DAGs
[2026-04-19T00:02:30.895+0000] {logging_mixin.py:188} INFO - [2026-04-19T00:02:30.894+0000] {dag.py:3823} INFO - Setting next_dagrun for tutorial_taskflow_api to None, run_after=None
[2026-04-19T00:02:30.918+0000] {processor.py:183} INFO - Processing /home/airflow/.local/lib/python3.8/site-packages/airflow/example_dags/tutorial_taskflow_api.py took 0.085 seconds
[2026-04-19T00:03:01.294+0000] {processor.py:161} INFO - Started process (PID=10389) to work on /home/airflow/.local/lib/python3.8/site-packages/airflow/example_dags/tutorial_taskflow_api.py
[2026-04-19T00:03:01.295+0000] {processor.py:830} INFO - Processing file /home/airflow/.local/lib/python3.8/site-packages/airflow/example_dags/tutorial_taskflow_api.py for tasks to queue
[2026-04-19T00:03:01.298+0000] {logging_mixin.py:188} INFO - [2026-04-19T00:03:01.297+0000] {dagbag.py:538} INFO - Filling up the DagBag from /home/airflow/.local/lib/python3.8/site-packages/airflow/example_dags/tutorial_taskflow_api.py
[2026-04-19T00:03:01.307+0000] {processor.py:840} INFO - DAG(s) 'tutorial_taskflow_api' retrieved from /home/airflow/.local/lib/python3.8/site-packages/airflow/example_dags/tutorial_taskflow_api.py
[2026-04-19T00:03:01.336+0000] {logging_mixin.py:188} INFO - [2026-04-19T00:03:01.335+0000] {dag.py:3036} INFO - Sync 1 DAGs
[2026-04-19T00:03:01.355+0000] {logging_mixin.py:188} INFO - [2026-04-19T00:03:01.355+0000] {dag.py:3823} INFO - Setting next_dagrun for tutorial_taskflow_api to None, run_after=None
[2026-04-19T00:03:01.379+0000] {processor.py:183} INFO - Processing /home/airflow/.local/lib/python3.8/site-packages/airflow/example_dags/tutorial_taskflow_api.py took 0.090 seconds
[2026-04-19T00:03:31.590+0000] {processor.py:161} INFO - Started process (PID=10444) to work on /home/airflow/.local/lib/python3.8/site-packages/airflow/example_dags/tutorial_taskflow_api.py
[2026-04-19T00:03:31.591+0000] {processor.py:830} INFO - Processing file /home/airflow/.local/lib/python3.8/site-packages/airflow/example_dags/tutorial_taskflow_api.py for tasks to queue
[2026-04-19T00:03:31.593+0000] {logging_mixin.py:188} INFO - [2026-04-19T00:03:31.593+0000] {dagbag.py:538} INFO - Filling up the DagBag from /home/airflow/.local/lib/python3.8/site-packages/airflow/example_dags/tutorial_taskflow_api.py
[2026-04-19T00:03:31.601+0000] {processor.py:840} INFO - DAG(s) 'tutorial_taskflow_api' retrieved from /home/airflow/.local/lib/python3.8/site-packages/airflow/example_dags/tutorial_taskflow_api.py
[2026-04-19T00:03:31.627+0000] {logging_mixin.py:188} INFO - [2026-04-19T00:03:31.627+0000] {dag.py:3036} INFO - Sync 1 DAGs
[2026-04-19T00:03:31.643+0000] {logging_mixin.py:188} INFO - [2026-04-19T00:03:31.642+0000] {dag.py:3823} INFO - Setting next_dagrun for tutorial_taskflow_api to None, run_after=None
[2026-04-19T00:03:31.665+0000] {processor.py:183} INFO - Processing /home/airflow/.local/lib/python3.8/site-packages/airflow/example_dags/tutorial_taskflow_api.py took 0.080 seconds
[2026-04-19T00:04:01.970+0000] {processor.py:161} INFO - Started process (PID=10499) to work on /home/airflow/.local/lib/python3.8/site-packages/airflow/example_dags/tutorial_taskflow_api.py
[2026-04-19T00:04:01.972+0000] {processor.py:830} INFO - Processing file /home/airflow/.local/lib/python3.8/site-packages/airflow/example_dags/tutorial_taskflow_api.py for tasks to queue
[2026-04-19T00:04:01.975+0000] {logging_mixin.py:188} INFO - [2026-04-19T00:04:01.975+0000] {dagbag.py:538} INFO - Filling up the DagBag from /home/airflow/.local/lib/python3.8/site-packages/airflow/example_dags/tutorial_taskflow_api.py
[2026-04-19T00:04:01.987+0000] {processor.py:840} INFO - DAG(s) 'tutorial_taskflow_api' retrieved from /home/airflow/.local/lib/python3.8/site-packages/airflow/example_dags/tutorial_taskflow_api.py
[2026-04-19T00:04:02.023+0000] {logging_mixin.py:188} INFO - [2026-04-19T00:04:02.023+0000] {dag.py:3036} INFO - Sync 1 DAGs
[2026-04-19T00:04:02.044+0000] {logging_mixin.py:188} INFO - [2026-04-19T00:04:02.043+0000] {dag.py:3823} INFO - Setting next_dagrun for tutorial_taskflow_api to None, run_after=None
[2026-04-19T00:04:02.073+0000] {processor.py:183} INFO - Processing /home/airflow/.local/lib/python3.8/site-packages/airflow/example_dags/tutorial_taskflow_api.py took 0.110 seconds
[2026-04-19T00:04:32.217+0000] {processor.py:161} INFO - Started process (PID=10554) to work on /home/airflow/.local/lib/python3.8/site-packages/airflow/example_dags/tutorial_taskflow_api.py
[2026-04-19T00:04:32.218+0000] {processor.py:830} INFO - Processing file /home/airflow/.local/lib/python3.8/site-packages/airflow/example_dags/tutorial_taskflow_api.py for tasks to queue
[2026-04-19T00:04:32.221+0000] {logging_mixin.py:188} INFO - [2026-04-19T00:04:32.220+0000] {dagbag.py:538} INFO - Filling up the DagBag from /home/airflow/.local/lib/python3.8/site-packages/airflow/example_dags/tutorial_taskflow_api.py
[2026-04-19T00:04:32.231+0000] {processor.py:840} INFO - DAG(s) 'tutorial_taskflow_api' retrieved from /home/airflow/.local/lib/python3.8/site-packages/airflow/example_dags/tutorial_taskflow_api.py
[2026-04-19T00:04:32.261+0000] {logging_mixin.py:188} INFO - [2026-04-19T00:04:32.261+0000] {dag.py:3036} INFO - Sync 1 DAGs
[2026-04-19T00:04:32.279+0000] {logging_mixin.py:188} INFO - [2026-04-19T00:04:32.279+0000] {dag.py:3823} INFO - Setting next_dagrun for tutorial_taskflow_api to None, run_after=None
[2026-04-19T00:04:32.303+0000] {processor.py:183} INFO - Processing /home/airflow/.local/lib/python3.8/site-packages/airflow/example_dags/tutorial_taskflow_api.py took 0.091 seconds
[2026-04-19T00:05:02.578+0000] {processor.py:161} INFO - Started process (PID=10609) to work on /home/airflow/.local/lib/python3.8/site-packages/airflow/example_dags/tutorial_taskflow_api.py
[2026-04-19T00:05:02.580+0000] {processor.py:830} INFO - Processing file /home/airflow/.local/lib/python3.8/site-packages/airflow/example_dags/tutorial_taskflow_api.py for tasks to queue
[2026-04-19T00:05:02.583+0000] {logging_mixin.py:188} INFO - [2026-04-19T00:05:02.582+0000] {dagbag.py:538} INFO - Filling up the DagBag from /home/airflow/.local/lib/python3.8/site-packages/airflow/example_dags/tutorial_taskflow_api.py
[2026-04-19T00:05:02.592+0000] {processor.py:840} INFO - DAG(s) 'tutorial_taskflow_api' retrieved from /home/airflow/.local/lib/python3.8/site-packages/airflow/example_dags/tutorial_taskflow_api.py
[2026-04-19T00:05:02.624+0000] {logging_mixin.py:188} INFO - [2026-04-19T00:05:02.623+0000] {dag.py:3036} INFO - Sync 1 DAGs
[2026-04-19T00:05:02.642+0000] {logging_mixin.py:188} INFO - [2026-04-19T00:05:02.642+0000] {dag.py:3823} INFO - Setting next_dagrun for tutorial_taskflow_api to None, run_after=None
[2026-04-19T00:05:02.666+0000] {processor.py:183} INFO - Processing /home/airflow/.local/lib/python3.8/site-packages/airflow/example_dags/tutorial_taskflow_api.py took 0.093 seconds
[2026-04-19T00:05:32.966+0000] {processor.py:161} INFO - Started process (PID=10664) to work on /home/airflow/.local/lib/python3.8/site-packages/airflow/example_dags/tutorial_taskflow_api.py
[2026-04-19T00:05:32.968+0000] {processor.py:830} INFO - Processing file /home/airflow/.local/lib/python3.8/site-packages/airflow/example_dags/tutorial_taskflow_api.py for tasks to queue
[2026-04-19T00:05:32.970+0000] {logging_mixin.py:188} INFO - [2026-04-19T00:05:32.970+0000] {dagbag.py:538} INFO - Filling up the DagBag from /home/airflow/.local/lib/python3.8/site-packages/airflow/example_dags/tutorial_taskflow_api.py
[2026-04-19T00:05:32.978+0000] {processor.py:840} INFO - DAG(s) 'tutorial_taskflow_api' retrieved from /home/airflow/.local/lib/python3.8/site-packages/airflow/example_dags/tutorial_taskflow_api.py
[2026-04-19T00:05:33.009+0000] {logging_mixin.py:188} INFO - [2026-04-19T00:05:33.008+0000] {dag.py:3036} INFO - Sync 1 DAGs
[2026-04-19T00:05:33.028+0000] {logging_mixin.py:188} INFO - [2026-04-19T00:05:33.028+0000] {dag.py:3823} INFO - Setting next_dagrun for tutorial_taskflow_api to None, run_after=None
[2026-04-19T00:05:33.052+0000] {processor.py:183} INFO - Processing /home/airflow/.local/lib/python3.8/site-packages/airflow/example_dags/tutorial_taskflow_api.py took 0.090 seconds
[2026-04-19T00:06:03.384+0000] {processor.py:161} INFO - Started process (PID=10719) to work on /home/airflow/.local/lib/python3.8/site-packages/airflow/example_dags/tutorial_taskflow_api.py
[2026-04-19T00:06:03.385+0000] {processor.py:830} INFO - Processing file /home/airflow/.local/lib/python3.8/site-packages/airflow/example_dags/tutorial_taskflow_api.py for tasks to queue
[2026-04-19T00:06:03.388+0000] {logging_mixin.py:188} INFO - [2026-04-19T00:06:03.388+0000] {dagbag.py:538} INFO - Filling up the DagBag from /home/airflow/.local/lib/python3.8/site-packages/airflow/example_dags/tutorial_taskflow_api.py
[2026-04-19T00:06:03.399+0000] {processor.py:840} INFO - DAG(s) 'tutorial_taskflow_api' retrieved from /home/airflow/.local/lib/python3.8/site-packages/airflow/example_dags/tutorial_taskflow_api.py
[2026-04-19T00:06:03.430+0000] {logging_mixin.py:188} INFO - [2026-04-19T00:06:03.430+0000] {dag.py:3036} INFO - Sync 1 DAGs
[2026-04-19T00:06:03.450+0000] {logging_mixin.py:188} INFO - [2026-04-19T00:06:03.450+0000] {dag.py:3823} INFO - Setting next_dagrun for tutorial_taskflow_api to None, run_after=None
[2026-04-19T00:06:03.475+0000] {processor.py:183} INFO - Processing /home/airflow/.local/lib/python3.8/site-packages/airflow/example_dags/tutorial_taskflow_api.py took 0.097 seconds
[2026-04-19T00:06:33.629+0000] {processor.py:161} INFO - Started process (PID=10774) to work on /home/airflow/.local/lib/python3.8/site-packages/airflow/example_dags/tutorial_taskflow_api.py
[2026-04-19T00:06:33.630+0000] {processor.py:830} INFO - Processing file /home/airflow/.local/lib/python3.8/site-packages/airflow/example_dags/tutorial_taskflow_api.py for tasks to queue
[2026-04-19T00:06:33.632+0000] {logging_mixin.py:188} INFO - [2026-04-19T00:06:33.632+0000] {dagbag.py:538} INFO - Filling up the DagBag from /home/airflow/.local/lib/python3.8/site-packages/airflow/example_dags/tutorial_taskflow_api.py
[2026-04-19T00:06:33.642+0000] {processor.py:840} INFO - DAG(s) 'tutorial_taskflow_api' retrieved from /home/airflow/.local/lib/python3.8/site-packages/airflow/example_dags/tutorial_taskflow_api.py
[2026-04-19T00:06:33.673+0000] {logging_mixin.py:188} INFO - [2026-04-19T00:06:33.673+0000] {dag.py:3036} INFO - Sync 1 DAGs
[2026-04-19T00:06:33.691+0000] {logging_mixin.py:188} INFO - [2026-04-19T00:06:33.691+0000] {dag.py:3823} INFO - Setting next_dagrun for tutorial_taskflow_api to None, run_after=None
[2026-04-19T00:06:33.715+0000] {processor.py:183} INFO - Processing /home/airflow/.local/lib/python3.8/site-packages/airflow/example_dags/tutorial_taskflow_api.py took 0.092 seconds
[2026-04-19T00:07:03.991+0000] {processor.py:161} INFO - Started process (PID=10829) to work on /home/airflow/.local/lib/python3.8/site-packages/airflow/example_dags/tutorial_taskflow_api.py
[2026-04-19T00:07:03.993+0000] {processor.py:830} INFO - Processing file /home/airflow/.local/lib/python3.8/site-packages/airflow/example_dags/tutorial_taskflow_api.py for tasks to queue
[2026-04-19T00:07:03.995+0000] {logging_mixin.py:188} INFO - [2026-04-19T00:07:03.995+0000] {dagbag.py:538} INFO - Filling up the DagBag from /home/airflow/.local/lib/python3.8/site-packages/airflow/example_dags/tutorial_taskflow_api.py
[2026-04-19T00:07:04.007+0000] {processor.py:840} INFO - DAG(s) 'tutorial_taskflow_api' retrieved from /home/airflow/.local/lib/python3.8/site-packages/airflow/example_dags/tutorial_taskflow_api.py
[2026-04-19T00:07:04.044+0000] {logging_mixin.py:188} INFO - [2026-04-19T00:07:04.044+0000] {dag.py:3036} INFO - Sync 1 DAGs
[2026-04-19T00:07:04.069+0000] {logging_mixin.py:188} INFO - [2026-04-19T00:07:04.068+0000] {dag.py:3823} INFO - Setting next_dagrun for tutorial_taskflow_api to None, run_after=None
[2026-04-19T00:07:04.104+0000] {processor.py:183} INFO - Processing /home/airflow/.local/lib/python3.8/site-packages/airflow/example_dags/tutorial_taskflow_api.py took 0.119 seconds
[2026-04-19T00:07:34.362+0000] {processor.py:161} INFO - Started process (PID=10884) to work on /home/airflow/.local/lib/python3.8/site-packages/airflow/example_dags/tutorial_taskflow_api.py
[2026-04-19T00:07:34.364+0000] {processor.py:830} INFO - Processing file /home/airflow/.local/lib/python3.8/site-packages/airflow/example_dags/tutorial_taskflow_api.py for tasks to queue
[2026-04-19T00:07:34.366+0000] {logging_mixin.py:188} INFO - [2026-04-19T00:07:34.366+0000] {dagbag.py:538} INFO - Filling up the DagBag from /home/airflow/.local/lib/python3.8/site-packages/airflow/example_dags/tutorial_taskflow_api.py
[2026-04-19T00:07:34.374+0000] {processor.py:840} INFO - DAG(s) 'tutorial_taskflow_api' retrieved from /home/airflow/.local/lib/python3.8/site-packages/airflow/example_dags/tutorial_taskflow_api.py
[2026-04-19T00:07:34.401+0000] {logging_mixin.py:188} INFO - [2026-04-19T00:07:34.401+0000] {dag.py:3036} INFO - Sync 1 DAGs
[2026-04-19T00:07:34.419+0000] {logging_mixin.py:188} INFO - [2026-04-19T00:07:34.418+0000] {dag.py:3823} INFO - Setting next_dagrun for tutorial_taskflow_api to None, run_after=None
[2026-04-19T00:07:34.441+0000] {processor.py:183} INFO - Processing /home/airflow/.local/lib/python3.8/site-packages/airflow/example_dags/tutorial_taskflow_api.py took 0.084 seconds
[2026-04-19T00:08:04.476+0000] {processor.py:161} INFO - Started process (PID=10939) to work on /home/airflow/.local/lib/python3.8/site-packages/airflow/example_dags/tutorial_taskflow_api.py
[2026-04-19T00:08:04.477+0000] {processor.py:830} INFO - Processing file /home/airflow/.local/lib/python3.8/site-packages/airflow/example_dags/tutorial_taskflow_api.py for tasks to queue
[2026-04-19T00:08:04.479+0000] {logging_mixin.py:188} INFO - [2026-04-19T00:08:04.479+0000] {dagbag.py:538} INFO - Filling up the DagBag from /home/airflow/.local/lib/python3.8/site-packages/airflow/example_dags/tutorial_taskflow_api.py
[2026-04-19T00:08:04.485+0000] {processor.py:840} INFO - DAG(s) 'tutorial_taskflow_api' retrieved from /home/airflow/.local/lib/python3.8/site-packages/airflow/example_dags/tutorial_taskflow_api.py
[2026-04-19T00:08:04.504+0000] {logging_mixin.py:188} INFO - [2026-04-19T00:08:04.504+0000] {dag.py:3036} INFO - Sync 1 DAGs
[2026-04-19T00:08:04.515+0000] {logging_mixin.py:188} INFO - [2026-04-19T00:08:04.515+0000] {dag.py:3823} INFO - Setting next_dagrun for tutorial_taskflow_api to None, run_after=None
[2026-04-19T00:08:04.531+0000] {processor.py:183} INFO - Processing /home/airflow/.local/lib/python3.8/site-packages/airflow/example_dags/tutorial_taskflow_api.py took 0.059 seconds
[2026-04-19T00:08:35.017+0000] {processor.py:161} INFO - Started process (PID=10994) to work on /home/airflow/.local/lib/python3.8/site-packages/airflow/example_dags/tutorial_taskflow_api.py
[2026-04-19T00:08:35.018+0000] {processor.py:830} INFO - Processing file /home/airflow/.local/lib/python3.8/site-packages/airflow/example_dags/tutorial_taskflow_api.py for tasks to queue
[2026-04-19T00:08:35.020+0000] {logging_mixin.py:188} INFO - [2026-04-19T00:08:35.020+0000] {dagbag.py:538} INFO - Filling up the DagBag from /home/airflow/.local/lib/python3.8/site-packages/airflow/example_dags/tutorial_taskflow_api.py
[2026-04-19T00:08:35.029+0000] {processor.py:840} INFO - DAG(s) 'tutorial_taskflow_api' retrieved from /home/airflow/.local/lib/python3.8/site-packages/airflow/example_dags/tutorial_taskflow_api.py
[2026-04-19T00:08:35.057+0000] {logging_mixin.py:188} INFO - [2026-04-19T00:08:35.057+0000] {dag.py:3036} INFO - Sync 1 DAGs
[2026-04-19T00:08:35.074+0000] {logging_mixin.py:188} INFO - [2026-04-19T00:08:35.074+0000] {dag.py:3823} INFO - Setting next_dagrun for tutorial_taskflow_api to None, run_after=None
[2026-04-19T00:08:35.099+0000] {processor.py:183} INFO - Processing /home/airflow/.local/lib/python3.8/site-packages/airflow/example_dags/tutorial_taskflow_api.py took 0.088 seconds
[2026-04-19T00:09:05.233+0000] {processor.py:161} INFO - Started process (PID=11049) to work on /home/airflow/.local/lib/python3.8/site-packages/airflow/example_dags/tutorial_taskflow_api.py
[2026-04-19T00:09:05.235+0000] {processor.py:830} INFO - Processing file /home/airflow/.local/lib/python3.8/site-packages/airflow/example_dags/tutorial_taskflow_api.py for tasks to queue
[2026-04-19T00:09:05.237+0000] {logging_mixin.py:188} INFO - [2026-04-19T00:09:05.237+0000] {dagbag.py:538} INFO - Filling up the DagBag from /home/airflow/.local/lib/python3.8/site-packages/airflow/example_dags/tutorial_taskflow_api.py
[2026-04-19T00:09:05.246+0000] {processor.py:840} INFO - DAG(s) 'tutorial_taskflow_api' retrieved from /home/airflow/.local/lib/python3.8/site-packages/airflow/example_dags/tutorial_taskflow_api.py
[2026-04-19T00:09:05.275+0000] {logging_mixin.py:188} INFO - [2026-04-19T00:09:05.274+0000] {dag.py:3036} INFO - Sync 1 DAGs
[2026-04-19T00:09:05.292+0000] {logging_mixin.py:188} INFO - [2026-04-19T00:09:05.291+0000] {dag.py:3823} INFO - Setting next_dagrun for tutorial_taskflow_api to None, run_after=None
[2026-04-19T00:09:05.316+0000] {processor.py:183} INFO - Processing /home/airflow/.local/lib/python3.8/site-packages/airflow/example_dags/tutorial_taskflow_api.py took 0.089 seconds
[2026-04-19T00:09:35.807+0000] {processor.py:161} INFO - Started process (PID=11104) to work on /home/airflow/.local/lib/python3.8/site-packages/airflow/example_dags/tutorial_taskflow_api.py
[2026-04-19T00:09:35.809+0000] {processor.py:830} INFO - Processing file /home/airflow/.local/lib/python3.8/site-packages/airflow/example_dags/tutorial_taskflow_api.py for tasks to queue
[2026-04-19T00:09:35.811+0000] {logging_mixin.py:188} INFO - [2026-04-19T00:09:35.811+0000] {dagbag.py:538} INFO - Filling up the DagBag from /home/airflow/.local/lib/python3.8/site-packages/airflow/example_dags/tutorial_taskflow_api.py
[2026-04-19T00:09:35.820+0000] {processor.py:840} INFO - DAG(s) 'tutorial_taskflow_api' retrieved from /home/airflow/.local/lib/python3.8/site-packages/airflow/example_dags/tutorial_taskflow_api.py
[2026-04-19T00:09:35.846+0000] {logging_mixin.py:188} INFO - [2026-04-19T00:09:35.846+0000] {dag.py:3036} INFO - Sync 1 DAGs
[2026-04-19T00:09:35.864+0000] {logging_mixin.py:188} INFO - [2026-04-19T00:09:35.863+0000] {dag.py:3823} INFO - Setting next_dagrun for tutorial_taskflow_api to None, run_after=None
[2026-04-19T00:09:35.887+0000] {processor.py:183} INFO - Processing /home/airflow/.local/lib/python3.8/site-packages/airflow/example_dags/tutorial_taskflow_api.py took 0.085 seconds
[2026-04-19T00:10:06.356+0000] {processor.py:161} INFO - Started process (PID=11159) to work on /home/airflow/.local/lib/python3.8/site-packages/airflow/example_dags/tutorial_taskflow_api.py
[2026-04-19T00:10:06.357+0000] {processor.py:830} INFO - Processing file /home/airflow/.local/lib/python3.8/site-packages/airflow/example_dags/tutorial_taskflow_api.py for tasks to queue
[2026-04-19T00:10:06.360+0000] {logging_mixin.py:188} INFO - [2026-04-19T00:10:06.359+0000] {dagbag.py:538} INFO - Filling up the DagBag from /home/airflow/.local/lib/python3.8/site-packages/airflow/example_dags/tutorial_taskflow_api.py
[2026-04-19T00:10:06.370+0000] {processor.py:840} INFO - DAG(s) 'tutorial_taskflow_api' retrieved from /home/airflow/.local/lib/python3.8/site-packages/airflow/example_dags/tutorial_taskflow_api.py
[2026-04-19T00:10:06.403+0000] {logging_mixin.py:188} INFO - [2026-04-19T00:10:06.402+0000] {dag.py:3036} INFO - Sync 1 DAGs
[2026-04-19T00:10:06.421+0000] {logging_mixin.py:188} INFO - [2026-04-19T00:10:06.420+0000] {dag.py:3823} INFO - Setting next_dagrun for tutorial_taskflow_api to None, run_after=None
[2026-04-19T00:10:06.447+0000] {processor.py:183} INFO - Processing /home/airflow/.local/lib/python3.8/site-packages/airflow/example_dags/tutorial_taskflow_api.py took 0.097 seconds
[2026-04-19T00:10:36.724+0000] {processor.py:161} INFO - Started process (PID=11214) to work on /home/airflow/.local/lib/python3.8/site-packages/airflow/example_dags/tutorial_taskflow_api.py
[2026-04-19T00:10:36.725+0000] {processor.py:830} INFO - Processing file /home/airflow/.local/lib/python3.8/site-packages/airflow/example_dags/tutorial_taskflow_api.py for tasks to queue
[2026-04-19T00:10:36.727+0000] {logging_mixin.py:188} INFO - [2026-04-19T00:10:36.727+0000] {dagbag.py:538} INFO - Filling up the DagBag from /home/airflow/.local/lib/python3.8/site-packages/airflow/example_dags/tutorial_taskflow_api.py
[2026-04-19T00:10:36.736+0000] {processor.py:840} INFO - DAG(s) 'tutorial_taskflow_api' retrieved from /home/airflow/.local/lib/python3.8/site-packages/airflow/example_dags/tutorial_taskflow_api.py
[2026-04-19T00:10:36.765+0000] {logging_mixin.py:188} INFO - [2026-04-19T00:10:36.764+0000] {dag.py:3036} INFO - Sync 1 DAGs
[2026-04-19T00:10:36.784+0000] {logging_mixin.py:188} INFO - [2026-04-19T00:10:36.783+0000] {dag.py:3823} INFO - Setting next_dagrun for tutorial_taskflow_api to None, run_after=None
[2026-04-19T00:10:36.808+0000] {processor.py:183} INFO - Processing /home/airflow/.local/lib/python3.8/site-packages/airflow/example_dags/tutorial_taskflow_api.py took 0.089 seconds
[2026-04-19T00:11:07.312+0000] {processor.py:161} INFO - Started process (PID=11269) to work on /home/airflow/.local/lib/python3.8/site-packages/airflow/example_dags/tutorial_taskflow_api.py
[2026-04-19T00:11:07.314+0000] {processor.py:830} INFO - Processing file /home/airflow/.local/lib/python3.8/site-packages/airflow/example_dags/tutorial_taskflow_api.py for tasks to queue
[2026-04-19T00:11:07.316+0000] {logging_mixin.py:188} INFO - [2026-04-19T00:11:07.316+0000] {dagbag.py:538} INFO - Filling up the DagBag from /home/airflow/.local/lib/python3.8/site-packages/airflow/example_dags/tutorial_taskflow_api.py
[2026-04-19T00:11:07.325+0000] {processor.py:840} INFO - DAG(s) 'tutorial_taskflow_api' retrieved from /home/airflow/.local/lib/python3.8/site-packages/airflow/example_dags/tutorial_taskflow_api.py
[2026-04-19T00:11:07.355+0000] {logging_mixin.py:188} INFO - [2026-04-19T00:11:07.355+0000] {dag.py:3036} INFO - Sync 1 DAGs
[2026-04-19T00:11:07.373+0000] {logging_mixin.py:188} INFO - [2026-04-19T00:11:07.372+0000] {dag.py:3823} INFO - Setting next_dagrun for tutorial_taskflow_api to None, run_after=None
[2026-04-19T00:11:07.401+0000] {processor.py:183} INFO - Processing /home/airflow/.local/lib/python3.8/site-packages/airflow/example_dags/tutorial_taskflow_api.py took 0.093 seconds
[2026-04-19T00:11:37.779+0000] {processor.py:161} INFO - Started process (PID=11324) to work on /home/airflow/.local/lib/python3.8/site-packages/airflow/example_dags/tutorial_taskflow_api.py
[2026-04-19T00:11:37.781+0000] {processor.py:830} INFO - Processing file /home/airflow/.local/lib/python3.8/site-packages/airflow/example_dags/tutorial_taskflow_api.py for tasks to queue
[2026-04-19T00:11:37.784+0000] {logging_mixin.py:188} INFO - [2026-04-19T00:11:37.783+0000] {dagbag.py:538} INFO - Filling up the DagBag from /home/airflow/.local/lib/python3.8/site-packages/airflow/example_dags/tutorial_taskflow_api.py
[2026-04-19T00:11:37.794+0000] {processor.py:840} INFO - DAG(s) 'tutorial_taskflow_api' retrieved from /home/airflow/.local/lib/python3.8/site-packages/airflow/example_dags/tutorial_taskflow_api.py
[2026-04-19T00:11:37.823+0000] {logging_mixin.py:188} INFO - [2026-04-19T00:11:37.823+0000] {dag.py:3036} INFO - Sync 1 DAGs
[2026-04-19T00:11:37.841+0000] {logging_mixin.py:188} INFO - [2026-04-19T00:11:37.841+0000] {dag.py:3823} INFO - Setting next_dagrun for tutorial_taskflow_api to None, run_after=None
[2026-04-19T00:11:37.865+0000] {processor.py:183} INFO - Processing /home/airflow/.local/lib/python3.8/site-packages/airflow/example_dags/tutorial_taskflow_api.py took 0.091 seconds
[2026-04-19T00:12:08.127+0000] {processor.py:161} INFO - Started process (PID=11379) to work on /home/airflow/.local/lib/python3.8/site-packages/airflow/example_dags/tutorial_taskflow_api.py
[2026-04-19T00:12:08.129+0000] {processor.py:830} INFO - Processing file /home/airflow/.local/lib/python3.8/site-packages/airflow/example_dags/tutorial_taskflow_api.py for tasks to queue
[2026-04-19T00:12:08.131+0000] {logging_mixin.py:188} INFO - [2026-04-19T00:12:08.131+0000] {dagbag.py:538} INFO - Filling up the DagBag from /home/airflow/.local/lib/python3.8/site-packages/airflow/example_dags/tutorial_taskflow_api.py
[2026-04-19T00:12:08.141+0000] {processor.py:840} INFO - DAG(s) 'tutorial_taskflow_api' retrieved from /home/airflow/.local/lib/python3.8/site-packages/airflow/example_dags/tutorial_taskflow_api.py
[2026-04-19T00:12:08.171+0000] {logging_mixin.py:188} INFO - [2026-04-19T00:12:08.171+0000] {dag.py:3036} INFO - Sync 1 DAGs
[2026-04-19T00:12:08.189+0000] {logging_mixin.py:188} INFO - [2026-04-19T00:12:08.189+0000] {dag.py:3823} INFO - Setting next_dagrun for tutorial_taskflow_api to None, run_after=None
[2026-04-19T00:12:08.217+0000] {processor.py:183} INFO - Processing /home/airflow/.local/lib/python3.8/site-packages/airflow/example_dags/tutorial_taskflow_api.py took 0.095 seconds
[2026-04-19T00:12:38.483+0000] {processor.py:161} INFO - Started process (PID=11434) to work on /home/airflow/.local/lib/python3.8/site-packages/airflow/example_dags/tutorial_taskflow_api.py
[2026-04-19T00:12:38.484+0000] {processor.py:830} INFO - Processing file /home/airflow/.local/lib/python3.8/site-packages/airflow/example_dags/tutorial_taskflow_api.py for tasks to queue
[2026-04-19T00:12:38.486+0000] {logging_mixin.py:188} INFO - [2026-04-19T00:12:38.486+0000] {dagbag.py:538} INFO - Filling up the DagBag from /home/airflow/.local/lib/python3.8/site-packages/airflow/example_dags/tutorial_taskflow_api.py
[2026-04-19T00:12:38.495+0000] {processor.py:840} INFO - DAG(s) 'tutorial_taskflow_api' retrieved from /home/airflow/.local/lib/python3.8/site-packages/airflow/example_dags/tutorial_taskflow_api.py
[2026-04-19T00:12:38.522+0000] {logging_mixin.py:188} INFO - [2026-04-19T00:12:38.522+0000] {dag.py:3036} INFO - Sync 1 DAGs
[2026-04-19T00:12:38.538+0000] {logging_mixin.py:188} INFO - [2026-04-19T00:12:38.538+0000] {dag.py:3823} INFO - Setting next_dagrun for tutorial_taskflow_api to None, run_after=None
[2026-04-19T00:12:38.561+0000] {processor.py:183} INFO - Processing /home/airflow/.local/lib/python3.8/site-packages/airflow/example_dags/tutorial_taskflow_api.py took 0.083 seconds
[2026-04-19T00:13:09.052+0000] {processor.py:161} INFO - Started process (PID=11489) to work on /home/airflow/.local/lib/python3.8/site-packages/airflow/example_dags/tutorial_taskflow_api.py
[2026-04-19T00:13:09.054+0000] {processor.py:830} INFO - Processing file /home/airflow/.local/lib/python3.8/site-packages/airflow/example_dags/tutorial_taskflow_api.py for tasks to queue
[2026-04-19T00:13:09.056+0000] {logging_mixin.py:188} INFO - [2026-04-19T00:13:09.056+0000] {dagbag.py:538} INFO - Filling up the DagBag from /home/airflow/.local/lib/python3.8/site-packages/airflow/example_dags/tutorial_taskflow_api.py
[2026-04-19T00:13:09.065+0000] {processor.py:840} INFO - DAG(s) 'tutorial_taskflow_api' retrieved from /home/airflow/.local/lib/python3.8/site-packages/airflow/example_dags/tutorial_taskflow_api.py
[2026-04-19T00:13:09.096+0000] {logging_mixin.py:188} INFO - [2026-04-19T00:13:09.096+0000] {dag.py:3036} INFO - Sync 1 DAGs
[2026-04-19T00:13:09.113+0000] {logging_mixin.py:188} INFO - [2026-04-19T00:13:09.113+0000] {dag.py:3823} INFO - Setting next_dagrun for tutorial_taskflow_api to None, run_after=None
[2026-04-19T00:13:09.140+0000] {processor.py:183} INFO - Processing /home/airflow/.local/lib/python3.8/site-packages/airflow/example_dags/tutorial_taskflow_api.py took 0.093 seconds
[2026-04-19T00:13:39.370+0000] {processor.py:161} INFO - Started process (PID=11543) to work on /home/airflow/.local/lib/python3.8/site-packages/airflow/example_dags/tutorial_taskflow_api.py
[2026-04-19T00:13:39.371+0000] {processor.py:830} INFO - Processing file /home/airflow/.local/lib/python3.8/site-packages/airflow/example_dags/tutorial_taskflow_api.py for tasks to queue
[2026-04-19T00:13:39.374+0000] {logging_mixin.py:188} INFO - [2026-04-19T00:13:39.373+0000] {dagbag.py:538} INFO - Filling up the DagBag from /home/airflow/.local/lib/python3.8/site-packages/airflow/example_dags/tutorial_taskflow_api.py
[2026-04-19T00:13:39.385+0000] {processor.py:840} INFO - DAG(s) 'tutorial_taskflow_api' retrieved from /home/airflow/.local/lib/python3.8/site-packages/airflow/example_dags/tutorial_taskflow_api.py
[2026-04-19T00:13:39.424+0000] {logging_mixin.py:188} INFO - [2026-04-19T00:13:39.424+0000] {dag.py:3036} INFO - Sync 1 DAGs
[2026-04-19T00:13:39.445+0000] {logging_mixin.py:188} INFO - [2026-04-19T00:13:39.444+0000] {dag.py:3823} INFO - Setting next_dagrun for tutorial_taskflow_api to None, run_after=None
[2026-04-19T00:13:39.472+0000] {processor.py:183} INFO - Processing /home/airflow/.local/lib/python3.8/site-packages/airflow/example_dags/tutorial_taskflow_api.py took 0.108 seconds
[2026-04-19T00:14:09.890+0000] {processor.py:161} INFO - Started process (PID=11597) to work on /home/airflow/.local/lib/python3.8/site-packages/airflow/example_dags/tutorial_taskflow_api.py
[2026-04-19T00:14:09.891+0000] {processor.py:830} INFO - Processing file /home/airflow/.local/lib/python3.8/site-packages/airflow/example_dags/tutorial_taskflow_api.py for tasks to queue
[2026-04-19T00:14:09.893+0000] {logging_mixin.py:188} INFO - [2026-04-19T00:14:09.893+0000] {dagbag.py:538} INFO - Filling up the DagBag from /home/airflow/.local/lib/python3.8/site-packages/airflow/example_dags/tutorial_taskflow_api.py
[2026-04-19T00:14:09.902+0000] {processor.py:840} INFO - DAG(s) 'tutorial_taskflow_api' retrieved from /home/airflow/.local/lib/python3.8/site-packages/airflow/example_dags/tutorial_taskflow_api.py
[2026-04-19T00:14:09.932+0000] {logging_mixin.py:188} INFO - [2026-04-19T00:14:09.932+0000] {dag.py:3036} INFO - Sync 1 DAGs
[2026-04-19T00:14:09.952+0000] {logging_mixin.py:188} INFO - [2026-04-19T00:14:09.952+0000] {dag.py:3823} INFO - Setting next_dagrun for tutorial_taskflow_api to None, run_after=None
[2026-04-19T00:14:09.977+0000] {processor.py:183} INFO - Processing /home/airflow/.local/lib/python3.8/site-packages/airflow/example_dags/tutorial_taskflow_api.py took 0.092 seconds
[2026-04-19T00:14:40.368+0000] {processor.py:161} INFO - Started process (PID=11652) to work on /home/airflow/.local/lib/python3.8/site-packages/airflow/example_dags/tutorial_taskflow_api.py
[2026-04-19T00:14:40.370+0000] {processor.py:830} INFO - Processing file /home/airflow/.local/lib/python3.8/site-packages/airflow/example_dags/tutorial_taskflow_api.py for tasks to queue
[2026-04-19T00:14:40.372+0000] {logging_mixin.py:188} INFO - [2026-04-19T00:14:40.372+0000] {dagbag.py:538} INFO - Filling up the DagBag from /home/airflow/.local/lib/python3.8/site-packages/airflow/example_dags/tutorial_taskflow_api.py
[2026-04-19T00:14:40.382+0000] {processor.py:840} INFO - DAG(s) 'tutorial_taskflow_api' retrieved from /home/airflow/.local/lib/python3.8/site-packages/airflow/example_dags/tutorial_taskflow_api.py
[2026-04-19T00:14:40.413+0000] {logging_mixin.py:188} INFO - [2026-04-19T00:14:40.413+0000] {dag.py:3036} INFO - Sync 1 DAGs
[2026-04-19T00:14:40.432+0000] {logging_mixin.py:188} INFO - [2026-04-19T00:14:40.431+0000] {dag.py:3823} INFO - Setting next_dagrun for tutorial_taskflow_api to None, run_after=None
[2026-04-19T00:14:40.458+0000] {processor.py:183} INFO - Processing /home/airflow/.local/lib/python3.8/site-packages/airflow/example_dags/tutorial_taskflow_api.py took 0.096 seconds
[2026-04-19T00:15:10.914+0000] {processor.py:161} INFO - Started process (PID=11707) to work on /home/airflow/.local/lib/python3.8/site-packages/airflow/example_dags/tutorial_taskflow_api.py
[2026-04-19T00:15:10.915+0000] {processor.py:830} INFO - Processing file /home/airflow/.local/lib/python3.8/site-packages/airflow/example_dags/tutorial_taskflow_api.py for tasks to queue
[2026-04-19T00:15:10.918+0000] {logging_mixin.py:188} INFO - [2026-04-19T00:15:10.917+0000] {dagbag.py:538} INFO - Filling up the DagBag from /home/airflow/.local/lib/python3.8/site-packages/airflow/example_dags/tutorial_taskflow_api.py
[2026-04-19T00:15:10.928+0000] {processor.py:840} INFO - DAG(s) 'tutorial_taskflow_api' retrieved from /home/airflow/.local/lib/python3.8/site-packages/airflow/example_dags/tutorial_taskflow_api.py
[2026-04-19T00:15:10.960+0000] {logging_mixin.py:188} INFO - [2026-04-19T00:15:10.960+0000] {dag.py:3036} INFO - Sync 1 DAGs
[2026-04-19T00:15:10.977+0000] {logging_mixin.py:188} INFO - [2026-04-19T00:15:10.977+0000] {dag.py:3823} INFO - Setting next_dagrun for tutorial_taskflow_api to None, run_after=None
[2026-04-19T00:15:11.004+0000] {processor.py:183} INFO - Processing /home/airflow/.local/lib/python3.8/site-packages/airflow/example_dags/tutorial_taskflow_api.py took 0.095 seconds
[2026-04-19T00:15:41.461+0000] {processor.py:161} INFO - Started process (PID=11763) to work on /home/airflow/.local/lib/python3.8/site-packages/airflow/example_dags/tutorial_taskflow_api.py
[2026-04-19T00:15:41.462+0000] {processor.py:830} INFO - Processing file /home/airflow/.local/lib/python3.8/site-packages/airflow/example_dags/tutorial_taskflow_api.py for tasks to queue
[2026-04-19T00:15:41.465+0000] {logging_mixin.py:188} INFO - [2026-04-19T00:15:41.464+0000] {dagbag.py:538} INFO - Filling up the DagBag from /home/airflow/.local/lib/python3.8/site-packages/airflow/example_dags/tutorial_taskflow_api.py
[2026-04-19T00:15:41.474+0000] {processor.py:840} INFO - DAG(s) 'tutorial_taskflow_api' retrieved from /home/airflow/.local/lib/python3.8/site-packages/airflow/example_dags/tutorial_taskflow_api.py
[2026-04-19T00:15:41.503+0000] {logging_mixin.py:188} INFO - [2026-04-19T00:15:41.503+0000] {dag.py:3036} INFO - Sync 1 DAGs
[2026-04-19T00:15:41.521+0000] {logging_mixin.py:188} INFO - [2026-04-19T00:15:41.521+0000] {dag.py:3823} INFO - Setting next_dagrun for tutorial_taskflow_api to None, run_after=None
[2026-04-19T00:15:41.548+0000] {processor.py:183} INFO - Processing /home/airflow/.local/lib/python3.8/site-packages/airflow/example_dags/tutorial_taskflow_api.py took 0.092 seconds
[2026-04-19T00:16:12.100+0000] {processor.py:161} INFO - Started process (PID=11818) to work on /home/airflow/.local/lib/python3.8/site-packages/airflow/example_dags/tutorial_taskflow_api.py
[2026-04-19T00:16:12.101+0000] {processor.py:830} INFO - Processing file /home/airflow/.local/lib/python3.8/site-packages/airflow/example_dags/tutorial_taskflow_api.py for tasks to queue
[2026-04-19T00:16:12.104+0000] {logging_mixin.py:188} INFO - [2026-04-19T00:16:12.103+0000] {dagbag.py:538} INFO - Filling up the DagBag from /home/airflow/.local/lib/python3.8/site-packages/airflow/example_dags/tutorial_taskflow_api.py
[2026-04-19T00:16:12.112+0000] {processor.py:840} INFO - DAG(s) 'tutorial_taskflow_api' retrieved from /home/airflow/.local/lib/python3.8/site-packages/airflow/example_dags/tutorial_taskflow_api.py
[2026-04-19T00:16:12.142+0000] {logging_mixin.py:188} INFO - [2026-04-19T00:16:12.142+0000] {dag.py:3036} INFO - Sync 1 DAGs
[2026-04-19T00:16:12.162+0000] {logging_mixin.py:188} INFO - [2026-04-19T00:16:12.161+0000] {dag.py:3823} INFO - Setting next_dagrun for tutorial_taskflow_api to None, run_after=None
[2026-04-19T00:16:12.191+0000] {processor.py:183} INFO - Processing /home/airflow/.local/lib/python3.8/site-packages/airflow/example_dags/tutorial_taskflow_api.py took 0.095 seconds
[2026-04-19T00:16:42.458+0000] {processor.py:161} INFO - Started process (PID=11873) to work on /home/airflow/.local/lib/python3.8/site-packages/airflow/example_dags/tutorial_taskflow_api.py
[2026-04-19T00:16:42.460+0000] {processor.py:830} INFO - Processing file /home/airflow/.local/lib/python3.8/site-packages/airflow/example_dags/tutorial_taskflow_api.py for tasks to queue
[2026-04-19T00:16:42.462+0000] {logging_mixin.py:188} INFO - [2026-04-19T00:16:42.462+0000] {dagbag.py:538} INFO - Filling up the DagBag from /home/airflow/.local/lib/python3.8/site-packages/airflow/example_dags/tutorial_taskflow_api.py
[2026-04-19T00:16:42.472+0000] {processor.py:840} INFO - DAG(s) 'tutorial_taskflow_api' retrieved from /home/airflow/.local/lib/python3.8/site-packages/airflow/example_dags/tutorial_taskflow_api.py
[2026-04-19T00:16:42.502+0000] {logging_mixin.py:188} INFO - [2026-04-19T00:16:42.502+0000] {dag.py:3036} INFO - Sync 1 DAGs
[2026-04-19T00:16:42.520+0000] {logging_mixin.py:188} INFO - [2026-04-19T00:16:42.520+0000] {dag.py:3823} INFO - Setting next_dagrun for tutorial_taskflow_api to None, run_after=None
[2026-04-19T00:16:42.547+0000] {processor.py:183} INFO - Processing /home/airflow/.local/lib/python3.8/site-packages/airflow/example_dags/tutorial_taskflow_api.py took 0.093 seconds
[2026-04-19T00:17:12.819+0000] {processor.py:161} INFO - Started process (PID=11928) to work on /home/airflow/.local/lib/python3.8/site-packages/airflow/example_dags/tutorial_taskflow_api.py
[2026-04-19T00:17:12.820+0000] {processor.py:830} INFO - Processing file /home/airflow/.local/lib/python3.8/site-packages/airflow/example_dags/tutorial_taskflow_api.py for tasks to queue
[2026-04-19T00:17:12.823+0000] {logging_mixin.py:188} INFO - [2026-04-19T00:17:12.822+0000] {dagbag.py:538} INFO - Filling up the DagBag from /home/airflow/.local/lib/python3.8/site-packages/airflow/example_dags/tutorial_taskflow_api.py
[2026-04-19T00:17:12.831+0000] {processor.py:840} INFO - DAG(s) 'tutorial_taskflow_api' retrieved from /home/airflow/.local/lib/python3.8/site-packages/airflow/example_dags/tutorial_taskflow_api.py
[2026-04-19T00:17:12.860+0000] {logging_mixin.py:188} INFO - [2026-04-19T00:17:12.859+0000] {dag.py:3036} INFO - Sync 1 DAGs
[2026-04-19T00:17:12.879+0000] {logging_mixin.py:188} INFO - [2026-04-19T00:17:12.879+0000] {dag.py:3823} INFO - Setting next_dagrun for tutorial_taskflow_api to None, run_after=None
[2026-04-19T00:17:12.905+0000] {processor.py:183} INFO - Processing /home/airflow/.local/lib/python3.8/site-packages/airflow/example_dags/tutorial_taskflow_api.py took 0.091 seconds
[2026-04-19T00:17:43.380+0000] {processor.py:161} INFO - Started process (PID=11983) to work on /home/airflow/.local/lib/python3.8/site-packages/airflow/example_dags/tutorial_taskflow_api.py
[2026-04-19T00:17:43.381+0000] {processor.py:830} INFO - Processing file /home/airflow/.local/lib/python3.8/site-packages/airflow/example_dags/tutorial_taskflow_api.py for tasks to queue
[2026-04-19T00:17:43.384+0000] {logging_mixin.py:188} INFO - [2026-04-19T00:17:43.383+0000] {dagbag.py:538} INFO - Filling up the DagBag from /home/airflow/.local/lib/python3.8/site-packages/airflow/example_dags/tutorial_taskflow_api.py
[2026-04-19T00:17:43.394+0000] {processor.py:840} INFO - DAG(s) 'tutorial_taskflow_api' retrieved from /home/airflow/.local/lib/python3.8/site-packages/airflow/example_dags/tutorial_taskflow_api.py
[2026-04-19T00:17:43.424+0000] {logging_mixin.py:188} INFO - [2026-04-19T00:17:43.423+0000] {dag.py:3036} INFO - Sync 1 DAGs
[2026-04-19T00:17:43.444+0000] {logging_mixin.py:188} INFO - [2026-04-19T00:17:43.444+0000] {dag.py:3823} INFO - Setting next_dagrun for tutorial_taskflow_api to None, run_after=None
[2026-04-19T00:17:43.472+0000] {processor.py:183} INFO - Processing /home/airflow/.local/lib/python3.8/site-packages/airflow/example_dags/tutorial_taskflow_api.py took 0.097 seconds
[2026-04-19T00:18:13.907+0000] {processor.py:161} INFO - Started process (PID=12038) to work on /home/airflow/.local/lib/python3.8/site-packages/airflow/example_dags/tutorial_taskflow_api.py
[2026-04-19T00:18:13.908+0000] {processor.py:830} INFO - Processing file /home/airflow/.local/lib/python3.8/site-packages/airflow/example_dags/tutorial_taskflow_api.py for tasks to queue
[2026-04-19T00:18:13.910+0000] {logging_mixin.py:188} INFO - [2026-04-19T00:18:13.910+0000] {dagbag.py:538} INFO - Filling up the DagBag from /home/airflow/.local/lib/python3.8/site-packages/airflow/example_dags/tutorial_taskflow_api.py
[2026-04-19T00:18:13.919+0000] {processor.py:840} INFO - DAG(s) 'tutorial_taskflow_api' retrieved from /home/airflow/.local/lib/python3.8/site-packages/airflow/example_dags/tutorial_taskflow_api.py
[2026-04-19T00:18:13.949+0000] {logging_mixin.py:188} INFO - [2026-04-19T00:18:13.949+0000] {dag.py:3036} INFO - Sync 1 DAGs
[2026-04-19T00:18:13.966+0000] {logging_mixin.py:188} INFO - [2026-04-19T00:18:13.966+0000] {dag.py:3823} INFO - Setting next_dagrun for tutorial_taskflow_api to None, run_after=None
[2026-04-19T00:18:13.992+0000] {processor.py:183} INFO - Processing /home/airflow/.local/lib/python3.8/site-packages/airflow/example_dags/tutorial_taskflow_api.py took 0.090 seconds
[2026-04-19T00:18:44.455+0000] {processor.py:161} INFO - Started process (PID=12093) to work on /home/airflow/.local/lib/python3.8/site-packages/airflow/example_dags/tutorial_taskflow_api.py
[2026-04-19T00:18:44.456+0000] {processor.py:830} INFO - Processing file /home/airflow/.local/lib/python3.8/site-packages/airflow/example_dags/tutorial_taskflow_api.py for tasks to queue
[2026-04-19T00:18:44.459+0000] {logging_mixin.py:188} INFO - [2026-04-19T00:18:44.458+0000] {dagbag.py:538} INFO - Filling up the DagBag from /home/airflow/.local/lib/python3.8/site-packages/airflow/example_dags/tutorial_taskflow_api.py
[2026-04-19T00:18:44.468+0000] {processor.py:840} INFO - DAG(s) 'tutorial_taskflow_api' retrieved from /home/airflow/.local/lib/python3.8/site-packages/airflow/example_dags/tutorial_taskflow_api.py
[2026-04-19T00:18:44.498+0000] {logging_mixin.py:188} INFO - [2026-04-19T00:18:44.497+0000] {dag.py:3036} INFO - Sync 1 DAGs
[2026-04-19T00:18:44.517+0000] {logging_mixin.py:188} INFO - [2026-04-19T00:18:44.516+0000] {dag.py:3823} INFO - Setting next_dagrun for tutorial_taskflow_api to None, run_after=None
[2026-04-19T00:18:44.548+0000] {processor.py:183} INFO - Processing /home/airflow/.local/lib/python3.8/site-packages/airflow/example_dags/tutorial_taskflow_api.py took 0.098 seconds
[2026-04-19T00:19:14.824+0000] {processor.py:161} INFO - Started process (PID=12147) to work on /home/airflow/.local/lib/python3.8/site-packages/airflow/example_dags/tutorial_taskflow_api.py
[2026-04-19T00:19:14.826+0000] {processor.py:830} INFO - Processing file /home/airflow/.local/lib/python3.8/site-packages/airflow/example_dags/tutorial_taskflow_api.py for tasks to queue
[2026-04-19T00:19:14.828+0000] {logging_mixin.py:188} INFO - [2026-04-19T00:19:14.827+0000] {dagbag.py:538} INFO - Filling up the DagBag from /home/airflow/.local/lib/python3.8/site-packages/airflow/example_dags/tutorial_taskflow_api.py
[2026-04-19T00:19:14.837+0000] {processor.py:840} INFO - DAG(s) 'tutorial_taskflow_api' retrieved from /home/airflow/.local/lib/python3.8/site-packages/airflow/example_dags/tutorial_taskflow_api.py
[2026-04-19T00:19:14.865+0000] {logging_mixin.py:188} INFO - [2026-04-19T00:19:14.864+0000] {dag.py:3036} INFO - Sync 1 DAGs
[2026-04-19T00:19:14.884+0000] {logging_mixin.py:188} INFO - [2026-04-19T00:19:14.883+0000] {dag.py:3823} INFO - Setting next_dagrun for tutorial_taskflow_api to None, run_after=None
[2026-04-19T00:19:14.908+0000] {processor.py:183} INFO - Processing /home/airflow/.local/lib/python3.8/site-packages/airflow/example_dags/tutorial_taskflow_api.py took 0.089 seconds
[2026-04-19T00:19:45.249+0000] {processor.py:161} INFO - Started process (PID=12202) to work on /home/airflow/.local/lib/python3.8/site-packages/airflow/example_dags/tutorial_taskflow_api.py
[2026-04-19T00:19:45.251+0000] {processor.py:830} INFO - Processing file /home/airflow/.local/lib/python3.8/site-packages/airflow/example_dags/tutorial_taskflow_api.py for tasks to queue
[2026-04-19T00:19:45.253+0000] {logging_mixin.py:188} INFO - [2026-04-19T00:19:45.253+0000] {dagbag.py:538} INFO - Filling up the DagBag from /home/airflow/.local/lib/python3.8/site-packages/airflow/example_dags/tutorial_taskflow_api.py
[2026-04-19T00:19:45.263+0000] {processor.py:840} INFO - DAG(s) 'tutorial_taskflow_api' retrieved from /home/airflow/.local/lib/python3.8/site-packages/airflow/example_dags/tutorial_taskflow_api.py
[2026-04-19T00:19:45.297+0000] {logging_mixin.py:188} INFO - [2026-04-19T00:19:45.296+0000] {dag.py:3036} INFO - Sync 1 DAGs
[2026-04-19T00:19:45.317+0000] {logging_mixin.py:188} INFO - [2026-04-19T00:19:45.316+0000] {dag.py:3823} INFO - Setting next_dagrun for tutorial_taskflow_api to None, run_after=None
[2026-04-19T00:19:45.345+0000] {processor.py:183} INFO - Processing /home/airflow/.local/lib/python3.8/site-packages/airflow/example_dags/tutorial_taskflow_api.py took 0.102 seconds
[2026-04-19T00:20:15.685+0000] {processor.py:161} INFO - Started process (PID=12257) to work on /home/airflow/.local/lib/python3.8/site-packages/airflow/example_dags/tutorial_taskflow_api.py
[2026-04-19T00:20:15.687+0000] {processor.py:830} INFO - Processing file /home/airflow/.local/lib/python3.8/site-packages/airflow/example_dags/tutorial_taskflow_api.py for tasks to queue
[2026-04-19T00:20:15.689+0000] {logging_mixin.py:188} INFO - [2026-04-19T00:20:15.689+0000] {dagbag.py:538} INFO - Filling up the DagBag from /home/airflow/.local/lib/python3.8/site-packages/airflow/example_dags/tutorial_taskflow_api.py
[2026-04-19T00:20:15.697+0000] {processor.py:840} INFO - DAG(s) 'tutorial_taskflow_api' retrieved from /home/airflow/.local/lib/python3.8/site-packages/airflow/example_dags/tutorial_taskflow_api.py
[2026-04-19T00:20:15.726+0000] {logging_mixin.py:188} INFO - [2026-04-19T00:20:15.726+0000] {dag.py:3036} INFO - Sync 1 DAGs
[2026-04-19T00:20:15.742+0000] {logging_mixin.py:188} INFO - [2026-04-19T00:20:15.742+0000] {dag.py:3823} INFO - Setting next_dagrun for tutorial_taskflow_api to None, run_after=None
[2026-04-19T00:20:15.766+0000] {processor.py:183} INFO - Processing /home/airflow/.local/lib/python3.8/site-packages/airflow/example_dags/tutorial_taskflow_api.py took 0.085 seconds
[2026-04-19T00:20:46.057+0000] {processor.py:161} INFO - Started process (PID=12312) to work on /home/airflow/.local/lib/python3.8/site-packages/airflow/example_dags/tutorial_taskflow_api.py
[2026-04-19T00:20:46.058+0000] {processor.py:830} INFO - Processing file /home/airflow/.local/lib/python3.8/site-packages/airflow/example_dags/tutorial_taskflow_api.py for tasks to queue
[2026-04-19T00:20:46.061+0000] {logging_mixin.py:188} INFO - [2026-04-19T00:20:46.060+0000] {dagbag.py:538} INFO - Filling up the DagBag from /home/airflow/.local/lib/python3.8/site-packages/airflow/example_dags/tutorial_taskflow_api.py
[2026-04-19T00:20:46.071+0000] {processor.py:840} INFO - DAG(s) 'tutorial_taskflow_api' retrieved from /home/airflow/.local/lib/python3.8/site-packages/airflow/example_dags/tutorial_taskflow_api.py
[2026-04-19T00:20:46.101+0000] {logging_mixin.py:188} INFO - [2026-04-19T00:20:46.101+0000] {dag.py:3036} INFO - Sync 1 DAGs
[2026-04-19T00:20:46.121+0000] {logging_mixin.py:188} INFO - [2026-04-19T00:20:46.121+0000] {dag.py:3823} INFO - Setting next_dagrun for tutorial_taskflow_api to None, run_after=None
[2026-04-19T00:20:46.151+0000] {processor.py:183} INFO - Processing /home/airflow/.local/lib/python3.8/site-packages/airflow/example_dags/tutorial_taskflow_api.py took 0.100 seconds
[2026-04-19T00:21:16.449+0000] {processor.py:161} INFO - Started process (PID=12367) to work on /home/airflow/.local/lib/python3.8/site-packages/airflow/example_dags/tutorial_taskflow_api.py
[2026-04-19T00:21:16.451+0000] {processor.py:830} INFO - Processing file /home/airflow/.local/lib/python3.8/site-packages/airflow/example_dags/tutorial_taskflow_api.py for tasks to queue
[2026-04-19T00:21:16.453+0000] {logging_mixin.py:188} INFO - [2026-04-19T00:21:16.452+0000] {dagbag.py:538} INFO - Filling up the DagBag from /home/airflow/.local/lib/python3.8/site-packages/airflow/example_dags/tutorial_taskflow_api.py
[2026-04-19T00:21:16.462+0000] {processor.py:840} INFO - DAG(s) 'tutorial_taskflow_api' retrieved from /home/airflow/.local/lib/python3.8/site-packages/airflow/example_dags/tutorial_taskflow_api.py
[2026-04-19T00:21:16.490+0000] {logging_mixin.py:188} INFO - [2026-04-19T00:21:16.490+0000] {dag.py:3036} INFO - Sync 1 DAGs
[2026-04-19T00:21:16.507+0000] {logging_mixin.py:188} INFO - [2026-04-19T00:21:16.507+0000] {dag.py:3823} INFO - Setting next_dagrun for tutorial_taskflow_api to None, run_after=None
[2026-04-19T00:21:16.532+0000] {processor.py:183} INFO - Processing /home/airflow/.local/lib/python3.8/site-packages/airflow/example_dags/tutorial_taskflow_api.py took 0.087 seconds
[2026-04-19T00:21:47.032+0000] {processor.py:161} INFO - Started process (PID=12422) to work on /home/airflow/.local/lib/python3.8/site-packages/airflow/example_dags/tutorial_taskflow_api.py
[2026-04-19T00:21:47.033+0000] {processor.py:830} INFO - Processing file /home/airflow/.local/lib/python3.8/site-packages/airflow/example_dags/tutorial_taskflow_api.py for tasks to queue
[2026-04-19T00:21:47.036+0000] {logging_mixin.py:188} INFO - [2026-04-19T00:21:47.036+0000] {dagbag.py:538} INFO - Filling up the DagBag from /home/airflow/.local/lib/python3.8/site-packages/airflow/example_dags/tutorial_taskflow_api.py
[2026-04-19T00:21:47.045+0000] {processor.py:840} INFO - DAG(s) 'tutorial_taskflow_api' retrieved from /home/airflow/.local/lib/python3.8/site-packages/airflow/example_dags/tutorial_taskflow_api.py
[2026-04-19T00:21:47.074+0000] {logging_mixin.py:188} INFO - [2026-04-19T00:21:47.073+0000] {dag.py:3036} INFO - Sync 1 DAGs
[2026-04-19T00:21:47.094+0000] {logging_mixin.py:188} INFO - [2026-04-19T00:21:47.094+0000] {dag.py:3823} INFO - Setting next_dagrun for tutorial_taskflow_api to None, run_after=None
[2026-04-19T00:21:47.120+0000] {processor.py:183} INFO - Processing /home/airflow/.local/lib/python3.8/site-packages/airflow/example_dags/tutorial_taskflow_api.py took 0.094 seconds
[2026-04-19T00:22:17.269+0000] {processor.py:161} INFO - Started process (PID=12477) to work on /home/airflow/.local/lib/python3.8/site-packages/airflow/example_dags/tutorial_taskflow_api.py
[2026-04-19T00:22:17.270+0000] {processor.py:830} INFO - Processing file /home/airflow/.local/lib/python3.8/site-packages/airflow/example_dags/tutorial_taskflow_api.py for tasks to queue
[2026-04-19T00:22:17.273+0000] {logging_mixin.py:188} INFO - [2026-04-19T00:22:17.273+0000] {dagbag.py:538} INFO - Filling up the DagBag from /home/airflow/.local/lib/python3.8/site-packages/airflow/example_dags/tutorial_taskflow_api.py
[2026-04-19T00:22:17.281+0000] {processor.py:840} INFO - DAG(s) 'tutorial_taskflow_api' retrieved from /home/airflow/.local/lib/python3.8/site-packages/airflow/example_dags/tutorial_taskflow_api.py
[2026-04-19T00:22:17.310+0000] {logging_mixin.py:188} INFO - [2026-04-19T00:22:17.310+0000] {dag.py:3036} INFO - Sync 1 DAGs
[2026-04-19T00:22:17.329+0000] {logging_mixin.py:188} INFO - [2026-04-19T00:22:17.328+0000] {dag.py:3823} INFO - Setting next_dagrun for tutorial_taskflow_api to None, run_after=None
[2026-04-19T00:22:17.350+0000] {processor.py:183} INFO - Processing /home/airflow/.local/lib/python3.8/site-packages/airflow/example_dags/tutorial_taskflow_api.py took 0.086 seconds
[2026-04-19T00:22:47.983+0000] {processor.py:161} INFO - Started process (PID=12532) to work on /home/airflow/.local/lib/python3.8/site-packages/airflow/example_dags/tutorial_taskflow_api.py
[2026-04-19T00:22:47.985+0000] {processor.py:830} INFO - Processing file /home/airflow/.local/lib/python3.8/site-packages/airflow/example_dags/tutorial_taskflow_api.py for tasks to queue
[2026-04-19T00:22:47.987+0000] {logging_mixin.py:188} INFO - [2026-04-19T00:22:47.986+0000] {dagbag.py:538} INFO - Filling up the DagBag from /home/airflow/.local/lib/python3.8/site-packages/airflow/example_dags/tutorial_taskflow_api.py
[2026-04-19T00:22:47.995+0000] {processor.py:840} INFO - DAG(s) 'tutorial_taskflow_api' retrieved from /home/airflow/.local/lib/python3.8/site-packages/airflow/example_dags/tutorial_taskflow_api.py
[2026-04-19T00:22:48.031+0000] {logging_mixin.py:188} INFO - [2026-04-19T00:22:48.031+0000] {dag.py:3036} INFO - Sync 1 DAGs
[2026-04-19T00:22:48.055+0000] {logging_mixin.py:188} INFO - [2026-04-19T00:22:48.054+0000] {dag.py:3823} INFO - Setting next_dagrun for tutorial_taskflow_api to None, run_after=None
[2026-04-19T00:22:48.090+0000] {processor.py:183} INFO - Processing /home/airflow/.local/lib/python3.8/site-packages/airflow/example_dags/tutorial_taskflow_api.py took 0.112 seconds
[2026-04-19T00:23:18.283+0000] {processor.py:161} INFO - Started process (PID=12587) to work on /home/airflow/.local/lib/python3.8/site-packages/airflow/example_dags/tutorial_taskflow_api.py
[2026-04-19T00:23:18.285+0000] {processor.py:830} INFO - Processing file /home/airflow/.local/lib/python3.8/site-packages/airflow/example_dags/tutorial_taskflow_api.py for tasks to queue
[2026-04-19T00:23:18.288+0000] {logging_mixin.py:188} INFO - [2026-04-19T00:23:18.288+0000] {dagbag.py:538} INFO - Filling up the DagBag from /home/airflow/.local/lib/python3.8/site-packages/airflow/example_dags/tutorial_taskflow_api.py
[2026-04-19T00:23:18.301+0000] {processor.py:840} INFO - DAG(s) 'tutorial_taskflow_api' retrieved from /home/airflow/.local/lib/python3.8/site-packages/airflow/example_dags/tutorial_taskflow_api.py
[2026-04-19T00:23:18.339+0000] {logging_mixin.py:188} INFO - [2026-04-19T00:23:18.338+0000] {dag.py:3036} INFO - Sync 1 DAGs
[2026-04-19T00:23:18.360+0000] {logging_mixin.py:188} INFO - [2026-04-19T00:23:18.360+0000] {dag.py:3823} INFO - Setting next_dagrun for tutorial_taskflow_api to None, run_after=None
[2026-04-19T00:23:18.391+0000] {processor.py:183} INFO - Processing /home/airflow/.local/lib/python3.8/site-packages/airflow/example_dags/tutorial_taskflow_api.py took 0.115 seconds
[2026-04-19T00:23:48.556+0000] {processor.py:161} INFO - Started process (PID=12642) to work on /home/airflow/.local/lib/python3.8/site-packages/airflow/example_dags/tutorial_taskflow_api.py
[2026-04-19T00:23:48.557+0000] {processor.py:830} INFO - Processing file /home/airflow/.local/lib/python3.8/site-packages/airflow/example_dags/tutorial_taskflow_api.py for tasks to queue
[2026-04-19T00:23:48.559+0000] {logging_mixin.py:188} INFO - [2026-04-19T00:23:48.559+0000] {dagbag.py:538} INFO - Filling up the DagBag from /home/airflow/.local/lib/python3.8/site-packages/airflow/example_dags/tutorial_taskflow_api.py
[2026-04-19T00:23:48.568+0000] {processor.py:840} INFO - DAG(s) 'tutorial_taskflow_api' retrieved from /home/airflow/.local/lib/python3.8/site-packages/airflow/example_dags/tutorial_taskflow_api.py
[2026-04-19T00:23:48.595+0000] {logging_mixin.py:188} INFO - [2026-04-19T00:23:48.594+0000] {dag.py:3036} INFO - Sync 1 DAGs
[2026-04-19T00:23:48.611+0000] {logging_mixin.py:188} INFO - [2026-04-19T00:23:48.610+0000] {dag.py:3823} INFO - Setting next_dagrun for tutorial_taskflow_api to None, run_after=None
[2026-04-19T00:23:48.635+0000] {processor.py:183} INFO - Processing /home/airflow/.local/lib/python3.8/site-packages/airflow/example_dags/tutorial_taskflow_api.py took 0.084 seconds
[2026-04-19T00:24:18.787+0000] {processor.py:161} INFO - Started process (PID=12697) to work on /home/airflow/.local/lib/python3.8/site-packages/airflow/example_dags/tutorial_taskflow_api.py
[2026-04-19T00:24:18.789+0000] {processor.py:830} INFO - Processing file /home/airflow/.local/lib/python3.8/site-packages/airflow/example_dags/tutorial_taskflow_api.py for tasks to queue
[2026-04-19T00:24:18.792+0000] {logging_mixin.py:188} INFO - [2026-04-19T00:24:18.791+0000] {dagbag.py:538} INFO - Filling up the DagBag from /home/airflow/.local/lib/python3.8/site-packages/airflow/example_dags/tutorial_taskflow_api.py
[2026-04-19T00:24:18.803+0000] {processor.py:840} INFO - DAG(s) 'tutorial_taskflow_api' retrieved from /home/airflow/.local/lib/python3.8/site-packages/airflow/example_dags/tutorial_taskflow_api.py
[2026-04-19T00:24:18.831+0000] {logging_mixin.py:188} INFO - [2026-04-19T00:24:18.830+0000] {dag.py:3036} INFO - Sync 1 DAGs
[2026-04-19T00:24:18.849+0000] {logging_mixin.py:188} INFO - [2026-04-19T00:24:18.849+0000] {dag.py:3823} INFO - Setting next_dagrun for tutorial_taskflow_api to None, run_after=None
[2026-04-19T00:24:18.874+0000] {processor.py:183} INFO - Processing /home/airflow/.local/lib/python3.8/site-packages/airflow/example_dags/tutorial_taskflow_api.py took 0.093 seconds
