[2026-04-19T00:00:16.889+0000] {processor.py:161} INFO - Started process (PID=10078) to work on /home/airflow/.local/lib/python3.8/site-packages/airflow/example_dags/tutorial_dag.py
[2026-04-19T00:00:16.891+0000] {processor.py:830} INFO - Processing file /home/airflow/.local/lib/python3.8/site-packages/airflow/example_dags/tutorial_dag.py for tasks to queue
[2026-04-19T00:00:16.893+0000] {logging_mixin.py:188} INFO - [2026-04-19T00:00:16.893+0000] {dagbag.py:538} INFO - Filling up the DagBag from /home/airflow/.local/lib/python3.8/site-packages/airflow/example_dags/tutorial_dag.py
[2026-04-19T00:00:16.902+0000] {processor.py:840} INFO - DAG(s) 'tutorial_dag' retrieved from /home/airflow/.local/lib/python3.8/site-packages/airflow/example_dags/tutorial_dag.py
[2026-04-19T00:00:16.932+0000] {logging_mixin.py:188} INFO - [2026-04-19T00:00:16.932+0000] {dag.py:3036} INFO - Sync 1 DAGs
[2026-04-19T00:00:16.950+0000] {logging_mixin.py:188} INFO - [2026-04-19T00:00:16.950+0000] {dag.py:3823} INFO - Setting next_dagrun for tutorial_dag to None, run_after=None
[2026-04-19T00:00:16.975+0000] {processor.py:183} INFO - Processing /home/airflow/.local/lib/python3.8/site-packages/airflow/example_dags/tutorial_dag.py took 0.092 seconds
[2026-04-19T00:00:47.455+0000] {processor.py:161} INFO - Started process (PID=10133) to work on /home/airflow/.local/lib/python3.8/site-packages/airflow/example_dags/tutorial_dag.py
[2026-04-19T00:00:47.456+0000] {processor.py:830} INFO - Processing file /home/airflow/.local/lib/python3.8/site-packages/airflow/example_dags/tutorial_dag.py for tasks to queue
[2026-04-19T00:00:47.459+0000] {logging_mixin.py:188} INFO - [2026-04-19T00:00:47.459+0000] {dagbag.py:538} INFO - Filling up the DagBag from /home/airflow/.local/lib/python3.8/site-packages/airflow/example_dags/tutorial_dag.py
[2026-04-19T00:00:47.467+0000] {processor.py:840} INFO - DAG(s) 'tutorial_dag' retrieved from /home/airflow/.local/lib/python3.8/site-packages/airflow/example_dags/tutorial_dag.py
[2026-04-19T00:00:47.497+0000] {logging_mixin.py:188} INFO - [2026-04-19T00:00:47.497+0000] {dag.py:3036} INFO - Sync 1 DAGs
[2026-04-19T00:00:47.515+0000] {logging_mixin.py:188} INFO - [2026-04-19T00:00:47.515+0000] {dag.py:3823} INFO - Setting next_dagrun for tutorial_dag to None, run_after=None
[2026-04-19T00:00:47.540+0000] {processor.py:183} INFO - Processing /home/airflow/.local/lib/python3.8/site-packages/airflow/example_dags/tutorial_dag.py took 0.091 seconds
[2026-04-19T00:01:17.862+0000] {processor.py:161} INFO - Started process (PID=10188) to work on /home/airflow/.local/lib/python3.8/site-packages/airflow/example_dags/tutorial_dag.py
[2026-04-19T00:01:17.863+0000] {processor.py:830} INFO - Processing file /home/airflow/.local/lib/python3.8/site-packages/airflow/example_dags/tutorial_dag.py for tasks to queue
[2026-04-19T00:01:17.865+0000] {logging_mixin.py:188} INFO - [2026-04-19T00:01:17.865+0000] {dagbag.py:538} INFO - Filling up the DagBag from /home/airflow/.local/lib/python3.8/site-packages/airflow/example_dags/tutorial_dag.py
[2026-04-19T00:01:17.873+0000] {processor.py:840} INFO - DAG(s) 'tutorial_dag' retrieved from /home/airflow/.local/lib/python3.8/site-packages/airflow/example_dags/tutorial_dag.py
[2026-04-19T00:01:17.900+0000] {logging_mixin.py:188} INFO - [2026-04-19T00:01:17.899+0000] {dag.py:3036} INFO - Sync 1 DAGs
[2026-04-19T00:01:17.917+0000] {logging_mixin.py:188} INFO - [2026-04-19T00:01:17.917+0000] {dag.py:3823} INFO - Setting next_dagrun for tutorial_dag to None, run_after=None
[2026-04-19T00:01:17.940+0000] {processor.py:183} INFO - Processing /home/airflow/.local/lib/python3.8/site-packages/airflow/example_dags/tutorial_dag.py took 0.082 seconds
[2026-04-19T00:01:48.227+0000] {processor.py:161} INFO - Started process (PID=10243) to work on /home/airflow/.local/lib/python3.8/site-packages/airflow/example_dags/tutorial_dag.py
[2026-04-19T00:01:48.228+0000] {processor.py:830} INFO - Processing file /home/airflow/.local/lib/python3.8/site-packages/airflow/example_dags/tutorial_dag.py for tasks to queue
[2026-04-19T00:01:48.231+0000] {logging_mixin.py:188} INFO - [2026-04-19T00:01:48.230+0000] {dagbag.py:538} INFO - Filling up the DagBag from /home/airflow/.local/lib/python3.8/site-packages/airflow/example_dags/tutorial_dag.py
[2026-04-19T00:01:48.239+0000] {processor.py:840} INFO - DAG(s) 'tutorial_dag' retrieved from /home/airflow/.local/lib/python3.8/site-packages/airflow/example_dags/tutorial_dag.py
[2026-04-19T00:01:48.269+0000] {logging_mixin.py:188} INFO - [2026-04-19T00:01:48.269+0000] {dag.py:3036} INFO - Sync 1 DAGs
[2026-04-19T00:01:48.289+0000] {logging_mixin.py:188} INFO - [2026-04-19T00:01:48.288+0000] {dag.py:3823} INFO - Setting next_dagrun for tutorial_dag to None, run_after=None
[2026-04-19T00:01:48.314+0000] {processor.py:183} INFO - Processing /home/airflow/.local/lib/python3.8/site-packages/airflow/example_dags/tutorial_dag.py took 0.091 seconds
[2026-04-19T00:02:18.504+0000] {processor.py:161} INFO - Started process (PID=10298) to work on /home/airflow/.local/lib/python3.8/site-packages/airflow/example_dags/tutorial_dag.py
[2026-04-19T00:02:18.506+0000] {processor.py:830} INFO - Processing file /home/airflow/.local/lib/python3.8/site-packages/airflow/example_dags/tutorial_dag.py for tasks to queue
[2026-04-19T00:02:18.508+0000] {logging_mixin.py:188} INFO - [2026-04-19T00:02:18.508+0000] {dagbag.py:538} INFO - Filling up the DagBag from /home/airflow/.local/lib/python3.8/site-packages/airflow/example_dags/tutorial_dag.py
[2026-04-19T00:02:18.516+0000] {processor.py:840} INFO - DAG(s) 'tutorial_dag' retrieved from /home/airflow/.local/lib/python3.8/site-packages/airflow/example_dags/tutorial_dag.py
[2026-04-19T00:02:18.548+0000] {logging_mixin.py:188} INFO - [2026-04-19T00:02:18.548+0000] {dag.py:3036} INFO - Sync 1 DAGs
[2026-04-19T00:02:18.568+0000] {logging_mixin.py:188} INFO - [2026-04-19T00:02:18.567+0000] {dag.py:3823} INFO - Setting next_dagrun for tutorial_dag to None, run_after=None
[2026-04-19T00:02:18.592+0000] {processor.py:183} INFO - Processing /home/airflow/.local/lib/python3.8/site-packages/airflow/example_dags/tutorial_dag.py took 0.092 seconds
[2026-04-19T00:02:48.756+0000] {processor.py:161} INFO - Started process (PID=10353) to work on /home/airflow/.local/lib/python3.8/site-packages/airflow/example_dags/tutorial_dag.py
[2026-04-19T00:02:48.757+0000] {processor.py:830} INFO - Processing file /home/airflow/.local/lib/python3.8/site-packages/airflow/example_dags/tutorial_dag.py for tasks to queue
[2026-04-19T00:02:48.760+0000] {logging_mixin.py:188} INFO - [2026-04-19T00:02:48.759+0000] {dagbag.py:538} INFO - Filling up the DagBag from /home/airflow/.local/lib/python3.8/site-packages/airflow/example_dags/tutorial_dag.py
[2026-04-19T00:02:48.768+0000] {processor.py:840} INFO - DAG(s) 'tutorial_dag' retrieved from /home/airflow/.local/lib/python3.8/site-packages/airflow/example_dags/tutorial_dag.py
[2026-04-19T00:02:48.799+0000] {logging_mixin.py:188} INFO - [2026-04-19T00:02:48.798+0000] {dag.py:3036} INFO - Sync 1 DAGs
[2026-04-19T00:02:48.816+0000] {logging_mixin.py:188} INFO - [2026-04-19T00:02:48.816+0000] {dag.py:3823} INFO - Setting next_dagrun for tutorial_dag to None, run_after=None
[2026-04-19T00:02:48.842+0000] {processor.py:183} INFO - Processing /home/airflow/.local/lib/python3.8/site-packages/airflow/example_dags/tutorial_dag.py took 0.092 seconds
[2026-04-19T00:03:19.122+0000] {processor.py:161} INFO - Started process (PID=10408) to work on /home/airflow/.local/lib/python3.8/site-packages/airflow/example_dags/tutorial_dag.py
[2026-04-19T00:03:19.123+0000] {processor.py:830} INFO - Processing file /home/airflow/.local/lib/python3.8/site-packages/airflow/example_dags/tutorial_dag.py for tasks to queue
[2026-04-19T00:03:19.126+0000] {logging_mixin.py:188} INFO - [2026-04-19T00:03:19.125+0000] {dagbag.py:538} INFO - Filling up the DagBag from /home/airflow/.local/lib/python3.8/site-packages/airflow/example_dags/tutorial_dag.py
[2026-04-19T00:03:19.134+0000] {processor.py:840} INFO - DAG(s) 'tutorial_dag' retrieved from /home/airflow/.local/lib/python3.8/site-packages/airflow/example_dags/tutorial_dag.py
[2026-04-19T00:03:19.164+0000] {logging_mixin.py:188} INFO - [2026-04-19T00:03:19.164+0000] {dag.py:3036} INFO - Sync 1 DAGs
[2026-04-19T00:03:19.184+0000] {logging_mixin.py:188} INFO - [2026-04-19T00:03:19.183+0000] {dag.py:3823} INFO - Setting next_dagrun for tutorial_dag to None, run_after=None
[2026-04-19T00:03:19.209+0000] {processor.py:183} INFO - Processing /home/airflow/.local/lib/python3.8/site-packages/airflow/example_dags/tutorial_dag.py took 0.092 seconds
[2026-04-19T00:03:49.487+0000] {processor.py:161} INFO - Started process (PID=10463) to work on /home/airflow/.local/lib/python3.8/site-packages/airflow/example_dags/tutorial_dag.py
[2026-04-19T00:03:49.489+0000] {processor.py:830} INFO - Processing file /home/airflow/.local/lib/python3.8/site-packages/airflow/example_dags/tutorial_dag.py for tasks to queue
[2026-04-19T00:03:49.491+0000] {logging_mixin.py:188} INFO - [2026-04-19T00:03:49.491+0000] {dagbag.py:538} INFO - Filling up the DagBag from /home/airflow/.local/lib/python3.8/site-packages/airflow/example_dags/tutorial_dag.py
[2026-04-19T00:03:49.500+0000] {processor.py:840} INFO - DAG(s) 'tutorial_dag' retrieved from /home/airflow/.local/lib/python3.8/site-packages/airflow/example_dags/tutorial_dag.py
[2026-04-19T00:03:49.532+0000] {logging_mixin.py:188} INFO - [2026-04-19T00:03:49.532+0000] {dag.py:3036} INFO - Sync 1 DAGs
[2026-04-19T00:03:49.550+0000] {logging_mixin.py:188} INFO - [2026-04-19T00:03:49.550+0000] {dag.py:3823} INFO - Setting next_dagrun for tutorial_dag to None, run_after=None
[2026-04-19T00:03:49.575+0000] {processor.py:183} INFO - Processing /home/airflow/.local/lib/python3.8/site-packages/airflow/example_dags/tutorial_dag.py took 0.094 seconds
[2026-04-19T00:04:20.010+0000] {processor.py:161} INFO - Started process (PID=10518) to work on /home/airflow/.local/lib/python3.8/site-packages/airflow/example_dags/tutorial_dag.py
[2026-04-19T00:04:20.012+0000] {processor.py:830} INFO - Processing file /home/airflow/.local/lib/python3.8/site-packages/airflow/example_dags/tutorial_dag.py for tasks to queue
[2026-04-19T00:04:20.014+0000] {logging_mixin.py:188} INFO - [2026-04-19T00:04:20.014+0000] {dagbag.py:538} INFO - Filling up the DagBag from /home/airflow/.local/lib/python3.8/site-packages/airflow/example_dags/tutorial_dag.py
[2026-04-19T00:04:20.024+0000] {processor.py:840} INFO - DAG(s) 'tutorial_dag' retrieved from /home/airflow/.local/lib/python3.8/site-packages/airflow/example_dags/tutorial_dag.py
[2026-04-19T00:04:20.056+0000] {logging_mixin.py:188} INFO - [2026-04-19T00:04:20.056+0000] {dag.py:3036} INFO - Sync 1 DAGs
[2026-04-19T00:04:20.074+0000] {logging_mixin.py:188} INFO - [2026-04-19T00:04:20.074+0000] {dag.py:3823} INFO - Setting next_dagrun for tutorial_dag to None, run_after=None
[2026-04-19T00:04:20.101+0000] {processor.py:183} INFO - Processing /home/airflow/.local/lib/python3.8/site-packages/airflow/example_dags/tutorial_dag.py took 0.095 seconds
[2026-04-19T00:04:50.300+0000] {processor.py:161} INFO - Started process (PID=10573) to work on /home/airflow/.local/lib/python3.8/site-packages/airflow/example_dags/tutorial_dag.py
[2026-04-19T00:04:50.301+0000] {processor.py:830} INFO - Processing file /home/airflow/.local/lib/python3.8/site-packages/airflow/example_dags/tutorial_dag.py for tasks to queue
[2026-04-19T00:04:50.305+0000] {logging_mixin.py:188} INFO - [2026-04-19T00:04:50.304+0000] {dagbag.py:538} INFO - Filling up the DagBag from /home/airflow/.local/lib/python3.8/site-packages/airflow/example_dags/tutorial_dag.py
[2026-04-19T00:04:50.314+0000] {processor.py:840} INFO - DAG(s) 'tutorial_dag' retrieved from /home/airflow/.local/lib/python3.8/site-packages/airflow/example_dags/tutorial_dag.py
[2026-04-19T00:04:50.354+0000] {logging_mixin.py:188} INFO - [2026-04-19T00:04:50.353+0000] {dag.py:3036} INFO - Sync 1 DAGs
[2026-04-19T00:04:50.377+0000] {logging_mixin.py:188} INFO - [2026-04-19T00:04:50.377+0000] {dag.py:3823} INFO - Setting next_dagrun for tutorial_dag to None, run_after=None
[2026-04-19T00:04:50.417+0000] {processor.py:183} INFO - Processing /home/airflow/.local/lib/python3.8/site-packages/airflow/example_dags/tutorial_dag.py took 0.123 seconds
[2026-04-19T00:05:20.506+0000] {processor.py:161} INFO - Started process (PID=10628) to work on /home/airflow/.local/lib/python3.8/site-packages/airflow/example_dags/tutorial_dag.py
[2026-04-19T00:05:20.507+0000] {processor.py:830} INFO - Processing file /home/airflow/.local/lib/python3.8/site-packages/airflow/example_dags/tutorial_dag.py for tasks to queue
[2026-04-19T00:05:20.509+0000] {logging_mixin.py:188} INFO - [2026-04-19T00:05:20.509+0000] {dagbag.py:538} INFO - Filling up the DagBag from /home/airflow/.local/lib/python3.8/site-packages/airflow/example_dags/tutorial_dag.py
[2026-04-19T00:05:20.516+0000] {processor.py:840} INFO - DAG(s) 'tutorial_dag' retrieved from /home/airflow/.local/lib/python3.8/site-packages/airflow/example_dags/tutorial_dag.py
[2026-04-19T00:05:20.545+0000] {logging_mixin.py:188} INFO - [2026-04-19T00:05:20.545+0000] {dag.py:3036} INFO - Sync 1 DAGs
[2026-04-19T00:05:20.562+0000] {logging_mixin.py:188} INFO - [2026-04-19T00:05:20.561+0000] {dag.py:3823} INFO - Setting next_dagrun for tutorial_dag to None, run_after=None
[2026-04-19T00:05:20.586+0000] {processor.py:183} INFO - Processing /home/airflow/.local/lib/python3.8/site-packages/airflow/example_dags/tutorial_dag.py took 0.084 seconds
[2026-04-19T00:05:50.935+0000] {processor.py:161} INFO - Started process (PID=10683) to work on /home/airflow/.local/lib/python3.8/site-packages/airflow/example_dags/tutorial_dag.py
[2026-04-19T00:05:50.937+0000] {processor.py:830} INFO - Processing file /home/airflow/.local/lib/python3.8/site-packages/airflow/example_dags/tutorial_dag.py for tasks to queue
[2026-04-19T00:05:50.939+0000] {logging_mixin.py:188} INFO - [2026-04-19T00:05:50.939+0000] {dagbag.py:538} INFO - Filling up the DagBag from /home/airflow/.local/lib/python3.8/site-packages/airflow/example_dags/tutorial_dag.py
[2026-04-19T00:05:50.949+0000] {processor.py:840} INFO - DAG(s) 'tutorial_dag' retrieved from /home/airflow/.local/lib/python3.8/site-packages/airflow/example_dags/tutorial_dag.py
[2026-04-19T00:05:50.981+0000] {logging_mixin.py:188} INFO - [2026-04-19T00:05:50.981+0000] {dag.py:3036} INFO - Sync 1 DAGs
[2026-04-19T00:05:51.000+0000] {logging_mixin.py:188} INFO - [2026-04-19T00:05:51.000+0000] {dag.py:3823} INFO - Setting next_dagrun for tutorial_dag to None, run_after=None
[2026-04-19T00:05:51.024+0000] {processor.py:183} INFO - Processing /home/airflow/.local/lib/python3.8/site-packages/airflow/example_dags/tutorial_dag.py took 0.095 seconds
[2026-04-19T00:06:21.379+0000] {processor.py:161} INFO - Started process (PID=10738) to work on /home/airflow/.local/lib/python3.8/site-packages/airflow/example_dags/tutorial_dag.py
[2026-04-19T00:06:21.381+0000] {processor.py:830} INFO - Processing file /home/airflow/.local/lib/python3.8/site-packages/airflow/example_dags/tutorial_dag.py for tasks to queue
[2026-04-19T00:06:21.384+0000] {logging_mixin.py:188} INFO - [2026-04-19T00:06:21.383+0000] {dagbag.py:538} INFO - Filling up the DagBag from /home/airflow/.local/lib/python3.8/site-packages/airflow/example_dags/tutorial_dag.py
[2026-04-19T00:06:21.392+0000] {processor.py:840} INFO - DAG(s) 'tutorial_dag' retrieved from /home/airflow/.local/lib/python3.8/site-packages/airflow/example_dags/tutorial_dag.py
[2026-04-19T00:06:21.424+0000] {logging_mixin.py:188} INFO - [2026-04-19T00:06:21.424+0000] {dag.py:3036} INFO - Sync 1 DAGs
[2026-04-19T00:06:21.443+0000] {logging_mixin.py:188} INFO - [2026-04-19T00:06:21.443+0000] {dag.py:3823} INFO - Setting next_dagrun for tutorial_dag to None, run_after=None
[2026-04-19T00:06:21.469+0000] {processor.py:183} INFO - Processing /home/airflow/.local/lib/python3.8/site-packages/airflow/example_dags/tutorial_dag.py took 0.095 seconds
[2026-04-19T00:06:51.577+0000] {processor.py:161} INFO - Started process (PID=10793) to work on /home/airflow/.local/lib/python3.8/site-packages/airflow/example_dags/tutorial_dag.py
[2026-04-19T00:06:51.579+0000] {processor.py:830} INFO - Processing file /home/airflow/.local/lib/python3.8/site-packages/airflow/example_dags/tutorial_dag.py for tasks to queue
[2026-04-19T00:06:51.581+0000] {logging_mixin.py:188} INFO - [2026-04-19T00:06:51.580+0000] {dagbag.py:538} INFO - Filling up the DagBag from /home/airflow/.local/lib/python3.8/site-packages/airflow/example_dags/tutorial_dag.py
[2026-04-19T00:06:51.588+0000] {processor.py:840} INFO - DAG(s) 'tutorial_dag' retrieved from /home/airflow/.local/lib/python3.8/site-packages/airflow/example_dags/tutorial_dag.py
[2026-04-19T00:06:51.617+0000] {logging_mixin.py:188} INFO - [2026-04-19T00:06:51.616+0000] {dag.py:3036} INFO - Sync 1 DAGs
[2026-04-19T00:06:51.633+0000] {logging_mixin.py:188} INFO - [2026-04-19T00:06:51.633+0000] {dag.py:3823} INFO - Setting next_dagrun for tutorial_dag to None, run_after=None
[2026-04-19T00:06:51.656+0000] {processor.py:183} INFO - Processing /home/airflow/.local/lib/python3.8/site-packages/airflow/example_dags/tutorial_dag.py took 0.083 seconds
[2026-04-19T00:07:22.050+0000] {processor.py:161} INFO - Started process (PID=10848) to work on /home/airflow/.local/lib/python3.8/site-packages/airflow/example_dags/tutorial_dag.py
[2026-04-19T00:07:22.052+0000] {processor.py:830} INFO - Processing file /home/airflow/.local/lib/python3.8/site-packages/airflow/example_dags/tutorial_dag.py for tasks to queue
[2026-04-19T00:07:22.054+0000] {logging_mixin.py:188} INFO - [2026-04-19T00:07:22.054+0000] {dagbag.py:538} INFO - Filling up the DagBag from /home/airflow/.local/lib/python3.8/site-packages/airflow/example_dags/tutorial_dag.py
[2026-04-19T00:07:22.062+0000] {processor.py:840} INFO - DAG(s) 'tutorial_dag' retrieved from /home/airflow/.local/lib/python3.8/site-packages/airflow/example_dags/tutorial_dag.py
[2026-04-19T00:07:22.096+0000] {logging_mixin.py:188} INFO - [2026-04-19T00:07:22.095+0000] {dag.py:3036} INFO - Sync 1 DAGs
[2026-04-19T00:07:22.115+0000] {logging_mixin.py:188} INFO - [2026-04-19T00:07:22.114+0000] {dag.py:3823} INFO - Setting next_dagrun for tutorial_dag to None, run_after=None
[2026-04-19T00:07:22.136+0000] {processor.py:183} INFO - Processing /home/airflow/.local/lib/python3.8/site-packages/airflow/example_dags/tutorial_dag.py took 0.091 seconds
[2026-04-19T00:07:52.252+0000] {processor.py:161} INFO - Started process (PID=10903) to work on /home/airflow/.local/lib/python3.8/site-packages/airflow/example_dags/tutorial_dag.py
[2026-04-19T00:07:52.253+0000] {processor.py:830} INFO - Processing file /home/airflow/.local/lib/python3.8/site-packages/airflow/example_dags/tutorial_dag.py for tasks to queue
[2026-04-19T00:07:52.255+0000] {logging_mixin.py:188} INFO - [2026-04-19T00:07:52.255+0000] {dagbag.py:538} INFO - Filling up the DagBag from /home/airflow/.local/lib/python3.8/site-packages/airflow/example_dags/tutorial_dag.py
[2026-04-19T00:07:52.263+0000] {processor.py:840} INFO - DAG(s) 'tutorial_dag' retrieved from /home/airflow/.local/lib/python3.8/site-packages/airflow/example_dags/tutorial_dag.py
[2026-04-19T00:07:52.293+0000] {logging_mixin.py:188} INFO - [2026-04-19T00:07:52.293+0000] {dag.py:3036} INFO - Sync 1 DAGs
[2026-04-19T00:07:52.311+0000] {logging_mixin.py:188} INFO - [2026-04-19T00:07:52.311+0000] {dag.py:3823} INFO - Setting next_dagrun for tutorial_dag to None, run_after=None
[2026-04-19T00:07:52.335+0000] {processor.py:183} INFO - Processing /home/airflow/.local/lib/python3.8/site-packages/airflow/example_dags/tutorial_dag.py took 0.088 seconds
[2026-04-19T00:08:22.493+0000] {processor.py:161} INFO - Started process (PID=10958) to work on /home/airflow/.local/lib/python3.8/site-packages/airflow/example_dags/tutorial_dag.py
[2026-04-19T00:08:22.495+0000] {processor.py:830} INFO - Processing file /home/airflow/.local/lib/python3.8/site-packages/airflow/example_dags/tutorial_dag.py for tasks to queue
[2026-04-19T00:08:22.498+0000] {logging_mixin.py:188} INFO - [2026-04-19T00:08:22.498+0000] {dagbag.py:538} INFO - Filling up the DagBag from /home/airflow/.local/lib/python3.8/site-packages/airflow/example_dags/tutorial_dag.py
[2026-04-19T00:08:22.507+0000] {processor.py:840} INFO - DAG(s) 'tutorial_dag' retrieved from /home/airflow/.local/lib/python3.8/site-packages/airflow/example_dags/tutorial_dag.py
[2026-04-19T00:08:22.536+0000] {logging_mixin.py:188} INFO - [2026-04-19T00:08:22.536+0000] {dag.py:3036} INFO - Sync 1 DAGs
[2026-04-19T00:08:22.553+0000] {logging_mixin.py:188} INFO - [2026-04-19T00:08:22.553+0000] {dag.py:3823} INFO - Setting next_dagrun for tutorial_dag to None, run_after=None
[2026-04-19T00:08:22.575+0000] {processor.py:183} INFO - Processing /home/airflow/.local/lib/python3.8/site-packages/airflow/example_dags/tutorial_dag.py took 0.088 seconds
[2026-04-19T00:08:52.970+0000] {processor.py:161} INFO - Started process (PID=11013) to work on /home/airflow/.local/lib/python3.8/site-packages/airflow/example_dags/tutorial_dag.py
[2026-04-19T00:08:52.971+0000] {processor.py:830} INFO - Processing file /home/airflow/.local/lib/python3.8/site-packages/airflow/example_dags/tutorial_dag.py for tasks to queue
[2026-04-19T00:08:52.973+0000] {logging_mixin.py:188} INFO - [2026-04-19T00:08:52.973+0000] {dagbag.py:538} INFO - Filling up the DagBag from /home/airflow/.local/lib/python3.8/site-packages/airflow/example_dags/tutorial_dag.py
[2026-04-19T00:08:52.981+0000] {processor.py:840} INFO - DAG(s) 'tutorial_dag' retrieved from /home/airflow/.local/lib/python3.8/site-packages/airflow/example_dags/tutorial_dag.py
[2026-04-19T00:08:53.012+0000] {logging_mixin.py:188} INFO - [2026-04-19T00:08:53.012+0000] {dag.py:3036} INFO - Sync 1 DAGs
[2026-04-19T00:08:53.030+0000] {logging_mixin.py:188} INFO - [2026-04-19T00:08:53.030+0000] {dag.py:3823} INFO - Setting next_dagrun for tutorial_dag to None, run_after=None
[2026-04-19T00:08:53.056+0000] {processor.py:183} INFO - Processing /home/airflow/.local/lib/python3.8/site-packages/airflow/example_dags/tutorial_dag.py took 0.091 seconds
[2026-04-19T00:09:23.240+0000] {processor.py:161} INFO - Started process (PID=11068) to work on /home/airflow/.local/lib/python3.8/site-packages/airflow/example_dags/tutorial_dag.py
[2026-04-19T00:09:23.241+0000] {processor.py:830} INFO - Processing file /home/airflow/.local/lib/python3.8/site-packages/airflow/example_dags/tutorial_dag.py for tasks to queue
[2026-04-19T00:09:23.244+0000] {logging_mixin.py:188} INFO - [2026-04-19T00:09:23.243+0000] {dagbag.py:538} INFO - Filling up the DagBag from /home/airflow/.local/lib/python3.8/site-packages/airflow/example_dags/tutorial_dag.py
[2026-04-19T00:09:23.251+0000] {processor.py:840} INFO - DAG(s) 'tutorial_dag' retrieved from /home/airflow/.local/lib/python3.8/site-packages/airflow/example_dags/tutorial_dag.py
[2026-04-19T00:09:23.283+0000] {logging_mixin.py:188} INFO - [2026-04-19T00:09:23.282+0000] {dag.py:3036} INFO - Sync 1 DAGs
[2026-04-19T00:09:23.300+0000] {logging_mixin.py:188} INFO - [2026-04-19T00:09:23.300+0000] {dag.py:3823} INFO - Setting next_dagrun for tutorial_dag to None, run_after=None
[2026-04-19T00:09:23.325+0000] {processor.py:183} INFO - Processing /home/airflow/.local/lib/python3.8/site-packages/airflow/example_dags/tutorial_dag.py took 0.090 seconds
[2026-04-19T00:09:53.730+0000] {processor.py:161} INFO - Started process (PID=11123) to work on /home/airflow/.local/lib/python3.8/site-packages/airflow/example_dags/tutorial_dag.py
[2026-04-19T00:09:53.732+0000] {processor.py:830} INFO - Processing file /home/airflow/.local/lib/python3.8/site-packages/airflow/example_dags/tutorial_dag.py for tasks to queue
[2026-04-19T00:09:53.735+0000] {logging_mixin.py:188} INFO - [2026-04-19T00:09:53.734+0000] {dagbag.py:538} INFO - Filling up the DagBag from /home/airflow/.local/lib/python3.8/site-packages/airflow/example_dags/tutorial_dag.py
[2026-04-19T00:09:53.743+0000] {processor.py:840} INFO - DAG(s) 'tutorial_dag' retrieved from /home/airflow/.local/lib/python3.8/site-packages/airflow/example_dags/tutorial_dag.py
[2026-04-19T00:09:53.775+0000] {logging_mixin.py:188} INFO - [2026-04-19T00:09:53.775+0000] {dag.py:3036} INFO - Sync 1 DAGs
[2026-04-19T00:09:53.795+0000] {logging_mixin.py:188} INFO - [2026-04-19T00:09:53.795+0000] {dag.py:3823} INFO - Setting next_dagrun for tutorial_dag to None, run_after=None
[2026-04-19T00:09:53.821+0000] {processor.py:183} INFO - Processing /home/airflow/.local/lib/python3.8/site-packages/airflow/example_dags/tutorial_dag.py took 0.096 seconds
[2026-04-19T00:10:24.259+0000] {processor.py:161} INFO - Started process (PID=11178) to work on /home/airflow/.local/lib/python3.8/site-packages/airflow/example_dags/tutorial_dag.py
[2026-04-19T00:10:24.260+0000] {processor.py:830} INFO - Processing file /home/airflow/.local/lib/python3.8/site-packages/airflow/example_dags/tutorial_dag.py for tasks to queue
[2026-04-19T00:10:24.262+0000] {logging_mixin.py:188} INFO - [2026-04-19T00:10:24.262+0000] {dagbag.py:538} INFO - Filling up the DagBag from /home/airflow/.local/lib/python3.8/site-packages/airflow/example_dags/tutorial_dag.py
[2026-04-19T00:10:24.270+0000] {processor.py:840} INFO - DAG(s) 'tutorial_dag' retrieved from /home/airflow/.local/lib/python3.8/site-packages/airflow/example_dags/tutorial_dag.py
[2026-04-19T00:10:24.302+0000] {logging_mixin.py:188} INFO - [2026-04-19T00:10:24.302+0000] {dag.py:3036} INFO - Sync 1 DAGs
[2026-04-19T00:10:24.320+0000] {logging_mixin.py:188} INFO - [2026-04-19T00:10:24.319+0000] {dag.py:3823} INFO - Setting next_dagrun for tutorial_dag to None, run_after=None
[2026-04-19T00:10:24.345+0000] {processor.py:183} INFO - Processing /home/airflow/.local/lib/python3.8/site-packages/airflow/example_dags/tutorial_dag.py took 0.092 seconds
[2026-04-19T00:10:54.713+0000] {processor.py:161} INFO - Started process (PID=11233) to work on /home/airflow/.local/lib/python3.8/site-packages/airflow/example_dags/tutorial_dag.py
[2026-04-19T00:10:54.715+0000] {processor.py:830} INFO - Processing file /home/airflow/.local/lib/python3.8/site-packages/airflow/example_dags/tutorial_dag.py for tasks to queue
[2026-04-19T00:10:54.718+0000] {logging_mixin.py:188} INFO - [2026-04-19T00:10:54.717+0000] {dagbag.py:538} INFO - Filling up the DagBag from /home/airflow/.local/lib/python3.8/site-packages/airflow/example_dags/tutorial_dag.py
[2026-04-19T00:10:54.729+0000] {processor.py:840} INFO - DAG(s) 'tutorial_dag' retrieved from /home/airflow/.local/lib/python3.8/site-packages/airflow/example_dags/tutorial_dag.py
[2026-04-19T00:10:54.765+0000] {logging_mixin.py:188} INFO - [2026-04-19T00:10:54.764+0000] {dag.py:3036} INFO - Sync 1 DAGs
[2026-04-19T00:10:54.787+0000] {logging_mixin.py:188} INFO - [2026-04-19T00:10:54.787+0000] {dag.py:3823} INFO - Setting next_dagrun for tutorial_dag to None, run_after=None
[2026-04-19T00:10:54.821+0000] {processor.py:183} INFO - Processing /home/airflow/.local/lib/python3.8/site-packages/airflow/example_dags/tutorial_dag.py took 0.113 seconds
[2026-04-19T00:11:25.171+0000] {processor.py:161} INFO - Started process (PID=11288) to work on /home/airflow/.local/lib/python3.8/site-packages/airflow/example_dags/tutorial_dag.py
[2026-04-19T00:11:25.172+0000] {processor.py:830} INFO - Processing file /home/airflow/.local/lib/python3.8/site-packages/airflow/example_dags/tutorial_dag.py for tasks to queue
[2026-04-19T00:11:25.175+0000] {logging_mixin.py:188} INFO - [2026-04-19T00:11:25.174+0000] {dagbag.py:538} INFO - Filling up the DagBag from /home/airflow/.local/lib/python3.8/site-packages/airflow/example_dags/tutorial_dag.py
[2026-04-19T00:11:25.182+0000] {processor.py:840} INFO - DAG(s) 'tutorial_dag' retrieved from /home/airflow/.local/lib/python3.8/site-packages/airflow/example_dags/tutorial_dag.py
[2026-04-19T00:11:25.213+0000] {logging_mixin.py:188} INFO - [2026-04-19T00:11:25.212+0000] {dag.py:3036} INFO - Sync 1 DAGs
[2026-04-19T00:11:25.231+0000] {logging_mixin.py:188} INFO - [2026-04-19T00:11:25.230+0000] {dag.py:3823} INFO - Setting next_dagrun for tutorial_dag to None, run_after=None
[2026-04-19T00:11:25.255+0000] {processor.py:183} INFO - Processing /home/airflow/.local/lib/python3.8/site-packages/airflow/example_dags/tutorial_dag.py took 0.088 seconds
[2026-04-19T00:11:55.776+0000] {processor.py:161} INFO - Started process (PID=11343) to work on /home/airflow/.local/lib/python3.8/site-packages/airflow/example_dags/tutorial_dag.py
[2026-04-19T00:11:55.777+0000] {processor.py:830} INFO - Processing file /home/airflow/.local/lib/python3.8/site-packages/airflow/example_dags/tutorial_dag.py for tasks to queue
[2026-04-19T00:11:55.779+0000] {logging_mixin.py:188} INFO - [2026-04-19T00:11:55.779+0000] {dagbag.py:538} INFO - Filling up the DagBag from /home/airflow/.local/lib/python3.8/site-packages/airflow/example_dags/tutorial_dag.py
[2026-04-19T00:11:55.787+0000] {processor.py:840} INFO - DAG(s) 'tutorial_dag' retrieved from /home/airflow/.local/lib/python3.8/site-packages/airflow/example_dags/tutorial_dag.py
[2026-04-19T00:11:55.818+0000] {logging_mixin.py:188} INFO - [2026-04-19T00:11:55.817+0000] {dag.py:3036} INFO - Sync 1 DAGs
[2026-04-19T00:11:55.836+0000] {logging_mixin.py:188} INFO - [2026-04-19T00:11:55.835+0000] {dag.py:3823} INFO - Setting next_dagrun for tutorial_dag to None, run_after=None
[2026-04-19T00:11:55.859+0000] {processor.py:183} INFO - Processing /home/airflow/.local/lib/python3.8/site-packages/airflow/example_dags/tutorial_dag.py took 0.088 seconds
[2026-04-19T00:12:26.114+0000] {processor.py:161} INFO - Started process (PID=11398) to work on /home/airflow/.local/lib/python3.8/site-packages/airflow/example_dags/tutorial_dag.py
[2026-04-19T00:12:26.115+0000] {processor.py:830} INFO - Processing file /home/airflow/.local/lib/python3.8/site-packages/airflow/example_dags/tutorial_dag.py for tasks to queue
[2026-04-19T00:12:26.118+0000] {logging_mixin.py:188} INFO - [2026-04-19T00:12:26.118+0000] {dagbag.py:538} INFO - Filling up the DagBag from /home/airflow/.local/lib/python3.8/site-packages/airflow/example_dags/tutorial_dag.py
[2026-04-19T00:12:26.126+0000] {processor.py:840} INFO - DAG(s) 'tutorial_dag' retrieved from /home/airflow/.local/lib/python3.8/site-packages/airflow/example_dags/tutorial_dag.py
[2026-04-19T00:12:26.159+0000] {logging_mixin.py:188} INFO - [2026-04-19T00:12:26.159+0000] {dag.py:3036} INFO - Sync 1 DAGs
[2026-04-19T00:12:26.177+0000] {logging_mixin.py:188} INFO - [2026-04-19T00:12:26.177+0000] {dag.py:3823} INFO - Setting next_dagrun for tutorial_dag to None, run_after=None
[2026-04-19T00:12:26.204+0000] {processor.py:183} INFO - Processing /home/airflow/.local/lib/python3.8/site-packages/airflow/example_dags/tutorial_dag.py took 0.095 seconds
[2026-04-19T00:12:56.427+0000] {processor.py:161} INFO - Started process (PID=11453) to work on /home/airflow/.local/lib/python3.8/site-packages/airflow/example_dags/tutorial_dag.py
[2026-04-19T00:12:56.429+0000] {processor.py:830} INFO - Processing file /home/airflow/.local/lib/python3.8/site-packages/airflow/example_dags/tutorial_dag.py for tasks to queue
[2026-04-19T00:12:56.431+0000] {logging_mixin.py:188} INFO - [2026-04-19T00:12:56.431+0000] {dagbag.py:538} INFO - Filling up the DagBag from /home/airflow/.local/lib/python3.8/site-packages/airflow/example_dags/tutorial_dag.py
[2026-04-19T00:12:56.440+0000] {processor.py:840} INFO - DAG(s) 'tutorial_dag' retrieved from /home/airflow/.local/lib/python3.8/site-packages/airflow/example_dags/tutorial_dag.py
[2026-04-19T00:12:56.470+0000] {logging_mixin.py:188} INFO - [2026-04-19T00:12:56.470+0000] {dag.py:3036} INFO - Sync 1 DAGs
[2026-04-19T00:12:56.487+0000] {logging_mixin.py:188} INFO - [2026-04-19T00:12:56.487+0000] {dag.py:3823} INFO - Setting next_dagrun for tutorial_dag to None, run_after=None
[2026-04-19T00:12:56.513+0000] {processor.py:183} INFO - Processing /home/airflow/.local/lib/python3.8/site-packages/airflow/example_dags/tutorial_dag.py took 0.091 seconds
[2026-04-19T00:13:27.031+0000] {processor.py:161} INFO - Started process (PID=11508) to work on /home/airflow/.local/lib/python3.8/site-packages/airflow/example_dags/tutorial_dag.py
[2026-04-19T00:13:27.033+0000] {processor.py:830} INFO - Processing file /home/airflow/.local/lib/python3.8/site-packages/airflow/example_dags/tutorial_dag.py for tasks to queue
[2026-04-19T00:13:27.035+0000] {logging_mixin.py:188} INFO - [2026-04-19T00:13:27.035+0000] {dagbag.py:538} INFO - Filling up the DagBag from /home/airflow/.local/lib/python3.8/site-packages/airflow/example_dags/tutorial_dag.py
[2026-04-19T00:13:27.044+0000] {processor.py:840} INFO - DAG(s) 'tutorial_dag' retrieved from /home/airflow/.local/lib/python3.8/site-packages/airflow/example_dags/tutorial_dag.py
[2026-04-19T00:13:27.076+0000] {logging_mixin.py:188} INFO - [2026-04-19T00:13:27.075+0000] {dag.py:3036} INFO - Sync 1 DAGs
[2026-04-19T00:13:27.094+0000] {logging_mixin.py:188} INFO - [2026-04-19T00:13:27.094+0000] {dag.py:3823} INFO - Setting next_dagrun for tutorial_dag to None, run_after=None
[2026-04-19T00:13:27.119+0000] {processor.py:183} INFO - Processing /home/airflow/.local/lib/python3.8/site-packages/airflow/example_dags/tutorial_dag.py took 0.094 seconds
[2026-04-19T00:13:57.557+0000] {processor.py:161} INFO - Started process (PID=11563) to work on /home/airflow/.local/lib/python3.8/site-packages/airflow/example_dags/tutorial_dag.py
[2026-04-19T00:13:57.559+0000] {processor.py:830} INFO - Processing file /home/airflow/.local/lib/python3.8/site-packages/airflow/example_dags/tutorial_dag.py for tasks to queue
[2026-04-19T00:13:57.561+0000] {logging_mixin.py:188} INFO - [2026-04-19T00:13:57.561+0000] {dagbag.py:538} INFO - Filling up the DagBag from /home/airflow/.local/lib/python3.8/site-packages/airflow/example_dags/tutorial_dag.py
[2026-04-19T00:13:57.569+0000] {processor.py:840} INFO - DAG(s) 'tutorial_dag' retrieved from /home/airflow/.local/lib/python3.8/site-packages/airflow/example_dags/tutorial_dag.py
[2026-04-19T00:13:57.600+0000] {logging_mixin.py:188} INFO - [2026-04-19T00:13:57.599+0000] {dag.py:3036} INFO - Sync 1 DAGs
[2026-04-19T00:13:57.619+0000] {logging_mixin.py:188} INFO - [2026-04-19T00:13:57.618+0000] {dag.py:3823} INFO - Setting next_dagrun for tutorial_dag to None, run_after=None
[2026-04-19T00:13:57.644+0000] {processor.py:183} INFO - Processing /home/airflow/.local/lib/python3.8/site-packages/airflow/example_dags/tutorial_dag.py took 0.092 seconds
[2026-04-19T00:14:28.035+0000] {processor.py:161} INFO - Started process (PID=11618) to work on /home/airflow/.local/lib/python3.8/site-packages/airflow/example_dags/tutorial_dag.py
[2026-04-19T00:14:28.037+0000] {processor.py:830} INFO - Processing file /home/airflow/.local/lib/python3.8/site-packages/airflow/example_dags/tutorial_dag.py for tasks to queue
[2026-04-19T00:14:28.039+0000] {logging_mixin.py:188} INFO - [2026-04-19T00:14:28.039+0000] {dagbag.py:538} INFO - Filling up the DagBag from /home/airflow/.local/lib/python3.8/site-packages/airflow/example_dags/tutorial_dag.py
[2026-04-19T00:14:28.048+0000] {processor.py:840} INFO - DAG(s) 'tutorial_dag' retrieved from /home/airflow/.local/lib/python3.8/site-packages/airflow/example_dags/tutorial_dag.py
[2026-04-19T00:14:28.080+0000] {logging_mixin.py:188} INFO - [2026-04-19T00:14:28.080+0000] {dag.py:3036} INFO - Sync 1 DAGs
[2026-04-19T00:14:28.099+0000] {logging_mixin.py:188} INFO - [2026-04-19T00:14:28.099+0000] {dag.py:3823} INFO - Setting next_dagrun for tutorial_dag to None, run_after=None
[2026-04-19T00:14:28.123+0000] {processor.py:183} INFO - Processing /home/airflow/.local/lib/python3.8/site-packages/airflow/example_dags/tutorial_dag.py took 0.093 seconds
[2026-04-19T00:14:58.413+0000] {processor.py:161} INFO - Started process (PID=11673) to work on /home/airflow/.local/lib/python3.8/site-packages/airflow/example_dags/tutorial_dag.py
[2026-04-19T00:14:58.415+0000] {processor.py:830} INFO - Processing file /home/airflow/.local/lib/python3.8/site-packages/airflow/example_dags/tutorial_dag.py for tasks to queue
[2026-04-19T00:14:58.417+0000] {logging_mixin.py:188} INFO - [2026-04-19T00:14:58.416+0000] {dagbag.py:538} INFO - Filling up the DagBag from /home/airflow/.local/lib/python3.8/site-packages/airflow/example_dags/tutorial_dag.py
[2026-04-19T00:14:58.425+0000] {processor.py:840} INFO - DAG(s) 'tutorial_dag' retrieved from /home/airflow/.local/lib/python3.8/site-packages/airflow/example_dags/tutorial_dag.py
[2026-04-19T00:14:58.457+0000] {logging_mixin.py:188} INFO - [2026-04-19T00:14:58.457+0000] {dag.py:3036} INFO - Sync 1 DAGs
[2026-04-19T00:14:58.476+0000] {logging_mixin.py:188} INFO - [2026-04-19T00:14:58.475+0000] {dag.py:3823} INFO - Setting next_dagrun for tutorial_dag to None, run_after=None
[2026-04-19T00:14:58.500+0000] {processor.py:183} INFO - Processing /home/airflow/.local/lib/python3.8/site-packages/airflow/example_dags/tutorial_dag.py took 0.092 seconds
[2026-04-19T00:15:28.949+0000] {processor.py:161} INFO - Started process (PID=11729) to work on /home/airflow/.local/lib/python3.8/site-packages/airflow/example_dags/tutorial_dag.py
[2026-04-19T00:15:28.951+0000] {processor.py:830} INFO - Processing file /home/airflow/.local/lib/python3.8/site-packages/airflow/example_dags/tutorial_dag.py for tasks to queue
[2026-04-19T00:15:28.954+0000] {logging_mixin.py:188} INFO - [2026-04-19T00:15:28.953+0000] {dagbag.py:538} INFO - Filling up the DagBag from /home/airflow/.local/lib/python3.8/site-packages/airflow/example_dags/tutorial_dag.py
[2026-04-19T00:15:28.963+0000] {processor.py:840} INFO - DAG(s) 'tutorial_dag' retrieved from /home/airflow/.local/lib/python3.8/site-packages/airflow/example_dags/tutorial_dag.py
[2026-04-19T00:15:28.995+0000] {logging_mixin.py:188} INFO - [2026-04-19T00:15:28.995+0000] {dag.py:3036} INFO - Sync 1 DAGs
[2026-04-19T00:15:29.013+0000] {logging_mixin.py:188} INFO - [2026-04-19T00:15:29.013+0000] {dag.py:3823} INFO - Setting next_dagrun for tutorial_dag to None, run_after=None
[2026-04-19T00:15:29.038+0000] {processor.py:183} INFO - Processing /home/airflow/.local/lib/python3.8/site-packages/airflow/example_dags/tutorial_dag.py took 0.094 seconds
[2026-04-19T00:15:59.445+0000] {processor.py:161} INFO - Started process (PID=11784) to work on /home/airflow/.local/lib/python3.8/site-packages/airflow/example_dags/tutorial_dag.py
[2026-04-19T00:15:59.446+0000] {processor.py:830} INFO - Processing file /home/airflow/.local/lib/python3.8/site-packages/airflow/example_dags/tutorial_dag.py for tasks to queue
[2026-04-19T00:15:59.448+0000] {logging_mixin.py:188} INFO - [2026-04-19T00:15:59.447+0000] {dagbag.py:538} INFO - Filling up the DagBag from /home/airflow/.local/lib/python3.8/site-packages/airflow/example_dags/tutorial_dag.py
[2026-04-19T00:15:59.454+0000] {processor.py:840} INFO - DAG(s) 'tutorial_dag' retrieved from /home/airflow/.local/lib/python3.8/site-packages/airflow/example_dags/tutorial_dag.py
[2026-04-19T00:15:59.478+0000] {logging_mixin.py:188} INFO - [2026-04-19T00:15:59.478+0000] {dag.py:3036} INFO - Sync 1 DAGs
[2026-04-19T00:15:59.493+0000] {logging_mixin.py:188} INFO - [2026-04-19T00:15:59.493+0000] {dag.py:3823} INFO - Setting next_dagrun for tutorial_dag to None, run_after=None
[2026-04-19T00:15:59.511+0000] {processor.py:183} INFO - Processing /home/airflow/.local/lib/python3.8/site-packages/airflow/example_dags/tutorial_dag.py took 0.070 seconds
[2026-04-19T00:16:30.124+0000] {processor.py:161} INFO - Started process (PID=11839) to work on /home/airflow/.local/lib/python3.8/site-packages/airflow/example_dags/tutorial_dag.py
[2026-04-19T00:16:30.125+0000] {processor.py:830} INFO - Processing file /home/airflow/.local/lib/python3.8/site-packages/airflow/example_dags/tutorial_dag.py for tasks to queue
[2026-04-19T00:16:30.128+0000] {logging_mixin.py:188} INFO - [2026-04-19T00:16:30.127+0000] {dagbag.py:538} INFO - Filling up the DagBag from /home/airflow/.local/lib/python3.8/site-packages/airflow/example_dags/tutorial_dag.py
[2026-04-19T00:16:30.136+0000] {processor.py:840} INFO - DAG(s) 'tutorial_dag' retrieved from /home/airflow/.local/lib/python3.8/site-packages/airflow/example_dags/tutorial_dag.py
[2026-04-19T00:16:30.167+0000] {logging_mixin.py:188} INFO - [2026-04-19T00:16:30.166+0000] {dag.py:3036} INFO - Sync 1 DAGs
[2026-04-19T00:16:30.189+0000] {logging_mixin.py:188} INFO - [2026-04-19T00:16:30.188+0000] {dag.py:3823} INFO - Setting next_dagrun for tutorial_dag to None, run_after=None
[2026-04-19T00:16:30.216+0000] {processor.py:183} INFO - Processing /home/airflow/.local/lib/python3.8/site-packages/airflow/example_dags/tutorial_dag.py took 0.097 seconds
[2026-04-19T00:17:00.490+0000] {processor.py:161} INFO - Started process (PID=11894) to work on /home/airflow/.local/lib/python3.8/site-packages/airflow/example_dags/tutorial_dag.py
[2026-04-19T00:17:00.492+0000] {processor.py:830} INFO - Processing file /home/airflow/.local/lib/python3.8/site-packages/airflow/example_dags/tutorial_dag.py for tasks to queue
[2026-04-19T00:17:00.495+0000] {logging_mixin.py:188} INFO - [2026-04-19T00:17:00.494+0000] {dagbag.py:538} INFO - Filling up the DagBag from /home/airflow/.local/lib/python3.8/site-packages/airflow/example_dags/tutorial_dag.py
[2026-04-19T00:17:00.503+0000] {processor.py:840} INFO - DAG(s) 'tutorial_dag' retrieved from /home/airflow/.local/lib/python3.8/site-packages/airflow/example_dags/tutorial_dag.py
[2026-04-19T00:17:00.535+0000] {logging_mixin.py:188} INFO - [2026-04-19T00:17:00.535+0000] {dag.py:3036} INFO - Sync 1 DAGs
[2026-04-19T00:17:00.553+0000] {logging_mixin.py:188} INFO - [2026-04-19T00:17:00.553+0000] {dag.py:3823} INFO - Setting next_dagrun for tutorial_dag to None, run_after=None
[2026-04-19T00:17:00.577+0000] {processor.py:183} INFO - Processing /home/airflow/.local/lib/python3.8/site-packages/airflow/example_dags/tutorial_dag.py took 0.092 seconds
[2026-04-19T00:17:30.846+0000] {processor.py:161} INFO - Started process (PID=11949) to work on /home/airflow/.local/lib/python3.8/site-packages/airflow/example_dags/tutorial_dag.py
[2026-04-19T00:17:30.848+0000] {processor.py:830} INFO - Processing file /home/airflow/.local/lib/python3.8/site-packages/airflow/example_dags/tutorial_dag.py for tasks to queue
[2026-04-19T00:17:30.850+0000] {logging_mixin.py:188} INFO - [2026-04-19T00:17:30.850+0000] {dagbag.py:538} INFO - Filling up the DagBag from /home/airflow/.local/lib/python3.8/site-packages/airflow/example_dags/tutorial_dag.py
[2026-04-19T00:17:30.858+0000] {processor.py:840} INFO - DAG(s) 'tutorial_dag' retrieved from /home/airflow/.local/lib/python3.8/site-packages/airflow/example_dags/tutorial_dag.py
[2026-04-19T00:17:30.889+0000] {logging_mixin.py:188} INFO - [2026-04-19T00:17:30.888+0000] {dag.py:3036} INFO - Sync 1 DAGs
[2026-04-19T00:17:30.908+0000] {logging_mixin.py:188} INFO - [2026-04-19T00:17:30.907+0000] {dag.py:3823} INFO - Setting next_dagrun for tutorial_dag to None, run_after=None
[2026-04-19T00:17:30.932+0000] {processor.py:183} INFO - Processing /home/airflow/.local/lib/python3.8/site-packages/airflow/example_dags/tutorial_dag.py took 0.091 seconds
[2026-04-19T00:18:01.396+0000] {processor.py:161} INFO - Started process (PID=12004) to work on /home/airflow/.local/lib/python3.8/site-packages/airflow/example_dags/tutorial_dag.py
[2026-04-19T00:18:01.397+0000] {processor.py:830} INFO - Processing file /home/airflow/.local/lib/python3.8/site-packages/airflow/example_dags/tutorial_dag.py for tasks to queue
[2026-04-19T00:18:01.400+0000] {logging_mixin.py:188} INFO - [2026-04-19T00:18:01.399+0000] {dagbag.py:538} INFO - Filling up the DagBag from /home/airflow/.local/lib/python3.8/site-packages/airflow/example_dags/tutorial_dag.py
[2026-04-19T00:18:01.408+0000] {processor.py:840} INFO - DAG(s) 'tutorial_dag' retrieved from /home/airflow/.local/lib/python3.8/site-packages/airflow/example_dags/tutorial_dag.py
[2026-04-19T00:18:01.440+0000] {logging_mixin.py:188} INFO - [2026-04-19T00:18:01.439+0000] {dag.py:3036} INFO - Sync 1 DAGs
[2026-04-19T00:18:01.458+0000] {logging_mixin.py:188} INFO - [2026-04-19T00:18:01.458+0000] {dag.py:3823} INFO - Setting next_dagrun for tutorial_dag to None, run_after=None
[2026-04-19T00:18:01.487+0000] {processor.py:183} INFO - Processing /home/airflow/.local/lib/python3.8/site-packages/airflow/example_dags/tutorial_dag.py took 0.096 seconds
[2026-04-19T00:18:31.780+0000] {processor.py:161} INFO - Started process (PID=12059) to work on /home/airflow/.local/lib/python3.8/site-packages/airflow/example_dags/tutorial_dag.py
[2026-04-19T00:18:31.782+0000] {processor.py:830} INFO - Processing file /home/airflow/.local/lib/python3.8/site-packages/airflow/example_dags/tutorial_dag.py for tasks to queue
[2026-04-19T00:18:31.784+0000] {logging_mixin.py:188} INFO - [2026-04-19T00:18:31.784+0000] {dagbag.py:538} INFO - Filling up the DagBag from /home/airflow/.local/lib/python3.8/site-packages/airflow/example_dags/tutorial_dag.py
[2026-04-19T00:18:31.792+0000] {processor.py:840} INFO - DAG(s) 'tutorial_dag' retrieved from /home/airflow/.local/lib/python3.8/site-packages/airflow/example_dags/tutorial_dag.py
[2026-04-19T00:18:31.822+0000] {logging_mixin.py:188} INFO - [2026-04-19T00:18:31.822+0000] {dag.py:3036} INFO - Sync 1 DAGs
[2026-04-19T00:18:31.841+0000] {logging_mixin.py:188} INFO - [2026-04-19T00:18:31.840+0000] {dag.py:3823} INFO - Setting next_dagrun for tutorial_dag to None, run_after=None
[2026-04-19T00:18:31.867+0000] {processor.py:183} INFO - Processing /home/airflow/.local/lib/python3.8/site-packages/airflow/example_dags/tutorial_dag.py took 0.091 seconds
[2026-04-19T00:19:02.417+0000] {processor.py:161} INFO - Started process (PID=12113) to work on /home/airflow/.local/lib/python3.8/site-packages/airflow/example_dags/tutorial_dag.py
[2026-04-19T00:19:02.418+0000] {processor.py:830} INFO - Processing file /home/airflow/.local/lib/python3.8/site-packages/airflow/example_dags/tutorial_dag.py for tasks to queue
[2026-04-19T00:19:02.420+0000] {logging_mixin.py:188} INFO - [2026-04-19T00:19:02.420+0000] {dagbag.py:538} INFO - Filling up the DagBag from /home/airflow/.local/lib/python3.8/site-packages/airflow/example_dags/tutorial_dag.py
[2026-04-19T00:19:02.428+0000] {processor.py:840} INFO - DAG(s) 'tutorial_dag' retrieved from /home/airflow/.local/lib/python3.8/site-packages/airflow/example_dags/tutorial_dag.py
[2026-04-19T00:19:02.456+0000] {logging_mixin.py:188} INFO - [2026-04-19T00:19:02.456+0000] {dag.py:3036} INFO - Sync 1 DAGs
[2026-04-19T00:19:02.473+0000] {logging_mixin.py:188} INFO - [2026-04-19T00:19:02.473+0000] {dag.py:3823} INFO - Setting next_dagrun for tutorial_dag to None, run_after=None
[2026-04-19T00:19:02.497+0000] {processor.py:183} INFO - Processing /home/airflow/.local/lib/python3.8/site-packages/airflow/example_dags/tutorial_dag.py took 0.085 seconds
[2026-04-19T00:19:32.778+0000] {processor.py:161} INFO - Started process (PID=12168) to work on /home/airflow/.local/lib/python3.8/site-packages/airflow/example_dags/tutorial_dag.py
[2026-04-19T00:19:32.779+0000] {processor.py:830} INFO - Processing file /home/airflow/.local/lib/python3.8/site-packages/airflow/example_dags/tutorial_dag.py for tasks to queue
[2026-04-19T00:19:32.781+0000] {logging_mixin.py:188} INFO - [2026-04-19T00:19:32.781+0000] {dagbag.py:538} INFO - Filling up the DagBag from /home/airflow/.local/lib/python3.8/site-packages/airflow/example_dags/tutorial_dag.py
[2026-04-19T00:19:32.789+0000] {processor.py:840} INFO - DAG(s) 'tutorial_dag' retrieved from /home/airflow/.local/lib/python3.8/site-packages/airflow/example_dags/tutorial_dag.py
[2026-04-19T00:19:32.819+0000] {logging_mixin.py:188} INFO - [2026-04-19T00:19:32.819+0000] {dag.py:3036} INFO - Sync 1 DAGs
[2026-04-19T00:19:32.837+0000] {logging_mixin.py:188} INFO - [2026-04-19T00:19:32.837+0000] {dag.py:3823} INFO - Setting next_dagrun for tutorial_dag to None, run_after=None
[2026-04-19T00:19:32.866+0000] {processor.py:183} INFO - Processing /home/airflow/.local/lib/python3.8/site-packages/airflow/example_dags/tutorial_dag.py took 0.093 seconds
[2026-04-19T00:20:03.256+0000] {processor.py:161} INFO - Started process (PID=12223) to work on /home/airflow/.local/lib/python3.8/site-packages/airflow/example_dags/tutorial_dag.py
[2026-04-19T00:20:03.257+0000] {processor.py:830} INFO - Processing file /home/airflow/.local/lib/python3.8/site-packages/airflow/example_dags/tutorial_dag.py for tasks to queue
[2026-04-19T00:20:03.260+0000] {logging_mixin.py:188} INFO - [2026-04-19T00:20:03.259+0000] {dagbag.py:538} INFO - Filling up the DagBag from /home/airflow/.local/lib/python3.8/site-packages/airflow/example_dags/tutorial_dag.py
[2026-04-19T00:20:03.267+0000] {processor.py:840} INFO - DAG(s) 'tutorial_dag' retrieved from /home/airflow/.local/lib/python3.8/site-packages/airflow/example_dags/tutorial_dag.py
[2026-04-19T00:20:03.297+0000] {logging_mixin.py:188} INFO - [2026-04-19T00:20:03.297+0000] {dag.py:3036} INFO - Sync 1 DAGs
[2026-04-19T00:20:03.316+0000] {logging_mixin.py:188} INFO - [2026-04-19T00:20:03.315+0000] {dag.py:3823} INFO - Setting next_dagrun for tutorial_dag to None, run_after=None
[2026-04-19T00:20:03.348+0000] {processor.py:183} INFO - Processing /home/airflow/.local/lib/python3.8/site-packages/airflow/example_dags/tutorial_dag.py took 0.096 seconds
[2026-04-19T00:20:33.660+0000] {processor.py:161} INFO - Started process (PID=12278) to work on /home/airflow/.local/lib/python3.8/site-packages/airflow/example_dags/tutorial_dag.py
[2026-04-19T00:20:33.661+0000] {processor.py:830} INFO - Processing file /home/airflow/.local/lib/python3.8/site-packages/airflow/example_dags/tutorial_dag.py for tasks to queue
[2026-04-19T00:20:33.664+0000] {logging_mixin.py:188} INFO - [2026-04-19T00:20:33.664+0000] {dagbag.py:538} INFO - Filling up the DagBag from /home/airflow/.local/lib/python3.8/site-packages/airflow/example_dags/tutorial_dag.py
[2026-04-19T00:20:33.672+0000] {processor.py:840} INFO - DAG(s) 'tutorial_dag' retrieved from /home/airflow/.local/lib/python3.8/site-packages/airflow/example_dags/tutorial_dag.py
[2026-04-19T00:20:33.701+0000] {logging_mixin.py:188} INFO - [2026-04-19T00:20:33.701+0000] {dag.py:3036} INFO - Sync 1 DAGs
[2026-04-19T00:20:33.719+0000] {logging_mixin.py:188} INFO - [2026-04-19T00:20:33.718+0000] {dag.py:3823} INFO - Setting next_dagrun for tutorial_dag to None, run_after=None
[2026-04-19T00:20:33.744+0000] {processor.py:183} INFO - Processing /home/airflow/.local/lib/python3.8/site-packages/airflow/example_dags/tutorial_dag.py took 0.089 seconds
[2026-04-19T00:21:03.913+0000] {processor.py:161} INFO - Started process (PID=12333) to work on /home/airflow/.local/lib/python3.8/site-packages/airflow/example_dags/tutorial_dag.py
[2026-04-19T00:21:03.915+0000] {processor.py:830} INFO - Processing file /home/airflow/.local/lib/python3.8/site-packages/airflow/example_dags/tutorial_dag.py for tasks to queue
[2026-04-19T00:21:03.917+0000] {logging_mixin.py:188} INFO - [2026-04-19T00:21:03.917+0000] {dagbag.py:538} INFO - Filling up the DagBag from /home/airflow/.local/lib/python3.8/site-packages/airflow/example_dags/tutorial_dag.py
[2026-04-19T00:21:03.925+0000] {processor.py:840} INFO - DAG(s) 'tutorial_dag' retrieved from /home/airflow/.local/lib/python3.8/site-packages/airflow/example_dags/tutorial_dag.py
[2026-04-19T00:21:03.955+0000] {logging_mixin.py:188} INFO - [2026-04-19T00:21:03.954+0000] {dag.py:3036} INFO - Sync 1 DAGs
[2026-04-19T00:21:03.972+0000] {logging_mixin.py:188} INFO - [2026-04-19T00:21:03.971+0000] {dag.py:3823} INFO - Setting next_dagrun for tutorial_dag to None, run_after=None
[2026-04-19T00:21:03.996+0000] {processor.py:183} INFO - Processing /home/airflow/.local/lib/python3.8/site-packages/airflow/example_dags/tutorial_dag.py took 0.088 seconds
[2026-04-19T00:21:34.425+0000] {processor.py:161} INFO - Started process (PID=12388) to work on /home/airflow/.local/lib/python3.8/site-packages/airflow/example_dags/tutorial_dag.py
[2026-04-19T00:21:34.426+0000] {processor.py:830} INFO - Processing file /home/airflow/.local/lib/python3.8/site-packages/airflow/example_dags/tutorial_dag.py for tasks to queue
[2026-04-19T00:21:34.429+0000] {logging_mixin.py:188} INFO - [2026-04-19T00:21:34.429+0000] {dagbag.py:538} INFO - Filling up the DagBag from /home/airflow/.local/lib/python3.8/site-packages/airflow/example_dags/tutorial_dag.py
[2026-04-19T00:21:34.437+0000] {processor.py:840} INFO - DAG(s) 'tutorial_dag' retrieved from /home/airflow/.local/lib/python3.8/site-packages/airflow/example_dags/tutorial_dag.py
[2026-04-19T00:21:34.466+0000] {logging_mixin.py:188} INFO - [2026-04-19T00:21:34.466+0000] {dag.py:3036} INFO - Sync 1 DAGs
[2026-04-19T00:21:34.484+0000] {logging_mixin.py:188} INFO - [2026-04-19T00:21:34.484+0000] {dag.py:3823} INFO - Setting next_dagrun for tutorial_dag to None, run_after=None
[2026-04-19T00:21:34.509+0000] {processor.py:183} INFO - Processing /home/airflow/.local/lib/python3.8/site-packages/airflow/example_dags/tutorial_dag.py took 0.090 seconds
[2026-04-19T00:22:05.011+0000] {processor.py:161} INFO - Started process (PID=12443) to work on /home/airflow/.local/lib/python3.8/site-packages/airflow/example_dags/tutorial_dag.py
[2026-04-19T00:22:05.013+0000] {processor.py:830} INFO - Processing file /home/airflow/.local/lib/python3.8/site-packages/airflow/example_dags/tutorial_dag.py for tasks to queue
[2026-04-19T00:22:05.015+0000] {logging_mixin.py:188} INFO - [2026-04-19T00:22:05.015+0000] {dagbag.py:538} INFO - Filling up the DagBag from /home/airflow/.local/lib/python3.8/site-packages/airflow/example_dags/tutorial_dag.py
[2026-04-19T00:22:05.022+0000] {processor.py:840} INFO - DAG(s) 'tutorial_dag' retrieved from /home/airflow/.local/lib/python3.8/site-packages/airflow/example_dags/tutorial_dag.py
[2026-04-19T00:22:05.051+0000] {logging_mixin.py:188} INFO - [2026-04-19T00:22:05.051+0000] {dag.py:3036} INFO - Sync 1 DAGs
[2026-04-19T00:22:05.067+0000] {logging_mixin.py:188} INFO - [2026-04-19T00:22:05.067+0000] {dag.py:3823} INFO - Setting next_dagrun for tutorial_dag to None, run_after=None
[2026-04-19T00:22:05.089+0000] {processor.py:183} INFO - Processing /home/airflow/.local/lib/python3.8/site-packages/airflow/example_dags/tutorial_dag.py took 0.083 seconds
[2026-04-19T00:22:35.313+0000] {processor.py:161} INFO - Started process (PID=12498) to work on /home/airflow/.local/lib/python3.8/site-packages/airflow/example_dags/tutorial_dag.py
[2026-04-19T00:22:35.314+0000] {processor.py:830} INFO - Processing file /home/airflow/.local/lib/python3.8/site-packages/airflow/example_dags/tutorial_dag.py for tasks to queue
[2026-04-19T00:22:35.317+0000] {logging_mixin.py:188} INFO - [2026-04-19T00:22:35.316+0000] {dagbag.py:538} INFO - Filling up the DagBag from /home/airflow/.local/lib/python3.8/site-packages/airflow/example_dags/tutorial_dag.py
[2026-04-19T00:22:35.325+0000] {processor.py:840} INFO - DAG(s) 'tutorial_dag' retrieved from /home/airflow/.local/lib/python3.8/site-packages/airflow/example_dags/tutorial_dag.py
[2026-04-19T00:22:35.362+0000] {logging_mixin.py:188} INFO - [2026-04-19T00:22:35.362+0000] {dag.py:3036} INFO - Sync 1 DAGs
[2026-04-19T00:22:35.384+0000] {logging_mixin.py:188} INFO - [2026-04-19T00:22:35.383+0000] {dag.py:3823} INFO - Setting next_dagrun for tutorial_dag to None, run_after=None
[2026-04-19T00:22:35.418+0000] {processor.py:183} INFO - Processing /home/airflow/.local/lib/python3.8/site-packages/airflow/example_dags/tutorial_dag.py took 0.110 seconds
[2026-04-19T00:23:05.532+0000] {processor.py:161} INFO - Started process (PID=12553) to work on /home/airflow/.local/lib/python3.8/site-packages/airflow/example_dags/tutorial_dag.py
[2026-04-19T00:23:05.534+0000] {processor.py:830} INFO - Processing file /home/airflow/.local/lib/python3.8/site-packages/airflow/example_dags/tutorial_dag.py for tasks to queue
[2026-04-19T00:23:05.537+0000] {logging_mixin.py:188} INFO - [2026-04-19T00:23:05.537+0000] {dagbag.py:538} INFO - Filling up the DagBag from /home/airflow/.local/lib/python3.8/site-packages/airflow/example_dags/tutorial_dag.py
[2026-04-19T00:23:05.548+0000] {processor.py:840} INFO - DAG(s) 'tutorial_dag' retrieved from /home/airflow/.local/lib/python3.8/site-packages/airflow/example_dags/tutorial_dag.py
[2026-04-19T00:23:05.588+0000] {logging_mixin.py:188} INFO - [2026-04-19T00:23:05.587+0000] {dag.py:3036} INFO - Sync 1 DAGs
[2026-04-19T00:23:05.612+0000] {logging_mixin.py:188} INFO - [2026-04-19T00:23:05.612+0000] {dag.py:3823} INFO - Setting next_dagrun for tutorial_dag to None, run_after=None
[2026-04-19T00:23:05.650+0000] {processor.py:183} INFO - Processing /home/airflow/.local/lib/python3.8/site-packages/airflow/example_dags/tutorial_dag.py took 0.124 seconds
[2026-04-19T00:23:35.767+0000] {processor.py:161} INFO - Started process (PID=12608) to work on /home/airflow/.local/lib/python3.8/site-packages/airflow/example_dags/tutorial_dag.py
[2026-04-19T00:23:35.768+0000] {processor.py:830} INFO - Processing file /home/airflow/.local/lib/python3.8/site-packages/airflow/example_dags/tutorial_dag.py for tasks to queue
[2026-04-19T00:23:35.770+0000] {logging_mixin.py:188} INFO - [2026-04-19T00:23:35.770+0000] {dagbag.py:538} INFO - Filling up the DagBag from /home/airflow/.local/lib/python3.8/site-packages/airflow/example_dags/tutorial_dag.py
[2026-04-19T00:23:35.778+0000] {processor.py:840} INFO - DAG(s) 'tutorial_dag' retrieved from /home/airflow/.local/lib/python3.8/site-packages/airflow/example_dags/tutorial_dag.py
[2026-04-19T00:23:35.808+0000] {logging_mixin.py:188} INFO - [2026-04-19T00:23:35.808+0000] {dag.py:3036} INFO - Sync 1 DAGs
[2026-04-19T00:23:35.826+0000] {logging_mixin.py:188} INFO - [2026-04-19T00:23:35.826+0000] {dag.py:3823} INFO - Setting next_dagrun for tutorial_dag to None, run_after=None
[2026-04-19T00:23:35.852+0000] {processor.py:183} INFO - Processing /home/airflow/.local/lib/python3.8/site-packages/airflow/example_dags/tutorial_dag.py took 0.090 seconds
[2026-04-19T00:24:06.027+0000] {processor.py:161} INFO - Started process (PID=12663) to work on /home/airflow/.local/lib/python3.8/site-packages/airflow/example_dags/tutorial_dag.py
[2026-04-19T00:24:06.029+0000] {processor.py:830} INFO - Processing file /home/airflow/.local/lib/python3.8/site-packages/airflow/example_dags/tutorial_dag.py for tasks to queue
[2026-04-19T00:24:06.031+0000] {logging_mixin.py:188} INFO - [2026-04-19T00:24:06.031+0000] {dagbag.py:538} INFO - Filling up the DagBag from /home/airflow/.local/lib/python3.8/site-packages/airflow/example_dags/tutorial_dag.py
[2026-04-19T00:24:06.039+0000] {processor.py:840} INFO - DAG(s) 'tutorial_dag' retrieved from /home/airflow/.local/lib/python3.8/site-packages/airflow/example_dags/tutorial_dag.py
[2026-04-19T00:24:06.070+0000] {logging_mixin.py:188} INFO - [2026-04-19T00:24:06.069+0000] {dag.py:3036} INFO - Sync 1 DAGs
[2026-04-19T00:24:06.087+0000] {logging_mixin.py:188} INFO - [2026-04-19T00:24:06.086+0000] {dag.py:3823} INFO - Setting next_dagrun for tutorial_dag to None, run_after=None
[2026-04-19T00:24:06.109+0000] {processor.py:183} INFO - Processing /home/airflow/.local/lib/python3.8/site-packages/airflow/example_dags/tutorial_dag.py took 0.088 seconds
