[2026-04-19T00:00:28.097+0000] {processor.py:161} INFO - Started process (PID=10109) to work on /home/airflow/.local/lib/python3.8/site-packages/airflow/example_dags/tutorial.py
[2026-04-19T00:00:28.099+0000] {processor.py:830} INFO - Processing file /home/airflow/.local/lib/python3.8/site-packages/airflow/example_dags/tutorial.py for tasks to queue
[2026-04-19T00:00:28.101+0000] {logging_mixin.py:188} INFO - [2026-04-19T00:00:28.101+0000] {dagbag.py:538} INFO - Filling up the DagBag from /home/airflow/.local/lib/python3.8/site-packages/airflow/example_dags/tutorial.py
[2026-04-19T00:00:28.109+0000] {processor.py:840} INFO - DAG(s) 'tutorial' retrieved from /home/airflow/.local/lib/python3.8/site-packages/airflow/example_dags/tutorial.py
[2026-04-19T00:00:28.138+0000] {logging_mixin.py:188} INFO - [2026-04-19T00:00:28.138+0000] {dag.py:3036} INFO - Sync 1 DAGs
[2026-04-19T00:00:28.172+0000] {logging_mixin.py:188} INFO - [2026-04-19T00:00:28.172+0000] {dag.py:3823} INFO - Setting next_dagrun for tutorial to 2026-04-18 00:00:00+00:00, run_after=2026-04-19 00:00:00+00:00
[2026-04-19T00:00:28.198+0000] {processor.py:183} INFO - Processing /home/airflow/.local/lib/python3.8/site-packages/airflow/example_dags/tutorial.py took 0.105 seconds
[2026-04-19T00:00:58.561+0000] {processor.py:161} INFO - Started process (PID=10164) to work on /home/airflow/.local/lib/python3.8/site-packages/airflow/example_dags/tutorial.py
[2026-04-19T00:00:58.562+0000] {processor.py:830} INFO - Processing file /home/airflow/.local/lib/python3.8/site-packages/airflow/example_dags/tutorial.py for tasks to queue
[2026-04-19T00:00:58.565+0000] {logging_mixin.py:188} INFO - [2026-04-19T00:00:58.564+0000] {dagbag.py:538} INFO - Filling up the DagBag from /home/airflow/.local/lib/python3.8/site-packages/airflow/example_dags/tutorial.py
[2026-04-19T00:00:58.572+0000] {processor.py:840} INFO - DAG(s) 'tutorial' retrieved from /home/airflow/.local/lib/python3.8/site-packages/airflow/example_dags/tutorial.py
[2026-04-19T00:00:58.605+0000] {logging_mixin.py:188} INFO - [2026-04-19T00:00:58.604+0000] {dag.py:3036} INFO - Sync 1 DAGs
[2026-04-19T00:00:58.635+0000] {logging_mixin.py:188} INFO - [2026-04-19T00:00:58.635+0000] {dag.py:3823} INFO - Setting next_dagrun for tutorial to 2026-04-18 00:00:00+00:00, run_after=2026-04-19 00:00:00+00:00
[2026-04-19T00:00:58.660+0000] {processor.py:183} INFO - Processing /home/airflow/.local/lib/python3.8/site-packages/airflow/example_dags/tutorial.py took 0.104 seconds
[2026-04-19T00:01:28.887+0000] {processor.py:161} INFO - Started process (PID=10219) to work on /home/airflow/.local/lib/python3.8/site-packages/airflow/example_dags/tutorial.py
[2026-04-19T00:01:28.888+0000] {processor.py:830} INFO - Processing file /home/airflow/.local/lib/python3.8/site-packages/airflow/example_dags/tutorial.py for tasks to queue
[2026-04-19T00:01:28.890+0000] {logging_mixin.py:188} INFO - [2026-04-19T00:01:28.890+0000] {dagbag.py:538} INFO - Filling up the DagBag from /home/airflow/.local/lib/python3.8/site-packages/airflow/example_dags/tutorial.py
[2026-04-19T00:01:28.898+0000] {processor.py:840} INFO - DAG(s) 'tutorial' retrieved from /home/airflow/.local/lib/python3.8/site-packages/airflow/example_dags/tutorial.py
[2026-04-19T00:01:28.930+0000] {logging_mixin.py:188} INFO - [2026-04-19T00:01:28.929+0000] {dag.py:3036} INFO - Sync 1 DAGs
[2026-04-19T00:01:28.961+0000] {logging_mixin.py:188} INFO - [2026-04-19T00:01:28.960+0000] {dag.py:3823} INFO - Setting next_dagrun for tutorial to 2026-04-18 00:00:00+00:00, run_after=2026-04-19 00:00:00+00:00
[2026-04-19T00:01:28.984+0000] {processor.py:183} INFO - Processing /home/airflow/.local/lib/python3.8/site-packages/airflow/example_dags/tutorial.py took 0.102 seconds
[2026-04-19T00:01:59.193+0000] {processor.py:161} INFO - Started process (PID=10274) to work on /home/airflow/.local/lib/python3.8/site-packages/airflow/example_dags/tutorial.py
[2026-04-19T00:01:59.195+0000] {processor.py:830} INFO - Processing file /home/airflow/.local/lib/python3.8/site-packages/airflow/example_dags/tutorial.py for tasks to queue
[2026-04-19T00:01:59.197+0000] {logging_mixin.py:188} INFO - [2026-04-19T00:01:59.197+0000] {dagbag.py:538} INFO - Filling up the DagBag from /home/airflow/.local/lib/python3.8/site-packages/airflow/example_dags/tutorial.py
[2026-04-19T00:01:59.205+0000] {processor.py:840} INFO - DAG(s) 'tutorial' retrieved from /home/airflow/.local/lib/python3.8/site-packages/airflow/example_dags/tutorial.py
[2026-04-19T00:01:59.237+0000] {logging_mixin.py:188} INFO - [2026-04-19T00:01:59.237+0000] {dag.py:3036} INFO - Sync 1 DAGs
[2026-04-19T00:01:59.267+0000] {logging_mixin.py:188} INFO - [2026-04-19T00:01:59.267+0000] {dag.py:3823} INFO - Setting next_dagrun for tutorial to 2026-04-18 00:00:00+00:00, run_after=2026-04-19 00:00:00+00:00
[2026-04-19T00:01:59.290+0000] {processor.py:183} INFO - Processing /home/airflow/.local/lib/python3.8/site-packages/airflow/example_dags/tutorial.py took 0.101 seconds
[2026-04-19T00:02:29.465+0000] {processor.py:161} INFO - Started process (PID=10329) to work on /home/airflow/.local/lib/python3.8/site-packages/airflow/example_dags/tutorial.py
[2026-04-19T00:02:29.466+0000] {processor.py:830} INFO - Processing file /home/airflow/.local/lib/python3.8/site-packages/airflow/example_dags/tutorial.py for tasks to queue
[2026-04-19T00:02:29.468+0000] {logging_mixin.py:188} INFO - [2026-04-19T00:02:29.468+0000] {dagbag.py:538} INFO - Filling up the DagBag from /home/airflow/.local/lib/python3.8/site-packages/airflow/example_dags/tutorial.py
[2026-04-19T00:02:29.476+0000] {processor.py:840} INFO - DAG(s) 'tutorial' retrieved from /home/airflow/.local/lib/python3.8/site-packages/airflow/example_dags/tutorial.py
[2026-04-19T00:02:29.509+0000] {logging_mixin.py:188} INFO - [2026-04-19T00:02:29.509+0000] {dag.py:3036} INFO - Sync 1 DAGs
[2026-04-19T00:02:29.540+0000] {logging_mixin.py:188} INFO - [2026-04-19T00:02:29.540+0000] {dag.py:3823} INFO - Setting next_dagrun for tutorial to 2026-04-18 00:00:00+00:00, run_after=2026-04-19 00:00:00+00:00
[2026-04-19T00:02:29.564+0000] {processor.py:183} INFO - Processing /home/airflow/.local/lib/python3.8/site-packages/airflow/example_dags/tutorial.py took 0.104 seconds
[2026-04-19T00:02:59.939+0000] {processor.py:161} INFO - Started process (PID=10384) to work on /home/airflow/.local/lib/python3.8/site-packages/airflow/example_dags/tutorial.py
[2026-04-19T00:02:59.940+0000] {processor.py:830} INFO - Processing file /home/airflow/.local/lib/python3.8/site-packages/airflow/example_dags/tutorial.py for tasks to queue
[2026-04-19T00:02:59.943+0000] {logging_mixin.py:188} INFO - [2026-04-19T00:02:59.942+0000] {dagbag.py:538} INFO - Filling up the DagBag from /home/airflow/.local/lib/python3.8/site-packages/airflow/example_dags/tutorial.py
[2026-04-19T00:02:59.951+0000] {processor.py:840} INFO - DAG(s) 'tutorial' retrieved from /home/airflow/.local/lib/python3.8/site-packages/airflow/example_dags/tutorial.py
[2026-04-19T00:02:59.984+0000] {logging_mixin.py:188} INFO - [2026-04-19T00:02:59.984+0000] {dag.py:3036} INFO - Sync 1 DAGs
[2026-04-19T00:03:00.016+0000] {logging_mixin.py:188} INFO - [2026-04-19T00:03:00.016+0000] {dag.py:3823} INFO - Setting next_dagrun for tutorial to 2026-04-18 00:00:00+00:00, run_after=2026-04-19 00:00:00+00:00
[2026-04-19T00:03:00.042+0000] {processor.py:183} INFO - Processing /home/airflow/.local/lib/python3.8/site-packages/airflow/example_dags/tutorial.py took 0.108 seconds
[2026-04-19T00:03:30.260+0000] {processor.py:161} INFO - Started process (PID=10439) to work on /home/airflow/.local/lib/python3.8/site-packages/airflow/example_dags/tutorial.py
[2026-04-19T00:03:30.261+0000] {processor.py:830} INFO - Processing file /home/airflow/.local/lib/python3.8/site-packages/airflow/example_dags/tutorial.py for tasks to queue
[2026-04-19T00:03:30.263+0000] {logging_mixin.py:188} INFO - [2026-04-19T00:03:30.263+0000] {dagbag.py:538} INFO - Filling up the DagBag from /home/airflow/.local/lib/python3.8/site-packages/airflow/example_dags/tutorial.py
[2026-04-19T00:03:30.271+0000] {processor.py:840} INFO - DAG(s) 'tutorial' retrieved from /home/airflow/.local/lib/python3.8/site-packages/airflow/example_dags/tutorial.py
[2026-04-19T00:03:30.299+0000] {logging_mixin.py:188} INFO - [2026-04-19T00:03:30.298+0000] {dag.py:3036} INFO - Sync 1 DAGs
[2026-04-19T00:03:30.328+0000] {logging_mixin.py:188} INFO - [2026-04-19T00:03:30.328+0000] {dag.py:3823} INFO - Setting next_dagrun for tutorial to 2026-04-18 00:00:00+00:00, run_after=2026-04-19 00:00:00+00:00
[2026-04-19T00:03:30.351+0000] {processor.py:183} INFO - Processing /home/airflow/.local/lib/python3.8/site-packages/airflow/example_dags/tutorial.py took 0.097 seconds
[2026-04-19T00:04:00.547+0000] {processor.py:161} INFO - Started process (PID=10494) to work on /home/airflow/.local/lib/python3.8/site-packages/airflow/example_dags/tutorial.py
[2026-04-19T00:04:00.548+0000] {processor.py:830} INFO - Processing file /home/airflow/.local/lib/python3.8/site-packages/airflow/example_dags/tutorial.py for tasks to queue
[2026-04-19T00:04:00.551+0000] {logging_mixin.py:188} INFO - [2026-04-19T00:04:00.551+0000] {dagbag.py:538} INFO - Filling up the DagBag from /home/airflow/.local/lib/python3.8/site-packages/airflow/example_dags/tutorial.py
[2026-04-19T00:04:00.559+0000] {processor.py:840} INFO - DAG(s) 'tutorial' retrieved from /home/airflow/.local/lib/python3.8/site-packages/airflow/example_dags/tutorial.py
[2026-04-19T00:04:00.592+0000] {logging_mixin.py:188} INFO - [2026-04-19T00:04:00.591+0000] {dag.py:3036} INFO - Sync 1 DAGs
[2026-04-19T00:04:00.622+0000] {logging_mixin.py:188} INFO - [2026-04-19T00:04:00.622+0000] {dag.py:3823} INFO - Setting next_dagrun for tutorial to 2026-04-18 00:00:00+00:00, run_after=2026-04-19 00:00:00+00:00
[2026-04-19T00:04:00.645+0000] {processor.py:183} INFO - Processing /home/airflow/.local/lib/python3.8/site-packages/airflow/example_dags/tutorial.py took 0.104 seconds
[2026-04-19T00:04:30.836+0000] {processor.py:161} INFO - Started process (PID=10549) to work on /home/airflow/.local/lib/python3.8/site-packages/airflow/example_dags/tutorial.py
[2026-04-19T00:04:30.837+0000] {processor.py:830} INFO - Processing file /home/airflow/.local/lib/python3.8/site-packages/airflow/example_dags/tutorial.py for tasks to queue
[2026-04-19T00:04:30.840+0000] {logging_mixin.py:188} INFO - [2026-04-19T00:04:30.839+0000] {dagbag.py:538} INFO - Filling up the DagBag from /home/airflow/.local/lib/python3.8/site-packages/airflow/example_dags/tutorial.py
[2026-04-19T00:04:30.848+0000] {processor.py:840} INFO - DAG(s) 'tutorial' retrieved from /home/airflow/.local/lib/python3.8/site-packages/airflow/example_dags/tutorial.py
[2026-04-19T00:04:30.880+0000] {logging_mixin.py:188} INFO - [2026-04-19T00:04:30.879+0000] {dag.py:3036} INFO - Sync 1 DAGs
[2026-04-19T00:04:30.914+0000] {logging_mixin.py:188} INFO - [2026-04-19T00:04:30.914+0000] {dag.py:3823} INFO - Setting next_dagrun for tutorial to 2026-04-18 00:00:00+00:00, run_after=2026-04-19 00:00:00+00:00
[2026-04-19T00:04:30.938+0000] {processor.py:183} INFO - Processing /home/airflow/.local/lib/python3.8/site-packages/airflow/example_dags/tutorial.py took 0.108 seconds
[2026-04-19T00:05:01.202+0000] {processor.py:161} INFO - Started process (PID=10604) to work on /home/airflow/.local/lib/python3.8/site-packages/airflow/example_dags/tutorial.py
[2026-04-19T00:05:01.204+0000] {processor.py:830} INFO - Processing file /home/airflow/.local/lib/python3.8/site-packages/airflow/example_dags/tutorial.py for tasks to queue
[2026-04-19T00:05:01.207+0000] {logging_mixin.py:188} INFO - [2026-04-19T00:05:01.207+0000] {dagbag.py:538} INFO - Filling up the DagBag from /home/airflow/.local/lib/python3.8/site-packages/airflow/example_dags/tutorial.py
[2026-04-19T00:05:01.217+0000] {processor.py:840} INFO - DAG(s) 'tutorial' retrieved from /home/airflow/.local/lib/python3.8/site-packages/airflow/example_dags/tutorial.py
[2026-04-19T00:05:01.249+0000] {logging_mixin.py:188} INFO - [2026-04-19T00:05:01.249+0000] {dag.py:3036} INFO - Sync 1 DAGs
[2026-04-19T00:05:01.281+0000] {logging_mixin.py:188} INFO - [2026-04-19T00:05:01.280+0000] {dag.py:3823} INFO - Setting next_dagrun for tutorial to 2026-04-18 00:00:00+00:00, run_after=2026-04-19 00:00:00+00:00
[2026-04-19T00:05:01.306+0000] {processor.py:183} INFO - Processing /home/airflow/.local/lib/python3.8/site-packages/airflow/example_dags/tutorial.py took 0.109 seconds
[2026-04-19T00:05:31.584+0000] {processor.py:161} INFO - Started process (PID=10659) to work on /home/airflow/.local/lib/python3.8/site-packages/airflow/example_dags/tutorial.py
[2026-04-19T00:05:31.585+0000] {processor.py:830} INFO - Processing file /home/airflow/.local/lib/python3.8/site-packages/airflow/example_dags/tutorial.py for tasks to queue
[2026-04-19T00:05:31.587+0000] {logging_mixin.py:188} INFO - [2026-04-19T00:05:31.587+0000] {dagbag.py:538} INFO - Filling up the DagBag from /home/airflow/.local/lib/python3.8/site-packages/airflow/example_dags/tutorial.py
[2026-04-19T00:05:31.596+0000] {processor.py:840} INFO - DAG(s) 'tutorial' retrieved from /home/airflow/.local/lib/python3.8/site-packages/airflow/example_dags/tutorial.py
[2026-04-19T00:05:31.628+0000] {logging_mixin.py:188} INFO - [2026-04-19T00:05:31.628+0000] {dag.py:3036} INFO - Sync 1 DAGs
[2026-04-19T00:05:31.660+0000] {logging_mixin.py:188} INFO - [2026-04-19T00:05:31.660+0000] {dag.py:3823} INFO - Setting next_dagrun for tutorial to 2026-04-18 00:00:00+00:00, run_after=2026-04-19 00:00:00+00:00
[2026-04-19T00:05:31.684+0000] {processor.py:183} INFO - Processing /home/airflow/.local/lib/python3.8/site-packages/airflow/example_dags/tutorial.py took 0.106 seconds
[2026-04-19T00:06:01.984+0000] {processor.py:161} INFO - Started process (PID=10714) to work on /home/airflow/.local/lib/python3.8/site-packages/airflow/example_dags/tutorial.py
[2026-04-19T00:06:01.985+0000] {processor.py:830} INFO - Processing file /home/airflow/.local/lib/python3.8/site-packages/airflow/example_dags/tutorial.py for tasks to queue
[2026-04-19T00:06:01.988+0000] {logging_mixin.py:188} INFO - [2026-04-19T00:06:01.987+0000] {dagbag.py:538} INFO - Filling up the DagBag from /home/airflow/.local/lib/python3.8/site-packages/airflow/example_dags/tutorial.py
[2026-04-19T00:06:01.998+0000] {processor.py:840} INFO - DAG(s) 'tutorial' retrieved from /home/airflow/.local/lib/python3.8/site-packages/airflow/example_dags/tutorial.py
[2026-04-19T00:06:02.035+0000] {logging_mixin.py:188} INFO - [2026-04-19T00:06:02.034+0000] {dag.py:3036} INFO - Sync 1 DAGs
[2026-04-19T00:06:02.071+0000] {logging_mixin.py:188} INFO - [2026-04-19T00:06:02.071+0000] {dag.py:3823} INFO - Setting next_dagrun for tutorial to 2026-04-18 00:00:00+00:00, run_after=2026-04-19 00:00:00+00:00
[2026-04-19T00:06:02.096+0000] {processor.py:183} INFO - Processing /home/airflow/.local/lib/python3.8/site-packages/airflow/example_dags/tutorial.py took 0.119 seconds
[2026-04-19T00:06:32.261+0000] {processor.py:161} INFO - Started process (PID=10769) to work on /home/airflow/.local/lib/python3.8/site-packages/airflow/example_dags/tutorial.py
[2026-04-19T00:06:32.262+0000] {processor.py:830} INFO - Processing file /home/airflow/.local/lib/python3.8/site-packages/airflow/example_dags/tutorial.py for tasks to queue
[2026-04-19T00:06:32.265+0000] {logging_mixin.py:188} INFO - [2026-04-19T00:06:32.264+0000] {dagbag.py:538} INFO - Filling up the DagBag from /home/airflow/.local/lib/python3.8/site-packages/airflow/example_dags/tutorial.py
[2026-04-19T00:06:32.274+0000] {processor.py:840} INFO - DAG(s) 'tutorial' retrieved from /home/airflow/.local/lib/python3.8/site-packages/airflow/example_dags/tutorial.py
[2026-04-19T00:06:32.306+0000] {logging_mixin.py:188} INFO - [2026-04-19T00:06:32.306+0000] {dag.py:3036} INFO - Sync 1 DAGs
[2026-04-19T00:06:32.339+0000] {logging_mixin.py:188} INFO - [2026-04-19T00:06:32.339+0000] {dag.py:3823} INFO - Setting next_dagrun for tutorial to 2026-04-18 00:00:00+00:00, run_after=2026-04-19 00:00:00+00:00
[2026-04-19T00:06:32.366+0000] {processor.py:183} INFO - Processing /home/airflow/.local/lib/python3.8/site-packages/airflow/example_dags/tutorial.py took 0.110 seconds
[2026-04-19T00:07:02.600+0000] {processor.py:161} INFO - Started process (PID=10824) to work on /home/airflow/.local/lib/python3.8/site-packages/airflow/example_dags/tutorial.py
[2026-04-19T00:07:02.601+0000] {processor.py:830} INFO - Processing file /home/airflow/.local/lib/python3.8/site-packages/airflow/example_dags/tutorial.py for tasks to queue
[2026-04-19T00:07:02.603+0000] {logging_mixin.py:188} INFO - [2026-04-19T00:07:02.603+0000] {dagbag.py:538} INFO - Filling up the DagBag from /home/airflow/.local/lib/python3.8/site-packages/airflow/example_dags/tutorial.py
[2026-04-19T00:07:02.612+0000] {processor.py:840} INFO - DAG(s) 'tutorial' retrieved from /home/airflow/.local/lib/python3.8/site-packages/airflow/example_dags/tutorial.py
[2026-04-19T00:07:02.644+0000] {logging_mixin.py:188} INFO - [2026-04-19T00:07:02.644+0000] {dag.py:3036} INFO - Sync 1 DAGs
[2026-04-19T00:07:02.677+0000] {logging_mixin.py:188} INFO - [2026-04-19T00:07:02.677+0000] {dag.py:3823} INFO - Setting next_dagrun for tutorial to 2026-04-18 00:00:00+00:00, run_after=2026-04-19 00:00:00+00:00
[2026-04-19T00:07:02.702+0000] {processor.py:183} INFO - Processing /home/airflow/.local/lib/python3.8/site-packages/airflow/example_dags/tutorial.py took 0.107 seconds
[2026-04-19T00:07:33.013+0000] {processor.py:161} INFO - Started process (PID=10879) to work on /home/airflow/.local/lib/python3.8/site-packages/airflow/example_dags/tutorial.py
[2026-04-19T00:07:33.014+0000] {processor.py:830} INFO - Processing file /home/airflow/.local/lib/python3.8/site-packages/airflow/example_dags/tutorial.py for tasks to queue
[2026-04-19T00:07:33.017+0000] {logging_mixin.py:188} INFO - [2026-04-19T00:07:33.016+0000] {dagbag.py:538} INFO - Filling up the DagBag from /home/airflow/.local/lib/python3.8/site-packages/airflow/example_dags/tutorial.py
[2026-04-19T00:07:33.025+0000] {processor.py:840} INFO - DAG(s) 'tutorial' retrieved from /home/airflow/.local/lib/python3.8/site-packages/airflow/example_dags/tutorial.py
[2026-04-19T00:07:33.054+0000] {logging_mixin.py:188} INFO - [2026-04-19T00:07:33.054+0000] {dag.py:3036} INFO - Sync 1 DAGs
[2026-04-19T00:07:33.085+0000] {logging_mixin.py:188} INFO - [2026-04-19T00:07:33.084+0000] {dag.py:3823} INFO - Setting next_dagrun for tutorial to 2026-04-18 00:00:00+00:00, run_after=2026-04-19 00:00:00+00:00
[2026-04-19T00:07:33.108+0000] {processor.py:183} INFO - Processing /home/airflow/.local/lib/python3.8/site-packages/airflow/example_dags/tutorial.py took 0.099 seconds
[2026-04-19T00:08:03.142+0000] {processor.py:161} INFO - Started process (PID=10934) to work on /home/airflow/.local/lib/python3.8/site-packages/airflow/example_dags/tutorial.py
[2026-04-19T00:08:03.143+0000] {processor.py:830} INFO - Processing file /home/airflow/.local/lib/python3.8/site-packages/airflow/example_dags/tutorial.py for tasks to queue
[2026-04-19T00:08:03.144+0000] {logging_mixin.py:188} INFO - [2026-04-19T00:08:03.144+0000] {dagbag.py:538} INFO - Filling up the DagBag from /home/airflow/.local/lib/python3.8/site-packages/airflow/example_dags/tutorial.py
[2026-04-19T00:08:03.148+0000] {processor.py:840} INFO - DAG(s) 'tutorial' retrieved from /home/airflow/.local/lib/python3.8/site-packages/airflow/example_dags/tutorial.py
[2026-04-19T00:08:03.165+0000] {logging_mixin.py:188} INFO - [2026-04-19T00:08:03.165+0000] {dag.py:3036} INFO - Sync 1 DAGs
[2026-04-19T00:08:03.181+0000] {logging_mixin.py:188} INFO - [2026-04-19T00:08:03.181+0000] {dag.py:3823} INFO - Setting next_dagrun for tutorial to 2026-04-18 00:00:00+00:00, run_after=2026-04-19 00:00:00+00:00
[2026-04-19T00:08:03.194+0000] {processor.py:183} INFO - Processing /home/airflow/.local/lib/python3.8/site-packages/airflow/example_dags/tutorial.py took 0.055 seconds
[2026-04-19T00:08:33.648+0000] {processor.py:161} INFO - Started process (PID=10989) to work on /home/airflow/.local/lib/python3.8/site-packages/airflow/example_dags/tutorial.py
[2026-04-19T00:08:33.649+0000] {processor.py:830} INFO - Processing file /home/airflow/.local/lib/python3.8/site-packages/airflow/example_dags/tutorial.py for tasks to queue
[2026-04-19T00:08:33.651+0000] {logging_mixin.py:188} INFO - [2026-04-19T00:08:33.651+0000] {dagbag.py:538} INFO - Filling up the DagBag from /home/airflow/.local/lib/python3.8/site-packages/airflow/example_dags/tutorial.py
[2026-04-19T00:08:33.659+0000] {processor.py:840} INFO - DAG(s) 'tutorial' retrieved from /home/airflow/.local/lib/python3.8/site-packages/airflow/example_dags/tutorial.py
[2026-04-19T00:08:33.691+0000] {logging_mixin.py:188} INFO - [2026-04-19T00:08:33.690+0000] {dag.py:3036} INFO - Sync 1 DAGs
[2026-04-19T00:08:33.724+0000] {logging_mixin.py:188} INFO - [2026-04-19T00:08:33.724+0000] {dag.py:3823} INFO - Setting next_dagrun for tutorial to 2026-04-18 00:00:00+00:00, run_after=2026-04-19 00:00:00+00:00
[2026-04-19T00:08:33.751+0000] {processor.py:183} INFO - Processing /home/airflow/.local/lib/python3.8/site-packages/airflow/example_dags/tutorial.py took 0.107 seconds
[2026-04-19T00:09:03.878+0000] {processor.py:161} INFO - Started process (PID=11044) to work on /home/airflow/.local/lib/python3.8/site-packages/airflow/example_dags/tutorial.py
[2026-04-19T00:09:03.879+0000] {processor.py:830} INFO - Processing file /home/airflow/.local/lib/python3.8/site-packages/airflow/example_dags/tutorial.py for tasks to queue
[2026-04-19T00:09:03.882+0000] {logging_mixin.py:188} INFO - [2026-04-19T00:09:03.881+0000] {dagbag.py:538} INFO - Filling up the DagBag from /home/airflow/.local/lib/python3.8/site-packages/airflow/example_dags/tutorial.py
[2026-04-19T00:09:03.890+0000] {processor.py:840} INFO - DAG(s) 'tutorial' retrieved from /home/airflow/.local/lib/python3.8/site-packages/airflow/example_dags/tutorial.py
[2026-04-19T00:09:03.920+0000] {logging_mixin.py:188} INFO - [2026-04-19T00:09:03.920+0000] {dag.py:3036} INFO - Sync 1 DAGs
[2026-04-19T00:09:03.953+0000] {logging_mixin.py:188} INFO - [2026-04-19T00:09:03.953+0000] {dag.py:3823} INFO - Setting next_dagrun for tutorial to 2026-04-18 00:00:00+00:00, run_after=2026-04-19 00:00:00+00:00
[2026-04-19T00:09:03.977+0000] {processor.py:183} INFO - Processing /home/airflow/.local/lib/python3.8/site-packages/airflow/example_dags/tutorial.py took 0.104 seconds
[2026-04-19T00:09:34.435+0000] {processor.py:161} INFO - Started process (PID=11099) to work on /home/airflow/.local/lib/python3.8/site-packages/airflow/example_dags/tutorial.py
[2026-04-19T00:09:34.436+0000] {processor.py:830} INFO - Processing file /home/airflow/.local/lib/python3.8/site-packages/airflow/example_dags/tutorial.py for tasks to queue
[2026-04-19T00:09:34.438+0000] {logging_mixin.py:188} INFO - [2026-04-19T00:09:34.438+0000] {dagbag.py:538} INFO - Filling up the DagBag from /home/airflow/.local/lib/python3.8/site-packages/airflow/example_dags/tutorial.py
[2026-04-19T00:09:34.448+0000] {processor.py:840} INFO - DAG(s) 'tutorial' retrieved from /home/airflow/.local/lib/python3.8/site-packages/airflow/example_dags/tutorial.py
[2026-04-19T00:09:34.481+0000] {logging_mixin.py:188} INFO - [2026-04-19T00:09:34.481+0000] {dag.py:3036} INFO - Sync 1 DAGs
[2026-04-19T00:09:34.513+0000] {logging_mixin.py:188} INFO - [2026-04-19T00:09:34.512+0000] {dag.py:3823} INFO - Setting next_dagrun for tutorial to 2026-04-18 00:00:00+00:00, run_after=2026-04-19 00:00:00+00:00
[2026-04-19T00:09:34.538+0000] {processor.py:183} INFO - Processing /home/airflow/.local/lib/python3.8/site-packages/airflow/example_dags/tutorial.py took 0.109 seconds
[2026-04-19T00:10:04.925+0000] {processor.py:161} INFO - Started process (PID=11154) to work on /home/airflow/.local/lib/python3.8/site-packages/airflow/example_dags/tutorial.py
[2026-04-19T00:10:04.926+0000] {processor.py:830} INFO - Processing file /home/airflow/.local/lib/python3.8/site-packages/airflow/example_dags/tutorial.py for tasks to queue
[2026-04-19T00:10:04.929+0000] {logging_mixin.py:188} INFO - [2026-04-19T00:10:04.929+0000] {dagbag.py:538} INFO - Filling up the DagBag from /home/airflow/.local/lib/python3.8/site-packages/airflow/example_dags/tutorial.py
[2026-04-19T00:10:04.937+0000] {processor.py:840} INFO - DAG(s) 'tutorial' retrieved from /home/airflow/.local/lib/python3.8/site-packages/airflow/example_dags/tutorial.py
[2026-04-19T00:10:04.974+0000] {logging_mixin.py:188} INFO - [2026-04-19T00:10:04.973+0000] {dag.py:3036} INFO - Sync 1 DAGs
[2026-04-19T00:10:05.013+0000] {logging_mixin.py:188} INFO - [2026-04-19T00:10:05.013+0000] {dag.py:3823} INFO - Setting next_dagrun for tutorial to 2026-04-18 00:00:00+00:00, run_after=2026-04-19 00:00:00+00:00
[2026-04-19T00:10:05.041+0000] {processor.py:183} INFO - Processing /home/airflow/.local/lib/python3.8/site-packages/airflow/example_dags/tutorial.py took 0.122 seconds
[2026-04-19T00:10:35.341+0000] {processor.py:161} INFO - Started process (PID=11209) to work on /home/airflow/.local/lib/python3.8/site-packages/airflow/example_dags/tutorial.py
[2026-04-19T00:10:35.342+0000] {processor.py:830} INFO - Processing file /home/airflow/.local/lib/python3.8/site-packages/airflow/example_dags/tutorial.py for tasks to queue
[2026-04-19T00:10:35.345+0000] {logging_mixin.py:188} INFO - [2026-04-19T00:10:35.344+0000] {dagbag.py:538} INFO - Filling up the DagBag from /home/airflow/.local/lib/python3.8/site-packages/airflow/example_dags/tutorial.py
[2026-04-19T00:10:35.354+0000] {processor.py:840} INFO - DAG(s) 'tutorial' retrieved from /home/airflow/.local/lib/python3.8/site-packages/airflow/example_dags/tutorial.py
[2026-04-19T00:10:35.385+0000] {logging_mixin.py:188} INFO - [2026-04-19T00:10:35.385+0000] {dag.py:3036} INFO - Sync 1 DAGs
[2026-04-19T00:10:35.417+0000] {logging_mixin.py:188} INFO - [2026-04-19T00:10:35.416+0000] {dag.py:3823} INFO - Setting next_dagrun for tutorial to 2026-04-18 00:00:00+00:00, run_after=2026-04-19 00:00:00+00:00
[2026-04-19T00:10:35.440+0000] {processor.py:183} INFO - Processing /home/airflow/.local/lib/python3.8/site-packages/airflow/example_dags/tutorial.py took 0.104 seconds
[2026-04-19T00:11:05.912+0000] {processor.py:161} INFO - Started process (PID=11264) to work on /home/airflow/.local/lib/python3.8/site-packages/airflow/example_dags/tutorial.py
[2026-04-19T00:11:05.914+0000] {processor.py:830} INFO - Processing file /home/airflow/.local/lib/python3.8/site-packages/airflow/example_dags/tutorial.py for tasks to queue
[2026-04-19T00:11:05.916+0000] {logging_mixin.py:188} INFO - [2026-04-19T00:11:05.916+0000] {dagbag.py:538} INFO - Filling up the DagBag from /home/airflow/.local/lib/python3.8/site-packages/airflow/example_dags/tutorial.py
[2026-04-19T00:11:05.925+0000] {processor.py:840} INFO - DAG(s) 'tutorial' retrieved from /home/airflow/.local/lib/python3.8/site-packages/airflow/example_dags/tutorial.py
[2026-04-19T00:11:05.959+0000] {logging_mixin.py:188} INFO - [2026-04-19T00:11:05.958+0000] {dag.py:3036} INFO - Sync 1 DAGs
[2026-04-19T00:11:05.995+0000] {logging_mixin.py:188} INFO - [2026-04-19T00:11:05.994+0000] {dag.py:3823} INFO - Setting next_dagrun for tutorial to 2026-04-18 00:00:00+00:00, run_after=2026-04-19 00:00:00+00:00
[2026-04-19T00:11:06.022+0000] {processor.py:183} INFO - Processing /home/airflow/.local/lib/python3.8/site-packages/airflow/example_dags/tutorial.py took 0.115 seconds
[2026-04-19T00:11:36.383+0000] {processor.py:161} INFO - Started process (PID=11319) to work on /home/airflow/.local/lib/python3.8/site-packages/airflow/example_dags/tutorial.py
[2026-04-19T00:11:36.386+0000] {processor.py:830} INFO - Processing file /home/airflow/.local/lib/python3.8/site-packages/airflow/example_dags/tutorial.py for tasks to queue
[2026-04-19T00:11:36.389+0000] {logging_mixin.py:188} INFO - [2026-04-19T00:11:36.388+0000] {dagbag.py:538} INFO - Filling up the DagBag from /home/airflow/.local/lib/python3.8/site-packages/airflow/example_dags/tutorial.py
[2026-04-19T00:11:36.398+0000] {processor.py:840} INFO - DAG(s) 'tutorial' retrieved from /home/airflow/.local/lib/python3.8/site-packages/airflow/example_dags/tutorial.py
[2026-04-19T00:11:36.429+0000] {logging_mixin.py:188} INFO - [2026-04-19T00:11:36.428+0000] {dag.py:3036} INFO - Sync 1 DAGs
[2026-04-19T00:11:36.460+0000] {logging_mixin.py:188} INFO - [2026-04-19T00:11:36.459+0000] {dag.py:3823} INFO - Setting next_dagrun for tutorial to 2026-04-18 00:00:00+00:00, run_after=2026-04-19 00:00:00+00:00
[2026-04-19T00:11:36.486+0000] {processor.py:183} INFO - Processing /home/airflow/.local/lib/python3.8/site-packages/airflow/example_dags/tutorial.py took 0.109 seconds
[2026-04-19T00:12:06.719+0000] {processor.py:161} INFO - Started process (PID=11374) to work on /home/airflow/.local/lib/python3.8/site-packages/airflow/example_dags/tutorial.py
[2026-04-19T00:12:06.720+0000] {processor.py:830} INFO - Processing file /home/airflow/.local/lib/python3.8/site-packages/airflow/example_dags/tutorial.py for tasks to queue
[2026-04-19T00:12:06.723+0000] {logging_mixin.py:188} INFO - [2026-04-19T00:12:06.722+0000] {dagbag.py:538} INFO - Filling up the DagBag from /home/airflow/.local/lib/python3.8/site-packages/airflow/example_dags/tutorial.py
[2026-04-19T00:12:06.731+0000] {processor.py:840} INFO - DAG(s) 'tutorial' retrieved from /home/airflow/.local/lib/python3.8/site-packages/airflow/example_dags/tutorial.py
[2026-04-19T00:12:06.759+0000] {logging_mixin.py:188} INFO - [2026-04-19T00:12:06.759+0000] {dag.py:3036} INFO - Sync 1 DAGs
[2026-04-19T00:12:06.788+0000] {logging_mixin.py:188} INFO - [2026-04-19T00:12:06.788+0000] {dag.py:3823} INFO - Setting next_dagrun for tutorial to 2026-04-18 00:00:00+00:00, run_after=2026-04-19 00:00:00+00:00
[2026-04-19T00:12:06.809+0000] {processor.py:183} INFO - Processing /home/airflow/.local/lib/python3.8/site-packages/airflow/example_dags/tutorial.py took 0.094 seconds
[2026-04-19T00:12:37.031+0000] {processor.py:161} INFO - Started process (PID=11427) to work on /home/airflow/.local/lib/python3.8/site-packages/airflow/example_dags/tutorial.py
[2026-04-19T00:12:37.033+0000] {processor.py:830} INFO - Processing file /home/airflow/.local/lib/python3.8/site-packages/airflow/example_dags/tutorial.py for tasks to queue
[2026-04-19T00:12:37.035+0000] {logging_mixin.py:188} INFO - [2026-04-19T00:12:37.035+0000] {dagbag.py:538} INFO - Filling up the DagBag from /home/airflow/.local/lib/python3.8/site-packages/airflow/example_dags/tutorial.py
[2026-04-19T00:12:37.044+0000] {processor.py:840} INFO - DAG(s) 'tutorial' retrieved from /home/airflow/.local/lib/python3.8/site-packages/airflow/example_dags/tutorial.py
[2026-04-19T00:12:37.076+0000] {logging_mixin.py:188} INFO - [2026-04-19T00:12:37.076+0000] {dag.py:3036} INFO - Sync 1 DAGs
[2026-04-19T00:12:37.111+0000] {logging_mixin.py:188} INFO - [2026-04-19T00:12:37.111+0000] {dag.py:3823} INFO - Setting next_dagrun for tutorial to 2026-04-18 00:00:00+00:00, run_after=2026-04-19 00:00:00+00:00
[2026-04-19T00:12:37.138+0000] {processor.py:183} INFO - Processing /home/airflow/.local/lib/python3.8/site-packages/airflow/example_dags/tutorial.py took 0.112 seconds
[2026-04-19T00:13:07.636+0000] {processor.py:161} INFO - Started process (PID=11482) to work on /home/airflow/.local/lib/python3.8/site-packages/airflow/example_dags/tutorial.py
[2026-04-19T00:13:07.637+0000] {processor.py:830} INFO - Processing file /home/airflow/.local/lib/python3.8/site-packages/airflow/example_dags/tutorial.py for tasks to queue
[2026-04-19T00:13:07.639+0000] {logging_mixin.py:188} INFO - [2026-04-19T00:13:07.639+0000] {dagbag.py:538} INFO - Filling up the DagBag from /home/airflow/.local/lib/python3.8/site-packages/airflow/example_dags/tutorial.py
[2026-04-19T00:13:07.648+0000] {processor.py:840} INFO - DAG(s) 'tutorial' retrieved from /home/airflow/.local/lib/python3.8/site-packages/airflow/example_dags/tutorial.py
[2026-04-19T00:13:07.679+0000] {logging_mixin.py:188} INFO - [2026-04-19T00:13:07.678+0000] {dag.py:3036} INFO - Sync 1 DAGs
[2026-04-19T00:13:07.707+0000] {logging_mixin.py:188} INFO - [2026-04-19T00:13:07.707+0000] {dag.py:3823} INFO - Setting next_dagrun for tutorial to 2026-04-18 00:00:00+00:00, run_after=2026-04-19 00:00:00+00:00
[2026-04-19T00:13:07.731+0000] {processor.py:183} INFO - Processing /home/airflow/.local/lib/python3.8/site-packages/airflow/example_dags/tutorial.py took 0.101 seconds
[2026-04-19T00:13:37.920+0000] {processor.py:161} INFO - Started process (PID=11537) to work on /home/airflow/.local/lib/python3.8/site-packages/airflow/example_dags/tutorial.py
[2026-04-19T00:13:37.922+0000] {processor.py:830} INFO - Processing file /home/airflow/.local/lib/python3.8/site-packages/airflow/example_dags/tutorial.py for tasks to queue
[2026-04-19T00:13:37.924+0000] {logging_mixin.py:188} INFO - [2026-04-19T00:13:37.924+0000] {dagbag.py:538} INFO - Filling up the DagBag from /home/airflow/.local/lib/python3.8/site-packages/airflow/example_dags/tutorial.py
[2026-04-19T00:13:37.934+0000] {processor.py:840} INFO - DAG(s) 'tutorial' retrieved from /home/airflow/.local/lib/python3.8/site-packages/airflow/example_dags/tutorial.py
[2026-04-19T00:13:37.968+0000] {logging_mixin.py:188} INFO - [2026-04-19T00:13:37.967+0000] {dag.py:3036} INFO - Sync 1 DAGs
[2026-04-19T00:13:38.001+0000] {logging_mixin.py:188} INFO - [2026-04-19T00:13:38.001+0000] {dag.py:3823} INFO - Setting next_dagrun for tutorial to 2026-04-18 00:00:00+00:00, run_after=2026-04-19 00:00:00+00:00
[2026-04-19T00:13:38.031+0000] {processor.py:183} INFO - Processing /home/airflow/.local/lib/python3.8/site-packages/airflow/example_dags/tutorial.py took 0.116 seconds
[2026-04-19T00:14:08.501+0000] {processor.py:161} INFO - Started process (PID=11592) to work on /home/airflow/.local/lib/python3.8/site-packages/airflow/example_dags/tutorial.py
[2026-04-19T00:14:08.502+0000] {processor.py:830} INFO - Processing file /home/airflow/.local/lib/python3.8/site-packages/airflow/example_dags/tutorial.py for tasks to queue
[2026-04-19T00:14:08.505+0000] {logging_mixin.py:188} INFO - [2026-04-19T00:14:08.505+0000] {dagbag.py:538} INFO - Filling up the DagBag from /home/airflow/.local/lib/python3.8/site-packages/airflow/example_dags/tutorial.py
[2026-04-19T00:14:08.514+0000] {processor.py:840} INFO - DAG(s) 'tutorial' retrieved from /home/airflow/.local/lib/python3.8/site-packages/airflow/example_dags/tutorial.py
[2026-04-19T00:14:08.547+0000] {logging_mixin.py:188} INFO - [2026-04-19T00:14:08.547+0000] {dag.py:3036} INFO - Sync 1 DAGs
[2026-04-19T00:14:08.577+0000] {logging_mixin.py:188} INFO - [2026-04-19T00:14:08.577+0000] {dag.py:3823} INFO - Setting next_dagrun for tutorial to 2026-04-18 00:00:00+00:00, run_after=2026-04-19 00:00:00+00:00
[2026-04-19T00:14:08.600+0000] {processor.py:183} INFO - Processing /home/airflow/.local/lib/python3.8/site-packages/airflow/example_dags/tutorial.py took 0.105 seconds
[2026-04-19T00:14:38.985+0000] {processor.py:161} INFO - Started process (PID=11647) to work on /home/airflow/.local/lib/python3.8/site-packages/airflow/example_dags/tutorial.py
[2026-04-19T00:14:38.987+0000] {processor.py:830} INFO - Processing file /home/airflow/.local/lib/python3.8/site-packages/airflow/example_dags/tutorial.py for tasks to queue
[2026-04-19T00:14:38.989+0000] {logging_mixin.py:188} INFO - [2026-04-19T00:14:38.989+0000] {dagbag.py:538} INFO - Filling up the DagBag from /home/airflow/.local/lib/python3.8/site-packages/airflow/example_dags/tutorial.py
[2026-04-19T00:14:38.998+0000] {processor.py:840} INFO - DAG(s) 'tutorial' retrieved from /home/airflow/.local/lib/python3.8/site-packages/airflow/example_dags/tutorial.py
[2026-04-19T00:14:39.032+0000] {logging_mixin.py:188} INFO - [2026-04-19T00:14:39.032+0000] {dag.py:3036} INFO - Sync 1 DAGs
[2026-04-19T00:14:39.066+0000] {logging_mixin.py:188} INFO - [2026-04-19T00:14:39.066+0000] {dag.py:3823} INFO - Setting next_dagrun for tutorial to 2026-04-18 00:00:00+00:00, run_after=2026-04-19 00:00:00+00:00
[2026-04-19T00:14:39.092+0000] {processor.py:183} INFO - Processing /home/airflow/.local/lib/python3.8/site-packages/airflow/example_dags/tutorial.py took 0.112 seconds
[2026-04-19T00:15:09.524+0000] {processor.py:161} INFO - Started process (PID=11702) to work on /home/airflow/.local/lib/python3.8/site-packages/airflow/example_dags/tutorial.py
[2026-04-19T00:15:09.525+0000] {processor.py:830} INFO - Processing file /home/airflow/.local/lib/python3.8/site-packages/airflow/example_dags/tutorial.py for tasks to queue
[2026-04-19T00:15:09.527+0000] {logging_mixin.py:188} INFO - [2026-04-19T00:15:09.527+0000] {dagbag.py:538} INFO - Filling up the DagBag from /home/airflow/.local/lib/python3.8/site-packages/airflow/example_dags/tutorial.py
[2026-04-19T00:15:09.536+0000] {processor.py:840} INFO - DAG(s) 'tutorial' retrieved from /home/airflow/.local/lib/python3.8/site-packages/airflow/example_dags/tutorial.py
[2026-04-19T00:15:09.566+0000] {logging_mixin.py:188} INFO - [2026-04-19T00:15:09.566+0000] {dag.py:3036} INFO - Sync 1 DAGs
[2026-04-19T00:15:09.600+0000] {logging_mixin.py:188} INFO - [2026-04-19T00:15:09.600+0000] {dag.py:3823} INFO - Setting next_dagrun for tutorial to 2026-04-18 00:00:00+00:00, run_after=2026-04-19 00:00:00+00:00
[2026-04-19T00:15:09.626+0000] {processor.py:183} INFO - Processing /home/airflow/.local/lib/python3.8/site-packages/airflow/example_dags/tutorial.py took 0.108 seconds
[2026-04-19T00:15:40.099+0000] {processor.py:161} INFO - Started process (PID=11758) to work on /home/airflow/.local/lib/python3.8/site-packages/airflow/example_dags/tutorial.py
[2026-04-19T00:15:40.101+0000] {processor.py:830} INFO - Processing file /home/airflow/.local/lib/python3.8/site-packages/airflow/example_dags/tutorial.py for tasks to queue
[2026-04-19T00:15:40.104+0000] {logging_mixin.py:188} INFO - [2026-04-19T00:15:40.103+0000] {dagbag.py:538} INFO - Filling up the DagBag from /home/airflow/.local/lib/python3.8/site-packages/airflow/example_dags/tutorial.py
[2026-04-19T00:15:40.112+0000] {processor.py:840} INFO - DAG(s) 'tutorial' retrieved from /home/airflow/.local/lib/python3.8/site-packages/airflow/example_dags/tutorial.py
[2026-04-19T00:15:40.145+0000] {logging_mixin.py:188} INFO - [2026-04-19T00:15:40.145+0000] {dag.py:3036} INFO - Sync 1 DAGs
[2026-04-19T00:15:40.178+0000] {logging_mixin.py:188} INFO - [2026-04-19T00:15:40.178+0000] {dag.py:3823} INFO - Setting next_dagrun for tutorial to 2026-04-18 00:00:00+00:00, run_after=2026-04-19 00:00:00+00:00
[2026-04-19T00:15:40.204+0000] {processor.py:183} INFO - Processing /home/airflow/.local/lib/python3.8/site-packages/airflow/example_dags/tutorial.py took 0.111 seconds
[2026-04-19T00:16:10.711+0000] {processor.py:161} INFO - Started process (PID=11813) to work on /home/airflow/.local/lib/python3.8/site-packages/airflow/example_dags/tutorial.py
[2026-04-19T00:16:10.713+0000] {processor.py:830} INFO - Processing file /home/airflow/.local/lib/python3.8/site-packages/airflow/example_dags/tutorial.py for tasks to queue
[2026-04-19T00:16:10.715+0000] {logging_mixin.py:188} INFO - [2026-04-19T00:16:10.715+0000] {dagbag.py:538} INFO - Filling up the DagBag from /home/airflow/.local/lib/python3.8/site-packages/airflow/example_dags/tutorial.py
[2026-04-19T00:16:10.724+0000] {processor.py:840} INFO - DAG(s) 'tutorial' retrieved from /home/airflow/.local/lib/python3.8/site-packages/airflow/example_dags/tutorial.py
[2026-04-19T00:16:10.756+0000] {logging_mixin.py:188} INFO - [2026-04-19T00:16:10.756+0000] {dag.py:3036} INFO - Sync 1 DAGs
[2026-04-19T00:16:10.789+0000] {logging_mixin.py:188} INFO - [2026-04-19T00:16:10.789+0000] {dag.py:3823} INFO - Setting next_dagrun for tutorial to 2026-04-18 00:00:00+00:00, run_after=2026-04-19 00:00:00+00:00
[2026-04-19T00:16:10.814+0000] {processor.py:183} INFO - Processing /home/airflow/.local/lib/python3.8/site-packages/airflow/example_dags/tutorial.py took 0.108 seconds
[2026-04-19T00:16:41.095+0000] {processor.py:161} INFO - Started process (PID=11868) to work on /home/airflow/.local/lib/python3.8/site-packages/airflow/example_dags/tutorial.py
[2026-04-19T00:16:41.097+0000] {processor.py:830} INFO - Processing file /home/airflow/.local/lib/python3.8/site-packages/airflow/example_dags/tutorial.py for tasks to queue
[2026-04-19T00:16:41.099+0000] {logging_mixin.py:188} INFO - [2026-04-19T00:16:41.099+0000] {dagbag.py:538} INFO - Filling up the DagBag from /home/airflow/.local/lib/python3.8/site-packages/airflow/example_dags/tutorial.py
[2026-04-19T00:16:41.108+0000] {processor.py:840} INFO - DAG(s) 'tutorial' retrieved from /home/airflow/.local/lib/python3.8/site-packages/airflow/example_dags/tutorial.py
[2026-04-19T00:16:41.139+0000] {logging_mixin.py:188} INFO - [2026-04-19T00:16:41.139+0000] {dag.py:3036} INFO - Sync 1 DAGs
[2026-04-19T00:16:41.175+0000] {logging_mixin.py:188} INFO - [2026-04-19T00:16:41.175+0000] {dag.py:3823} INFO - Setting next_dagrun for tutorial to 2026-04-18 00:00:00+00:00, run_after=2026-04-19 00:00:00+00:00
[2026-04-19T00:16:41.199+0000] {processor.py:183} INFO - Processing /home/airflow/.local/lib/python3.8/site-packages/airflow/example_dags/tutorial.py took 0.109 seconds
[2026-04-19T00:17:11.434+0000] {processor.py:161} INFO - Started process (PID=11923) to work on /home/airflow/.local/lib/python3.8/site-packages/airflow/example_dags/tutorial.py
[2026-04-19T00:17:11.436+0000] {processor.py:830} INFO - Processing file /home/airflow/.local/lib/python3.8/site-packages/airflow/example_dags/tutorial.py for tasks to queue
[2026-04-19T00:17:11.438+0000] {logging_mixin.py:188} INFO - [2026-04-19T00:17:11.438+0000] {dagbag.py:538} INFO - Filling up the DagBag from /home/airflow/.local/lib/python3.8/site-packages/airflow/example_dags/tutorial.py
[2026-04-19T00:17:11.446+0000] {processor.py:840} INFO - DAG(s) 'tutorial' retrieved from /home/airflow/.local/lib/python3.8/site-packages/airflow/example_dags/tutorial.py
[2026-04-19T00:17:11.479+0000] {logging_mixin.py:188} INFO - [2026-04-19T00:17:11.479+0000] {dag.py:3036} INFO - Sync 1 DAGs
[2026-04-19T00:17:11.511+0000] {logging_mixin.py:188} INFO - [2026-04-19T00:17:11.511+0000] {dag.py:3823} INFO - Setting next_dagrun for tutorial to 2026-04-18 00:00:00+00:00, run_after=2026-04-19 00:00:00+00:00
[2026-04-19T00:17:11.535+0000] {processor.py:183} INFO - Processing /home/airflow/.local/lib/python3.8/site-packages/airflow/example_dags/tutorial.py took 0.105 seconds
[2026-04-19T00:17:41.978+0000] {processor.py:161} INFO - Started process (PID=11978) to work on /home/airflow/.local/lib/python3.8/site-packages/airflow/example_dags/tutorial.py
[2026-04-19T00:17:41.979+0000] {processor.py:830} INFO - Processing file /home/airflow/.local/lib/python3.8/site-packages/airflow/example_dags/tutorial.py for tasks to queue
[2026-04-19T00:17:41.982+0000] {logging_mixin.py:188} INFO - [2026-04-19T00:17:41.982+0000] {dagbag.py:538} INFO - Filling up the DagBag from /home/airflow/.local/lib/python3.8/site-packages/airflow/example_dags/tutorial.py
[2026-04-19T00:17:41.990+0000] {processor.py:840} INFO - DAG(s) 'tutorial' retrieved from /home/airflow/.local/lib/python3.8/site-packages/airflow/example_dags/tutorial.py
[2026-04-19T00:17:42.024+0000] {logging_mixin.py:188} INFO - [2026-04-19T00:17:42.024+0000] {dag.py:3036} INFO - Sync 1 DAGs
[2026-04-19T00:17:42.061+0000] {logging_mixin.py:188} INFO - [2026-04-19T00:17:42.060+0000] {dag.py:3823} INFO - Setting next_dagrun for tutorial to 2026-04-18 00:00:00+00:00, run_after=2026-04-19 00:00:00+00:00
[2026-04-19T00:17:42.089+0000] {processor.py:183} INFO - Processing /home/airflow/.local/lib/python3.8/site-packages/airflow/example_dags/tutorial.py took 0.116 seconds
[2026-04-19T00:18:12.513+0000] {processor.py:161} INFO - Started process (PID=12033) to work on /home/airflow/.local/lib/python3.8/site-packages/airflow/example_dags/tutorial.py
[2026-04-19T00:18:12.515+0000] {processor.py:830} INFO - Processing file /home/airflow/.local/lib/python3.8/site-packages/airflow/example_dags/tutorial.py for tasks to queue
[2026-04-19T00:18:12.518+0000] {logging_mixin.py:188} INFO - [2026-04-19T00:18:12.517+0000] {dagbag.py:538} INFO - Filling up the DagBag from /home/airflow/.local/lib/python3.8/site-packages/airflow/example_dags/tutorial.py
[2026-04-19T00:18:12.527+0000] {processor.py:840} INFO - DAG(s) 'tutorial' retrieved from /home/airflow/.local/lib/python3.8/site-packages/airflow/example_dags/tutorial.py
[2026-04-19T00:18:12.561+0000] {logging_mixin.py:188} INFO - [2026-04-19T00:18:12.560+0000] {dag.py:3036} INFO - Sync 1 DAGs
[2026-04-19T00:18:12.595+0000] {logging_mixin.py:188} INFO - [2026-04-19T00:18:12.594+0000] {dag.py:3823} INFO - Setting next_dagrun for tutorial to 2026-04-18 00:00:00+00:00, run_after=2026-04-19 00:00:00+00:00
[2026-04-19T00:18:12.623+0000] {processor.py:183} INFO - Processing /home/airflow/.local/lib/python3.8/site-packages/airflow/example_dags/tutorial.py took 0.116 seconds
[2026-04-19T00:18:43.063+0000] {processor.py:161} INFO - Started process (PID=12088) to work on /home/airflow/.local/lib/python3.8/site-packages/airflow/example_dags/tutorial.py
[2026-04-19T00:18:43.065+0000] {processor.py:830} INFO - Processing file /home/airflow/.local/lib/python3.8/site-packages/airflow/example_dags/tutorial.py for tasks to queue
[2026-04-19T00:18:43.067+0000] {logging_mixin.py:188} INFO - [2026-04-19T00:18:43.067+0000] {dagbag.py:538} INFO - Filling up the DagBag from /home/airflow/.local/lib/python3.8/site-packages/airflow/example_dags/tutorial.py
[2026-04-19T00:18:43.075+0000] {processor.py:840} INFO - DAG(s) 'tutorial' retrieved from /home/airflow/.local/lib/python3.8/site-packages/airflow/example_dags/tutorial.py
[2026-04-19T00:18:43.108+0000] {logging_mixin.py:188} INFO - [2026-04-19T00:18:43.107+0000] {dag.py:3036} INFO - Sync 1 DAGs
[2026-04-19T00:18:43.146+0000] {logging_mixin.py:188} INFO - [2026-04-19T00:18:43.146+0000] {dag.py:3823} INFO - Setting next_dagrun for tutorial to 2026-04-18 00:00:00+00:00, run_after=2026-04-19 00:00:00+00:00
[2026-04-19T00:18:43.177+0000] {processor.py:183} INFO - Processing /home/airflow/.local/lib/python3.8/site-packages/airflow/example_dags/tutorial.py took 0.119 seconds
[2026-04-19T00:19:13.464+0000] {processor.py:161} INFO - Started process (PID=12142) to work on /home/airflow/.local/lib/python3.8/site-packages/airflow/example_dags/tutorial.py
[2026-04-19T00:19:13.465+0000] {processor.py:830} INFO - Processing file /home/airflow/.local/lib/python3.8/site-packages/airflow/example_dags/tutorial.py for tasks to queue
[2026-04-19T00:19:13.468+0000] {logging_mixin.py:188} INFO - [2026-04-19T00:19:13.467+0000] {dagbag.py:538} INFO - Filling up the DagBag from /home/airflow/.local/lib/python3.8/site-packages/airflow/example_dags/tutorial.py
[2026-04-19T00:19:13.477+0000] {processor.py:840} INFO - DAG(s) 'tutorial' retrieved from /home/airflow/.local/lib/python3.8/site-packages/airflow/example_dags/tutorial.py
[2026-04-19T00:19:13.510+0000] {logging_mixin.py:188} INFO - [2026-04-19T00:19:13.510+0000] {dag.py:3036} INFO - Sync 1 DAGs
[2026-04-19T00:19:13.544+0000] {logging_mixin.py:188} INFO - [2026-04-19T00:19:13.543+0000] {dag.py:3823} INFO - Setting next_dagrun for tutorial to 2026-04-18 00:00:00+00:00, run_after=2026-04-19 00:00:00+00:00
[2026-04-19T00:19:13.569+0000] {processor.py:183} INFO - Processing /home/airflow/.local/lib/python3.8/site-packages/airflow/example_dags/tutorial.py took 0.111 seconds
[2026-04-19T00:19:43.876+0000] {processor.py:161} INFO - Started process (PID=12197) to work on /home/airflow/.local/lib/python3.8/site-packages/airflow/example_dags/tutorial.py
[2026-04-19T00:19:43.877+0000] {processor.py:830} INFO - Processing file /home/airflow/.local/lib/python3.8/site-packages/airflow/example_dags/tutorial.py for tasks to queue
[2026-04-19T00:19:43.880+0000] {logging_mixin.py:188} INFO - [2026-04-19T00:19:43.880+0000] {dagbag.py:538} INFO - Filling up the DagBag from /home/airflow/.local/lib/python3.8/site-packages/airflow/example_dags/tutorial.py
[2026-04-19T00:19:43.888+0000] {processor.py:840} INFO - DAG(s) 'tutorial' retrieved from /home/airflow/.local/lib/python3.8/site-packages/airflow/example_dags/tutorial.py
[2026-04-19T00:19:43.920+0000] {logging_mixin.py:188} INFO - [2026-04-19T00:19:43.920+0000] {dag.py:3036} INFO - Sync 1 DAGs
[2026-04-19T00:19:43.952+0000] {logging_mixin.py:188} INFO - [2026-04-19T00:19:43.952+0000] {dag.py:3823} INFO - Setting next_dagrun for tutorial to 2026-04-18 00:00:00+00:00, run_after=2026-04-19 00:00:00+00:00
[2026-04-19T00:19:43.977+0000] {processor.py:183} INFO - Processing /home/airflow/.local/lib/python3.8/site-packages/airflow/example_dags/tutorial.py took 0.105 seconds
[2026-04-19T00:20:14.341+0000] {processor.py:161} INFO - Started process (PID=12252) to work on /home/airflow/.local/lib/python3.8/site-packages/airflow/example_dags/tutorial.py
[2026-04-19T00:20:14.342+0000] {processor.py:830} INFO - Processing file /home/airflow/.local/lib/python3.8/site-packages/airflow/example_dags/tutorial.py for tasks to queue
[2026-04-19T00:20:14.344+0000] {logging_mixin.py:188} INFO - [2026-04-19T00:20:14.344+0000] {dagbag.py:538} INFO - Filling up the DagBag from /home/airflow/.local/lib/python3.8/site-packages/airflow/example_dags/tutorial.py
[2026-04-19T00:20:14.352+0000] {processor.py:840} INFO - DAG(s) 'tutorial' retrieved from /home/airflow/.local/lib/python3.8/site-packages/airflow/example_dags/tutorial.py
[2026-04-19T00:20:14.381+0000] {logging_mixin.py:188} INFO - [2026-04-19T00:20:14.381+0000] {dag.py:3036} INFO - Sync 1 DAGs
[2026-04-19T00:20:14.412+0000] {logging_mixin.py:188} INFO - [2026-04-19T00:20:14.412+0000] {dag.py:3823} INFO - Setting next_dagrun for tutorial to 2026-04-18 00:00:00+00:00, run_after=2026-04-19 00:00:00+00:00
[2026-04-19T00:20:14.436+0000] {processor.py:183} INFO - Processing /home/airflow/.local/lib/python3.8/site-packages/airflow/example_dags/tutorial.py took 0.100 seconds
[2026-04-19T00:20:44.696+0000] {processor.py:161} INFO - Started process (PID=12307) to work on /home/airflow/.local/lib/python3.8/site-packages/airflow/example_dags/tutorial.py
[2026-04-19T00:20:44.698+0000] {processor.py:830} INFO - Processing file /home/airflow/.local/lib/python3.8/site-packages/airflow/example_dags/tutorial.py for tasks to queue
[2026-04-19T00:20:44.701+0000] {logging_mixin.py:188} INFO - [2026-04-19T00:20:44.701+0000] {dagbag.py:538} INFO - Filling up the DagBag from /home/airflow/.local/lib/python3.8/site-packages/airflow/example_dags/tutorial.py
[2026-04-19T00:20:44.711+0000] {processor.py:840} INFO - DAG(s) 'tutorial' retrieved from /home/airflow/.local/lib/python3.8/site-packages/airflow/example_dags/tutorial.py
[2026-04-19T00:20:44.741+0000] {logging_mixin.py:188} INFO - [2026-04-19T00:20:44.740+0000] {dag.py:3036} INFO - Sync 1 DAGs
[2026-04-19T00:20:44.771+0000] {logging_mixin.py:188} INFO - [2026-04-19T00:20:44.770+0000] {dag.py:3823} INFO - Setting next_dagrun for tutorial to 2026-04-18 00:00:00+00:00, run_after=2026-04-19 00:00:00+00:00
[2026-04-19T00:20:44.797+0000] {processor.py:183} INFO - Processing /home/airflow/.local/lib/python3.8/site-packages/airflow/example_dags/tutorial.py took 0.105 seconds
[2026-04-19T00:21:15.107+0000] {processor.py:161} INFO - Started process (PID=12362) to work on /home/airflow/.local/lib/python3.8/site-packages/airflow/example_dags/tutorial.py
[2026-04-19T00:21:15.108+0000] {processor.py:830} INFO - Processing file /home/airflow/.local/lib/python3.8/site-packages/airflow/example_dags/tutorial.py for tasks to queue
[2026-04-19T00:21:15.110+0000] {logging_mixin.py:188} INFO - [2026-04-19T00:21:15.110+0000] {dagbag.py:538} INFO - Filling up the DagBag from /home/airflow/.local/lib/python3.8/site-packages/airflow/example_dags/tutorial.py
[2026-04-19T00:21:15.118+0000] {processor.py:840} INFO - DAG(s) 'tutorial' retrieved from /home/airflow/.local/lib/python3.8/site-packages/airflow/example_dags/tutorial.py
[2026-04-19T00:21:15.148+0000] {logging_mixin.py:188} INFO - [2026-04-19T00:21:15.147+0000] {dag.py:3036} INFO - Sync 1 DAGs
[2026-04-19T00:21:15.176+0000] {logging_mixin.py:188} INFO - [2026-04-19T00:21:15.176+0000] {dag.py:3823} INFO - Setting next_dagrun for tutorial to 2026-04-18 00:00:00+00:00, run_after=2026-04-19 00:00:00+00:00
[2026-04-19T00:21:15.200+0000] {processor.py:183} INFO - Processing /home/airflow/.local/lib/python3.8/site-packages/airflow/example_dags/tutorial.py took 0.098 seconds
[2026-04-19T00:21:45.645+0000] {processor.py:161} INFO - Started process (PID=12417) to work on /home/airflow/.local/lib/python3.8/site-packages/airflow/example_dags/tutorial.py
[2026-04-19T00:21:45.646+0000] {processor.py:830} INFO - Processing file /home/airflow/.local/lib/python3.8/site-packages/airflow/example_dags/tutorial.py for tasks to queue
[2026-04-19T00:21:45.649+0000] {logging_mixin.py:188} INFO - [2026-04-19T00:21:45.648+0000] {dagbag.py:538} INFO - Filling up the DagBag from /home/airflow/.local/lib/python3.8/site-packages/airflow/example_dags/tutorial.py
[2026-04-19T00:21:45.658+0000] {processor.py:840} INFO - DAG(s) 'tutorial' retrieved from /home/airflow/.local/lib/python3.8/site-packages/airflow/example_dags/tutorial.py
[2026-04-19T00:21:45.692+0000] {logging_mixin.py:188} INFO - [2026-04-19T00:21:45.692+0000] {dag.py:3036} INFO - Sync 1 DAGs
[2026-04-19T00:21:45.731+0000] {logging_mixin.py:188} INFO - [2026-04-19T00:21:45.731+0000] {dag.py:3823} INFO - Setting next_dagrun for tutorial to 2026-04-18 00:00:00+00:00, run_after=2026-04-19 00:00:00+00:00
[2026-04-19T00:21:45.760+0000] {processor.py:183} INFO - Processing /home/airflow/.local/lib/python3.8/site-packages/airflow/example_dags/tutorial.py took 0.121 seconds
[2026-04-19T00:22:15.904+0000] {processor.py:161} INFO - Started process (PID=12472) to work on /home/airflow/.local/lib/python3.8/site-packages/airflow/example_dags/tutorial.py
[2026-04-19T00:22:15.905+0000] {processor.py:830} INFO - Processing file /home/airflow/.local/lib/python3.8/site-packages/airflow/example_dags/tutorial.py for tasks to queue
[2026-04-19T00:22:15.907+0000] {logging_mixin.py:188} INFO - [2026-04-19T00:22:15.907+0000] {dagbag.py:538} INFO - Filling up the DagBag from /home/airflow/.local/lib/python3.8/site-packages/airflow/example_dags/tutorial.py
[2026-04-19T00:22:15.916+0000] {processor.py:840} INFO - DAG(s) 'tutorial' retrieved from /home/airflow/.local/lib/python3.8/site-packages/airflow/example_dags/tutorial.py
[2026-04-19T00:22:15.946+0000] {logging_mixin.py:188} INFO - [2026-04-19T00:22:15.946+0000] {dag.py:3036} INFO - Sync 1 DAGs
[2026-04-19T00:22:15.977+0000] {logging_mixin.py:188} INFO - [2026-04-19T00:22:15.977+0000] {dag.py:3823} INFO - Setting next_dagrun for tutorial to 2026-04-18 00:00:00+00:00, run_after=2026-04-19 00:00:00+00:00
[2026-04-19T00:22:16.004+0000] {processor.py:183} INFO - Processing /home/airflow/.local/lib/python3.8/site-packages/airflow/example_dags/tutorial.py took 0.105 seconds
[2026-04-19T00:22:46.612+0000] {processor.py:161} INFO - Started process (PID=12527) to work on /home/airflow/.local/lib/python3.8/site-packages/airflow/example_dags/tutorial.py
[2026-04-19T00:22:46.613+0000] {processor.py:830} INFO - Processing file /home/airflow/.local/lib/python3.8/site-packages/airflow/example_dags/tutorial.py for tasks to queue
[2026-04-19T00:22:46.616+0000] {logging_mixin.py:188} INFO - [2026-04-19T00:22:46.615+0000] {dagbag.py:538} INFO - Filling up the DagBag from /home/airflow/.local/lib/python3.8/site-packages/airflow/example_dags/tutorial.py
[2026-04-19T00:22:46.624+0000] {processor.py:840} INFO - DAG(s) 'tutorial' retrieved from /home/airflow/.local/lib/python3.8/site-packages/airflow/example_dags/tutorial.py
[2026-04-19T00:22:46.652+0000] {logging_mixin.py:188} INFO - [2026-04-19T00:22:46.652+0000] {dag.py:3036} INFO - Sync 1 DAGs
[2026-04-19T00:22:46.682+0000] {logging_mixin.py:188} INFO - [2026-04-19T00:22:46.681+0000] {dag.py:3823} INFO - Setting next_dagrun for tutorial to 2026-04-18 00:00:00+00:00, run_after=2026-04-19 00:00:00+00:00
[2026-04-19T00:22:46.704+0000] {processor.py:183} INFO - Processing /home/airflow/.local/lib/python3.8/site-packages/airflow/example_dags/tutorial.py took 0.099 seconds
[2026-04-19T00:23:16.883+0000] {processor.py:161} INFO - Started process (PID=12582) to work on /home/airflow/.local/lib/python3.8/site-packages/airflow/example_dags/tutorial.py
[2026-04-19T00:23:16.885+0000] {processor.py:830} INFO - Processing file /home/airflow/.local/lib/python3.8/site-packages/airflow/example_dags/tutorial.py for tasks to queue
[2026-04-19T00:23:16.888+0000] {logging_mixin.py:188} INFO - [2026-04-19T00:23:16.887+0000] {dagbag.py:538} INFO - Filling up the DagBag from /home/airflow/.local/lib/python3.8/site-packages/airflow/example_dags/tutorial.py
[2026-04-19T00:23:16.897+0000] {processor.py:840} INFO - DAG(s) 'tutorial' retrieved from /home/airflow/.local/lib/python3.8/site-packages/airflow/example_dags/tutorial.py
[2026-04-19T00:23:16.932+0000] {logging_mixin.py:188} INFO - [2026-04-19T00:23:16.931+0000] {dag.py:3036} INFO - Sync 1 DAGs
[2026-04-19T00:23:16.965+0000] {logging_mixin.py:188} INFO - [2026-04-19T00:23:16.964+0000] {dag.py:3823} INFO - Setting next_dagrun for tutorial to 2026-04-18 00:00:00+00:00, run_after=2026-04-19 00:00:00+00:00
[2026-04-19T00:23:16.996+0000] {processor.py:183} INFO - Processing /home/airflow/.local/lib/python3.8/site-packages/airflow/example_dags/tutorial.py took 0.118 seconds
[2026-04-19T00:23:47.210+0000] {processor.py:161} INFO - Started process (PID=12637) to work on /home/airflow/.local/lib/python3.8/site-packages/airflow/example_dags/tutorial.py
[2026-04-19T00:23:47.212+0000] {processor.py:830} INFO - Processing file /home/airflow/.local/lib/python3.8/site-packages/airflow/example_dags/tutorial.py for tasks to queue
[2026-04-19T00:23:47.215+0000] {logging_mixin.py:188} INFO - [2026-04-19T00:23:47.214+0000] {dagbag.py:538} INFO - Filling up the DagBag from /home/airflow/.local/lib/python3.8/site-packages/airflow/example_dags/tutorial.py
[2026-04-19T00:23:47.225+0000] {processor.py:840} INFO - DAG(s) 'tutorial' retrieved from /home/airflow/.local/lib/python3.8/site-packages/airflow/example_dags/tutorial.py
[2026-04-19T00:23:47.260+0000] {logging_mixin.py:188} INFO - [2026-04-19T00:23:47.259+0000] {dag.py:3036} INFO - Sync 1 DAGs
[2026-04-19T00:23:47.296+0000] {logging_mixin.py:188} INFO - [2026-04-19T00:23:47.296+0000] {dag.py:3823} INFO - Setting next_dagrun for tutorial to 2026-04-18 00:00:00+00:00, run_after=2026-04-19 00:00:00+00:00
[2026-04-19T00:23:47.320+0000] {processor.py:183} INFO - Processing /home/airflow/.local/lib/python3.8/site-packages/airflow/example_dags/tutorial.py took 0.116 seconds
[2026-04-19T00:24:17.420+0000] {processor.py:161} INFO - Started process (PID=12692) to work on /home/airflow/.local/lib/python3.8/site-packages/airflow/example_dags/tutorial.py
[2026-04-19T00:24:17.421+0000] {processor.py:830} INFO - Processing file /home/airflow/.local/lib/python3.8/site-packages/airflow/example_dags/tutorial.py for tasks to queue
[2026-04-19T00:24:17.424+0000] {logging_mixin.py:188} INFO - [2026-04-19T00:24:17.424+0000] {dagbag.py:538} INFO - Filling up the DagBag from /home/airflow/.local/lib/python3.8/site-packages/airflow/example_dags/tutorial.py
[2026-04-19T00:24:17.433+0000] {processor.py:840} INFO - DAG(s) 'tutorial' retrieved from /home/airflow/.local/lib/python3.8/site-packages/airflow/example_dags/tutorial.py
[2026-04-19T00:24:17.464+0000] {logging_mixin.py:188} INFO - [2026-04-19T00:24:17.464+0000] {dag.py:3036} INFO - Sync 1 DAGs
[2026-04-19T00:24:17.496+0000] {logging_mixin.py:188} INFO - [2026-04-19T00:24:17.495+0000] {dag.py:3823} INFO - Setting next_dagrun for tutorial to 2026-04-18 00:00:00+00:00, run_after=2026-04-19 00:00:00+00:00
[2026-04-19T00:24:17.522+0000] {processor.py:183} INFO - Processing /home/airflow/.local/lib/python3.8/site-packages/airflow/example_dags/tutorial.py took 0.107 seconds
