[2026-04-19T00:00:22.199+0000] {processor.py:161} INFO - Started process (PID=10095) to work on /home/airflow/.local/lib/python3.8/site-packages/airflow/example_dags/tutorial_objectstorage.py
[2026-04-19T00:00:22.200+0000] {processor.py:830} INFO - Processing file /home/airflow/.local/lib/python3.8/site-packages/airflow/example_dags/tutorial_objectstorage.py for tasks to queue
[2026-04-19T00:00:22.203+0000] {logging_mixin.py:188} INFO - [2026-04-19T00:00:22.203+0000] {dagbag.py:538} INFO - Filling up the DagBag from /home/airflow/.local/lib/python3.8/site-packages/airflow/example_dags/tutorial_objectstorage.py
[2026-04-19T00:00:22.214+0000] {processor.py:840} INFO - DAG(s) 'tutorial_objectstorage' retrieved from /home/airflow/.local/lib/python3.8/site-packages/airflow/example_dags/tutorial_objectstorage.py
[2026-04-19T00:00:22.246+0000] {logging_mixin.py:188} INFO - [2026-04-19T00:00:22.246+0000] {dag.py:3036} INFO - Sync 1 DAGs
[2026-04-19T00:00:22.263+0000] {logging_mixin.py:188} INFO - [2026-04-19T00:00:22.263+0000] {dag.py:3823} INFO - Setting next_dagrun for tutorial_objectstorage to None, run_after=None
[2026-04-19T00:00:22.288+0000] {processor.py:183} INFO - Processing /home/airflow/.local/lib/python3.8/site-packages/airflow/example_dags/tutorial_objectstorage.py took 0.095 seconds
[2026-04-19T00:00:52.759+0000] {processor.py:161} INFO - Started process (PID=10150) to work on /home/airflow/.local/lib/python3.8/site-packages/airflow/example_dags/tutorial_objectstorage.py
[2026-04-19T00:00:52.760+0000] {processor.py:830} INFO - Processing file /home/airflow/.local/lib/python3.8/site-packages/airflow/example_dags/tutorial_objectstorage.py for tasks to queue
[2026-04-19T00:00:52.763+0000] {logging_mixin.py:188} INFO - [2026-04-19T00:00:52.763+0000] {dagbag.py:538} INFO - Filling up the DagBag from /home/airflow/.local/lib/python3.8/site-packages/airflow/example_dags/tutorial_objectstorage.py
[2026-04-19T00:00:52.773+0000] {processor.py:840} INFO - DAG(s) 'tutorial_objectstorage' retrieved from /home/airflow/.local/lib/python3.8/site-packages/airflow/example_dags/tutorial_objectstorage.py
[2026-04-19T00:00:52.803+0000] {logging_mixin.py:188} INFO - [2026-04-19T00:00:52.802+0000] {dag.py:3036} INFO - Sync 1 DAGs
[2026-04-19T00:00:52.819+0000] {logging_mixin.py:188} INFO - [2026-04-19T00:00:52.819+0000] {dag.py:3823} INFO - Setting next_dagrun for tutorial_objectstorage to None, run_after=None
[2026-04-19T00:00:52.844+0000] {processor.py:183} INFO - Processing /home/airflow/.local/lib/python3.8/site-packages/airflow/example_dags/tutorial_objectstorage.py took 0.093 seconds
[2026-04-19T00:01:23.068+0000] {processor.py:161} INFO - Started process (PID=10205) to work on /home/airflow/.local/lib/python3.8/site-packages/airflow/example_dags/tutorial_objectstorage.py
[2026-04-19T00:01:23.069+0000] {processor.py:830} INFO - Processing file /home/airflow/.local/lib/python3.8/site-packages/airflow/example_dags/tutorial_objectstorage.py for tasks to queue
[2026-04-19T00:01:23.072+0000] {logging_mixin.py:188} INFO - [2026-04-19T00:01:23.071+0000] {dagbag.py:538} INFO - Filling up the DagBag from /home/airflow/.local/lib/python3.8/site-packages/airflow/example_dags/tutorial_objectstorage.py
[2026-04-19T00:01:23.081+0000] {processor.py:840} INFO - DAG(s) 'tutorial_objectstorage' retrieved from /home/airflow/.local/lib/python3.8/site-packages/airflow/example_dags/tutorial_objectstorage.py
[2026-04-19T00:01:23.113+0000] {logging_mixin.py:188} INFO - [2026-04-19T00:01:23.113+0000] {dag.py:3036} INFO - Sync 1 DAGs
[2026-04-19T00:01:23.130+0000] {logging_mixin.py:188} INFO - [2026-04-19T00:01:23.129+0000] {dag.py:3823} INFO - Setting next_dagrun for tutorial_objectstorage to None, run_after=None
[2026-04-19T00:01:23.151+0000] {processor.py:183} INFO - Processing /home/airflow/.local/lib/python3.8/site-packages/airflow/example_dags/tutorial_objectstorage.py took 0.087 seconds
[2026-04-19T00:01:53.381+0000] {processor.py:161} INFO - Started process (PID=10260) to work on /home/airflow/.local/lib/python3.8/site-packages/airflow/example_dags/tutorial_objectstorage.py
[2026-04-19T00:01:53.382+0000] {processor.py:830} INFO - Processing file /home/airflow/.local/lib/python3.8/site-packages/airflow/example_dags/tutorial_objectstorage.py for tasks to queue
[2026-04-19T00:01:53.385+0000] {logging_mixin.py:188} INFO - [2026-04-19T00:01:53.384+0000] {dagbag.py:538} INFO - Filling up the DagBag from /home/airflow/.local/lib/python3.8/site-packages/airflow/example_dags/tutorial_objectstorage.py
[2026-04-19T00:01:53.393+0000] {processor.py:840} INFO - DAG(s) 'tutorial_objectstorage' retrieved from /home/airflow/.local/lib/python3.8/site-packages/airflow/example_dags/tutorial_objectstorage.py
[2026-04-19T00:01:53.424+0000] {logging_mixin.py:188} INFO - [2026-04-19T00:01:53.424+0000] {dag.py:3036} INFO - Sync 1 DAGs
[2026-04-19T00:01:53.440+0000] {logging_mixin.py:188} INFO - [2026-04-19T00:01:53.440+0000] {dag.py:3823} INFO - Setting next_dagrun for tutorial_objectstorage to None, run_after=None
[2026-04-19T00:01:53.463+0000] {processor.py:183} INFO - Processing /home/airflow/.local/lib/python3.8/site-packages/airflow/example_dags/tutorial_objectstorage.py took 0.087 seconds
[2026-04-19T00:02:23.650+0000] {processor.py:161} INFO - Started process (PID=10315) to work on /home/airflow/.local/lib/python3.8/site-packages/airflow/example_dags/tutorial_objectstorage.py
[2026-04-19T00:02:23.651+0000] {processor.py:830} INFO - Processing file /home/airflow/.local/lib/python3.8/site-packages/airflow/example_dags/tutorial_objectstorage.py for tasks to queue
[2026-04-19T00:02:23.653+0000] {logging_mixin.py:188} INFO - [2026-04-19T00:02:23.653+0000] {dagbag.py:538} INFO - Filling up the DagBag from /home/airflow/.local/lib/python3.8/site-packages/airflow/example_dags/tutorial_objectstorage.py
[2026-04-19T00:02:23.662+0000] {processor.py:840} INFO - DAG(s) 'tutorial_objectstorage' retrieved from /home/airflow/.local/lib/python3.8/site-packages/airflow/example_dags/tutorial_objectstorage.py
[2026-04-19T00:02:23.688+0000] {logging_mixin.py:188} INFO - [2026-04-19T00:02:23.688+0000] {dag.py:3036} INFO - Sync 1 DAGs
[2026-04-19T00:02:23.705+0000] {logging_mixin.py:188} INFO - [2026-04-19T00:02:23.704+0000] {dag.py:3823} INFO - Setting next_dagrun for tutorial_objectstorage to None, run_after=None
[2026-04-19T00:02:23.728+0000] {processor.py:183} INFO - Processing /home/airflow/.local/lib/python3.8/site-packages/airflow/example_dags/tutorial_objectstorage.py took 0.083 seconds
[2026-04-19T00:02:54.100+0000] {processor.py:161} INFO - Started process (PID=10370) to work on /home/airflow/.local/lib/python3.8/site-packages/airflow/example_dags/tutorial_objectstorage.py
[2026-04-19T00:02:54.101+0000] {processor.py:830} INFO - Processing file /home/airflow/.local/lib/python3.8/site-packages/airflow/example_dags/tutorial_objectstorage.py for tasks to queue
[2026-04-19T00:02:54.104+0000] {logging_mixin.py:188} INFO - [2026-04-19T00:02:54.103+0000] {dagbag.py:538} INFO - Filling up the DagBag from /home/airflow/.local/lib/python3.8/site-packages/airflow/example_dags/tutorial_objectstorage.py
[2026-04-19T00:02:54.113+0000] {processor.py:840} INFO - DAG(s) 'tutorial_objectstorage' retrieved from /home/airflow/.local/lib/python3.8/site-packages/airflow/example_dags/tutorial_objectstorage.py
[2026-04-19T00:02:54.141+0000] {logging_mixin.py:188} INFO - [2026-04-19T00:02:54.141+0000] {dag.py:3036} INFO - Sync 1 DAGs
[2026-04-19T00:02:54.157+0000] {logging_mixin.py:188} INFO - [2026-04-19T00:02:54.157+0000] {dag.py:3823} INFO - Setting next_dagrun for tutorial_objectstorage to None, run_after=None
[2026-04-19T00:02:54.181+0000] {processor.py:183} INFO - Processing /home/airflow/.local/lib/python3.8/site-packages/airflow/example_dags/tutorial_objectstorage.py took 0.086 seconds
[2026-04-19T00:03:25.313+0000] {processor.py:161} INFO - Started process (PID=10425) to work on /home/airflow/.local/lib/python3.8/site-packages/airflow/example_dags/tutorial_objectstorage.py
[2026-04-19T00:03:25.323+0000] {processor.py:830} INFO - Processing file /home/airflow/.local/lib/python3.8/site-packages/airflow/example_dags/tutorial_objectstorage.py for tasks to queue
[2026-04-19T00:03:25.326+0000] {logging_mixin.py:188} INFO - [2026-04-19T00:03:25.325+0000] {dagbag.py:538} INFO - Filling up the DagBag from /home/airflow/.local/lib/python3.8/site-packages/airflow/example_dags/tutorial_objectstorage.py
[2026-04-19T00:03:25.335+0000] {processor.py:840} INFO - DAG(s) 'tutorial_objectstorage' retrieved from /home/airflow/.local/lib/python3.8/site-packages/airflow/example_dags/tutorial_objectstorage.py
[2026-04-19T00:03:25.363+0000] {logging_mixin.py:188} INFO - [2026-04-19T00:03:25.363+0000] {dag.py:3036} INFO - Sync 1 DAGs
[2026-04-19T00:03:25.379+0000] {logging_mixin.py:188} INFO - [2026-04-19T00:03:25.379+0000] {dag.py:3823} INFO - Setting next_dagrun for tutorial_objectstorage to None, run_after=None
[2026-04-19T00:03:25.403+0000] {processor.py:183} INFO - Processing /home/airflow/.local/lib/python3.8/site-packages/airflow/example_dags/tutorial_objectstorage.py took 0.095 seconds
[2026-04-19T00:03:55.569+0000] {processor.py:161} INFO - Started process (PID=10480) to work on /home/airflow/.local/lib/python3.8/site-packages/airflow/example_dags/tutorial_objectstorage.py
[2026-04-19T00:03:55.579+0000] {processor.py:830} INFO - Processing file /home/airflow/.local/lib/python3.8/site-packages/airflow/example_dags/tutorial_objectstorage.py for tasks to queue
[2026-04-19T00:03:55.582+0000] {logging_mixin.py:188} INFO - [2026-04-19T00:03:55.582+0000] {dagbag.py:538} INFO - Filling up the DagBag from /home/airflow/.local/lib/python3.8/site-packages/airflow/example_dags/tutorial_objectstorage.py
[2026-04-19T00:03:55.592+0000] {processor.py:840} INFO - DAG(s) 'tutorial_objectstorage' retrieved from /home/airflow/.local/lib/python3.8/site-packages/airflow/example_dags/tutorial_objectstorage.py
[2026-04-19T00:03:55.621+0000] {logging_mixin.py:188} INFO - [2026-04-19T00:03:55.620+0000] {dag.py:3036} INFO - Sync 1 DAGs
[2026-04-19T00:03:55.637+0000] {logging_mixin.py:188} INFO - [2026-04-19T00:03:55.637+0000] {dag.py:3823} INFO - Setting next_dagrun for tutorial_objectstorage to None, run_after=None
[2026-04-19T00:03:55.661+0000] {processor.py:183} INFO - Processing /home/airflow/.local/lib/python3.8/site-packages/airflow/example_dags/tutorial_objectstorage.py took 0.097 seconds
[2026-04-19T00:04:25.976+0000] {processor.py:161} INFO - Started process (PID=10536) to work on /home/airflow/.local/lib/python3.8/site-packages/airflow/example_dags/tutorial_objectstorage.py
[2026-04-19T00:04:25.977+0000] {processor.py:830} INFO - Processing file /home/airflow/.local/lib/python3.8/site-packages/airflow/example_dags/tutorial_objectstorage.py for tasks to queue
[2026-04-19T00:04:25.980+0000] {logging_mixin.py:188} INFO - [2026-04-19T00:04:25.979+0000] {dagbag.py:538} INFO - Filling up the DagBag from /home/airflow/.local/lib/python3.8/site-packages/airflow/example_dags/tutorial_objectstorage.py
[2026-04-19T00:04:25.992+0000] {processor.py:840} INFO - DAG(s) 'tutorial_objectstorage' retrieved from /home/airflow/.local/lib/python3.8/site-packages/airflow/example_dags/tutorial_objectstorage.py
[2026-04-19T00:04:26.023+0000] {logging_mixin.py:188} INFO - [2026-04-19T00:04:26.022+0000] {dag.py:3036} INFO - Sync 1 DAGs
[2026-04-19T00:04:26.041+0000] {logging_mixin.py:188} INFO - [2026-04-19T00:04:26.041+0000] {dag.py:3823} INFO - Setting next_dagrun for tutorial_objectstorage to None, run_after=None
[2026-04-19T00:04:26.066+0000] {processor.py:183} INFO - Processing /home/airflow/.local/lib/python3.8/site-packages/airflow/example_dags/tutorial_objectstorage.py took 0.097 seconds
[2026-04-19T00:04:56.191+0000] {processor.py:161} INFO - Started process (PID=10589) to work on /home/airflow/.local/lib/python3.8/site-packages/airflow/example_dags/tutorial_objectstorage.py
[2026-04-19T00:04:56.192+0000] {processor.py:830} INFO - Processing file /home/airflow/.local/lib/python3.8/site-packages/airflow/example_dags/tutorial_objectstorage.py for tasks to queue
[2026-04-19T00:04:56.195+0000] {logging_mixin.py:188} INFO - [2026-04-19T00:04:56.195+0000] {dagbag.py:538} INFO - Filling up the DagBag from /home/airflow/.local/lib/python3.8/site-packages/airflow/example_dags/tutorial_objectstorage.py
[2026-04-19T00:04:56.206+0000] {processor.py:840} INFO - DAG(s) 'tutorial_objectstorage' retrieved from /home/airflow/.local/lib/python3.8/site-packages/airflow/example_dags/tutorial_objectstorage.py
[2026-04-19T00:04:56.240+0000] {logging_mixin.py:188} INFO - [2026-04-19T00:04:56.239+0000] {dag.py:3036} INFO - Sync 1 DAGs
[2026-04-19T00:04:56.258+0000] {logging_mixin.py:188} INFO - [2026-04-19T00:04:56.258+0000] {dag.py:3823} INFO - Setting next_dagrun for tutorial_objectstorage to None, run_after=None
[2026-04-19T00:04:56.285+0000] {processor.py:183} INFO - Processing /home/airflow/.local/lib/python3.8/site-packages/airflow/example_dags/tutorial_objectstorage.py took 0.100 seconds
[2026-04-19T00:05:26.641+0000] {processor.py:161} INFO - Started process (PID=10644) to work on /home/airflow/.local/lib/python3.8/site-packages/airflow/example_dags/tutorial_objectstorage.py
[2026-04-19T00:05:26.642+0000] {processor.py:830} INFO - Processing file /home/airflow/.local/lib/python3.8/site-packages/airflow/example_dags/tutorial_objectstorage.py for tasks to queue
[2026-04-19T00:05:26.645+0000] {logging_mixin.py:188} INFO - [2026-04-19T00:05:26.644+0000] {dagbag.py:538} INFO - Filling up the DagBag from /home/airflow/.local/lib/python3.8/site-packages/airflow/example_dags/tutorial_objectstorage.py
[2026-04-19T00:05:26.653+0000] {processor.py:840} INFO - DAG(s) 'tutorial_objectstorage' retrieved from /home/airflow/.local/lib/python3.8/site-packages/airflow/example_dags/tutorial_objectstorage.py
[2026-04-19T00:05:26.684+0000] {logging_mixin.py:188} INFO - [2026-04-19T00:05:26.684+0000] {dag.py:3036} INFO - Sync 1 DAGs
[2026-04-19T00:05:26.703+0000] {logging_mixin.py:188} INFO - [2026-04-19T00:05:26.703+0000] {dag.py:3823} INFO - Setting next_dagrun for tutorial_objectstorage to None, run_after=None
[2026-04-19T00:05:26.729+0000] {processor.py:183} INFO - Processing /home/airflow/.local/lib/python3.8/site-packages/airflow/example_dags/tutorial_objectstorage.py took 0.093 seconds
[2026-04-19T00:05:56.988+0000] {processor.py:161} INFO - Started process (PID=10699) to work on /home/airflow/.local/lib/python3.8/site-packages/airflow/example_dags/tutorial_objectstorage.py
[2026-04-19T00:05:56.989+0000] {processor.py:830} INFO - Processing file /home/airflow/.local/lib/python3.8/site-packages/airflow/example_dags/tutorial_objectstorage.py for tasks to queue
[2026-04-19T00:05:56.992+0000] {logging_mixin.py:188} INFO - [2026-04-19T00:05:56.991+0000] {dagbag.py:538} INFO - Filling up the DagBag from /home/airflow/.local/lib/python3.8/site-packages/airflow/example_dags/tutorial_objectstorage.py
[2026-04-19T00:05:57.003+0000] {processor.py:840} INFO - DAG(s) 'tutorial_objectstorage' retrieved from /home/airflow/.local/lib/python3.8/site-packages/airflow/example_dags/tutorial_objectstorage.py
[2026-04-19T00:05:57.034+0000] {logging_mixin.py:188} INFO - [2026-04-19T00:05:57.033+0000] {dag.py:3036} INFO - Sync 1 DAGs
[2026-04-19T00:05:57.051+0000] {logging_mixin.py:188} INFO - [2026-04-19T00:05:57.050+0000] {dag.py:3823} INFO - Setting next_dagrun for tutorial_objectstorage to None, run_after=None
[2026-04-19T00:05:57.075+0000] {processor.py:183} INFO - Processing /home/airflow/.local/lib/python3.8/site-packages/airflow/example_dags/tutorial_objectstorage.py took 0.093 seconds
[2026-04-19T00:06:27.409+0000] {processor.py:161} INFO - Started process (PID=10754) to work on /home/airflow/.local/lib/python3.8/site-packages/airflow/example_dags/tutorial_objectstorage.py
[2026-04-19T00:06:27.411+0000] {processor.py:830} INFO - Processing file /home/airflow/.local/lib/python3.8/site-packages/airflow/example_dags/tutorial_objectstorage.py for tasks to queue
[2026-04-19T00:06:27.413+0000] {logging_mixin.py:188} INFO - [2026-04-19T00:06:27.413+0000] {dagbag.py:538} INFO - Filling up the DagBag from /home/airflow/.local/lib/python3.8/site-packages/airflow/example_dags/tutorial_objectstorage.py
[2026-04-19T00:06:27.423+0000] {processor.py:840} INFO - DAG(s) 'tutorial_objectstorage' retrieved from /home/airflow/.local/lib/python3.8/site-packages/airflow/example_dags/tutorial_objectstorage.py
[2026-04-19T00:06:27.451+0000] {logging_mixin.py:188} INFO - [2026-04-19T00:06:27.451+0000] {dag.py:3036} INFO - Sync 1 DAGs
[2026-04-19T00:06:27.467+0000] {logging_mixin.py:188} INFO - [2026-04-19T00:06:27.467+0000] {dag.py:3823} INFO - Setting next_dagrun for tutorial_objectstorage to None, run_after=None
[2026-04-19T00:06:27.492+0000] {processor.py:183} INFO - Processing /home/airflow/.local/lib/python3.8/site-packages/airflow/example_dags/tutorial_objectstorage.py took 0.087 seconds
[2026-04-19T00:06:57.626+0000] {processor.py:161} INFO - Started process (PID=10809) to work on /home/airflow/.local/lib/python3.8/site-packages/airflow/example_dags/tutorial_objectstorage.py
[2026-04-19T00:06:57.627+0000] {processor.py:830} INFO - Processing file /home/airflow/.local/lib/python3.8/site-packages/airflow/example_dags/tutorial_objectstorage.py for tasks to queue
[2026-04-19T00:06:57.630+0000] {logging_mixin.py:188} INFO - [2026-04-19T00:06:57.630+0000] {dagbag.py:538} INFO - Filling up the DagBag from /home/airflow/.local/lib/python3.8/site-packages/airflow/example_dags/tutorial_objectstorage.py
[2026-04-19T00:06:57.642+0000] {processor.py:840} INFO - DAG(s) 'tutorial_objectstorage' retrieved from /home/airflow/.local/lib/python3.8/site-packages/airflow/example_dags/tutorial_objectstorage.py
[2026-04-19T00:06:57.676+0000] {logging_mixin.py:188} INFO - [2026-04-19T00:06:57.676+0000] {dag.py:3036} INFO - Sync 1 DAGs
[2026-04-19T00:06:57.695+0000] {logging_mixin.py:188} INFO - [2026-04-19T00:06:57.695+0000] {dag.py:3823} INFO - Setting next_dagrun for tutorial_objectstorage to None, run_after=None
[2026-04-19T00:06:57.726+0000] {processor.py:183} INFO - Processing /home/airflow/.local/lib/python3.8/site-packages/airflow/example_dags/tutorial_objectstorage.py took 0.106 seconds
[2026-04-19T00:07:28.062+0000] {processor.py:161} INFO - Started process (PID=10864) to work on /home/airflow/.local/lib/python3.8/site-packages/airflow/example_dags/tutorial_objectstorage.py
[2026-04-19T00:07:28.064+0000] {processor.py:830} INFO - Processing file /home/airflow/.local/lib/python3.8/site-packages/airflow/example_dags/tutorial_objectstorage.py for tasks to queue
[2026-04-19T00:07:28.066+0000] {logging_mixin.py:188} INFO - [2026-04-19T00:07:28.066+0000] {dagbag.py:538} INFO - Filling up the DagBag from /home/airflow/.local/lib/python3.8/site-packages/airflow/example_dags/tutorial_objectstorage.py
[2026-04-19T00:07:28.076+0000] {processor.py:840} INFO - DAG(s) 'tutorial_objectstorage' retrieved from /home/airflow/.local/lib/python3.8/site-packages/airflow/example_dags/tutorial_objectstorage.py
[2026-04-19T00:07:28.107+0000] {logging_mixin.py:188} INFO - [2026-04-19T00:07:28.106+0000] {dag.py:3036} INFO - Sync 1 DAGs
[2026-04-19T00:07:28.125+0000] {logging_mixin.py:188} INFO - [2026-04-19T00:07:28.125+0000] {dag.py:3823} INFO - Setting next_dagrun for tutorial_objectstorage to None, run_after=None
[2026-04-19T00:07:28.151+0000] {processor.py:183} INFO - Processing /home/airflow/.local/lib/python3.8/site-packages/airflow/example_dags/tutorial_objectstorage.py took 0.094 seconds
[2026-04-19T00:07:58.297+0000] {processor.py:161} INFO - Started process (PID=10919) to work on /home/airflow/.local/lib/python3.8/site-packages/airflow/example_dags/tutorial_objectstorage.py
[2026-04-19T00:07:58.298+0000] {processor.py:830} INFO - Processing file /home/airflow/.local/lib/python3.8/site-packages/airflow/example_dags/tutorial_objectstorage.py for tasks to queue
[2026-04-19T00:07:58.300+0000] {logging_mixin.py:188} INFO - [2026-04-19T00:07:58.300+0000] {dagbag.py:538} INFO - Filling up the DagBag from /home/airflow/.local/lib/python3.8/site-packages/airflow/example_dags/tutorial_objectstorage.py
[2026-04-19T00:07:58.308+0000] {processor.py:840} INFO - DAG(s) 'tutorial_objectstorage' retrieved from /home/airflow/.local/lib/python3.8/site-packages/airflow/example_dags/tutorial_objectstorage.py
[2026-04-19T00:07:58.338+0000] {logging_mixin.py:188} INFO - [2026-04-19T00:07:58.337+0000] {dag.py:3036} INFO - Sync 1 DAGs
[2026-04-19T00:07:58.355+0000] {logging_mixin.py:188} INFO - [2026-04-19T00:07:58.355+0000] {dag.py:3823} INFO - Setting next_dagrun for tutorial_objectstorage to None, run_after=None
[2026-04-19T00:07:58.378+0000] {processor.py:183} INFO - Processing /home/airflow/.local/lib/python3.8/site-packages/airflow/example_dags/tutorial_objectstorage.py took 0.087 seconds
[2026-04-19T00:08:28.552+0000] {processor.py:161} INFO - Started process (PID=10974) to work on /home/airflow/.local/lib/python3.8/site-packages/airflow/example_dags/tutorial_objectstorage.py
[2026-04-19T00:08:28.553+0000] {processor.py:830} INFO - Processing file /home/airflow/.local/lib/python3.8/site-packages/airflow/example_dags/tutorial_objectstorage.py for tasks to queue
[2026-04-19T00:08:28.556+0000] {logging_mixin.py:188} INFO - [2026-04-19T00:08:28.555+0000] {dagbag.py:538} INFO - Filling up the DagBag from /home/airflow/.local/lib/python3.8/site-packages/airflow/example_dags/tutorial_objectstorage.py
[2026-04-19T00:08:28.564+0000] {processor.py:840} INFO - DAG(s) 'tutorial_objectstorage' retrieved from /home/airflow/.local/lib/python3.8/site-packages/airflow/example_dags/tutorial_objectstorage.py
[2026-04-19T00:08:28.593+0000] {logging_mixin.py:188} INFO - [2026-04-19T00:08:28.593+0000] {dag.py:3036} INFO - Sync 1 DAGs
[2026-04-19T00:08:28.610+0000] {logging_mixin.py:188} INFO - [2026-04-19T00:08:28.610+0000] {dag.py:3823} INFO - Setting next_dagrun for tutorial_objectstorage to None, run_after=None
[2026-04-19T00:08:28.634+0000] {processor.py:183} INFO - Processing /home/airflow/.local/lib/python3.8/site-packages/airflow/example_dags/tutorial_objectstorage.py took 0.087 seconds
[2026-04-19T00:08:59.005+0000] {processor.py:161} INFO - Started process (PID=11029) to work on /home/airflow/.local/lib/python3.8/site-packages/airflow/example_dags/tutorial_objectstorage.py
[2026-04-19T00:08:59.006+0000] {processor.py:830} INFO - Processing file /home/airflow/.local/lib/python3.8/site-packages/airflow/example_dags/tutorial_objectstorage.py for tasks to queue
[2026-04-19T00:08:59.008+0000] {logging_mixin.py:188} INFO - [2026-04-19T00:08:59.008+0000] {dagbag.py:538} INFO - Filling up the DagBag from /home/airflow/.local/lib/python3.8/site-packages/airflow/example_dags/tutorial_objectstorage.py
[2026-04-19T00:08:59.017+0000] {processor.py:840} INFO - DAG(s) 'tutorial_objectstorage' retrieved from /home/airflow/.local/lib/python3.8/site-packages/airflow/example_dags/tutorial_objectstorage.py
[2026-04-19T00:08:59.047+0000] {logging_mixin.py:188} INFO - [2026-04-19T00:08:59.046+0000] {dag.py:3036} INFO - Sync 1 DAGs
[2026-04-19T00:08:59.063+0000] {logging_mixin.py:188} INFO - [2026-04-19T00:08:59.063+0000] {dag.py:3823} INFO - Setting next_dagrun for tutorial_objectstorage to None, run_after=None
[2026-04-19T00:08:59.088+0000] {processor.py:183} INFO - Processing /home/airflow/.local/lib/python3.8/site-packages/airflow/example_dags/tutorial_objectstorage.py took 0.089 seconds
[2026-04-19T00:09:29.512+0000] {processor.py:161} INFO - Started process (PID=11084) to work on /home/airflow/.local/lib/python3.8/site-packages/airflow/example_dags/tutorial_objectstorage.py
[2026-04-19T00:09:29.513+0000] {processor.py:830} INFO - Processing file /home/airflow/.local/lib/python3.8/site-packages/airflow/example_dags/tutorial_objectstorage.py for tasks to queue
[2026-04-19T00:09:29.516+0000] {logging_mixin.py:188} INFO - [2026-04-19T00:09:29.515+0000] {dagbag.py:538} INFO - Filling up the DagBag from /home/airflow/.local/lib/python3.8/site-packages/airflow/example_dags/tutorial_objectstorage.py
[2026-04-19T00:09:29.526+0000] {processor.py:840} INFO - DAG(s) 'tutorial_objectstorage' retrieved from /home/airflow/.local/lib/python3.8/site-packages/airflow/example_dags/tutorial_objectstorage.py
[2026-04-19T00:09:29.557+0000] {logging_mixin.py:188} INFO - [2026-04-19T00:09:29.556+0000] {dag.py:3036} INFO - Sync 1 DAGs
[2026-04-19T00:09:29.574+0000] {logging_mixin.py:188} INFO - [2026-04-19T00:09:29.574+0000] {dag.py:3823} INFO - Setting next_dagrun for tutorial_objectstorage to None, run_after=None
[2026-04-19T00:09:29.598+0000] {processor.py:183} INFO - Processing /home/airflow/.local/lib/python3.8/site-packages/airflow/example_dags/tutorial_objectstorage.py took 0.091 seconds
[2026-04-19T00:09:59.988+0000] {processor.py:161} INFO - Started process (PID=11139) to work on /home/airflow/.local/lib/python3.8/site-packages/airflow/example_dags/tutorial_objectstorage.py
[2026-04-19T00:09:59.989+0000] {processor.py:830} INFO - Processing file /home/airflow/.local/lib/python3.8/site-packages/airflow/example_dags/tutorial_objectstorage.py for tasks to queue
[2026-04-19T00:09:59.991+0000] {logging_mixin.py:188} INFO - [2026-04-19T00:09:59.991+0000] {dagbag.py:538} INFO - Filling up the DagBag from /home/airflow/.local/lib/python3.8/site-packages/airflow/example_dags/tutorial_objectstorage.py
[2026-04-19T00:10:00.003+0000] {processor.py:840} INFO - DAG(s) 'tutorial_objectstorage' retrieved from /home/airflow/.local/lib/python3.8/site-packages/airflow/example_dags/tutorial_objectstorage.py
[2026-04-19T00:10:00.035+0000] {logging_mixin.py:188} INFO - [2026-04-19T00:10:00.035+0000] {dag.py:3036} INFO - Sync 1 DAGs
[2026-04-19T00:10:00.054+0000] {logging_mixin.py:188} INFO - [2026-04-19T00:10:00.053+0000] {dag.py:3823} INFO - Setting next_dagrun for tutorial_objectstorage to None, run_after=None
[2026-04-19T00:10:00.078+0000] {processor.py:183} INFO - Processing /home/airflow/.local/lib/python3.8/site-packages/airflow/example_dags/tutorial_objectstorage.py took 0.096 seconds
[2026-04-19T00:10:30.434+0000] {processor.py:161} INFO - Started process (PID=11194) to work on /home/airflow/.local/lib/python3.8/site-packages/airflow/example_dags/tutorial_objectstorage.py
[2026-04-19T00:10:30.436+0000] {processor.py:830} INFO - Processing file /home/airflow/.local/lib/python3.8/site-packages/airflow/example_dags/tutorial_objectstorage.py for tasks to queue
[2026-04-19T00:10:30.439+0000] {logging_mixin.py:188} INFO - [2026-04-19T00:10:30.439+0000] {dagbag.py:538} INFO - Filling up the DagBag from /home/airflow/.local/lib/python3.8/site-packages/airflow/example_dags/tutorial_objectstorage.py
[2026-04-19T00:10:30.453+0000] {processor.py:840} INFO - DAG(s) 'tutorial_objectstorage' retrieved from /home/airflow/.local/lib/python3.8/site-packages/airflow/example_dags/tutorial_objectstorage.py
[2026-04-19T00:10:30.490+0000] {logging_mixin.py:188} INFO - [2026-04-19T00:10:30.489+0000] {dag.py:3036} INFO - Sync 1 DAGs
[2026-04-19T00:10:30.508+0000] {logging_mixin.py:188} INFO - [2026-04-19T00:10:30.508+0000] {dag.py:3823} INFO - Setting next_dagrun for tutorial_objectstorage to None, run_after=None
[2026-04-19T00:10:30.534+0000] {processor.py:183} INFO - Processing /home/airflow/.local/lib/python3.8/site-packages/airflow/example_dags/tutorial_objectstorage.py took 0.107 seconds
[2026-04-19T00:11:00.980+0000] {processor.py:161} INFO - Started process (PID=11249) to work on /home/airflow/.local/lib/python3.8/site-packages/airflow/example_dags/tutorial_objectstorage.py
[2026-04-19T00:11:00.981+0000] {processor.py:830} INFO - Processing file /home/airflow/.local/lib/python3.8/site-packages/airflow/example_dags/tutorial_objectstorage.py for tasks to queue
[2026-04-19T00:11:00.983+0000] {logging_mixin.py:188} INFO - [2026-04-19T00:11:00.983+0000] {dagbag.py:538} INFO - Filling up the DagBag from /home/airflow/.local/lib/python3.8/site-packages/airflow/example_dags/tutorial_objectstorage.py
[2026-04-19T00:11:00.992+0000] {processor.py:840} INFO - DAG(s) 'tutorial_objectstorage' retrieved from /home/airflow/.local/lib/python3.8/site-packages/airflow/example_dags/tutorial_objectstorage.py
[2026-04-19T00:11:01.025+0000] {logging_mixin.py:188} INFO - [2026-04-19T00:11:01.024+0000] {dag.py:3036} INFO - Sync 1 DAGs
[2026-04-19T00:11:01.043+0000] {logging_mixin.py:188} INFO - [2026-04-19T00:11:01.043+0000] {dag.py:3823} INFO - Setting next_dagrun for tutorial_objectstorage to None, run_after=None
[2026-04-19T00:11:01.069+0000] {processor.py:183} INFO - Processing /home/airflow/.local/lib/python3.8/site-packages/airflow/example_dags/tutorial_objectstorage.py took 0.094 seconds
[2026-04-19T00:11:31.475+0000] {processor.py:161} INFO - Started process (PID=11304) to work on /home/airflow/.local/lib/python3.8/site-packages/airflow/example_dags/tutorial_objectstorage.py
[2026-04-19T00:11:31.476+0000] {processor.py:830} INFO - Processing file /home/airflow/.local/lib/python3.8/site-packages/airflow/example_dags/tutorial_objectstorage.py for tasks to queue
[2026-04-19T00:11:31.479+0000] {logging_mixin.py:188} INFO - [2026-04-19T00:11:31.478+0000] {dagbag.py:538} INFO - Filling up the DagBag from /home/airflow/.local/lib/python3.8/site-packages/airflow/example_dags/tutorial_objectstorage.py
[2026-04-19T00:11:31.487+0000] {processor.py:840} INFO - DAG(s) 'tutorial_objectstorage' retrieved from /home/airflow/.local/lib/python3.8/site-packages/airflow/example_dags/tutorial_objectstorage.py
[2026-04-19T00:11:31.516+0000] {logging_mixin.py:188} INFO - [2026-04-19T00:11:31.516+0000] {dag.py:3036} INFO - Sync 1 DAGs
[2026-04-19T00:11:31.535+0000] {logging_mixin.py:188} INFO - [2026-04-19T00:11:31.534+0000] {dag.py:3823} INFO - Setting next_dagrun for tutorial_objectstorage to None, run_after=None
[2026-04-19T00:11:31.560+0000] {processor.py:183} INFO - Processing /home/airflow/.local/lib/python3.8/site-packages/airflow/example_dags/tutorial_objectstorage.py took 0.089 seconds
[2026-04-19T00:12:01.903+0000] {processor.py:161} INFO - Started process (PID=11359) to work on /home/airflow/.local/lib/python3.8/site-packages/airflow/example_dags/tutorial_objectstorage.py
[2026-04-19T00:12:01.904+0000] {processor.py:830} INFO - Processing file /home/airflow/.local/lib/python3.8/site-packages/airflow/example_dags/tutorial_objectstorage.py for tasks to queue
[2026-04-19T00:12:01.906+0000] {logging_mixin.py:188} INFO - [2026-04-19T00:12:01.906+0000] {dagbag.py:538} INFO - Filling up the DagBag from /home/airflow/.local/lib/python3.8/site-packages/airflow/example_dags/tutorial_objectstorage.py
[2026-04-19T00:12:01.914+0000] {processor.py:840} INFO - DAG(s) 'tutorial_objectstorage' retrieved from /home/airflow/.local/lib/python3.8/site-packages/airflow/example_dags/tutorial_objectstorage.py
[2026-04-19T00:12:01.940+0000] {logging_mixin.py:188} INFO - [2026-04-19T00:12:01.940+0000] {dag.py:3036} INFO - Sync 1 DAGs
[2026-04-19T00:12:01.955+0000] {logging_mixin.py:188} INFO - [2026-04-19T00:12:01.955+0000] {dag.py:3823} INFO - Setting next_dagrun for tutorial_objectstorage to None, run_after=None
[2026-04-19T00:12:01.978+0000] {processor.py:183} INFO - Processing /home/airflow/.local/lib/python3.8/site-packages/airflow/example_dags/tutorial_objectstorage.py took 0.078 seconds
[2026-04-19T00:12:32.228+0000] {processor.py:161} INFO - Started process (PID=11414) to work on /home/airflow/.local/lib/python3.8/site-packages/airflow/example_dags/tutorial_objectstorage.py
[2026-04-19T00:12:32.229+0000] {processor.py:830} INFO - Processing file /home/airflow/.local/lib/python3.8/site-packages/airflow/example_dags/tutorial_objectstorage.py for tasks to queue
[2026-04-19T00:12:32.231+0000] {logging_mixin.py:188} INFO - [2026-04-19T00:12:32.231+0000] {dagbag.py:538} INFO - Filling up the DagBag from /home/airflow/.local/lib/python3.8/site-packages/airflow/example_dags/tutorial_objectstorage.py
[2026-04-19T00:12:32.241+0000] {processor.py:840} INFO - DAG(s) 'tutorial_objectstorage' retrieved from /home/airflow/.local/lib/python3.8/site-packages/airflow/example_dags/tutorial_objectstorage.py
[2026-04-19T00:12:32.270+0000] {logging_mixin.py:188} INFO - [2026-04-19T00:12:32.269+0000] {dag.py:3036} INFO - Sync 1 DAGs
[2026-04-19T00:12:32.286+0000] {logging_mixin.py:188} INFO - [2026-04-19T00:12:32.285+0000] {dag.py:3823} INFO - Setting next_dagrun for tutorial_objectstorage to None, run_after=None
[2026-04-19T00:12:32.309+0000] {processor.py:183} INFO - Processing /home/airflow/.local/lib/python3.8/site-packages/airflow/example_dags/tutorial_objectstorage.py took 0.086 seconds
[2026-04-19T00:13:02.682+0000] {processor.py:161} INFO - Started process (PID=11469) to work on /home/airflow/.local/lib/python3.8/site-packages/airflow/example_dags/tutorial_objectstorage.py
[2026-04-19T00:13:02.683+0000] {processor.py:830} INFO - Processing file /home/airflow/.local/lib/python3.8/site-packages/airflow/example_dags/tutorial_objectstorage.py for tasks to queue
[2026-04-19T00:13:02.685+0000] {logging_mixin.py:188} INFO - [2026-04-19T00:13:02.685+0000] {dagbag.py:538} INFO - Filling up the DagBag from /home/airflow/.local/lib/python3.8/site-packages/airflow/example_dags/tutorial_objectstorage.py
[2026-04-19T00:13:02.694+0000] {processor.py:840} INFO - DAG(s) 'tutorial_objectstorage' retrieved from /home/airflow/.local/lib/python3.8/site-packages/airflow/example_dags/tutorial_objectstorage.py
[2026-04-19T00:13:02.726+0000] {logging_mixin.py:188} INFO - [2026-04-19T00:13:02.726+0000] {dag.py:3036} INFO - Sync 1 DAGs
[2026-04-19T00:13:02.745+0000] {logging_mixin.py:188} INFO - [2026-04-19T00:13:02.745+0000] {dag.py:3823} INFO - Setting next_dagrun for tutorial_objectstorage to None, run_after=None
[2026-04-19T00:13:02.772+0000] {processor.py:183} INFO - Processing /home/airflow/.local/lib/python3.8/site-packages/airflow/example_dags/tutorial_objectstorage.py took 0.095 seconds
[2026-04-19T00:13:33.087+0000] {processor.py:161} INFO - Started process (PID=11524) to work on /home/airflow/.local/lib/python3.8/site-packages/airflow/example_dags/tutorial_objectstorage.py
[2026-04-19T00:13:33.088+0000] {processor.py:830} INFO - Processing file /home/airflow/.local/lib/python3.8/site-packages/airflow/example_dags/tutorial_objectstorage.py for tasks to queue
[2026-04-19T00:13:33.091+0000] {logging_mixin.py:188} INFO - [2026-04-19T00:13:33.091+0000] {dagbag.py:538} INFO - Filling up the DagBag from /home/airflow/.local/lib/python3.8/site-packages/airflow/example_dags/tutorial_objectstorage.py
[2026-04-19T00:13:33.100+0000] {processor.py:840} INFO - DAG(s) 'tutorial_objectstorage' retrieved from /home/airflow/.local/lib/python3.8/site-packages/airflow/example_dags/tutorial_objectstorage.py
[2026-04-19T00:13:33.131+0000] {logging_mixin.py:188} INFO - [2026-04-19T00:13:33.131+0000] {dag.py:3036} INFO - Sync 1 DAGs
[2026-04-19T00:13:33.147+0000] {logging_mixin.py:188} INFO - [2026-04-19T00:13:33.147+0000] {dag.py:3823} INFO - Setting next_dagrun for tutorial_objectstorage to None, run_after=None
[2026-04-19T00:13:33.171+0000] {processor.py:183} INFO - Processing /home/airflow/.local/lib/python3.8/site-packages/airflow/example_dags/tutorial_objectstorage.py took 0.089 seconds
[2026-04-19T00:14:03.655+0000] {processor.py:161} INFO - Started process (PID=11579) to work on /home/airflow/.local/lib/python3.8/site-packages/airflow/example_dags/tutorial_objectstorage.py
[2026-04-19T00:14:03.656+0000] {processor.py:830} INFO - Processing file /home/airflow/.local/lib/python3.8/site-packages/airflow/example_dags/tutorial_objectstorage.py for tasks to queue
[2026-04-19T00:14:03.658+0000] {logging_mixin.py:188} INFO - [2026-04-19T00:14:03.658+0000] {dagbag.py:538} INFO - Filling up the DagBag from /home/airflow/.local/lib/python3.8/site-packages/airflow/example_dags/tutorial_objectstorage.py
[2026-04-19T00:14:03.669+0000] {processor.py:840} INFO - DAG(s) 'tutorial_objectstorage' retrieved from /home/airflow/.local/lib/python3.8/site-packages/airflow/example_dags/tutorial_objectstorage.py
[2026-04-19T00:14:03.702+0000] {logging_mixin.py:188} INFO - [2026-04-19T00:14:03.702+0000] {dag.py:3036} INFO - Sync 1 DAGs
[2026-04-19T00:14:03.723+0000] {logging_mixin.py:188} INFO - [2026-04-19T00:14:03.722+0000] {dag.py:3823} INFO - Setting next_dagrun for tutorial_objectstorage to None, run_after=None
[2026-04-19T00:14:03.753+0000] {processor.py:183} INFO - Processing /home/airflow/.local/lib/python3.8/site-packages/airflow/example_dags/tutorial_objectstorage.py took 0.104 seconds
[2026-04-19T00:14:34.169+0000] {processor.py:161} INFO - Started process (PID=11634) to work on /home/airflow/.local/lib/python3.8/site-packages/airflow/example_dags/tutorial_objectstorage.py
[2026-04-19T00:14:34.171+0000] {processor.py:830} INFO - Processing file /home/airflow/.local/lib/python3.8/site-packages/airflow/example_dags/tutorial_objectstorage.py for tasks to queue
[2026-04-19T00:14:34.173+0000] {logging_mixin.py:188} INFO - [2026-04-19T00:14:34.172+0000] {dagbag.py:538} INFO - Filling up the DagBag from /home/airflow/.local/lib/python3.8/site-packages/airflow/example_dags/tutorial_objectstorage.py
[2026-04-19T00:14:34.182+0000] {processor.py:840} INFO - DAG(s) 'tutorial_objectstorage' retrieved from /home/airflow/.local/lib/python3.8/site-packages/airflow/example_dags/tutorial_objectstorage.py
[2026-04-19T00:14:34.211+0000] {logging_mixin.py:188} INFO - [2026-04-19T00:14:34.211+0000] {dag.py:3036} INFO - Sync 1 DAGs
[2026-04-19T00:14:34.229+0000] {logging_mixin.py:188} INFO - [2026-04-19T00:14:34.229+0000] {dag.py:3823} INFO - Setting next_dagrun for tutorial_objectstorage to None, run_after=None
[2026-04-19T00:14:34.255+0000] {processor.py:183} INFO - Processing /home/airflow/.local/lib/python3.8/site-packages/airflow/example_dags/tutorial_objectstorage.py took 0.090 seconds
[2026-04-19T00:15:04.718+0000] {processor.py:161} INFO - Started process (PID=11689) to work on /home/airflow/.local/lib/python3.8/site-packages/airflow/example_dags/tutorial_objectstorage.py
[2026-04-19T00:15:04.720+0000] {processor.py:830} INFO - Processing file /home/airflow/.local/lib/python3.8/site-packages/airflow/example_dags/tutorial_objectstorage.py for tasks to queue
[2026-04-19T00:15:04.723+0000] {logging_mixin.py:188} INFO - [2026-04-19T00:15:04.722+0000] {dagbag.py:538} INFO - Filling up the DagBag from /home/airflow/.local/lib/python3.8/site-packages/airflow/example_dags/tutorial_objectstorage.py
[2026-04-19T00:15:04.732+0000] {processor.py:840} INFO - DAG(s) 'tutorial_objectstorage' retrieved from /home/airflow/.local/lib/python3.8/site-packages/airflow/example_dags/tutorial_objectstorage.py
[2026-04-19T00:15:04.763+0000] {logging_mixin.py:188} INFO - [2026-04-19T00:15:04.762+0000] {dag.py:3036} INFO - Sync 1 DAGs
[2026-04-19T00:15:04.781+0000] {logging_mixin.py:188} INFO - [2026-04-19T00:15:04.780+0000] {dag.py:3823} INFO - Setting next_dagrun for tutorial_objectstorage to None, run_after=None
[2026-04-19T00:15:04.808+0000] {processor.py:183} INFO - Processing /home/airflow/.local/lib/python3.8/site-packages/airflow/example_dags/tutorial_objectstorage.py took 0.095 seconds
[2026-04-19T00:15:35.171+0000] {processor.py:161} INFO - Started process (PID=11745) to work on /home/airflow/.local/lib/python3.8/site-packages/airflow/example_dags/tutorial_objectstorage.py
[2026-04-19T00:15:35.172+0000] {processor.py:830} INFO - Processing file /home/airflow/.local/lib/python3.8/site-packages/airflow/example_dags/tutorial_objectstorage.py for tasks to queue
[2026-04-19T00:15:35.175+0000] {logging_mixin.py:188} INFO - [2026-04-19T00:15:35.174+0000] {dagbag.py:538} INFO - Filling up the DagBag from /home/airflow/.local/lib/python3.8/site-packages/airflow/example_dags/tutorial_objectstorage.py
[2026-04-19T00:15:35.183+0000] {processor.py:840} INFO - DAG(s) 'tutorial_objectstorage' retrieved from /home/airflow/.local/lib/python3.8/site-packages/airflow/example_dags/tutorial_objectstorage.py
[2026-04-19T00:15:35.216+0000] {logging_mixin.py:188} INFO - [2026-04-19T00:15:35.216+0000] {dag.py:3036} INFO - Sync 1 DAGs
[2026-04-19T00:15:35.234+0000] {logging_mixin.py:188} INFO - [2026-04-19T00:15:35.234+0000] {dag.py:3823} INFO - Setting next_dagrun for tutorial_objectstorage to None, run_after=None
[2026-04-19T00:15:35.258+0000] {processor.py:183} INFO - Processing /home/airflow/.local/lib/python3.8/site-packages/airflow/example_dags/tutorial_objectstorage.py took 0.092 seconds
[2026-04-19T00:16:06.088+0000] {processor.py:161} INFO - Started process (PID=11800) to work on /home/airflow/.local/lib/python3.8/site-packages/airflow/example_dags/tutorial_objectstorage.py
[2026-04-19T00:16:06.088+0000] {processor.py:830} INFO - Processing file /home/airflow/.local/lib/python3.8/site-packages/airflow/example_dags/tutorial_objectstorage.py for tasks to queue
[2026-04-19T00:16:06.090+0000] {logging_mixin.py:188} INFO - [2026-04-19T00:16:06.089+0000] {dagbag.py:538} INFO - Filling up the DagBag from /home/airflow/.local/lib/python3.8/site-packages/airflow/example_dags/tutorial_objectstorage.py
[2026-04-19T00:16:06.095+0000] {processor.py:840} INFO - DAG(s) 'tutorial_objectstorage' retrieved from /home/airflow/.local/lib/python3.8/site-packages/airflow/example_dags/tutorial_objectstorage.py
[2026-04-19T00:16:06.111+0000] {logging_mixin.py:188} INFO - [2026-04-19T00:16:06.111+0000] {dag.py:3036} INFO - Sync 1 DAGs
[2026-04-19T00:16:06.119+0000] {logging_mixin.py:188} INFO - [2026-04-19T00:16:06.119+0000] {dag.py:3823} INFO - Setting next_dagrun for tutorial_objectstorage to None, run_after=None
[2026-04-19T00:16:06.132+0000] {processor.py:183} INFO - Processing /home/airflow/.local/lib/python3.8/site-packages/airflow/example_dags/tutorial_objectstorage.py took 0.047 seconds
[2026-04-19T00:16:36.221+0000] {processor.py:161} INFO - Started process (PID=11855) to work on /home/airflow/.local/lib/python3.8/site-packages/airflow/example_dags/tutorial_objectstorage.py
[2026-04-19T00:16:36.224+0000] {processor.py:830} INFO - Processing file /home/airflow/.local/lib/python3.8/site-packages/airflow/example_dags/tutorial_objectstorage.py for tasks to queue
[2026-04-19T00:16:36.227+0000] {logging_mixin.py:188} INFO - [2026-04-19T00:16:36.226+0000] {dagbag.py:538} INFO - Filling up the DagBag from /home/airflow/.local/lib/python3.8/site-packages/airflow/example_dags/tutorial_objectstorage.py
[2026-04-19T00:16:36.241+0000] {processor.py:840} INFO - DAG(s) 'tutorial_objectstorage' retrieved from /home/airflow/.local/lib/python3.8/site-packages/airflow/example_dags/tutorial_objectstorage.py
[2026-04-19T00:16:36.279+0000] {logging_mixin.py:188} INFO - [2026-04-19T00:16:36.278+0000] {dag.py:3036} INFO - Sync 1 DAGs
[2026-04-19T00:16:36.300+0000] {logging_mixin.py:188} INFO - [2026-04-19T00:16:36.299+0000] {dag.py:3823} INFO - Setting next_dagrun for tutorial_objectstorage to None, run_after=None
[2026-04-19T00:16:36.333+0000] {processor.py:183} INFO - Processing /home/airflow/.local/lib/python3.8/site-packages/airflow/example_dags/tutorial_objectstorage.py took 0.119 seconds
[2026-04-19T00:17:06.588+0000] {processor.py:161} INFO - Started process (PID=11910) to work on /home/airflow/.local/lib/python3.8/site-packages/airflow/example_dags/tutorial_objectstorage.py
[2026-04-19T00:17:06.589+0000] {processor.py:830} INFO - Processing file /home/airflow/.local/lib/python3.8/site-packages/airflow/example_dags/tutorial_objectstorage.py for tasks to queue
[2026-04-19T00:17:06.592+0000] {logging_mixin.py:188} INFO - [2026-04-19T00:17:06.591+0000] {dagbag.py:538} INFO - Filling up the DagBag from /home/airflow/.local/lib/python3.8/site-packages/airflow/example_dags/tutorial_objectstorage.py
[2026-04-19T00:17:06.603+0000] {processor.py:840} INFO - DAG(s) 'tutorial_objectstorage' retrieved from /home/airflow/.local/lib/python3.8/site-packages/airflow/example_dags/tutorial_objectstorage.py
[2026-04-19T00:17:06.634+0000] {logging_mixin.py:188} INFO - [2026-04-19T00:17:06.633+0000] {dag.py:3036} INFO - Sync 1 DAGs
[2026-04-19T00:17:06.653+0000] {logging_mixin.py:188} INFO - [2026-04-19T00:17:06.653+0000] {dag.py:3823} INFO - Setting next_dagrun for tutorial_objectstorage to None, run_after=None
[2026-04-19T00:17:06.680+0000] {processor.py:183} INFO - Processing /home/airflow/.local/lib/python3.8/site-packages/airflow/example_dags/tutorial_objectstorage.py took 0.097 seconds
[2026-04-19T00:17:37.068+0000] {processor.py:161} INFO - Started process (PID=11965) to work on /home/airflow/.local/lib/python3.8/site-packages/airflow/example_dags/tutorial_objectstorage.py
[2026-04-19T00:17:37.069+0000] {processor.py:830} INFO - Processing file /home/airflow/.local/lib/python3.8/site-packages/airflow/example_dags/tutorial_objectstorage.py for tasks to queue
[2026-04-19T00:17:37.072+0000] {logging_mixin.py:188} INFO - [2026-04-19T00:17:37.071+0000] {dagbag.py:538} INFO - Filling up the DagBag from /home/airflow/.local/lib/python3.8/site-packages/airflow/example_dags/tutorial_objectstorage.py
[2026-04-19T00:17:37.081+0000] {processor.py:840} INFO - DAG(s) 'tutorial_objectstorage' retrieved from /home/airflow/.local/lib/python3.8/site-packages/airflow/example_dags/tutorial_objectstorage.py
[2026-04-19T00:17:37.112+0000] {logging_mixin.py:188} INFO - [2026-04-19T00:17:37.112+0000] {dag.py:3036} INFO - Sync 1 DAGs
[2026-04-19T00:17:37.130+0000] {logging_mixin.py:188} INFO - [2026-04-19T00:17:37.130+0000] {dag.py:3823} INFO - Setting next_dagrun for tutorial_objectstorage to None, run_after=None
[2026-04-19T00:17:37.164+0000] {processor.py:183} INFO - Processing /home/airflow/.local/lib/python3.8/site-packages/airflow/example_dags/tutorial_objectstorage.py took 0.102 seconds
[2026-04-19T00:18:07.668+0000] {processor.py:161} INFO - Started process (PID=12020) to work on /home/airflow/.local/lib/python3.8/site-packages/airflow/example_dags/tutorial_objectstorage.py
[2026-04-19T00:18:07.669+0000] {processor.py:830} INFO - Processing file /home/airflow/.local/lib/python3.8/site-packages/airflow/example_dags/tutorial_objectstorage.py for tasks to queue
[2026-04-19T00:18:07.671+0000] {logging_mixin.py:188} INFO - [2026-04-19T00:18:07.671+0000] {dagbag.py:538} INFO - Filling up the DagBag from /home/airflow/.local/lib/python3.8/site-packages/airflow/example_dags/tutorial_objectstorage.py
[2026-04-19T00:18:07.680+0000] {processor.py:840} INFO - DAG(s) 'tutorial_objectstorage' retrieved from /home/airflow/.local/lib/python3.8/site-packages/airflow/example_dags/tutorial_objectstorage.py
[2026-04-19T00:18:07.710+0000] {logging_mixin.py:188} INFO - [2026-04-19T00:18:07.710+0000] {dag.py:3036} INFO - Sync 1 DAGs
[2026-04-19T00:18:07.727+0000] {logging_mixin.py:188} INFO - [2026-04-19T00:18:07.727+0000] {dag.py:3823} INFO - Setting next_dagrun for tutorial_objectstorage to None, run_after=None
[2026-04-19T00:18:07.749+0000] {processor.py:183} INFO - Processing /home/airflow/.local/lib/python3.8/site-packages/airflow/example_dags/tutorial_objectstorage.py took 0.086 seconds
[2026-04-19T00:18:38.210+0000] {processor.py:161} INFO - Started process (PID=12075) to work on /home/airflow/.local/lib/python3.8/site-packages/airflow/example_dags/tutorial_objectstorage.py
[2026-04-19T00:18:38.212+0000] {processor.py:830} INFO - Processing file /home/airflow/.local/lib/python3.8/site-packages/airflow/example_dags/tutorial_objectstorage.py for tasks to queue
[2026-04-19T00:18:38.215+0000] {logging_mixin.py:188} INFO - [2026-04-19T00:18:38.214+0000] {dagbag.py:538} INFO - Filling up the DagBag from /home/airflow/.local/lib/python3.8/site-packages/airflow/example_dags/tutorial_objectstorage.py
[2026-04-19T00:18:38.225+0000] {processor.py:840} INFO - DAG(s) 'tutorial_objectstorage' retrieved from /home/airflow/.local/lib/python3.8/site-packages/airflow/example_dags/tutorial_objectstorage.py
[2026-04-19T00:18:38.255+0000] {logging_mixin.py:188} INFO - [2026-04-19T00:18:38.254+0000] {dag.py:3036} INFO - Sync 1 DAGs
[2026-04-19T00:18:38.272+0000] {logging_mixin.py:188} INFO - [2026-04-19T00:18:38.272+0000] {dag.py:3823} INFO - Setting next_dagrun for tutorial_objectstorage to None, run_after=None
[2026-04-19T00:18:38.297+0000] {processor.py:183} INFO - Processing /home/airflow/.local/lib/python3.8/site-packages/airflow/example_dags/tutorial_objectstorage.py took 0.093 seconds
[2026-04-19T00:19:08.561+0000] {processor.py:161} INFO - Started process (PID=12129) to work on /home/airflow/.local/lib/python3.8/site-packages/airflow/example_dags/tutorial_objectstorage.py
[2026-04-19T00:19:08.562+0000] {processor.py:830} INFO - Processing file /home/airflow/.local/lib/python3.8/site-packages/airflow/example_dags/tutorial_objectstorage.py for tasks to queue
[2026-04-19T00:19:08.565+0000] {logging_mixin.py:188} INFO - [2026-04-19T00:19:08.564+0000] {dagbag.py:538} INFO - Filling up the DagBag from /home/airflow/.local/lib/python3.8/site-packages/airflow/example_dags/tutorial_objectstorage.py
[2026-04-19T00:19:08.574+0000] {processor.py:840} INFO - DAG(s) 'tutorial_objectstorage' retrieved from /home/airflow/.local/lib/python3.8/site-packages/airflow/example_dags/tutorial_objectstorage.py
[2026-04-19T00:19:08.607+0000] {logging_mixin.py:188} INFO - [2026-04-19T00:19:08.607+0000] {dag.py:3036} INFO - Sync 1 DAGs
[2026-04-19T00:19:08.625+0000] {logging_mixin.py:188} INFO - [2026-04-19T00:19:08.624+0000] {dag.py:3823} INFO - Setting next_dagrun for tutorial_objectstorage to None, run_after=None
[2026-04-19T00:19:08.648+0000] {processor.py:183} INFO - Processing /home/airflow/.local/lib/python3.8/site-packages/airflow/example_dags/tutorial_objectstorage.py took 0.091 seconds
[2026-04-19T00:19:39.019+0000] {processor.py:161} INFO - Started process (PID=12184) to work on /home/airflow/.local/lib/python3.8/site-packages/airflow/example_dags/tutorial_objectstorage.py
[2026-04-19T00:19:39.021+0000] {processor.py:830} INFO - Processing file /home/airflow/.local/lib/python3.8/site-packages/airflow/example_dags/tutorial_objectstorage.py for tasks to queue
[2026-04-19T00:19:39.023+0000] {logging_mixin.py:188} INFO - [2026-04-19T00:19:39.022+0000] {dagbag.py:538} INFO - Filling up the DagBag from /home/airflow/.local/lib/python3.8/site-packages/airflow/example_dags/tutorial_objectstorage.py
[2026-04-19T00:19:39.032+0000] {processor.py:840} INFO - DAG(s) 'tutorial_objectstorage' retrieved from /home/airflow/.local/lib/python3.8/site-packages/airflow/example_dags/tutorial_objectstorage.py
[2026-04-19T00:19:39.061+0000] {logging_mixin.py:188} INFO - [2026-04-19T00:19:39.061+0000] {dag.py:3036} INFO - Sync 1 DAGs
[2026-04-19T00:19:39.082+0000] {logging_mixin.py:188} INFO - [2026-04-19T00:19:39.082+0000] {dag.py:3823} INFO - Setting next_dagrun for tutorial_objectstorage to None, run_after=None
[2026-04-19T00:19:39.114+0000] {processor.py:183} INFO - Processing /home/airflow/.local/lib/python3.8/site-packages/airflow/example_dags/tutorial_objectstorage.py took 0.099 seconds
[2026-04-19T00:20:09.550+0000] {processor.py:161} INFO - Started process (PID=12239) to work on /home/airflow/.local/lib/python3.8/site-packages/airflow/example_dags/tutorial_objectstorage.py
[2026-04-19T00:20:09.551+0000] {processor.py:830} INFO - Processing file /home/airflow/.local/lib/python3.8/site-packages/airflow/example_dags/tutorial_objectstorage.py for tasks to queue
[2026-04-19T00:20:09.553+0000] {logging_mixin.py:188} INFO - [2026-04-19T00:20:09.553+0000] {dagbag.py:538} INFO - Filling up the DagBag from /home/airflow/.local/lib/python3.8/site-packages/airflow/example_dags/tutorial_objectstorage.py
[2026-04-19T00:20:09.562+0000] {processor.py:840} INFO - DAG(s) 'tutorial_objectstorage' retrieved from /home/airflow/.local/lib/python3.8/site-packages/airflow/example_dags/tutorial_objectstorage.py
[2026-04-19T00:20:09.591+0000] {logging_mixin.py:188} INFO - [2026-04-19T00:20:09.591+0000] {dag.py:3036} INFO - Sync 1 DAGs
[2026-04-19T00:20:09.608+0000] {logging_mixin.py:188} INFO - [2026-04-19T00:20:09.608+0000] {dag.py:3823} INFO - Setting next_dagrun for tutorial_objectstorage to None, run_after=None
[2026-04-19T00:20:09.633+0000] {processor.py:183} INFO - Processing /home/airflow/.local/lib/python3.8/site-packages/airflow/example_dags/tutorial_objectstorage.py took 0.087 seconds
[2026-04-19T00:20:39.889+0000] {processor.py:161} INFO - Started process (PID=12294) to work on /home/airflow/.local/lib/python3.8/site-packages/airflow/example_dags/tutorial_objectstorage.py
[2026-04-19T00:20:39.891+0000] {processor.py:830} INFO - Processing file /home/airflow/.local/lib/python3.8/site-packages/airflow/example_dags/tutorial_objectstorage.py for tasks to queue
[2026-04-19T00:20:39.893+0000] {logging_mixin.py:188} INFO - [2026-04-19T00:20:39.892+0000] {dagbag.py:538} INFO - Filling up the DagBag from /home/airflow/.local/lib/python3.8/site-packages/airflow/example_dags/tutorial_objectstorage.py
[2026-04-19T00:20:39.902+0000] {processor.py:840} INFO - DAG(s) 'tutorial_objectstorage' retrieved from /home/airflow/.local/lib/python3.8/site-packages/airflow/example_dags/tutorial_objectstorage.py
[2026-04-19T00:20:39.931+0000] {logging_mixin.py:188} INFO - [2026-04-19T00:20:39.930+0000] {dag.py:3036} INFO - Sync 1 DAGs
[2026-04-19T00:20:39.948+0000] {logging_mixin.py:188} INFO - [2026-04-19T00:20:39.948+0000] {dag.py:3823} INFO - Setting next_dagrun for tutorial_objectstorage to None, run_after=None
[2026-04-19T00:20:39.974+0000] {processor.py:183} INFO - Processing /home/airflow/.local/lib/python3.8/site-packages/airflow/example_dags/tutorial_objectstorage.py took 0.090 seconds
[2026-04-19T00:21:10.269+0000] {processor.py:161} INFO - Started process (PID=12349) to work on /home/airflow/.local/lib/python3.8/site-packages/airflow/example_dags/tutorial_objectstorage.py
[2026-04-19T00:21:10.271+0000] {processor.py:830} INFO - Processing file /home/airflow/.local/lib/python3.8/site-packages/airflow/example_dags/tutorial_objectstorage.py for tasks to queue
[2026-04-19T00:21:10.274+0000] {logging_mixin.py:188} INFO - [2026-04-19T00:21:10.273+0000] {dagbag.py:538} INFO - Filling up the DagBag from /home/airflow/.local/lib/python3.8/site-packages/airflow/example_dags/tutorial_objectstorage.py
[2026-04-19T00:21:10.285+0000] {processor.py:840} INFO - DAG(s) 'tutorial_objectstorage' retrieved from /home/airflow/.local/lib/python3.8/site-packages/airflow/example_dags/tutorial_objectstorage.py
[2026-04-19T00:21:10.319+0000] {logging_mixin.py:188} INFO - [2026-04-19T00:21:10.319+0000] {dag.py:3036} INFO - Sync 1 DAGs
[2026-04-19T00:21:10.339+0000] {logging_mixin.py:188} INFO - [2026-04-19T00:21:10.338+0000] {dag.py:3823} INFO - Setting next_dagrun for tutorial_objectstorage to None, run_after=None
[2026-04-19T00:21:10.367+0000] {processor.py:183} INFO - Processing /home/airflow/.local/lib/python3.8/site-packages/airflow/example_dags/tutorial_objectstorage.py took 0.103 seconds
[2026-04-19T00:21:40.680+0000] {processor.py:161} INFO - Started process (PID=12404) to work on /home/airflow/.local/lib/python3.8/site-packages/airflow/example_dags/tutorial_objectstorage.py
[2026-04-19T00:21:40.682+0000] {processor.py:830} INFO - Processing file /home/airflow/.local/lib/python3.8/site-packages/airflow/example_dags/tutorial_objectstorage.py for tasks to queue
[2026-04-19T00:21:40.684+0000] {logging_mixin.py:188} INFO - [2026-04-19T00:21:40.683+0000] {dagbag.py:538} INFO - Filling up the DagBag from /home/airflow/.local/lib/python3.8/site-packages/airflow/example_dags/tutorial_objectstorage.py
[2026-04-19T00:21:40.695+0000] {processor.py:840} INFO - DAG(s) 'tutorial_objectstorage' retrieved from /home/airflow/.local/lib/python3.8/site-packages/airflow/example_dags/tutorial_objectstorage.py
[2026-04-19T00:21:40.726+0000] {logging_mixin.py:188} INFO - [2026-04-19T00:21:40.725+0000] {dag.py:3036} INFO - Sync 1 DAGs
[2026-04-19T00:21:40.745+0000] {logging_mixin.py:188} INFO - [2026-04-19T00:21:40.745+0000] {dag.py:3823} INFO - Setting next_dagrun for tutorial_objectstorage to None, run_after=None
[2026-04-19T00:21:40.771+0000] {processor.py:183} INFO - Processing /home/airflow/.local/lib/python3.8/site-packages/airflow/example_dags/tutorial_objectstorage.py took 0.096 seconds
[2026-04-19T00:22:11.078+0000] {processor.py:161} INFO - Started process (PID=12459) to work on /home/airflow/.local/lib/python3.8/site-packages/airflow/example_dags/tutorial_objectstorage.py
[2026-04-19T00:22:11.079+0000] {processor.py:830} INFO - Processing file /home/airflow/.local/lib/python3.8/site-packages/airflow/example_dags/tutorial_objectstorage.py for tasks to queue
[2026-04-19T00:22:11.082+0000] {logging_mixin.py:188} INFO - [2026-04-19T00:22:11.081+0000] {dagbag.py:538} INFO - Filling up the DagBag from /home/airflow/.local/lib/python3.8/site-packages/airflow/example_dags/tutorial_objectstorage.py
[2026-04-19T00:22:11.091+0000] {processor.py:840} INFO - DAG(s) 'tutorial_objectstorage' retrieved from /home/airflow/.local/lib/python3.8/site-packages/airflow/example_dags/tutorial_objectstorage.py
[2026-04-19T00:22:11.121+0000] {logging_mixin.py:188} INFO - [2026-04-19T00:22:11.121+0000] {dag.py:3036} INFO - Sync 1 DAGs
[2026-04-19T00:22:11.139+0000] {logging_mixin.py:188} INFO - [2026-04-19T00:22:11.139+0000] {dag.py:3823} INFO - Setting next_dagrun for tutorial_objectstorage to None, run_after=None
[2026-04-19T00:22:11.164+0000] {processor.py:183} INFO - Processing /home/airflow/.local/lib/python3.8/site-packages/airflow/example_dags/tutorial_objectstorage.py took 0.090 seconds
[2026-04-19T00:22:41.629+0000] {processor.py:161} INFO - Started process (PID=12514) to work on /home/airflow/.local/lib/python3.8/site-packages/airflow/example_dags/tutorial_objectstorage.py
[2026-04-19T00:22:41.631+0000] {processor.py:830} INFO - Processing file /home/airflow/.local/lib/python3.8/site-packages/airflow/example_dags/tutorial_objectstorage.py for tasks to queue
[2026-04-19T00:22:41.634+0000] {logging_mixin.py:188} INFO - [2026-04-19T00:22:41.633+0000] {dagbag.py:538} INFO - Filling up the DagBag from /home/airflow/.local/lib/python3.8/site-packages/airflow/example_dags/tutorial_objectstorage.py
[2026-04-19T00:22:41.645+0000] {processor.py:840} INFO - DAG(s) 'tutorial_objectstorage' retrieved from /home/airflow/.local/lib/python3.8/site-packages/airflow/example_dags/tutorial_objectstorage.py
[2026-04-19T00:22:41.680+0000] {logging_mixin.py:188} INFO - [2026-04-19T00:22:41.679+0000] {dag.py:3036} INFO - Sync 1 DAGs
[2026-04-19T00:22:41.701+0000] {logging_mixin.py:188} INFO - [2026-04-19T00:22:41.701+0000] {dag.py:3823} INFO - Setting next_dagrun for tutorial_objectstorage to None, run_after=None
[2026-04-19T00:22:41.731+0000] {processor.py:183} INFO - Processing /home/airflow/.local/lib/python3.8/site-packages/airflow/example_dags/tutorial_objectstorage.py took 0.108 seconds
[2026-04-19T00:23:11.816+0000] {processor.py:161} INFO - Started process (PID=12569) to work on /home/airflow/.local/lib/python3.8/site-packages/airflow/example_dags/tutorial_objectstorage.py
[2026-04-19T00:23:11.817+0000] {processor.py:830} INFO - Processing file /home/airflow/.local/lib/python3.8/site-packages/airflow/example_dags/tutorial_objectstorage.py for tasks to queue
[2026-04-19T00:23:11.819+0000] {logging_mixin.py:188} INFO - [2026-04-19T00:23:11.819+0000] {dagbag.py:538} INFO - Filling up the DagBag from /home/airflow/.local/lib/python3.8/site-packages/airflow/example_dags/tutorial_objectstorage.py
[2026-04-19T00:23:11.827+0000] {processor.py:840} INFO - DAG(s) 'tutorial_objectstorage' retrieved from /home/airflow/.local/lib/python3.8/site-packages/airflow/example_dags/tutorial_objectstorage.py
[2026-04-19T00:23:11.854+0000] {logging_mixin.py:188} INFO - [2026-04-19T00:23:11.854+0000] {dag.py:3036} INFO - Sync 1 DAGs
[2026-04-19T00:23:11.871+0000] {logging_mixin.py:188} INFO - [2026-04-19T00:23:11.871+0000] {dag.py:3823} INFO - Setting next_dagrun for tutorial_objectstorage to None, run_after=None
[2026-04-19T00:23:11.894+0000] {processor.py:183} INFO - Processing /home/airflow/.local/lib/python3.8/site-packages/airflow/example_dags/tutorial_objectstorage.py took 0.083 seconds
[2026-04-19T00:23:42.220+0000] {processor.py:161} INFO - Started process (PID=12624) to work on /home/airflow/.local/lib/python3.8/site-packages/airflow/example_dags/tutorial_objectstorage.py
[2026-04-19T00:23:42.222+0000] {processor.py:830} INFO - Processing file /home/airflow/.local/lib/python3.8/site-packages/airflow/example_dags/tutorial_objectstorage.py for tasks to queue
[2026-04-19T00:23:42.225+0000] {logging_mixin.py:188} INFO - [2026-04-19T00:23:42.224+0000] {dagbag.py:538} INFO - Filling up the DagBag from /home/airflow/.local/lib/python3.8/site-packages/airflow/example_dags/tutorial_objectstorage.py
[2026-04-19T00:23:42.236+0000] {processor.py:840} INFO - DAG(s) 'tutorial_objectstorage' retrieved from /home/airflow/.local/lib/python3.8/site-packages/airflow/example_dags/tutorial_objectstorage.py
[2026-04-19T00:23:42.272+0000] {logging_mixin.py:188} INFO - [2026-04-19T00:23:42.271+0000] {dag.py:3036} INFO - Sync 1 DAGs
[2026-04-19T00:23:42.294+0000] {logging_mixin.py:188} INFO - [2026-04-19T00:23:42.294+0000] {dag.py:3823} INFO - Setting next_dagrun for tutorial_objectstorage to None, run_after=None
[2026-04-19T00:23:42.328+0000] {processor.py:183} INFO - Processing /home/airflow/.local/lib/python3.8/site-packages/airflow/example_dags/tutorial_objectstorage.py took 0.113 seconds
[2026-04-19T00:24:12.453+0000] {processor.py:161} INFO - Started process (PID=12679) to work on /home/airflow/.local/lib/python3.8/site-packages/airflow/example_dags/tutorial_objectstorage.py
[2026-04-19T00:24:12.454+0000] {processor.py:830} INFO - Processing file /home/airflow/.local/lib/python3.8/site-packages/airflow/example_dags/tutorial_objectstorage.py for tasks to queue
[2026-04-19T00:24:12.457+0000] {logging_mixin.py:188} INFO - [2026-04-19T00:24:12.456+0000] {dagbag.py:538} INFO - Filling up the DagBag from /home/airflow/.local/lib/python3.8/site-packages/airflow/example_dags/tutorial_objectstorage.py
[2026-04-19T00:24:12.466+0000] {processor.py:840} INFO - DAG(s) 'tutorial_objectstorage' retrieved from /home/airflow/.local/lib/python3.8/site-packages/airflow/example_dags/tutorial_objectstorage.py
[2026-04-19T00:24:12.500+0000] {logging_mixin.py:188} INFO - [2026-04-19T00:24:12.500+0000] {dag.py:3036} INFO - Sync 1 DAGs
[2026-04-19T00:24:12.518+0000] {logging_mixin.py:188} INFO - [2026-04-19T00:24:12.518+0000] {dag.py:3823} INFO - Setting next_dagrun for tutorial_objectstorage to None, run_after=None
[2026-04-19T00:24:12.543+0000] {processor.py:183} INFO - Processing /home/airflow/.local/lib/python3.8/site-packages/airflow/example_dags/tutorial_objectstorage.py took 0.096 seconds
