[2026-04-15T04:52:40.776+0000] {processor.py:161} INFO - Started process (PID=54) to work on /opt/airflow/dags/sales_pipeline.py
[2026-04-15T04:52:40.777+0000] {processor.py:830} INFO - Processing file /opt/airflow/dags/sales_pipeline.py for tasks to queue
[2026-04-15T04:52:40.778+0000] {logging_mixin.py:188} INFO - [2026-04-15T04:52:40.778+0000] {dagbag.py:538} INFO - Filling up the DagBag from /opt/airflow/dags/sales_pipeline.py
[2026-04-15T04:52:40.788+0000] {processor.py:840} INFO - DAG(s) 'sales_pipeline_demo' retrieved from /opt/airflow/dags/sales_pipeline.py
[2026-04-15T04:52:40.828+0000] {logging_mixin.py:188} INFO - [2026-04-15T04:52:40.828+0000] {dag.py:3036} INFO - Sync 1 DAGs
[2026-04-15T04:52:40.851+0000] {logging_mixin.py:188} INFO - [2026-04-15T04:52:40.850+0000] {dag.py:3823} INFO - Setting next_dagrun for sales_pipeline_demo to 2026-04-14 00:00:00+00:00, run_after=2026-04-15 00:00:00+00:00
[2026-04-15T04:52:40.868+0000] {processor.py:183} INFO - Processing /opt/airflow/dags/sales_pipeline.py took 0.094 seconds
[2026-04-15T04:53:11.224+0000] {processor.py:161} INFO - Started process (PID=110) to work on /opt/airflow/dags/sales_pipeline.py
[2026-04-15T04:53:11.233+0000] {processor.py:830} INFO - Processing file /opt/airflow/dags/sales_pipeline.py for tasks to queue
[2026-04-15T04:53:11.234+0000] {logging_mixin.py:188} INFO - [2026-04-15T04:53:11.234+0000] {dagbag.py:538} INFO - Filling up the DagBag from /opt/airflow/dags/sales_pipeline.py
[2026-04-15T04:53:11.240+0000] {processor.py:840} INFO - DAG(s) 'sales_pipeline_demo' retrieved from /opt/airflow/dags/sales_pipeline.py
[2026-04-15T04:53:11.254+0000] {logging_mixin.py:188} INFO - [2026-04-15T04:53:11.254+0000] {dag.py:3036} INFO - Sync 1 DAGs
[2026-04-15T04:53:11.271+0000] {logging_mixin.py:188} INFO - [2026-04-15T04:53:11.270+0000] {dag.py:3823} INFO - Setting next_dagrun for sales_pipeline_demo to 2026-04-15 00:00:00+00:00, run_after=2026-04-16 00:00:00+00:00
[2026-04-15T04:53:11.282+0000] {processor.py:183} INFO - Processing /opt/airflow/dags/sales_pipeline.py took 0.061 seconds
[2026-04-15T04:53:41.567+0000] {processor.py:161} INFO - Started process (PID=166) to work on /opt/airflow/dags/sales_pipeline.py
[2026-04-15T04:53:41.567+0000] {processor.py:830} INFO - Processing file /opt/airflow/dags/sales_pipeline.py for tasks to queue
[2026-04-15T04:53:41.569+0000] {logging_mixin.py:188} INFO - [2026-04-15T04:53:41.569+0000] {dagbag.py:538} INFO - Filling up the DagBag from /opt/airflow/dags/sales_pipeline.py
[2026-04-15T04:53:41.575+0000] {processor.py:840} INFO - DAG(s) 'sales_pipeline_demo' retrieved from /opt/airflow/dags/sales_pipeline.py
[2026-04-15T04:53:41.591+0000] {logging_mixin.py:188} INFO - [2026-04-15T04:53:41.590+0000] {dag.py:3036} INFO - Sync 1 DAGs
[2026-04-15T04:53:41.607+0000] {logging_mixin.py:188} INFO - [2026-04-15T04:53:41.607+0000] {dag.py:3823} INFO - Setting next_dagrun for sales_pipeline_demo to 2026-04-15 00:00:00+00:00, run_after=2026-04-16 00:00:00+00:00
[2026-04-15T04:53:41.620+0000] {processor.py:183} INFO - Processing /opt/airflow/dags/sales_pipeline.py took 0.055 seconds
[2026-04-15T04:54:11.938+0000] {processor.py:161} INFO - Started process (PID=222) to work on /opt/airflow/dags/sales_pipeline.py
[2026-04-15T04:54:11.939+0000] {processor.py:830} INFO - Processing file /opt/airflow/dags/sales_pipeline.py for tasks to queue
[2026-04-15T04:54:11.942+0000] {logging_mixin.py:188} INFO - [2026-04-15T04:54:11.941+0000] {dagbag.py:538} INFO - Filling up the DagBag from /opt/airflow/dags/sales_pipeline.py
[2026-04-15T04:54:11.953+0000] {processor.py:840} INFO - DAG(s) 'sales_pipeline_demo' retrieved from /opt/airflow/dags/sales_pipeline.py
[2026-04-15T04:54:11.984+0000] {logging_mixin.py:188} INFO - [2026-04-15T04:54:11.984+0000] {dag.py:3036} INFO - Sync 1 DAGs
[2026-04-15T04:54:12.022+0000] {logging_mixin.py:188} INFO - [2026-04-15T04:54:12.021+0000] {dag.py:3823} INFO - Setting next_dagrun for sales_pipeline_demo to 2026-04-15 00:00:00+00:00, run_after=2026-04-16 00:00:00+00:00
[2026-04-15T04:54:12.048+0000] {processor.py:183} INFO - Processing /opt/airflow/dags/sales_pipeline.py took 0.116 seconds
[2026-04-15T04:54:42.658+0000] {processor.py:161} INFO - Started process (PID=284) to work on /opt/airflow/dags/sales_pipeline.py
[2026-04-15T04:54:42.659+0000] {processor.py:830} INFO - Processing file /opt/airflow/dags/sales_pipeline.py for tasks to queue
[2026-04-15T04:54:42.660+0000] {logging_mixin.py:188} INFO - [2026-04-15T04:54:42.660+0000] {dagbag.py:538} INFO - Filling up the DagBag from /opt/airflow/dags/sales_pipeline.py
[2026-04-15T04:54:42.666+0000] {processor.py:840} INFO - DAG(s) 'sales_pipeline_demo' retrieved from /opt/airflow/dags/sales_pipeline.py
[2026-04-15T04:54:42.681+0000] {logging_mixin.py:188} INFO - [2026-04-15T04:54:42.681+0000] {dag.py:3036} INFO - Sync 1 DAGs
[2026-04-15T04:54:42.701+0000] {logging_mixin.py:188} INFO - [2026-04-15T04:54:42.700+0000] {dag.py:3823} INFO - Setting next_dagrun for sales_pipeline_demo to 2026-04-15 00:00:00+00:00, run_after=2026-04-16 00:00:00+00:00
[2026-04-15T04:54:42.713+0000] {processor.py:183} INFO - Processing /opt/airflow/dags/sales_pipeline.py took 0.058 seconds
[2026-04-15T04:55:12.775+0000] {processor.py:161} INFO - Started process (PID=340) to work on /opt/airflow/dags/sales_pipeline.py
[2026-04-15T04:55:12.776+0000] {processor.py:830} INFO - Processing file /opt/airflow/dags/sales_pipeline.py for tasks to queue
[2026-04-15T04:55:12.777+0000] {logging_mixin.py:188} INFO - [2026-04-15T04:55:12.777+0000] {dagbag.py:538} INFO - Filling up the DagBag from /opt/airflow/dags/sales_pipeline.py
[2026-04-15T04:55:12.783+0000] {processor.py:840} INFO - DAG(s) 'sales_pipeline_demo' retrieved from /opt/airflow/dags/sales_pipeline.py
[2026-04-15T04:55:12.798+0000] {logging_mixin.py:188} INFO - [2026-04-15T04:55:12.798+0000] {dag.py:3036} INFO - Sync 1 DAGs
[2026-04-15T04:55:12.816+0000] {logging_mixin.py:188} INFO - [2026-04-15T04:55:12.815+0000] {dag.py:3823} INFO - Setting next_dagrun for sales_pipeline_demo to 2026-04-15 00:00:00+00:00, run_after=2026-04-16 00:00:00+00:00
[2026-04-15T04:55:12.829+0000] {processor.py:183} INFO - Processing /opt/airflow/dags/sales_pipeline.py took 0.056 seconds
[2026-04-15T04:55:42.948+0000] {processor.py:161} INFO - Started process (PID=396) to work on /opt/airflow/dags/sales_pipeline.py
[2026-04-15T04:55:42.949+0000] {processor.py:830} INFO - Processing file /opt/airflow/dags/sales_pipeline.py for tasks to queue
[2026-04-15T04:55:42.951+0000] {logging_mixin.py:188} INFO - [2026-04-15T04:55:42.950+0000] {dagbag.py:538} INFO - Filling up the DagBag from /opt/airflow/dags/sales_pipeline.py
[2026-04-15T04:55:42.957+0000] {processor.py:840} INFO - DAG(s) 'sales_pipeline_demo' retrieved from /opt/airflow/dags/sales_pipeline.py
[2026-04-15T04:55:42.975+0000] {logging_mixin.py:188} INFO - [2026-04-15T04:55:42.975+0000] {dag.py:3036} INFO - Sync 1 DAGs
[2026-04-15T04:55:42.994+0000] {logging_mixin.py:188} INFO - [2026-04-15T04:55:42.994+0000] {dag.py:3823} INFO - Setting next_dagrun for sales_pipeline_demo to 2026-04-15 00:00:00+00:00, run_after=2026-04-16 00:00:00+00:00
[2026-04-15T04:55:43.010+0000] {processor.py:183} INFO - Processing /opt/airflow/dags/sales_pipeline.py took 0.064 seconds
[2026-04-15T04:56:13.088+0000] {processor.py:161} INFO - Started process (PID=452) to work on /opt/airflow/dags/sales_pipeline.py
[2026-04-15T04:56:13.097+0000] {processor.py:830} INFO - Processing file /opt/airflow/dags/sales_pipeline.py for tasks to queue
[2026-04-15T04:56:13.098+0000] {logging_mixin.py:188} INFO - [2026-04-15T04:56:13.098+0000] {dagbag.py:538} INFO - Filling up the DagBag from /opt/airflow/dags/sales_pipeline.py
[2026-04-15T04:56:13.104+0000] {processor.py:840} INFO - DAG(s) 'sales_pipeline_demo' retrieved from /opt/airflow/dags/sales_pipeline.py
[2026-04-15T04:56:13.120+0000] {logging_mixin.py:188} INFO - [2026-04-15T04:56:13.120+0000] {dag.py:3036} INFO - Sync 1 DAGs
[2026-04-15T04:56:13.138+0000] {logging_mixin.py:188} INFO - [2026-04-15T04:56:13.137+0000] {dag.py:3823} INFO - Setting next_dagrun for sales_pipeline_demo to 2026-04-15 00:00:00+00:00, run_after=2026-04-16 00:00:00+00:00
[2026-04-15T04:56:13.152+0000] {processor.py:183} INFO - Processing /opt/airflow/dags/sales_pipeline.py took 0.066 seconds
[2026-04-15T04:56:43.329+0000] {processor.py:161} INFO - Started process (PID=508) to work on /opt/airflow/dags/sales_pipeline.py
[2026-04-15T04:56:43.330+0000] {processor.py:830} INFO - Processing file /opt/airflow/dags/sales_pipeline.py for tasks to queue
[2026-04-15T04:56:43.332+0000] {logging_mixin.py:188} INFO - [2026-04-15T04:56:43.331+0000] {dagbag.py:538} INFO - Filling up the DagBag from /opt/airflow/dags/sales_pipeline.py
[2026-04-15T04:56:43.337+0000] {processor.py:840} INFO - DAG(s) 'sales_pipeline_demo' retrieved from /opt/airflow/dags/sales_pipeline.py
[2026-04-15T04:56:43.352+0000] {logging_mixin.py:188} INFO - [2026-04-15T04:56:43.352+0000] {dag.py:3036} INFO - Sync 1 DAGs
[2026-04-15T04:56:43.369+0000] {logging_mixin.py:188} INFO - [2026-04-15T04:56:43.369+0000] {dag.py:3823} INFO - Setting next_dagrun for sales_pipeline_demo to 2026-04-15 00:00:00+00:00, run_after=2026-04-16 00:00:00+00:00
[2026-04-15T04:56:43.382+0000] {processor.py:183} INFO - Processing /opt/airflow/dags/sales_pipeline.py took 0.055 seconds
[2026-04-15T04:57:13.438+0000] {processor.py:161} INFO - Started process (PID=564) to work on /opt/airflow/dags/sales_pipeline.py
[2026-04-15T04:57:13.439+0000] {processor.py:830} INFO - Processing file /opt/airflow/dags/sales_pipeline.py for tasks to queue
[2026-04-15T04:57:13.440+0000] {logging_mixin.py:188} INFO - [2026-04-15T04:57:13.440+0000] {dagbag.py:538} INFO - Filling up the DagBag from /opt/airflow/dags/sales_pipeline.py
[2026-04-15T04:57:13.446+0000] {processor.py:840} INFO - DAG(s) 'sales_pipeline_demo' retrieved from /opt/airflow/dags/sales_pipeline.py
[2026-04-15T04:57:13.462+0000] {logging_mixin.py:188} INFO - [2026-04-15T04:57:13.462+0000] {dag.py:3036} INFO - Sync 1 DAGs
[2026-04-15T04:57:13.479+0000] {logging_mixin.py:188} INFO - [2026-04-15T04:57:13.479+0000] {dag.py:3823} INFO - Setting next_dagrun for sales_pipeline_demo to 2026-04-15 00:00:00+00:00, run_after=2026-04-16 00:00:00+00:00
[2026-04-15T04:57:13.492+0000] {processor.py:183} INFO - Processing /opt/airflow/dags/sales_pipeline.py took 0.056 seconds
[2026-04-15T04:57:43.663+0000] {processor.py:161} INFO - Started process (PID=620) to work on /opt/airflow/dags/sales_pipeline.py
[2026-04-15T04:57:43.672+0000] {processor.py:830} INFO - Processing file /opt/airflow/dags/sales_pipeline.py for tasks to queue
[2026-04-15T04:57:43.673+0000] {logging_mixin.py:188} INFO - [2026-04-15T04:57:43.673+0000] {dagbag.py:538} INFO - Filling up the DagBag from /opt/airflow/dags/sales_pipeline.py
[2026-04-15T04:57:43.679+0000] {processor.py:840} INFO - DAG(s) 'sales_pipeline_demo' retrieved from /opt/airflow/dags/sales_pipeline.py
[2026-04-15T04:57:43.693+0000] {logging_mixin.py:188} INFO - [2026-04-15T04:57:43.693+0000] {dag.py:3036} INFO - Sync 1 DAGs
[2026-04-15T04:57:43.710+0000] {logging_mixin.py:188} INFO - [2026-04-15T04:57:43.710+0000] {dag.py:3823} INFO - Setting next_dagrun for sales_pipeline_demo to 2026-04-15 00:00:00+00:00, run_after=2026-04-16 00:00:00+00:00
[2026-04-15T04:57:43.721+0000] {processor.py:183} INFO - Processing /opt/airflow/dags/sales_pipeline.py took 0.060 seconds
[2026-04-15T04:58:13.845+0000] {processor.py:161} INFO - Started process (PID=676) to work on /opt/airflow/dags/sales_pipeline.py
[2026-04-15T04:58:13.854+0000] {processor.py:830} INFO - Processing file /opt/airflow/dags/sales_pipeline.py for tasks to queue
[2026-04-15T04:58:13.855+0000] {logging_mixin.py:188} INFO - [2026-04-15T04:58:13.855+0000] {dagbag.py:538} INFO - Filling up the DagBag from /opt/airflow/dags/sales_pipeline.py
[2026-04-15T04:58:13.860+0000] {processor.py:840} INFO - DAG(s) 'sales_pipeline_demo' retrieved from /opt/airflow/dags/sales_pipeline.py
[2026-04-15T04:58:13.874+0000] {logging_mixin.py:188} INFO - [2026-04-15T04:58:13.874+0000] {dag.py:3036} INFO - Sync 1 DAGs
[2026-04-15T04:58:13.890+0000] {logging_mixin.py:188} INFO - [2026-04-15T04:58:13.890+0000] {dag.py:3823} INFO - Setting next_dagrun for sales_pipeline_demo to 2026-04-15 00:00:00+00:00, run_after=2026-04-16 00:00:00+00:00
[2026-04-15T04:58:13.901+0000] {processor.py:183} INFO - Processing /opt/airflow/dags/sales_pipeline.py took 0.058 seconds
[2026-04-15T04:58:44.020+0000] {processor.py:161} INFO - Started process (PID=732) to work on /opt/airflow/dags/sales_pipeline.py
[2026-04-15T04:58:44.029+0000] {processor.py:830} INFO - Processing file /opt/airflow/dags/sales_pipeline.py for tasks to queue
[2026-04-15T04:58:44.030+0000] {logging_mixin.py:188} INFO - [2026-04-15T04:58:44.030+0000] {dagbag.py:538} INFO - Filling up the DagBag from /opt/airflow/dags/sales_pipeline.py
[2026-04-15T04:58:44.036+0000] {processor.py:840} INFO - DAG(s) 'sales_pipeline_demo' retrieved from /opt/airflow/dags/sales_pipeline.py
[2026-04-15T04:58:44.051+0000] {logging_mixin.py:188} INFO - [2026-04-15T04:58:44.051+0000] {dag.py:3036} INFO - Sync 1 DAGs
[2026-04-15T04:58:44.068+0000] {logging_mixin.py:188} INFO - [2026-04-15T04:58:44.068+0000] {dag.py:3823} INFO - Setting next_dagrun for sales_pipeline_demo to 2026-04-15 00:00:00+00:00, run_after=2026-04-16 00:00:00+00:00
[2026-04-15T04:58:44.081+0000] {processor.py:183} INFO - Processing /opt/airflow/dags/sales_pipeline.py took 0.064 seconds
[2026-04-15T04:59:14.106+0000] {processor.py:161} INFO - Started process (PID=788) to work on /opt/airflow/dags/sales_pipeline.py
[2026-04-15T04:59:14.109+0000] {processor.py:830} INFO - Processing file /opt/airflow/dags/sales_pipeline.py for tasks to queue
[2026-04-15T04:59:14.111+0000] {logging_mixin.py:188} INFO - [2026-04-15T04:59:14.110+0000] {dagbag.py:538} INFO - Filling up the DagBag from /opt/airflow/dags/sales_pipeline.py
[2026-04-15T04:59:14.119+0000] {processor.py:840} INFO - DAG(s) 'sales_pipeline_demo' retrieved from /opt/airflow/dags/sales_pipeline.py
[2026-04-15T04:59:14.139+0000] {logging_mixin.py:188} INFO - [2026-04-15T04:59:14.139+0000] {dag.py:3036} INFO - Sync 1 DAGs
[2026-04-15T04:59:14.159+0000] {logging_mixin.py:188} INFO - [2026-04-15T04:59:14.158+0000] {dag.py:3823} INFO - Setting next_dagrun for sales_pipeline_demo to 2026-04-15 00:00:00+00:00, run_after=2026-04-16 00:00:00+00:00
[2026-04-15T04:59:14.170+0000] {processor.py:183} INFO - Processing /opt/airflow/dags/sales_pipeline.py took 0.067 seconds
[2026-04-15T04:59:44.813+0000] {processor.py:161} INFO - Started process (PID=844) to work on /opt/airflow/dags/sales_pipeline.py
[2026-04-15T04:59:44.822+0000] {processor.py:830} INFO - Processing file /opt/airflow/dags/sales_pipeline.py for tasks to queue
[2026-04-15T04:59:44.823+0000] {logging_mixin.py:188} INFO - [2026-04-15T04:59:44.823+0000] {dagbag.py:538} INFO - Filling up the DagBag from /opt/airflow/dags/sales_pipeline.py
[2026-04-15T04:59:44.828+0000] {processor.py:840} INFO - DAG(s) 'sales_pipeline_demo' retrieved from /opt/airflow/dags/sales_pipeline.py
[2026-04-15T04:59:44.844+0000] {logging_mixin.py:188} INFO - [2026-04-15T04:59:44.843+0000] {dag.py:3036} INFO - Sync 1 DAGs
[2026-04-15T04:59:44.860+0000] {logging_mixin.py:188} INFO - [2026-04-15T04:59:44.860+0000] {dag.py:3823} INFO - Setting next_dagrun for sales_pipeline_demo to 2026-04-15 00:00:00+00:00, run_after=2026-04-16 00:00:00+00:00
[2026-04-15T04:59:44.871+0000] {processor.py:183} INFO - Processing /opt/airflow/dags/sales_pipeline.py took 0.061 seconds
[2026-04-15T05:00:15.089+0000] {processor.py:161} INFO - Started process (PID=900) to work on /opt/airflow/dags/sales_pipeline.py
[2026-04-15T05:00:15.097+0000] {processor.py:830} INFO - Processing file /opt/airflow/dags/sales_pipeline.py for tasks to queue
[2026-04-15T05:00:15.099+0000] {logging_mixin.py:188} INFO - [2026-04-15T05:00:15.099+0000] {dagbag.py:538} INFO - Filling up the DagBag from /opt/airflow/dags/sales_pipeline.py
[2026-04-15T05:00:15.105+0000] {processor.py:840} INFO - DAG(s) 'sales_pipeline_demo' retrieved from /opt/airflow/dags/sales_pipeline.py
[2026-04-15T05:00:15.120+0000] {logging_mixin.py:188} INFO - [2026-04-15T05:00:15.120+0000] {dag.py:3036} INFO - Sync 1 DAGs
[2026-04-15T05:00:15.137+0000] {logging_mixin.py:188} INFO - [2026-04-15T05:00:15.137+0000] {dag.py:3823} INFO - Setting next_dagrun for sales_pipeline_demo to 2026-04-15 00:00:00+00:00, run_after=2026-04-16 00:00:00+00:00
[2026-04-15T05:00:15.150+0000] {processor.py:183} INFO - Processing /opt/airflow/dags/sales_pipeline.py took 0.065 seconds
[2026-04-15T05:00:45.717+0000] {processor.py:161} INFO - Started process (PID=956) to work on /opt/airflow/dags/sales_pipeline.py
[2026-04-15T05:00:45.718+0000] {processor.py:830} INFO - Processing file /opt/airflow/dags/sales_pipeline.py for tasks to queue
[2026-04-15T05:00:45.720+0000] {logging_mixin.py:188} INFO - [2026-04-15T05:00:45.719+0000] {dagbag.py:538} INFO - Filling up the DagBag from /opt/airflow/dags/sales_pipeline.py
[2026-04-15T05:00:45.726+0000] {processor.py:840} INFO - DAG(s) 'sales_pipeline_demo' retrieved from /opt/airflow/dags/sales_pipeline.py
[2026-04-15T05:00:45.743+0000] {logging_mixin.py:188} INFO - [2026-04-15T05:00:45.742+0000] {dag.py:3036} INFO - Sync 1 DAGs
[2026-04-15T05:00:45.762+0000] {logging_mixin.py:188} INFO - [2026-04-15T05:00:45.762+0000] {dag.py:3823} INFO - Setting next_dagrun for sales_pipeline_demo to 2026-04-15 00:00:00+00:00, run_after=2026-04-16 00:00:00+00:00
[2026-04-15T05:00:45.776+0000] {processor.py:183} INFO - Processing /opt/airflow/dags/sales_pipeline.py took 0.061 seconds
[2026-04-15T05:01:15.878+0000] {processor.py:161} INFO - Started process (PID=1012) to work on /opt/airflow/dags/sales_pipeline.py
[2026-04-15T05:01:15.886+0000] {processor.py:830} INFO - Processing file /opt/airflow/dags/sales_pipeline.py for tasks to queue
[2026-04-15T05:01:15.888+0000] {logging_mixin.py:188} INFO - [2026-04-15T05:01:15.888+0000] {dagbag.py:538} INFO - Filling up the DagBag from /opt/airflow/dags/sales_pipeline.py
[2026-04-15T05:01:15.894+0000] {processor.py:840} INFO - DAG(s) 'sales_pipeline_demo' retrieved from /opt/airflow/dags/sales_pipeline.py
[2026-04-15T05:01:15.910+0000] {logging_mixin.py:188} INFO - [2026-04-15T05:01:15.910+0000] {dag.py:3036} INFO - Sync 1 DAGs
[2026-04-15T05:01:15.930+0000] {logging_mixin.py:188} INFO - [2026-04-15T05:01:15.930+0000] {dag.py:3823} INFO - Setting next_dagrun for sales_pipeline_demo to 2026-04-15 00:00:00+00:00, run_after=2026-04-16 00:00:00+00:00
[2026-04-15T05:01:15.945+0000] {processor.py:183} INFO - Processing /opt/airflow/dags/sales_pipeline.py took 0.070 seconds
[2026-04-15T05:01:46.070+0000] {processor.py:161} INFO - Started process (PID=1068) to work on /opt/airflow/dags/sales_pipeline.py
[2026-04-15T05:01:46.079+0000] {processor.py:830} INFO - Processing file /opt/airflow/dags/sales_pipeline.py for tasks to queue
[2026-04-15T05:01:46.082+0000] {logging_mixin.py:188} INFO - [2026-04-15T05:01:46.081+0000] {dagbag.py:538} INFO - Filling up the DagBag from /opt/airflow/dags/sales_pipeline.py
[2026-04-15T05:01:46.095+0000] {processor.py:840} INFO - DAG(s) 'sales_pipeline_demo' retrieved from /opt/airflow/dags/sales_pipeline.py
[2026-04-15T05:01:46.126+0000] {logging_mixin.py:188} INFO - [2026-04-15T05:01:46.125+0000] {dag.py:3036} INFO - Sync 1 DAGs
[2026-04-15T05:01:46.162+0000] {logging_mixin.py:188} INFO - [2026-04-15T05:01:46.162+0000] {dag.py:3823} INFO - Setting next_dagrun for sales_pipeline_demo to 2026-04-15 00:00:00+00:00, run_after=2026-04-16 00:00:00+00:00
[2026-04-15T05:01:46.190+0000] {processor.py:183} INFO - Processing /opt/airflow/dags/sales_pipeline.py took 0.126 seconds
[2026-04-15T05:02:16.388+0000] {processor.py:161} INFO - Started process (PID=1124) to work on /opt/airflow/dags/sales_pipeline.py
[2026-04-15T05:02:16.390+0000] {processor.py:830} INFO - Processing file /opt/airflow/dags/sales_pipeline.py for tasks to queue
[2026-04-15T05:02:16.392+0000] {logging_mixin.py:188} INFO - [2026-04-15T05:02:16.392+0000] {dagbag.py:538} INFO - Filling up the DagBag from /opt/airflow/dags/sales_pipeline.py
[2026-04-15T05:02:16.405+0000] {processor.py:840} INFO - DAG(s) 'sales_pipeline_demo' retrieved from /opt/airflow/dags/sales_pipeline.py
[2026-04-15T05:02:16.437+0000] {logging_mixin.py:188} INFO - [2026-04-15T05:02:16.437+0000] {dag.py:3036} INFO - Sync 1 DAGs
[2026-04-15T05:02:16.474+0000] {logging_mixin.py:188} INFO - [2026-04-15T05:02:16.473+0000] {dag.py:3823} INFO - Setting next_dagrun for sales_pipeline_demo to 2026-04-15 00:00:00+00:00, run_after=2026-04-16 00:00:00+00:00
[2026-04-15T05:02:16.502+0000] {processor.py:183} INFO - Processing /opt/airflow/dags/sales_pipeline.py took 0.119 seconds
[2026-04-15T05:02:46.747+0000] {processor.py:161} INFO - Started process (PID=1180) to work on /opt/airflow/dags/sales_pipeline.py
[2026-04-15T05:02:46.756+0000] {processor.py:830} INFO - Processing file /opt/airflow/dags/sales_pipeline.py for tasks to queue
[2026-04-15T05:02:46.758+0000] {logging_mixin.py:188} INFO - [2026-04-15T05:02:46.758+0000] {dagbag.py:538} INFO - Filling up the DagBag from /opt/airflow/dags/sales_pipeline.py
[2026-04-15T05:02:46.765+0000] {processor.py:840} INFO - DAG(s) 'sales_pipeline_demo' retrieved from /opt/airflow/dags/sales_pipeline.py
[2026-04-15T05:02:46.782+0000] {logging_mixin.py:188} INFO - [2026-04-15T05:02:46.782+0000] {dag.py:3036} INFO - Sync 1 DAGs
[2026-04-15T05:02:46.801+0000] {logging_mixin.py:188} INFO - [2026-04-15T05:02:46.801+0000] {dag.py:3823} INFO - Setting next_dagrun for sales_pipeline_demo to 2026-04-15 00:00:00+00:00, run_after=2026-04-16 00:00:00+00:00
[2026-04-15T05:02:46.815+0000] {processor.py:183} INFO - Processing /opt/airflow/dags/sales_pipeline.py took 0.070 seconds
[2026-04-15T05:03:16.994+0000] {processor.py:161} INFO - Started process (PID=1236) to work on /opt/airflow/dags/sales_pipeline.py
[2026-04-15T05:03:17.002+0000] {processor.py:830} INFO - Processing file /opt/airflow/dags/sales_pipeline.py for tasks to queue
[2026-04-15T05:03:17.004+0000] {logging_mixin.py:188} INFO - [2026-04-15T05:03:17.004+0000] {dagbag.py:538} INFO - Filling up the DagBag from /opt/airflow/dags/sales_pipeline.py
[2026-04-15T05:03:17.010+0000] {processor.py:840} INFO - DAG(s) 'sales_pipeline_demo' retrieved from /opt/airflow/dags/sales_pipeline.py
[2026-04-15T05:03:17.023+0000] {logging_mixin.py:188} INFO - [2026-04-15T05:03:17.023+0000] {dag.py:3036} INFO - Sync 1 DAGs
[2026-04-15T05:03:17.039+0000] {logging_mixin.py:188} INFO - [2026-04-15T05:03:17.039+0000] {dag.py:3823} INFO - Setting next_dagrun for sales_pipeline_demo to 2026-04-15 00:00:00+00:00, run_after=2026-04-16 00:00:00+00:00
[2026-04-15T05:03:17.050+0000] {processor.py:183} INFO - Processing /opt/airflow/dags/sales_pipeline.py took 0.058 seconds
[2026-04-15T05:03:47.300+0000] {processor.py:161} INFO - Started process (PID=1292) to work on /opt/airflow/dags/sales_pipeline.py
[2026-04-15T05:03:47.308+0000] {processor.py:830} INFO - Processing file /opt/airflow/dags/sales_pipeline.py for tasks to queue
[2026-04-15T05:03:47.310+0000] {logging_mixin.py:188} INFO - [2026-04-15T05:03:47.310+0000] {dagbag.py:538} INFO - Filling up the DagBag from /opt/airflow/dags/sales_pipeline.py
[2026-04-15T05:03:47.317+0000] {processor.py:840} INFO - DAG(s) 'sales_pipeline_demo' retrieved from /opt/airflow/dags/sales_pipeline.py
[2026-04-15T05:03:47.336+0000] {logging_mixin.py:188} INFO - [2026-04-15T05:03:47.336+0000] {dag.py:3036} INFO - Sync 1 DAGs
[2026-04-15T05:03:47.356+0000] {logging_mixin.py:188} INFO - [2026-04-15T05:03:47.356+0000] {dag.py:3823} INFO - Setting next_dagrun for sales_pipeline_demo to 2026-04-15 00:00:00+00:00, run_after=2026-04-16 00:00:00+00:00
[2026-04-15T05:03:47.372+0000] {processor.py:183} INFO - Processing /opt/airflow/dags/sales_pipeline.py took 0.076 seconds
[2026-04-15T05:04:17.833+0000] {processor.py:161} INFO - Started process (PID=1348) to work on /opt/airflow/dags/sales_pipeline.py
[2026-04-15T05:04:17.843+0000] {processor.py:830} INFO - Processing file /opt/airflow/dags/sales_pipeline.py for tasks to queue
[2026-04-15T05:04:17.845+0000] {logging_mixin.py:188} INFO - [2026-04-15T05:04:17.845+0000] {dagbag.py:538} INFO - Filling up the DagBag from /opt/airflow/dags/sales_pipeline.py
[2026-04-15T05:04:17.855+0000] {processor.py:840} INFO - DAG(s) 'sales_pipeline_demo' retrieved from /opt/airflow/dags/sales_pipeline.py
[2026-04-15T05:04:17.883+0000] {logging_mixin.py:188} INFO - [2026-04-15T05:04:17.882+0000] {dag.py:3036} INFO - Sync 1 DAGs
[2026-04-15T05:04:17.912+0000] {logging_mixin.py:188} INFO - [2026-04-15T05:04:17.911+0000] {dag.py:3823} INFO - Setting next_dagrun for sales_pipeline_demo to 2026-04-15 00:00:00+00:00, run_after=2026-04-16 00:00:00+00:00
[2026-04-15T05:04:17.934+0000] {processor.py:183} INFO - Processing /opt/airflow/dags/sales_pipeline.py took 0.105 seconds
[2026-04-15T05:04:48.589+0000] {processor.py:161} INFO - Started process (PID=1404) to work on /opt/airflow/dags/sales_pipeline.py
[2026-04-15T05:04:48.598+0000] {processor.py:830} INFO - Processing file /opt/airflow/dags/sales_pipeline.py for tasks to queue
[2026-04-15T05:04:48.601+0000] {logging_mixin.py:188} INFO - [2026-04-15T05:04:48.600+0000] {dagbag.py:538} INFO - Filling up the DagBag from /opt/airflow/dags/sales_pipeline.py
[2026-04-15T05:04:48.609+0000] {processor.py:840} INFO - DAG(s) 'sales_pipeline_demo' retrieved from /opt/airflow/dags/sales_pipeline.py
[2026-04-15T05:04:48.630+0000] {logging_mixin.py:188} INFO - [2026-04-15T05:04:48.630+0000] {dag.py:3036} INFO - Sync 1 DAGs
[2026-04-15T05:04:48.655+0000] {logging_mixin.py:188} INFO - [2026-04-15T05:04:48.655+0000] {dag.py:3823} INFO - Setting next_dagrun for sales_pipeline_demo to 2026-04-15 00:00:00+00:00, run_after=2026-04-16 00:00:00+00:00
[2026-04-15T05:04:48.674+0000] {processor.py:183} INFO - Processing /opt/airflow/dags/sales_pipeline.py took 0.088 seconds
[2026-04-15T05:05:19.320+0000] {processor.py:161} INFO - Started process (PID=1460) to work on /opt/airflow/dags/sales_pipeline.py
[2026-04-15T05:05:19.321+0000] {processor.py:830} INFO - Processing file /opt/airflow/dags/sales_pipeline.py for tasks to queue
[2026-04-15T05:05:19.322+0000] {logging_mixin.py:188} INFO - [2026-04-15T05:05:19.322+0000] {dagbag.py:538} INFO - Filling up the DagBag from /opt/airflow/dags/sales_pipeline.py
[2026-04-15T05:05:19.328+0000] {processor.py:840} INFO - DAG(s) 'sales_pipeline_demo' retrieved from /opt/airflow/dags/sales_pipeline.py
[2026-04-15T05:05:19.343+0000] {logging_mixin.py:188} INFO - [2026-04-15T05:05:19.343+0000] {dag.py:3036} INFO - Sync 1 DAGs
[2026-04-15T05:05:19.359+0000] {logging_mixin.py:188} INFO - [2026-04-15T05:05:19.359+0000] {dag.py:3823} INFO - Setting next_dagrun for sales_pipeline_demo to 2026-04-15 00:00:00+00:00, run_after=2026-04-16 00:00:00+00:00
[2026-04-15T05:05:19.370+0000] {processor.py:183} INFO - Processing /opt/airflow/dags/sales_pipeline.py took 0.053 seconds
[2026-04-15T05:05:49.737+0000] {processor.py:161} INFO - Started process (PID=1516) to work on /opt/airflow/dags/sales_pipeline.py
[2026-04-15T05:05:49.745+0000] {processor.py:830} INFO - Processing file /opt/airflow/dags/sales_pipeline.py for tasks to queue
[2026-04-15T05:05:49.747+0000] {logging_mixin.py:188} INFO - [2026-04-15T05:05:49.747+0000] {dagbag.py:538} INFO - Filling up the DagBag from /opt/airflow/dags/sales_pipeline.py
[2026-04-15T05:05:49.752+0000] {processor.py:840} INFO - DAG(s) 'sales_pipeline_demo' retrieved from /opt/airflow/dags/sales_pipeline.py
[2026-04-15T05:05:49.767+0000] {logging_mixin.py:188} INFO - [2026-04-15T05:05:49.767+0000] {dag.py:3036} INFO - Sync 1 DAGs
[2026-04-15T05:05:49.783+0000] {logging_mixin.py:188} INFO - [2026-04-15T05:05:49.783+0000] {dag.py:3823} INFO - Setting next_dagrun for sales_pipeline_demo to 2026-04-15 00:00:00+00:00, run_after=2026-04-16 00:00:00+00:00
[2026-04-15T05:05:49.795+0000] {processor.py:183} INFO - Processing /opt/airflow/dags/sales_pipeline.py took 0.061 seconds
[2026-04-15T05:06:19.889+0000] {processor.py:161} INFO - Started process (PID=1573) to work on /opt/airflow/dags/sales_pipeline.py
[2026-04-15T05:06:19.890+0000] {processor.py:830} INFO - Processing file /opt/airflow/dags/sales_pipeline.py for tasks to queue
[2026-04-15T05:06:19.891+0000] {logging_mixin.py:188} INFO - [2026-04-15T05:06:19.891+0000] {dagbag.py:538} INFO - Filling up the DagBag from /opt/airflow/dags/sales_pipeline.py
[2026-04-15T05:06:19.897+0000] {processor.py:840} INFO - DAG(s) 'sales_pipeline_demo' retrieved from /opt/airflow/dags/sales_pipeline.py
[2026-04-15T05:06:19.913+0000] {logging_mixin.py:188} INFO - [2026-04-15T05:06:19.913+0000] {dag.py:3036} INFO - Sync 1 DAGs
[2026-04-15T05:06:19.930+0000] {logging_mixin.py:188} INFO - [2026-04-15T05:06:19.930+0000] {dag.py:3823} INFO - Setting next_dagrun for sales_pipeline_demo to 2026-04-15 00:00:00+00:00, run_after=2026-04-16 00:00:00+00:00
[2026-04-15T05:06:19.941+0000] {processor.py:183} INFO - Processing /opt/airflow/dags/sales_pipeline.py took 0.056 seconds
[2026-04-15T05:06:50.029+0000] {processor.py:161} INFO - Started process (PID=1629) to work on /opt/airflow/dags/sales_pipeline.py
[2026-04-15T05:06:50.030+0000] {processor.py:830} INFO - Processing file /opt/airflow/dags/sales_pipeline.py for tasks to queue
[2026-04-15T05:06:50.031+0000] {logging_mixin.py:188} INFO - [2026-04-15T05:06:50.031+0000] {dagbag.py:538} INFO - Filling up the DagBag from /opt/airflow/dags/sales_pipeline.py
[2026-04-15T05:06:50.037+0000] {processor.py:840} INFO - DAG(s) 'sales_pipeline_demo' retrieved from /opt/airflow/dags/sales_pipeline.py
[2026-04-15T05:06:50.053+0000] {logging_mixin.py:188} INFO - [2026-04-15T05:06:50.053+0000] {dag.py:3036} INFO - Sync 1 DAGs
[2026-04-15T05:06:50.069+0000] {logging_mixin.py:188} INFO - [2026-04-15T05:06:50.069+0000] {dag.py:3823} INFO - Setting next_dagrun for sales_pipeline_demo to 2026-04-15 00:00:00+00:00, run_after=2026-04-16 00:00:00+00:00
[2026-04-15T05:06:50.081+0000] {processor.py:183} INFO - Processing /opt/airflow/dags/sales_pipeline.py took 0.054 seconds
[2026-04-15T05:07:20.421+0000] {processor.py:161} INFO - Started process (PID=1684) to work on /opt/airflow/dags/sales_pipeline.py
[2026-04-15T05:07:20.423+0000] {processor.py:830} INFO - Processing file /opt/airflow/dags/sales_pipeline.py for tasks to queue
[2026-04-15T05:07:20.425+0000] {logging_mixin.py:188} INFO - [2026-04-15T05:07:20.425+0000] {dagbag.py:538} INFO - Filling up the DagBag from /opt/airflow/dags/sales_pipeline.py
[2026-04-15T05:07:20.435+0000] {processor.py:840} INFO - DAG(s) 'sales_pipeline_demo' retrieved from /opt/airflow/dags/sales_pipeline.py
[2026-04-15T05:07:20.464+0000] {logging_mixin.py:188} INFO - [2026-04-15T05:07:20.463+0000] {dag.py:3036} INFO - Sync 1 DAGs
[2026-04-15T05:07:20.495+0000] {logging_mixin.py:188} INFO - [2026-04-15T05:07:20.494+0000] {dag.py:3823} INFO - Setting next_dagrun for sales_pipeline_demo to 2026-04-15 00:00:00+00:00, run_after=2026-04-16 00:00:00+00:00
[2026-04-15T05:07:20.517+0000] {processor.py:183} INFO - Processing /opt/airflow/dags/sales_pipeline.py took 0.101 seconds
[2026-04-15T05:07:50.704+0000] {processor.py:161} INFO - Started process (PID=1740) to work on /opt/airflow/dags/sales_pipeline.py
[2026-04-15T05:07:50.713+0000] {processor.py:830} INFO - Processing file /opt/airflow/dags/sales_pipeline.py for tasks to queue
[2026-04-15T05:07:50.714+0000] {logging_mixin.py:188} INFO - [2026-04-15T05:07:50.714+0000] {dagbag.py:538} INFO - Filling up the DagBag from /opt/airflow/dags/sales_pipeline.py
[2026-04-15T05:07:50.720+0000] {processor.py:840} INFO - DAG(s) 'sales_pipeline_demo' retrieved from /opt/airflow/dags/sales_pipeline.py
[2026-04-15T05:07:50.733+0000] {logging_mixin.py:188} INFO - [2026-04-15T05:07:50.733+0000] {dag.py:3036} INFO - Sync 1 DAGs
[2026-04-15T05:07:50.749+0000] {logging_mixin.py:188} INFO - [2026-04-15T05:07:50.749+0000] {dag.py:3823} INFO - Setting next_dagrun for sales_pipeline_demo to 2026-04-15 00:00:00+00:00, run_after=2026-04-16 00:00:00+00:00
[2026-04-15T05:07:50.761+0000] {processor.py:183} INFO - Processing /opt/airflow/dags/sales_pipeline.py took 0.059 seconds
[2026-04-15T05:08:21.375+0000] {processor.py:161} INFO - Started process (PID=1796) to work on /opt/airflow/dags/sales_pipeline.py
[2026-04-15T05:08:21.385+0000] {processor.py:830} INFO - Processing file /opt/airflow/dags/sales_pipeline.py for tasks to queue
[2026-04-15T05:08:21.388+0000] {logging_mixin.py:188} INFO - [2026-04-15T05:08:21.387+0000] {dagbag.py:538} INFO - Filling up the DagBag from /opt/airflow/dags/sales_pipeline.py
[2026-04-15T05:08:21.400+0000] {processor.py:840} INFO - DAG(s) 'sales_pipeline_demo' retrieved from /opt/airflow/dags/sales_pipeline.py
[2026-04-15T05:08:21.430+0000] {logging_mixin.py:188} INFO - [2026-04-15T05:08:21.430+0000] {dag.py:3036} INFO - Sync 1 DAGs
[2026-04-15T05:08:21.467+0000] {logging_mixin.py:188} INFO - [2026-04-15T05:08:21.467+0000] {dag.py:3823} INFO - Setting next_dagrun for sales_pipeline_demo to 2026-04-15 00:00:00+00:00, run_after=2026-04-16 00:00:00+00:00
[2026-04-15T05:08:21.496+0000] {processor.py:183} INFO - Processing /opt/airflow/dags/sales_pipeline.py took 0.126 seconds
[2026-04-15T05:08:52.181+0000] {processor.py:161} INFO - Started process (PID=1852) to work on /opt/airflow/dags/sales_pipeline.py
[2026-04-15T05:08:52.190+0000] {processor.py:830} INFO - Processing file /opt/airflow/dags/sales_pipeline.py for tasks to queue
[2026-04-15T05:08:52.193+0000] {logging_mixin.py:188} INFO - [2026-04-15T05:08:52.193+0000] {dagbag.py:538} INFO - Filling up the DagBag from /opt/airflow/dags/sales_pipeline.py
[2026-04-15T05:08:52.204+0000] {processor.py:840} INFO - DAG(s) 'sales_pipeline_demo' retrieved from /opt/airflow/dags/sales_pipeline.py
[2026-04-15T05:08:52.233+0000] {logging_mixin.py:188} INFO - [2026-04-15T05:08:52.233+0000] {dag.py:3036} INFO - Sync 1 DAGs
[2026-04-15T05:08:52.270+0000] {logging_mixin.py:188} INFO - [2026-04-15T05:08:52.269+0000] {dag.py:3823} INFO - Setting next_dagrun for sales_pipeline_demo to 2026-04-15 00:00:00+00:00, run_after=2026-04-16 00:00:00+00:00
[2026-04-15T05:08:52.298+0000] {processor.py:183} INFO - Processing /opt/airflow/dags/sales_pipeline.py took 0.122 seconds
[2026-04-15T05:09:22.424+0000] {processor.py:161} INFO - Started process (PID=1908) to work on /opt/airflow/dags/sales_pipeline.py
[2026-04-15T05:09:22.433+0000] {processor.py:830} INFO - Processing file /opt/airflow/dags/sales_pipeline.py for tasks to queue
[2026-04-15T05:09:22.434+0000] {logging_mixin.py:188} INFO - [2026-04-15T05:09:22.434+0000] {dagbag.py:538} INFO - Filling up the DagBag from /opt/airflow/dags/sales_pipeline.py
[2026-04-15T05:09:22.440+0000] {processor.py:840} INFO - DAG(s) 'sales_pipeline_demo' retrieved from /opt/airflow/dags/sales_pipeline.py
[2026-04-15T05:09:22.455+0000] {logging_mixin.py:188} INFO - [2026-04-15T05:09:22.455+0000] {dag.py:3036} INFO - Sync 1 DAGs
[2026-04-15T05:09:22.472+0000] {logging_mixin.py:188} INFO - [2026-04-15T05:09:22.472+0000] {dag.py:3823} INFO - Setting next_dagrun for sales_pipeline_demo to 2026-04-15 00:00:00+00:00, run_after=2026-04-16 00:00:00+00:00
[2026-04-15T05:09:22.483+0000] {processor.py:183} INFO - Processing /opt/airflow/dags/sales_pipeline.py took 0.062 seconds
[2026-04-15T05:09:52.584+0000] {processor.py:161} INFO - Started process (PID=1964) to work on /opt/airflow/dags/sales_pipeline.py
[2026-04-15T05:09:52.593+0000] {processor.py:830} INFO - Processing file /opt/airflow/dags/sales_pipeline.py for tasks to queue
[2026-04-15T05:09:52.594+0000] {logging_mixin.py:188} INFO - [2026-04-15T05:09:52.594+0000] {dagbag.py:538} INFO - Filling up the DagBag from /opt/airflow/dags/sales_pipeline.py
[2026-04-15T05:09:52.600+0000] {processor.py:840} INFO - DAG(s) 'sales_pipeline_demo' retrieved from /opt/airflow/dags/sales_pipeline.py
[2026-04-15T05:09:52.615+0000] {logging_mixin.py:188} INFO - [2026-04-15T05:09:52.614+0000] {dag.py:3036} INFO - Sync 1 DAGs
[2026-04-15T05:09:52.631+0000] {logging_mixin.py:188} INFO - [2026-04-15T05:09:52.631+0000] {dag.py:3823} INFO - Setting next_dagrun for sales_pipeline_demo to 2026-04-15 00:00:00+00:00, run_after=2026-04-16 00:00:00+00:00
[2026-04-15T05:09:52.642+0000] {processor.py:183} INFO - Processing /opt/airflow/dags/sales_pipeline.py took 0.061 seconds
[2026-04-15T05:10:22.910+0000] {processor.py:161} INFO - Started process (PID=2020) to work on /opt/airflow/dags/sales_pipeline.py
[2026-04-15T05:10:22.911+0000] {processor.py:830} INFO - Processing file /opt/airflow/dags/sales_pipeline.py for tasks to queue
[2026-04-15T05:10:22.913+0000] {logging_mixin.py:188} INFO - [2026-04-15T05:10:22.912+0000] {dagbag.py:538} INFO - Filling up the DagBag from /opt/airflow/dags/sales_pipeline.py
[2026-04-15T05:10:22.918+0000] {processor.py:840} INFO - DAG(s) 'sales_pipeline_demo' retrieved from /opt/airflow/dags/sales_pipeline.py
[2026-04-15T05:10:22.934+0000] {logging_mixin.py:188} INFO - [2026-04-15T05:10:22.934+0000] {dag.py:3036} INFO - Sync 1 DAGs
[2026-04-15T05:10:22.950+0000] {logging_mixin.py:188} INFO - [2026-04-15T05:10:22.950+0000] {dag.py:3823} INFO - Setting next_dagrun for sales_pipeline_demo to 2026-04-15 00:00:00+00:00, run_after=2026-04-16 00:00:00+00:00
[2026-04-15T05:10:22.963+0000] {processor.py:183} INFO - Processing /opt/airflow/dags/sales_pipeline.py took 0.058 seconds
[2026-04-15T05:10:53.128+0000] {processor.py:161} INFO - Started process (PID=2076) to work on /opt/airflow/dags/sales_pipeline.py
[2026-04-15T05:10:53.137+0000] {processor.py:830} INFO - Processing file /opt/airflow/dags/sales_pipeline.py for tasks to queue
[2026-04-15T05:10:53.138+0000] {logging_mixin.py:188} INFO - [2026-04-15T05:10:53.138+0000] {dagbag.py:538} INFO - Filling up the DagBag from /opt/airflow/dags/sales_pipeline.py
[2026-04-15T05:10:53.144+0000] {processor.py:840} INFO - DAG(s) 'sales_pipeline_demo' retrieved from /opt/airflow/dags/sales_pipeline.py
[2026-04-15T05:10:53.158+0000] {logging_mixin.py:188} INFO - [2026-04-15T05:10:53.157+0000] {dag.py:3036} INFO - Sync 1 DAGs
[2026-04-15T05:10:53.176+0000] {logging_mixin.py:188} INFO - [2026-04-15T05:10:53.176+0000] {dag.py:3823} INFO - Setting next_dagrun for sales_pipeline_demo to 2026-04-15 00:00:00+00:00, run_after=2026-04-16 00:00:00+00:00
[2026-04-15T05:10:53.188+0000] {processor.py:183} INFO - Processing /opt/airflow/dags/sales_pipeline.py took 0.063 seconds
[2026-04-15T05:11:23.550+0000] {processor.py:161} INFO - Started process (PID=2132) to work on /opt/airflow/dags/sales_pipeline.py
[2026-04-15T05:11:23.551+0000] {processor.py:830} INFO - Processing file /opt/airflow/dags/sales_pipeline.py for tasks to queue
[2026-04-15T05:11:23.552+0000] {logging_mixin.py:188} INFO - [2026-04-15T05:11:23.552+0000] {dagbag.py:538} INFO - Filling up the DagBag from /opt/airflow/dags/sales_pipeline.py
[2026-04-15T05:11:23.558+0000] {processor.py:840} INFO - DAG(s) 'sales_pipeline_demo' retrieved from /opt/airflow/dags/sales_pipeline.py
[2026-04-15T05:11:23.575+0000] {logging_mixin.py:188} INFO - [2026-04-15T05:11:23.575+0000] {dag.py:3036} INFO - Sync 1 DAGs
[2026-04-15T05:11:23.593+0000] {logging_mixin.py:188} INFO - [2026-04-15T05:11:23.592+0000] {dag.py:3823} INFO - Setting next_dagrun for sales_pipeline_demo to 2026-04-15 00:00:00+00:00, run_after=2026-04-16 00:00:00+00:00
[2026-04-15T05:11:23.605+0000] {processor.py:183} INFO - Processing /opt/airflow/dags/sales_pipeline.py took 0.057 seconds
[2026-04-15T05:11:54.044+0000] {processor.py:161} INFO - Started process (PID=2188) to work on /opt/airflow/dags/sales_pipeline.py
[2026-04-15T05:11:54.053+0000] {processor.py:830} INFO - Processing file /opt/airflow/dags/sales_pipeline.py for tasks to queue
[2026-04-15T05:11:54.054+0000] {logging_mixin.py:188} INFO - [2026-04-15T05:11:54.054+0000] {dagbag.py:538} INFO - Filling up the DagBag from /opt/airflow/dags/sales_pipeline.py
[2026-04-15T05:11:54.060+0000] {processor.py:840} INFO - DAG(s) 'sales_pipeline_demo' retrieved from /opt/airflow/dags/sales_pipeline.py
[2026-04-15T05:11:54.074+0000] {logging_mixin.py:188} INFO - [2026-04-15T05:11:54.074+0000] {dag.py:3036} INFO - Sync 1 DAGs
[2026-04-15T05:11:54.091+0000] {logging_mixin.py:188} INFO - [2026-04-15T05:11:54.090+0000] {dag.py:3823} INFO - Setting next_dagrun for sales_pipeline_demo to 2026-04-15 00:00:00+00:00, run_after=2026-04-16 00:00:00+00:00
[2026-04-15T05:11:54.101+0000] {processor.py:183} INFO - Processing /opt/airflow/dags/sales_pipeline.py took 0.060 seconds
[2026-04-15T05:12:24.386+0000] {processor.py:161} INFO - Started process (PID=2244) to work on /opt/airflow/dags/sales_pipeline.py
[2026-04-15T05:12:24.395+0000] {processor.py:830} INFO - Processing file /opt/airflow/dags/sales_pipeline.py for tasks to queue
[2026-04-15T05:12:24.397+0000] {logging_mixin.py:188} INFO - [2026-04-15T05:12:24.396+0000] {dagbag.py:538} INFO - Filling up the DagBag from /opt/airflow/dags/sales_pipeline.py
[2026-04-15T05:12:24.403+0000] {processor.py:840} INFO - DAG(s) 'sales_pipeline_demo' retrieved from /opt/airflow/dags/sales_pipeline.py
[2026-04-15T05:12:24.420+0000] {logging_mixin.py:188} INFO - [2026-04-15T05:12:24.420+0000] {dag.py:3036} INFO - Sync 1 DAGs
[2026-04-15T05:12:24.439+0000] {logging_mixin.py:188} INFO - [2026-04-15T05:12:24.439+0000] {dag.py:3823} INFO - Setting next_dagrun for sales_pipeline_demo to 2026-04-15 00:00:00+00:00, run_after=2026-04-16 00:00:00+00:00
[2026-04-15T05:12:24.454+0000] {processor.py:183} INFO - Processing /opt/airflow/dags/sales_pipeline.py took 0.070 seconds
[2026-04-15T05:12:54.829+0000] {processor.py:161} INFO - Started process (PID=2300) to work on /opt/airflow/dags/sales_pipeline.py
[2026-04-15T05:12:54.838+0000] {processor.py:830} INFO - Processing file /opt/airflow/dags/sales_pipeline.py for tasks to queue
[2026-04-15T05:12:54.839+0000] {logging_mixin.py:188} INFO - [2026-04-15T05:12:54.839+0000] {dagbag.py:538} INFO - Filling up the DagBag from /opt/airflow/dags/sales_pipeline.py
[2026-04-15T05:12:54.845+0000] {processor.py:840} INFO - DAG(s) 'sales_pipeline_demo' retrieved from /opt/airflow/dags/sales_pipeline.py
[2026-04-15T05:12:54.860+0000] {logging_mixin.py:188} INFO - [2026-04-15T05:12:54.860+0000] {dag.py:3036} INFO - Sync 1 DAGs
[2026-04-15T05:12:54.878+0000] {logging_mixin.py:188} INFO - [2026-04-15T05:12:54.878+0000] {dag.py:3823} INFO - Setting next_dagrun for sales_pipeline_demo to 2026-04-15 00:00:00+00:00, run_after=2026-04-16 00:00:00+00:00
[2026-04-15T05:12:54.889+0000] {processor.py:183} INFO - Processing /opt/airflow/dags/sales_pipeline.py took 0.063 seconds
[2026-04-15T05:13:25.027+0000] {processor.py:161} INFO - Started process (PID=2356) to work on /opt/airflow/dags/sales_pipeline.py
[2026-04-15T05:13:25.028+0000] {processor.py:830} INFO - Processing file /opt/airflow/dags/sales_pipeline.py for tasks to queue
[2026-04-15T05:13:25.030+0000] {logging_mixin.py:188} INFO - [2026-04-15T05:13:25.030+0000] {dagbag.py:538} INFO - Filling up the DagBag from /opt/airflow/dags/sales_pipeline.py
[2026-04-15T05:13:25.040+0000] {processor.py:840} INFO - DAG(s) 'sales_pipeline_demo' retrieved from /opt/airflow/dags/sales_pipeline.py
[2026-04-15T05:13:25.068+0000] {logging_mixin.py:188} INFO - [2026-04-15T05:13:25.068+0000] {dag.py:3036} INFO - Sync 1 DAGs
[2026-04-15T05:13:25.099+0000] {logging_mixin.py:188} INFO - [2026-04-15T05:13:25.098+0000] {dag.py:3823} INFO - Setting next_dagrun for sales_pipeline_demo to 2026-04-15 00:00:00+00:00, run_after=2026-04-16 00:00:00+00:00
[2026-04-15T05:13:25.123+0000] {processor.py:183} INFO - Processing /opt/airflow/dags/sales_pipeline.py took 0.101 seconds
[2026-04-15T05:13:55.419+0000] {processor.py:161} INFO - Started process (PID=2410) to work on /opt/airflow/dags/sales_pipeline.py
[2026-04-15T05:13:55.428+0000] {processor.py:830} INFO - Processing file /opt/airflow/dags/sales_pipeline.py for tasks to queue
[2026-04-15T05:13:55.429+0000] {logging_mixin.py:188} INFO - [2026-04-15T05:13:55.429+0000] {dagbag.py:538} INFO - Filling up the DagBag from /opt/airflow/dags/sales_pipeline.py
[2026-04-15T05:13:55.434+0000] {processor.py:840} INFO - DAG(s) 'sales_pipeline_demo' retrieved from /opt/airflow/dags/sales_pipeline.py
[2026-04-15T05:13:55.448+0000] {logging_mixin.py:188} INFO - [2026-04-15T05:13:55.448+0000] {dag.py:3036} INFO - Sync 1 DAGs
[2026-04-15T05:13:55.576+0000] {logging_mixin.py:188} INFO - [2026-04-15T05:13:55.576+0000] {dag.py:3823} INFO - Setting next_dagrun for sales_pipeline_demo to 2026-04-15 00:00:00+00:00, run_after=2026-04-16 00:00:00+00:00
[2026-04-15T05:13:55.596+0000] {processor.py:183} INFO - Processing /opt/airflow/dags/sales_pipeline.py took 0.180 seconds
[2026-04-15T05:14:25.868+0000] {processor.py:161} INFO - Started process (PID=2466) to work on /opt/airflow/dags/sales_pipeline.py
[2026-04-15T05:14:25.869+0000] {processor.py:830} INFO - Processing file /opt/airflow/dags/sales_pipeline.py for tasks to queue
[2026-04-15T05:14:25.872+0000] {logging_mixin.py:188} INFO - [2026-04-15T05:14:25.871+0000] {dagbag.py:538} INFO - Filling up the DagBag from /opt/airflow/dags/sales_pipeline.py
[2026-04-15T05:14:25.882+0000] {processor.py:840} INFO - DAG(s) 'sales_pipeline_demo' retrieved from /opt/airflow/dags/sales_pipeline.py
[2026-04-15T05:14:25.911+0000] {logging_mixin.py:188} INFO - [2026-04-15T05:14:25.911+0000] {dag.py:3036} INFO - Sync 1 DAGs
[2026-04-15T05:14:26.112+0000] {logging_mixin.py:188} INFO - [2026-04-15T05:14:26.112+0000] {dag.py:3823} INFO - Setting next_dagrun for sales_pipeline_demo to 2026-04-15 00:00:00+00:00, run_after=2026-04-16 00:00:00+00:00
[2026-04-15T05:14:26.143+0000] {processor.py:183} INFO - Processing /opt/airflow/dags/sales_pipeline.py took 0.279 seconds
[2026-04-15T05:14:56.969+0000] {processor.py:161} INFO - Started process (PID=2522) to work on /opt/airflow/dags/sales_pipeline.py
[2026-04-15T05:14:56.970+0000] {processor.py:830} INFO - Processing file /opt/airflow/dags/sales_pipeline.py for tasks to queue
[2026-04-15T05:14:56.971+0000] {logging_mixin.py:188} INFO - [2026-04-15T05:14:56.971+0000] {dagbag.py:538} INFO - Filling up the DagBag from /opt/airflow/dags/sales_pipeline.py
[2026-04-15T05:14:56.977+0000] {processor.py:840} INFO - DAG(s) 'sales_pipeline_demo' retrieved from /opt/airflow/dags/sales_pipeline.py
[2026-04-15T05:14:56.992+0000] {logging_mixin.py:188} INFO - [2026-04-15T05:14:56.992+0000] {dag.py:3036} INFO - Sync 1 DAGs
[2026-04-15T05:14:57.009+0000] {logging_mixin.py:188} INFO - [2026-04-15T05:14:57.008+0000] {dag.py:3823} INFO - Setting next_dagrun for sales_pipeline_demo to 2026-04-15 00:00:00+00:00, run_after=2026-04-16 00:00:00+00:00
[2026-04-15T05:14:57.020+0000] {processor.py:183} INFO - Processing /opt/airflow/dags/sales_pipeline.py took 0.053 seconds
[2026-04-15T05:15:27.106+0000] {processor.py:161} INFO - Started process (PID=2578) to work on /opt/airflow/dags/sales_pipeline.py
[2026-04-15T05:15:27.115+0000] {processor.py:830} INFO - Processing file /opt/airflow/dags/sales_pipeline.py for tasks to queue
[2026-04-15T05:15:27.116+0000] {logging_mixin.py:188} INFO - [2026-04-15T05:15:27.116+0000] {dagbag.py:538} INFO - Filling up the DagBag from /opt/airflow/dags/sales_pipeline.py
[2026-04-15T05:15:27.122+0000] {processor.py:840} INFO - DAG(s) 'sales_pipeline_demo' retrieved from /opt/airflow/dags/sales_pipeline.py
[2026-04-15T05:15:27.135+0000] {logging_mixin.py:188} INFO - [2026-04-15T05:15:27.135+0000] {dag.py:3036} INFO - Sync 1 DAGs
[2026-04-15T05:15:27.151+0000] {logging_mixin.py:188} INFO - [2026-04-15T05:15:27.151+0000] {dag.py:3823} INFO - Setting next_dagrun for sales_pipeline_demo to 2026-04-15 00:00:00+00:00, run_after=2026-04-16 00:00:00+00:00
[2026-04-15T05:15:27.163+0000] {processor.py:183} INFO - Processing /opt/airflow/dags/sales_pipeline.py took 0.059 seconds
[2026-04-15T05:15:57.323+0000] {processor.py:161} INFO - Started process (PID=2634) to work on /opt/airflow/dags/sales_pipeline.py
[2026-04-15T05:15:57.331+0000] {processor.py:830} INFO - Processing file /opt/airflow/dags/sales_pipeline.py for tasks to queue
[2026-04-15T05:15:57.333+0000] {logging_mixin.py:188} INFO - [2026-04-15T05:15:57.332+0000] {dagbag.py:538} INFO - Filling up the DagBag from /opt/airflow/dags/sales_pipeline.py
[2026-04-15T05:15:57.338+0000] {processor.py:840} INFO - DAG(s) 'sales_pipeline_demo' retrieved from /opt/airflow/dags/sales_pipeline.py
[2026-04-15T05:15:57.354+0000] {logging_mixin.py:188} INFO - [2026-04-15T05:15:57.353+0000] {dag.py:3036} INFO - Sync 1 DAGs
[2026-04-15T05:15:57.370+0000] {logging_mixin.py:188} INFO - [2026-04-15T05:15:57.370+0000] {dag.py:3823} INFO - Setting next_dagrun for sales_pipeline_demo to 2026-04-15 00:00:00+00:00, run_after=2026-04-16 00:00:00+00:00
[2026-04-15T05:15:57.383+0000] {processor.py:183} INFO - Processing /opt/airflow/dags/sales_pipeline.py took 0.063 seconds
[2026-04-15T05:16:27.535+0000] {processor.py:161} INFO - Started process (PID=2690) to work on /opt/airflow/dags/sales_pipeline.py
[2026-04-15T05:16:27.543+0000] {processor.py:830} INFO - Processing file /opt/airflow/dags/sales_pipeline.py for tasks to queue
[2026-04-15T05:16:27.545+0000] {logging_mixin.py:188} INFO - [2026-04-15T05:16:27.545+0000] {dagbag.py:538} INFO - Filling up the DagBag from /opt/airflow/dags/sales_pipeline.py
[2026-04-15T05:16:27.551+0000] {processor.py:840} INFO - DAG(s) 'sales_pipeline_demo' retrieved from /opt/airflow/dags/sales_pipeline.py
[2026-04-15T05:16:27.568+0000] {logging_mixin.py:188} INFO - [2026-04-15T05:16:27.567+0000] {dag.py:3036} INFO - Sync 1 DAGs
[2026-04-15T05:16:27.588+0000] {logging_mixin.py:188} INFO - [2026-04-15T05:16:27.588+0000] {dag.py:3823} INFO - Setting next_dagrun for sales_pipeline_demo to 2026-04-15 00:00:00+00:00, run_after=2026-04-16 00:00:00+00:00
[2026-04-15T05:16:27.604+0000] {processor.py:183} INFO - Processing /opt/airflow/dags/sales_pipeline.py took 0.072 seconds
[2026-04-15T05:16:57.721+0000] {processor.py:161} INFO - Started process (PID=2746) to work on /opt/airflow/dags/sales_pipeline.py
[2026-04-15T05:16:57.722+0000] {processor.py:830} INFO - Processing file /opt/airflow/dags/sales_pipeline.py for tasks to queue
[2026-04-15T05:16:57.723+0000] {logging_mixin.py:188} INFO - [2026-04-15T05:16:57.723+0000] {dagbag.py:538} INFO - Filling up the DagBag from /opt/airflow/dags/sales_pipeline.py
[2026-04-15T05:16:57.730+0000] {processor.py:840} INFO - DAG(s) 'sales_pipeline_demo' retrieved from /opt/airflow/dags/sales_pipeline.py
[2026-04-15T05:16:57.747+0000] {logging_mixin.py:188} INFO - [2026-04-15T05:16:57.746+0000] {dag.py:3036} INFO - Sync 1 DAGs
[2026-04-15T05:16:57.764+0000] {logging_mixin.py:188} INFO - [2026-04-15T05:16:57.764+0000] {dag.py:3823} INFO - Setting next_dagrun for sales_pipeline_demo to 2026-04-15 00:00:00+00:00, run_after=2026-04-16 00:00:00+00:00
[2026-04-15T05:16:57.776+0000] {processor.py:183} INFO - Processing /opt/airflow/dags/sales_pipeline.py took 0.058 seconds
[2026-04-15T05:17:28.696+0000] {processor.py:161} INFO - Started process (PID=2802) to work on /opt/airflow/dags/sales_pipeline.py
[2026-04-15T05:17:28.697+0000] {processor.py:830} INFO - Processing file /opt/airflow/dags/sales_pipeline.py for tasks to queue
[2026-04-15T05:17:28.698+0000] {logging_mixin.py:188} INFO - [2026-04-15T05:17:28.698+0000] {dagbag.py:538} INFO - Filling up the DagBag from /opt/airflow/dags/sales_pipeline.py
[2026-04-15T05:17:28.704+0000] {processor.py:840} INFO - DAG(s) 'sales_pipeline_demo' retrieved from /opt/airflow/dags/sales_pipeline.py
[2026-04-15T05:17:28.719+0000] {logging_mixin.py:188} INFO - [2026-04-15T05:17:28.719+0000] {dag.py:3036} INFO - Sync 1 DAGs
[2026-04-15T05:17:28.735+0000] {logging_mixin.py:188} INFO - [2026-04-15T05:17:28.735+0000] {dag.py:3823} INFO - Setting next_dagrun for sales_pipeline_demo to 2026-04-15 00:00:00+00:00, run_after=2026-04-16 00:00:00+00:00
[2026-04-15T05:17:28.746+0000] {processor.py:183} INFO - Processing /opt/airflow/dags/sales_pipeline.py took 0.052 seconds
[2026-04-15T05:17:59.036+0000] {processor.py:161} INFO - Started process (PID=2858) to work on /opt/airflow/dags/sales_pipeline.py
[2026-04-15T05:17:59.037+0000] {processor.py:830} INFO - Processing file /opt/airflow/dags/sales_pipeline.py for tasks to queue
[2026-04-15T05:17:59.038+0000] {logging_mixin.py:188} INFO - [2026-04-15T05:17:59.038+0000] {dagbag.py:538} INFO - Filling up the DagBag from /opt/airflow/dags/sales_pipeline.py
[2026-04-15T05:17:59.043+0000] {processor.py:840} INFO - DAG(s) 'sales_pipeline_demo' retrieved from /opt/airflow/dags/sales_pipeline.py
[2026-04-15T05:17:59.058+0000] {logging_mixin.py:188} INFO - [2026-04-15T05:17:59.058+0000] {dag.py:3036} INFO - Sync 1 DAGs
[2026-04-15T05:17:59.074+0000] {logging_mixin.py:188} INFO - [2026-04-15T05:17:59.074+0000] {dag.py:3823} INFO - Setting next_dagrun for sales_pipeline_demo to 2026-04-15 00:00:00+00:00, run_after=2026-04-16 00:00:00+00:00
[2026-04-15T05:17:59.086+0000] {processor.py:183} INFO - Processing /opt/airflow/dags/sales_pipeline.py took 0.052 seconds
[2026-04-15T05:18:29.311+0000] {processor.py:161} INFO - Started process (PID=2914) to work on /opt/airflow/dags/sales_pipeline.py
[2026-04-15T05:18:29.320+0000] {processor.py:830} INFO - Processing file /opt/airflow/dags/sales_pipeline.py for tasks to queue
[2026-04-15T05:18:29.322+0000] {logging_mixin.py:188} INFO - [2026-04-15T05:18:29.321+0000] {dagbag.py:538} INFO - Filling up the DagBag from /opt/airflow/dags/sales_pipeline.py
[2026-04-15T05:18:29.327+0000] {processor.py:840} INFO - DAG(s) 'sales_pipeline_demo' retrieved from /opt/airflow/dags/sales_pipeline.py
[2026-04-15T05:18:29.341+0000] {logging_mixin.py:188} INFO - [2026-04-15T05:18:29.341+0000] {dag.py:3036} INFO - Sync 1 DAGs
[2026-04-15T05:18:29.356+0000] {logging_mixin.py:188} INFO - [2026-04-15T05:18:29.356+0000] {dag.py:3823} INFO - Setting next_dagrun for sales_pipeline_demo to 2026-04-15 00:00:00+00:00, run_after=2026-04-16 00:00:00+00:00
[2026-04-15T05:18:29.368+0000] {processor.py:183} INFO - Processing /opt/airflow/dags/sales_pipeline.py took 0.059 seconds
[2026-04-15T05:19:00.178+0000] {processor.py:161} INFO - Started process (PID=2970) to work on /opt/airflow/dags/sales_pipeline.py
[2026-04-15T05:19:00.179+0000] {processor.py:830} INFO - Processing file /opt/airflow/dags/sales_pipeline.py for tasks to queue
[2026-04-15T05:19:00.180+0000] {logging_mixin.py:188} INFO - [2026-04-15T05:19:00.180+0000] {dagbag.py:538} INFO - Filling up the DagBag from /opt/airflow/dags/sales_pipeline.py
[2026-04-15T05:19:00.186+0000] {processor.py:840} INFO - DAG(s) 'sales_pipeline_demo' retrieved from /opt/airflow/dags/sales_pipeline.py
[2026-04-15T05:19:00.202+0000] {logging_mixin.py:188} INFO - [2026-04-15T05:19:00.202+0000] {dag.py:3036} INFO - Sync 1 DAGs
[2026-04-15T05:19:00.219+0000] {logging_mixin.py:188} INFO - [2026-04-15T05:19:00.219+0000] {dag.py:3823} INFO - Setting next_dagrun for sales_pipeline_demo to 2026-04-15 00:00:00+00:00, run_after=2026-04-16 00:00:00+00:00
[2026-04-15T05:19:00.231+0000] {processor.py:183} INFO - Processing /opt/airflow/dags/sales_pipeline.py took 0.055 seconds
[2026-04-15T05:19:30.373+0000] {processor.py:161} INFO - Started process (PID=3026) to work on /opt/airflow/dags/sales_pipeline.py
[2026-04-15T05:19:30.381+0000] {processor.py:830} INFO - Processing file /opt/airflow/dags/sales_pipeline.py for tasks to queue
[2026-04-15T05:19:30.382+0000] {logging_mixin.py:188} INFO - [2026-04-15T05:19:30.382+0000] {dagbag.py:538} INFO - Filling up the DagBag from /opt/airflow/dags/sales_pipeline.py
[2026-04-15T05:19:30.388+0000] {processor.py:840} INFO - DAG(s) 'sales_pipeline_demo' retrieved from /opt/airflow/dags/sales_pipeline.py
[2026-04-15T05:19:30.401+0000] {logging_mixin.py:188} INFO - [2026-04-15T05:19:30.401+0000] {dag.py:3036} INFO - Sync 1 DAGs
[2026-04-15T05:19:30.417+0000] {logging_mixin.py:188} INFO - [2026-04-15T05:19:30.417+0000] {dag.py:3823} INFO - Setting next_dagrun for sales_pipeline_demo to 2026-04-15 00:00:00+00:00, run_after=2026-04-16 00:00:00+00:00
[2026-04-15T05:19:30.428+0000] {processor.py:183} INFO - Processing /opt/airflow/dags/sales_pipeline.py took 0.058 seconds
[2026-04-15T05:20:00.652+0000] {processor.py:161} INFO - Started process (PID=3082) to work on /opt/airflow/dags/sales_pipeline.py
[2026-04-15T05:20:00.661+0000] {processor.py:830} INFO - Processing file /opt/airflow/dags/sales_pipeline.py for tasks to queue
[2026-04-15T05:20:00.662+0000] {logging_mixin.py:188} INFO - [2026-04-15T05:20:00.662+0000] {dagbag.py:538} INFO - Filling up the DagBag from /opt/airflow/dags/sales_pipeline.py
[2026-04-15T05:20:00.668+0000] {processor.py:840} INFO - DAG(s) 'sales_pipeline_demo' retrieved from /opt/airflow/dags/sales_pipeline.py
[2026-04-15T05:20:00.682+0000] {logging_mixin.py:188} INFO - [2026-04-15T05:20:00.682+0000] {dag.py:3036} INFO - Sync 1 DAGs
[2026-04-15T05:20:00.698+0000] {logging_mixin.py:188} INFO - [2026-04-15T05:20:00.697+0000] {dag.py:3823} INFO - Setting next_dagrun for sales_pipeline_demo to 2026-04-15 00:00:00+00:00, run_after=2026-04-16 00:00:00+00:00
[2026-04-15T05:20:00.709+0000] {processor.py:183} INFO - Processing /opt/airflow/dags/sales_pipeline.py took 0.059 seconds
[2026-04-15T05:27:43.449+0000] {processor.py:161} INFO - Started process (PID=3934) to work on /opt/airflow/dags/sales_pipeline.py
[2026-04-15T05:27:43.458+0000] {processor.py:830} INFO - Processing file /opt/airflow/dags/sales_pipeline.py for tasks to queue
[2026-04-15T05:27:43.459+0000] {logging_mixin.py:188} INFO - [2026-04-15T05:27:43.459+0000] {dagbag.py:538} INFO - Filling up the DagBag from /opt/airflow/dags/sales_pipeline.py
[2026-04-15T05:27:43.468+0000] {processor.py:840} INFO - DAG(s) 'sales_pipeline_demo' retrieved from /opt/airflow/dags/sales_pipeline.py
[2026-04-15T05:27:43.564+0000] {logging_mixin.py:188} INFO - [2026-04-15T05:27:43.564+0000] {dag.py:3036} INFO - Sync 1 DAGs
[2026-04-15T05:27:43.585+0000] {logging_mixin.py:188} INFO - [2026-04-15T05:27:43.585+0000] {dag.py:3823} INFO - Setting next_dagrun for sales_pipeline_demo to 2026-04-15 00:00:00+00:00, run_after=2026-04-16 00:00:00+00:00
[2026-04-15T05:27:43.605+0000] {processor.py:183} INFO - Processing /opt/airflow/dags/sales_pipeline.py took 0.160 seconds
[2026-04-15T05:28:13.835+0000] {processor.py:161} INFO - Started process (PID=3990) to work on /opt/airflow/dags/sales_pipeline.py
[2026-04-15T05:28:13.844+0000] {processor.py:830} INFO - Processing file /opt/airflow/dags/sales_pipeline.py for tasks to queue
[2026-04-15T05:28:13.845+0000] {logging_mixin.py:188} INFO - [2026-04-15T05:28:13.844+0000] {dagbag.py:538} INFO - Filling up the DagBag from /opt/airflow/dags/sales_pipeline.py
[2026-04-15T05:28:13.852+0000] {processor.py:840} INFO - DAG(s) 'sales_pipeline_demo' retrieved from /opt/airflow/dags/sales_pipeline.py
[2026-04-15T05:28:13.872+0000] {logging_mixin.py:188} INFO - [2026-04-15T05:28:13.872+0000] {dag.py:3036} INFO - Sync 1 DAGs
[2026-04-15T05:28:13.893+0000] {logging_mixin.py:188} INFO - [2026-04-15T05:28:13.893+0000] {dag.py:3823} INFO - Setting next_dagrun for sales_pipeline_demo to 2026-04-15 00:00:00+00:00, run_after=2026-04-16 00:00:00+00:00
[2026-04-15T05:28:13.908+0000] {processor.py:183} INFO - Processing /opt/airflow/dags/sales_pipeline.py took 0.076 seconds
[2026-04-15T05:28:43.950+0000] {processor.py:161} INFO - Started process (PID=4046) to work on /opt/airflow/dags/sales_pipeline.py
[2026-04-15T05:28:43.958+0000] {processor.py:830} INFO - Processing file /opt/airflow/dags/sales_pipeline.py for tasks to queue
[2026-04-15T05:28:43.959+0000] {logging_mixin.py:188} INFO - [2026-04-15T05:28:43.959+0000] {dagbag.py:538} INFO - Filling up the DagBag from /opt/airflow/dags/sales_pipeline.py
[2026-04-15T05:28:43.965+0000] {processor.py:840} INFO - DAG(s) 'sales_pipeline_demo' retrieved from /opt/airflow/dags/sales_pipeline.py
[2026-04-15T05:28:43.980+0000] {logging_mixin.py:188} INFO - [2026-04-15T05:28:43.979+0000] {dag.py:3036} INFO - Sync 1 DAGs
[2026-04-15T05:28:43.995+0000] {logging_mixin.py:188} INFO - [2026-04-15T05:28:43.995+0000] {dag.py:3823} INFO - Setting next_dagrun for sales_pipeline_demo to 2026-04-15 00:00:00+00:00, run_after=2026-04-16 00:00:00+00:00
[2026-04-15T05:28:44.005+0000] {processor.py:183} INFO - Processing /opt/airflow/dags/sales_pipeline.py took 0.058 seconds
