[2026-04-10T04:16:22.033+0000] {taskinstance.py:1956} INFO - Dependencies all met for dep_context=non-requeueable deps ti=<TaskInstance: sales_pipeline_demo.fetch scheduled__2026-04-09T00:00:00+00:00 [queued]>
[2026-04-10T04:16:22.037+0000] {taskinstance.py:1956} INFO - Dependencies all met for dep_context=requeueable deps ti=<TaskInstance: sales_pipeline_demo.fetch scheduled__2026-04-09T00:00:00+00:00 [queued]>
[2026-04-10T04:16:22.038+0000] {taskinstance.py:2170} INFO - Starting attempt 1 of 1
[2026-04-10T04:16:22.045+0000] {taskinstance.py:2191} INFO - Executing <Task(PythonOperator): fetch> on 2026-04-09 00:00:00+00:00
[2026-04-10T04:16:22.051+0000] {standard_task_runner.py:60} INFO - Started process 78 to run task
[2026-04-10T04:16:22.053+0000] {standard_task_runner.py:87} INFO - Running: ['***', 'tasks', 'run', 'sales_pipeline_demo', 'fetch', 'scheduled__2026-04-09T00:00:00+00:00', '--job-id', '212', '--raw', '--subdir', 'DAGS_FOLDER/sales_pipeline.py', '--cfg-path', '/tmp/tmpwj5ky6w5']
[2026-04-10T04:16:22.054+0000] {standard_task_runner.py:88} INFO - Job 212: Subtask fetch
[2026-04-10T04:16:22.085+0000] {task_command.py:423} INFO - Running <TaskInstance: sales_pipeline_demo.fetch scheduled__2026-04-09T00:00:00+00:00 [running]> on host deb302c47533
[2026-04-10T04:16:22.126+0000] {taskinstance.py:2480} INFO - Exporting env vars: AIRFLOW_CTX_DAG_OWNER='***' AIRFLOW_CTX_DAG_ID='sales_pipeline_demo' AIRFLOW_CTX_TASK_ID='fetch' AIRFLOW_CTX_EXECUTION_DATE='2026-04-09T00:00:00+00:00' AIRFLOW_CTX_TRY_NUMBER='1' AIRFLOW_CTX_DAG_RUN_ID='scheduled__2026-04-09T00:00:00+00:00'
[2026-04-10T04:16:22.127+0000] {taskinstance.py:2698} ERROR - Task failed with exception
Traceback (most recent call last):
  File "/home/airflow/.local/lib/python3.8/site-packages/airflow/models/taskinstance.py", line 433, in _execute_task
    result = execute_callable(context=context, **execute_callable_kwargs)
  File "/home/airflow/.local/lib/python3.8/site-packages/airflow/operators/python.py", line 199, in execute
    return_value = self.execute_callable()
  File "/home/airflow/.local/lib/python3.8/site-packages/airflow/operators/python.py", line 216, in execute_callable
    return self.python_callable(*self.op_args, **self.op_kwargs)
  File "/opt/airflow/dags/sales_pipeline.py", line 29, in fetch
    with open(f"{DATA_DIR}/data.json", "w") as f:
NameError: name 'DATA_DIR' is not defined
[2026-04-10T04:16:22.132+0000] {taskinstance.py:1138} INFO - Marking task as FAILED. dag_id=sales_pipeline_demo, task_id=fetch, execution_date=20260409T000000, start_date=20260410T041622, end_date=20260410T041622
[2026-04-10T04:16:22.139+0000] {standard_task_runner.py:107} ERROR - Failed to execute job 212 for task fetch (name 'DATA_DIR' is not defined; 78)
[2026-04-10T04:16:22.185+0000] {local_task_job_runner.py:234} INFO - Task exited with return code 1
[2026-04-10T04:16:22.206+0000] {taskinstance.py:3280} INFO - 0 downstream tasks scheduled from follow-on schedule check
