[2026-04-15T04:52:42.853+0000] {processor.py:161} INFO - Started process (PID=83) to work on /home/airflow/.local/lib/python3.8/site-packages/airflow/example_dags/example_sla_dag.py
[2026-04-15T04:52:42.854+0000] {processor.py:830} INFO - Processing file /home/airflow/.local/lib/python3.8/site-packages/airflow/example_dags/example_sla_dag.py for tasks to queue
[2026-04-15T04:52:42.855+0000] {logging_mixin.py:188} INFO - [2026-04-15T04:52:42.855+0000] {dagbag.py:538} INFO - Filling up the DagBag from /home/airflow/.local/lib/python3.8/site-packages/airflow/example_dags/example_sla_dag.py
[2026-04-15T04:52:42.864+0000] {processor.py:840} INFO - DAG(s) 'example_sla_dag' retrieved from /home/airflow/.local/lib/python3.8/site-packages/airflow/example_dags/example_sla_dag.py
[2026-04-15T04:52:42.885+0000] {logging_mixin.py:188} INFO - [2026-04-15T04:52:42.885+0000] {dag.py:3036} INFO - Sync 1 DAGs
[2026-04-15T04:52:42.908+0000] {logging_mixin.py:188} INFO - [2026-04-15T04:52:42.908+0000] {dag.py:3823} INFO - Setting next_dagrun for example_sla_dag to 2026-04-15 04:50:00+00:00, run_after=2026-04-15 04:52:00+00:00
[2026-04-15T04:52:42.991+0000] {processor.py:183} INFO - Processing /home/airflow/.local/lib/python3.8/site-packages/airflow/example_dags/example_sla_dag.py took 0.141 seconds
[2026-04-15T04:53:13.285+0000] {processor.py:161} INFO - Started process (PID=140) to work on /home/airflow/.local/lib/python3.8/site-packages/airflow/example_dags/example_sla_dag.py
[2026-04-15T04:53:13.286+0000] {processor.py:830} INFO - Processing file /home/airflow/.local/lib/python3.8/site-packages/airflow/example_dags/example_sla_dag.py for tasks to queue
[2026-04-15T04:53:13.287+0000] {logging_mixin.py:188} INFO - [2026-04-15T04:53:13.287+0000] {dagbag.py:538} INFO - Filling up the DagBag from /home/airflow/.local/lib/python3.8/site-packages/airflow/example_dags/example_sla_dag.py
[2026-04-15T04:53:13.293+0000] {processor.py:840} INFO - DAG(s) 'example_sla_dag' retrieved from /home/airflow/.local/lib/python3.8/site-packages/airflow/example_dags/example_sla_dag.py
[2026-04-15T04:53:13.309+0000] {logging_mixin.py:188} INFO - [2026-04-15T04:53:13.308+0000] {dag.py:3036} INFO - Sync 1 DAGs
[2026-04-15T04:53:13.327+0000] {logging_mixin.py:188} INFO - [2026-04-15T04:53:13.327+0000] {dag.py:3823} INFO - Setting next_dagrun for example_sla_dag to 2026-04-15 04:50:00+00:00, run_after=2026-04-15 04:52:00+00:00
[2026-04-15T04:53:13.339+0000] {processor.py:183} INFO - Processing /home/airflow/.local/lib/python3.8/site-packages/airflow/example_dags/example_sla_dag.py took 0.056 seconds
[2026-04-15T04:53:43.492+0000] {processor.py:161} INFO - Started process (PID=195) to work on /home/airflow/.local/lib/python3.8/site-packages/airflow/example_dags/example_sla_dag.py
[2026-04-15T04:53:43.492+0000] {processor.py:830} INFO - Processing file /home/airflow/.local/lib/python3.8/site-packages/airflow/example_dags/example_sla_dag.py for tasks to queue
[2026-04-15T04:53:43.494+0000] {logging_mixin.py:188} INFO - [2026-04-15T04:53:43.493+0000] {dagbag.py:538} INFO - Filling up the DagBag from /home/airflow/.local/lib/python3.8/site-packages/airflow/example_dags/example_sla_dag.py
[2026-04-15T04:53:43.499+0000] {processor.py:840} INFO - DAG(s) 'example_sla_dag' retrieved from /home/airflow/.local/lib/python3.8/site-packages/airflow/example_dags/example_sla_dag.py
[2026-04-15T04:53:43.513+0000] {logging_mixin.py:188} INFO - [2026-04-15T04:53:43.513+0000] {dag.py:3036} INFO - Sync 1 DAGs
[2026-04-15T04:53:43.530+0000] {logging_mixin.py:188} INFO - [2026-04-15T04:53:43.530+0000] {dag.py:3823} INFO - Setting next_dagrun for example_sla_dag to 2026-04-15 04:50:00+00:00, run_after=2026-04-15 04:52:00+00:00
[2026-04-15T04:53:43.542+0000] {processor.py:183} INFO - Processing /home/airflow/.local/lib/python3.8/site-packages/airflow/example_dags/example_sla_dag.py took 0.053 seconds
[2026-04-15T04:54:14.559+0000] {processor.py:161} INFO - Started process (PID=251) to work on /home/airflow/.local/lib/python3.8/site-packages/airflow/example_dags/example_sla_dag.py
[2026-04-15T04:54:14.560+0000] {processor.py:830} INFO - Processing file /home/airflow/.local/lib/python3.8/site-packages/airflow/example_dags/example_sla_dag.py for tasks to queue
[2026-04-15T04:54:14.562+0000] {logging_mixin.py:188} INFO - [2026-04-15T04:54:14.562+0000] {dagbag.py:538} INFO - Filling up the DagBag from /home/airflow/.local/lib/python3.8/site-packages/airflow/example_dags/example_sla_dag.py
[2026-04-15T04:54:14.572+0000] {processor.py:840} INFO - DAG(s) 'example_sla_dag' retrieved from /home/airflow/.local/lib/python3.8/site-packages/airflow/example_dags/example_sla_dag.py
[2026-04-15T04:54:14.594+0000] {logging_mixin.py:188} INFO - [2026-04-15T04:54:14.594+0000] {dag.py:3036} INFO - Sync 1 DAGs
[2026-04-15T04:54:14.621+0000] {logging_mixin.py:188} INFO - [2026-04-15T04:54:14.621+0000] {dag.py:3823} INFO - Setting next_dagrun for example_sla_dag to 2026-04-15 04:52:00+00:00, run_after=2026-04-15 04:54:00+00:00
[2026-04-15T04:54:14.640+0000] {processor.py:183} INFO - Processing /home/airflow/.local/lib/python3.8/site-packages/airflow/example_dags/example_sla_dag.py took 0.085 seconds
[2026-04-15T04:54:44.721+0000] {processor.py:161} INFO - Started process (PID=307) to work on /home/airflow/.local/lib/python3.8/site-packages/airflow/example_dags/example_sla_dag.py
[2026-04-15T04:54:44.722+0000] {processor.py:830} INFO - Processing file /home/airflow/.local/lib/python3.8/site-packages/airflow/example_dags/example_sla_dag.py for tasks to queue
[2026-04-15T04:54:44.723+0000] {logging_mixin.py:188} INFO - [2026-04-15T04:54:44.723+0000] {dagbag.py:538} INFO - Filling up the DagBag from /home/airflow/.local/lib/python3.8/site-packages/airflow/example_dags/example_sla_dag.py
[2026-04-15T04:54:44.729+0000] {processor.py:840} INFO - DAG(s) 'example_sla_dag' retrieved from /home/airflow/.local/lib/python3.8/site-packages/airflow/example_dags/example_sla_dag.py
[2026-04-15T04:54:44.744+0000] {logging_mixin.py:188} INFO - [2026-04-15T04:54:44.744+0000] {dag.py:3036} INFO - Sync 1 DAGs
[2026-04-15T04:54:44.762+0000] {logging_mixin.py:188} INFO - [2026-04-15T04:54:44.762+0000] {dag.py:3823} INFO - Setting next_dagrun for example_sla_dag to 2026-04-15 04:52:00+00:00, run_after=2026-04-15 04:54:00+00:00
[2026-04-15T04:54:44.774+0000] {processor.py:183} INFO - Processing /home/airflow/.local/lib/python3.8/site-packages/airflow/example_dags/example_sla_dag.py took 0.055 seconds
[2026-04-15T04:55:15.689+0000] {processor.py:161} INFO - Started process (PID=363) to work on /home/airflow/.local/lib/python3.8/site-packages/airflow/example_dags/example_sla_dag.py
[2026-04-15T04:55:15.690+0000] {processor.py:830} INFO - Processing file /home/airflow/.local/lib/python3.8/site-packages/airflow/example_dags/example_sla_dag.py for tasks to queue
[2026-04-15T04:55:15.692+0000] {logging_mixin.py:188} INFO - [2026-04-15T04:55:15.692+0000] {dagbag.py:538} INFO - Filling up the DagBag from /home/airflow/.local/lib/python3.8/site-packages/airflow/example_dags/example_sla_dag.py
[2026-04-15T04:55:15.703+0000] {processor.py:840} INFO - DAG(s) 'example_sla_dag' retrieved from /home/airflow/.local/lib/python3.8/site-packages/airflow/example_dags/example_sla_dag.py
[2026-04-15T04:55:15.731+0000] {logging_mixin.py:188} INFO - [2026-04-15T04:55:15.730+0000] {dag.py:3036} INFO - Sync 1 DAGs
[2026-04-15T04:55:15.765+0000] {logging_mixin.py:188} INFO - [2026-04-15T04:55:15.764+0000] {dag.py:3823} INFO - Setting next_dagrun for example_sla_dag to 2026-04-15 04:52:00+00:00, run_after=2026-04-15 04:54:00+00:00
[2026-04-15T04:55:15.789+0000] {processor.py:183} INFO - Processing /home/airflow/.local/lib/python3.8/site-packages/airflow/example_dags/example_sla_dag.py took 0.104 seconds
[2026-04-15T04:55:45.949+0000] {processor.py:161} INFO - Started process (PID=419) to work on /home/airflow/.local/lib/python3.8/site-packages/airflow/example_dags/example_sla_dag.py
[2026-04-15T04:55:45.952+0000] {processor.py:830} INFO - Processing file /home/airflow/.local/lib/python3.8/site-packages/airflow/example_dags/example_sla_dag.py for tasks to queue
[2026-04-15T04:55:45.953+0000] {logging_mixin.py:188} INFO - [2026-04-15T04:55:45.953+0000] {dagbag.py:538} INFO - Filling up the DagBag from /home/airflow/.local/lib/python3.8/site-packages/airflow/example_dags/example_sla_dag.py
[2026-04-15T04:55:45.960+0000] {processor.py:840} INFO - DAG(s) 'example_sla_dag' retrieved from /home/airflow/.local/lib/python3.8/site-packages/airflow/example_dags/example_sla_dag.py
[2026-04-15T04:55:45.976+0000] {logging_mixin.py:188} INFO - [2026-04-15T04:55:45.976+0000] {dag.py:3036} INFO - Sync 1 DAGs
[2026-04-15T04:55:45.995+0000] {logging_mixin.py:188} INFO - [2026-04-15T04:55:45.995+0000] {dag.py:3823} INFO - Setting next_dagrun for example_sla_dag to 2026-04-15 04:52:00+00:00, run_after=2026-04-15 04:54:00+00:00
[2026-04-15T04:55:46.009+0000] {processor.py:183} INFO - Processing /home/airflow/.local/lib/python3.8/site-packages/airflow/example_dags/example_sla_dag.py took 0.062 seconds
[2026-04-15T04:56:16.133+0000] {processor.py:161} INFO - Started process (PID=475) to work on /home/airflow/.local/lib/python3.8/site-packages/airflow/example_dags/example_sla_dag.py
[2026-04-15T04:56:16.134+0000] {processor.py:830} INFO - Processing file /home/airflow/.local/lib/python3.8/site-packages/airflow/example_dags/example_sla_dag.py for tasks to queue
[2026-04-15T04:56:16.135+0000] {logging_mixin.py:188} INFO - [2026-04-15T04:56:16.135+0000] {dagbag.py:538} INFO - Filling up the DagBag from /home/airflow/.local/lib/python3.8/site-packages/airflow/example_dags/example_sla_dag.py
[2026-04-15T04:56:16.141+0000] {processor.py:840} INFO - DAG(s) 'example_sla_dag' retrieved from /home/airflow/.local/lib/python3.8/site-packages/airflow/example_dags/example_sla_dag.py
[2026-04-15T04:56:16.159+0000] {logging_mixin.py:188} INFO - [2026-04-15T04:56:16.159+0000] {dag.py:3036} INFO - Sync 1 DAGs
[2026-04-15T04:56:16.180+0000] {logging_mixin.py:188} INFO - [2026-04-15T04:56:16.180+0000] {dag.py:3823} INFO - Setting next_dagrun for example_sla_dag to 2026-04-15 04:54:00+00:00, run_after=2026-04-15 04:56:00+00:00
[2026-04-15T04:56:16.193+0000] {processor.py:183} INFO - Processing /home/airflow/.local/lib/python3.8/site-packages/airflow/example_dags/example_sla_dag.py took 0.063 seconds
[2026-04-15T04:56:46.362+0000] {processor.py:161} INFO - Started process (PID=531) to work on /home/airflow/.local/lib/python3.8/site-packages/airflow/example_dags/example_sla_dag.py
[2026-04-15T04:56:46.363+0000] {processor.py:830} INFO - Processing file /home/airflow/.local/lib/python3.8/site-packages/airflow/example_dags/example_sla_dag.py for tasks to queue
[2026-04-15T04:56:46.365+0000] {logging_mixin.py:188} INFO - [2026-04-15T04:56:46.365+0000] {dagbag.py:538} INFO - Filling up the DagBag from /home/airflow/.local/lib/python3.8/site-packages/airflow/example_dags/example_sla_dag.py
[2026-04-15T04:56:46.376+0000] {processor.py:840} INFO - DAG(s) 'example_sla_dag' retrieved from /home/airflow/.local/lib/python3.8/site-packages/airflow/example_dags/example_sla_dag.py
[2026-04-15T04:56:46.404+0000] {logging_mixin.py:188} INFO - [2026-04-15T04:56:46.404+0000] {dag.py:3036} INFO - Sync 1 DAGs
[2026-04-15T04:56:46.438+0000] {logging_mixin.py:188} INFO - [2026-04-15T04:56:46.438+0000] {dag.py:3823} INFO - Setting next_dagrun for example_sla_dag to 2026-04-15 04:54:00+00:00, run_after=2026-04-15 04:56:00+00:00
[2026-04-15T04:56:46.460+0000] {processor.py:183} INFO - Processing /home/airflow/.local/lib/python3.8/site-packages/airflow/example_dags/example_sla_dag.py took 0.103 seconds
[2026-04-15T04:57:16.495+0000] {processor.py:161} INFO - Started process (PID=586) to work on /home/airflow/.local/lib/python3.8/site-packages/airflow/example_dags/example_sla_dag.py
[2026-04-15T04:57:16.496+0000] {processor.py:830} INFO - Processing file /home/airflow/.local/lib/python3.8/site-packages/airflow/example_dags/example_sla_dag.py for tasks to queue
[2026-04-15T04:57:16.498+0000] {logging_mixin.py:188} INFO - [2026-04-15T04:57:16.497+0000] {dagbag.py:538} INFO - Filling up the DagBag from /home/airflow/.local/lib/python3.8/site-packages/airflow/example_dags/example_sla_dag.py
[2026-04-15T04:57:16.506+0000] {processor.py:840} INFO - DAG(s) 'example_sla_dag' retrieved from /home/airflow/.local/lib/python3.8/site-packages/airflow/example_dags/example_sla_dag.py
[2026-04-15T04:57:16.524+0000] {logging_mixin.py:188} INFO - [2026-04-15T04:57:16.523+0000] {dag.py:3036} INFO - Sync 1 DAGs
[2026-04-15T04:57:16.545+0000] {logging_mixin.py:188} INFO - [2026-04-15T04:57:16.545+0000] {dag.py:3823} INFO - Setting next_dagrun for example_sla_dag to 2026-04-15 04:54:00+00:00, run_after=2026-04-15 04:56:00+00:00
[2026-04-15T04:57:16.562+0000] {processor.py:183} INFO - Processing /home/airflow/.local/lib/python3.8/site-packages/airflow/example_dags/example_sla_dag.py took 0.071 seconds
[2026-04-15T04:57:46.607+0000] {processor.py:161} INFO - Started process (PID=642) to work on /home/airflow/.local/lib/python3.8/site-packages/airflow/example_dags/example_sla_dag.py
[2026-04-15T04:57:46.616+0000] {processor.py:830} INFO - Processing file /home/airflow/.local/lib/python3.8/site-packages/airflow/example_dags/example_sla_dag.py for tasks to queue
[2026-04-15T04:57:46.618+0000] {logging_mixin.py:188} INFO - [2026-04-15T04:57:46.617+0000] {dagbag.py:538} INFO - Filling up the DagBag from /home/airflow/.local/lib/python3.8/site-packages/airflow/example_dags/example_sla_dag.py
[2026-04-15T04:57:46.624+0000] {processor.py:840} INFO - DAG(s) 'example_sla_dag' retrieved from /home/airflow/.local/lib/python3.8/site-packages/airflow/example_dags/example_sla_dag.py
[2026-04-15T04:57:46.638+0000] {logging_mixin.py:188} INFO - [2026-04-15T04:57:46.637+0000] {dag.py:3036} INFO - Sync 1 DAGs
[2026-04-15T04:57:46.654+0000] {logging_mixin.py:188} INFO - [2026-04-15T04:57:46.654+0000] {dag.py:3823} INFO - Setting next_dagrun for example_sla_dag to 2026-04-15 04:54:00+00:00, run_after=2026-04-15 04:56:00+00:00
[2026-04-15T04:57:46.665+0000] {processor.py:183} INFO - Processing /home/airflow/.local/lib/python3.8/site-packages/airflow/example_dags/example_sla_dag.py took 0.060 seconds
[2026-04-15T04:58:16.782+0000] {processor.py:161} INFO - Started process (PID=699) to work on /home/airflow/.local/lib/python3.8/site-packages/airflow/example_dags/example_sla_dag.py
[2026-04-15T04:58:16.785+0000] {processor.py:830} INFO - Processing file /home/airflow/.local/lib/python3.8/site-packages/airflow/example_dags/example_sla_dag.py for tasks to queue
[2026-04-15T04:58:16.786+0000] {logging_mixin.py:188} INFO - [2026-04-15T04:58:16.786+0000] {dagbag.py:538} INFO - Filling up the DagBag from /home/airflow/.local/lib/python3.8/site-packages/airflow/example_dags/example_sla_dag.py
[2026-04-15T04:58:16.792+0000] {processor.py:840} INFO - DAG(s) 'example_sla_dag' retrieved from /home/airflow/.local/lib/python3.8/site-packages/airflow/example_dags/example_sla_dag.py
[2026-04-15T04:58:16.808+0000] {logging_mixin.py:188} INFO - [2026-04-15T04:58:16.808+0000] {dag.py:3036} INFO - Sync 1 DAGs
[2026-04-15T04:58:16.830+0000] {logging_mixin.py:188} INFO - [2026-04-15T04:58:16.830+0000] {dag.py:3823} INFO - Setting next_dagrun for example_sla_dag to 2026-04-15 04:56:00+00:00, run_after=2026-04-15 04:58:00+00:00
[2026-04-15T04:58:16.846+0000] {processor.py:183} INFO - Processing /home/airflow/.local/lib/python3.8/site-packages/airflow/example_dags/example_sla_dag.py took 0.067 seconds
[2026-04-15T04:58:46.935+0000] {processor.py:161} INFO - Started process (PID=755) to work on /home/airflow/.local/lib/python3.8/site-packages/airflow/example_dags/example_sla_dag.py
[2026-04-15T04:58:46.936+0000] {processor.py:830} INFO - Processing file /home/airflow/.local/lib/python3.8/site-packages/airflow/example_dags/example_sla_dag.py for tasks to queue
[2026-04-15T04:58:46.938+0000] {logging_mixin.py:188} INFO - [2026-04-15T04:58:46.938+0000] {dagbag.py:538} INFO - Filling up the DagBag from /home/airflow/.local/lib/python3.8/site-packages/airflow/example_dags/example_sla_dag.py
[2026-04-15T04:58:46.950+0000] {processor.py:840} INFO - DAG(s) 'example_sla_dag' retrieved from /home/airflow/.local/lib/python3.8/site-packages/airflow/example_dags/example_sla_dag.py
[2026-04-15T04:58:46.978+0000] {logging_mixin.py:188} INFO - [2026-04-15T04:58:46.978+0000] {dag.py:3036} INFO - Sync 1 DAGs
[2026-04-15T04:58:47.014+0000] {logging_mixin.py:188} INFO - [2026-04-15T04:58:47.014+0000] {dag.py:3823} INFO - Setting next_dagrun for example_sla_dag to 2026-04-15 04:56:00+00:00, run_after=2026-04-15 04:58:00+00:00
[2026-04-15T04:58:47.039+0000] {processor.py:183} INFO - Processing /home/airflow/.local/lib/python3.8/site-packages/airflow/example_dags/example_sla_dag.py took 0.109 seconds
[2026-04-15T04:59:17.125+0000] {processor.py:161} INFO - Started process (PID=811) to work on /home/airflow/.local/lib/python3.8/site-packages/airflow/example_dags/example_sla_dag.py
[2026-04-15T04:59:17.129+0000] {processor.py:830} INFO - Processing file /home/airflow/.local/lib/python3.8/site-packages/airflow/example_dags/example_sla_dag.py for tasks to queue
[2026-04-15T04:59:17.131+0000] {logging_mixin.py:188} INFO - [2026-04-15T04:59:17.130+0000] {dagbag.py:538} INFO - Filling up the DagBag from /home/airflow/.local/lib/python3.8/site-packages/airflow/example_dags/example_sla_dag.py
[2026-04-15T04:59:17.136+0000] {processor.py:840} INFO - DAG(s) 'example_sla_dag' retrieved from /home/airflow/.local/lib/python3.8/site-packages/airflow/example_dags/example_sla_dag.py
[2026-04-15T04:59:17.151+0000] {logging_mixin.py:188} INFO - [2026-04-15T04:59:17.151+0000] {dag.py:3036} INFO - Sync 1 DAGs
[2026-04-15T04:59:17.169+0000] {logging_mixin.py:188} INFO - [2026-04-15T04:59:17.169+0000] {dag.py:3823} INFO - Setting next_dagrun for example_sla_dag to 2026-04-15 04:56:00+00:00, run_after=2026-04-15 04:58:00+00:00
[2026-04-15T04:59:17.183+0000] {processor.py:183} INFO - Processing /home/airflow/.local/lib/python3.8/site-packages/airflow/example_dags/example_sla_dag.py took 0.059 seconds
[2026-04-15T04:59:47.678+0000] {processor.py:161} INFO - Started process (PID=867) to work on /home/airflow/.local/lib/python3.8/site-packages/airflow/example_dags/example_sla_dag.py
[2026-04-15T04:59:47.681+0000] {processor.py:830} INFO - Processing file /home/airflow/.local/lib/python3.8/site-packages/airflow/example_dags/example_sla_dag.py for tasks to queue
[2026-04-15T04:59:47.683+0000] {logging_mixin.py:188} INFO - [2026-04-15T04:59:47.682+0000] {dagbag.py:538} INFO - Filling up the DagBag from /home/airflow/.local/lib/python3.8/site-packages/airflow/example_dags/example_sla_dag.py
[2026-04-15T04:59:47.689+0000] {processor.py:840} INFO - DAG(s) 'example_sla_dag' retrieved from /home/airflow/.local/lib/python3.8/site-packages/airflow/example_dags/example_sla_dag.py
[2026-04-15T04:59:47.704+0000] {logging_mixin.py:188} INFO - [2026-04-15T04:59:47.704+0000] {dag.py:3036} INFO - Sync 1 DAGs
[2026-04-15T04:59:47.722+0000] {logging_mixin.py:188} INFO - [2026-04-15T04:59:47.722+0000] {dag.py:3823} INFO - Setting next_dagrun for example_sla_dag to 2026-04-15 04:56:00+00:00, run_after=2026-04-15 04:58:00+00:00
[2026-04-15T04:59:47.736+0000] {processor.py:183} INFO - Processing /home/airflow/.local/lib/python3.8/site-packages/airflow/example_dags/example_sla_dag.py took 0.060 seconds
[2026-04-15T05:00:17.990+0000] {processor.py:161} INFO - Started process (PID=923) to work on /home/airflow/.local/lib/python3.8/site-packages/airflow/example_dags/example_sla_dag.py
[2026-04-15T05:00:17.994+0000] {processor.py:830} INFO - Processing file /home/airflow/.local/lib/python3.8/site-packages/airflow/example_dags/example_sla_dag.py for tasks to queue
[2026-04-15T05:00:17.995+0000] {logging_mixin.py:188} INFO - [2026-04-15T05:00:17.995+0000] {dagbag.py:538} INFO - Filling up the DagBag from /home/airflow/.local/lib/python3.8/site-packages/airflow/example_dags/example_sla_dag.py
[2026-04-15T05:00:18.001+0000] {processor.py:840} INFO - DAG(s) 'example_sla_dag' retrieved from /home/airflow/.local/lib/python3.8/site-packages/airflow/example_dags/example_sla_dag.py
[2026-04-15T05:00:18.015+0000] {logging_mixin.py:188} INFO - [2026-04-15T05:00:18.015+0000] {dag.py:3036} INFO - Sync 1 DAGs
[2026-04-15T05:00:18.032+0000] {logging_mixin.py:188} INFO - [2026-04-15T05:00:18.032+0000] {dag.py:3823} INFO - Setting next_dagrun for example_sla_dag to 2026-04-15 04:58:00+00:00, run_after=2026-04-15 05:00:00+00:00
[2026-04-15T05:00:18.043+0000] {processor.py:183} INFO - Processing /home/airflow/.local/lib/python3.8/site-packages/airflow/example_dags/example_sla_dag.py took 0.055 seconds
[2026-04-15T05:00:48.701+0000] {processor.py:161} INFO - Started process (PID=979) to work on /home/airflow/.local/lib/python3.8/site-packages/airflow/example_dags/example_sla_dag.py
[2026-04-15T05:00:48.701+0000] {processor.py:830} INFO - Processing file /home/airflow/.local/lib/python3.8/site-packages/airflow/example_dags/example_sla_dag.py for tasks to queue
[2026-04-15T05:00:48.703+0000] {logging_mixin.py:188} INFO - [2026-04-15T05:00:48.702+0000] {dagbag.py:538} INFO - Filling up the DagBag from /home/airflow/.local/lib/python3.8/site-packages/airflow/example_dags/example_sla_dag.py
[2026-04-15T05:00:48.709+0000] {processor.py:840} INFO - DAG(s) 'example_sla_dag' retrieved from /home/airflow/.local/lib/python3.8/site-packages/airflow/example_dags/example_sla_dag.py
[2026-04-15T05:00:48.726+0000] {logging_mixin.py:188} INFO - [2026-04-15T05:00:48.726+0000] {dag.py:3036} INFO - Sync 1 DAGs
[2026-04-15T05:00:48.749+0000] {logging_mixin.py:188} INFO - [2026-04-15T05:00:48.748+0000] {dag.py:3823} INFO - Setting next_dagrun for example_sla_dag to 2026-04-15 04:58:00+00:00, run_after=2026-04-15 05:00:00+00:00
[2026-04-15T05:00:48.763+0000] {processor.py:183} INFO - Processing /home/airflow/.local/lib/python3.8/site-packages/airflow/example_dags/example_sla_dag.py took 0.065 seconds
[2026-04-15T05:01:18.973+0000] {processor.py:161} INFO - Started process (PID=1035) to work on /home/airflow/.local/lib/python3.8/site-packages/airflow/example_dags/example_sla_dag.py
[2026-04-15T05:01:18.976+0000] {processor.py:830} INFO - Processing file /home/airflow/.local/lib/python3.8/site-packages/airflow/example_dags/example_sla_dag.py for tasks to queue
[2026-04-15T05:01:18.977+0000] {logging_mixin.py:188} INFO - [2026-04-15T05:01:18.977+0000] {dagbag.py:538} INFO - Filling up the DagBag from /home/airflow/.local/lib/python3.8/site-packages/airflow/example_dags/example_sla_dag.py
[2026-04-15T05:01:18.983+0000] {processor.py:840} INFO - DAG(s) 'example_sla_dag' retrieved from /home/airflow/.local/lib/python3.8/site-packages/airflow/example_dags/example_sla_dag.py
[2026-04-15T05:01:18.998+0000] {logging_mixin.py:188} INFO - [2026-04-15T05:01:18.998+0000] {dag.py:3036} INFO - Sync 1 DAGs
[2026-04-15T05:01:19.015+0000] {logging_mixin.py:188} INFO - [2026-04-15T05:01:19.015+0000] {dag.py:3823} INFO - Setting next_dagrun for example_sla_dag to 2026-04-15 04:58:00+00:00, run_after=2026-04-15 05:00:00+00:00
[2026-04-15T05:01:19.026+0000] {processor.py:183} INFO - Processing /home/airflow/.local/lib/python3.8/site-packages/airflow/example_dags/example_sla_dag.py took 0.056 seconds
[2026-04-15T05:01:49.876+0000] {processor.py:161} INFO - Started process (PID=1091) to work on /home/airflow/.local/lib/python3.8/site-packages/airflow/example_dags/example_sla_dag.py
[2026-04-15T05:01:49.878+0000] {processor.py:830} INFO - Processing file /home/airflow/.local/lib/python3.8/site-packages/airflow/example_dags/example_sla_dag.py for tasks to queue
[2026-04-15T05:01:49.879+0000] {logging_mixin.py:188} INFO - [2026-04-15T05:01:49.879+0000] {dagbag.py:538} INFO - Filling up the DagBag from /home/airflow/.local/lib/python3.8/site-packages/airflow/example_dags/example_sla_dag.py
[2026-04-15T05:01:49.890+0000] {processor.py:840} INFO - DAG(s) 'example_sla_dag' retrieved from /home/airflow/.local/lib/python3.8/site-packages/airflow/example_dags/example_sla_dag.py
[2026-04-15T05:01:49.917+0000] {logging_mixin.py:188} INFO - [2026-04-15T05:01:49.917+0000] {dag.py:3036} INFO - Sync 1 DAGs
[2026-04-15T05:01:49.950+0000] {logging_mixin.py:188} INFO - [2026-04-15T05:01:49.950+0000] {dag.py:3823} INFO - Setting next_dagrun for example_sla_dag to 2026-04-15 04:58:00+00:00, run_after=2026-04-15 05:00:00+00:00
[2026-04-15T05:01:49.973+0000] {processor.py:183} INFO - Processing /home/airflow/.local/lib/python3.8/site-packages/airflow/example_dags/example_sla_dag.py took 0.101 seconds
[2026-04-15T05:02:20.035+0000] {processor.py:161} INFO - Started process (PID=1147) to work on /home/airflow/.local/lib/python3.8/site-packages/airflow/example_dags/example_sla_dag.py
[2026-04-15T05:02:20.036+0000] {processor.py:830} INFO - Processing file /home/airflow/.local/lib/python3.8/site-packages/airflow/example_dags/example_sla_dag.py for tasks to queue
[2026-04-15T05:02:20.037+0000] {logging_mixin.py:188} INFO - [2026-04-15T05:02:20.036+0000] {dagbag.py:538} INFO - Filling up the DagBag from /home/airflow/.local/lib/python3.8/site-packages/airflow/example_dags/example_sla_dag.py
[2026-04-15T05:02:20.044+0000] {processor.py:840} INFO - DAG(s) 'example_sla_dag' retrieved from /home/airflow/.local/lib/python3.8/site-packages/airflow/example_dags/example_sla_dag.py
[2026-04-15T05:02:20.059+0000] {logging_mixin.py:188} INFO - [2026-04-15T05:02:20.059+0000] {dag.py:3036} INFO - Sync 1 DAGs
[2026-04-15T05:02:20.078+0000] {logging_mixin.py:188} INFO - [2026-04-15T05:02:20.078+0000] {dag.py:3823} INFO - Setting next_dagrun for example_sla_dag to 2026-04-15 05:00:00+00:00, run_after=2026-04-15 05:02:00+00:00
[2026-04-15T05:02:20.091+0000] {processor.py:183} INFO - Processing /home/airflow/.local/lib/python3.8/site-packages/airflow/example_dags/example_sla_dag.py took 0.059 seconds
[2026-04-15T05:02:50.789+0000] {processor.py:161} INFO - Started process (PID=1203) to work on /home/airflow/.local/lib/python3.8/site-packages/airflow/example_dags/example_sla_dag.py
[2026-04-15T05:02:50.792+0000] {processor.py:830} INFO - Processing file /home/airflow/.local/lib/python3.8/site-packages/airflow/example_dags/example_sla_dag.py for tasks to queue
[2026-04-15T05:02:50.794+0000] {logging_mixin.py:188} INFO - [2026-04-15T05:02:50.794+0000] {dagbag.py:538} INFO - Filling up the DagBag from /home/airflow/.local/lib/python3.8/site-packages/airflow/example_dags/example_sla_dag.py
[2026-04-15T05:02:50.799+0000] {processor.py:840} INFO - DAG(s) 'example_sla_dag' retrieved from /home/airflow/.local/lib/python3.8/site-packages/airflow/example_dags/example_sla_dag.py
[2026-04-15T05:02:50.813+0000] {logging_mixin.py:188} INFO - [2026-04-15T05:02:50.813+0000] {dag.py:3036} INFO - Sync 1 DAGs
[2026-04-15T05:02:50.830+0000] {logging_mixin.py:188} INFO - [2026-04-15T05:02:50.830+0000] {dag.py:3823} INFO - Setting next_dagrun for example_sla_dag to 2026-04-15 05:00:00+00:00, run_after=2026-04-15 05:02:00+00:00
[2026-04-15T05:02:50.841+0000] {processor.py:183} INFO - Processing /home/airflow/.local/lib/python3.8/site-packages/airflow/example_dags/example_sla_dag.py took 0.054 seconds
[2026-04-15T05:03:20.914+0000] {processor.py:161} INFO - Started process (PID=1259) to work on /home/airflow/.local/lib/python3.8/site-packages/airflow/example_dags/example_sla_dag.py
[2026-04-15T05:03:20.917+0000] {processor.py:830} INFO - Processing file /home/airflow/.local/lib/python3.8/site-packages/airflow/example_dags/example_sla_dag.py for tasks to queue
[2026-04-15T05:03:20.918+0000] {logging_mixin.py:188} INFO - [2026-04-15T05:03:20.918+0000] {dagbag.py:538} INFO - Filling up the DagBag from /home/airflow/.local/lib/python3.8/site-packages/airflow/example_dags/example_sla_dag.py
[2026-04-15T05:03:20.924+0000] {processor.py:840} INFO - DAG(s) 'example_sla_dag' retrieved from /home/airflow/.local/lib/python3.8/site-packages/airflow/example_dags/example_sla_dag.py
[2026-04-15T05:03:20.943+0000] {logging_mixin.py:188} INFO - [2026-04-15T05:03:20.943+0000] {dag.py:3036} INFO - Sync 1 DAGs
[2026-04-15T05:03:20.962+0000] {logging_mixin.py:188} INFO - [2026-04-15T05:03:20.961+0000] {dag.py:3823} INFO - Setting next_dagrun for example_sla_dag to 2026-04-15 05:00:00+00:00, run_after=2026-04-15 05:02:00+00:00
[2026-04-15T05:03:20.975+0000] {processor.py:183} INFO - Processing /home/airflow/.local/lib/python3.8/site-packages/airflow/example_dags/example_sla_dag.py took 0.063 seconds
[2026-04-15T05:03:51.282+0000] {processor.py:161} INFO - Started process (PID=1315) to work on /home/airflow/.local/lib/python3.8/site-packages/airflow/example_dags/example_sla_dag.py
[2026-04-15T05:03:51.284+0000] {processor.py:830} INFO - Processing file /home/airflow/.local/lib/python3.8/site-packages/airflow/example_dags/example_sla_dag.py for tasks to queue
[2026-04-15T05:03:51.286+0000] {logging_mixin.py:188} INFO - [2026-04-15T05:03:51.286+0000] {dagbag.py:538} INFO - Filling up the DagBag from /home/airflow/.local/lib/python3.8/site-packages/airflow/example_dags/example_sla_dag.py
[2026-04-15T05:03:51.291+0000] {processor.py:840} INFO - DAG(s) 'example_sla_dag' retrieved from /home/airflow/.local/lib/python3.8/site-packages/airflow/example_dags/example_sla_dag.py
[2026-04-15T05:03:51.307+0000] {logging_mixin.py:188} INFO - [2026-04-15T05:03:51.306+0000] {dag.py:3036} INFO - Sync 1 DAGs
[2026-04-15T05:03:51.323+0000] {logging_mixin.py:188} INFO - [2026-04-15T05:03:51.323+0000] {dag.py:3823} INFO - Setting next_dagrun for example_sla_dag to 2026-04-15 05:00:00+00:00, run_after=2026-04-15 05:02:00+00:00
[2026-04-15T05:03:51.334+0000] {processor.py:183} INFO - Processing /home/airflow/.local/lib/python3.8/site-packages/airflow/example_dags/example_sla_dag.py took 0.055 seconds
[2026-04-15T05:04:21.459+0000] {processor.py:161} INFO - Started process (PID=1371) to work on /home/airflow/.local/lib/python3.8/site-packages/airflow/example_dags/example_sla_dag.py
[2026-04-15T05:04:21.460+0000] {processor.py:830} INFO - Processing file /home/airflow/.local/lib/python3.8/site-packages/airflow/example_dags/example_sla_dag.py for tasks to queue
[2026-04-15T05:04:21.463+0000] {logging_mixin.py:188} INFO - [2026-04-15T05:04:21.462+0000] {dagbag.py:538} INFO - Filling up the DagBag from /home/airflow/.local/lib/python3.8/site-packages/airflow/example_dags/example_sla_dag.py
[2026-04-15T05:04:21.473+0000] {processor.py:840} INFO - DAG(s) 'example_sla_dag' retrieved from /home/airflow/.local/lib/python3.8/site-packages/airflow/example_dags/example_sla_dag.py
[2026-04-15T05:04:21.500+0000] {logging_mixin.py:188} INFO - [2026-04-15T05:04:21.499+0000] {dag.py:3036} INFO - Sync 1 DAGs
[2026-04-15T05:04:21.532+0000] {logging_mixin.py:188} INFO - [2026-04-15T05:04:21.532+0000] {dag.py:3823} INFO - Setting next_dagrun for example_sla_dag to 2026-04-15 05:02:00+00:00, run_after=2026-04-15 05:04:00+00:00
[2026-04-15T05:04:21.556+0000] {processor.py:183} INFO - Processing /home/airflow/.local/lib/python3.8/site-packages/airflow/example_dags/example_sla_dag.py took 0.102 seconds
[2026-04-15T05:04:51.729+0000] {processor.py:161} INFO - Started process (PID=1427) to work on /home/airflow/.local/lib/python3.8/site-packages/airflow/example_dags/example_sla_dag.py
[2026-04-15T05:04:51.729+0000] {processor.py:830} INFO - Processing file /home/airflow/.local/lib/python3.8/site-packages/airflow/example_dags/example_sla_dag.py for tasks to queue
[2026-04-15T05:04:51.730+0000] {logging_mixin.py:188} INFO - [2026-04-15T05:04:51.730+0000] {dagbag.py:538} INFO - Filling up the DagBag from /home/airflow/.local/lib/python3.8/site-packages/airflow/example_dags/example_sla_dag.py
[2026-04-15T05:04:51.736+0000] {processor.py:840} INFO - DAG(s) 'example_sla_dag' retrieved from /home/airflow/.local/lib/python3.8/site-packages/airflow/example_dags/example_sla_dag.py
[2026-04-15T05:04:51.751+0000] {logging_mixin.py:188} INFO - [2026-04-15T05:04:51.751+0000] {dag.py:3036} INFO - Sync 1 DAGs
[2026-04-15T05:04:51.768+0000] {logging_mixin.py:188} INFO - [2026-04-15T05:04:51.768+0000] {dag.py:3823} INFO - Setting next_dagrun for example_sla_dag to 2026-04-15 05:02:00+00:00, run_after=2026-04-15 05:04:00+00:00
[2026-04-15T05:04:51.779+0000] {processor.py:183} INFO - Processing /home/airflow/.local/lib/python3.8/site-packages/airflow/example_dags/example_sla_dag.py took 0.053 seconds
[2026-04-15T05:05:22.300+0000] {processor.py:161} INFO - Started process (PID=1483) to work on /home/airflow/.local/lib/python3.8/site-packages/airflow/example_dags/example_sla_dag.py
[2026-04-15T05:05:22.301+0000] {processor.py:830} INFO - Processing file /home/airflow/.local/lib/python3.8/site-packages/airflow/example_dags/example_sla_dag.py for tasks to queue
[2026-04-15T05:05:22.302+0000] {logging_mixin.py:188} INFO - [2026-04-15T05:05:22.302+0000] {dagbag.py:538} INFO - Filling up the DagBag from /home/airflow/.local/lib/python3.8/site-packages/airflow/example_dags/example_sla_dag.py
[2026-04-15T05:05:22.308+0000] {processor.py:840} INFO - DAG(s) 'example_sla_dag' retrieved from /home/airflow/.local/lib/python3.8/site-packages/airflow/example_dags/example_sla_dag.py
[2026-04-15T05:05:22.322+0000] {logging_mixin.py:188} INFO - [2026-04-15T05:05:22.322+0000] {dag.py:3036} INFO - Sync 1 DAGs
[2026-04-15T05:05:22.340+0000] {logging_mixin.py:188} INFO - [2026-04-15T05:05:22.340+0000] {dag.py:3823} INFO - Setting next_dagrun for example_sla_dag to 2026-04-15 05:02:00+00:00, run_after=2026-04-15 05:04:00+00:00
[2026-04-15T05:05:22.351+0000] {processor.py:183} INFO - Processing /home/airflow/.local/lib/python3.8/site-packages/airflow/example_dags/example_sla_dag.py took 0.053 seconds
[2026-04-15T05:05:52.714+0000] {processor.py:161} INFO - Started process (PID=1539) to work on /home/airflow/.local/lib/python3.8/site-packages/airflow/example_dags/example_sla_dag.py
[2026-04-15T05:05:52.715+0000] {processor.py:830} INFO - Processing file /home/airflow/.local/lib/python3.8/site-packages/airflow/example_dags/example_sla_dag.py for tasks to queue
[2026-04-15T05:05:52.716+0000] {logging_mixin.py:188} INFO - [2026-04-15T05:05:52.716+0000] {dagbag.py:538} INFO - Filling up the DagBag from /home/airflow/.local/lib/python3.8/site-packages/airflow/example_dags/example_sla_dag.py
[2026-04-15T05:05:52.722+0000] {processor.py:840} INFO - DAG(s) 'example_sla_dag' retrieved from /home/airflow/.local/lib/python3.8/site-packages/airflow/example_dags/example_sla_dag.py
[2026-04-15T05:05:52.736+0000] {logging_mixin.py:188} INFO - [2026-04-15T05:05:52.736+0000] {dag.py:3036} INFO - Sync 1 DAGs
[2026-04-15T05:05:52.753+0000] {logging_mixin.py:188} INFO - [2026-04-15T05:05:52.753+0000] {dag.py:3823} INFO - Setting next_dagrun for example_sla_dag to 2026-04-15 05:02:00+00:00, run_after=2026-04-15 05:04:00+00:00
[2026-04-15T05:05:52.764+0000] {processor.py:183} INFO - Processing /home/airflow/.local/lib/python3.8/site-packages/airflow/example_dags/example_sla_dag.py took 0.052 seconds
[2026-04-15T05:06:22.885+0000] {processor.py:161} INFO - Started process (PID=1595) to work on /home/airflow/.local/lib/python3.8/site-packages/airflow/example_dags/example_sla_dag.py
[2026-04-15T05:06:22.886+0000] {processor.py:830} INFO - Processing file /home/airflow/.local/lib/python3.8/site-packages/airflow/example_dags/example_sla_dag.py for tasks to queue
[2026-04-15T05:06:22.888+0000] {logging_mixin.py:188} INFO - [2026-04-15T05:06:22.887+0000] {dagbag.py:538} INFO - Filling up the DagBag from /home/airflow/.local/lib/python3.8/site-packages/airflow/example_dags/example_sla_dag.py
[2026-04-15T05:06:22.894+0000] {processor.py:840} INFO - DAG(s) 'example_sla_dag' retrieved from /home/airflow/.local/lib/python3.8/site-packages/airflow/example_dags/example_sla_dag.py
[2026-04-15T05:06:22.909+0000] {logging_mixin.py:188} INFO - [2026-04-15T05:06:22.909+0000] {dag.py:3036} INFO - Sync 1 DAGs
[2026-04-15T05:06:22.927+0000] {logging_mixin.py:188} INFO - [2026-04-15T05:06:22.927+0000] {dag.py:3823} INFO - Setting next_dagrun for example_sla_dag to 2026-04-15 05:04:00+00:00, run_after=2026-04-15 05:06:00+00:00
[2026-04-15T05:06:22.939+0000] {processor.py:183} INFO - Processing /home/airflow/.local/lib/python3.8/site-packages/airflow/example_dags/example_sla_dag.py took 0.056 seconds
[2026-04-15T05:06:53.085+0000] {processor.py:161} INFO - Started process (PID=1651) to work on /home/airflow/.local/lib/python3.8/site-packages/airflow/example_dags/example_sla_dag.py
[2026-04-15T05:06:53.085+0000] {processor.py:830} INFO - Processing file /home/airflow/.local/lib/python3.8/site-packages/airflow/example_dags/example_sla_dag.py for tasks to queue
[2026-04-15T05:06:53.086+0000] {logging_mixin.py:188} INFO - [2026-04-15T05:06:53.086+0000] {dagbag.py:538} INFO - Filling up the DagBag from /home/airflow/.local/lib/python3.8/site-packages/airflow/example_dags/example_sla_dag.py
[2026-04-15T05:06:53.092+0000] {processor.py:840} INFO - DAG(s) 'example_sla_dag' retrieved from /home/airflow/.local/lib/python3.8/site-packages/airflow/example_dags/example_sla_dag.py
[2026-04-15T05:06:53.107+0000] {logging_mixin.py:188} INFO - [2026-04-15T05:06:53.107+0000] {dag.py:3036} INFO - Sync 1 DAGs
[2026-04-15T05:06:53.125+0000] {logging_mixin.py:188} INFO - [2026-04-15T05:06:53.124+0000] {dag.py:3823} INFO - Setting next_dagrun for example_sla_dag to 2026-04-15 05:04:00+00:00, run_after=2026-04-15 05:06:00+00:00
[2026-04-15T05:06:53.136+0000] {processor.py:183} INFO - Processing /home/airflow/.local/lib/python3.8/site-packages/airflow/example_dags/example_sla_dag.py took 0.054 seconds
[2026-04-15T05:07:23.720+0000] {processor.py:161} INFO - Started process (PID=1707) to work on /home/airflow/.local/lib/python3.8/site-packages/airflow/example_dags/example_sla_dag.py
[2026-04-15T05:07:23.721+0000] {processor.py:830} INFO - Processing file /home/airflow/.local/lib/python3.8/site-packages/airflow/example_dags/example_sla_dag.py for tasks to queue
[2026-04-15T05:07:23.723+0000] {logging_mixin.py:188} INFO - [2026-04-15T05:07:23.722+0000] {dagbag.py:538} INFO - Filling up the DagBag from /home/airflow/.local/lib/python3.8/site-packages/airflow/example_dags/example_sla_dag.py
[2026-04-15T05:07:23.729+0000] {processor.py:840} INFO - DAG(s) 'example_sla_dag' retrieved from /home/airflow/.local/lib/python3.8/site-packages/airflow/example_dags/example_sla_dag.py
[2026-04-15T05:07:23.744+0000] {logging_mixin.py:188} INFO - [2026-04-15T05:07:23.744+0000] {dag.py:3036} INFO - Sync 1 DAGs
[2026-04-15T05:07:23.765+0000] {logging_mixin.py:188} INFO - [2026-04-15T05:07:23.764+0000] {dag.py:3823} INFO - Setting next_dagrun for example_sla_dag to 2026-04-15 05:04:00+00:00, run_after=2026-04-15 05:06:00+00:00
[2026-04-15T05:07:23.779+0000] {processor.py:183} INFO - Processing /home/airflow/.local/lib/python3.8/site-packages/airflow/example_dags/example_sla_dag.py took 0.062 seconds
[2026-04-15T05:07:54.287+0000] {processor.py:161} INFO - Started process (PID=1763) to work on /home/airflow/.local/lib/python3.8/site-packages/airflow/example_dags/example_sla_dag.py
[2026-04-15T05:07:54.288+0000] {processor.py:830} INFO - Processing file /home/airflow/.local/lib/python3.8/site-packages/airflow/example_dags/example_sla_dag.py for tasks to queue
[2026-04-15T05:07:54.290+0000] {logging_mixin.py:188} INFO - [2026-04-15T05:07:54.290+0000] {dagbag.py:538} INFO - Filling up the DagBag from /home/airflow/.local/lib/python3.8/site-packages/airflow/example_dags/example_sla_dag.py
[2026-04-15T05:07:54.301+0000] {processor.py:840} INFO - DAG(s) 'example_sla_dag' retrieved from /home/airflow/.local/lib/python3.8/site-packages/airflow/example_dags/example_sla_dag.py
[2026-04-15T05:07:54.329+0000] {logging_mixin.py:188} INFO - [2026-04-15T05:07:54.329+0000] {dag.py:3036} INFO - Sync 1 DAGs
[2026-04-15T05:07:54.361+0000] {logging_mixin.py:188} INFO - [2026-04-15T05:07:54.361+0000] {dag.py:3823} INFO - Setting next_dagrun for example_sla_dag to 2026-04-15 05:04:00+00:00, run_after=2026-04-15 05:06:00+00:00
[2026-04-15T05:07:54.387+0000] {processor.py:183} INFO - Processing /home/airflow/.local/lib/python3.8/site-packages/airflow/example_dags/example_sla_dag.py took 0.105 seconds
[2026-04-15T05:08:25.173+0000] {processor.py:161} INFO - Started process (PID=1819) to work on /home/airflow/.local/lib/python3.8/site-packages/airflow/example_dags/example_sla_dag.py
[2026-04-15T05:08:25.174+0000] {processor.py:830} INFO - Processing file /home/airflow/.local/lib/python3.8/site-packages/airflow/example_dags/example_sla_dag.py for tasks to queue
[2026-04-15T05:08:25.176+0000] {logging_mixin.py:188} INFO - [2026-04-15T05:08:25.176+0000] {dagbag.py:538} INFO - Filling up the DagBag from /home/airflow/.local/lib/python3.8/site-packages/airflow/example_dags/example_sla_dag.py
[2026-04-15T05:08:25.184+0000] {processor.py:840} INFO - DAG(s) 'example_sla_dag' retrieved from /home/airflow/.local/lib/python3.8/site-packages/airflow/example_dags/example_sla_dag.py
[2026-04-15T05:08:25.203+0000] {logging_mixin.py:188} INFO - [2026-04-15T05:08:25.203+0000] {dag.py:3036} INFO - Sync 1 DAGs
[2026-04-15T05:08:25.226+0000] {logging_mixin.py:188} INFO - [2026-04-15T05:08:25.226+0000] {dag.py:3823} INFO - Setting next_dagrun for example_sla_dag to 2026-04-15 05:06:00+00:00, run_after=2026-04-15 05:08:00+00:00
[2026-04-15T05:08:25.243+0000] {processor.py:183} INFO - Processing /home/airflow/.local/lib/python3.8/site-packages/airflow/example_dags/example_sla_dag.py took 0.073 seconds
[2026-04-15T05:08:55.401+0000] {processor.py:161} INFO - Started process (PID=1875) to work on /home/airflow/.local/lib/python3.8/site-packages/airflow/example_dags/example_sla_dag.py
[2026-04-15T05:08:55.402+0000] {processor.py:830} INFO - Processing file /home/airflow/.local/lib/python3.8/site-packages/airflow/example_dags/example_sla_dag.py for tasks to queue
[2026-04-15T05:08:55.403+0000] {logging_mixin.py:188} INFO - [2026-04-15T05:08:55.403+0000] {dagbag.py:538} INFO - Filling up the DagBag from /home/airflow/.local/lib/python3.8/site-packages/airflow/example_dags/example_sla_dag.py
[2026-04-15T05:08:55.409+0000] {processor.py:840} INFO - DAG(s) 'example_sla_dag' retrieved from /home/airflow/.local/lib/python3.8/site-packages/airflow/example_dags/example_sla_dag.py
[2026-04-15T05:08:55.425+0000] {logging_mixin.py:188} INFO - [2026-04-15T05:08:55.424+0000] {dag.py:3036} INFO - Sync 1 DAGs
[2026-04-15T05:08:55.442+0000] {logging_mixin.py:188} INFO - [2026-04-15T05:08:55.442+0000] {dag.py:3823} INFO - Setting next_dagrun for example_sla_dag to 2026-04-15 05:06:00+00:00, run_after=2026-04-15 05:08:00+00:00
[2026-04-15T05:08:55.455+0000] {processor.py:183} INFO - Processing /home/airflow/.local/lib/python3.8/site-packages/airflow/example_dags/example_sla_dag.py took 0.056 seconds
[2026-04-15T05:09:25.562+0000] {processor.py:161} INFO - Started process (PID=1931) to work on /home/airflow/.local/lib/python3.8/site-packages/airflow/example_dags/example_sla_dag.py
[2026-04-15T05:09:25.563+0000] {processor.py:830} INFO - Processing file /home/airflow/.local/lib/python3.8/site-packages/airflow/example_dags/example_sla_dag.py for tasks to queue
[2026-04-15T05:09:25.564+0000] {logging_mixin.py:188} INFO - [2026-04-15T05:09:25.564+0000] {dagbag.py:538} INFO - Filling up the DagBag from /home/airflow/.local/lib/python3.8/site-packages/airflow/example_dags/example_sla_dag.py
[2026-04-15T05:09:25.572+0000] {processor.py:840} INFO - DAG(s) 'example_sla_dag' retrieved from /home/airflow/.local/lib/python3.8/site-packages/airflow/example_dags/example_sla_dag.py
[2026-04-15T05:09:25.590+0000] {logging_mixin.py:188} INFO - [2026-04-15T05:09:25.589+0000] {dag.py:3036} INFO - Sync 1 DAGs
[2026-04-15T05:09:25.611+0000] {logging_mixin.py:188} INFO - [2026-04-15T05:09:25.611+0000] {dag.py:3823} INFO - Setting next_dagrun for example_sla_dag to 2026-04-15 05:06:00+00:00, run_after=2026-04-15 05:08:00+00:00
[2026-04-15T05:09:25.626+0000] {processor.py:183} INFO - Processing /home/airflow/.local/lib/python3.8/site-packages/airflow/example_dags/example_sla_dag.py took 0.067 seconds
[2026-04-15T05:09:56.592+0000] {processor.py:161} INFO - Started process (PID=1987) to work on /home/airflow/.local/lib/python3.8/site-packages/airflow/example_dags/example_sla_dag.py
[2026-04-15T05:09:56.593+0000] {processor.py:830} INFO - Processing file /home/airflow/.local/lib/python3.8/site-packages/airflow/example_dags/example_sla_dag.py for tasks to queue
[2026-04-15T05:09:56.594+0000] {logging_mixin.py:188} INFO - [2026-04-15T05:09:56.594+0000] {dagbag.py:538} INFO - Filling up the DagBag from /home/airflow/.local/lib/python3.8/site-packages/airflow/example_dags/example_sla_dag.py
[2026-04-15T05:09:56.600+0000] {processor.py:840} INFO - DAG(s) 'example_sla_dag' retrieved from /home/airflow/.local/lib/python3.8/site-packages/airflow/example_dags/example_sla_dag.py
[2026-04-15T05:09:56.615+0000] {logging_mixin.py:188} INFO - [2026-04-15T05:09:56.614+0000] {dag.py:3036} INFO - Sync 1 DAGs
[2026-04-15T05:09:56.632+0000] {logging_mixin.py:188} INFO - [2026-04-15T05:09:56.632+0000] {dag.py:3823} INFO - Setting next_dagrun for example_sla_dag to 2026-04-15 05:06:00+00:00, run_after=2026-04-15 05:08:00+00:00
[2026-04-15T05:09:56.644+0000] {processor.py:183} INFO - Processing /home/airflow/.local/lib/python3.8/site-packages/airflow/example_dags/example_sla_dag.py took 0.055 seconds
[2026-04-15T05:10:26.782+0000] {processor.py:161} INFO - Started process (PID=2042) to work on /home/airflow/.local/lib/python3.8/site-packages/airflow/example_dags/example_sla_dag.py
[2026-04-15T05:10:26.783+0000] {processor.py:830} INFO - Processing file /home/airflow/.local/lib/python3.8/site-packages/airflow/example_dags/example_sla_dag.py for tasks to queue
[2026-04-15T05:10:26.784+0000] {logging_mixin.py:188} INFO - [2026-04-15T05:10:26.784+0000] {dagbag.py:538} INFO - Filling up the DagBag from /home/airflow/.local/lib/python3.8/site-packages/airflow/example_dags/example_sla_dag.py
[2026-04-15T05:10:26.790+0000] {processor.py:840} INFO - DAG(s) 'example_sla_dag' retrieved from /home/airflow/.local/lib/python3.8/site-packages/airflow/example_dags/example_sla_dag.py
[2026-04-15T05:10:26.806+0000] {logging_mixin.py:188} INFO - [2026-04-15T05:10:26.805+0000] {dag.py:3036} INFO - Sync 1 DAGs
[2026-04-15T05:10:26.823+0000] {logging_mixin.py:188} INFO - [2026-04-15T05:10:26.823+0000] {dag.py:3823} INFO - Setting next_dagrun for example_sla_dag to 2026-04-15 05:08:00+00:00, run_after=2026-04-15 05:10:00+00:00
[2026-04-15T05:10:26.837+0000] {processor.py:183} INFO - Processing /home/airflow/.local/lib/python3.8/site-packages/airflow/example_dags/example_sla_dag.py took 0.058 seconds
[2026-04-15T05:10:57.040+0000] {processor.py:161} INFO - Started process (PID=2098) to work on /home/airflow/.local/lib/python3.8/site-packages/airflow/example_dags/example_sla_dag.py
[2026-04-15T05:10:57.049+0000] {processor.py:830} INFO - Processing file /home/airflow/.local/lib/python3.8/site-packages/airflow/example_dags/example_sla_dag.py for tasks to queue
[2026-04-15T05:10:57.050+0000] {logging_mixin.py:188} INFO - [2026-04-15T05:10:57.050+0000] {dagbag.py:538} INFO - Filling up the DagBag from /home/airflow/.local/lib/python3.8/site-packages/airflow/example_dags/example_sla_dag.py
[2026-04-15T05:10:57.056+0000] {processor.py:840} INFO - DAG(s) 'example_sla_dag' retrieved from /home/airflow/.local/lib/python3.8/site-packages/airflow/example_dags/example_sla_dag.py
[2026-04-15T05:10:57.070+0000] {logging_mixin.py:188} INFO - [2026-04-15T05:10:57.070+0000] {dag.py:3036} INFO - Sync 1 DAGs
[2026-04-15T05:10:57.087+0000] {logging_mixin.py:188} INFO - [2026-04-15T05:10:57.087+0000] {dag.py:3823} INFO - Setting next_dagrun for example_sla_dag to 2026-04-15 05:08:00+00:00, run_after=2026-04-15 05:10:00+00:00
[2026-04-15T05:10:57.213+0000] {processor.py:183} INFO - Processing /home/airflow/.local/lib/python3.8/site-packages/airflow/example_dags/example_sla_dag.py took 0.175 seconds
[2026-04-15T05:11:27.613+0000] {processor.py:161} INFO - Started process (PID=2155) to work on /home/airflow/.local/lib/python3.8/site-packages/airflow/example_dags/example_sla_dag.py
[2026-04-15T05:11:27.615+0000] {processor.py:830} INFO - Processing file /home/airflow/.local/lib/python3.8/site-packages/airflow/example_dags/example_sla_dag.py for tasks to queue
[2026-04-15T05:11:27.617+0000] {logging_mixin.py:188} INFO - [2026-04-15T05:11:27.617+0000] {dagbag.py:538} INFO - Filling up the DagBag from /home/airflow/.local/lib/python3.8/site-packages/airflow/example_dags/example_sla_dag.py
[2026-04-15T05:11:27.623+0000] {processor.py:840} INFO - DAG(s) 'example_sla_dag' retrieved from /home/airflow/.local/lib/python3.8/site-packages/airflow/example_dags/example_sla_dag.py
[2026-04-15T05:11:27.637+0000] {logging_mixin.py:188} INFO - [2026-04-15T05:11:27.637+0000] {dag.py:3036} INFO - Sync 1 DAGs
[2026-04-15T05:11:27.655+0000] {logging_mixin.py:188} INFO - [2026-04-15T05:11:27.655+0000] {dag.py:3823} INFO - Setting next_dagrun for example_sla_dag to 2026-04-15 05:08:00+00:00, run_after=2026-04-15 05:10:00+00:00
[2026-04-15T05:11:27.787+0000] {processor.py:183} INFO - Processing /home/airflow/.local/lib/python3.8/site-packages/airflow/example_dags/example_sla_dag.py took 0.177 seconds
[2026-04-15T05:11:58.067+0000] {processor.py:161} INFO - Started process (PID=2211) to work on /home/airflow/.local/lib/python3.8/site-packages/airflow/example_dags/example_sla_dag.py
[2026-04-15T05:11:58.070+0000] {processor.py:830} INFO - Processing file /home/airflow/.local/lib/python3.8/site-packages/airflow/example_dags/example_sla_dag.py for tasks to queue
[2026-04-15T05:11:58.072+0000] {logging_mixin.py:188} INFO - [2026-04-15T05:11:58.072+0000] {dagbag.py:538} INFO - Filling up the DagBag from /home/airflow/.local/lib/python3.8/site-packages/airflow/example_dags/example_sla_dag.py
[2026-04-15T05:11:58.078+0000] {processor.py:840} INFO - DAG(s) 'example_sla_dag' retrieved from /home/airflow/.local/lib/python3.8/site-packages/airflow/example_dags/example_sla_dag.py
[2026-04-15T05:11:58.092+0000] {logging_mixin.py:188} INFO - [2026-04-15T05:11:58.091+0000] {dag.py:3036} INFO - Sync 1 DAGs
[2026-04-15T05:11:58.110+0000] {logging_mixin.py:188} INFO - [2026-04-15T05:11:58.109+0000] {dag.py:3823} INFO - Setting next_dagrun for example_sla_dag to 2026-04-15 05:08:00+00:00, run_after=2026-04-15 05:10:00+00:00
[2026-04-15T05:11:58.246+0000] {processor.py:183} INFO - Processing /home/airflow/.local/lib/python3.8/site-packages/airflow/example_dags/example_sla_dag.py took 0.181 seconds
[2026-04-15T05:12:28.416+0000] {processor.py:161} INFO - Started process (PID=2267) to work on /home/airflow/.local/lib/python3.8/site-packages/airflow/example_dags/example_sla_dag.py
[2026-04-15T05:12:28.419+0000] {processor.py:830} INFO - Processing file /home/airflow/.local/lib/python3.8/site-packages/airflow/example_dags/example_sla_dag.py for tasks to queue
[2026-04-15T05:12:28.421+0000] {logging_mixin.py:188} INFO - [2026-04-15T05:12:28.420+0000] {dagbag.py:538} INFO - Filling up the DagBag from /home/airflow/.local/lib/python3.8/site-packages/airflow/example_dags/example_sla_dag.py
[2026-04-15T05:12:28.427+0000] {processor.py:840} INFO - DAG(s) 'example_sla_dag' retrieved from /home/airflow/.local/lib/python3.8/site-packages/airflow/example_dags/example_sla_dag.py
[2026-04-15T05:12:28.442+0000] {logging_mixin.py:188} INFO - [2026-04-15T05:12:28.441+0000] {dag.py:3036} INFO - Sync 1 DAGs
[2026-04-15T05:12:28.459+0000] {logging_mixin.py:188} INFO - [2026-04-15T05:12:28.459+0000] {dag.py:3823} INFO - Setting next_dagrun for example_sla_dag to 2026-04-15 05:10:00+00:00, run_after=2026-04-15 05:12:00+00:00
[2026-04-15T05:12:28.587+0000] {processor.py:183} INFO - Processing /home/airflow/.local/lib/python3.8/site-packages/airflow/example_dags/example_sla_dag.py took 0.174 seconds
[2026-04-15T05:12:59.345+0000] {processor.py:161} INFO - Started process (PID=2323) to work on /home/airflow/.local/lib/python3.8/site-packages/airflow/example_dags/example_sla_dag.py
[2026-04-15T05:12:59.346+0000] {processor.py:830} INFO - Processing file /home/airflow/.local/lib/python3.8/site-packages/airflow/example_dags/example_sla_dag.py for tasks to queue
[2026-04-15T05:12:59.348+0000] {logging_mixin.py:188} INFO - [2026-04-15T05:12:59.348+0000] {dagbag.py:538} INFO - Filling up the DagBag from /home/airflow/.local/lib/python3.8/site-packages/airflow/example_dags/example_sla_dag.py
[2026-04-15T05:12:59.359+0000] {processor.py:840} INFO - DAG(s) 'example_sla_dag' retrieved from /home/airflow/.local/lib/python3.8/site-packages/airflow/example_dags/example_sla_dag.py
[2026-04-15T05:12:59.385+0000] {logging_mixin.py:188} INFO - [2026-04-15T05:12:59.384+0000] {dag.py:3036} INFO - Sync 1 DAGs
[2026-04-15T05:12:59.417+0000] {logging_mixin.py:188} INFO - [2026-04-15T05:12:59.417+0000] {dag.py:3823} INFO - Setting next_dagrun for example_sla_dag to 2026-04-15 05:10:00+00:00, run_after=2026-04-15 05:12:00+00:00
[2026-04-15T05:12:59.440+0000] {processor.py:183} INFO - Processing /home/airflow/.local/lib/python3.8/site-packages/airflow/example_dags/example_sla_dag.py took 0.099 seconds
[2026-04-15T05:13:30.163+0000] {processor.py:161} INFO - Started process (PID=2379) to work on /home/airflow/.local/lib/python3.8/site-packages/airflow/example_dags/example_sla_dag.py
[2026-04-15T05:13:30.167+0000] {processor.py:830} INFO - Processing file /home/airflow/.local/lib/python3.8/site-packages/airflow/example_dags/example_sla_dag.py for tasks to queue
[2026-04-15T05:13:30.168+0000] {logging_mixin.py:188} INFO - [2026-04-15T05:13:30.168+0000] {dagbag.py:538} INFO - Filling up the DagBag from /home/airflow/.local/lib/python3.8/site-packages/airflow/example_dags/example_sla_dag.py
[2026-04-15T05:13:30.174+0000] {processor.py:840} INFO - DAG(s) 'example_sla_dag' retrieved from /home/airflow/.local/lib/python3.8/site-packages/airflow/example_dags/example_sla_dag.py
[2026-04-15T05:13:30.188+0000] {logging_mixin.py:188} INFO - [2026-04-15T05:13:30.188+0000] {dag.py:3036} INFO - Sync 1 DAGs
[2026-04-15T05:13:30.204+0000] {logging_mixin.py:188} INFO - [2026-04-15T05:13:30.204+0000] {dag.py:3823} INFO - Setting next_dagrun for example_sla_dag to 2026-04-15 05:10:00+00:00, run_after=2026-04-15 05:12:00+00:00
[2026-04-15T05:13:30.215+0000] {processor.py:183} INFO - Processing /home/airflow/.local/lib/python3.8/site-packages/airflow/example_dags/example_sla_dag.py took 0.054 seconds
[2026-04-15T05:14:00.949+0000] {processor.py:161} INFO - Started process (PID=2435) to work on /home/airflow/.local/lib/python3.8/site-packages/airflow/example_dags/example_sla_dag.py
[2026-04-15T05:14:00.950+0000] {processor.py:830} INFO - Processing file /home/airflow/.local/lib/python3.8/site-packages/airflow/example_dags/example_sla_dag.py for tasks to queue
[2026-04-15T05:14:00.952+0000] {logging_mixin.py:188} INFO - [2026-04-15T05:14:00.952+0000] {dagbag.py:538} INFO - Filling up the DagBag from /home/airflow/.local/lib/python3.8/site-packages/airflow/example_dags/example_sla_dag.py
[2026-04-15T05:14:00.962+0000] {processor.py:840} INFO - DAG(s) 'example_sla_dag' retrieved from /home/airflow/.local/lib/python3.8/site-packages/airflow/example_dags/example_sla_dag.py
[2026-04-15T05:14:00.988+0000] {logging_mixin.py:188} INFO - [2026-04-15T05:14:00.988+0000] {dag.py:3036} INFO - Sync 1 DAGs
[2026-04-15T05:14:01.020+0000] {logging_mixin.py:188} INFO - [2026-04-15T05:14:01.020+0000] {dag.py:3823} INFO - Setting next_dagrun for example_sla_dag to 2026-04-15 05:12:00+00:00, run_after=2026-04-15 05:14:00+00:00
[2026-04-15T05:14:01.042+0000] {processor.py:183} INFO - Processing /home/airflow/.local/lib/python3.8/site-packages/airflow/example_dags/example_sla_dag.py took 0.097 seconds
[2026-04-15T05:14:31.838+0000] {processor.py:161} INFO - Started process (PID=2491) to work on /home/airflow/.local/lib/python3.8/site-packages/airflow/example_dags/example_sla_dag.py
[2026-04-15T05:14:31.841+0000] {processor.py:830} INFO - Processing file /home/airflow/.local/lib/python3.8/site-packages/airflow/example_dags/example_sla_dag.py for tasks to queue
[2026-04-15T05:14:31.842+0000] {logging_mixin.py:188} INFO - [2026-04-15T05:14:31.842+0000] {dagbag.py:538} INFO - Filling up the DagBag from /home/airflow/.local/lib/python3.8/site-packages/airflow/example_dags/example_sla_dag.py
[2026-04-15T05:14:31.848+0000] {processor.py:840} INFO - DAG(s) 'example_sla_dag' retrieved from /home/airflow/.local/lib/python3.8/site-packages/airflow/example_dags/example_sla_dag.py
[2026-04-15T05:14:31.864+0000] {logging_mixin.py:188} INFO - [2026-04-15T05:14:31.864+0000] {dag.py:3036} INFO - Sync 1 DAGs
[2026-04-15T05:14:31.881+0000] {logging_mixin.py:188} INFO - [2026-04-15T05:14:31.881+0000] {dag.py:3823} INFO - Setting next_dagrun for example_sla_dag to 2026-04-15 05:12:00+00:00, run_after=2026-04-15 05:14:00+00:00
[2026-04-15T05:14:31.894+0000] {processor.py:183} INFO - Processing /home/airflow/.local/lib/python3.8/site-packages/airflow/example_dags/example_sla_dag.py took 0.058 seconds
[2026-04-15T05:15:01.965+0000] {processor.py:161} INFO - Started process (PID=2546) to work on /home/airflow/.local/lib/python3.8/site-packages/airflow/example_dags/example_sla_dag.py
[2026-04-15T05:15:01.966+0000] {processor.py:830} INFO - Processing file /home/airflow/.local/lib/python3.8/site-packages/airflow/example_dags/example_sla_dag.py for tasks to queue
[2026-04-15T05:15:01.967+0000] {logging_mixin.py:188} INFO - [2026-04-15T05:15:01.967+0000] {dagbag.py:538} INFO - Filling up the DagBag from /home/airflow/.local/lib/python3.8/site-packages/airflow/example_dags/example_sla_dag.py
[2026-04-15T05:15:01.974+0000] {processor.py:840} INFO - DAG(s) 'example_sla_dag' retrieved from /home/airflow/.local/lib/python3.8/site-packages/airflow/example_dags/example_sla_dag.py
[2026-04-15T05:15:01.990+0000] {logging_mixin.py:188} INFO - [2026-04-15T05:15:01.990+0000] {dag.py:3036} INFO - Sync 1 DAGs
[2026-04-15T05:15:02.008+0000] {logging_mixin.py:188} INFO - [2026-04-15T05:15:02.008+0000] {dag.py:3823} INFO - Setting next_dagrun for example_sla_dag to 2026-04-15 05:12:00+00:00, run_after=2026-04-15 05:14:00+00:00
[2026-04-15T05:15:02.023+0000] {processor.py:183} INFO - Processing /home/airflow/.local/lib/python3.8/site-packages/airflow/example_dags/example_sla_dag.py took 0.060 seconds
[2026-04-15T05:15:32.208+0000] {processor.py:161} INFO - Started process (PID=2602) to work on /home/airflow/.local/lib/python3.8/site-packages/airflow/example_dags/example_sla_dag.py
[2026-04-15T05:15:32.216+0000] {processor.py:830} INFO - Processing file /home/airflow/.local/lib/python3.8/site-packages/airflow/example_dags/example_sla_dag.py for tasks to queue
[2026-04-15T05:15:32.218+0000] {logging_mixin.py:188} INFO - [2026-04-15T05:15:32.218+0000] {dagbag.py:538} INFO - Filling up the DagBag from /home/airflow/.local/lib/python3.8/site-packages/airflow/example_dags/example_sla_dag.py
[2026-04-15T05:15:32.225+0000] {processor.py:840} INFO - DAG(s) 'example_sla_dag' retrieved from /home/airflow/.local/lib/python3.8/site-packages/airflow/example_dags/example_sla_dag.py
[2026-04-15T05:15:32.241+0000] {logging_mixin.py:188} INFO - [2026-04-15T05:15:32.241+0000] {dag.py:3036} INFO - Sync 1 DAGs
[2026-04-15T05:15:32.260+0000] {logging_mixin.py:188} INFO - [2026-04-15T05:15:32.260+0000] {dag.py:3823} INFO - Setting next_dagrun for example_sla_dag to 2026-04-15 05:12:00+00:00, run_after=2026-04-15 05:14:00+00:00
[2026-04-15T05:15:32.275+0000] {processor.py:183} INFO - Processing /home/airflow/.local/lib/python3.8/site-packages/airflow/example_dags/example_sla_dag.py took 0.071 seconds
[2026-04-15T05:16:02.374+0000] {processor.py:161} INFO - Started process (PID=2658) to work on /home/airflow/.local/lib/python3.8/site-packages/airflow/example_dags/example_sla_dag.py
[2026-04-15T05:16:02.383+0000] {processor.py:830} INFO - Processing file /home/airflow/.local/lib/python3.8/site-packages/airflow/example_dags/example_sla_dag.py for tasks to queue
[2026-04-15T05:16:02.384+0000] {logging_mixin.py:188} INFO - [2026-04-15T05:16:02.384+0000] {dagbag.py:538} INFO - Filling up the DagBag from /home/airflow/.local/lib/python3.8/site-packages/airflow/example_dags/example_sla_dag.py
[2026-04-15T05:16:02.390+0000] {processor.py:840} INFO - DAG(s) 'example_sla_dag' retrieved from /home/airflow/.local/lib/python3.8/site-packages/airflow/example_dags/example_sla_dag.py
[2026-04-15T05:16:02.405+0000] {logging_mixin.py:188} INFO - [2026-04-15T05:16:02.404+0000] {dag.py:3036} INFO - Sync 1 DAGs
[2026-04-15T05:16:02.423+0000] {logging_mixin.py:188} INFO - [2026-04-15T05:16:02.423+0000] {dag.py:3823} INFO - Setting next_dagrun for example_sla_dag to 2026-04-15 05:14:00+00:00, run_after=2026-04-15 05:16:00+00:00
[2026-04-15T05:16:02.436+0000] {processor.py:183} INFO - Processing /home/airflow/.local/lib/python3.8/site-packages/airflow/example_dags/example_sla_dag.py took 0.065 seconds
[2026-04-15T05:16:32.651+0000] {processor.py:161} INFO - Started process (PID=2714) to work on /home/airflow/.local/lib/python3.8/site-packages/airflow/example_dags/example_sla_dag.py
[2026-04-15T05:16:32.660+0000] {processor.py:830} INFO - Processing file /home/airflow/.local/lib/python3.8/site-packages/airflow/example_dags/example_sla_dag.py for tasks to queue
[2026-04-15T05:16:32.662+0000] {logging_mixin.py:188} INFO - [2026-04-15T05:16:32.662+0000] {dagbag.py:538} INFO - Filling up the DagBag from /home/airflow/.local/lib/python3.8/site-packages/airflow/example_dags/example_sla_dag.py
[2026-04-15T05:16:32.670+0000] {processor.py:840} INFO - DAG(s) 'example_sla_dag' retrieved from /home/airflow/.local/lib/python3.8/site-packages/airflow/example_dags/example_sla_dag.py
[2026-04-15T05:16:32.688+0000] {logging_mixin.py:188} INFO - [2026-04-15T05:16:32.688+0000] {dag.py:3036} INFO - Sync 1 DAGs
[2026-04-15T05:16:32.712+0000] {logging_mixin.py:188} INFO - [2026-04-15T05:16:32.712+0000] {dag.py:3823} INFO - Setting next_dagrun for example_sla_dag to 2026-04-15 05:14:00+00:00, run_after=2026-04-15 05:16:00+00:00
[2026-04-15T05:16:32.729+0000] {processor.py:183} INFO - Processing /home/airflow/.local/lib/python3.8/site-packages/airflow/example_dags/example_sla_dag.py took 0.081 seconds
[2026-04-15T05:17:03.132+0000] {processor.py:161} INFO - Started process (PID=2770) to work on /home/airflow/.local/lib/python3.8/site-packages/airflow/example_dags/example_sla_dag.py
[2026-04-15T05:17:03.141+0000] {processor.py:830} INFO - Processing file /home/airflow/.local/lib/python3.8/site-packages/airflow/example_dags/example_sla_dag.py for tasks to queue
[2026-04-15T05:17:03.143+0000] {logging_mixin.py:188} INFO - [2026-04-15T05:17:03.143+0000] {dagbag.py:538} INFO - Filling up the DagBag from /home/airflow/.local/lib/python3.8/site-packages/airflow/example_dags/example_sla_dag.py
[2026-04-15T05:17:03.154+0000] {processor.py:840} INFO - DAG(s) 'example_sla_dag' retrieved from /home/airflow/.local/lib/python3.8/site-packages/airflow/example_dags/example_sla_dag.py
[2026-04-15T05:17:03.181+0000] {logging_mixin.py:188} INFO - [2026-04-15T05:17:03.180+0000] {dag.py:3036} INFO - Sync 1 DAGs
[2026-04-15T05:17:03.216+0000] {logging_mixin.py:188} INFO - [2026-04-15T05:17:03.216+0000] {dag.py:3823} INFO - Setting next_dagrun for example_sla_dag to 2026-04-15 05:14:00+00:00, run_after=2026-04-15 05:16:00+00:00
[2026-04-15T05:17:03.243+0000] {processor.py:183} INFO - Processing /home/airflow/.local/lib/python3.8/site-packages/airflow/example_dags/example_sla_dag.py took 0.116 seconds
[2026-04-15T05:17:33.548+0000] {processor.py:161} INFO - Started process (PID=2826) to work on /home/airflow/.local/lib/python3.8/site-packages/airflow/example_dags/example_sla_dag.py
[2026-04-15T05:17:33.557+0000] {processor.py:830} INFO - Processing file /home/airflow/.local/lib/python3.8/site-packages/airflow/example_dags/example_sla_dag.py for tasks to queue
[2026-04-15T05:17:33.559+0000] {logging_mixin.py:188} INFO - [2026-04-15T05:17:33.559+0000] {dagbag.py:538} INFO - Filling up the DagBag from /home/airflow/.local/lib/python3.8/site-packages/airflow/example_dags/example_sla_dag.py
[2026-04-15T05:17:33.566+0000] {processor.py:840} INFO - DAG(s) 'example_sla_dag' retrieved from /home/airflow/.local/lib/python3.8/site-packages/airflow/example_dags/example_sla_dag.py
[2026-04-15T05:17:33.584+0000] {logging_mixin.py:188} INFO - [2026-04-15T05:17:33.583+0000] {dag.py:3036} INFO - Sync 1 DAGs
[2026-04-15T05:17:33.606+0000] {logging_mixin.py:188} INFO - [2026-04-15T05:17:33.606+0000] {dag.py:3823} INFO - Setting next_dagrun for example_sla_dag to 2026-04-15 05:14:00+00:00, run_after=2026-04-15 05:16:00+00:00
[2026-04-15T05:17:33.619+0000] {processor.py:183} INFO - Processing /home/airflow/.local/lib/python3.8/site-packages/airflow/example_dags/example_sla_dag.py took 0.073 seconds
[2026-04-15T05:18:03.865+0000] {processor.py:161} INFO - Started process (PID=2882) to work on /home/airflow/.local/lib/python3.8/site-packages/airflow/example_dags/example_sla_dag.py
[2026-04-15T05:18:03.874+0000] {processor.py:830} INFO - Processing file /home/airflow/.local/lib/python3.8/site-packages/airflow/example_dags/example_sla_dag.py for tasks to queue
[2026-04-15T05:18:03.876+0000] {logging_mixin.py:188} INFO - [2026-04-15T05:18:03.875+0000] {dagbag.py:538} INFO - Filling up the DagBag from /home/airflow/.local/lib/python3.8/site-packages/airflow/example_dags/example_sla_dag.py
[2026-04-15T05:18:03.882+0000] {processor.py:840} INFO - DAG(s) 'example_sla_dag' retrieved from /home/airflow/.local/lib/python3.8/site-packages/airflow/example_dags/example_sla_dag.py
[2026-04-15T05:18:03.896+0000] {logging_mixin.py:188} INFO - [2026-04-15T05:18:03.896+0000] {dag.py:3036} INFO - Sync 1 DAGs
[2026-04-15T05:18:03.913+0000] {logging_mixin.py:188} INFO - [2026-04-15T05:18:03.913+0000] {dag.py:3823} INFO - Setting next_dagrun for example_sla_dag to 2026-04-15 05:16:00+00:00, run_after=2026-04-15 05:18:00+00:00
[2026-04-15T05:18:03.925+0000] {processor.py:183} INFO - Processing /home/airflow/.local/lib/python3.8/site-packages/airflow/example_dags/example_sla_dag.py took 0.062 seconds
[2026-04-15T05:18:34.117+0000] {processor.py:161} INFO - Started process (PID=2938) to work on /home/airflow/.local/lib/python3.8/site-packages/airflow/example_dags/example_sla_dag.py
[2026-04-15T05:18:34.125+0000] {processor.py:830} INFO - Processing file /home/airflow/.local/lib/python3.8/site-packages/airflow/example_dags/example_sla_dag.py for tasks to queue
[2026-04-15T05:18:34.127+0000] {logging_mixin.py:188} INFO - [2026-04-15T05:18:34.127+0000] {dagbag.py:538} INFO - Filling up the DagBag from /home/airflow/.local/lib/python3.8/site-packages/airflow/example_dags/example_sla_dag.py
[2026-04-15T05:18:34.134+0000] {processor.py:840} INFO - DAG(s) 'example_sla_dag' retrieved from /home/airflow/.local/lib/python3.8/site-packages/airflow/example_dags/example_sla_dag.py
[2026-04-15T05:18:34.151+0000] {logging_mixin.py:188} INFO - [2026-04-15T05:18:34.151+0000] {dag.py:3036} INFO - Sync 1 DAGs
[2026-04-15T05:18:34.175+0000] {logging_mixin.py:188} INFO - [2026-04-15T05:18:34.175+0000] {dag.py:3823} INFO - Setting next_dagrun for example_sla_dag to 2026-04-15 05:16:00+00:00, run_after=2026-04-15 05:18:00+00:00
[2026-04-15T05:18:34.190+0000] {processor.py:183} INFO - Processing /home/airflow/.local/lib/python3.8/site-packages/airflow/example_dags/example_sla_dag.py took 0.076 seconds
[2026-04-15T05:19:04.337+0000] {processor.py:161} INFO - Started process (PID=2994) to work on /home/airflow/.local/lib/python3.8/site-packages/airflow/example_dags/example_sla_dag.py
[2026-04-15T05:19:04.345+0000] {processor.py:830} INFO - Processing file /home/airflow/.local/lib/python3.8/site-packages/airflow/example_dags/example_sla_dag.py for tasks to queue
[2026-04-15T05:19:04.347+0000] {logging_mixin.py:188} INFO - [2026-04-15T05:19:04.347+0000] {dagbag.py:538} INFO - Filling up the DagBag from /home/airflow/.local/lib/python3.8/site-packages/airflow/example_dags/example_sla_dag.py
[2026-04-15T05:19:04.353+0000] {processor.py:840} INFO - DAG(s) 'example_sla_dag' retrieved from /home/airflow/.local/lib/python3.8/site-packages/airflow/example_dags/example_sla_dag.py
[2026-04-15T05:19:04.366+0000] {logging_mixin.py:188} INFO - [2026-04-15T05:19:04.366+0000] {dag.py:3036} INFO - Sync 1 DAGs
[2026-04-15T05:19:04.383+0000] {logging_mixin.py:188} INFO - [2026-04-15T05:19:04.383+0000] {dag.py:3823} INFO - Setting next_dagrun for example_sla_dag to 2026-04-15 05:16:00+00:00, run_after=2026-04-15 05:18:00+00:00
[2026-04-15T05:19:04.394+0000] {processor.py:183} INFO - Processing /home/airflow/.local/lib/python3.8/site-packages/airflow/example_dags/example_sla_dag.py took 0.060 seconds
[2026-04-15T05:19:35.274+0000] {processor.py:161} INFO - Started process (PID=3048) to work on /home/airflow/.local/lib/python3.8/site-packages/airflow/example_dags/example_sla_dag.py
[2026-04-15T05:19:35.283+0000] {processor.py:830} INFO - Processing file /home/airflow/.local/lib/python3.8/site-packages/airflow/example_dags/example_sla_dag.py for tasks to queue
[2026-04-15T05:19:35.285+0000] {logging_mixin.py:188} INFO - [2026-04-15T05:19:35.285+0000] {dagbag.py:538} INFO - Filling up the DagBag from /home/airflow/.local/lib/python3.8/site-packages/airflow/example_dags/example_sla_dag.py
[2026-04-15T05:19:35.292+0000] {processor.py:840} INFO - DAG(s) 'example_sla_dag' retrieved from /home/airflow/.local/lib/python3.8/site-packages/airflow/example_dags/example_sla_dag.py
[2026-04-15T05:19:35.308+0000] {logging_mixin.py:188} INFO - [2026-04-15T05:19:35.308+0000] {dag.py:3036} INFO - Sync 1 DAGs
[2026-04-15T05:19:35.329+0000] {logging_mixin.py:188} INFO - [2026-04-15T05:19:35.329+0000] {dag.py:3823} INFO - Setting next_dagrun for example_sla_dag to 2026-04-15 05:16:00+00:00, run_after=2026-04-15 05:18:00+00:00
[2026-04-15T05:19:35.343+0000] {processor.py:183} INFO - Processing /home/airflow/.local/lib/python3.8/site-packages/airflow/example_dags/example_sla_dag.py took 0.072 seconds
[2026-04-15T05:20:05.537+0000] {processor.py:161} INFO - Started process (PID=3104) to work on /home/airflow/.local/lib/python3.8/site-packages/airflow/example_dags/example_sla_dag.py
[2026-04-15T05:20:05.546+0000] {processor.py:830} INFO - Processing file /home/airflow/.local/lib/python3.8/site-packages/airflow/example_dags/example_sla_dag.py for tasks to queue
[2026-04-15T05:20:05.547+0000] {logging_mixin.py:188} INFO - [2026-04-15T05:20:05.547+0000] {dagbag.py:538} INFO - Filling up the DagBag from /home/airflow/.local/lib/python3.8/site-packages/airflow/example_dags/example_sla_dag.py
[2026-04-15T05:20:05.554+0000] {processor.py:840} INFO - DAG(s) 'example_sla_dag' retrieved from /home/airflow/.local/lib/python3.8/site-packages/airflow/example_dags/example_sla_dag.py
[2026-04-15T05:20:05.570+0000] {logging_mixin.py:188} INFO - [2026-04-15T05:20:05.570+0000] {dag.py:3036} INFO - Sync 1 DAGs
[2026-04-15T05:20:05.591+0000] {logging_mixin.py:188} INFO - [2026-04-15T05:20:05.591+0000] {dag.py:3823} INFO - Setting next_dagrun for example_sla_dag to 2026-04-15 05:18:00+00:00, run_after=2026-04-15 05:20:00+00:00
[2026-04-15T05:20:05.605+0000] {processor.py:183} INFO - Processing /home/airflow/.local/lib/python3.8/site-packages/airflow/example_dags/example_sla_dag.py took 0.071 seconds
[2026-04-15T05:20:35.753+0000] {processor.py:161} INFO - Started process (PID=3159) to work on /home/airflow/.local/lib/python3.8/site-packages/airflow/example_dags/example_sla_dag.py
[2026-04-15T05:20:35.762+0000] {processor.py:830} INFO - Processing file /home/airflow/.local/lib/python3.8/site-packages/airflow/example_dags/example_sla_dag.py for tasks to queue
[2026-04-15T05:20:35.763+0000] {logging_mixin.py:188} INFO - [2026-04-15T05:20:35.763+0000] {dagbag.py:538} INFO - Filling up the DagBag from /home/airflow/.local/lib/python3.8/site-packages/airflow/example_dags/example_sla_dag.py
[2026-04-15T05:20:35.769+0000] {processor.py:840} INFO - DAG(s) 'example_sla_dag' retrieved from /home/airflow/.local/lib/python3.8/site-packages/airflow/example_dags/example_sla_dag.py
[2026-04-15T05:20:35.782+0000] {logging_mixin.py:188} INFO - [2026-04-15T05:20:35.782+0000] {dag.py:3036} INFO - Sync 1 DAGs
[2026-04-15T05:20:35.800+0000] {logging_mixin.py:188} INFO - [2026-04-15T05:20:35.800+0000] {dag.py:3823} INFO - Setting next_dagrun for example_sla_dag to 2026-04-15 05:18:00+00:00, run_after=2026-04-15 05:20:00+00:00
[2026-04-15T05:20:35.813+0000] {processor.py:183} INFO - Processing /home/airflow/.local/lib/python3.8/site-packages/airflow/example_dags/example_sla_dag.py took 0.062 seconds
[2026-04-15T05:21:05.852+0000] {processor.py:161} INFO - Started process (PID=3214) to work on /home/airflow/.local/lib/python3.8/site-packages/airflow/example_dags/example_sla_dag.py
[2026-04-15T05:21:05.853+0000] {processor.py:830} INFO - Processing file /home/airflow/.local/lib/python3.8/site-packages/airflow/example_dags/example_sla_dag.py for tasks to queue
[2026-04-15T05:21:05.853+0000] {logging_mixin.py:188} INFO - [2026-04-15T05:21:05.853+0000] {dagbag.py:538} INFO - Filling up the DagBag from /home/airflow/.local/lib/python3.8/site-packages/airflow/example_dags/example_sla_dag.py
[2026-04-15T05:21:05.860+0000] {processor.py:840} INFO - DAG(s) 'example_sla_dag' retrieved from /home/airflow/.local/lib/python3.8/site-packages/airflow/example_dags/example_sla_dag.py
[2026-04-15T05:21:05.877+0000] {logging_mixin.py:188} INFO - [2026-04-15T05:21:05.877+0000] {dag.py:3036} INFO - Sync 1 DAGs
[2026-04-15T05:21:05.901+0000] {logging_mixin.py:188} INFO - [2026-04-15T05:21:05.900+0000] {dag.py:3823} INFO - Setting next_dagrun for example_sla_dag to 2026-04-15 05:18:00+00:00, run_after=2026-04-15 05:20:00+00:00
[2026-04-15T05:21:05.916+0000] {processor.py:183} INFO - Processing /home/airflow/.local/lib/python3.8/site-packages/airflow/example_dags/example_sla_dag.py took 0.067 seconds
[2026-04-15T05:21:36.012+0000] {processor.py:161} INFO - Started process (PID=3269) to work on /home/airflow/.local/lib/python3.8/site-packages/airflow/example_dags/example_sla_dag.py
[2026-04-15T05:21:36.015+0000] {processor.py:830} INFO - Processing file /home/airflow/.local/lib/python3.8/site-packages/airflow/example_dags/example_sla_dag.py for tasks to queue
[2026-04-15T05:21:36.016+0000] {logging_mixin.py:188} INFO - [2026-04-15T05:21:36.016+0000] {dagbag.py:538} INFO - Filling up the DagBag from /home/airflow/.local/lib/python3.8/site-packages/airflow/example_dags/example_sla_dag.py
[2026-04-15T05:21:36.033+0000] {processor.py:840} INFO - DAG(s) 'example_sla_dag' retrieved from /home/airflow/.local/lib/python3.8/site-packages/airflow/example_dags/example_sla_dag.py
[2026-04-15T05:21:36.055+0000] {logging_mixin.py:188} INFO - [2026-04-15T05:21:36.054+0000] {dag.py:3036} INFO - Sync 1 DAGs
[2026-04-15T05:21:36.073+0000] {logging_mixin.py:188} INFO - [2026-04-15T05:21:36.072+0000] {dag.py:3823} INFO - Setting next_dagrun for example_sla_dag to 2026-04-15 05:18:00+00:00, run_after=2026-04-15 05:20:00+00:00
[2026-04-15T05:21:36.085+0000] {processor.py:183} INFO - Processing /home/airflow/.local/lib/python3.8/site-packages/airflow/example_dags/example_sla_dag.py took 0.077 seconds
[2026-04-15T05:22:07.016+0000] {processor.py:161} INFO - Started process (PID=3324) to work on /home/airflow/.local/lib/python3.8/site-packages/airflow/example_dags/example_sla_dag.py
[2026-04-15T05:22:07.025+0000] {processor.py:830} INFO - Processing file /home/airflow/.local/lib/python3.8/site-packages/airflow/example_dags/example_sla_dag.py for tasks to queue
[2026-04-15T05:22:07.025+0000] {logging_mixin.py:188} INFO - [2026-04-15T05:22:07.025+0000] {dagbag.py:538} INFO - Filling up the DagBag from /home/airflow/.local/lib/python3.8/site-packages/airflow/example_dags/example_sla_dag.py
[2026-04-15T05:22:07.031+0000] {processor.py:840} INFO - DAG(s) 'example_sla_dag' retrieved from /home/airflow/.local/lib/python3.8/site-packages/airflow/example_dags/example_sla_dag.py
[2026-04-15T05:22:07.045+0000] {logging_mixin.py:188} INFO - [2026-04-15T05:22:07.045+0000] {dag.py:3036} INFO - Sync 1 DAGs
[2026-04-15T05:22:07.062+0000] {logging_mixin.py:188} INFO - [2026-04-15T05:22:07.062+0000] {dag.py:3823} INFO - Setting next_dagrun for example_sla_dag to 2026-04-15 05:20:00+00:00, run_after=2026-04-15 05:22:00+00:00
[2026-04-15T05:22:07.074+0000] {processor.py:183} INFO - Processing /home/airflow/.local/lib/python3.8/site-packages/airflow/example_dags/example_sla_dag.py took 0.060 seconds
[2026-04-15T05:22:37.109+0000] {processor.py:161} INFO - Started process (PID=3379) to work on /home/airflow/.local/lib/python3.8/site-packages/airflow/example_dags/example_sla_dag.py
[2026-04-15T05:22:37.110+0000] {processor.py:830} INFO - Processing file /home/airflow/.local/lib/python3.8/site-packages/airflow/example_dags/example_sla_dag.py for tasks to queue
[2026-04-15T05:22:37.111+0000] {logging_mixin.py:188} INFO - [2026-04-15T05:22:37.111+0000] {dagbag.py:538} INFO - Filling up the DagBag from /home/airflow/.local/lib/python3.8/site-packages/airflow/example_dags/example_sla_dag.py
[2026-04-15T05:22:37.119+0000] {processor.py:840} INFO - DAG(s) 'example_sla_dag' retrieved from /home/airflow/.local/lib/python3.8/site-packages/airflow/example_dags/example_sla_dag.py
[2026-04-15T05:22:37.137+0000] {logging_mixin.py:188} INFO - [2026-04-15T05:22:37.137+0000] {dag.py:3036} INFO - Sync 1 DAGs
[2026-04-15T05:22:37.158+0000] {logging_mixin.py:188} INFO - [2026-04-15T05:22:37.158+0000] {dag.py:3823} INFO - Setting next_dagrun for example_sla_dag to 2026-04-15 05:20:00+00:00, run_after=2026-04-15 05:22:00+00:00
[2026-04-15T05:22:37.173+0000] {processor.py:183} INFO - Processing /home/airflow/.local/lib/python3.8/site-packages/airflow/example_dags/example_sla_dag.py took 0.067 seconds
[2026-04-15T05:23:07.202+0000] {processor.py:161} INFO - Started process (PID=3434) to work on /home/airflow/.local/lib/python3.8/site-packages/airflow/example_dags/example_sla_dag.py
[2026-04-15T05:23:07.203+0000] {processor.py:830} INFO - Processing file /home/airflow/.local/lib/python3.8/site-packages/airflow/example_dags/example_sla_dag.py for tasks to queue
[2026-04-15T05:23:07.203+0000] {logging_mixin.py:188} INFO - [2026-04-15T05:23:07.203+0000] {dagbag.py:538} INFO - Filling up the DagBag from /home/airflow/.local/lib/python3.8/site-packages/airflow/example_dags/example_sla_dag.py
[2026-04-15T05:23:07.209+0000] {processor.py:840} INFO - DAG(s) 'example_sla_dag' retrieved from /home/airflow/.local/lib/python3.8/site-packages/airflow/example_dags/example_sla_dag.py
[2026-04-15T05:23:07.223+0000] {logging_mixin.py:188} INFO - [2026-04-15T05:23:07.223+0000] {dag.py:3036} INFO - Sync 1 DAGs
[2026-04-15T05:23:07.240+0000] {logging_mixin.py:188} INFO - [2026-04-15T05:23:07.240+0000] {dag.py:3823} INFO - Setting next_dagrun for example_sla_dag to 2026-04-15 05:20:00+00:00, run_after=2026-04-15 05:22:00+00:00
[2026-04-15T05:23:07.251+0000] {processor.py:183} INFO - Processing /home/airflow/.local/lib/python3.8/site-packages/airflow/example_dags/example_sla_dag.py took 0.051 seconds
[2026-04-15T05:23:37.447+0000] {processor.py:161} INFO - Started process (PID=3489) to work on /home/airflow/.local/lib/python3.8/site-packages/airflow/example_dags/example_sla_dag.py
[2026-04-15T05:23:37.448+0000] {processor.py:830} INFO - Processing file /home/airflow/.local/lib/python3.8/site-packages/airflow/example_dags/example_sla_dag.py for tasks to queue
[2026-04-15T05:23:37.448+0000] {logging_mixin.py:188} INFO - [2026-04-15T05:23:37.448+0000] {dagbag.py:538} INFO - Filling up the DagBag from /home/airflow/.local/lib/python3.8/site-packages/airflow/example_dags/example_sla_dag.py
[2026-04-15T05:23:37.455+0000] {processor.py:840} INFO - DAG(s) 'example_sla_dag' retrieved from /home/airflow/.local/lib/python3.8/site-packages/airflow/example_dags/example_sla_dag.py
[2026-04-15T05:23:37.472+0000] {logging_mixin.py:188} INFO - [2026-04-15T05:23:37.472+0000] {dag.py:3036} INFO - Sync 1 DAGs
[2026-04-15T05:23:37.493+0000] {logging_mixin.py:188} INFO - [2026-04-15T05:23:37.493+0000] {dag.py:3823} INFO - Setting next_dagrun for example_sla_dag to 2026-04-15 05:20:00+00:00, run_after=2026-04-15 05:22:00+00:00
[2026-04-15T05:23:37.507+0000] {processor.py:183} INFO - Processing /home/airflow/.local/lib/python3.8/site-packages/airflow/example_dags/example_sla_dag.py took 0.063 seconds
[2026-04-15T05:24:07.637+0000] {processor.py:161} INFO - Started process (PID=3544) to work on /home/airflow/.local/lib/python3.8/site-packages/airflow/example_dags/example_sla_dag.py
[2026-04-15T05:24:07.638+0000] {processor.py:830} INFO - Processing file /home/airflow/.local/lib/python3.8/site-packages/airflow/example_dags/example_sla_dag.py for tasks to queue
[2026-04-15T05:24:07.639+0000] {logging_mixin.py:188} INFO - [2026-04-15T05:24:07.639+0000] {dagbag.py:538} INFO - Filling up the DagBag from /home/airflow/.local/lib/python3.8/site-packages/airflow/example_dags/example_sla_dag.py
[2026-04-15T05:24:07.645+0000] {processor.py:840} INFO - DAG(s) 'example_sla_dag' retrieved from /home/airflow/.local/lib/python3.8/site-packages/airflow/example_dags/example_sla_dag.py
[2026-04-15T05:24:07.661+0000] {logging_mixin.py:188} INFO - [2026-04-15T05:24:07.661+0000] {dag.py:3036} INFO - Sync 1 DAGs
[2026-04-15T05:24:07.678+0000] {logging_mixin.py:188} INFO - [2026-04-15T05:24:07.678+0000] {dag.py:3823} INFO - Setting next_dagrun for example_sla_dag to 2026-04-15 05:22:00+00:00, run_after=2026-04-15 05:24:00+00:00
[2026-04-15T05:24:07.690+0000] {processor.py:183} INFO - Processing /home/airflow/.local/lib/python3.8/site-packages/airflow/example_dags/example_sla_dag.py took 0.055 seconds
[2026-04-15T05:24:37.831+0000] {processor.py:161} INFO - Started process (PID=3599) to work on /home/airflow/.local/lib/python3.8/site-packages/airflow/example_dags/example_sla_dag.py
[2026-04-15T05:24:37.832+0000] {processor.py:830} INFO - Processing file /home/airflow/.local/lib/python3.8/site-packages/airflow/example_dags/example_sla_dag.py for tasks to queue
[2026-04-15T05:24:37.832+0000] {logging_mixin.py:188} INFO - [2026-04-15T05:24:37.832+0000] {dagbag.py:538} INFO - Filling up the DagBag from /home/airflow/.local/lib/python3.8/site-packages/airflow/example_dags/example_sla_dag.py
[2026-04-15T05:24:37.838+0000] {processor.py:840} INFO - DAG(s) 'example_sla_dag' retrieved from /home/airflow/.local/lib/python3.8/site-packages/airflow/example_dags/example_sla_dag.py
[2026-04-15T05:24:37.853+0000] {logging_mixin.py:188} INFO - [2026-04-15T05:24:37.853+0000] {dag.py:3036} INFO - Sync 1 DAGs
[2026-04-15T05:24:37.871+0000] {logging_mixin.py:188} INFO - [2026-04-15T05:24:37.871+0000] {dag.py:3823} INFO - Setting next_dagrun for example_sla_dag to 2026-04-15 05:22:00+00:00, run_after=2026-04-15 05:24:00+00:00
[2026-04-15T05:24:37.882+0000] {processor.py:183} INFO - Processing /home/airflow/.local/lib/python3.8/site-packages/airflow/example_dags/example_sla_dag.py took 0.054 seconds
[2026-04-15T05:25:08.728+0000] {processor.py:161} INFO - Started process (PID=3654) to work on /home/airflow/.local/lib/python3.8/site-packages/airflow/example_dags/example_sla_dag.py
[2026-04-15T05:25:08.730+0000] {processor.py:830} INFO - Processing file /home/airflow/.local/lib/python3.8/site-packages/airflow/example_dags/example_sla_dag.py for tasks to queue
[2026-04-15T05:25:08.731+0000] {logging_mixin.py:188} INFO - [2026-04-15T05:25:08.730+0000] {dagbag.py:538} INFO - Filling up the DagBag from /home/airflow/.local/lib/python3.8/site-packages/airflow/example_dags/example_sla_dag.py
[2026-04-15T05:25:08.745+0000] {processor.py:840} INFO - DAG(s) 'example_sla_dag' retrieved from /home/airflow/.local/lib/python3.8/site-packages/airflow/example_dags/example_sla_dag.py
[2026-04-15T05:25:08.774+0000] {logging_mixin.py:188} INFO - [2026-04-15T05:25:08.774+0000] {dag.py:3036} INFO - Sync 1 DAGs
[2026-04-15T05:25:08.812+0000] {logging_mixin.py:188} INFO - [2026-04-15T05:25:08.812+0000] {dag.py:3823} INFO - Setting next_dagrun for example_sla_dag to 2026-04-15 05:22:00+00:00, run_after=2026-04-15 05:24:00+00:00
[2026-04-15T05:25:08.837+0000] {processor.py:183} INFO - Processing /home/airflow/.local/lib/python3.8/site-packages/airflow/example_dags/example_sla_dag.py took 0.114 seconds
[2026-04-15T05:25:39.597+0000] {processor.py:161} INFO - Started process (PID=3709) to work on /home/airflow/.local/lib/python3.8/site-packages/airflow/example_dags/example_sla_dag.py
[2026-04-15T05:25:39.598+0000] {processor.py:830} INFO - Processing file /home/airflow/.local/lib/python3.8/site-packages/airflow/example_dags/example_sla_dag.py for tasks to queue
[2026-04-15T05:25:39.598+0000] {logging_mixin.py:188} INFO - [2026-04-15T05:25:39.598+0000] {dagbag.py:538} INFO - Filling up the DagBag from /home/airflow/.local/lib/python3.8/site-packages/airflow/example_dags/example_sla_dag.py
[2026-04-15T05:25:39.604+0000] {processor.py:840} INFO - DAG(s) 'example_sla_dag' retrieved from /home/airflow/.local/lib/python3.8/site-packages/airflow/example_dags/example_sla_dag.py
[2026-04-15T05:25:39.619+0000] {logging_mixin.py:188} INFO - [2026-04-15T05:25:39.619+0000] {dag.py:3036} INFO - Sync 1 DAGs
[2026-04-15T05:25:39.636+0000] {logging_mixin.py:188} INFO - [2026-04-15T05:25:39.636+0000] {dag.py:3823} INFO - Setting next_dagrun for example_sla_dag to 2026-04-15 05:22:00+00:00, run_after=2026-04-15 05:24:00+00:00
[2026-04-15T05:25:39.648+0000] {processor.py:183} INFO - Processing /home/airflow/.local/lib/python3.8/site-packages/airflow/example_dags/example_sla_dag.py took 0.053 seconds
[2026-04-15T05:26:10.587+0000] {processor.py:161} INFO - Started process (PID=3764) to work on /home/airflow/.local/lib/python3.8/site-packages/airflow/example_dags/example_sla_dag.py
[2026-04-15T05:26:10.588+0000] {processor.py:830} INFO - Processing file /home/airflow/.local/lib/python3.8/site-packages/airflow/example_dags/example_sla_dag.py for tasks to queue
[2026-04-15T05:26:10.588+0000] {logging_mixin.py:188} INFO - [2026-04-15T05:26:10.588+0000] {dagbag.py:538} INFO - Filling up the DagBag from /home/airflow/.local/lib/python3.8/site-packages/airflow/example_dags/example_sla_dag.py
[2026-04-15T05:26:10.595+0000] {processor.py:840} INFO - DAG(s) 'example_sla_dag' retrieved from /home/airflow/.local/lib/python3.8/site-packages/airflow/example_dags/example_sla_dag.py
[2026-04-15T05:26:10.609+0000] {logging_mixin.py:188} INFO - [2026-04-15T05:26:10.609+0000] {dag.py:3036} INFO - Sync 1 DAGs
[2026-04-15T05:26:10.627+0000] {logging_mixin.py:188} INFO - [2026-04-15T05:26:10.627+0000] {dag.py:3823} INFO - Setting next_dagrun for example_sla_dag to 2026-04-15 05:24:00+00:00, run_after=2026-04-15 05:26:00+00:00
[2026-04-15T05:26:10.638+0000] {processor.py:183} INFO - Processing /home/airflow/.local/lib/python3.8/site-packages/airflow/example_dags/example_sla_dag.py took 0.054 seconds
[2026-04-15T05:26:41.510+0000] {processor.py:161} INFO - Started process (PID=3819) to work on /home/airflow/.local/lib/python3.8/site-packages/airflow/example_dags/example_sla_dag.py
[2026-04-15T05:26:41.511+0000] {processor.py:830} INFO - Processing file /home/airflow/.local/lib/python3.8/site-packages/airflow/example_dags/example_sla_dag.py for tasks to queue
[2026-04-15T05:26:41.512+0000] {logging_mixin.py:188} INFO - [2026-04-15T05:26:41.512+0000] {dagbag.py:538} INFO - Filling up the DagBag from /home/airflow/.local/lib/python3.8/site-packages/airflow/example_dags/example_sla_dag.py
[2026-04-15T05:26:41.525+0000] {processor.py:840} INFO - DAG(s) 'example_sla_dag' retrieved from /home/airflow/.local/lib/python3.8/site-packages/airflow/example_dags/example_sla_dag.py
[2026-04-15T05:26:41.553+0000] {logging_mixin.py:188} INFO - [2026-04-15T05:26:41.553+0000] {dag.py:3036} INFO - Sync 1 DAGs
[2026-04-15T05:26:41.587+0000] {logging_mixin.py:188} INFO - [2026-04-15T05:26:41.587+0000] {dag.py:3823} INFO - Setting next_dagrun for example_sla_dag to 2026-04-15 05:24:00+00:00, run_after=2026-04-15 05:26:00+00:00
[2026-04-15T05:26:41.609+0000] {processor.py:183} INFO - Processing /home/airflow/.local/lib/python3.8/site-packages/airflow/example_dags/example_sla_dag.py took 0.103 seconds
[2026-04-15T05:27:11.776+0000] {processor.py:161} INFO - Started process (PID=3874) to work on /home/airflow/.local/lib/python3.8/site-packages/airflow/example_dags/example_sla_dag.py
[2026-04-15T05:27:11.777+0000] {processor.py:830} INFO - Processing file /home/airflow/.local/lib/python3.8/site-packages/airflow/example_dags/example_sla_dag.py for tasks to queue
[2026-04-15T05:27:11.777+0000] {logging_mixin.py:188} INFO - [2026-04-15T05:27:11.777+0000] {dagbag.py:538} INFO - Filling up the DagBag from /home/airflow/.local/lib/python3.8/site-packages/airflow/example_dags/example_sla_dag.py
[2026-04-15T05:27:11.785+0000] {processor.py:840} INFO - DAG(s) 'example_sla_dag' retrieved from /home/airflow/.local/lib/python3.8/site-packages/airflow/example_dags/example_sla_dag.py
[2026-04-15T05:27:11.804+0000] {logging_mixin.py:188} INFO - [2026-04-15T05:27:11.803+0000] {dag.py:3036} INFO - Sync 1 DAGs
[2026-04-15T05:27:11.826+0000] {logging_mixin.py:188} INFO - [2026-04-15T05:27:11.826+0000] {dag.py:3823} INFO - Setting next_dagrun for example_sla_dag to 2026-04-15 05:24:00+00:00, run_after=2026-04-15 05:26:00+00:00
[2026-04-15T05:27:11.840+0000] {processor.py:183} INFO - Processing /home/airflow/.local/lib/python3.8/site-packages/airflow/example_dags/example_sla_dag.py took 0.067 seconds
[2026-04-15T05:27:42.235+0000] {processor.py:161} INFO - Started process (PID=3929) to work on /home/airflow/.local/lib/python3.8/site-packages/airflow/example_dags/example_sla_dag.py
[2026-04-15T05:27:42.236+0000] {processor.py:830} INFO - Processing file /home/airflow/.local/lib/python3.8/site-packages/airflow/example_dags/example_sla_dag.py for tasks to queue
[2026-04-15T05:27:42.237+0000] {logging_mixin.py:188} INFO - [2026-04-15T05:27:42.236+0000] {dagbag.py:538} INFO - Filling up the DagBag from /home/airflow/.local/lib/python3.8/site-packages/airflow/example_dags/example_sla_dag.py
[2026-04-15T05:27:42.243+0000] {processor.py:840} INFO - DAG(s) 'example_sla_dag' retrieved from /home/airflow/.local/lib/python3.8/site-packages/airflow/example_dags/example_sla_dag.py
[2026-04-15T05:27:42.260+0000] {logging_mixin.py:188} INFO - [2026-04-15T05:27:42.260+0000] {dag.py:3036} INFO - Sync 1 DAGs
[2026-04-15T05:27:42.279+0000] {logging_mixin.py:188} INFO - [2026-04-15T05:27:42.279+0000] {dag.py:3823} INFO - Setting next_dagrun for example_sla_dag to 2026-04-15 05:24:00+00:00, run_after=2026-04-15 05:26:00+00:00
[2026-04-15T05:27:42.291+0000] {processor.py:183} INFO - Processing /home/airflow/.local/lib/python3.8/site-packages/airflow/example_dags/example_sla_dag.py took 0.059 seconds
[2026-04-15T05:28:12.585+0000] {processor.py:161} INFO - Started process (PID=3985) to work on /home/airflow/.local/lib/python3.8/site-packages/airflow/example_dags/example_sla_dag.py
[2026-04-15T05:28:12.586+0000] {processor.py:830} INFO - Processing file /home/airflow/.local/lib/python3.8/site-packages/airflow/example_dags/example_sla_dag.py for tasks to queue
[2026-04-15T05:28:12.586+0000] {logging_mixin.py:188} INFO - [2026-04-15T05:28:12.586+0000] {dagbag.py:538} INFO - Filling up the DagBag from /home/airflow/.local/lib/python3.8/site-packages/airflow/example_dags/example_sla_dag.py
[2026-04-15T05:28:12.594+0000] {processor.py:840} INFO - DAG(s) 'example_sla_dag' retrieved from /home/airflow/.local/lib/python3.8/site-packages/airflow/example_dags/example_sla_dag.py
[2026-04-15T05:28:12.613+0000] {logging_mixin.py:188} INFO - [2026-04-15T05:28:12.613+0000] {dag.py:3036} INFO - Sync 1 DAGs
[2026-04-15T05:28:12.635+0000] {logging_mixin.py:188} INFO - [2026-04-15T05:28:12.635+0000] {dag.py:3823} INFO - Setting next_dagrun for example_sla_dag to 2026-04-15 05:26:00+00:00, run_after=2026-04-15 05:28:00+00:00
[2026-04-15T05:28:12.649+0000] {processor.py:183} INFO - Processing /home/airflow/.local/lib/python3.8/site-packages/airflow/example_dags/example_sla_dag.py took 0.068 seconds
[2026-04-15T05:28:42.780+0000] {processor.py:161} INFO - Started process (PID=4041) to work on /home/airflow/.local/lib/python3.8/site-packages/airflow/example_dags/example_sla_dag.py
[2026-04-15T05:28:42.781+0000] {processor.py:830} INFO - Processing file /home/airflow/.local/lib/python3.8/site-packages/airflow/example_dags/example_sla_dag.py for tasks to queue
[2026-04-15T05:28:42.781+0000] {logging_mixin.py:188} INFO - [2026-04-15T05:28:42.781+0000] {dagbag.py:538} INFO - Filling up the DagBag from /home/airflow/.local/lib/python3.8/site-packages/airflow/example_dags/example_sla_dag.py
[2026-04-15T05:28:42.787+0000] {processor.py:840} INFO - DAG(s) 'example_sla_dag' retrieved from /home/airflow/.local/lib/python3.8/site-packages/airflow/example_dags/example_sla_dag.py
[2026-04-15T05:28:42.802+0000] {logging_mixin.py:188} INFO - [2026-04-15T05:28:42.802+0000] {dag.py:3036} INFO - Sync 1 DAGs
[2026-04-15T05:28:42.820+0000] {logging_mixin.py:188} INFO - [2026-04-15T05:28:42.819+0000] {dag.py:3823} INFO - Setting next_dagrun for example_sla_dag to 2026-04-15 05:26:00+00:00, run_after=2026-04-15 05:28:00+00:00
[2026-04-15T05:28:42.832+0000] {processor.py:183} INFO - Processing /home/airflow/.local/lib/python3.8/site-packages/airflow/example_dags/example_sla_dag.py took 0.056 seconds
[2026-04-15T05:29:12.996+0000] {processor.py:161} INFO - Started process (PID=4097) to work on /home/airflow/.local/lib/python3.8/site-packages/airflow/example_dags/example_sla_dag.py
[2026-04-15T05:29:12.997+0000] {processor.py:830} INFO - Processing file /home/airflow/.local/lib/python3.8/site-packages/airflow/example_dags/example_sla_dag.py for tasks to queue
[2026-04-15T05:29:12.998+0000] {logging_mixin.py:188} INFO - [2026-04-15T05:29:12.997+0000] {dagbag.py:538} INFO - Filling up the DagBag from /home/airflow/.local/lib/python3.8/site-packages/airflow/example_dags/example_sla_dag.py
[2026-04-15T05:29:13.004+0000] {processor.py:840} INFO - DAG(s) 'example_sla_dag' retrieved from /home/airflow/.local/lib/python3.8/site-packages/airflow/example_dags/example_sla_dag.py
[2026-04-15T05:29:13.022+0000] {logging_mixin.py:188} INFO - [2026-04-15T05:29:13.022+0000] {dag.py:3036} INFO - Sync 1 DAGs
[2026-04-15T05:29:13.040+0000] {logging_mixin.py:188} INFO - [2026-04-15T05:29:13.040+0000] {dag.py:3823} INFO - Setting next_dagrun for example_sla_dag to 2026-04-15 05:26:00+00:00, run_after=2026-04-15 05:28:00+00:00
[2026-04-15T05:29:13.052+0000] {processor.py:183} INFO - Processing /home/airflow/.local/lib/python3.8/site-packages/airflow/example_dags/example_sla_dag.py took 0.058 seconds
[2026-04-15T05:29:43.720+0000] {processor.py:161} INFO - Started process (PID=4152) to work on /home/airflow/.local/lib/python3.8/site-packages/airflow/example_dags/example_sla_dag.py
[2026-04-15T05:29:43.721+0000] {processor.py:830} INFO - Processing file /home/airflow/.local/lib/python3.8/site-packages/airflow/example_dags/example_sla_dag.py for tasks to queue
[2026-04-15T05:29:43.721+0000] {logging_mixin.py:188} INFO - [2026-04-15T05:29:43.721+0000] {dagbag.py:538} INFO - Filling up the DagBag from /home/airflow/.local/lib/python3.8/site-packages/airflow/example_dags/example_sla_dag.py
[2026-04-15T05:29:43.728+0000] {processor.py:840} INFO - DAG(s) 'example_sla_dag' retrieved from /home/airflow/.local/lib/python3.8/site-packages/airflow/example_dags/example_sla_dag.py
[2026-04-15T05:29:43.746+0000] {logging_mixin.py:188} INFO - [2026-04-15T05:29:43.746+0000] {dag.py:3036} INFO - Sync 1 DAGs
[2026-04-15T05:29:43.768+0000] {logging_mixin.py:188} INFO - [2026-04-15T05:29:43.768+0000] {dag.py:3823} INFO - Setting next_dagrun for example_sla_dag to 2026-04-15 05:26:00+00:00, run_after=2026-04-15 05:28:00+00:00
[2026-04-15T05:29:43.782+0000] {processor.py:183} INFO - Processing /home/airflow/.local/lib/python3.8/site-packages/airflow/example_dags/example_sla_dag.py took 0.065 seconds
[2026-04-15T05:30:14.164+0000] {processor.py:161} INFO - Started process (PID=4207) to work on /home/airflow/.local/lib/python3.8/site-packages/airflow/example_dags/example_sla_dag.py
[2026-04-15T05:30:14.165+0000] {processor.py:830} INFO - Processing file /home/airflow/.local/lib/python3.8/site-packages/airflow/example_dags/example_sla_dag.py for tasks to queue
[2026-04-15T05:30:14.165+0000] {logging_mixin.py:188} INFO - [2026-04-15T05:30:14.165+0000] {dagbag.py:538} INFO - Filling up the DagBag from /home/airflow/.local/lib/python3.8/site-packages/airflow/example_dags/example_sla_dag.py
[2026-04-15T05:30:14.172+0000] {processor.py:840} INFO - DAG(s) 'example_sla_dag' retrieved from /home/airflow/.local/lib/python3.8/site-packages/airflow/example_dags/example_sla_dag.py
[2026-04-15T05:30:14.188+0000] {logging_mixin.py:188} INFO - [2026-04-15T05:30:14.187+0000] {dag.py:3036} INFO - Sync 1 DAGs
[2026-04-15T05:30:14.207+0000] {logging_mixin.py:188} INFO - [2026-04-15T05:30:14.207+0000] {dag.py:3823} INFO - Setting next_dagrun for example_sla_dag to 2026-04-15 05:28:00+00:00, run_after=2026-04-15 05:30:00+00:00
[2026-04-15T05:30:14.219+0000] {processor.py:183} INFO - Processing /home/airflow/.local/lib/python3.8/site-packages/airflow/example_dags/example_sla_dag.py took 0.058 seconds
[2026-04-15T05:30:44.306+0000] {processor.py:161} INFO - Started process (PID=4262) to work on /home/airflow/.local/lib/python3.8/site-packages/airflow/example_dags/example_sla_dag.py
[2026-04-15T05:30:44.307+0000] {processor.py:830} INFO - Processing file /home/airflow/.local/lib/python3.8/site-packages/airflow/example_dags/example_sla_dag.py for tasks to queue
[2026-04-15T05:30:44.307+0000] {logging_mixin.py:188} INFO - [2026-04-15T05:30:44.307+0000] {dagbag.py:538} INFO - Filling up the DagBag from /home/airflow/.local/lib/python3.8/site-packages/airflow/example_dags/example_sla_dag.py
[2026-04-15T05:30:44.314+0000] {processor.py:840} INFO - DAG(s) 'example_sla_dag' retrieved from /home/airflow/.local/lib/python3.8/site-packages/airflow/example_dags/example_sla_dag.py
[2026-04-15T05:30:44.330+0000] {logging_mixin.py:188} INFO - [2026-04-15T05:30:44.329+0000] {dag.py:3036} INFO - Sync 1 DAGs
[2026-04-15T05:30:44.348+0000] {logging_mixin.py:188} INFO - [2026-04-15T05:30:44.348+0000] {dag.py:3823} INFO - Setting next_dagrun for example_sla_dag to 2026-04-15 05:28:00+00:00, run_after=2026-04-15 05:30:00+00:00
[2026-04-15T05:30:44.361+0000] {processor.py:183} INFO - Processing /home/airflow/.local/lib/python3.8/site-packages/airflow/example_dags/example_sla_dag.py took 0.058 seconds
