[2026-04-15T04:52:40.892+0000] {processor.py:161} INFO - Started process (PID=56) to work on /home/airflow/.local/lib/python3.8/site-packages/airflow/example_dags/example_complex.py
[2026-04-15T04:52:40.892+0000] {processor.py:830} INFO - Processing file /home/airflow/.local/lib/python3.8/site-packages/airflow/example_dags/example_complex.py for tasks to queue
[2026-04-15T04:52:40.894+0000] {logging_mixin.py:188} INFO - [2026-04-15T04:52:40.893+0000] {dagbag.py:538} INFO - Filling up the DagBag from /home/airflow/.local/lib/python3.8/site-packages/airflow/example_dags/example_complex.py
[2026-04-15T04:52:40.908+0000] {processor.py:840} INFO - DAG(s) 'example_complex' retrieved from /home/airflow/.local/lib/python3.8/site-packages/airflow/example_dags/example_complex.py
[2026-04-15T04:52:40.936+0000] {logging_mixin.py:188} INFO - [2026-04-15T04:52:40.936+0000] {dag.py:3036} INFO - Sync 1 DAGs
[2026-04-15T04:52:40.946+0000] {logging_mixin.py:188} INFO - [2026-04-15T04:52:40.945+0000] {dag.py:3823} INFO - Setting next_dagrun for example_complex to None, run_after=None
[2026-04-15T04:52:40.961+0000] {processor.py:183} INFO - Processing /home/airflow/.local/lib/python3.8/site-packages/airflow/example_dags/example_complex.py took 0.072 seconds
[2026-04-15T04:53:11.301+0000] {processor.py:161} INFO - Started process (PID=112) to work on /home/airflow/.local/lib/python3.8/site-packages/airflow/example_dags/example_complex.py
[2026-04-15T04:53:11.302+0000] {processor.py:830} INFO - Processing file /home/airflow/.local/lib/python3.8/site-packages/airflow/example_dags/example_complex.py for tasks to queue
[2026-04-15T04:53:11.303+0000] {logging_mixin.py:188} INFO - [2026-04-15T04:53:11.303+0000] {dagbag.py:538} INFO - Filling up the DagBag from /home/airflow/.local/lib/python3.8/site-packages/airflow/example_dags/example_complex.py
[2026-04-15T04:53:11.310+0000] {processor.py:840} INFO - DAG(s) 'example_complex' retrieved from /home/airflow/.local/lib/python3.8/site-packages/airflow/example_dags/example_complex.py
[2026-04-15T04:53:11.333+0000] {logging_mixin.py:188} INFO - [2026-04-15T04:53:11.333+0000] {dag.py:3036} INFO - Sync 1 DAGs
[2026-04-15T04:53:11.343+0000] {logging_mixin.py:188} INFO - [2026-04-15T04:53:11.342+0000] {dag.py:3823} INFO - Setting next_dagrun for example_complex to None, run_after=None
[2026-04-15T04:53:11.356+0000] {processor.py:183} INFO - Processing /home/airflow/.local/lib/python3.8/site-packages/airflow/example_dags/example_complex.py took 0.058 seconds
[2026-04-15T04:53:41.639+0000] {processor.py:161} INFO - Started process (PID=168) to work on /home/airflow/.local/lib/python3.8/site-packages/airflow/example_dags/example_complex.py
[2026-04-15T04:53:41.640+0000] {processor.py:830} INFO - Processing file /home/airflow/.local/lib/python3.8/site-packages/airflow/example_dags/example_complex.py for tasks to queue
[2026-04-15T04:53:41.641+0000] {logging_mixin.py:188} INFO - [2026-04-15T04:53:41.641+0000] {dagbag.py:538} INFO - Filling up the DagBag from /home/airflow/.local/lib/python3.8/site-packages/airflow/example_dags/example_complex.py
[2026-04-15T04:53:41.650+0000] {processor.py:840} INFO - DAG(s) 'example_complex' retrieved from /home/airflow/.local/lib/python3.8/site-packages/airflow/example_dags/example_complex.py
[2026-04-15T04:53:41.671+0000] {logging_mixin.py:188} INFO - [2026-04-15T04:53:41.671+0000] {dag.py:3036} INFO - Sync 1 DAGs
[2026-04-15T04:53:41.680+0000] {logging_mixin.py:188} INFO - [2026-04-15T04:53:41.679+0000] {dag.py:3823} INFO - Setting next_dagrun for example_complex to None, run_after=None
[2026-04-15T04:53:41.691+0000] {processor.py:183} INFO - Processing /home/airflow/.local/lib/python3.8/site-packages/airflow/example_dags/example_complex.py took 0.055 seconds
[2026-04-15T04:54:12.081+0000] {processor.py:161} INFO - Started process (PID=224) to work on /home/airflow/.local/lib/python3.8/site-packages/airflow/example_dags/example_complex.py
[2026-04-15T04:54:12.082+0000] {processor.py:830} INFO - Processing file /home/airflow/.local/lib/python3.8/site-packages/airflow/example_dags/example_complex.py for tasks to queue
[2026-04-15T04:54:12.085+0000] {logging_mixin.py:188} INFO - [2026-04-15T04:54:12.084+0000] {dagbag.py:538} INFO - Filling up the DagBag from /home/airflow/.local/lib/python3.8/site-packages/airflow/example_dags/example_complex.py
[2026-04-15T04:54:12.100+0000] {processor.py:840} INFO - DAG(s) 'example_complex' retrieved from /home/airflow/.local/lib/python3.8/site-packages/airflow/example_dags/example_complex.py
[2026-04-15T04:54:12.144+0000] {logging_mixin.py:188} INFO - [2026-04-15T04:54:12.143+0000] {dag.py:3036} INFO - Sync 1 DAGs
[2026-04-15T04:54:12.163+0000] {logging_mixin.py:188} INFO - [2026-04-15T04:54:12.163+0000] {dag.py:3823} INFO - Setting next_dagrun for example_complex to None, run_after=None
[2026-04-15T04:54:12.191+0000] {processor.py:183} INFO - Processing /home/airflow/.local/lib/python3.8/site-packages/airflow/example_dags/example_complex.py took 0.115 seconds
[2026-04-15T04:54:42.731+0000] {processor.py:161} INFO - Started process (PID=286) to work on /home/airflow/.local/lib/python3.8/site-packages/airflow/example_dags/example_complex.py
[2026-04-15T04:54:42.732+0000] {processor.py:830} INFO - Processing file /home/airflow/.local/lib/python3.8/site-packages/airflow/example_dags/example_complex.py for tasks to queue
[2026-04-15T04:54:42.733+0000] {logging_mixin.py:188} INFO - [2026-04-15T04:54:42.733+0000] {dagbag.py:538} INFO - Filling up the DagBag from /home/airflow/.local/lib/python3.8/site-packages/airflow/example_dags/example_complex.py
[2026-04-15T04:54:42.741+0000] {processor.py:840} INFO - DAG(s) 'example_complex' retrieved from /home/airflow/.local/lib/python3.8/site-packages/airflow/example_dags/example_complex.py
[2026-04-15T04:54:42.763+0000] {logging_mixin.py:188} INFO - [2026-04-15T04:54:42.763+0000] {dag.py:3036} INFO - Sync 1 DAGs
[2026-04-15T04:54:42.773+0000] {logging_mixin.py:188} INFO - [2026-04-15T04:54:42.772+0000] {dag.py:3823} INFO - Setting next_dagrun for example_complex to None, run_after=None
[2026-04-15T04:54:42.786+0000] {processor.py:183} INFO - Processing /home/airflow/.local/lib/python3.8/site-packages/airflow/example_dags/example_complex.py took 0.057 seconds
[2026-04-15T04:55:12.848+0000] {processor.py:161} INFO - Started process (PID=342) to work on /home/airflow/.local/lib/python3.8/site-packages/airflow/example_dags/example_complex.py
[2026-04-15T04:55:12.849+0000] {processor.py:830} INFO - Processing file /home/airflow/.local/lib/python3.8/site-packages/airflow/example_dags/example_complex.py for tasks to queue
[2026-04-15T04:55:12.850+0000] {logging_mixin.py:188} INFO - [2026-04-15T04:55:12.850+0000] {dagbag.py:538} INFO - Filling up the DagBag from /home/airflow/.local/lib/python3.8/site-packages/airflow/example_dags/example_complex.py
[2026-04-15T04:55:12.858+0000] {processor.py:840} INFO - DAG(s) 'example_complex' retrieved from /home/airflow/.local/lib/python3.8/site-packages/airflow/example_dags/example_complex.py
[2026-04-15T04:55:12.879+0000] {logging_mixin.py:188} INFO - [2026-04-15T04:55:12.879+0000] {dag.py:3036} INFO - Sync 1 DAGs
[2026-04-15T04:55:12.888+0000] {logging_mixin.py:188} INFO - [2026-04-15T04:55:12.888+0000] {dag.py:3823} INFO - Setting next_dagrun for example_complex to None, run_after=None
[2026-04-15T04:55:12.900+0000] {processor.py:183} INFO - Processing /home/airflow/.local/lib/python3.8/site-packages/airflow/example_dags/example_complex.py took 0.054 seconds
[2026-04-15T04:55:43.035+0000] {processor.py:161} INFO - Started process (PID=398) to work on /home/airflow/.local/lib/python3.8/site-packages/airflow/example_dags/example_complex.py
[2026-04-15T04:55:43.036+0000] {processor.py:830} INFO - Processing file /home/airflow/.local/lib/python3.8/site-packages/airflow/example_dags/example_complex.py for tasks to queue
[2026-04-15T04:55:43.038+0000] {logging_mixin.py:188} INFO - [2026-04-15T04:55:43.037+0000] {dagbag.py:538} INFO - Filling up the DagBag from /home/airflow/.local/lib/python3.8/site-packages/airflow/example_dags/example_complex.py
[2026-04-15T04:55:43.046+0000] {processor.py:840} INFO - DAG(s) 'example_complex' retrieved from /home/airflow/.local/lib/python3.8/site-packages/airflow/example_dags/example_complex.py
[2026-04-15T04:55:43.070+0000] {logging_mixin.py:188} INFO - [2026-04-15T04:55:43.070+0000] {dag.py:3036} INFO - Sync 1 DAGs
[2026-04-15T04:55:43.080+0000] {logging_mixin.py:188} INFO - [2026-04-15T04:55:43.080+0000] {dag.py:3823} INFO - Setting next_dagrun for example_complex to None, run_after=None
[2026-04-15T04:55:43.097+0000] {processor.py:183} INFO - Processing /home/airflow/.local/lib/python3.8/site-packages/airflow/example_dags/example_complex.py took 0.065 seconds
[2026-04-15T04:56:13.172+0000] {processor.py:161} INFO - Started process (PID=454) to work on /home/airflow/.local/lib/python3.8/site-packages/airflow/example_dags/example_complex.py
[2026-04-15T04:56:13.173+0000] {processor.py:830} INFO - Processing file /home/airflow/.local/lib/python3.8/site-packages/airflow/example_dags/example_complex.py for tasks to queue
[2026-04-15T04:56:13.175+0000] {logging_mixin.py:188} INFO - [2026-04-15T04:56:13.175+0000] {dagbag.py:538} INFO - Filling up the DagBag from /home/airflow/.local/lib/python3.8/site-packages/airflow/example_dags/example_complex.py
[2026-04-15T04:56:13.183+0000] {processor.py:840} INFO - DAG(s) 'example_complex' retrieved from /home/airflow/.local/lib/python3.8/site-packages/airflow/example_dags/example_complex.py
[2026-04-15T04:56:13.207+0000] {logging_mixin.py:188} INFO - [2026-04-15T04:56:13.207+0000] {dag.py:3036} INFO - Sync 1 DAGs
[2026-04-15T04:56:13.217+0000] {logging_mixin.py:188} INFO - [2026-04-15T04:56:13.217+0000] {dag.py:3823} INFO - Setting next_dagrun for example_complex to None, run_after=None
[2026-04-15T04:56:13.230+0000] {processor.py:183} INFO - Processing /home/airflow/.local/lib/python3.8/site-packages/airflow/example_dags/example_complex.py took 0.061 seconds
[2026-04-15T04:56:43.401+0000] {processor.py:161} INFO - Started process (PID=510) to work on /home/airflow/.local/lib/python3.8/site-packages/airflow/example_dags/example_complex.py
[2026-04-15T04:56:43.401+0000] {processor.py:830} INFO - Processing file /home/airflow/.local/lib/python3.8/site-packages/airflow/example_dags/example_complex.py for tasks to queue
[2026-04-15T04:56:43.402+0000] {logging_mixin.py:188} INFO - [2026-04-15T04:56:43.402+0000] {dagbag.py:538} INFO - Filling up the DagBag from /home/airflow/.local/lib/python3.8/site-packages/airflow/example_dags/example_complex.py
[2026-04-15T04:56:43.410+0000] {processor.py:840} INFO - DAG(s) 'example_complex' retrieved from /home/airflow/.local/lib/python3.8/site-packages/airflow/example_dags/example_complex.py
[2026-04-15T04:56:43.434+0000] {logging_mixin.py:188} INFO - [2026-04-15T04:56:43.433+0000] {dag.py:3036} INFO - Sync 1 DAGs
[2026-04-15T04:56:43.443+0000] {logging_mixin.py:188} INFO - [2026-04-15T04:56:43.442+0000] {dag.py:3823} INFO - Setting next_dagrun for example_complex to None, run_after=None
[2026-04-15T04:56:43.455+0000] {processor.py:183} INFO - Processing /home/airflow/.local/lib/python3.8/site-packages/airflow/example_dags/example_complex.py took 0.057 seconds
[2026-04-15T04:57:13.510+0000] {processor.py:161} INFO - Started process (PID=566) to work on /home/airflow/.local/lib/python3.8/site-packages/airflow/example_dags/example_complex.py
[2026-04-15T04:57:13.511+0000] {processor.py:830} INFO - Processing file /home/airflow/.local/lib/python3.8/site-packages/airflow/example_dags/example_complex.py for tasks to queue
[2026-04-15T04:57:13.512+0000] {logging_mixin.py:188} INFO - [2026-04-15T04:57:13.512+0000] {dagbag.py:538} INFO - Filling up the DagBag from /home/airflow/.local/lib/python3.8/site-packages/airflow/example_dags/example_complex.py
[2026-04-15T04:57:13.520+0000] {processor.py:840} INFO - DAG(s) 'example_complex' retrieved from /home/airflow/.local/lib/python3.8/site-packages/airflow/example_dags/example_complex.py
[2026-04-15T04:57:13.542+0000] {logging_mixin.py:188} INFO - [2026-04-15T04:57:13.542+0000] {dag.py:3036} INFO - Sync 1 DAGs
[2026-04-15T04:57:13.551+0000] {logging_mixin.py:188} INFO - [2026-04-15T04:57:13.551+0000] {dag.py:3823} INFO - Setting next_dagrun for example_complex to None, run_after=None
[2026-04-15T04:57:13.563+0000] {processor.py:183} INFO - Processing /home/airflow/.local/lib/python3.8/site-packages/airflow/example_dags/example_complex.py took 0.056 seconds
[2026-04-15T04:57:43.739+0000] {processor.py:161} INFO - Started process (PID=622) to work on /home/airflow/.local/lib/python3.8/site-packages/airflow/example_dags/example_complex.py
[2026-04-15T04:57:43.740+0000] {processor.py:830} INFO - Processing file /home/airflow/.local/lib/python3.8/site-packages/airflow/example_dags/example_complex.py for tasks to queue
[2026-04-15T04:57:43.741+0000] {logging_mixin.py:188} INFO - [2026-04-15T04:57:43.741+0000] {dagbag.py:538} INFO - Filling up the DagBag from /home/airflow/.local/lib/python3.8/site-packages/airflow/example_dags/example_complex.py
[2026-04-15T04:57:43.748+0000] {processor.py:840} INFO - DAG(s) 'example_complex' retrieved from /home/airflow/.local/lib/python3.8/site-packages/airflow/example_dags/example_complex.py
[2026-04-15T04:57:43.771+0000] {logging_mixin.py:188} INFO - [2026-04-15T04:57:43.771+0000] {dag.py:3036} INFO - Sync 1 DAGs
[2026-04-15T04:57:43.780+0000] {logging_mixin.py:188} INFO - [2026-04-15T04:57:43.780+0000] {dag.py:3823} INFO - Setting next_dagrun for example_complex to None, run_after=None
[2026-04-15T04:57:43.793+0000] {processor.py:183} INFO - Processing /home/airflow/.local/lib/python3.8/site-packages/airflow/example_dags/example_complex.py took 0.056 seconds
[2026-04-15T04:58:13.918+0000] {processor.py:161} INFO - Started process (PID=678) to work on /home/airflow/.local/lib/python3.8/site-packages/airflow/example_dags/example_complex.py
[2026-04-15T04:58:13.919+0000] {processor.py:830} INFO - Processing file /home/airflow/.local/lib/python3.8/site-packages/airflow/example_dags/example_complex.py for tasks to queue
[2026-04-15T04:58:13.920+0000] {logging_mixin.py:188} INFO - [2026-04-15T04:58:13.920+0000] {dagbag.py:538} INFO - Filling up the DagBag from /home/airflow/.local/lib/python3.8/site-packages/airflow/example_dags/example_complex.py
[2026-04-15T04:58:13.927+0000] {processor.py:840} INFO - DAG(s) 'example_complex' retrieved from /home/airflow/.local/lib/python3.8/site-packages/airflow/example_dags/example_complex.py
[2026-04-15T04:58:13.948+0000] {logging_mixin.py:188} INFO - [2026-04-15T04:58:13.948+0000] {dag.py:3036} INFO - Sync 1 DAGs
[2026-04-15T04:58:13.957+0000] {logging_mixin.py:188} INFO - [2026-04-15T04:58:13.956+0000] {dag.py:3823} INFO - Setting next_dagrun for example_complex to None, run_after=None
[2026-04-15T04:58:13.968+0000] {processor.py:183} INFO - Processing /home/airflow/.local/lib/python3.8/site-packages/airflow/example_dags/example_complex.py took 0.052 seconds
[2026-04-15T04:58:44.102+0000] {processor.py:161} INFO - Started process (PID=734) to work on /home/airflow/.local/lib/python3.8/site-packages/airflow/example_dags/example_complex.py
[2026-04-15T04:58:44.102+0000] {processor.py:830} INFO - Processing file /home/airflow/.local/lib/python3.8/site-packages/airflow/example_dags/example_complex.py for tasks to queue
[2026-04-15T04:58:44.104+0000] {logging_mixin.py:188} INFO - [2026-04-15T04:58:44.104+0000] {dagbag.py:538} INFO - Filling up the DagBag from /home/airflow/.local/lib/python3.8/site-packages/airflow/example_dags/example_complex.py
[2026-04-15T04:58:44.112+0000] {processor.py:840} INFO - DAG(s) 'example_complex' retrieved from /home/airflow/.local/lib/python3.8/site-packages/airflow/example_dags/example_complex.py
[2026-04-15T04:58:44.137+0000] {logging_mixin.py:188} INFO - [2026-04-15T04:58:44.137+0000] {dag.py:3036} INFO - Sync 1 DAGs
[2026-04-15T04:58:44.146+0000] {logging_mixin.py:188} INFO - [2026-04-15T04:58:44.146+0000] {dag.py:3823} INFO - Setting next_dagrun for example_complex to None, run_after=None
[2026-04-15T04:58:44.161+0000] {processor.py:183} INFO - Processing /home/airflow/.local/lib/python3.8/site-packages/airflow/example_dags/example_complex.py took 0.062 seconds
[2026-04-15T04:59:14.194+0000] {processor.py:161} INFO - Started process (PID=790) to work on /home/airflow/.local/lib/python3.8/site-packages/airflow/example_dags/example_complex.py
[2026-04-15T04:59:14.195+0000] {processor.py:830} INFO - Processing file /home/airflow/.local/lib/python3.8/site-packages/airflow/example_dags/example_complex.py for tasks to queue
[2026-04-15T04:59:14.196+0000] {logging_mixin.py:188} INFO - [2026-04-15T04:59:14.196+0000] {dagbag.py:538} INFO - Filling up the DagBag from /home/airflow/.local/lib/python3.8/site-packages/airflow/example_dags/example_complex.py
[2026-04-15T04:59:14.203+0000] {processor.py:840} INFO - DAG(s) 'example_complex' retrieved from /home/airflow/.local/lib/python3.8/site-packages/airflow/example_dags/example_complex.py
[2026-04-15T04:59:14.225+0000] {logging_mixin.py:188} INFO - [2026-04-15T04:59:14.225+0000] {dag.py:3036} INFO - Sync 1 DAGs
[2026-04-15T04:59:14.233+0000] {logging_mixin.py:188} INFO - [2026-04-15T04:59:14.233+0000] {dag.py:3823} INFO - Setting next_dagrun for example_complex to None, run_after=None
[2026-04-15T04:59:14.245+0000] {processor.py:183} INFO - Processing /home/airflow/.local/lib/python3.8/site-packages/airflow/example_dags/example_complex.py took 0.053 seconds
[2026-04-15T04:59:44.890+0000] {processor.py:161} INFO - Started process (PID=846) to work on /home/airflow/.local/lib/python3.8/site-packages/airflow/example_dags/example_complex.py
[2026-04-15T04:59:44.891+0000] {processor.py:830} INFO - Processing file /home/airflow/.local/lib/python3.8/site-packages/airflow/example_dags/example_complex.py for tasks to queue
[2026-04-15T04:59:44.892+0000] {logging_mixin.py:188} INFO - [2026-04-15T04:59:44.892+0000] {dagbag.py:538} INFO - Filling up the DagBag from /home/airflow/.local/lib/python3.8/site-packages/airflow/example_dags/example_complex.py
[2026-04-15T04:59:44.900+0000] {processor.py:840} INFO - DAG(s) 'example_complex' retrieved from /home/airflow/.local/lib/python3.8/site-packages/airflow/example_dags/example_complex.py
[2026-04-15T04:59:44.924+0000] {logging_mixin.py:188} INFO - [2026-04-15T04:59:44.924+0000] {dag.py:3036} INFO - Sync 1 DAGs
[2026-04-15T04:59:44.934+0000] {logging_mixin.py:188} INFO - [2026-04-15T04:59:44.934+0000] {dag.py:3823} INFO - Setting next_dagrun for example_complex to None, run_after=None
[2026-04-15T04:59:44.948+0000] {processor.py:183} INFO - Processing /home/airflow/.local/lib/python3.8/site-packages/airflow/example_dags/example_complex.py took 0.061 seconds
[2026-04-15T05:00:15.169+0000] {processor.py:161} INFO - Started process (PID=902) to work on /home/airflow/.local/lib/python3.8/site-packages/airflow/example_dags/example_complex.py
[2026-04-15T05:00:15.170+0000] {processor.py:830} INFO - Processing file /home/airflow/.local/lib/python3.8/site-packages/airflow/example_dags/example_complex.py for tasks to queue
[2026-04-15T05:00:15.172+0000] {logging_mixin.py:188} INFO - [2026-04-15T05:00:15.171+0000] {dagbag.py:538} INFO - Filling up the DagBag from /home/airflow/.local/lib/python3.8/site-packages/airflow/example_dags/example_complex.py
[2026-04-15T05:00:15.180+0000] {processor.py:840} INFO - DAG(s) 'example_complex' retrieved from /home/airflow/.local/lib/python3.8/site-packages/airflow/example_dags/example_complex.py
[2026-04-15T05:00:15.202+0000] {logging_mixin.py:188} INFO - [2026-04-15T05:00:15.202+0000] {dag.py:3036} INFO - Sync 1 DAGs
[2026-04-15T05:00:15.211+0000] {logging_mixin.py:188} INFO - [2026-04-15T05:00:15.211+0000] {dag.py:3823} INFO - Setting next_dagrun for example_complex to None, run_after=None
[2026-04-15T05:00:15.224+0000] {processor.py:183} INFO - Processing /home/airflow/.local/lib/python3.8/site-packages/airflow/example_dags/example_complex.py took 0.057 seconds
[2026-04-15T05:00:45.794+0000] {processor.py:161} INFO - Started process (PID=958) to work on /home/airflow/.local/lib/python3.8/site-packages/airflow/example_dags/example_complex.py
[2026-04-15T05:00:45.795+0000] {processor.py:830} INFO - Processing file /home/airflow/.local/lib/python3.8/site-packages/airflow/example_dags/example_complex.py for tasks to queue
[2026-04-15T05:00:45.796+0000] {logging_mixin.py:188} INFO - [2026-04-15T05:00:45.796+0000] {dagbag.py:538} INFO - Filling up the DagBag from /home/airflow/.local/lib/python3.8/site-packages/airflow/example_dags/example_complex.py
[2026-04-15T05:00:45.803+0000] {processor.py:840} INFO - DAG(s) 'example_complex' retrieved from /home/airflow/.local/lib/python3.8/site-packages/airflow/example_dags/example_complex.py
[2026-04-15T05:00:45.825+0000] {logging_mixin.py:188} INFO - [2026-04-15T05:00:45.825+0000] {dag.py:3036} INFO - Sync 1 DAGs
[2026-04-15T05:00:45.834+0000] {logging_mixin.py:188} INFO - [2026-04-15T05:00:45.834+0000] {dag.py:3823} INFO - Setting next_dagrun for example_complex to None, run_after=None
[2026-04-15T05:00:45.846+0000] {processor.py:183} INFO - Processing /home/airflow/.local/lib/python3.8/site-packages/airflow/example_dags/example_complex.py took 0.055 seconds
[2026-04-15T05:01:15.967+0000] {processor.py:161} INFO - Started process (PID=1014) to work on /home/airflow/.local/lib/python3.8/site-packages/airflow/example_dags/example_complex.py
[2026-04-15T05:01:15.968+0000] {processor.py:830} INFO - Processing file /home/airflow/.local/lib/python3.8/site-packages/airflow/example_dags/example_complex.py for tasks to queue
[2026-04-15T05:01:15.970+0000] {logging_mixin.py:188} INFO - [2026-04-15T05:01:15.970+0000] {dagbag.py:538} INFO - Filling up the DagBag from /home/airflow/.local/lib/python3.8/site-packages/airflow/example_dags/example_complex.py
[2026-04-15T05:01:15.978+0000] {processor.py:840} INFO - DAG(s) 'example_complex' retrieved from /home/airflow/.local/lib/python3.8/site-packages/airflow/example_dags/example_complex.py
[2026-04-15T05:01:16.003+0000] {logging_mixin.py:188} INFO - [2026-04-15T05:01:16.003+0000] {dag.py:3036} INFO - Sync 1 DAGs
[2026-04-15T05:01:16.014+0000] {logging_mixin.py:188} INFO - [2026-04-15T05:01:16.013+0000] {dag.py:3823} INFO - Setting next_dagrun for example_complex to None, run_after=None
[2026-04-15T05:01:16.029+0000] {processor.py:183} INFO - Processing /home/airflow/.local/lib/python3.8/site-packages/airflow/example_dags/example_complex.py took 0.065 seconds
[2026-04-15T05:01:46.226+0000] {processor.py:161} INFO - Started process (PID=1070) to work on /home/airflow/.local/lib/python3.8/site-packages/airflow/example_dags/example_complex.py
[2026-04-15T05:01:46.228+0000] {processor.py:830} INFO - Processing file /home/airflow/.local/lib/python3.8/site-packages/airflow/example_dags/example_complex.py for tasks to queue
[2026-04-15T05:01:46.231+0000] {logging_mixin.py:188} INFO - [2026-04-15T05:01:46.230+0000] {dagbag.py:538} INFO - Filling up the DagBag from /home/airflow/.local/lib/python3.8/site-packages/airflow/example_dags/example_complex.py
[2026-04-15T05:01:46.248+0000] {processor.py:840} INFO - DAG(s) 'example_complex' retrieved from /home/airflow/.local/lib/python3.8/site-packages/airflow/example_dags/example_complex.py
[2026-04-15T05:01:46.301+0000] {logging_mixin.py:188} INFO - [2026-04-15T05:01:46.301+0000] {dag.py:3036} INFO - Sync 1 DAGs
[2026-04-15T05:01:46.321+0000] {logging_mixin.py:188} INFO - [2026-04-15T05:01:46.320+0000] {dag.py:3823} INFO - Setting next_dagrun for example_complex to None, run_after=None
[2026-04-15T05:01:46.356+0000] {processor.py:183} INFO - Processing /home/airflow/.local/lib/python3.8/site-packages/airflow/example_dags/example_complex.py took 0.136 seconds
[2026-04-15T05:02:16.539+0000] {processor.py:161} INFO - Started process (PID=1126) to work on /home/airflow/.local/lib/python3.8/site-packages/airflow/example_dags/example_complex.py
[2026-04-15T05:02:16.540+0000] {processor.py:830} INFO - Processing file /home/airflow/.local/lib/python3.8/site-packages/airflow/example_dags/example_complex.py for tasks to queue
[2026-04-15T05:02:16.543+0000] {logging_mixin.py:188} INFO - [2026-04-15T05:02:16.543+0000] {dagbag.py:538} INFO - Filling up the DagBag from /home/airflow/.local/lib/python3.8/site-packages/airflow/example_dags/example_complex.py
[2026-04-15T05:02:16.560+0000] {processor.py:840} INFO - DAG(s) 'example_complex' retrieved from /home/airflow/.local/lib/python3.8/site-packages/airflow/example_dags/example_complex.py
[2026-04-15T05:02:16.607+0000] {logging_mixin.py:188} INFO - [2026-04-15T05:02:16.607+0000] {dag.py:3036} INFO - Sync 1 DAGs
[2026-04-15T05:02:16.627+0000] {logging_mixin.py:188} INFO - [2026-04-15T05:02:16.626+0000] {dag.py:3823} INFO - Setting next_dagrun for example_complex to None, run_after=None
[2026-04-15T05:02:16.654+0000] {processor.py:183} INFO - Processing /home/airflow/.local/lib/python3.8/site-packages/airflow/example_dags/example_complex.py took 0.121 seconds
[2026-04-15T05:02:46.837+0000] {processor.py:161} INFO - Started process (PID=1182) to work on /home/airflow/.local/lib/python3.8/site-packages/airflow/example_dags/example_complex.py
[2026-04-15T05:02:46.838+0000] {processor.py:830} INFO - Processing file /home/airflow/.local/lib/python3.8/site-packages/airflow/example_dags/example_complex.py for tasks to queue
[2026-04-15T05:02:46.839+0000] {logging_mixin.py:188} INFO - [2026-04-15T05:02:46.839+0000] {dagbag.py:538} INFO - Filling up the DagBag from /home/airflow/.local/lib/python3.8/site-packages/airflow/example_dags/example_complex.py
[2026-04-15T05:02:46.848+0000] {processor.py:840} INFO - DAG(s) 'example_complex' retrieved from /home/airflow/.local/lib/python3.8/site-packages/airflow/example_dags/example_complex.py
[2026-04-15T05:02:46.875+0000] {logging_mixin.py:188} INFO - [2026-04-15T05:02:46.875+0000] {dag.py:3036} INFO - Sync 1 DAGs
[2026-04-15T05:02:46.886+0000] {logging_mixin.py:188} INFO - [2026-04-15T05:02:46.886+0000] {dag.py:3823} INFO - Setting next_dagrun for example_complex to None, run_after=None
[2026-04-15T05:02:46.901+0000] {processor.py:183} INFO - Processing /home/airflow/.local/lib/python3.8/site-packages/airflow/example_dags/example_complex.py took 0.067 seconds
[2026-04-15T05:03:17.069+0000] {processor.py:161} INFO - Started process (PID=1238) to work on /home/airflow/.local/lib/python3.8/site-packages/airflow/example_dags/example_complex.py
[2026-04-15T05:03:17.069+0000] {processor.py:830} INFO - Processing file /home/airflow/.local/lib/python3.8/site-packages/airflow/example_dags/example_complex.py for tasks to queue
[2026-04-15T05:03:17.070+0000] {logging_mixin.py:188} INFO - [2026-04-15T05:03:17.070+0000] {dagbag.py:538} INFO - Filling up the DagBag from /home/airflow/.local/lib/python3.8/site-packages/airflow/example_dags/example_complex.py
[2026-04-15T05:03:17.078+0000] {processor.py:840} INFO - DAG(s) 'example_complex' retrieved from /home/airflow/.local/lib/python3.8/site-packages/airflow/example_dags/example_complex.py
[2026-04-15T05:03:17.099+0000] {logging_mixin.py:188} INFO - [2026-04-15T05:03:17.099+0000] {dag.py:3036} INFO - Sync 1 DAGs
[2026-04-15T05:03:17.108+0000] {logging_mixin.py:188} INFO - [2026-04-15T05:03:17.107+0000] {dag.py:3823} INFO - Setting next_dagrun for example_complex to None, run_after=None
[2026-04-15T05:03:17.121+0000] {processor.py:183} INFO - Processing /home/airflow/.local/lib/python3.8/site-packages/airflow/example_dags/example_complex.py took 0.055 seconds
[2026-04-15T05:03:47.395+0000] {processor.py:161} INFO - Started process (PID=1294) to work on /home/airflow/.local/lib/python3.8/site-packages/airflow/example_dags/example_complex.py
[2026-04-15T05:03:47.396+0000] {processor.py:830} INFO - Processing file /home/airflow/.local/lib/python3.8/site-packages/airflow/example_dags/example_complex.py for tasks to queue
[2026-04-15T05:03:47.398+0000] {logging_mixin.py:188} INFO - [2026-04-15T05:03:47.397+0000] {dagbag.py:538} INFO - Filling up the DagBag from /home/airflow/.local/lib/python3.8/site-packages/airflow/example_dags/example_complex.py
[2026-04-15T05:03:47.406+0000] {processor.py:840} INFO - DAG(s) 'example_complex' retrieved from /home/airflow/.local/lib/python3.8/site-packages/airflow/example_dags/example_complex.py
[2026-04-15T05:03:47.432+0000] {logging_mixin.py:188} INFO - [2026-04-15T05:03:47.432+0000] {dag.py:3036} INFO - Sync 1 DAGs
[2026-04-15T05:03:47.443+0000] {logging_mixin.py:188} INFO - [2026-04-15T05:03:47.443+0000] {dag.py:3823} INFO - Setting next_dagrun for example_complex to None, run_after=None
[2026-04-15T05:03:47.458+0000] {processor.py:183} INFO - Processing /home/airflow/.local/lib/python3.8/site-packages/airflow/example_dags/example_complex.py took 0.065 seconds
[2026-04-15T05:04:17.966+0000] {processor.py:161} INFO - Started process (PID=1350) to work on /home/airflow/.local/lib/python3.8/site-packages/airflow/example_dags/example_complex.py
[2026-04-15T05:04:17.967+0000] {processor.py:830} INFO - Processing file /home/airflow/.local/lib/python3.8/site-packages/airflow/example_dags/example_complex.py for tasks to queue
[2026-04-15T05:04:17.969+0000] {logging_mixin.py:188} INFO - [2026-04-15T05:04:17.969+0000] {dagbag.py:538} INFO - Filling up the DagBag from /home/airflow/.local/lib/python3.8/site-packages/airflow/example_dags/example_complex.py
[2026-04-15T05:04:17.983+0000] {processor.py:840} INFO - DAG(s) 'example_complex' retrieved from /home/airflow/.local/lib/python3.8/site-packages/airflow/example_dags/example_complex.py
[2026-04-15T05:04:18.024+0000] {logging_mixin.py:188} INFO - [2026-04-15T05:04:18.024+0000] {dag.py:3036} INFO - Sync 1 DAGs
[2026-04-15T05:04:18.041+0000] {logging_mixin.py:188} INFO - [2026-04-15T05:04:18.041+0000] {dag.py:3823} INFO - Setting next_dagrun for example_complex to None, run_after=None
[2026-04-15T05:04:18.064+0000] {processor.py:183} INFO - Processing /home/airflow/.local/lib/python3.8/site-packages/airflow/example_dags/example_complex.py took 0.103 seconds
[2026-04-15T05:04:48.698+0000] {processor.py:161} INFO - Started process (PID=1406) to work on /home/airflow/.local/lib/python3.8/site-packages/airflow/example_dags/example_complex.py
[2026-04-15T05:04:48.699+0000] {processor.py:830} INFO - Processing file /home/airflow/.local/lib/python3.8/site-packages/airflow/example_dags/example_complex.py for tasks to queue
[2026-04-15T05:04:48.701+0000] {logging_mixin.py:188} INFO - [2026-04-15T05:04:48.701+0000] {dagbag.py:538} INFO - Filling up the DagBag from /home/airflow/.local/lib/python3.8/site-packages/airflow/example_dags/example_complex.py
[2026-04-15T05:04:48.712+0000] {processor.py:840} INFO - DAG(s) 'example_complex' retrieved from /home/airflow/.local/lib/python3.8/site-packages/airflow/example_dags/example_complex.py
[2026-04-15T05:04:48.743+0000] {logging_mixin.py:188} INFO - [2026-04-15T05:04:48.742+0000] {dag.py:3036} INFO - Sync 1 DAGs
[2026-04-15T05:04:48.755+0000] {logging_mixin.py:188} INFO - [2026-04-15T05:04:48.755+0000] {dag.py:3823} INFO - Setting next_dagrun for example_complex to None, run_after=None
[2026-04-15T05:04:48.772+0000] {processor.py:183} INFO - Processing /home/airflow/.local/lib/python3.8/site-packages/airflow/example_dags/example_complex.py took 0.077 seconds
[2026-04-15T05:05:19.390+0000] {processor.py:161} INFO - Started process (PID=1462) to work on /home/airflow/.local/lib/python3.8/site-packages/airflow/example_dags/example_complex.py
[2026-04-15T05:05:19.391+0000] {processor.py:830} INFO - Processing file /home/airflow/.local/lib/python3.8/site-packages/airflow/example_dags/example_complex.py for tasks to queue
[2026-04-15T05:05:19.392+0000] {logging_mixin.py:188} INFO - [2026-04-15T05:05:19.392+0000] {dagbag.py:538} INFO - Filling up the DagBag from /home/airflow/.local/lib/python3.8/site-packages/airflow/example_dags/example_complex.py
[2026-04-15T05:05:19.400+0000] {processor.py:840} INFO - DAG(s) 'example_complex' retrieved from /home/airflow/.local/lib/python3.8/site-packages/airflow/example_dags/example_complex.py
[2026-04-15T05:05:19.421+0000] {logging_mixin.py:188} INFO - [2026-04-15T05:05:19.421+0000] {dag.py:3036} INFO - Sync 1 DAGs
[2026-04-15T05:05:19.429+0000] {logging_mixin.py:188} INFO - [2026-04-15T05:05:19.429+0000] {dag.py:3823} INFO - Setting next_dagrun for example_complex to None, run_after=None
[2026-04-15T05:05:19.444+0000] {processor.py:183} INFO - Processing /home/airflow/.local/lib/python3.8/site-packages/airflow/example_dags/example_complex.py took 0.056 seconds
[2026-04-15T05:05:49.814+0000] {processor.py:161} INFO - Started process (PID=1518) to work on /home/airflow/.local/lib/python3.8/site-packages/airflow/example_dags/example_complex.py
[2026-04-15T05:05:49.815+0000] {processor.py:830} INFO - Processing file /home/airflow/.local/lib/python3.8/site-packages/airflow/example_dags/example_complex.py for tasks to queue
[2026-04-15T05:05:49.816+0000] {logging_mixin.py:188} INFO - [2026-04-15T05:05:49.816+0000] {dagbag.py:538} INFO - Filling up the DagBag from /home/airflow/.local/lib/python3.8/site-packages/airflow/example_dags/example_complex.py
[2026-04-15T05:05:49.824+0000] {processor.py:840} INFO - DAG(s) 'example_complex' retrieved from /home/airflow/.local/lib/python3.8/site-packages/airflow/example_dags/example_complex.py
[2026-04-15T05:05:49.845+0000] {logging_mixin.py:188} INFO - [2026-04-15T05:05:49.845+0000] {dag.py:3036} INFO - Sync 1 DAGs
[2026-04-15T05:05:49.854+0000] {logging_mixin.py:188} INFO - [2026-04-15T05:05:49.854+0000] {dag.py:3823} INFO - Setting next_dagrun for example_complex to None, run_after=None
[2026-04-15T05:05:49.867+0000] {processor.py:183} INFO - Processing /home/airflow/.local/lib/python3.8/site-packages/airflow/example_dags/example_complex.py took 0.056 seconds
[2026-04-15T05:06:19.894+0000] {processor.py:161} INFO - Started process (PID=1574) to work on /home/airflow/.local/lib/python3.8/site-packages/airflow/example_dags/example_complex.py
[2026-04-15T05:06:19.895+0000] {processor.py:830} INFO - Processing file /home/airflow/.local/lib/python3.8/site-packages/airflow/example_dags/example_complex.py for tasks to queue
[2026-04-15T05:06:19.897+0000] {logging_mixin.py:188} INFO - [2026-04-15T05:06:19.896+0000] {dagbag.py:538} INFO - Filling up the DagBag from /home/airflow/.local/lib/python3.8/site-packages/airflow/example_dags/example_complex.py
[2026-04-15T05:06:19.905+0000] {processor.py:840} INFO - DAG(s) 'example_complex' retrieved from /home/airflow/.local/lib/python3.8/site-packages/airflow/example_dags/example_complex.py
[2026-04-15T05:06:19.927+0000] {logging_mixin.py:188} INFO - [2026-04-15T05:06:19.927+0000] {dag.py:3036} INFO - Sync 1 DAGs
[2026-04-15T05:06:19.936+0000] {logging_mixin.py:188} INFO - [2026-04-15T05:06:19.935+0000] {dag.py:3823} INFO - Setting next_dagrun for example_complex to None, run_after=None
[2026-04-15T05:06:19.952+0000] {processor.py:183} INFO - Processing /home/airflow/.local/lib/python3.8/site-packages/airflow/example_dags/example_complex.py took 0.059 seconds
[2026-04-15T05:06:50.036+0000] {processor.py:161} INFO - Started process (PID=1630) to work on /home/airflow/.local/lib/python3.8/site-packages/airflow/example_dags/example_complex.py
[2026-04-15T05:06:50.037+0000] {processor.py:830} INFO - Processing file /home/airflow/.local/lib/python3.8/site-packages/airflow/example_dags/example_complex.py for tasks to queue
[2026-04-15T05:06:50.038+0000] {logging_mixin.py:188} INFO - [2026-04-15T05:06:50.038+0000] {dagbag.py:538} INFO - Filling up the DagBag from /home/airflow/.local/lib/python3.8/site-packages/airflow/example_dags/example_complex.py
[2026-04-15T05:06:50.046+0000] {processor.py:840} INFO - DAG(s) 'example_complex' retrieved from /home/airflow/.local/lib/python3.8/site-packages/airflow/example_dags/example_complex.py
[2026-04-15T05:06:50.068+0000] {logging_mixin.py:188} INFO - [2026-04-15T05:06:50.067+0000] {dag.py:3036} INFO - Sync 1 DAGs
[2026-04-15T05:06:50.076+0000] {logging_mixin.py:188} INFO - [2026-04-15T05:06:50.076+0000] {dag.py:3823} INFO - Setting next_dagrun for example_complex to None, run_after=None
[2026-04-15T05:06:50.090+0000] {processor.py:183} INFO - Processing /home/airflow/.local/lib/python3.8/site-packages/airflow/example_dags/example_complex.py took 0.056 seconds
[2026-04-15T05:07:20.548+0000] {processor.py:161} INFO - Started process (PID=1686) to work on /home/airflow/.local/lib/python3.8/site-packages/airflow/example_dags/example_complex.py
[2026-04-15T05:07:20.549+0000] {processor.py:830} INFO - Processing file /home/airflow/.local/lib/python3.8/site-packages/airflow/example_dags/example_complex.py for tasks to queue
[2026-04-15T05:07:20.552+0000] {logging_mixin.py:188} INFO - [2026-04-15T05:07:20.551+0000] {dagbag.py:538} INFO - Filling up the DagBag from /home/airflow/.local/lib/python3.8/site-packages/airflow/example_dags/example_complex.py
[2026-04-15T05:07:20.566+0000] {processor.py:840} INFO - DAG(s) 'example_complex' retrieved from /home/airflow/.local/lib/python3.8/site-packages/airflow/example_dags/example_complex.py
[2026-04-15T05:07:20.610+0000] {logging_mixin.py:188} INFO - [2026-04-15T05:07:20.610+0000] {dag.py:3036} INFO - Sync 1 DAGs
[2026-04-15T05:07:20.627+0000] {logging_mixin.py:188} INFO - [2026-04-15T05:07:20.627+0000] {dag.py:3823} INFO - Setting next_dagrun for example_complex to None, run_after=None
[2026-04-15T05:07:20.650+0000] {processor.py:183} INFO - Processing /home/airflow/.local/lib/python3.8/site-packages/airflow/example_dags/example_complex.py took 0.106 seconds
[2026-04-15T05:07:50.776+0000] {processor.py:161} INFO - Started process (PID=1742) to work on /home/airflow/.local/lib/python3.8/site-packages/airflow/example_dags/example_complex.py
[2026-04-15T05:07:50.777+0000] {processor.py:830} INFO - Processing file /home/airflow/.local/lib/python3.8/site-packages/airflow/example_dags/example_complex.py for tasks to queue
[2026-04-15T05:07:50.779+0000] {logging_mixin.py:188} INFO - [2026-04-15T05:07:50.778+0000] {dagbag.py:538} INFO - Filling up the DagBag from /home/airflow/.local/lib/python3.8/site-packages/airflow/example_dags/example_complex.py
[2026-04-15T05:07:50.786+0000] {processor.py:840} INFO - DAG(s) 'example_complex' retrieved from /home/airflow/.local/lib/python3.8/site-packages/airflow/example_dags/example_complex.py
[2026-04-15T05:07:50.808+0000] {logging_mixin.py:188} INFO - [2026-04-15T05:07:50.808+0000] {dag.py:3036} INFO - Sync 1 DAGs
[2026-04-15T05:07:50.816+0000] {logging_mixin.py:188} INFO - [2026-04-15T05:07:50.816+0000] {dag.py:3823} INFO - Setting next_dagrun for example_complex to None, run_after=None
[2026-04-15T05:07:50.829+0000] {processor.py:183} INFO - Processing /home/airflow/.local/lib/python3.8/site-packages/airflow/example_dags/example_complex.py took 0.055 seconds
[2026-04-15T05:08:21.532+0000] {processor.py:161} INFO - Started process (PID=1798) to work on /home/airflow/.local/lib/python3.8/site-packages/airflow/example_dags/example_complex.py
[2026-04-15T05:08:21.533+0000] {processor.py:830} INFO - Processing file /home/airflow/.local/lib/python3.8/site-packages/airflow/example_dags/example_complex.py for tasks to queue
[2026-04-15T05:08:21.536+0000] {logging_mixin.py:188} INFO - [2026-04-15T05:08:21.536+0000] {dagbag.py:538} INFO - Filling up the DagBag from /home/airflow/.local/lib/python3.8/site-packages/airflow/example_dags/example_complex.py
[2026-04-15T05:08:21.554+0000] {processor.py:840} INFO - DAG(s) 'example_complex' retrieved from /home/airflow/.local/lib/python3.8/site-packages/airflow/example_dags/example_complex.py
[2026-04-15T05:08:21.606+0000] {logging_mixin.py:188} INFO - [2026-04-15T05:08:21.606+0000] {dag.py:3036} INFO - Sync 1 DAGs
[2026-04-15T05:08:21.628+0000] {logging_mixin.py:188} INFO - [2026-04-15T05:08:21.627+0000] {dag.py:3823} INFO - Setting next_dagrun for example_complex to None, run_after=None
[2026-04-15T05:08:21.658+0000] {processor.py:183} INFO - Processing /home/airflow/.local/lib/python3.8/site-packages/airflow/example_dags/example_complex.py took 0.131 seconds
[2026-04-15T05:08:52.318+0000] {processor.py:161} INFO - Started process (PID=1854) to work on /home/airflow/.local/lib/python3.8/site-packages/airflow/example_dags/example_complex.py
[2026-04-15T05:08:52.319+0000] {processor.py:830} INFO - Processing file /home/airflow/.local/lib/python3.8/site-packages/airflow/example_dags/example_complex.py for tasks to queue
[2026-04-15T05:08:52.322+0000] {logging_mixin.py:188} INFO - [2026-04-15T05:08:52.321+0000] {dagbag.py:538} INFO - Filling up the DagBag from /home/airflow/.local/lib/python3.8/site-packages/airflow/example_dags/example_complex.py
[2026-04-15T05:08:52.337+0000] {processor.py:840} INFO - DAG(s) 'example_complex' retrieved from /home/airflow/.local/lib/python3.8/site-packages/airflow/example_dags/example_complex.py
[2026-04-15T05:08:52.371+0000] {logging_mixin.py:188} INFO - [2026-04-15T05:08:52.371+0000] {dag.py:3036} INFO - Sync 1 DAGs
[2026-04-15T05:08:52.387+0000] {logging_mixin.py:188} INFO - [2026-04-15T05:08:52.386+0000] {dag.py:3823} INFO - Setting next_dagrun for example_complex to None, run_after=None
[2026-04-15T05:08:52.409+0000] {processor.py:183} INFO - Processing /home/airflow/.local/lib/python3.8/site-packages/airflow/example_dags/example_complex.py took 0.095 seconds
[2026-04-15T05:09:22.503+0000] {processor.py:161} INFO - Started process (PID=1910) to work on /home/airflow/.local/lib/python3.8/site-packages/airflow/example_dags/example_complex.py
[2026-04-15T05:09:22.504+0000] {processor.py:830} INFO - Processing file /home/airflow/.local/lib/python3.8/site-packages/airflow/example_dags/example_complex.py for tasks to queue
[2026-04-15T05:09:22.505+0000] {logging_mixin.py:188} INFO - [2026-04-15T05:09:22.505+0000] {dagbag.py:538} INFO - Filling up the DagBag from /home/airflow/.local/lib/python3.8/site-packages/airflow/example_dags/example_complex.py
[2026-04-15T05:09:22.512+0000] {processor.py:840} INFO - DAG(s) 'example_complex' retrieved from /home/airflow/.local/lib/python3.8/site-packages/airflow/example_dags/example_complex.py
[2026-04-15T05:09:22.535+0000] {logging_mixin.py:188} INFO - [2026-04-15T05:09:22.535+0000] {dag.py:3036} INFO - Sync 1 DAGs
[2026-04-15T05:09:22.544+0000] {logging_mixin.py:188} INFO - [2026-04-15T05:09:22.544+0000] {dag.py:3823} INFO - Setting next_dagrun for example_complex to None, run_after=None
[2026-04-15T05:09:22.557+0000] {processor.py:183} INFO - Processing /home/airflow/.local/lib/python3.8/site-packages/airflow/example_dags/example_complex.py took 0.057 seconds
[2026-04-15T05:09:52.661+0000] {processor.py:161} INFO - Started process (PID=1966) to work on /home/airflow/.local/lib/python3.8/site-packages/airflow/example_dags/example_complex.py
[2026-04-15T05:09:52.662+0000] {processor.py:830} INFO - Processing file /home/airflow/.local/lib/python3.8/site-packages/airflow/example_dags/example_complex.py for tasks to queue
[2026-04-15T05:09:52.663+0000] {logging_mixin.py:188} INFO - [2026-04-15T05:09:52.663+0000] {dagbag.py:538} INFO - Filling up the DagBag from /home/airflow/.local/lib/python3.8/site-packages/airflow/example_dags/example_complex.py
[2026-04-15T05:09:52.670+0000] {processor.py:840} INFO - DAG(s) 'example_complex' retrieved from /home/airflow/.local/lib/python3.8/site-packages/airflow/example_dags/example_complex.py
[2026-04-15T05:09:52.692+0000] {logging_mixin.py:188} INFO - [2026-04-15T05:09:52.692+0000] {dag.py:3036} INFO - Sync 1 DAGs
[2026-04-15T05:09:52.700+0000] {logging_mixin.py:188} INFO - [2026-04-15T05:09:52.700+0000] {dag.py:3823} INFO - Setting next_dagrun for example_complex to None, run_after=None
[2026-04-15T05:09:52.712+0000] {processor.py:183} INFO - Processing /home/airflow/.local/lib/python3.8/site-packages/airflow/example_dags/example_complex.py took 0.054 seconds
[2026-04-15T05:10:22.980+0000] {processor.py:161} INFO - Started process (PID=2022) to work on /home/airflow/.local/lib/python3.8/site-packages/airflow/example_dags/example_complex.py
[2026-04-15T05:10:22.981+0000] {processor.py:830} INFO - Processing file /home/airflow/.local/lib/python3.8/site-packages/airflow/example_dags/example_complex.py for tasks to queue
[2026-04-15T05:10:22.982+0000] {logging_mixin.py:188} INFO - [2026-04-15T05:10:22.982+0000] {dagbag.py:538} INFO - Filling up the DagBag from /home/airflow/.local/lib/python3.8/site-packages/airflow/example_dags/example_complex.py
[2026-04-15T05:10:22.990+0000] {processor.py:840} INFO - DAG(s) 'example_complex' retrieved from /home/airflow/.local/lib/python3.8/site-packages/airflow/example_dags/example_complex.py
[2026-04-15T05:10:23.012+0000] {logging_mixin.py:188} INFO - [2026-04-15T05:10:23.012+0000] {dag.py:3036} INFO - Sync 1 DAGs
[2026-04-15T05:10:23.021+0000] {logging_mixin.py:188} INFO - [2026-04-15T05:10:23.021+0000] {dag.py:3823} INFO - Setting next_dagrun for example_complex to None, run_after=None
[2026-04-15T05:10:23.032+0000] {processor.py:183} INFO - Processing /home/airflow/.local/lib/python3.8/site-packages/airflow/example_dags/example_complex.py took 0.054 seconds
[2026-04-15T05:10:53.208+0000] {processor.py:161} INFO - Started process (PID=2078) to work on /home/airflow/.local/lib/python3.8/site-packages/airflow/example_dags/example_complex.py
[2026-04-15T05:10:53.209+0000] {processor.py:830} INFO - Processing file /home/airflow/.local/lib/python3.8/site-packages/airflow/example_dags/example_complex.py for tasks to queue
[2026-04-15T05:10:53.210+0000] {logging_mixin.py:188} INFO - [2026-04-15T05:10:53.210+0000] {dagbag.py:538} INFO - Filling up the DagBag from /home/airflow/.local/lib/python3.8/site-packages/airflow/example_dags/example_complex.py
[2026-04-15T05:10:53.217+0000] {processor.py:840} INFO - DAG(s) 'example_complex' retrieved from /home/airflow/.local/lib/python3.8/site-packages/airflow/example_dags/example_complex.py
[2026-04-15T05:10:53.240+0000] {logging_mixin.py:188} INFO - [2026-04-15T05:10:53.240+0000] {dag.py:3036} INFO - Sync 1 DAGs
[2026-04-15T05:10:53.249+0000] {logging_mixin.py:188} INFO - [2026-04-15T05:10:53.249+0000] {dag.py:3823} INFO - Setting next_dagrun for example_complex to None, run_after=None
[2026-04-15T05:10:53.261+0000] {processor.py:183} INFO - Processing /home/airflow/.local/lib/python3.8/site-packages/airflow/example_dags/example_complex.py took 0.056 seconds
[2026-04-15T05:11:23.623+0000] {processor.py:161} INFO - Started process (PID=2134) to work on /home/airflow/.local/lib/python3.8/site-packages/airflow/example_dags/example_complex.py
[2026-04-15T05:11:23.624+0000] {processor.py:830} INFO - Processing file /home/airflow/.local/lib/python3.8/site-packages/airflow/example_dags/example_complex.py for tasks to queue
[2026-04-15T05:11:23.625+0000] {logging_mixin.py:188} INFO - [2026-04-15T05:11:23.625+0000] {dagbag.py:538} INFO - Filling up the DagBag from /home/airflow/.local/lib/python3.8/site-packages/airflow/example_dags/example_complex.py
[2026-04-15T05:11:23.633+0000] {processor.py:840} INFO - DAG(s) 'example_complex' retrieved from /home/airflow/.local/lib/python3.8/site-packages/airflow/example_dags/example_complex.py
[2026-04-15T05:11:23.654+0000] {logging_mixin.py:188} INFO - [2026-04-15T05:11:23.654+0000] {dag.py:3036} INFO - Sync 1 DAGs
[2026-04-15T05:11:23.663+0000] {logging_mixin.py:188} INFO - [2026-04-15T05:11:23.662+0000] {dag.py:3823} INFO - Setting next_dagrun for example_complex to None, run_after=None
[2026-04-15T05:11:23.674+0000] {processor.py:183} INFO - Processing /home/airflow/.local/lib/python3.8/site-packages/airflow/example_dags/example_complex.py took 0.053 seconds
[2026-04-15T05:11:54.120+0000] {processor.py:161} INFO - Started process (PID=2190) to work on /home/airflow/.local/lib/python3.8/site-packages/airflow/example_dags/example_complex.py
[2026-04-15T05:11:54.120+0000] {processor.py:830} INFO - Processing file /home/airflow/.local/lib/python3.8/site-packages/airflow/example_dags/example_complex.py for tasks to queue
[2026-04-15T05:11:54.122+0000] {logging_mixin.py:188} INFO - [2026-04-15T05:11:54.121+0000] {dagbag.py:538} INFO - Filling up the DagBag from /home/airflow/.local/lib/python3.8/site-packages/airflow/example_dags/example_complex.py
[2026-04-15T05:11:54.129+0000] {processor.py:840} INFO - DAG(s) 'example_complex' retrieved from /home/airflow/.local/lib/python3.8/site-packages/airflow/example_dags/example_complex.py
[2026-04-15T05:11:54.151+0000] {logging_mixin.py:188} INFO - [2026-04-15T05:11:54.151+0000] {dag.py:3036} INFO - Sync 1 DAGs
[2026-04-15T05:11:54.160+0000] {logging_mixin.py:188} INFO - [2026-04-15T05:11:54.160+0000] {dag.py:3823} INFO - Setting next_dagrun for example_complex to None, run_after=None
[2026-04-15T05:11:54.172+0000] {processor.py:183} INFO - Processing /home/airflow/.local/lib/python3.8/site-packages/airflow/example_dags/example_complex.py took 0.055 seconds
[2026-04-15T05:12:24.475+0000] {processor.py:161} INFO - Started process (PID=2246) to work on /home/airflow/.local/lib/python3.8/site-packages/airflow/example_dags/example_complex.py
[2026-04-15T05:12:24.476+0000] {processor.py:830} INFO - Processing file /home/airflow/.local/lib/python3.8/site-packages/airflow/example_dags/example_complex.py for tasks to queue
[2026-04-15T05:12:24.477+0000] {logging_mixin.py:188} INFO - [2026-04-15T05:12:24.477+0000] {dagbag.py:538} INFO - Filling up the DagBag from /home/airflow/.local/lib/python3.8/site-packages/airflow/example_dags/example_complex.py
[2026-04-15T05:12:24.486+0000] {processor.py:840} INFO - DAG(s) 'example_complex' retrieved from /home/airflow/.local/lib/python3.8/site-packages/airflow/example_dags/example_complex.py
[2026-04-15T05:12:24.511+0000] {logging_mixin.py:188} INFO - [2026-04-15T05:12:24.510+0000] {dag.py:3036} INFO - Sync 1 DAGs
[2026-04-15T05:12:24.520+0000] {logging_mixin.py:188} INFO - [2026-04-15T05:12:24.520+0000] {dag.py:3823} INFO - Setting next_dagrun for example_complex to None, run_after=None
[2026-04-15T05:12:24.534+0000] {processor.py:183} INFO - Processing /home/airflow/.local/lib/python3.8/site-packages/airflow/example_dags/example_complex.py took 0.062 seconds
[2026-04-15T05:12:54.906+0000] {processor.py:161} INFO - Started process (PID=2302) to work on /home/airflow/.local/lib/python3.8/site-packages/airflow/example_dags/example_complex.py
[2026-04-15T05:12:54.906+0000] {processor.py:830} INFO - Processing file /home/airflow/.local/lib/python3.8/site-packages/airflow/example_dags/example_complex.py for tasks to queue
[2026-04-15T05:12:54.908+0000] {logging_mixin.py:188} INFO - [2026-04-15T05:12:54.907+0000] {dagbag.py:538} INFO - Filling up the DagBag from /home/airflow/.local/lib/python3.8/site-packages/airflow/example_dags/example_complex.py
[2026-04-15T05:12:54.915+0000] {processor.py:840} INFO - DAG(s) 'example_complex' retrieved from /home/airflow/.local/lib/python3.8/site-packages/airflow/example_dags/example_complex.py
[2026-04-15T05:12:54.937+0000] {logging_mixin.py:188} INFO - [2026-04-15T05:12:54.937+0000] {dag.py:3036} INFO - Sync 1 DAGs
[2026-04-15T05:12:54.945+0000] {logging_mixin.py:188} INFO - [2026-04-15T05:12:54.945+0000] {dag.py:3823} INFO - Setting next_dagrun for example_complex to None, run_after=None
[2026-04-15T05:12:54.957+0000] {processor.py:183} INFO - Processing /home/airflow/.local/lib/python3.8/site-packages/airflow/example_dags/example_complex.py took 0.054 seconds
[2026-04-15T05:13:25.156+0000] {processor.py:161} INFO - Started process (PID=2358) to work on /home/airflow/.local/lib/python3.8/site-packages/airflow/example_dags/example_complex.py
[2026-04-15T05:13:25.157+0000] {processor.py:830} INFO - Processing file /home/airflow/.local/lib/python3.8/site-packages/airflow/example_dags/example_complex.py for tasks to queue
[2026-04-15T05:13:25.159+0000] {logging_mixin.py:188} INFO - [2026-04-15T05:13:25.159+0000] {dagbag.py:538} INFO - Filling up the DagBag from /home/airflow/.local/lib/python3.8/site-packages/airflow/example_dags/example_complex.py
[2026-04-15T05:13:25.174+0000] {processor.py:840} INFO - DAG(s) 'example_complex' retrieved from /home/airflow/.local/lib/python3.8/site-packages/airflow/example_dags/example_complex.py
[2026-04-15T05:13:25.215+0000] {logging_mixin.py:188} INFO - [2026-04-15T05:13:25.215+0000] {dag.py:3036} INFO - Sync 1 DAGs
[2026-04-15T05:13:25.232+0000] {logging_mixin.py:188} INFO - [2026-04-15T05:13:25.232+0000] {dag.py:3823} INFO - Setting next_dagrun for example_complex to None, run_after=None
[2026-04-15T05:13:25.256+0000] {processor.py:183} INFO - Processing /home/airflow/.local/lib/python3.8/site-packages/airflow/example_dags/example_complex.py took 0.105 seconds
[2026-04-15T05:13:55.618+0000] {processor.py:161} INFO - Started process (PID=2412) to work on /home/airflow/.local/lib/python3.8/site-packages/airflow/example_dags/example_complex.py
[2026-04-15T05:13:55.618+0000] {processor.py:830} INFO - Processing file /home/airflow/.local/lib/python3.8/site-packages/airflow/example_dags/example_complex.py for tasks to queue
[2026-04-15T05:13:55.620+0000] {logging_mixin.py:188} INFO - [2026-04-15T05:13:55.619+0000] {dagbag.py:538} INFO - Filling up the DagBag from /home/airflow/.local/lib/python3.8/site-packages/airflow/example_dags/example_complex.py
[2026-04-15T05:13:55.627+0000] {processor.py:840} INFO - DAG(s) 'example_complex' retrieved from /home/airflow/.local/lib/python3.8/site-packages/airflow/example_dags/example_complex.py
[2026-04-15T05:13:55.762+0000] {logging_mixin.py:188} INFO - [2026-04-15T05:13:55.761+0000] {dag.py:3036} INFO - Sync 1 DAGs
[2026-04-15T05:13:55.769+0000] {logging_mixin.py:188} INFO - [2026-04-15T05:13:55.769+0000] {dag.py:3823} INFO - Setting next_dagrun for example_complex to None, run_after=None
[2026-04-15T05:13:55.789+0000] {processor.py:183} INFO - Processing /home/airflow/.local/lib/python3.8/site-packages/airflow/example_dags/example_complex.py took 0.174 seconds
[2026-04-15T05:14:26.180+0000] {processor.py:161} INFO - Started process (PID=2468) to work on /home/airflow/.local/lib/python3.8/site-packages/airflow/example_dags/example_complex.py
[2026-04-15T05:14:26.181+0000] {processor.py:830} INFO - Processing file /home/airflow/.local/lib/python3.8/site-packages/airflow/example_dags/example_complex.py for tasks to queue
[2026-04-15T05:14:26.184+0000] {logging_mixin.py:188} INFO - [2026-04-15T05:14:26.183+0000] {dagbag.py:538} INFO - Filling up the DagBag from /home/airflow/.local/lib/python3.8/site-packages/airflow/example_dags/example_complex.py
[2026-04-15T05:14:26.199+0000] {processor.py:840} INFO - DAG(s) 'example_complex' retrieved from /home/airflow/.local/lib/python3.8/site-packages/airflow/example_dags/example_complex.py
[2026-04-15T05:14:26.408+0000] {logging_mixin.py:188} INFO - [2026-04-15T05:14:26.408+0000] {dag.py:3036} INFO - Sync 1 DAGs
[2026-04-15T05:14:26.424+0000] {logging_mixin.py:188} INFO - [2026-04-15T05:14:26.423+0000] {dag.py:3823} INFO - Setting next_dagrun for example_complex to None, run_after=None
[2026-04-15T05:14:26.453+0000] {processor.py:183} INFO - Processing /home/airflow/.local/lib/python3.8/site-packages/airflow/example_dags/example_complex.py took 0.277 seconds
[2026-04-15T05:14:57.038+0000] {processor.py:161} INFO - Started process (PID=2524) to work on /home/airflow/.local/lib/python3.8/site-packages/airflow/example_dags/example_complex.py
[2026-04-15T05:14:57.038+0000] {processor.py:830} INFO - Processing file /home/airflow/.local/lib/python3.8/site-packages/airflow/example_dags/example_complex.py for tasks to queue
[2026-04-15T05:14:57.039+0000] {logging_mixin.py:188} INFO - [2026-04-15T05:14:57.039+0000] {dagbag.py:538} INFO - Filling up the DagBag from /home/airflow/.local/lib/python3.8/site-packages/airflow/example_dags/example_complex.py
[2026-04-15T05:14:57.047+0000] {processor.py:840} INFO - DAG(s) 'example_complex' retrieved from /home/airflow/.local/lib/python3.8/site-packages/airflow/example_dags/example_complex.py
[2026-04-15T05:14:57.071+0000] {logging_mixin.py:188} INFO - [2026-04-15T05:14:57.071+0000] {dag.py:3036} INFO - Sync 1 DAGs
[2026-04-15T05:14:57.081+0000] {logging_mixin.py:188} INFO - [2026-04-15T05:14:57.080+0000] {dag.py:3823} INFO - Setting next_dagrun for example_complex to None, run_after=None
[2026-04-15T05:14:57.092+0000] {processor.py:183} INFO - Processing /home/airflow/.local/lib/python3.8/site-packages/airflow/example_dags/example_complex.py took 0.057 seconds
[2026-04-15T05:15:27.181+0000] {processor.py:161} INFO - Started process (PID=2580) to work on /home/airflow/.local/lib/python3.8/site-packages/airflow/example_dags/example_complex.py
[2026-04-15T05:15:27.182+0000] {processor.py:830} INFO - Processing file /home/airflow/.local/lib/python3.8/site-packages/airflow/example_dags/example_complex.py for tasks to queue
[2026-04-15T05:15:27.184+0000] {logging_mixin.py:188} INFO - [2026-04-15T05:15:27.183+0000] {dagbag.py:538} INFO - Filling up the DagBag from /home/airflow/.local/lib/python3.8/site-packages/airflow/example_dags/example_complex.py
[2026-04-15T05:15:27.192+0000] {processor.py:840} INFO - DAG(s) 'example_complex' retrieved from /home/airflow/.local/lib/python3.8/site-packages/airflow/example_dags/example_complex.py
[2026-04-15T05:15:27.214+0000] {logging_mixin.py:188} INFO - [2026-04-15T05:15:27.214+0000] {dag.py:3036} INFO - Sync 1 DAGs
[2026-04-15T05:15:27.223+0000] {logging_mixin.py:188} INFO - [2026-04-15T05:15:27.223+0000] {dag.py:3823} INFO - Setting next_dagrun for example_complex to None, run_after=None
[2026-04-15T05:15:27.234+0000] {processor.py:183} INFO - Processing /home/airflow/.local/lib/python3.8/site-packages/airflow/example_dags/example_complex.py took 0.056 seconds
[2026-04-15T05:15:57.401+0000] {processor.py:161} INFO - Started process (PID=2636) to work on /home/airflow/.local/lib/python3.8/site-packages/airflow/example_dags/example_complex.py
[2026-04-15T05:15:57.402+0000] {processor.py:830} INFO - Processing file /home/airflow/.local/lib/python3.8/site-packages/airflow/example_dags/example_complex.py for tasks to queue
[2026-04-15T05:15:57.403+0000] {logging_mixin.py:188} INFO - [2026-04-15T05:15:57.403+0000] {dagbag.py:538} INFO - Filling up the DagBag from /home/airflow/.local/lib/python3.8/site-packages/airflow/example_dags/example_complex.py
[2026-04-15T05:15:57.413+0000] {processor.py:840} INFO - DAG(s) 'example_complex' retrieved from /home/airflow/.local/lib/python3.8/site-packages/airflow/example_dags/example_complex.py
[2026-04-15T05:15:57.435+0000] {logging_mixin.py:188} INFO - [2026-04-15T05:15:57.435+0000] {dag.py:3036} INFO - Sync 1 DAGs
[2026-04-15T05:15:57.445+0000] {logging_mixin.py:188} INFO - [2026-04-15T05:15:57.445+0000] {dag.py:3823} INFO - Setting next_dagrun for example_complex to None, run_after=None
[2026-04-15T05:15:57.457+0000] {processor.py:183} INFO - Processing /home/airflow/.local/lib/python3.8/site-packages/airflow/example_dags/example_complex.py took 0.059 seconds
[2026-04-15T05:16:27.624+0000] {processor.py:161} INFO - Started process (PID=2692) to work on /home/airflow/.local/lib/python3.8/site-packages/airflow/example_dags/example_complex.py
[2026-04-15T05:16:27.625+0000] {processor.py:830} INFO - Processing file /home/airflow/.local/lib/python3.8/site-packages/airflow/example_dags/example_complex.py for tasks to queue
[2026-04-15T05:16:27.626+0000] {logging_mixin.py:188} INFO - [2026-04-15T05:16:27.626+0000] {dagbag.py:538} INFO - Filling up the DagBag from /home/airflow/.local/lib/python3.8/site-packages/airflow/example_dags/example_complex.py
[2026-04-15T05:16:27.637+0000] {processor.py:840} INFO - DAG(s) 'example_complex' retrieved from /home/airflow/.local/lib/python3.8/site-packages/airflow/example_dags/example_complex.py
[2026-04-15T05:16:27.663+0000] {logging_mixin.py:188} INFO - [2026-04-15T05:16:27.663+0000] {dag.py:3036} INFO - Sync 1 DAGs
[2026-04-15T05:16:27.674+0000] {logging_mixin.py:188} INFO - [2026-04-15T05:16:27.673+0000] {dag.py:3823} INFO - Setting next_dagrun for example_complex to None, run_after=None
[2026-04-15T05:16:27.689+0000] {processor.py:183} INFO - Processing /home/airflow/.local/lib/python3.8/site-packages/airflow/example_dags/example_complex.py took 0.069 seconds
[2026-04-15T05:16:57.796+0000] {processor.py:161} INFO - Started process (PID=2748) to work on /home/airflow/.local/lib/python3.8/site-packages/airflow/example_dags/example_complex.py
[2026-04-15T05:16:57.797+0000] {processor.py:830} INFO - Processing file /home/airflow/.local/lib/python3.8/site-packages/airflow/example_dags/example_complex.py for tasks to queue
[2026-04-15T05:16:57.799+0000] {logging_mixin.py:188} INFO - [2026-04-15T05:16:57.798+0000] {dagbag.py:538} INFO - Filling up the DagBag from /home/airflow/.local/lib/python3.8/site-packages/airflow/example_dags/example_complex.py
[2026-04-15T05:16:57.807+0000] {processor.py:840} INFO - DAG(s) 'example_complex' retrieved from /home/airflow/.local/lib/python3.8/site-packages/airflow/example_dags/example_complex.py
[2026-04-15T05:16:57.830+0000] {logging_mixin.py:188} INFO - [2026-04-15T05:16:57.830+0000] {dag.py:3036} INFO - Sync 1 DAGs
[2026-04-15T05:16:57.839+0000] {logging_mixin.py:188} INFO - [2026-04-15T05:16:57.839+0000] {dag.py:3823} INFO - Setting next_dagrun for example_complex to None, run_after=None
[2026-04-15T05:16:57.852+0000] {processor.py:183} INFO - Processing /home/airflow/.local/lib/python3.8/site-packages/airflow/example_dags/example_complex.py took 0.058 seconds
[2026-04-15T05:17:28.764+0000] {processor.py:161} INFO - Started process (PID=2804) to work on /home/airflow/.local/lib/python3.8/site-packages/airflow/example_dags/example_complex.py
[2026-04-15T05:17:28.765+0000] {processor.py:830} INFO - Processing file /home/airflow/.local/lib/python3.8/site-packages/airflow/example_dags/example_complex.py for tasks to queue
[2026-04-15T05:17:28.766+0000] {logging_mixin.py:188} INFO - [2026-04-15T05:17:28.766+0000] {dagbag.py:538} INFO - Filling up the DagBag from /home/airflow/.local/lib/python3.8/site-packages/airflow/example_dags/example_complex.py
[2026-04-15T05:17:28.773+0000] {processor.py:840} INFO - DAG(s) 'example_complex' retrieved from /home/airflow/.local/lib/python3.8/site-packages/airflow/example_dags/example_complex.py
[2026-04-15T05:17:28.794+0000] {logging_mixin.py:188} INFO - [2026-04-15T05:17:28.793+0000] {dag.py:3036} INFO - Sync 1 DAGs
[2026-04-15T05:17:28.801+0000] {logging_mixin.py:188} INFO - [2026-04-15T05:17:28.801+0000] {dag.py:3823} INFO - Setting next_dagrun for example_complex to None, run_after=None
[2026-04-15T05:17:28.813+0000] {processor.py:183} INFO - Processing /home/airflow/.local/lib/python3.8/site-packages/airflow/example_dags/example_complex.py took 0.051 seconds
[2026-04-15T05:17:59.105+0000] {processor.py:161} INFO - Started process (PID=2860) to work on /home/airflow/.local/lib/python3.8/site-packages/airflow/example_dags/example_complex.py
[2026-04-15T05:17:59.106+0000] {processor.py:830} INFO - Processing file /home/airflow/.local/lib/python3.8/site-packages/airflow/example_dags/example_complex.py for tasks to queue
[2026-04-15T05:17:59.107+0000] {logging_mixin.py:188} INFO - [2026-04-15T05:17:59.107+0000] {dagbag.py:538} INFO - Filling up the DagBag from /home/airflow/.local/lib/python3.8/site-packages/airflow/example_dags/example_complex.py
[2026-04-15T05:17:59.115+0000] {processor.py:840} INFO - DAG(s) 'example_complex' retrieved from /home/airflow/.local/lib/python3.8/site-packages/airflow/example_dags/example_complex.py
[2026-04-15T05:17:59.138+0000] {logging_mixin.py:188} INFO - [2026-04-15T05:17:59.138+0000] {dag.py:3036} INFO - Sync 1 DAGs
[2026-04-15T05:17:59.147+0000] {logging_mixin.py:188} INFO - [2026-04-15T05:17:59.147+0000] {dag.py:3823} INFO - Setting next_dagrun for example_complex to None, run_after=None
[2026-04-15T05:17:59.159+0000] {processor.py:183} INFO - Processing /home/airflow/.local/lib/python3.8/site-packages/airflow/example_dags/example_complex.py took 0.057 seconds
[2026-04-15T05:18:29.387+0000] {processor.py:161} INFO - Started process (PID=2916) to work on /home/airflow/.local/lib/python3.8/site-packages/airflow/example_dags/example_complex.py
[2026-04-15T05:18:29.388+0000] {processor.py:830} INFO - Processing file /home/airflow/.local/lib/python3.8/site-packages/airflow/example_dags/example_complex.py for tasks to queue
[2026-04-15T05:18:29.389+0000] {logging_mixin.py:188} INFO - [2026-04-15T05:18:29.389+0000] {dagbag.py:538} INFO - Filling up the DagBag from /home/airflow/.local/lib/python3.8/site-packages/airflow/example_dags/example_complex.py
[2026-04-15T05:18:29.397+0000] {processor.py:840} INFO - DAG(s) 'example_complex' retrieved from /home/airflow/.local/lib/python3.8/site-packages/airflow/example_dags/example_complex.py
[2026-04-15T05:18:29.420+0000] {logging_mixin.py:188} INFO - [2026-04-15T05:18:29.420+0000] {dag.py:3036} INFO - Sync 1 DAGs
[2026-04-15T05:18:29.428+0000] {logging_mixin.py:188} INFO - [2026-04-15T05:18:29.428+0000] {dag.py:3823} INFO - Setting next_dagrun for example_complex to None, run_after=None
[2026-04-15T05:18:29.440+0000] {processor.py:183} INFO - Processing /home/airflow/.local/lib/python3.8/site-packages/airflow/example_dags/example_complex.py took 0.056 seconds
[2026-04-15T05:19:00.248+0000] {processor.py:161} INFO - Started process (PID=2972) to work on /home/airflow/.local/lib/python3.8/site-packages/airflow/example_dags/example_complex.py
[2026-04-15T05:19:00.249+0000] {processor.py:830} INFO - Processing file /home/airflow/.local/lib/python3.8/site-packages/airflow/example_dags/example_complex.py for tasks to queue
[2026-04-15T05:19:00.250+0000] {logging_mixin.py:188} INFO - [2026-04-15T05:19:00.250+0000] {dagbag.py:538} INFO - Filling up the DagBag from /home/airflow/.local/lib/python3.8/site-packages/airflow/example_dags/example_complex.py
[2026-04-15T05:19:00.258+0000] {processor.py:840} INFO - DAG(s) 'example_complex' retrieved from /home/airflow/.local/lib/python3.8/site-packages/airflow/example_dags/example_complex.py
[2026-04-15T05:19:00.280+0000] {logging_mixin.py:188} INFO - [2026-04-15T05:19:00.280+0000] {dag.py:3036} INFO - Sync 1 DAGs
[2026-04-15T05:19:00.289+0000] {logging_mixin.py:188} INFO - [2026-04-15T05:19:00.289+0000] {dag.py:3823} INFO - Setting next_dagrun for example_complex to None, run_after=None
[2026-04-15T05:19:00.303+0000] {processor.py:183} INFO - Processing /home/airflow/.local/lib/python3.8/site-packages/airflow/example_dags/example_complex.py took 0.057 seconds
[2026-04-15T05:19:30.445+0000] {processor.py:161} INFO - Started process (PID=3028) to work on /home/airflow/.local/lib/python3.8/site-packages/airflow/example_dags/example_complex.py
[2026-04-15T05:19:30.446+0000] {processor.py:830} INFO - Processing file /home/airflow/.local/lib/python3.8/site-packages/airflow/example_dags/example_complex.py for tasks to queue
[2026-04-15T05:19:30.447+0000] {logging_mixin.py:188} INFO - [2026-04-15T05:19:30.447+0000] {dagbag.py:538} INFO - Filling up the DagBag from /home/airflow/.local/lib/python3.8/site-packages/airflow/example_dags/example_complex.py
[2026-04-15T05:19:30.455+0000] {processor.py:840} INFO - DAG(s) 'example_complex' retrieved from /home/airflow/.local/lib/python3.8/site-packages/airflow/example_dags/example_complex.py
[2026-04-15T05:19:30.482+0000] {logging_mixin.py:188} INFO - [2026-04-15T05:19:30.482+0000] {dag.py:3036} INFO - Sync 1 DAGs
[2026-04-15T05:19:30.491+0000] {logging_mixin.py:188} INFO - [2026-04-15T05:19:30.491+0000] {dag.py:3823} INFO - Setting next_dagrun for example_complex to None, run_after=None
[2026-04-15T05:19:30.505+0000] {processor.py:183} INFO - Processing /home/airflow/.local/lib/python3.8/site-packages/airflow/example_dags/example_complex.py took 0.062 seconds
[2026-04-15T05:20:00.727+0000] {processor.py:161} INFO - Started process (PID=3084) to work on /home/airflow/.local/lib/python3.8/site-packages/airflow/example_dags/example_complex.py
[2026-04-15T05:20:00.728+0000] {processor.py:830} INFO - Processing file /home/airflow/.local/lib/python3.8/site-packages/airflow/example_dags/example_complex.py for tasks to queue
[2026-04-15T05:20:00.729+0000] {logging_mixin.py:188} INFO - [2026-04-15T05:20:00.729+0000] {dagbag.py:538} INFO - Filling up the DagBag from /home/airflow/.local/lib/python3.8/site-packages/airflow/example_dags/example_complex.py
[2026-04-15T05:20:00.737+0000] {processor.py:840} INFO - DAG(s) 'example_complex' retrieved from /home/airflow/.local/lib/python3.8/site-packages/airflow/example_dags/example_complex.py
[2026-04-15T05:20:00.759+0000] {logging_mixin.py:188} INFO - [2026-04-15T05:20:00.759+0000] {dag.py:3036} INFO - Sync 1 DAGs
[2026-04-15T05:20:00.768+0000] {logging_mixin.py:188} INFO - [2026-04-15T05:20:00.768+0000] {dag.py:3823} INFO - Setting next_dagrun for example_complex to None, run_after=None
[2026-04-15T05:20:00.781+0000] {processor.py:183} INFO - Processing /home/airflow/.local/lib/python3.8/site-packages/airflow/example_dags/example_complex.py took 0.056 seconds
[2026-04-15T05:20:30.988+0000] {processor.py:161} INFO - Started process (PID=3139) to work on /home/airflow/.local/lib/python3.8/site-packages/airflow/example_dags/example_complex.py
[2026-04-15T05:20:30.988+0000] {processor.py:830} INFO - Processing file /home/airflow/.local/lib/python3.8/site-packages/airflow/example_dags/example_complex.py for tasks to queue
[2026-04-15T05:20:30.989+0000] {logging_mixin.py:188} INFO - [2026-04-15T05:20:30.989+0000] {dagbag.py:538} INFO - Filling up the DagBag from /home/airflow/.local/lib/python3.8/site-packages/airflow/example_dags/example_complex.py
[2026-04-15T05:20:30.997+0000] {processor.py:840} INFO - DAG(s) 'example_complex' retrieved from /home/airflow/.local/lib/python3.8/site-packages/airflow/example_dags/example_complex.py
[2026-04-15T05:20:31.018+0000] {logging_mixin.py:188} INFO - [2026-04-15T05:20:31.018+0000] {dag.py:3036} INFO - Sync 1 DAGs
[2026-04-15T05:20:31.026+0000] {logging_mixin.py:188} INFO - [2026-04-15T05:20:31.026+0000] {dag.py:3823} INFO - Setting next_dagrun for example_complex to None, run_after=None
[2026-04-15T05:20:31.038+0000] {processor.py:183} INFO - Processing /home/airflow/.local/lib/python3.8/site-packages/airflow/example_dags/example_complex.py took 0.053 seconds
[2026-04-15T05:21:01.957+0000] {processor.py:161} INFO - Started process (PID=3194) to work on /home/airflow/.local/lib/python3.8/site-packages/airflow/example_dags/example_complex.py
[2026-04-15T05:21:01.959+0000] {processor.py:830} INFO - Processing file /home/airflow/.local/lib/python3.8/site-packages/airflow/example_dags/example_complex.py for tasks to queue
[2026-04-15T05:21:01.959+0000] {logging_mixin.py:188} INFO - [2026-04-15T05:21:01.959+0000] {dagbag.py:538} INFO - Filling up the DagBag from /home/airflow/.local/lib/python3.8/site-packages/airflow/example_dags/example_complex.py
[2026-04-15T05:21:01.967+0000] {processor.py:840} INFO - DAG(s) 'example_complex' retrieved from /home/airflow/.local/lib/python3.8/site-packages/airflow/example_dags/example_complex.py
[2026-04-15T05:21:01.987+0000] {logging_mixin.py:188} INFO - [2026-04-15T05:21:01.987+0000] {dag.py:3036} INFO - Sync 1 DAGs
[2026-04-15T05:21:01.996+0000] {logging_mixin.py:188} INFO - [2026-04-15T05:21:01.995+0000] {dag.py:3823} INFO - Setting next_dagrun for example_complex to None, run_after=None
[2026-04-15T05:21:02.011+0000] {processor.py:183} INFO - Processing /home/airflow/.local/lib/python3.8/site-packages/airflow/example_dags/example_complex.py took 0.056 seconds
[2026-04-15T05:21:32.057+0000] {processor.py:161} INFO - Started process (PID=3249) to work on /home/airflow/.local/lib/python3.8/site-packages/airflow/example_dags/example_complex.py
[2026-04-15T05:21:32.058+0000] {processor.py:830} INFO - Processing file /home/airflow/.local/lib/python3.8/site-packages/airflow/example_dags/example_complex.py for tasks to queue
[2026-04-15T05:21:32.059+0000] {logging_mixin.py:188} INFO - [2026-04-15T05:21:32.058+0000] {dagbag.py:538} INFO - Filling up the DagBag from /home/airflow/.local/lib/python3.8/site-packages/airflow/example_dags/example_complex.py
[2026-04-15T05:21:32.067+0000] {processor.py:840} INFO - DAG(s) 'example_complex' retrieved from /home/airflow/.local/lib/python3.8/site-packages/airflow/example_dags/example_complex.py
[2026-04-15T05:21:32.093+0000] {logging_mixin.py:188} INFO - [2026-04-15T05:21:32.093+0000] {dag.py:3036} INFO - Sync 1 DAGs
[2026-04-15T05:21:32.104+0000] {logging_mixin.py:188} INFO - [2026-04-15T05:21:32.103+0000] {dag.py:3823} INFO - Setting next_dagrun for example_complex to None, run_after=None
[2026-04-15T05:21:32.121+0000] {processor.py:183} INFO - Processing /home/airflow/.local/lib/python3.8/site-packages/airflow/example_dags/example_complex.py took 0.067 seconds
[2026-04-15T05:22:03.139+0000] {processor.py:161} INFO - Started process (PID=3304) to work on /home/airflow/.local/lib/python3.8/site-packages/airflow/example_dags/example_complex.py
[2026-04-15T05:22:03.140+0000] {processor.py:830} INFO - Processing file /home/airflow/.local/lib/python3.8/site-packages/airflow/example_dags/example_complex.py for tasks to queue
[2026-04-15T05:22:03.141+0000] {logging_mixin.py:188} INFO - [2026-04-15T05:22:03.141+0000] {dagbag.py:538} INFO - Filling up the DagBag from /home/airflow/.local/lib/python3.8/site-packages/airflow/example_dags/example_complex.py
[2026-04-15T05:22:03.150+0000] {processor.py:840} INFO - DAG(s) 'example_complex' retrieved from /home/airflow/.local/lib/python3.8/site-packages/airflow/example_dags/example_complex.py
[2026-04-15T05:22:03.177+0000] {logging_mixin.py:188} INFO - [2026-04-15T05:22:03.177+0000] {dag.py:3036} INFO - Sync 1 DAGs
[2026-04-15T05:22:03.187+0000] {logging_mixin.py:188} INFO - [2026-04-15T05:22:03.187+0000] {dag.py:3823} INFO - Setting next_dagrun for example_complex to None, run_after=None
[2026-04-15T05:22:03.203+0000] {processor.py:183} INFO - Processing /home/airflow/.local/lib/python3.8/site-packages/airflow/example_dags/example_complex.py took 0.066 seconds
[2026-04-15T05:22:34.099+0000] {processor.py:161} INFO - Started process (PID=3359) to work on /home/airflow/.local/lib/python3.8/site-packages/airflow/example_dags/example_complex.py
[2026-04-15T05:22:34.099+0000] {processor.py:830} INFO - Processing file /home/airflow/.local/lib/python3.8/site-packages/airflow/example_dags/example_complex.py for tasks to queue
[2026-04-15T05:22:34.100+0000] {logging_mixin.py:188} INFO - [2026-04-15T05:22:34.100+0000] {dagbag.py:538} INFO - Filling up the DagBag from /home/airflow/.local/lib/python3.8/site-packages/airflow/example_dags/example_complex.py
[2026-04-15T05:22:34.109+0000] {processor.py:840} INFO - DAG(s) 'example_complex' retrieved from /home/airflow/.local/lib/python3.8/site-packages/airflow/example_dags/example_complex.py
[2026-04-15T05:22:34.131+0000] {logging_mixin.py:188} INFO - [2026-04-15T05:22:34.130+0000] {dag.py:3036} INFO - Sync 1 DAGs
[2026-04-15T05:22:34.140+0000] {logging_mixin.py:188} INFO - [2026-04-15T05:22:34.139+0000] {dag.py:3823} INFO - Setting next_dagrun for example_complex to None, run_after=None
[2026-04-15T05:22:34.152+0000] {processor.py:183} INFO - Processing /home/airflow/.local/lib/python3.8/site-packages/airflow/example_dags/example_complex.py took 0.055 seconds
[2026-04-15T05:23:04.364+0000] {processor.py:161} INFO - Started process (PID=3414) to work on /home/airflow/.local/lib/python3.8/site-packages/airflow/example_dags/example_complex.py
[2026-04-15T05:23:04.365+0000] {processor.py:830} INFO - Processing file /home/airflow/.local/lib/python3.8/site-packages/airflow/example_dags/example_complex.py for tasks to queue
[2026-04-15T05:23:04.366+0000] {logging_mixin.py:188} INFO - [2026-04-15T05:23:04.366+0000] {dagbag.py:538} INFO - Filling up the DagBag from /home/airflow/.local/lib/python3.8/site-packages/airflow/example_dags/example_complex.py
[2026-04-15T05:23:04.375+0000] {processor.py:840} INFO - DAG(s) 'example_complex' retrieved from /home/airflow/.local/lib/python3.8/site-packages/airflow/example_dags/example_complex.py
[2026-04-15T05:23:04.397+0000] {logging_mixin.py:188} INFO - [2026-04-15T05:23:04.396+0000] {dag.py:3036} INFO - Sync 1 DAGs
[2026-04-15T05:23:04.406+0000] {logging_mixin.py:188} INFO - [2026-04-15T05:23:04.406+0000] {dag.py:3823} INFO - Setting next_dagrun for example_complex to None, run_after=None
[2026-04-15T05:23:04.418+0000] {processor.py:183} INFO - Processing /home/airflow/.local/lib/python3.8/site-packages/airflow/example_dags/example_complex.py took 0.056 seconds
[2026-04-15T05:23:34.551+0000] {processor.py:161} INFO - Started process (PID=3469) to work on /home/airflow/.local/lib/python3.8/site-packages/airflow/example_dags/example_complex.py
[2026-04-15T05:23:34.553+0000] {processor.py:830} INFO - Processing file /home/airflow/.local/lib/python3.8/site-packages/airflow/example_dags/example_complex.py for tasks to queue
[2026-04-15T05:23:34.554+0000] {logging_mixin.py:188} INFO - [2026-04-15T05:23:34.554+0000] {dagbag.py:538} INFO - Filling up the DagBag from /home/airflow/.local/lib/python3.8/site-packages/airflow/example_dags/example_complex.py
[2026-04-15T05:23:34.562+0000] {processor.py:840} INFO - DAG(s) 'example_complex' retrieved from /home/airflow/.local/lib/python3.8/site-packages/airflow/example_dags/example_complex.py
[2026-04-15T05:23:34.583+0000] {logging_mixin.py:188} INFO - [2026-04-15T05:23:34.583+0000] {dag.py:3036} INFO - Sync 1 DAGs
[2026-04-15T05:23:34.591+0000] {logging_mixin.py:188} INFO - [2026-04-15T05:23:34.591+0000] {dag.py:3823} INFO - Setting next_dagrun for example_complex to None, run_after=None
[2026-04-15T05:23:34.603+0000] {processor.py:183} INFO - Processing /home/airflow/.local/lib/python3.8/site-packages/airflow/example_dags/example_complex.py took 0.054 seconds
[2026-04-15T05:24:04.671+0000] {processor.py:161} INFO - Started process (PID=3524) to work on /home/airflow/.local/lib/python3.8/site-packages/airflow/example_dags/example_complex.py
[2026-04-15T05:24:04.672+0000] {processor.py:830} INFO - Processing file /home/airflow/.local/lib/python3.8/site-packages/airflow/example_dags/example_complex.py for tasks to queue
[2026-04-15T05:24:04.673+0000] {logging_mixin.py:188} INFO - [2026-04-15T05:24:04.673+0000] {dagbag.py:538} INFO - Filling up the DagBag from /home/airflow/.local/lib/python3.8/site-packages/airflow/example_dags/example_complex.py
[2026-04-15T05:24:04.682+0000] {processor.py:840} INFO - DAG(s) 'example_complex' retrieved from /home/airflow/.local/lib/python3.8/site-packages/airflow/example_dags/example_complex.py
[2026-04-15T05:24:04.709+0000] {logging_mixin.py:188} INFO - [2026-04-15T05:24:04.709+0000] {dag.py:3036} INFO - Sync 1 DAGs
[2026-04-15T05:24:04.720+0000] {logging_mixin.py:188} INFO - [2026-04-15T05:24:04.720+0000] {dag.py:3823} INFO - Setting next_dagrun for example_complex to None, run_after=None
[2026-04-15T05:24:04.738+0000] {processor.py:183} INFO - Processing /home/airflow/.local/lib/python3.8/site-packages/airflow/example_dags/example_complex.py took 0.070 seconds
[2026-04-15T05:24:34.864+0000] {processor.py:161} INFO - Started process (PID=3579) to work on /home/airflow/.local/lib/python3.8/site-packages/airflow/example_dags/example_complex.py
[2026-04-15T05:24:34.865+0000] {processor.py:830} INFO - Processing file /home/airflow/.local/lib/python3.8/site-packages/airflow/example_dags/example_complex.py for tasks to queue
[2026-04-15T05:24:34.866+0000] {logging_mixin.py:188} INFO - [2026-04-15T05:24:34.866+0000] {dagbag.py:538} INFO - Filling up the DagBag from /home/airflow/.local/lib/python3.8/site-packages/airflow/example_dags/example_complex.py
[2026-04-15T05:24:34.875+0000] {processor.py:840} INFO - DAG(s) 'example_complex' retrieved from /home/airflow/.local/lib/python3.8/site-packages/airflow/example_dags/example_complex.py
[2026-04-15T05:24:34.901+0000] {logging_mixin.py:188} INFO - [2026-04-15T05:24:34.901+0000] {dag.py:3036} INFO - Sync 1 DAGs
[2026-04-15T05:24:34.913+0000] {logging_mixin.py:188} INFO - [2026-04-15T05:24:34.913+0000] {dag.py:3823} INFO - Setting next_dagrun for example_complex to None, run_after=None
[2026-04-15T05:24:34.929+0000] {processor.py:183} INFO - Processing /home/airflow/.local/lib/python3.8/site-packages/airflow/example_dags/example_complex.py took 0.068 seconds
[2026-04-15T05:25:05.077+0000] {processor.py:161} INFO - Started process (PID=3634) to work on /home/airflow/.local/lib/python3.8/site-packages/airflow/example_dags/example_complex.py
[2026-04-15T05:25:05.079+0000] {processor.py:830} INFO - Processing file /home/airflow/.local/lib/python3.8/site-packages/airflow/example_dags/example_complex.py for tasks to queue
[2026-04-15T05:25:05.080+0000] {logging_mixin.py:188} INFO - [2026-04-15T05:25:05.079+0000] {dagbag.py:538} INFO - Filling up the DagBag from /home/airflow/.local/lib/python3.8/site-packages/airflow/example_dags/example_complex.py
[2026-04-15T05:25:05.097+0000] {processor.py:840} INFO - DAG(s) 'example_complex' retrieved from /home/airflow/.local/lib/python3.8/site-packages/airflow/example_dags/example_complex.py
[2026-04-15T05:25:05.142+0000] {logging_mixin.py:188} INFO - [2026-04-15T05:25:05.142+0000] {dag.py:3036} INFO - Sync 1 DAGs
[2026-04-15T05:25:05.161+0000] {logging_mixin.py:188} INFO - [2026-04-15T05:25:05.161+0000] {dag.py:3823} INFO - Setting next_dagrun for example_complex to None, run_after=None
[2026-04-15T05:25:05.190+0000] {processor.py:183} INFO - Processing /home/airflow/.local/lib/python3.8/site-packages/airflow/example_dags/example_complex.py took 0.117 seconds
[2026-04-15T05:25:35.316+0000] {processor.py:161} INFO - Started process (PID=3689) to work on /home/airflow/.local/lib/python3.8/site-packages/airflow/example_dags/example_complex.py
[2026-04-15T05:25:35.317+0000] {processor.py:830} INFO - Processing file /home/airflow/.local/lib/python3.8/site-packages/airflow/example_dags/example_complex.py for tasks to queue
[2026-04-15T05:25:35.318+0000] {logging_mixin.py:188} INFO - [2026-04-15T05:25:35.318+0000] {dagbag.py:538} INFO - Filling up the DagBag from /home/airflow/.local/lib/python3.8/site-packages/airflow/example_dags/example_complex.py
[2026-04-15T05:25:35.334+0000] {processor.py:840} INFO - DAG(s) 'example_complex' retrieved from /home/airflow/.local/lib/python3.8/site-packages/airflow/example_dags/example_complex.py
[2026-04-15T05:25:35.373+0000] {logging_mixin.py:188} INFO - [2026-04-15T05:25:35.373+0000] {dag.py:3036} INFO - Sync 1 DAGs
[2026-04-15T05:25:35.390+0000] {logging_mixin.py:188} INFO - [2026-04-15T05:25:35.389+0000] {dag.py:3823} INFO - Setting next_dagrun for example_complex to None, run_after=None
[2026-04-15T05:25:35.417+0000] {processor.py:183} INFO - Processing /home/airflow/.local/lib/python3.8/site-packages/airflow/example_dags/example_complex.py took 0.105 seconds
[2026-04-15T05:26:05.735+0000] {processor.py:161} INFO - Started process (PID=3744) to work on /home/airflow/.local/lib/python3.8/site-packages/airflow/example_dags/example_complex.py
[2026-04-15T05:26:05.737+0000] {processor.py:830} INFO - Processing file /home/airflow/.local/lib/python3.8/site-packages/airflow/example_dags/example_complex.py for tasks to queue
[2026-04-15T05:26:05.738+0000] {logging_mixin.py:188} INFO - [2026-04-15T05:26:05.737+0000] {dagbag.py:538} INFO - Filling up the DagBag from /home/airflow/.local/lib/python3.8/site-packages/airflow/example_dags/example_complex.py
[2026-04-15T05:26:05.745+0000] {processor.py:840} INFO - DAG(s) 'example_complex' retrieved from /home/airflow/.local/lib/python3.8/site-packages/airflow/example_dags/example_complex.py
[2026-04-15T05:26:05.768+0000] {logging_mixin.py:188} INFO - [2026-04-15T05:26:05.767+0000] {dag.py:3036} INFO - Sync 1 DAGs
[2026-04-15T05:26:05.777+0000] {logging_mixin.py:188} INFO - [2026-04-15T05:26:05.777+0000] {dag.py:3823} INFO - Setting next_dagrun for example_complex to None, run_after=None
[2026-04-15T05:26:05.789+0000] {processor.py:183} INFO - Processing /home/airflow/.local/lib/python3.8/site-packages/airflow/example_dags/example_complex.py took 0.056 seconds
[2026-04-15T05:26:36.738+0000] {processor.py:161} INFO - Started process (PID=3799) to work on /home/airflow/.local/lib/python3.8/site-packages/airflow/example_dags/example_complex.py
[2026-04-15T05:26:36.739+0000] {processor.py:830} INFO - Processing file /home/airflow/.local/lib/python3.8/site-packages/airflow/example_dags/example_complex.py for tasks to queue
[2026-04-15T05:26:36.741+0000] {logging_mixin.py:188} INFO - [2026-04-15T05:26:36.740+0000] {dagbag.py:538} INFO - Filling up the DagBag from /home/airflow/.local/lib/python3.8/site-packages/airflow/example_dags/example_complex.py
[2026-04-15T05:26:36.759+0000] {processor.py:840} INFO - DAG(s) 'example_complex' retrieved from /home/airflow/.local/lib/python3.8/site-packages/airflow/example_dags/example_complex.py
[2026-04-15T05:26:36.807+0000] {logging_mixin.py:188} INFO - [2026-04-15T05:26:36.806+0000] {dag.py:3036} INFO - Sync 1 DAGs
[2026-04-15T05:26:36.825+0000] {logging_mixin.py:188} INFO - [2026-04-15T05:26:36.825+0000] {dag.py:3823} INFO - Setting next_dagrun for example_complex to None, run_after=None
[2026-04-15T05:26:36.854+0000] {processor.py:183} INFO - Processing /home/airflow/.local/lib/python3.8/site-packages/airflow/example_dags/example_complex.py took 0.121 seconds
[2026-04-15T05:27:06.985+0000] {processor.py:161} INFO - Started process (PID=3854) to work on /home/airflow/.local/lib/python3.8/site-packages/airflow/example_dags/example_complex.py
[2026-04-15T05:27:06.986+0000] {processor.py:830} INFO - Processing file /home/airflow/.local/lib/python3.8/site-packages/airflow/example_dags/example_complex.py for tasks to queue
[2026-04-15T05:27:06.987+0000] {logging_mixin.py:188} INFO - [2026-04-15T05:27:06.987+0000] {dagbag.py:538} INFO - Filling up the DagBag from /home/airflow/.local/lib/python3.8/site-packages/airflow/example_dags/example_complex.py
[2026-04-15T05:27:06.998+0000] {processor.py:840} INFO - DAG(s) 'example_complex' retrieved from /home/airflow/.local/lib/python3.8/site-packages/airflow/example_dags/example_complex.py
[2026-04-15T05:27:07.024+0000] {logging_mixin.py:188} INFO - [2026-04-15T05:27:07.023+0000] {dag.py:3036} INFO - Sync 1 DAGs
[2026-04-15T05:27:07.034+0000] {logging_mixin.py:188} INFO - [2026-04-15T05:27:07.034+0000] {dag.py:3823} INFO - Setting next_dagrun for example_complex to None, run_after=None
[2026-04-15T05:27:07.048+0000] {processor.py:183} INFO - Processing /home/airflow/.local/lib/python3.8/site-packages/airflow/example_dags/example_complex.py took 0.066 seconds
[2026-04-15T05:27:37.355+0000] {processor.py:161} INFO - Started process (PID=3909) to work on /home/airflow/.local/lib/python3.8/site-packages/airflow/example_dags/example_complex.py
[2026-04-15T05:27:37.355+0000] {processor.py:830} INFO - Processing file /home/airflow/.local/lib/python3.8/site-packages/airflow/example_dags/example_complex.py for tasks to queue
[2026-04-15T05:27:37.356+0000] {logging_mixin.py:188} INFO - [2026-04-15T05:27:37.356+0000] {dagbag.py:538} INFO - Filling up the DagBag from /home/airflow/.local/lib/python3.8/site-packages/airflow/example_dags/example_complex.py
[2026-04-15T05:27:37.365+0000] {processor.py:840} INFO - DAG(s) 'example_complex' retrieved from /home/airflow/.local/lib/python3.8/site-packages/airflow/example_dags/example_complex.py
[2026-04-15T05:27:37.390+0000] {logging_mixin.py:188} INFO - [2026-04-15T05:27:37.390+0000] {dag.py:3036} INFO - Sync 1 DAGs
[2026-04-15T05:27:37.401+0000] {logging_mixin.py:188} INFO - [2026-04-15T05:27:37.401+0000] {dag.py:3823} INFO - Setting next_dagrun for example_complex to None, run_after=None
[2026-04-15T05:27:37.416+0000] {processor.py:183} INFO - Processing /home/airflow/.local/lib/python3.8/site-packages/airflow/example_dags/example_complex.py took 0.064 seconds
[2026-04-15T05:28:07.750+0000] {processor.py:161} INFO - Started process (PID=3965) to work on /home/airflow/.local/lib/python3.8/site-packages/airflow/example_dags/example_complex.py
[2026-04-15T05:28:07.752+0000] {processor.py:830} INFO - Processing file /home/airflow/.local/lib/python3.8/site-packages/airflow/example_dags/example_complex.py for tasks to queue
[2026-04-15T05:28:07.753+0000] {logging_mixin.py:188} INFO - [2026-04-15T05:28:07.752+0000] {dagbag.py:538} INFO - Filling up the DagBag from /home/airflow/.local/lib/python3.8/site-packages/airflow/example_dags/example_complex.py
[2026-04-15T05:28:07.760+0000] {processor.py:840} INFO - DAG(s) 'example_complex' retrieved from /home/airflow/.local/lib/python3.8/site-packages/airflow/example_dags/example_complex.py
[2026-04-15T05:28:07.781+0000] {logging_mixin.py:188} INFO - [2026-04-15T05:28:07.781+0000] {dag.py:3036} INFO - Sync 1 DAGs
[2026-04-15T05:28:07.790+0000] {logging_mixin.py:188} INFO - [2026-04-15T05:28:07.790+0000] {dag.py:3823} INFO - Setting next_dagrun for example_complex to None, run_after=None
[2026-04-15T05:28:07.801+0000] {processor.py:183} INFO - Processing /home/airflow/.local/lib/python3.8/site-packages/airflow/example_dags/example_complex.py took 0.053 seconds
[2026-04-15T05:28:38.020+0000] {processor.py:161} INFO - Started process (PID=4021) to work on /home/airflow/.local/lib/python3.8/site-packages/airflow/example_dags/example_complex.py
[2026-04-15T05:28:38.022+0000] {processor.py:830} INFO - Processing file /home/airflow/.local/lib/python3.8/site-packages/airflow/example_dags/example_complex.py for tasks to queue
[2026-04-15T05:28:38.023+0000] {logging_mixin.py:188} INFO - [2026-04-15T05:28:38.023+0000] {dagbag.py:538} INFO - Filling up the DagBag from /home/airflow/.local/lib/python3.8/site-packages/airflow/example_dags/example_complex.py
[2026-04-15T05:28:38.031+0000] {processor.py:840} INFO - DAG(s) 'example_complex' retrieved from /home/airflow/.local/lib/python3.8/site-packages/airflow/example_dags/example_complex.py
[2026-04-15T05:28:38.052+0000] {logging_mixin.py:188} INFO - [2026-04-15T05:28:38.052+0000] {dag.py:3036} INFO - Sync 1 DAGs
[2026-04-15T05:28:38.061+0000] {logging_mixin.py:188} INFO - [2026-04-15T05:28:38.061+0000] {dag.py:3823} INFO - Setting next_dagrun for example_complex to None, run_after=None
[2026-04-15T05:28:38.072+0000] {processor.py:183} INFO - Processing /home/airflow/.local/lib/python3.8/site-packages/airflow/example_dags/example_complex.py took 0.054 seconds
[2026-04-15T05:29:08.174+0000] {processor.py:161} INFO - Started process (PID=4077) to work on /home/airflow/.local/lib/python3.8/site-packages/airflow/example_dags/example_complex.py
[2026-04-15T05:29:08.175+0000] {processor.py:830} INFO - Processing file /home/airflow/.local/lib/python3.8/site-packages/airflow/example_dags/example_complex.py for tasks to queue
[2026-04-15T05:29:08.176+0000] {logging_mixin.py:188} INFO - [2026-04-15T05:29:08.176+0000] {dagbag.py:538} INFO - Filling up the DagBag from /home/airflow/.local/lib/python3.8/site-packages/airflow/example_dags/example_complex.py
[2026-04-15T05:29:08.185+0000] {processor.py:840} INFO - DAG(s) 'example_complex' retrieved from /home/airflow/.local/lib/python3.8/site-packages/airflow/example_dags/example_complex.py
[2026-04-15T05:29:08.209+0000] {logging_mixin.py:188} INFO - [2026-04-15T05:29:08.209+0000] {dag.py:3036} INFO - Sync 1 DAGs
[2026-04-15T05:29:08.220+0000] {logging_mixin.py:188} INFO - [2026-04-15T05:29:08.220+0000] {dag.py:3823} INFO - Setting next_dagrun for example_complex to None, run_after=None
[2026-04-15T05:29:08.237+0000] {processor.py:183} INFO - Processing /home/airflow/.local/lib/python3.8/site-packages/airflow/example_dags/example_complex.py took 0.065 seconds
[2026-04-15T05:29:38.913+0000] {processor.py:161} INFO - Started process (PID=4132) to work on /home/airflow/.local/lib/python3.8/site-packages/airflow/example_dags/example_complex.py
[2026-04-15T05:29:38.914+0000] {processor.py:830} INFO - Processing file /home/airflow/.local/lib/python3.8/site-packages/airflow/example_dags/example_complex.py for tasks to queue
[2026-04-15T05:29:38.914+0000] {logging_mixin.py:188} INFO - [2026-04-15T05:29:38.914+0000] {dagbag.py:538} INFO - Filling up the DagBag from /home/airflow/.local/lib/python3.8/site-packages/airflow/example_dags/example_complex.py
[2026-04-15T05:29:38.922+0000] {processor.py:840} INFO - DAG(s) 'example_complex' retrieved from /home/airflow/.local/lib/python3.8/site-packages/airflow/example_dags/example_complex.py
[2026-04-15T05:29:38.944+0000] {logging_mixin.py:188} INFO - [2026-04-15T05:29:38.943+0000] {dag.py:3036} INFO - Sync 1 DAGs
[2026-04-15T05:29:38.952+0000] {logging_mixin.py:188} INFO - [2026-04-15T05:29:38.952+0000] {dag.py:3823} INFO - Setting next_dagrun for example_complex to None, run_after=None
[2026-04-15T05:29:38.963+0000] {processor.py:183} INFO - Processing /home/airflow/.local/lib/python3.8/site-packages/airflow/example_dags/example_complex.py took 0.053 seconds
[2026-04-15T05:30:09.067+0000] {processor.py:161} INFO - Started process (PID=4187) to work on /home/airflow/.local/lib/python3.8/site-packages/airflow/example_dags/example_complex.py
[2026-04-15T05:30:09.068+0000] {processor.py:830} INFO - Processing file /home/airflow/.local/lib/python3.8/site-packages/airflow/example_dags/example_complex.py for tasks to queue
[2026-04-15T05:30:09.069+0000] {logging_mixin.py:188} INFO - [2026-04-15T05:30:09.069+0000] {dagbag.py:538} INFO - Filling up the DagBag from /home/airflow/.local/lib/python3.8/site-packages/airflow/example_dags/example_complex.py
[2026-04-15T05:30:09.084+0000] {processor.py:840} INFO - DAG(s) 'example_complex' retrieved from /home/airflow/.local/lib/python3.8/site-packages/airflow/example_dags/example_complex.py
[2026-04-15T05:30:09.125+0000] {logging_mixin.py:188} INFO - [2026-04-15T05:30:09.124+0000] {dag.py:3036} INFO - Sync 1 DAGs
[2026-04-15T05:30:09.140+0000] {logging_mixin.py:188} INFO - [2026-04-15T05:30:09.140+0000] {dag.py:3823} INFO - Setting next_dagrun for example_complex to None, run_after=None
[2026-04-15T05:30:09.164+0000] {processor.py:183} INFO - Processing /home/airflow/.local/lib/python3.8/site-packages/airflow/example_dags/example_complex.py took 0.101 seconds
[2026-04-15T05:30:39.385+0000] {processor.py:161} INFO - Started process (PID=4242) to work on /home/airflow/.local/lib/python3.8/site-packages/airflow/example_dags/example_complex.py
[2026-04-15T05:30:39.387+0000] {processor.py:830} INFO - Processing file /home/airflow/.local/lib/python3.8/site-packages/airflow/example_dags/example_complex.py for tasks to queue
[2026-04-15T05:30:39.387+0000] {logging_mixin.py:188} INFO - [2026-04-15T05:30:39.387+0000] {dagbag.py:538} INFO - Filling up the DagBag from /home/airflow/.local/lib/python3.8/site-packages/airflow/example_dags/example_complex.py
[2026-04-15T05:30:39.395+0000] {processor.py:840} INFO - DAG(s) 'example_complex' retrieved from /home/airflow/.local/lib/python3.8/site-packages/airflow/example_dags/example_complex.py
[2026-04-15T05:30:39.417+0000] {logging_mixin.py:188} INFO - [2026-04-15T05:30:39.416+0000] {dag.py:3036} INFO - Sync 1 DAGs
[2026-04-15T05:30:39.425+0000] {logging_mixin.py:188} INFO - [2026-04-15T05:30:39.425+0000] {dag.py:3823} INFO - Setting next_dagrun for example_complex to None, run_after=None
[2026-04-15T05:30:39.438+0000] {processor.py:183} INFO - Processing /home/airflow/.local/lib/python3.8/site-packages/airflow/example_dags/example_complex.py took 0.055 seconds
