[2026-04-15T04:52:41.504+0000] {processor.py:161} INFO - Started process (PID=64) to work on /home/airflow/.local/lib/python3.8/site-packages/airflow/example_dags/example_latest_only.py
[2026-04-15T04:52:41.505+0000] {processor.py:830} INFO - Processing file /home/airflow/.local/lib/python3.8/site-packages/airflow/example_dags/example_latest_only.py for tasks to queue
[2026-04-15T04:52:41.507+0000] {logging_mixin.py:188} INFO - [2026-04-15T04:52:41.506+0000] {dagbag.py:538} INFO - Filling up the DagBag from /home/airflow/.local/lib/python3.8/site-packages/airflow/example_dags/example_latest_only.py
[2026-04-15T04:52:41.513+0000] {processor.py:840} INFO - DAG(s) 'latest_only' retrieved from /home/airflow/.local/lib/python3.8/site-packages/airflow/example_dags/example_latest_only.py
[2026-04-15T04:52:41.537+0000] {logging_mixin.py:188} INFO - [2026-04-15T04:52:41.536+0000] {dag.py:3036} INFO - Sync 1 DAGs
[2026-04-15T04:52:41.560+0000] {logging_mixin.py:188} INFO - [2026-04-15T04:52:41.560+0000] {dag.py:3823} INFO - Setting next_dagrun for latest_only to 2026-04-15 00:00:00+00:00, run_after=2026-04-15 04:00:00+00:00
[2026-04-15T04:52:41.586+0000] {processor.py:183} INFO - Processing /home/airflow/.local/lib/python3.8/site-packages/airflow/example_dags/example_latest_only.py took 0.084 seconds
[2026-04-15T04:53:11.706+0000] {processor.py:161} INFO - Started process (PID=120) to work on /home/airflow/.local/lib/python3.8/site-packages/airflow/example_dags/example_latest_only.py
[2026-04-15T04:53:11.706+0000] {processor.py:830} INFO - Processing file /home/airflow/.local/lib/python3.8/site-packages/airflow/example_dags/example_latest_only.py for tasks to queue
[2026-04-15T04:53:11.708+0000] {logging_mixin.py:188} INFO - [2026-04-15T04:53:11.707+0000] {dagbag.py:538} INFO - Filling up the DagBag from /home/airflow/.local/lib/python3.8/site-packages/airflow/example_dags/example_latest_only.py
[2026-04-15T04:53:11.711+0000] {processor.py:840} INFO - DAG(s) 'latest_only' retrieved from /home/airflow/.local/lib/python3.8/site-packages/airflow/example_dags/example_latest_only.py
[2026-04-15T04:53:11.727+0000] {logging_mixin.py:188} INFO - [2026-04-15T04:53:11.727+0000] {dag.py:3036} INFO - Sync 1 DAGs
[2026-04-15T04:53:11.744+0000] {logging_mixin.py:188} INFO - [2026-04-15T04:53:11.744+0000] {dag.py:3823} INFO - Setting next_dagrun for latest_only to 2026-04-15 00:00:00+00:00, run_after=2026-04-15 04:00:00+00:00
[2026-04-15T04:53:11.758+0000] {processor.py:183} INFO - Processing /home/airflow/.local/lib/python3.8/site-packages/airflow/example_dags/example_latest_only.py took 0.054 seconds
[2026-04-15T04:53:41.984+0000] {processor.py:161} INFO - Started process (PID=176) to work on /home/airflow/.local/lib/python3.8/site-packages/airflow/example_dags/example_latest_only.py
[2026-04-15T04:53:41.985+0000] {processor.py:830} INFO - Processing file /home/airflow/.local/lib/python3.8/site-packages/airflow/example_dags/example_latest_only.py for tasks to queue
[2026-04-15T04:53:41.987+0000] {logging_mixin.py:188} INFO - [2026-04-15T04:53:41.986+0000] {dagbag.py:538} INFO - Filling up the DagBag from /home/airflow/.local/lib/python3.8/site-packages/airflow/example_dags/example_latest_only.py
[2026-04-15T04:53:41.991+0000] {processor.py:840} INFO - DAG(s) 'latest_only' retrieved from /home/airflow/.local/lib/python3.8/site-packages/airflow/example_dags/example_latest_only.py
[2026-04-15T04:53:42.009+0000] {logging_mixin.py:188} INFO - [2026-04-15T04:53:42.009+0000] {dag.py:3036} INFO - Sync 1 DAGs
[2026-04-15T04:53:42.025+0000] {logging_mixin.py:188} INFO - [2026-04-15T04:53:42.024+0000] {dag.py:3823} INFO - Setting next_dagrun for latest_only to 2026-04-15 00:00:00+00:00, run_after=2026-04-15 04:00:00+00:00
[2026-04-15T04:53:42.037+0000] {processor.py:183} INFO - Processing /home/airflow/.local/lib/python3.8/site-packages/airflow/example_dags/example_latest_only.py took 0.055 seconds
[2026-04-15T04:54:12.743+0000] {processor.py:161} INFO - Started process (PID=238) to work on /home/airflow/.local/lib/python3.8/site-packages/airflow/example_dags/example_latest_only.py
[2026-04-15T04:54:12.744+0000] {processor.py:830} INFO - Processing file /home/airflow/.local/lib/python3.8/site-packages/airflow/example_dags/example_latest_only.py for tasks to queue
[2026-04-15T04:54:12.747+0000] {logging_mixin.py:188} INFO - [2026-04-15T04:54:12.746+0000] {dagbag.py:538} INFO - Filling up the DagBag from /home/airflow/.local/lib/python3.8/site-packages/airflow/example_dags/example_latest_only.py
[2026-04-15T04:54:12.753+0000] {processor.py:840} INFO - DAG(s) 'latest_only' retrieved from /home/airflow/.local/lib/python3.8/site-packages/airflow/example_dags/example_latest_only.py
[2026-04-15T04:54:12.781+0000] {logging_mixin.py:188} INFO - [2026-04-15T04:54:12.781+0000] {dag.py:3036} INFO - Sync 1 DAGs
[2026-04-15T04:54:12.811+0000] {logging_mixin.py:188} INFO - [2026-04-15T04:54:12.810+0000] {dag.py:3823} INFO - Setting next_dagrun for latest_only to 2026-04-15 00:00:00+00:00, run_after=2026-04-15 04:00:00+00:00
[2026-04-15T04:54:12.834+0000] {processor.py:183} INFO - Processing /home/airflow/.local/lib/python3.8/site-packages/airflow/example_dags/example_latest_only.py took 0.095 seconds
[2026-04-15T04:54:43.079+0000] {processor.py:161} INFO - Started process (PID=294) to work on /home/airflow/.local/lib/python3.8/site-packages/airflow/example_dags/example_latest_only.py
[2026-04-15T04:54:43.080+0000] {processor.py:830} INFO - Processing file /home/airflow/.local/lib/python3.8/site-packages/airflow/example_dags/example_latest_only.py for tasks to queue
[2026-04-15T04:54:43.081+0000] {logging_mixin.py:188} INFO - [2026-04-15T04:54:43.080+0000] {dagbag.py:538} INFO - Filling up the DagBag from /home/airflow/.local/lib/python3.8/site-packages/airflow/example_dags/example_latest_only.py
[2026-04-15T04:54:43.084+0000] {processor.py:840} INFO - DAG(s) 'latest_only' retrieved from /home/airflow/.local/lib/python3.8/site-packages/airflow/example_dags/example_latest_only.py
[2026-04-15T04:54:43.099+0000] {logging_mixin.py:188} INFO - [2026-04-15T04:54:43.099+0000] {dag.py:3036} INFO - Sync 1 DAGs
[2026-04-15T04:54:43.116+0000] {logging_mixin.py:188} INFO - [2026-04-15T04:54:43.115+0000] {dag.py:3823} INFO - Setting next_dagrun for latest_only to 2026-04-15 00:00:00+00:00, run_after=2026-04-15 04:00:00+00:00
[2026-04-15T04:54:43.128+0000] {processor.py:183} INFO - Processing /home/airflow/.local/lib/python3.8/site-packages/airflow/example_dags/example_latest_only.py took 0.052 seconds
[2026-04-15T04:55:13.190+0000] {processor.py:161} INFO - Started process (PID=350) to work on /home/airflow/.local/lib/python3.8/site-packages/airflow/example_dags/example_latest_only.py
[2026-04-15T04:55:13.191+0000] {processor.py:830} INFO - Processing file /home/airflow/.local/lib/python3.8/site-packages/airflow/example_dags/example_latest_only.py for tasks to queue
[2026-04-15T04:55:13.192+0000] {logging_mixin.py:188} INFO - [2026-04-15T04:55:13.192+0000] {dagbag.py:538} INFO - Filling up the DagBag from /home/airflow/.local/lib/python3.8/site-packages/airflow/example_dags/example_latest_only.py
[2026-04-15T04:55:13.196+0000] {processor.py:840} INFO - DAG(s) 'latest_only' retrieved from /home/airflow/.local/lib/python3.8/site-packages/airflow/example_dags/example_latest_only.py
[2026-04-15T04:55:13.211+0000] {logging_mixin.py:188} INFO - [2026-04-15T04:55:13.210+0000] {dag.py:3036} INFO - Sync 1 DAGs
[2026-04-15T04:55:13.225+0000] {logging_mixin.py:188} INFO - [2026-04-15T04:55:13.225+0000] {dag.py:3823} INFO - Setting next_dagrun for latest_only to 2026-04-15 00:00:00+00:00, run_after=2026-04-15 04:00:00+00:00
[2026-04-15T04:55:13.238+0000] {processor.py:183} INFO - Processing /home/airflow/.local/lib/python3.8/site-packages/airflow/example_dags/example_latest_only.py took 0.051 seconds
[2026-04-15T04:55:43.369+0000] {processor.py:161} INFO - Started process (PID=405) to work on /home/airflow/.local/lib/python3.8/site-packages/airflow/example_dags/example_latest_only.py
[2026-04-15T04:55:43.370+0000] {processor.py:830} INFO - Processing file /home/airflow/.local/lib/python3.8/site-packages/airflow/example_dags/example_latest_only.py for tasks to queue
[2026-04-15T04:55:43.371+0000] {logging_mixin.py:188} INFO - [2026-04-15T04:55:43.371+0000] {dagbag.py:538} INFO - Filling up the DagBag from /home/airflow/.local/lib/python3.8/site-packages/airflow/example_dags/example_latest_only.py
[2026-04-15T04:55:43.375+0000] {processor.py:840} INFO - DAG(s) 'latest_only' retrieved from /home/airflow/.local/lib/python3.8/site-packages/airflow/example_dags/example_latest_only.py
[2026-04-15T04:55:43.391+0000] {logging_mixin.py:188} INFO - [2026-04-15T04:55:43.391+0000] {dag.py:3036} INFO - Sync 1 DAGs
[2026-04-15T04:55:43.410+0000] {logging_mixin.py:188} INFO - [2026-04-15T04:55:43.410+0000] {dag.py:3823} INFO - Setting next_dagrun for latest_only to 2026-04-15 00:00:00+00:00, run_after=2026-04-15 04:00:00+00:00
[2026-04-15T04:55:43.424+0000] {processor.py:183} INFO - Processing /home/airflow/.local/lib/python3.8/site-packages/airflow/example_dags/example_latest_only.py took 0.058 seconds
[2026-04-15T04:56:13.490+0000] {processor.py:161} INFO - Started process (PID=461) to work on /home/airflow/.local/lib/python3.8/site-packages/airflow/example_dags/example_latest_only.py
[2026-04-15T04:56:13.491+0000] {processor.py:830} INFO - Processing file /home/airflow/.local/lib/python3.8/site-packages/airflow/example_dags/example_latest_only.py for tasks to queue
[2026-04-15T04:56:13.492+0000] {logging_mixin.py:188} INFO - [2026-04-15T04:56:13.492+0000] {dagbag.py:538} INFO - Filling up the DagBag from /home/airflow/.local/lib/python3.8/site-packages/airflow/example_dags/example_latest_only.py
[2026-04-15T04:56:13.496+0000] {processor.py:840} INFO - DAG(s) 'latest_only' retrieved from /home/airflow/.local/lib/python3.8/site-packages/airflow/example_dags/example_latest_only.py
[2026-04-15T04:56:13.511+0000] {logging_mixin.py:188} INFO - [2026-04-15T04:56:13.511+0000] {dag.py:3036} INFO - Sync 1 DAGs
[2026-04-15T04:56:13.528+0000] {logging_mixin.py:188} INFO - [2026-04-15T04:56:13.527+0000] {dag.py:3823} INFO - Setting next_dagrun for latest_only to 2026-04-15 00:00:00+00:00, run_after=2026-04-15 04:00:00+00:00
[2026-04-15T04:56:13.541+0000] {processor.py:183} INFO - Processing /home/airflow/.local/lib/python3.8/site-packages/airflow/example_dags/example_latest_only.py took 0.053 seconds
[2026-04-15T04:56:43.695+0000] {processor.py:161} INFO - Started process (PID=517) to work on /home/airflow/.local/lib/python3.8/site-packages/airflow/example_dags/example_latest_only.py
[2026-04-15T04:56:43.696+0000] {processor.py:830} INFO - Processing file /home/airflow/.local/lib/python3.8/site-packages/airflow/example_dags/example_latest_only.py for tasks to queue
[2026-04-15T04:56:43.697+0000] {logging_mixin.py:188} INFO - [2026-04-15T04:56:43.697+0000] {dagbag.py:538} INFO - Filling up the DagBag from /home/airflow/.local/lib/python3.8/site-packages/airflow/example_dags/example_latest_only.py
[2026-04-15T04:56:43.700+0000] {processor.py:840} INFO - DAG(s) 'latest_only' retrieved from /home/airflow/.local/lib/python3.8/site-packages/airflow/example_dags/example_latest_only.py
[2026-04-15T04:56:43.716+0000] {logging_mixin.py:188} INFO - [2026-04-15T04:56:43.716+0000] {dag.py:3036} INFO - Sync 1 DAGs
[2026-04-15T04:56:43.733+0000] {logging_mixin.py:188} INFO - [2026-04-15T04:56:43.733+0000] {dag.py:3823} INFO - Setting next_dagrun for latest_only to 2026-04-15 00:00:00+00:00, run_after=2026-04-15 04:00:00+00:00
[2026-04-15T04:56:43.746+0000] {processor.py:183} INFO - Processing /home/airflow/.local/lib/python3.8/site-packages/airflow/example_dags/example_latest_only.py took 0.053 seconds
[2026-04-15T04:57:13.826+0000] {processor.py:161} INFO - Started process (PID=573) to work on /home/airflow/.local/lib/python3.8/site-packages/airflow/example_dags/example_latest_only.py
[2026-04-15T04:57:13.827+0000] {processor.py:830} INFO - Processing file /home/airflow/.local/lib/python3.8/site-packages/airflow/example_dags/example_latest_only.py for tasks to queue
[2026-04-15T04:57:13.828+0000] {logging_mixin.py:188} INFO - [2026-04-15T04:57:13.828+0000] {dagbag.py:538} INFO - Filling up the DagBag from /home/airflow/.local/lib/python3.8/site-packages/airflow/example_dags/example_latest_only.py
[2026-04-15T04:57:13.833+0000] {processor.py:840} INFO - DAG(s) 'latest_only' retrieved from /home/airflow/.local/lib/python3.8/site-packages/airflow/example_dags/example_latest_only.py
[2026-04-15T04:57:13.849+0000] {logging_mixin.py:188} INFO - [2026-04-15T04:57:13.849+0000] {dag.py:3036} INFO - Sync 1 DAGs
[2026-04-15T04:57:13.871+0000] {logging_mixin.py:188} INFO - [2026-04-15T04:57:13.870+0000] {dag.py:3823} INFO - Setting next_dagrun for latest_only to 2026-04-15 00:00:00+00:00, run_after=2026-04-15 04:00:00+00:00
[2026-04-15T04:57:13.889+0000] {processor.py:183} INFO - Processing /home/airflow/.local/lib/python3.8/site-packages/airflow/example_dags/example_latest_only.py took 0.066 seconds
[2026-04-15T04:57:44.036+0000] {processor.py:161} INFO - Started process (PID=629) to work on /home/airflow/.local/lib/python3.8/site-packages/airflow/example_dags/example_latest_only.py
[2026-04-15T04:57:44.036+0000] {processor.py:830} INFO - Processing file /home/airflow/.local/lib/python3.8/site-packages/airflow/example_dags/example_latest_only.py for tasks to queue
[2026-04-15T04:57:44.038+0000] {logging_mixin.py:188} INFO - [2026-04-15T04:57:44.037+0000] {dagbag.py:538} INFO - Filling up the DagBag from /home/airflow/.local/lib/python3.8/site-packages/airflow/example_dags/example_latest_only.py
[2026-04-15T04:57:44.041+0000] {processor.py:840} INFO - DAG(s) 'latest_only' retrieved from /home/airflow/.local/lib/python3.8/site-packages/airflow/example_dags/example_latest_only.py
[2026-04-15T04:57:44.056+0000] {logging_mixin.py:188} INFO - [2026-04-15T04:57:44.056+0000] {dag.py:3036} INFO - Sync 1 DAGs
[2026-04-15T04:57:44.072+0000] {logging_mixin.py:188} INFO - [2026-04-15T04:57:44.072+0000] {dag.py:3823} INFO - Setting next_dagrun for latest_only to 2026-04-15 00:00:00+00:00, run_after=2026-04-15 04:00:00+00:00
[2026-04-15T04:57:44.083+0000] {processor.py:183} INFO - Processing /home/airflow/.local/lib/python3.8/site-packages/airflow/example_dags/example_latest_only.py took 0.050 seconds
[2026-04-15T04:58:14.212+0000] {processor.py:161} INFO - Started process (PID=685) to work on /home/airflow/.local/lib/python3.8/site-packages/airflow/example_dags/example_latest_only.py
[2026-04-15T04:58:14.213+0000] {processor.py:830} INFO - Processing file /home/airflow/.local/lib/python3.8/site-packages/airflow/example_dags/example_latest_only.py for tasks to queue
[2026-04-15T04:58:14.214+0000] {logging_mixin.py:188} INFO - [2026-04-15T04:58:14.214+0000] {dagbag.py:538} INFO - Filling up the DagBag from /home/airflow/.local/lib/python3.8/site-packages/airflow/example_dags/example_latest_only.py
[2026-04-15T04:58:14.218+0000] {processor.py:840} INFO - DAG(s) 'latest_only' retrieved from /home/airflow/.local/lib/python3.8/site-packages/airflow/example_dags/example_latest_only.py
[2026-04-15T04:58:14.232+0000] {logging_mixin.py:188} INFO - [2026-04-15T04:58:14.232+0000] {dag.py:3036} INFO - Sync 1 DAGs
[2026-04-15T04:58:14.247+0000] {logging_mixin.py:188} INFO - [2026-04-15T04:58:14.247+0000] {dag.py:3823} INFO - Setting next_dagrun for latest_only to 2026-04-15 00:00:00+00:00, run_after=2026-04-15 04:00:00+00:00
[2026-04-15T04:58:14.260+0000] {processor.py:183} INFO - Processing /home/airflow/.local/lib/python3.8/site-packages/airflow/example_dags/example_latest_only.py took 0.050 seconds
[2026-04-15T04:58:44.402+0000] {processor.py:161} INFO - Started process (PID=741) to work on /home/airflow/.local/lib/python3.8/site-packages/airflow/example_dags/example_latest_only.py
[2026-04-15T04:58:44.403+0000] {processor.py:830} INFO - Processing file /home/airflow/.local/lib/python3.8/site-packages/airflow/example_dags/example_latest_only.py for tasks to queue
[2026-04-15T04:58:44.404+0000] {logging_mixin.py:188} INFO - [2026-04-15T04:58:44.404+0000] {dagbag.py:538} INFO - Filling up the DagBag from /home/airflow/.local/lib/python3.8/site-packages/airflow/example_dags/example_latest_only.py
[2026-04-15T04:58:44.408+0000] {processor.py:840} INFO - DAG(s) 'latest_only' retrieved from /home/airflow/.local/lib/python3.8/site-packages/airflow/example_dags/example_latest_only.py
[2026-04-15T04:58:44.423+0000] {logging_mixin.py:188} INFO - [2026-04-15T04:58:44.423+0000] {dag.py:3036} INFO - Sync 1 DAGs
[2026-04-15T04:58:44.440+0000] {logging_mixin.py:188} INFO - [2026-04-15T04:58:44.440+0000] {dag.py:3823} INFO - Setting next_dagrun for latest_only to 2026-04-15 00:00:00+00:00, run_after=2026-04-15 04:00:00+00:00
[2026-04-15T04:58:44.453+0000] {processor.py:183} INFO - Processing /home/airflow/.local/lib/python3.8/site-packages/airflow/example_dags/example_latest_only.py took 0.053 seconds
[2026-04-15T04:59:14.615+0000] {processor.py:161} INFO - Started process (PID=797) to work on /home/airflow/.local/lib/python3.8/site-packages/airflow/example_dags/example_latest_only.py
[2026-04-15T04:59:14.616+0000] {processor.py:830} INFO - Processing file /home/airflow/.local/lib/python3.8/site-packages/airflow/example_dags/example_latest_only.py for tasks to queue
[2026-04-15T04:59:14.617+0000] {logging_mixin.py:188} INFO - [2026-04-15T04:59:14.617+0000] {dagbag.py:538} INFO - Filling up the DagBag from /home/airflow/.local/lib/python3.8/site-packages/airflow/example_dags/example_latest_only.py
[2026-04-15T04:59:14.621+0000] {processor.py:840} INFO - DAG(s) 'latest_only' retrieved from /home/airflow/.local/lib/python3.8/site-packages/airflow/example_dags/example_latest_only.py
[2026-04-15T04:59:14.637+0000] {logging_mixin.py:188} INFO - [2026-04-15T04:59:14.636+0000] {dag.py:3036} INFO - Sync 1 DAGs
[2026-04-15T04:59:14.652+0000] {logging_mixin.py:188} INFO - [2026-04-15T04:59:14.652+0000] {dag.py:3823} INFO - Setting next_dagrun for latest_only to 2026-04-15 00:00:00+00:00, run_after=2026-04-15 04:00:00+00:00
[2026-04-15T04:59:14.663+0000] {processor.py:183} INFO - Processing /home/airflow/.local/lib/python3.8/site-packages/airflow/example_dags/example_latest_only.py took 0.051 seconds
[2026-04-15T04:59:45.145+0000] {processor.py:161} INFO - Started process (PID=853) to work on /home/airflow/.local/lib/python3.8/site-packages/airflow/example_dags/example_latest_only.py
[2026-04-15T04:59:45.145+0000] {processor.py:830} INFO - Processing file /home/airflow/.local/lib/python3.8/site-packages/airflow/example_dags/example_latest_only.py for tasks to queue
[2026-04-15T04:59:45.147+0000] {logging_mixin.py:188} INFO - [2026-04-15T04:59:45.146+0000] {dagbag.py:538} INFO - Filling up the DagBag from /home/airflow/.local/lib/python3.8/site-packages/airflow/example_dags/example_latest_only.py
[2026-04-15T04:59:45.150+0000] {processor.py:840} INFO - DAG(s) 'latest_only' retrieved from /home/airflow/.local/lib/python3.8/site-packages/airflow/example_dags/example_latest_only.py
[2026-04-15T04:59:45.166+0000] {logging_mixin.py:188} INFO - [2026-04-15T04:59:45.166+0000] {dag.py:3036} INFO - Sync 1 DAGs
[2026-04-15T04:59:45.184+0000] {logging_mixin.py:188} INFO - [2026-04-15T04:59:45.184+0000] {dag.py:3823} INFO - Setting next_dagrun for latest_only to 2026-04-15 00:00:00+00:00, run_after=2026-04-15 04:00:00+00:00
[2026-04-15T04:59:45.196+0000] {processor.py:183} INFO - Processing /home/airflow/.local/lib/python3.8/site-packages/airflow/example_dags/example_latest_only.py took 0.054 seconds
[2026-04-15T05:00:15.418+0000] {processor.py:161} INFO - Started process (PID=909) to work on /home/airflow/.local/lib/python3.8/site-packages/airflow/example_dags/example_latest_only.py
[2026-04-15T05:00:15.418+0000] {processor.py:830} INFO - Processing file /home/airflow/.local/lib/python3.8/site-packages/airflow/example_dags/example_latest_only.py for tasks to queue
[2026-04-15T05:00:15.420+0000] {logging_mixin.py:188} INFO - [2026-04-15T05:00:15.420+0000] {dagbag.py:538} INFO - Filling up the DagBag from /home/airflow/.local/lib/python3.8/site-packages/airflow/example_dags/example_latest_only.py
[2026-04-15T05:00:15.423+0000] {processor.py:840} INFO - DAG(s) 'latest_only' retrieved from /home/airflow/.local/lib/python3.8/site-packages/airflow/example_dags/example_latest_only.py
[2026-04-15T05:00:15.438+0000] {logging_mixin.py:188} INFO - [2026-04-15T05:00:15.437+0000] {dag.py:3036} INFO - Sync 1 DAGs
[2026-04-15T05:00:15.453+0000] {logging_mixin.py:188} INFO - [2026-04-15T05:00:15.453+0000] {dag.py:3823} INFO - Setting next_dagrun for latest_only to 2026-04-15 00:00:00+00:00, run_after=2026-04-15 04:00:00+00:00
[2026-04-15T05:00:15.465+0000] {processor.py:183} INFO - Processing /home/airflow/.local/lib/python3.8/site-packages/airflow/example_dags/example_latest_only.py took 0.050 seconds
[2026-04-15T05:00:46.099+0000] {processor.py:161} INFO - Started process (PID=965) to work on /home/airflow/.local/lib/python3.8/site-packages/airflow/example_dags/example_latest_only.py
[2026-04-15T05:00:46.099+0000] {processor.py:830} INFO - Processing file /home/airflow/.local/lib/python3.8/site-packages/airflow/example_dags/example_latest_only.py for tasks to queue
[2026-04-15T05:00:46.101+0000] {logging_mixin.py:188} INFO - [2026-04-15T05:00:46.100+0000] {dagbag.py:538} INFO - Filling up the DagBag from /home/airflow/.local/lib/python3.8/site-packages/airflow/example_dags/example_latest_only.py
[2026-04-15T05:00:46.105+0000] {processor.py:840} INFO - DAG(s) 'latest_only' retrieved from /home/airflow/.local/lib/python3.8/site-packages/airflow/example_dags/example_latest_only.py
[2026-04-15T05:00:46.120+0000] {logging_mixin.py:188} INFO - [2026-04-15T05:00:46.119+0000] {dag.py:3036} INFO - Sync 1 DAGs
[2026-04-15T05:00:46.136+0000] {logging_mixin.py:188} INFO - [2026-04-15T05:00:46.135+0000] {dag.py:3823} INFO - Setting next_dagrun for latest_only to 2026-04-15 00:00:00+00:00, run_after=2026-04-15 04:00:00+00:00
[2026-04-15T05:00:46.149+0000] {processor.py:183} INFO - Processing /home/airflow/.local/lib/python3.8/site-packages/airflow/example_dags/example_latest_only.py took 0.053 seconds
[2026-04-15T05:01:16.304+0000] {processor.py:161} INFO - Started process (PID=1021) to work on /home/airflow/.local/lib/python3.8/site-packages/airflow/example_dags/example_latest_only.py
[2026-04-15T05:01:16.305+0000] {processor.py:830} INFO - Processing file /home/airflow/.local/lib/python3.8/site-packages/airflow/example_dags/example_latest_only.py for tasks to queue
[2026-04-15T05:01:16.306+0000] {logging_mixin.py:188} INFO - [2026-04-15T05:01:16.306+0000] {dagbag.py:538} INFO - Filling up the DagBag from /home/airflow/.local/lib/python3.8/site-packages/airflow/example_dags/example_latest_only.py
[2026-04-15T05:01:16.309+0000] {processor.py:840} INFO - DAG(s) 'latest_only' retrieved from /home/airflow/.local/lib/python3.8/site-packages/airflow/example_dags/example_latest_only.py
[2026-04-15T05:01:16.326+0000] {logging_mixin.py:188} INFO - [2026-04-15T05:01:16.326+0000] {dag.py:3036} INFO - Sync 1 DAGs
[2026-04-15T05:01:16.341+0000] {logging_mixin.py:188} INFO - [2026-04-15T05:01:16.341+0000] {dag.py:3823} INFO - Setting next_dagrun for latest_only to 2026-04-15 00:00:00+00:00, run_after=2026-04-15 04:00:00+00:00
[2026-04-15T05:01:16.353+0000] {processor.py:183} INFO - Processing /home/airflow/.local/lib/python3.8/site-packages/airflow/example_dags/example_latest_only.py took 0.051 seconds
[2026-04-15T05:01:46.824+0000] {processor.py:161} INFO - Started process (PID=1077) to work on /home/airflow/.local/lib/python3.8/site-packages/airflow/example_dags/example_latest_only.py
[2026-04-15T05:01:46.825+0000] {processor.py:830} INFO - Processing file /home/airflow/.local/lib/python3.8/site-packages/airflow/example_dags/example_latest_only.py for tasks to queue
[2026-04-15T05:01:46.828+0000] {logging_mixin.py:188} INFO - [2026-04-15T05:01:46.827+0000] {dagbag.py:538} INFO - Filling up the DagBag from /home/airflow/.local/lib/python3.8/site-packages/airflow/example_dags/example_latest_only.py
[2026-04-15T05:01:46.835+0000] {processor.py:840} INFO - DAG(s) 'latest_only' retrieved from /home/airflow/.local/lib/python3.8/site-packages/airflow/example_dags/example_latest_only.py
[2026-04-15T05:01:46.868+0000] {logging_mixin.py:188} INFO - [2026-04-15T05:01:46.868+0000] {dag.py:3036} INFO - Sync 1 DAGs
[2026-04-15T05:01:46.901+0000] {logging_mixin.py:188} INFO - [2026-04-15T05:01:46.901+0000] {dag.py:3823} INFO - Setting next_dagrun for latest_only to 2026-04-15 00:00:00+00:00, run_after=2026-04-15 04:00:00+00:00
[2026-04-15T05:01:46.925+0000] {processor.py:183} INFO - Processing /home/airflow/.local/lib/python3.8/site-packages/airflow/example_dags/example_latest_only.py took 0.106 seconds
[2026-04-15T05:02:17.114+0000] {processor.py:161} INFO - Started process (PID=1133) to work on /home/airflow/.local/lib/python3.8/site-packages/airflow/example_dags/example_latest_only.py
[2026-04-15T05:02:17.116+0000] {processor.py:830} INFO - Processing file /home/airflow/.local/lib/python3.8/site-packages/airflow/example_dags/example_latest_only.py for tasks to queue
[2026-04-15T05:02:17.118+0000] {logging_mixin.py:188} INFO - [2026-04-15T05:02:17.118+0000] {dagbag.py:538} INFO - Filling up the DagBag from /home/airflow/.local/lib/python3.8/site-packages/airflow/example_dags/example_latest_only.py
[2026-04-15T05:02:17.124+0000] {processor.py:840} INFO - DAG(s) 'latest_only' retrieved from /home/airflow/.local/lib/python3.8/site-packages/airflow/example_dags/example_latest_only.py
[2026-04-15T05:02:17.152+0000] {logging_mixin.py:188} INFO - [2026-04-15T05:02:17.152+0000] {dag.py:3036} INFO - Sync 1 DAGs
[2026-04-15T05:02:17.186+0000] {logging_mixin.py:188} INFO - [2026-04-15T05:02:17.186+0000] {dag.py:3823} INFO - Setting next_dagrun for latest_only to 2026-04-15 00:00:00+00:00, run_after=2026-04-15 04:00:00+00:00
[2026-04-15T05:02:17.211+0000] {processor.py:183} INFO - Processing /home/airflow/.local/lib/python3.8/site-packages/airflow/example_dags/example_latest_only.py took 0.101 seconds
[2026-04-15T05:02:47.269+0000] {processor.py:161} INFO - Started process (PID=1189) to work on /home/airflow/.local/lib/python3.8/site-packages/airflow/example_dags/example_latest_only.py
[2026-04-15T05:02:47.270+0000] {processor.py:830} INFO - Processing file /home/airflow/.local/lib/python3.8/site-packages/airflow/example_dags/example_latest_only.py for tasks to queue
[2026-04-15T05:02:47.272+0000] {logging_mixin.py:188} INFO - [2026-04-15T05:02:47.272+0000] {dagbag.py:538} INFO - Filling up the DagBag from /home/airflow/.local/lib/python3.8/site-packages/airflow/example_dags/example_latest_only.py
[2026-04-15T05:02:47.276+0000] {processor.py:840} INFO - DAG(s) 'latest_only' retrieved from /home/airflow/.local/lib/python3.8/site-packages/airflow/example_dags/example_latest_only.py
[2026-04-15T05:02:47.295+0000] {logging_mixin.py:188} INFO - [2026-04-15T05:02:47.294+0000] {dag.py:3036} INFO - Sync 1 DAGs
[2026-04-15T05:02:47.312+0000] {logging_mixin.py:188} INFO - [2026-04-15T05:02:47.312+0000] {dag.py:3823} INFO - Setting next_dagrun for latest_only to 2026-04-15 00:00:00+00:00, run_after=2026-04-15 04:00:00+00:00
[2026-04-15T05:02:47.327+0000] {processor.py:183} INFO - Processing /home/airflow/.local/lib/python3.8/site-packages/airflow/example_dags/example_latest_only.py took 0.061 seconds
[2026-04-15T05:03:17.353+0000] {processor.py:161} INFO - Started process (PID=1245) to work on /home/airflow/.local/lib/python3.8/site-packages/airflow/example_dags/example_latest_only.py
[2026-04-15T05:03:17.354+0000] {processor.py:830} INFO - Processing file /home/airflow/.local/lib/python3.8/site-packages/airflow/example_dags/example_latest_only.py for tasks to queue
[2026-04-15T05:03:17.355+0000] {logging_mixin.py:188} INFO - [2026-04-15T05:03:17.355+0000] {dagbag.py:538} INFO - Filling up the DagBag from /home/airflow/.local/lib/python3.8/site-packages/airflow/example_dags/example_latest_only.py
[2026-04-15T05:03:17.359+0000] {processor.py:840} INFO - DAG(s) 'latest_only' retrieved from /home/airflow/.local/lib/python3.8/site-packages/airflow/example_dags/example_latest_only.py
[2026-04-15T05:03:17.374+0000] {logging_mixin.py:188} INFO - [2026-04-15T05:03:17.373+0000] {dag.py:3036} INFO - Sync 1 DAGs
[2026-04-15T05:03:17.389+0000] {logging_mixin.py:188} INFO - [2026-04-15T05:03:17.389+0000] {dag.py:3823} INFO - Setting next_dagrun for latest_only to 2026-04-15 00:00:00+00:00, run_after=2026-04-15 04:00:00+00:00
[2026-04-15T05:03:17.400+0000] {processor.py:183} INFO - Processing /home/airflow/.local/lib/python3.8/site-packages/airflow/example_dags/example_latest_only.py took 0.050 seconds
[2026-04-15T05:03:47.700+0000] {processor.py:161} INFO - Started process (PID=1301) to work on /home/airflow/.local/lib/python3.8/site-packages/airflow/example_dags/example_latest_only.py
[2026-04-15T05:03:47.701+0000] {processor.py:830} INFO - Processing file /home/airflow/.local/lib/python3.8/site-packages/airflow/example_dags/example_latest_only.py for tasks to queue
[2026-04-15T05:03:47.702+0000] {logging_mixin.py:188} INFO - [2026-04-15T05:03:47.702+0000] {dagbag.py:538} INFO - Filling up the DagBag from /home/airflow/.local/lib/python3.8/site-packages/airflow/example_dags/example_latest_only.py
[2026-04-15T05:03:47.705+0000] {processor.py:840} INFO - DAG(s) 'latest_only' retrieved from /home/airflow/.local/lib/python3.8/site-packages/airflow/example_dags/example_latest_only.py
[2026-04-15T05:03:47.719+0000] {logging_mixin.py:188} INFO - [2026-04-15T05:03:47.719+0000] {dag.py:3036} INFO - Sync 1 DAGs
[2026-04-15T05:03:47.734+0000] {logging_mixin.py:188} INFO - [2026-04-15T05:03:47.734+0000] {dag.py:3823} INFO - Setting next_dagrun for latest_only to 2026-04-15 00:00:00+00:00, run_after=2026-04-15 04:00:00+00:00
[2026-04-15T05:03:47.745+0000] {processor.py:183} INFO - Processing /home/airflow/.local/lib/python3.8/site-packages/airflow/example_dags/example_latest_only.py took 0.048 seconds
[2026-04-15T05:04:18.407+0000] {processor.py:161} INFO - Started process (PID=1357) to work on /home/airflow/.local/lib/python3.8/site-packages/airflow/example_dags/example_latest_only.py
[2026-04-15T05:04:18.408+0000] {processor.py:830} INFO - Processing file /home/airflow/.local/lib/python3.8/site-packages/airflow/example_dags/example_latest_only.py for tasks to queue
[2026-04-15T05:04:18.410+0000] {logging_mixin.py:188} INFO - [2026-04-15T05:04:18.410+0000] {dagbag.py:538} INFO - Filling up the DagBag from /home/airflow/.local/lib/python3.8/site-packages/airflow/example_dags/example_latest_only.py
[2026-04-15T05:04:18.416+0000] {processor.py:840} INFO - DAG(s) 'latest_only' retrieved from /home/airflow/.local/lib/python3.8/site-packages/airflow/example_dags/example_latest_only.py
[2026-04-15T05:04:18.443+0000] {logging_mixin.py:188} INFO - [2026-04-15T05:04:18.442+0000] {dag.py:3036} INFO - Sync 1 DAGs
[2026-04-15T05:04:18.472+0000] {logging_mixin.py:188} INFO - [2026-04-15T05:04:18.471+0000] {dag.py:3823} INFO - Setting next_dagrun for latest_only to 2026-04-15 00:00:00+00:00, run_after=2026-04-15 04:00:00+00:00
[2026-04-15T05:04:18.495+0000] {processor.py:183} INFO - Processing /home/airflow/.local/lib/python3.8/site-packages/airflow/example_dags/example_latest_only.py took 0.093 seconds
[2026-04-15T05:04:49.070+0000] {processor.py:161} INFO - Started process (PID=1413) to work on /home/airflow/.local/lib/python3.8/site-packages/airflow/example_dags/example_latest_only.py
[2026-04-15T05:04:49.071+0000] {processor.py:830} INFO - Processing file /home/airflow/.local/lib/python3.8/site-packages/airflow/example_dags/example_latest_only.py for tasks to queue
[2026-04-15T05:04:49.072+0000] {logging_mixin.py:188} INFO - [2026-04-15T05:04:49.072+0000] {dagbag.py:538} INFO - Filling up the DagBag from /home/airflow/.local/lib/python3.8/site-packages/airflow/example_dags/example_latest_only.py
[2026-04-15T05:04:49.077+0000] {processor.py:840} INFO - DAG(s) 'latest_only' retrieved from /home/airflow/.local/lib/python3.8/site-packages/airflow/example_dags/example_latest_only.py
[2026-04-15T05:04:49.094+0000] {logging_mixin.py:188} INFO - [2026-04-15T05:04:49.093+0000] {dag.py:3036} INFO - Sync 1 DAGs
[2026-04-15T05:04:49.112+0000] {logging_mixin.py:188} INFO - [2026-04-15T05:04:49.112+0000] {dag.py:3823} INFO - Setting next_dagrun for latest_only to 2026-04-15 00:00:00+00:00, run_after=2026-04-15 04:00:00+00:00
[2026-04-15T05:04:49.127+0000] {processor.py:183} INFO - Processing /home/airflow/.local/lib/python3.8/site-packages/airflow/example_dags/example_latest_only.py took 0.060 seconds
[2026-04-15T05:05:19.707+0000] {processor.py:161} INFO - Started process (PID=1469) to work on /home/airflow/.local/lib/python3.8/site-packages/airflow/example_dags/example_latest_only.py
[2026-04-15T05:05:19.708+0000] {processor.py:830} INFO - Processing file /home/airflow/.local/lib/python3.8/site-packages/airflow/example_dags/example_latest_only.py for tasks to queue
[2026-04-15T05:05:19.709+0000] {logging_mixin.py:188} INFO - [2026-04-15T05:05:19.709+0000] {dagbag.py:538} INFO - Filling up the DagBag from /home/airflow/.local/lib/python3.8/site-packages/airflow/example_dags/example_latest_only.py
[2026-04-15T05:05:19.712+0000] {processor.py:840} INFO - DAG(s) 'latest_only' retrieved from /home/airflow/.local/lib/python3.8/site-packages/airflow/example_dags/example_latest_only.py
[2026-04-15T05:05:19.727+0000] {logging_mixin.py:188} INFO - [2026-04-15T05:05:19.727+0000] {dag.py:3036} INFO - Sync 1 DAGs
[2026-04-15T05:05:19.743+0000] {logging_mixin.py:188} INFO - [2026-04-15T05:05:19.742+0000] {dag.py:3823} INFO - Setting next_dagrun for latest_only to 2026-04-15 00:00:00+00:00, run_after=2026-04-15 04:00:00+00:00
[2026-04-15T05:05:19.754+0000] {processor.py:183} INFO - Processing /home/airflow/.local/lib/python3.8/site-packages/airflow/example_dags/example_latest_only.py took 0.050 seconds
[2026-04-15T05:05:50.098+0000] {processor.py:161} INFO - Started process (PID=1525) to work on /home/airflow/.local/lib/python3.8/site-packages/airflow/example_dags/example_latest_only.py
[2026-04-15T05:05:50.099+0000] {processor.py:830} INFO - Processing file /home/airflow/.local/lib/python3.8/site-packages/airflow/example_dags/example_latest_only.py for tasks to queue
[2026-04-15T05:05:50.100+0000] {logging_mixin.py:188} INFO - [2026-04-15T05:05:50.100+0000] {dagbag.py:538} INFO - Filling up the DagBag from /home/airflow/.local/lib/python3.8/site-packages/airflow/example_dags/example_latest_only.py
[2026-04-15T05:05:50.104+0000] {processor.py:840} INFO - DAG(s) 'latest_only' retrieved from /home/airflow/.local/lib/python3.8/site-packages/airflow/example_dags/example_latest_only.py
[2026-04-15T05:05:50.119+0000] {logging_mixin.py:188} INFO - [2026-04-15T05:05:50.119+0000] {dag.py:3036} INFO - Sync 1 DAGs
[2026-04-15T05:05:50.135+0000] {logging_mixin.py:188} INFO - [2026-04-15T05:05:50.135+0000] {dag.py:3823} INFO - Setting next_dagrun for latest_only to 2026-04-15 00:00:00+00:00, run_after=2026-04-15 04:00:00+00:00
[2026-04-15T05:05:50.147+0000] {processor.py:183} INFO - Processing /home/airflow/.local/lib/python3.8/site-packages/airflow/example_dags/example_latest_only.py took 0.052 seconds
[2026-04-15T05:06:20.204+0000] {processor.py:161} INFO - Started process (PID=1581) to work on /home/airflow/.local/lib/python3.8/site-packages/airflow/example_dags/example_latest_only.py
[2026-04-15T05:06:20.205+0000] {processor.py:830} INFO - Processing file /home/airflow/.local/lib/python3.8/site-packages/airflow/example_dags/example_latest_only.py for tasks to queue
[2026-04-15T05:06:20.207+0000] {logging_mixin.py:188} INFO - [2026-04-15T05:06:20.206+0000] {dagbag.py:538} INFO - Filling up the DagBag from /home/airflow/.local/lib/python3.8/site-packages/airflow/example_dags/example_latest_only.py
[2026-04-15T05:06:20.210+0000] {processor.py:840} INFO - DAG(s) 'latest_only' retrieved from /home/airflow/.local/lib/python3.8/site-packages/airflow/example_dags/example_latest_only.py
[2026-04-15T05:06:20.225+0000] {logging_mixin.py:188} INFO - [2026-04-15T05:06:20.225+0000] {dag.py:3036} INFO - Sync 1 DAGs
[2026-04-15T05:06:20.240+0000] {logging_mixin.py:188} INFO - [2026-04-15T05:06:20.240+0000] {dag.py:3823} INFO - Setting next_dagrun for latest_only to 2026-04-15 00:00:00+00:00, run_after=2026-04-15 04:00:00+00:00
[2026-04-15T05:06:20.252+0000] {processor.py:183} INFO - Processing /home/airflow/.local/lib/python3.8/site-packages/airflow/example_dags/example_latest_only.py took 0.050 seconds
[2026-04-15T05:06:50.362+0000] {processor.py:161} INFO - Started process (PID=1637) to work on /home/airflow/.local/lib/python3.8/site-packages/airflow/example_dags/example_latest_only.py
[2026-04-15T05:06:50.362+0000] {processor.py:830} INFO - Processing file /home/airflow/.local/lib/python3.8/site-packages/airflow/example_dags/example_latest_only.py for tasks to queue
[2026-04-15T05:06:50.363+0000] {logging_mixin.py:188} INFO - [2026-04-15T05:06:50.363+0000] {dagbag.py:538} INFO - Filling up the DagBag from /home/airflow/.local/lib/python3.8/site-packages/airflow/example_dags/example_latest_only.py
[2026-04-15T05:06:50.368+0000] {processor.py:840} INFO - DAG(s) 'latest_only' retrieved from /home/airflow/.local/lib/python3.8/site-packages/airflow/example_dags/example_latest_only.py
[2026-04-15T05:06:50.385+0000] {logging_mixin.py:188} INFO - [2026-04-15T05:06:50.385+0000] {dag.py:3036} INFO - Sync 1 DAGs
[2026-04-15T05:06:50.403+0000] {logging_mixin.py:188} INFO - [2026-04-15T05:06:50.403+0000] {dag.py:3823} INFO - Setting next_dagrun for latest_only to 2026-04-15 00:00:00+00:00, run_after=2026-04-15 04:00:00+00:00
[2026-04-15T05:06:50.414+0000] {processor.py:183} INFO - Processing /home/airflow/.local/lib/python3.8/site-packages/airflow/example_dags/example_latest_only.py took 0.055 seconds
[2026-04-15T05:07:21.061+0000] {processor.py:161} INFO - Started process (PID=1693) to work on /home/airflow/.local/lib/python3.8/site-packages/airflow/example_dags/example_latest_only.py
[2026-04-15T05:07:21.062+0000] {processor.py:830} INFO - Processing file /home/airflow/.local/lib/python3.8/site-packages/airflow/example_dags/example_latest_only.py for tasks to queue
[2026-04-15T05:07:21.064+0000] {logging_mixin.py:188} INFO - [2026-04-15T05:07:21.063+0000] {dagbag.py:538} INFO - Filling up the DagBag from /home/airflow/.local/lib/python3.8/site-packages/airflow/example_dags/example_latest_only.py
[2026-04-15T05:07:21.070+0000] {processor.py:840} INFO - DAG(s) 'latest_only' retrieved from /home/airflow/.local/lib/python3.8/site-packages/airflow/example_dags/example_latest_only.py
[2026-04-15T05:07:21.094+0000] {logging_mixin.py:188} INFO - [2026-04-15T05:07:21.094+0000] {dag.py:3036} INFO - Sync 1 DAGs
[2026-04-15T05:07:21.123+0000] {logging_mixin.py:188} INFO - [2026-04-15T05:07:21.123+0000] {dag.py:3823} INFO - Setting next_dagrun for latest_only to 2026-04-15 00:00:00+00:00, run_after=2026-04-15 04:00:00+00:00
[2026-04-15T05:07:21.141+0000] {processor.py:183} INFO - Processing /home/airflow/.local/lib/python3.8/site-packages/airflow/example_dags/example_latest_only.py took 0.085 seconds
[2026-04-15T05:07:51.201+0000] {processor.py:161} INFO - Started process (PID=1749) to work on /home/airflow/.local/lib/python3.8/site-packages/airflow/example_dags/example_latest_only.py
[2026-04-15T05:07:51.201+0000] {processor.py:830} INFO - Processing file /home/airflow/.local/lib/python3.8/site-packages/airflow/example_dags/example_latest_only.py for tasks to queue
[2026-04-15T05:07:51.203+0000] {logging_mixin.py:188} INFO - [2026-04-15T05:07:51.202+0000] {dagbag.py:538} INFO - Filling up the DagBag from /home/airflow/.local/lib/python3.8/site-packages/airflow/example_dags/example_latest_only.py
[2026-04-15T05:07:51.206+0000] {processor.py:840} INFO - DAG(s) 'latest_only' retrieved from /home/airflow/.local/lib/python3.8/site-packages/airflow/example_dags/example_latest_only.py
[2026-04-15T05:07:51.220+0000] {logging_mixin.py:188} INFO - [2026-04-15T05:07:51.220+0000] {dag.py:3036} INFO - Sync 1 DAGs
[2026-04-15T05:07:51.236+0000] {logging_mixin.py:188} INFO - [2026-04-15T05:07:51.235+0000] {dag.py:3823} INFO - Setting next_dagrun for latest_only to 2026-04-15 00:00:00+00:00, run_after=2026-04-15 04:00:00+00:00
[2026-04-15T05:07:51.247+0000] {processor.py:183} INFO - Processing /home/airflow/.local/lib/python3.8/site-packages/airflow/example_dags/example_latest_only.py took 0.049 seconds
[2026-04-15T05:08:22.063+0000] {processor.py:161} INFO - Started process (PID=1805) to work on /home/airflow/.local/lib/python3.8/site-packages/airflow/example_dags/example_latest_only.py
[2026-04-15T05:08:22.064+0000] {processor.py:830} INFO - Processing file /home/airflow/.local/lib/python3.8/site-packages/airflow/example_dags/example_latest_only.py for tasks to queue
[2026-04-15T05:08:22.066+0000] {logging_mixin.py:188} INFO - [2026-04-15T05:08:22.066+0000] {dagbag.py:538} INFO - Filling up the DagBag from /home/airflow/.local/lib/python3.8/site-packages/airflow/example_dags/example_latest_only.py
[2026-04-15T05:08:22.073+0000] {processor.py:840} INFO - DAG(s) 'latest_only' retrieved from /home/airflow/.local/lib/python3.8/site-packages/airflow/example_dags/example_latest_only.py
[2026-04-15T05:08:22.103+0000] {logging_mixin.py:188} INFO - [2026-04-15T05:08:22.102+0000] {dag.py:3036} INFO - Sync 1 DAGs
[2026-04-15T05:08:22.136+0000] {logging_mixin.py:188} INFO - [2026-04-15T05:08:22.136+0000] {dag.py:3823} INFO - Setting next_dagrun for latest_only to 2026-04-15 00:00:00+00:00, run_after=2026-04-15 04:00:00+00:00
[2026-04-15T05:08:22.166+0000] {processor.py:183} INFO - Processing /home/airflow/.local/lib/python3.8/site-packages/airflow/example_dags/example_latest_only.py took 0.108 seconds
[2026-04-15T05:08:52.724+0000] {processor.py:161} INFO - Started process (PID=1861) to work on /home/airflow/.local/lib/python3.8/site-packages/airflow/example_dags/example_latest_only.py
[2026-04-15T05:08:52.725+0000] {processor.py:830} INFO - Processing file /home/airflow/.local/lib/python3.8/site-packages/airflow/example_dags/example_latest_only.py for tasks to queue
[2026-04-15T05:08:52.726+0000] {logging_mixin.py:188} INFO - [2026-04-15T05:08:52.726+0000] {dagbag.py:538} INFO - Filling up the DagBag from /home/airflow/.local/lib/python3.8/site-packages/airflow/example_dags/example_latest_only.py
[2026-04-15T05:08:52.731+0000] {processor.py:840} INFO - DAG(s) 'latest_only' retrieved from /home/airflow/.local/lib/python3.8/site-packages/airflow/example_dags/example_latest_only.py
[2026-04-15T05:08:52.749+0000] {logging_mixin.py:188} INFO - [2026-04-15T05:08:52.749+0000] {dag.py:3036} INFO - Sync 1 DAGs
[2026-04-15T05:08:52.767+0000] {logging_mixin.py:188} INFO - [2026-04-15T05:08:52.767+0000] {dag.py:3823} INFO - Setting next_dagrun for latest_only to 2026-04-15 00:00:00+00:00, run_after=2026-04-15 04:00:00+00:00
[2026-04-15T05:08:52.782+0000] {processor.py:183} INFO - Processing /home/airflow/.local/lib/python3.8/site-packages/airflow/example_dags/example_latest_only.py took 0.061 seconds
[2026-04-15T05:09:22.800+0000] {processor.py:161} INFO - Started process (PID=1917) to work on /home/airflow/.local/lib/python3.8/site-packages/airflow/example_dags/example_latest_only.py
[2026-04-15T05:09:22.801+0000] {processor.py:830} INFO - Processing file /home/airflow/.local/lib/python3.8/site-packages/airflow/example_dags/example_latest_only.py for tasks to queue
[2026-04-15T05:09:22.802+0000] {logging_mixin.py:188} INFO - [2026-04-15T05:09:22.802+0000] {dagbag.py:538} INFO - Filling up the DagBag from /home/airflow/.local/lib/python3.8/site-packages/airflow/example_dags/example_latest_only.py
[2026-04-15T05:09:22.806+0000] {processor.py:840} INFO - DAG(s) 'latest_only' retrieved from /home/airflow/.local/lib/python3.8/site-packages/airflow/example_dags/example_latest_only.py
[2026-04-15T05:09:22.821+0000] {logging_mixin.py:188} INFO - [2026-04-15T05:09:22.821+0000] {dag.py:3036} INFO - Sync 1 DAGs
[2026-04-15T05:09:22.836+0000] {logging_mixin.py:188} INFO - [2026-04-15T05:09:22.836+0000] {dag.py:3823} INFO - Setting next_dagrun for latest_only to 2026-04-15 00:00:00+00:00, run_after=2026-04-15 04:00:00+00:00
[2026-04-15T05:09:22.848+0000] {processor.py:183} INFO - Processing /home/airflow/.local/lib/python3.8/site-packages/airflow/example_dags/example_latest_only.py took 0.050 seconds
[2026-04-15T05:09:52.949+0000] {processor.py:161} INFO - Started process (PID=1973) to work on /home/airflow/.local/lib/python3.8/site-packages/airflow/example_dags/example_latest_only.py
[2026-04-15T05:09:52.949+0000] {processor.py:830} INFO - Processing file /home/airflow/.local/lib/python3.8/site-packages/airflow/example_dags/example_latest_only.py for tasks to queue
[2026-04-15T05:09:52.951+0000] {logging_mixin.py:188} INFO - [2026-04-15T05:09:52.950+0000] {dagbag.py:538} INFO - Filling up the DagBag from /home/airflow/.local/lib/python3.8/site-packages/airflow/example_dags/example_latest_only.py
[2026-04-15T05:09:52.954+0000] {processor.py:840} INFO - DAG(s) 'latest_only' retrieved from /home/airflow/.local/lib/python3.8/site-packages/airflow/example_dags/example_latest_only.py
[2026-04-15T05:09:52.968+0000] {logging_mixin.py:188} INFO - [2026-04-15T05:09:52.967+0000] {dag.py:3036} INFO - Sync 1 DAGs
[2026-04-15T05:09:52.983+0000] {logging_mixin.py:188} INFO - [2026-04-15T05:09:52.983+0000] {dag.py:3823} INFO - Setting next_dagrun for latest_only to 2026-04-15 00:00:00+00:00, run_after=2026-04-15 04:00:00+00:00
[2026-04-15T05:09:52.995+0000] {processor.py:183} INFO - Processing /home/airflow/.local/lib/python3.8/site-packages/airflow/example_dags/example_latest_only.py took 0.049 seconds
[2026-04-15T05:10:23.262+0000] {processor.py:161} INFO - Started process (PID=2029) to work on /home/airflow/.local/lib/python3.8/site-packages/airflow/example_dags/example_latest_only.py
[2026-04-15T05:10:23.262+0000] {processor.py:830} INFO - Processing file /home/airflow/.local/lib/python3.8/site-packages/airflow/example_dags/example_latest_only.py for tasks to queue
[2026-04-15T05:10:23.263+0000] {logging_mixin.py:188} INFO - [2026-04-15T05:10:23.263+0000] {dagbag.py:538} INFO - Filling up the DagBag from /home/airflow/.local/lib/python3.8/site-packages/airflow/example_dags/example_latest_only.py
[2026-04-15T05:10:23.267+0000] {processor.py:840} INFO - DAG(s) 'latest_only' retrieved from /home/airflow/.local/lib/python3.8/site-packages/airflow/example_dags/example_latest_only.py
[2026-04-15T05:10:23.281+0000] {logging_mixin.py:188} INFO - [2026-04-15T05:10:23.281+0000] {dag.py:3036} INFO - Sync 1 DAGs
[2026-04-15T05:10:23.297+0000] {logging_mixin.py:188} INFO - [2026-04-15T05:10:23.297+0000] {dag.py:3823} INFO - Setting next_dagrun for latest_only to 2026-04-15 00:00:00+00:00, run_after=2026-04-15 04:00:00+00:00
[2026-04-15T05:10:23.311+0000] {processor.py:183} INFO - Processing /home/airflow/.local/lib/python3.8/site-packages/airflow/example_dags/example_latest_only.py took 0.051 seconds
[2026-04-15T05:10:53.514+0000] {processor.py:161} INFO - Started process (PID=2085) to work on /home/airflow/.local/lib/python3.8/site-packages/airflow/example_dags/example_latest_only.py
[2026-04-15T05:10:53.515+0000] {processor.py:830} INFO - Processing file /home/airflow/.local/lib/python3.8/site-packages/airflow/example_dags/example_latest_only.py for tasks to queue
[2026-04-15T05:10:53.516+0000] {logging_mixin.py:188} INFO - [2026-04-15T05:10:53.516+0000] {dagbag.py:538} INFO - Filling up the DagBag from /home/airflow/.local/lib/python3.8/site-packages/airflow/example_dags/example_latest_only.py
[2026-04-15T05:10:53.520+0000] {processor.py:840} INFO - DAG(s) 'latest_only' retrieved from /home/airflow/.local/lib/python3.8/site-packages/airflow/example_dags/example_latest_only.py
[2026-04-15T05:10:53.535+0000] {logging_mixin.py:188} INFO - [2026-04-15T05:10:53.534+0000] {dag.py:3036} INFO - Sync 1 DAGs
[2026-04-15T05:10:53.550+0000] {logging_mixin.py:188} INFO - [2026-04-15T05:10:53.549+0000] {dag.py:3823} INFO - Setting next_dagrun for latest_only to 2026-04-15 00:00:00+00:00, run_after=2026-04-15 04:00:00+00:00
[2026-04-15T05:10:53.561+0000] {processor.py:183} INFO - Processing /home/airflow/.local/lib/python3.8/site-packages/airflow/example_dags/example_latest_only.py took 0.049 seconds
[2026-04-15T05:11:23.902+0000] {processor.py:161} INFO - Started process (PID=2141) to work on /home/airflow/.local/lib/python3.8/site-packages/airflow/example_dags/example_latest_only.py
[2026-04-15T05:11:23.902+0000] {processor.py:830} INFO - Processing file /home/airflow/.local/lib/python3.8/site-packages/airflow/example_dags/example_latest_only.py for tasks to queue
[2026-04-15T05:11:23.903+0000] {logging_mixin.py:188} INFO - [2026-04-15T05:11:23.903+0000] {dagbag.py:538} INFO - Filling up the DagBag from /home/airflow/.local/lib/python3.8/site-packages/airflow/example_dags/example_latest_only.py
[2026-04-15T05:11:23.907+0000] {processor.py:840} INFO - DAG(s) 'latest_only' retrieved from /home/airflow/.local/lib/python3.8/site-packages/airflow/example_dags/example_latest_only.py
[2026-04-15T05:11:23.921+0000] {logging_mixin.py:188} INFO - [2026-04-15T05:11:23.921+0000] {dag.py:3036} INFO - Sync 1 DAGs
[2026-04-15T05:11:23.936+0000] {logging_mixin.py:188} INFO - [2026-04-15T05:11:23.936+0000] {dag.py:3823} INFO - Setting next_dagrun for latest_only to 2026-04-15 00:00:00+00:00, run_after=2026-04-15 04:00:00+00:00
[2026-04-15T05:11:23.947+0000] {processor.py:183} INFO - Processing /home/airflow/.local/lib/python3.8/site-packages/airflow/example_dags/example_latest_only.py took 0.048 seconds
[2026-04-15T05:11:54.359+0000] {processor.py:161} INFO - Started process (PID=2197) to work on /home/airflow/.local/lib/python3.8/site-packages/airflow/example_dags/example_latest_only.py
[2026-04-15T05:11:54.360+0000] {processor.py:830} INFO - Processing file /home/airflow/.local/lib/python3.8/site-packages/airflow/example_dags/example_latest_only.py for tasks to queue
[2026-04-15T05:11:54.361+0000] {logging_mixin.py:188} INFO - [2026-04-15T05:11:54.361+0000] {dagbag.py:538} INFO - Filling up the DagBag from /home/airflow/.local/lib/python3.8/site-packages/airflow/example_dags/example_latest_only.py
[2026-04-15T05:11:54.364+0000] {processor.py:840} INFO - DAG(s) 'latest_only' retrieved from /home/airflow/.local/lib/python3.8/site-packages/airflow/example_dags/example_latest_only.py
[2026-04-15T05:11:54.379+0000] {logging_mixin.py:188} INFO - [2026-04-15T05:11:54.379+0000] {dag.py:3036} INFO - Sync 1 DAGs
[2026-04-15T05:11:54.394+0000] {logging_mixin.py:188} INFO - [2026-04-15T05:11:54.394+0000] {dag.py:3823} INFO - Setting next_dagrun for latest_only to 2026-04-15 00:00:00+00:00, run_after=2026-04-15 04:00:00+00:00
[2026-04-15T05:11:54.405+0000] {processor.py:183} INFO - Processing /home/airflow/.local/lib/python3.8/site-packages/airflow/example_dags/example_latest_only.py took 0.048 seconds
[2026-04-15T05:12:24.781+0000] {processor.py:161} INFO - Started process (PID=2253) to work on /home/airflow/.local/lib/python3.8/site-packages/airflow/example_dags/example_latest_only.py
[2026-04-15T05:12:24.781+0000] {processor.py:830} INFO - Processing file /home/airflow/.local/lib/python3.8/site-packages/airflow/example_dags/example_latest_only.py for tasks to queue
[2026-04-15T05:12:24.783+0000] {logging_mixin.py:188} INFO - [2026-04-15T05:12:24.783+0000] {dagbag.py:538} INFO - Filling up the DagBag from /home/airflow/.local/lib/python3.8/site-packages/airflow/example_dags/example_latest_only.py
[2026-04-15T05:12:24.786+0000] {processor.py:840} INFO - DAG(s) 'latest_only' retrieved from /home/airflow/.local/lib/python3.8/site-packages/airflow/example_dags/example_latest_only.py
[2026-04-15T05:12:24.800+0000] {logging_mixin.py:188} INFO - [2026-04-15T05:12:24.800+0000] {dag.py:3036} INFO - Sync 1 DAGs
[2026-04-15T05:12:24.816+0000] {logging_mixin.py:188} INFO - [2026-04-15T05:12:24.816+0000] {dag.py:3823} INFO - Setting next_dagrun for latest_only to 2026-04-15 00:00:00+00:00, run_after=2026-04-15 04:00:00+00:00
[2026-04-15T05:12:24.827+0000] {processor.py:183} INFO - Processing /home/airflow/.local/lib/python3.8/site-packages/airflow/example_dags/example_latest_only.py took 0.049 seconds
[2026-04-15T05:12:55.175+0000] {processor.py:161} INFO - Started process (PID=2309) to work on /home/airflow/.local/lib/python3.8/site-packages/airflow/example_dags/example_latest_only.py
[2026-04-15T05:12:55.176+0000] {processor.py:830} INFO - Processing file /home/airflow/.local/lib/python3.8/site-packages/airflow/example_dags/example_latest_only.py for tasks to queue
[2026-04-15T05:12:55.177+0000] {logging_mixin.py:188} INFO - [2026-04-15T05:12:55.177+0000] {dagbag.py:538} INFO - Filling up the DagBag from /home/airflow/.local/lib/python3.8/site-packages/airflow/example_dags/example_latest_only.py
[2026-04-15T05:12:55.181+0000] {processor.py:840} INFO - DAG(s) 'latest_only' retrieved from /home/airflow/.local/lib/python3.8/site-packages/airflow/example_dags/example_latest_only.py
[2026-04-15T05:12:55.194+0000] {logging_mixin.py:188} INFO - [2026-04-15T05:12:55.194+0000] {dag.py:3036} INFO - Sync 1 DAGs
[2026-04-15T05:12:55.208+0000] {logging_mixin.py:188} INFO - [2026-04-15T05:12:55.208+0000] {dag.py:3823} INFO - Setting next_dagrun for latest_only to 2026-04-15 00:00:00+00:00, run_after=2026-04-15 04:00:00+00:00
[2026-04-15T05:12:55.219+0000] {processor.py:183} INFO - Processing /home/airflow/.local/lib/python3.8/site-packages/airflow/example_dags/example_latest_only.py took 0.046 seconds
[2026-04-15T05:13:25.674+0000] {processor.py:161} INFO - Started process (PID=2365) to work on /home/airflow/.local/lib/python3.8/site-packages/airflow/example_dags/example_latest_only.py
[2026-04-15T05:13:25.675+0000] {processor.py:830} INFO - Processing file /home/airflow/.local/lib/python3.8/site-packages/airflow/example_dags/example_latest_only.py for tasks to queue
[2026-04-15T05:13:25.678+0000] {logging_mixin.py:188} INFO - [2026-04-15T05:13:25.677+0000] {dagbag.py:538} INFO - Filling up the DagBag from /home/airflow/.local/lib/python3.8/site-packages/airflow/example_dags/example_latest_only.py
[2026-04-15T05:13:25.683+0000] {processor.py:840} INFO - DAG(s) 'latest_only' retrieved from /home/airflow/.local/lib/python3.8/site-packages/airflow/example_dags/example_latest_only.py
[2026-04-15T05:13:25.708+0000] {logging_mixin.py:188} INFO - [2026-04-15T05:13:25.708+0000] {dag.py:3036} INFO - Sync 1 DAGs
[2026-04-15T05:13:25.736+0000] {logging_mixin.py:188} INFO - [2026-04-15T05:13:25.735+0000] {dag.py:3823} INFO - Setting next_dagrun for latest_only to 2026-04-15 00:00:00+00:00, run_after=2026-04-15 04:00:00+00:00
[2026-04-15T05:13:25.758+0000] {processor.py:183} INFO - Processing /home/airflow/.local/lib/python3.8/site-packages/airflow/example_dags/example_latest_only.py took 0.087 seconds
[2026-04-15T05:13:56.466+0000] {processor.py:161} INFO - Started process (PID=2421) to work on /home/airflow/.local/lib/python3.8/site-packages/airflow/example_dags/example_latest_only.py
[2026-04-15T05:13:56.467+0000] {processor.py:830} INFO - Processing file /home/airflow/.local/lib/python3.8/site-packages/airflow/example_dags/example_latest_only.py for tasks to queue
[2026-04-15T05:13:56.468+0000] {logging_mixin.py:188} INFO - [2026-04-15T05:13:56.468+0000] {dagbag.py:538} INFO - Filling up the DagBag from /home/airflow/.local/lib/python3.8/site-packages/airflow/example_dags/example_latest_only.py
[2026-04-15T05:13:56.472+0000] {processor.py:840} INFO - DAG(s) 'latest_only' retrieved from /home/airflow/.local/lib/python3.8/site-packages/airflow/example_dags/example_latest_only.py
[2026-04-15T05:13:56.487+0000] {logging_mixin.py:188} INFO - [2026-04-15T05:13:56.487+0000] {dag.py:3036} INFO - Sync 1 DAGs
[2026-04-15T05:13:56.503+0000] {logging_mixin.py:188} INFO - [2026-04-15T05:13:56.503+0000] {dag.py:3823} INFO - Setting next_dagrun for latest_only to 2026-04-15 00:00:00+00:00, run_after=2026-04-15 04:00:00+00:00
[2026-04-15T05:13:56.514+0000] {processor.py:183} INFO - Processing /home/airflow/.local/lib/python3.8/site-packages/airflow/example_dags/example_latest_only.py took 0.050 seconds
[2026-04-15T05:14:27.305+0000] {processor.py:161} INFO - Started process (PID=2475) to work on /home/airflow/.local/lib/python3.8/site-packages/airflow/example_dags/example_latest_only.py
[2026-04-15T05:14:27.306+0000] {processor.py:830} INFO - Processing file /home/airflow/.local/lib/python3.8/site-packages/airflow/example_dags/example_latest_only.py for tasks to queue
[2026-04-15T05:14:27.307+0000] {logging_mixin.py:188} INFO - [2026-04-15T05:14:27.307+0000] {dagbag.py:538} INFO - Filling up the DagBag from /home/airflow/.local/lib/python3.8/site-packages/airflow/example_dags/example_latest_only.py
[2026-04-15T05:14:27.312+0000] {processor.py:840} INFO - DAG(s) 'latest_only' retrieved from /home/airflow/.local/lib/python3.8/site-packages/airflow/example_dags/example_latest_only.py
[2026-04-15T05:14:27.456+0000] {logging_mixin.py:188} INFO - [2026-04-15T05:14:27.456+0000] {dag.py:3036} INFO - Sync 1 DAGs
[2026-04-15T05:14:27.473+0000] {logging_mixin.py:188} INFO - [2026-04-15T05:14:27.472+0000] {dag.py:3823} INFO - Setting next_dagrun for latest_only to 2026-04-15 00:00:00+00:00, run_after=2026-04-15 04:00:00+00:00
[2026-04-15T05:14:27.487+0000] {processor.py:183} INFO - Processing /home/airflow/.local/lib/python3.8/site-packages/airflow/example_dags/example_latest_only.py took 0.185 seconds
[2026-04-15T05:14:58.365+0000] {processor.py:161} INFO - Started process (PID=2531) to work on /home/airflow/.local/lib/python3.8/site-packages/airflow/example_dags/example_latest_only.py
[2026-04-15T05:14:58.368+0000] {processor.py:830} INFO - Processing file /home/airflow/.local/lib/python3.8/site-packages/airflow/example_dags/example_latest_only.py for tasks to queue
[2026-04-15T05:14:58.370+0000] {logging_mixin.py:188} INFO - [2026-04-15T05:14:58.369+0000] {dagbag.py:538} INFO - Filling up the DagBag from /home/airflow/.local/lib/python3.8/site-packages/airflow/example_dags/example_latest_only.py
[2026-04-15T05:14:58.373+0000] {processor.py:840} INFO - DAG(s) 'latest_only' retrieved from /home/airflow/.local/lib/python3.8/site-packages/airflow/example_dags/example_latest_only.py
[2026-04-15T05:14:58.388+0000] {logging_mixin.py:188} INFO - [2026-04-15T05:14:58.388+0000] {dag.py:3036} INFO - Sync 1 DAGs
[2026-04-15T05:14:58.403+0000] {logging_mixin.py:188} INFO - [2026-04-15T05:14:58.403+0000] {dag.py:3823} INFO - Setting next_dagrun for latest_only to 2026-04-15 00:00:00+00:00, run_after=2026-04-15 04:00:00+00:00
[2026-04-15T05:14:58.416+0000] {processor.py:183} INFO - Processing /home/airflow/.local/lib/python3.8/site-packages/airflow/example_dags/example_latest_only.py took 0.053 seconds
[2026-04-15T05:15:28.503+0000] {processor.py:161} INFO - Started process (PID=2587) to work on /home/airflow/.local/lib/python3.8/site-packages/airflow/example_dags/example_latest_only.py
[2026-04-15T05:15:28.504+0000] {processor.py:830} INFO - Processing file /home/airflow/.local/lib/python3.8/site-packages/airflow/example_dags/example_latest_only.py for tasks to queue
[2026-04-15T05:15:28.505+0000] {logging_mixin.py:188} INFO - [2026-04-15T05:15:28.505+0000] {dagbag.py:538} INFO - Filling up the DagBag from /home/airflow/.local/lib/python3.8/site-packages/airflow/example_dags/example_latest_only.py
[2026-04-15T05:15:28.509+0000] {processor.py:840} INFO - DAG(s) 'latest_only' retrieved from /home/airflow/.local/lib/python3.8/site-packages/airflow/example_dags/example_latest_only.py
[2026-04-15T05:15:28.524+0000] {logging_mixin.py:188} INFO - [2026-04-15T05:15:28.524+0000] {dag.py:3036} INFO - Sync 1 DAGs
[2026-04-15T05:15:28.541+0000] {logging_mixin.py:188} INFO - [2026-04-15T05:15:28.541+0000] {dag.py:3823} INFO - Setting next_dagrun for latest_only to 2026-04-15 00:00:00+00:00, run_after=2026-04-15 04:00:00+00:00
[2026-04-15T05:15:28.553+0000] {processor.py:183} INFO - Processing /home/airflow/.local/lib/python3.8/site-packages/airflow/example_dags/example_latest_only.py took 0.053 seconds
[2026-04-15T05:15:58.655+0000] {processor.py:161} INFO - Started process (PID=2643) to work on /home/airflow/.local/lib/python3.8/site-packages/airflow/example_dags/example_latest_only.py
[2026-04-15T05:15:58.658+0000] {processor.py:830} INFO - Processing file /home/airflow/.local/lib/python3.8/site-packages/airflow/example_dags/example_latest_only.py for tasks to queue
[2026-04-15T05:15:58.659+0000] {logging_mixin.py:188} INFO - [2026-04-15T05:15:58.659+0000] {dagbag.py:538} INFO - Filling up the DagBag from /home/airflow/.local/lib/python3.8/site-packages/airflow/example_dags/example_latest_only.py
[2026-04-15T05:15:58.663+0000] {processor.py:840} INFO - DAG(s) 'latest_only' retrieved from /home/airflow/.local/lib/python3.8/site-packages/airflow/example_dags/example_latest_only.py
[2026-04-15T05:15:58.678+0000] {logging_mixin.py:188} INFO - [2026-04-15T05:15:58.678+0000] {dag.py:3036} INFO - Sync 1 DAGs
[2026-04-15T05:15:58.695+0000] {logging_mixin.py:188} INFO - [2026-04-15T05:15:58.694+0000] {dag.py:3823} INFO - Setting next_dagrun for latest_only to 2026-04-15 00:00:00+00:00, run_after=2026-04-15 04:00:00+00:00
[2026-04-15T05:15:58.707+0000] {processor.py:183} INFO - Processing /home/airflow/.local/lib/python3.8/site-packages/airflow/example_dags/example_latest_only.py took 0.055 seconds
[2026-04-15T05:16:28.917+0000] {processor.py:161} INFO - Started process (PID=2699) to work on /home/airflow/.local/lib/python3.8/site-packages/airflow/example_dags/example_latest_only.py
[2026-04-15T05:16:28.917+0000] {processor.py:830} INFO - Processing file /home/airflow/.local/lib/python3.8/site-packages/airflow/example_dags/example_latest_only.py for tasks to queue
[2026-04-15T05:16:28.918+0000] {logging_mixin.py:188} INFO - [2026-04-15T05:16:28.918+0000] {dagbag.py:538} INFO - Filling up the DagBag from /home/airflow/.local/lib/python3.8/site-packages/airflow/example_dags/example_latest_only.py
[2026-04-15T05:16:28.922+0000] {processor.py:840} INFO - DAG(s) 'latest_only' retrieved from /home/airflow/.local/lib/python3.8/site-packages/airflow/example_dags/example_latest_only.py
[2026-04-15T05:16:28.937+0000] {logging_mixin.py:188} INFO - [2026-04-15T05:16:28.937+0000] {dag.py:3036} INFO - Sync 1 DAGs
[2026-04-15T05:16:28.954+0000] {logging_mixin.py:188} INFO - [2026-04-15T05:16:28.953+0000] {dag.py:3823} INFO - Setting next_dagrun for latest_only to 2026-04-15 00:00:00+00:00, run_after=2026-04-15 04:00:00+00:00
[2026-04-15T05:16:28.968+0000] {processor.py:183} INFO - Processing /home/airflow/.local/lib/python3.8/site-packages/airflow/example_dags/example_latest_only.py took 0.054 seconds
[2026-04-15T05:16:59.048+0000] {processor.py:161} INFO - Started process (PID=2755) to work on /home/airflow/.local/lib/python3.8/site-packages/airflow/example_dags/example_latest_only.py
[2026-04-15T05:16:59.051+0000] {processor.py:830} INFO - Processing file /home/airflow/.local/lib/python3.8/site-packages/airflow/example_dags/example_latest_only.py for tasks to queue
[2026-04-15T05:16:59.052+0000] {logging_mixin.py:188} INFO - [2026-04-15T05:16:59.052+0000] {dagbag.py:538} INFO - Filling up the DagBag from /home/airflow/.local/lib/python3.8/site-packages/airflow/example_dags/example_latest_only.py
[2026-04-15T05:16:59.056+0000] {processor.py:840} INFO - DAG(s) 'latest_only' retrieved from /home/airflow/.local/lib/python3.8/site-packages/airflow/example_dags/example_latest_only.py
[2026-04-15T05:16:59.072+0000] {logging_mixin.py:188} INFO - [2026-04-15T05:16:59.072+0000] {dag.py:3036} INFO - Sync 1 DAGs
[2026-04-15T05:16:59.090+0000] {logging_mixin.py:188} INFO - [2026-04-15T05:16:59.090+0000] {dag.py:3823} INFO - Setting next_dagrun for latest_only to 2026-04-15 00:00:00+00:00, run_after=2026-04-15 04:00:00+00:00
[2026-04-15T05:16:59.109+0000] {processor.py:183} INFO - Processing /home/airflow/.local/lib/python3.8/site-packages/airflow/example_dags/example_latest_only.py took 0.063 seconds
[2026-04-15T05:17:29.996+0000] {processor.py:161} INFO - Started process (PID=2811) to work on /home/airflow/.local/lib/python3.8/site-packages/airflow/example_dags/example_latest_only.py
[2026-04-15T05:17:29.997+0000] {processor.py:830} INFO - Processing file /home/airflow/.local/lib/python3.8/site-packages/airflow/example_dags/example_latest_only.py for tasks to queue
[2026-04-15T05:17:29.998+0000] {logging_mixin.py:188} INFO - [2026-04-15T05:17:29.998+0000] {dagbag.py:538} INFO - Filling up the DagBag from /home/airflow/.local/lib/python3.8/site-packages/airflow/example_dags/example_latest_only.py
[2026-04-15T05:17:30.002+0000] {processor.py:840} INFO - DAG(s) 'latest_only' retrieved from /home/airflow/.local/lib/python3.8/site-packages/airflow/example_dags/example_latest_only.py
[2026-04-15T05:17:30.017+0000] {logging_mixin.py:188} INFO - [2026-04-15T05:17:30.017+0000] {dag.py:3036} INFO - Sync 1 DAGs
[2026-04-15T05:17:30.032+0000] {logging_mixin.py:188} INFO - [2026-04-15T05:17:30.032+0000] {dag.py:3823} INFO - Setting next_dagrun for latest_only to 2026-04-15 00:00:00+00:00, run_after=2026-04-15 04:00:00+00:00
[2026-04-15T05:17:30.044+0000] {processor.py:183} INFO - Processing /home/airflow/.local/lib/python3.8/site-packages/airflow/example_dags/example_latest_only.py took 0.051 seconds
[2026-04-15T05:18:00.350+0000] {processor.py:161} INFO - Started process (PID=2867) to work on /home/airflow/.local/lib/python3.8/site-packages/airflow/example_dags/example_latest_only.py
[2026-04-15T05:18:00.353+0000] {processor.py:830} INFO - Processing file /home/airflow/.local/lib/python3.8/site-packages/airflow/example_dags/example_latest_only.py for tasks to queue
[2026-04-15T05:18:00.355+0000] {logging_mixin.py:188} INFO - [2026-04-15T05:18:00.354+0000] {dagbag.py:538} INFO - Filling up the DagBag from /home/airflow/.local/lib/python3.8/site-packages/airflow/example_dags/example_latest_only.py
[2026-04-15T05:18:00.358+0000] {processor.py:840} INFO - DAG(s) 'latest_only' retrieved from /home/airflow/.local/lib/python3.8/site-packages/airflow/example_dags/example_latest_only.py
[2026-04-15T05:18:00.372+0000] {logging_mixin.py:188} INFO - [2026-04-15T05:18:00.372+0000] {dag.py:3036} INFO - Sync 1 DAGs
[2026-04-15T05:18:00.388+0000] {logging_mixin.py:188} INFO - [2026-04-15T05:18:00.388+0000] {dag.py:3823} INFO - Setting next_dagrun for latest_only to 2026-04-15 00:00:00+00:00, run_after=2026-04-15 04:00:00+00:00
[2026-04-15T05:18:00.403+0000] {processor.py:183} INFO - Processing /home/airflow/.local/lib/python3.8/site-packages/airflow/example_dags/example_latest_only.py took 0.056 seconds
[2026-04-15T05:18:30.602+0000] {processor.py:161} INFO - Started process (PID=2923) to work on /home/airflow/.local/lib/python3.8/site-packages/airflow/example_dags/example_latest_only.py
[2026-04-15T05:18:30.603+0000] {processor.py:830} INFO - Processing file /home/airflow/.local/lib/python3.8/site-packages/airflow/example_dags/example_latest_only.py for tasks to queue
[2026-04-15T05:18:30.604+0000] {logging_mixin.py:188} INFO - [2026-04-15T05:18:30.604+0000] {dagbag.py:538} INFO - Filling up the DagBag from /home/airflow/.local/lib/python3.8/site-packages/airflow/example_dags/example_latest_only.py
[2026-04-15T05:18:30.609+0000] {processor.py:840} INFO - DAG(s) 'latest_only' retrieved from /home/airflow/.local/lib/python3.8/site-packages/airflow/example_dags/example_latest_only.py
[2026-04-15T05:18:30.625+0000] {logging_mixin.py:188} INFO - [2026-04-15T05:18:30.625+0000] {dag.py:3036} INFO - Sync 1 DAGs
[2026-04-15T05:18:30.640+0000] {logging_mixin.py:188} INFO - [2026-04-15T05:18:30.640+0000] {dag.py:3823} INFO - Setting next_dagrun for latest_only to 2026-04-15 00:00:00+00:00, run_after=2026-04-15 04:00:00+00:00
[2026-04-15T05:18:30.653+0000] {processor.py:183} INFO - Processing /home/airflow/.local/lib/python3.8/site-packages/airflow/example_dags/example_latest_only.py took 0.053 seconds
[2026-04-15T05:19:01.501+0000] {processor.py:161} INFO - Started process (PID=2979) to work on /home/airflow/.local/lib/python3.8/site-packages/airflow/example_dags/example_latest_only.py
[2026-04-15T05:19:01.503+0000] {processor.py:830} INFO - Processing file /home/airflow/.local/lib/python3.8/site-packages/airflow/example_dags/example_latest_only.py for tasks to queue
[2026-04-15T05:19:01.505+0000] {logging_mixin.py:188} INFO - [2026-04-15T05:19:01.505+0000] {dagbag.py:538} INFO - Filling up the DagBag from /home/airflow/.local/lib/python3.8/site-packages/airflow/example_dags/example_latest_only.py
[2026-04-15T05:19:01.508+0000] {processor.py:840} INFO - DAG(s) 'latest_only' retrieved from /home/airflow/.local/lib/python3.8/site-packages/airflow/example_dags/example_latest_only.py
[2026-04-15T05:19:01.523+0000] {logging_mixin.py:188} INFO - [2026-04-15T05:19:01.523+0000] {dag.py:3036} INFO - Sync 1 DAGs
[2026-04-15T05:19:01.538+0000] {logging_mixin.py:188} INFO - [2026-04-15T05:19:01.538+0000] {dag.py:3823} INFO - Setting next_dagrun for latest_only to 2026-04-15 00:00:00+00:00, run_after=2026-04-15 04:00:00+00:00
[2026-04-15T05:19:01.550+0000] {processor.py:183} INFO - Processing /home/airflow/.local/lib/python3.8/site-packages/airflow/example_dags/example_latest_only.py took 0.052 seconds
[2026-04-15T05:19:31.714+0000] {processor.py:161} INFO - Started process (PID=3035) to work on /home/airflow/.local/lib/python3.8/site-packages/airflow/example_dags/example_latest_only.py
[2026-04-15T05:19:31.717+0000] {processor.py:830} INFO - Processing file /home/airflow/.local/lib/python3.8/site-packages/airflow/example_dags/example_latest_only.py for tasks to queue
[2026-04-15T05:19:31.719+0000] {logging_mixin.py:188} INFO - [2026-04-15T05:19:31.719+0000] {dagbag.py:538} INFO - Filling up the DagBag from /home/airflow/.local/lib/python3.8/site-packages/airflow/example_dags/example_latest_only.py
[2026-04-15T05:19:31.722+0000] {processor.py:840} INFO - DAG(s) 'latest_only' retrieved from /home/airflow/.local/lib/python3.8/site-packages/airflow/example_dags/example_latest_only.py
[2026-04-15T05:19:31.736+0000] {logging_mixin.py:188} INFO - [2026-04-15T05:19:31.736+0000] {dag.py:3036} INFO - Sync 1 DAGs
[2026-04-15T05:19:31.751+0000] {logging_mixin.py:188} INFO - [2026-04-15T05:19:31.751+0000] {dag.py:3823} INFO - Setting next_dagrun for latest_only to 2026-04-15 00:00:00+00:00, run_after=2026-04-15 04:00:00+00:00
[2026-04-15T05:19:31.763+0000] {processor.py:183} INFO - Processing /home/airflow/.local/lib/python3.8/site-packages/airflow/example_dags/example_latest_only.py took 0.051 seconds
[2026-04-15T05:20:01.955+0000] {processor.py:161} INFO - Started process (PID=3091) to work on /home/airflow/.local/lib/python3.8/site-packages/airflow/example_dags/example_latest_only.py
[2026-04-15T05:20:01.957+0000] {processor.py:830} INFO - Processing file /home/airflow/.local/lib/python3.8/site-packages/airflow/example_dags/example_latest_only.py for tasks to queue
[2026-04-15T05:20:01.959+0000] {logging_mixin.py:188} INFO - [2026-04-15T05:20:01.958+0000] {dagbag.py:538} INFO - Filling up the DagBag from /home/airflow/.local/lib/python3.8/site-packages/airflow/example_dags/example_latest_only.py
[2026-04-15T05:20:01.963+0000] {processor.py:840} INFO - DAG(s) 'latest_only' retrieved from /home/airflow/.local/lib/python3.8/site-packages/airflow/example_dags/example_latest_only.py
[2026-04-15T05:20:01.981+0000] {logging_mixin.py:188} INFO - [2026-04-15T05:20:01.981+0000] {dag.py:3036} INFO - Sync 1 DAGs
[2026-04-15T05:20:02.000+0000] {logging_mixin.py:188} INFO - [2026-04-15T05:20:02.000+0000] {dag.py:3823} INFO - Setting next_dagrun for latest_only to 2026-04-15 00:00:00+00:00, run_after=2026-04-15 04:00:00+00:00
[2026-04-15T05:20:02.016+0000] {processor.py:183} INFO - Processing /home/airflow/.local/lib/python3.8/site-packages/airflow/example_dags/example_latest_only.py took 0.063 seconds
[2026-04-15T05:20:32.234+0000] {processor.py:161} INFO - Started process (PID=3146) to work on /home/airflow/.local/lib/python3.8/site-packages/airflow/example_dags/example_latest_only.py
[2026-04-15T05:20:32.236+0000] {processor.py:830} INFO - Processing file /home/airflow/.local/lib/python3.8/site-packages/airflow/example_dags/example_latest_only.py for tasks to queue
[2026-04-15T05:20:32.237+0000] {logging_mixin.py:188} INFO - [2026-04-15T05:20:32.237+0000] {dagbag.py:538} INFO - Filling up the DagBag from /home/airflow/.local/lib/python3.8/site-packages/airflow/example_dags/example_latest_only.py
[2026-04-15T05:20:32.242+0000] {processor.py:840} INFO - DAG(s) 'latest_only' retrieved from /home/airflow/.local/lib/python3.8/site-packages/airflow/example_dags/example_latest_only.py
[2026-04-15T05:20:32.257+0000] {logging_mixin.py:188} INFO - [2026-04-15T05:20:32.256+0000] {dag.py:3036} INFO - Sync 1 DAGs
[2026-04-15T05:20:32.272+0000] {logging_mixin.py:188} INFO - [2026-04-15T05:20:32.272+0000] {dag.py:3823} INFO - Setting next_dagrun for latest_only to 2026-04-15 00:00:00+00:00, run_after=2026-04-15 04:00:00+00:00
[2026-04-15T05:20:32.284+0000] {processor.py:183} INFO - Processing /home/airflow/.local/lib/python3.8/site-packages/airflow/example_dags/example_latest_only.py took 0.052 seconds
[2026-04-15T05:21:03.259+0000] {processor.py:161} INFO - Started process (PID=3201) to work on /home/airflow/.local/lib/python3.8/site-packages/airflow/example_dags/example_latest_only.py
[2026-04-15T05:21:03.260+0000] {processor.py:830} INFO - Processing file /home/airflow/.local/lib/python3.8/site-packages/airflow/example_dags/example_latest_only.py for tasks to queue
[2026-04-15T05:21:03.260+0000] {logging_mixin.py:188} INFO - [2026-04-15T05:21:03.260+0000] {dagbag.py:538} INFO - Filling up the DagBag from /home/airflow/.local/lib/python3.8/site-packages/airflow/example_dags/example_latest_only.py
[2026-04-15T05:21:03.264+0000] {processor.py:840} INFO - DAG(s) 'latest_only' retrieved from /home/airflow/.local/lib/python3.8/site-packages/airflow/example_dags/example_latest_only.py
[2026-04-15T05:21:03.279+0000] {logging_mixin.py:188} INFO - [2026-04-15T05:21:03.279+0000] {dag.py:3036} INFO - Sync 1 DAGs
[2026-04-15T05:21:03.295+0000] {logging_mixin.py:188} INFO - [2026-04-15T05:21:03.295+0000] {dag.py:3823} INFO - Setting next_dagrun for latest_only to 2026-04-15 00:00:00+00:00, run_after=2026-04-15 04:00:00+00:00
[2026-04-15T05:21:03.309+0000] {processor.py:183} INFO - Processing /home/airflow/.local/lib/python3.8/site-packages/airflow/example_dags/example_latest_only.py took 0.053 seconds
[2026-04-15T05:21:33.430+0000] {processor.py:161} INFO - Started process (PID=3256) to work on /home/airflow/.local/lib/python3.8/site-packages/airflow/example_dags/example_latest_only.py
[2026-04-15T05:21:33.433+0000] {processor.py:830} INFO - Processing file /home/airflow/.local/lib/python3.8/site-packages/airflow/example_dags/example_latest_only.py for tasks to queue
[2026-04-15T05:21:33.434+0000] {logging_mixin.py:188} INFO - [2026-04-15T05:21:33.434+0000] {dagbag.py:538} INFO - Filling up the DagBag from /home/airflow/.local/lib/python3.8/site-packages/airflow/example_dags/example_latest_only.py
[2026-04-15T05:21:33.438+0000] {processor.py:840} INFO - DAG(s) 'latest_only' retrieved from /home/airflow/.local/lib/python3.8/site-packages/airflow/example_dags/example_latest_only.py
[2026-04-15T05:21:33.452+0000] {logging_mixin.py:188} INFO - [2026-04-15T05:21:33.452+0000] {dag.py:3036} INFO - Sync 1 DAGs
[2026-04-15T05:21:33.469+0000] {logging_mixin.py:188} INFO - [2026-04-15T05:21:33.468+0000] {dag.py:3823} INFO - Setting next_dagrun for latest_only to 2026-04-15 00:00:00+00:00, run_after=2026-04-15 04:00:00+00:00
[2026-04-15T05:21:33.481+0000] {processor.py:183} INFO - Processing /home/airflow/.local/lib/python3.8/site-packages/airflow/example_dags/example_latest_only.py took 0.053 seconds
[2026-04-15T05:22:03.507+0000] {processor.py:161} INFO - Started process (PID=3311) to work on /home/airflow/.local/lib/python3.8/site-packages/airflow/example_dags/example_latest_only.py
[2026-04-15T05:22:03.508+0000] {processor.py:830} INFO - Processing file /home/airflow/.local/lib/python3.8/site-packages/airflow/example_dags/example_latest_only.py for tasks to queue
[2026-04-15T05:22:03.509+0000] {logging_mixin.py:188} INFO - [2026-04-15T05:22:03.509+0000] {dagbag.py:538} INFO - Filling up the DagBag from /home/airflow/.local/lib/python3.8/site-packages/airflow/example_dags/example_latest_only.py
[2026-04-15T05:22:03.513+0000] {processor.py:840} INFO - DAG(s) 'latest_only' retrieved from /home/airflow/.local/lib/python3.8/site-packages/airflow/example_dags/example_latest_only.py
[2026-04-15T05:22:03.532+0000] {logging_mixin.py:188} INFO - [2026-04-15T05:22:03.531+0000] {dag.py:3036} INFO - Sync 1 DAGs
[2026-04-15T05:22:03.550+0000] {logging_mixin.py:188} INFO - [2026-04-15T05:22:03.550+0000] {dag.py:3823} INFO - Setting next_dagrun for latest_only to 2026-04-15 00:00:00+00:00, run_after=2026-04-15 04:00:00+00:00
[2026-04-15T05:22:03.566+0000] {processor.py:183} INFO - Processing /home/airflow/.local/lib/python3.8/site-packages/airflow/example_dags/example_latest_only.py took 0.061 seconds
[2026-04-15T05:22:34.423+0000] {processor.py:161} INFO - Started process (PID=3366) to work on /home/airflow/.local/lib/python3.8/site-packages/airflow/example_dags/example_latest_only.py
[2026-04-15T05:22:34.424+0000] {processor.py:830} INFO - Processing file /home/airflow/.local/lib/python3.8/site-packages/airflow/example_dags/example_latest_only.py for tasks to queue
[2026-04-15T05:22:34.424+0000] {logging_mixin.py:188} INFO - [2026-04-15T05:22:34.424+0000] {dagbag.py:538} INFO - Filling up the DagBag from /home/airflow/.local/lib/python3.8/site-packages/airflow/example_dags/example_latest_only.py
[2026-04-15T05:22:34.429+0000] {processor.py:840} INFO - DAG(s) 'latest_only' retrieved from /home/airflow/.local/lib/python3.8/site-packages/airflow/example_dags/example_latest_only.py
[2026-04-15T05:22:34.447+0000] {logging_mixin.py:188} INFO - [2026-04-15T05:22:34.447+0000] {dag.py:3036} INFO - Sync 1 DAGs
[2026-04-15T05:22:34.466+0000] {logging_mixin.py:188} INFO - [2026-04-15T05:22:34.466+0000] {dag.py:3823} INFO - Setting next_dagrun for latest_only to 2026-04-15 00:00:00+00:00, run_after=2026-04-15 04:00:00+00:00
[2026-04-15T05:22:34.483+0000] {processor.py:183} INFO - Processing /home/airflow/.local/lib/python3.8/site-packages/airflow/example_dags/example_latest_only.py took 0.063 seconds
[2026-04-15T05:23:04.682+0000] {processor.py:161} INFO - Started process (PID=3421) to work on /home/airflow/.local/lib/python3.8/site-packages/airflow/example_dags/example_latest_only.py
[2026-04-15T05:23:04.682+0000] {processor.py:830} INFO - Processing file /home/airflow/.local/lib/python3.8/site-packages/airflow/example_dags/example_latest_only.py for tasks to queue
[2026-04-15T05:23:04.683+0000] {logging_mixin.py:188} INFO - [2026-04-15T05:23:04.683+0000] {dagbag.py:538} INFO - Filling up the DagBag from /home/airflow/.local/lib/python3.8/site-packages/airflow/example_dags/example_latest_only.py
[2026-04-15T05:23:04.687+0000] {processor.py:840} INFO - DAG(s) 'latest_only' retrieved from /home/airflow/.local/lib/python3.8/site-packages/airflow/example_dags/example_latest_only.py
[2026-04-15T05:23:04.702+0000] {logging_mixin.py:188} INFO - [2026-04-15T05:23:04.702+0000] {dag.py:3036} INFO - Sync 1 DAGs
[2026-04-15T05:23:04.719+0000] {logging_mixin.py:188} INFO - [2026-04-15T05:23:04.719+0000] {dag.py:3823} INFO - Setting next_dagrun for latest_only to 2026-04-15 00:00:00+00:00, run_after=2026-04-15 04:00:00+00:00
[2026-04-15T05:23:04.730+0000] {processor.py:183} INFO - Processing /home/airflow/.local/lib/python3.8/site-packages/airflow/example_dags/example_latest_only.py took 0.051 seconds
[2026-04-15T05:23:34.886+0000] {processor.py:161} INFO - Started process (PID=3476) to work on /home/airflow/.local/lib/python3.8/site-packages/airflow/example_dags/example_latest_only.py
[2026-04-15T05:23:34.887+0000] {processor.py:830} INFO - Processing file /home/airflow/.local/lib/python3.8/site-packages/airflow/example_dags/example_latest_only.py for tasks to queue
[2026-04-15T05:23:34.887+0000] {logging_mixin.py:188} INFO - [2026-04-15T05:23:34.887+0000] {dagbag.py:538} INFO - Filling up the DagBag from /home/airflow/.local/lib/python3.8/site-packages/airflow/example_dags/example_latest_only.py
[2026-04-15T05:23:34.892+0000] {processor.py:840} INFO - DAG(s) 'latest_only' retrieved from /home/airflow/.local/lib/python3.8/site-packages/airflow/example_dags/example_latest_only.py
[2026-04-15T05:23:34.910+0000] {logging_mixin.py:188} INFO - [2026-04-15T05:23:34.909+0000] {dag.py:3036} INFO - Sync 1 DAGs
[2026-04-15T05:23:34.930+0000] {logging_mixin.py:188} INFO - [2026-04-15T05:23:34.930+0000] {dag.py:3823} INFO - Setting next_dagrun for latest_only to 2026-04-15 00:00:00+00:00, run_after=2026-04-15 04:00:00+00:00
[2026-04-15T05:23:34.946+0000] {processor.py:183} INFO - Processing /home/airflow/.local/lib/python3.8/site-packages/airflow/example_dags/example_latest_only.py took 0.063 seconds
[2026-04-15T05:24:05.096+0000] {processor.py:161} INFO - Started process (PID=3531) to work on /home/airflow/.local/lib/python3.8/site-packages/airflow/example_dags/example_latest_only.py
[2026-04-15T05:24:05.097+0000] {processor.py:830} INFO - Processing file /home/airflow/.local/lib/python3.8/site-packages/airflow/example_dags/example_latest_only.py for tasks to queue
[2026-04-15T05:24:05.098+0000] {logging_mixin.py:188} INFO - [2026-04-15T05:24:05.098+0000] {dagbag.py:538} INFO - Filling up the DagBag from /home/airflow/.local/lib/python3.8/site-packages/airflow/example_dags/example_latest_only.py
[2026-04-15T05:24:05.104+0000] {processor.py:840} INFO - DAG(s) 'latest_only' retrieved from /home/airflow/.local/lib/python3.8/site-packages/airflow/example_dags/example_latest_only.py
[2026-04-15T05:24:05.121+0000] {logging_mixin.py:188} INFO - [2026-04-15T05:24:05.121+0000] {dag.py:3036} INFO - Sync 1 DAGs
[2026-04-15T05:24:05.141+0000] {logging_mixin.py:188} INFO - [2026-04-15T05:24:05.141+0000] {dag.py:3823} INFO - Setting next_dagrun for latest_only to 2026-04-15 00:00:00+00:00, run_after=2026-04-15 04:00:00+00:00
[2026-04-15T05:24:05.155+0000] {processor.py:183} INFO - Processing /home/airflow/.local/lib/python3.8/site-packages/airflow/example_dags/example_latest_only.py took 0.062 seconds
[2026-04-15T05:24:35.205+0000] {processor.py:161} INFO - Started process (PID=3586) to work on /home/airflow/.local/lib/python3.8/site-packages/airflow/example_dags/example_latest_only.py
[2026-04-15T05:24:35.206+0000] {processor.py:830} INFO - Processing file /home/airflow/.local/lib/python3.8/site-packages/airflow/example_dags/example_latest_only.py for tasks to queue
[2026-04-15T05:24:35.207+0000] {logging_mixin.py:188} INFO - [2026-04-15T05:24:35.206+0000] {dagbag.py:538} INFO - Filling up the DagBag from /home/airflow/.local/lib/python3.8/site-packages/airflow/example_dags/example_latest_only.py
[2026-04-15T05:24:35.211+0000] {processor.py:840} INFO - DAG(s) 'latest_only' retrieved from /home/airflow/.local/lib/python3.8/site-packages/airflow/example_dags/example_latest_only.py
[2026-04-15T05:24:35.230+0000] {logging_mixin.py:188} INFO - [2026-04-15T05:24:35.230+0000] {dag.py:3036} INFO - Sync 1 DAGs
[2026-04-15T05:24:35.248+0000] {logging_mixin.py:188} INFO - [2026-04-15T05:24:35.248+0000] {dag.py:3823} INFO - Setting next_dagrun for latest_only to 2026-04-15 00:00:00+00:00, run_after=2026-04-15 04:00:00+00:00
[2026-04-15T05:24:35.262+0000] {processor.py:183} INFO - Processing /home/airflow/.local/lib/python3.8/site-packages/airflow/example_dags/example_latest_only.py took 0.060 seconds
[2026-04-15T05:25:05.747+0000] {processor.py:161} INFO - Started process (PID=3641) to work on /home/airflow/.local/lib/python3.8/site-packages/airflow/example_dags/example_latest_only.py
[2026-04-15T05:25:05.748+0000] {processor.py:830} INFO - Processing file /home/airflow/.local/lib/python3.8/site-packages/airflow/example_dags/example_latest_only.py for tasks to queue
[2026-04-15T05:25:05.749+0000] {logging_mixin.py:188} INFO - [2026-04-15T05:25:05.749+0000] {dagbag.py:538} INFO - Filling up the DagBag from /home/airflow/.local/lib/python3.8/site-packages/airflow/example_dags/example_latest_only.py
[2026-04-15T05:25:05.758+0000] {processor.py:840} INFO - DAG(s) 'latest_only' retrieved from /home/airflow/.local/lib/python3.8/site-packages/airflow/example_dags/example_latest_only.py
[2026-04-15T05:25:05.791+0000] {logging_mixin.py:188} INFO - [2026-04-15T05:25:05.791+0000] {dag.py:3036} INFO - Sync 1 DAGs
[2026-04-15T05:25:05.829+0000] {logging_mixin.py:188} INFO - [2026-04-15T05:25:05.829+0000] {dag.py:3823} INFO - Setting next_dagrun for latest_only to 2026-04-15 00:00:00+00:00, run_after=2026-04-15 04:00:00+00:00
[2026-04-15T05:25:05.855+0000] {processor.py:183} INFO - Processing /home/airflow/.local/lib/python3.8/site-packages/airflow/example_dags/example_latest_only.py took 0.114 seconds
[2026-04-15T05:25:36.010+0000] {processor.py:161} INFO - Started process (PID=3696) to work on /home/airflow/.local/lib/python3.8/site-packages/airflow/example_dags/example_latest_only.py
[2026-04-15T05:25:36.012+0000] {processor.py:830} INFO - Processing file /home/airflow/.local/lib/python3.8/site-packages/airflow/example_dags/example_latest_only.py for tasks to queue
[2026-04-15T05:25:36.013+0000] {logging_mixin.py:188} INFO - [2026-04-15T05:25:36.013+0000] {dagbag.py:538} INFO - Filling up the DagBag from /home/airflow/.local/lib/python3.8/site-packages/airflow/example_dags/example_latest_only.py
[2026-04-15T05:25:36.022+0000] {processor.py:840} INFO - DAG(s) 'latest_only' retrieved from /home/airflow/.local/lib/python3.8/site-packages/airflow/example_dags/example_latest_only.py
[2026-04-15T05:25:36.054+0000] {logging_mixin.py:188} INFO - [2026-04-15T05:25:36.054+0000] {dag.py:3036} INFO - Sync 1 DAGs
[2026-04-15T05:25:36.089+0000] {logging_mixin.py:188} INFO - [2026-04-15T05:25:36.089+0000] {dag.py:3823} INFO - Setting next_dagrun for latest_only to 2026-04-15 00:00:00+00:00, run_after=2026-04-15 04:00:00+00:00
[2026-04-15T05:25:36.117+0000] {processor.py:183} INFO - Processing /home/airflow/.local/lib/python3.8/site-packages/airflow/example_dags/example_latest_only.py took 0.112 seconds
[2026-04-15T05:26:07.080+0000] {processor.py:161} INFO - Started process (PID=3751) to work on /home/airflow/.local/lib/python3.8/site-packages/airflow/example_dags/example_latest_only.py
[2026-04-15T05:26:07.089+0000] {processor.py:830} INFO - Processing file /home/airflow/.local/lib/python3.8/site-packages/airflow/example_dags/example_latest_only.py for tasks to queue
[2026-04-15T05:26:07.089+0000] {logging_mixin.py:188} INFO - [2026-04-15T05:26:07.089+0000] {dagbag.py:538} INFO - Filling up the DagBag from /home/airflow/.local/lib/python3.8/site-packages/airflow/example_dags/example_latest_only.py
[2026-04-15T05:26:07.093+0000] {processor.py:840} INFO - DAG(s) 'latest_only' retrieved from /home/airflow/.local/lib/python3.8/site-packages/airflow/example_dags/example_latest_only.py
[2026-04-15T05:26:07.109+0000] {logging_mixin.py:188} INFO - [2026-04-15T05:26:07.109+0000] {dag.py:3036} INFO - Sync 1 DAGs
[2026-04-15T05:26:07.125+0000] {logging_mixin.py:188} INFO - [2026-04-15T05:26:07.125+0000] {dag.py:3823} INFO - Setting next_dagrun for latest_only to 2026-04-15 00:00:00+00:00, run_after=2026-04-15 04:00:00+00:00
[2026-04-15T05:26:07.137+0000] {processor.py:183} INFO - Processing /home/airflow/.local/lib/python3.8/site-packages/airflow/example_dags/example_latest_only.py took 0.059 seconds
[2026-04-15T05:26:37.405+0000] {processor.py:161} INFO - Started process (PID=3806) to work on /home/airflow/.local/lib/python3.8/site-packages/airflow/example_dags/example_latest_only.py
[2026-04-15T05:26:37.407+0000] {processor.py:830} INFO - Processing file /home/airflow/.local/lib/python3.8/site-packages/airflow/example_dags/example_latest_only.py for tasks to queue
[2026-04-15T05:26:37.408+0000] {logging_mixin.py:188} INFO - [2026-04-15T05:26:37.407+0000] {dagbag.py:538} INFO - Filling up the DagBag from /home/airflow/.local/lib/python3.8/site-packages/airflow/example_dags/example_latest_only.py
[2026-04-15T05:26:37.416+0000] {processor.py:840} INFO - DAG(s) 'latest_only' retrieved from /home/airflow/.local/lib/python3.8/site-packages/airflow/example_dags/example_latest_only.py
[2026-04-15T05:26:37.448+0000] {logging_mixin.py:188} INFO - [2026-04-15T05:26:37.448+0000] {dag.py:3036} INFO - Sync 1 DAGs
[2026-04-15T05:26:37.483+0000] {logging_mixin.py:188} INFO - [2026-04-15T05:26:37.483+0000] {dag.py:3823} INFO - Setting next_dagrun for latest_only to 2026-04-15 00:00:00+00:00, run_after=2026-04-15 04:00:00+00:00
[2026-04-15T05:26:37.511+0000] {processor.py:183} INFO - Processing /home/airflow/.local/lib/python3.8/site-packages/airflow/example_dags/example_latest_only.py took 0.111 seconds
[2026-04-15T05:27:08.251+0000] {processor.py:161} INFO - Started process (PID=3861) to work on /home/airflow/.local/lib/python3.8/site-packages/airflow/example_dags/example_latest_only.py
[2026-04-15T05:27:08.252+0000] {processor.py:830} INFO - Processing file /home/airflow/.local/lib/python3.8/site-packages/airflow/example_dags/example_latest_only.py for tasks to queue
[2026-04-15T05:27:08.253+0000] {logging_mixin.py:188} INFO - [2026-04-15T05:27:08.252+0000] {dagbag.py:538} INFO - Filling up the DagBag from /home/airflow/.local/lib/python3.8/site-packages/airflow/example_dags/example_latest_only.py
[2026-04-15T05:27:08.257+0000] {processor.py:840} INFO - DAG(s) 'latest_only' retrieved from /home/airflow/.local/lib/python3.8/site-packages/airflow/example_dags/example_latest_only.py
[2026-04-15T05:27:08.273+0000] {logging_mixin.py:188} INFO - [2026-04-15T05:27:08.273+0000] {dag.py:3036} INFO - Sync 1 DAGs
[2026-04-15T05:27:08.293+0000] {logging_mixin.py:188} INFO - [2026-04-15T05:27:08.293+0000] {dag.py:3823} INFO - Setting next_dagrun for latest_only to 2026-04-15 00:00:00+00:00, run_after=2026-04-15 04:00:00+00:00
[2026-04-15T05:27:08.306+0000] {processor.py:183} INFO - Processing /home/airflow/.local/lib/python3.8/site-packages/airflow/example_dags/example_latest_only.py took 0.058 seconds
[2026-04-15T05:27:38.646+0000] {processor.py:161} INFO - Started process (PID=3916) to work on /home/airflow/.local/lib/python3.8/site-packages/airflow/example_dags/example_latest_only.py
[2026-04-15T05:27:38.646+0000] {processor.py:830} INFO - Processing file /home/airflow/.local/lib/python3.8/site-packages/airflow/example_dags/example_latest_only.py for tasks to queue
[2026-04-15T05:27:38.647+0000] {logging_mixin.py:188} INFO - [2026-04-15T05:27:38.647+0000] {dagbag.py:538} INFO - Filling up the DagBag from /home/airflow/.local/lib/python3.8/site-packages/airflow/example_dags/example_latest_only.py
[2026-04-15T05:27:38.651+0000] {processor.py:840} INFO - DAG(s) 'latest_only' retrieved from /home/airflow/.local/lib/python3.8/site-packages/airflow/example_dags/example_latest_only.py
[2026-04-15T05:27:38.667+0000] {logging_mixin.py:188} INFO - [2026-04-15T05:27:38.667+0000] {dag.py:3036} INFO - Sync 1 DAGs
[2026-04-15T05:27:38.685+0000] {logging_mixin.py:188} INFO - [2026-04-15T05:27:38.685+0000] {dag.py:3823} INFO - Setting next_dagrun for latest_only to 2026-04-15 00:00:00+00:00, run_after=2026-04-15 04:00:00+00:00
[2026-04-15T05:27:38.697+0000] {processor.py:183} INFO - Processing /home/airflow/.local/lib/python3.8/site-packages/airflow/example_dags/example_latest_only.py took 0.054 seconds
[2026-04-15T05:28:08.974+0000] {processor.py:161} INFO - Started process (PID=3972) to work on /home/airflow/.local/lib/python3.8/site-packages/airflow/example_dags/example_latest_only.py
[2026-04-15T05:28:08.974+0000] {processor.py:830} INFO - Processing file /home/airflow/.local/lib/python3.8/site-packages/airflow/example_dags/example_latest_only.py for tasks to queue
[2026-04-15T05:28:08.975+0000] {logging_mixin.py:188} INFO - [2026-04-15T05:28:08.975+0000] {dagbag.py:538} INFO - Filling up the DagBag from /home/airflow/.local/lib/python3.8/site-packages/airflow/example_dags/example_latest_only.py
[2026-04-15T05:28:08.979+0000] {processor.py:840} INFO - DAG(s) 'latest_only' retrieved from /home/airflow/.local/lib/python3.8/site-packages/airflow/example_dags/example_latest_only.py
[2026-04-15T05:28:08.994+0000] {logging_mixin.py:188} INFO - [2026-04-15T05:28:08.994+0000] {dag.py:3036} INFO - Sync 1 DAGs
[2026-04-15T05:28:09.010+0000] {logging_mixin.py:188} INFO - [2026-04-15T05:28:09.010+0000] {dag.py:3823} INFO - Setting next_dagrun for latest_only to 2026-04-15 00:00:00+00:00, run_after=2026-04-15 04:00:00+00:00
[2026-04-15T05:28:09.022+0000] {processor.py:183} INFO - Processing /home/airflow/.local/lib/python3.8/site-packages/airflow/example_dags/example_latest_only.py took 0.050 seconds
[2026-04-15T05:28:39.310+0000] {processor.py:161} INFO - Started process (PID=4028) to work on /home/airflow/.local/lib/python3.8/site-packages/airflow/example_dags/example_latest_only.py
[2026-04-15T05:28:39.311+0000] {processor.py:830} INFO - Processing file /home/airflow/.local/lib/python3.8/site-packages/airflow/example_dags/example_latest_only.py for tasks to queue
[2026-04-15T05:28:39.312+0000] {logging_mixin.py:188} INFO - [2026-04-15T05:28:39.312+0000] {dagbag.py:538} INFO - Filling up the DagBag from /home/airflow/.local/lib/python3.8/site-packages/airflow/example_dags/example_latest_only.py
[2026-04-15T05:28:39.317+0000] {processor.py:840} INFO - DAG(s) 'latest_only' retrieved from /home/airflow/.local/lib/python3.8/site-packages/airflow/example_dags/example_latest_only.py
[2026-04-15T05:28:39.336+0000] {logging_mixin.py:188} INFO - [2026-04-15T05:28:39.336+0000] {dag.py:3036} INFO - Sync 1 DAGs
[2026-04-15T05:28:39.356+0000] {logging_mixin.py:188} INFO - [2026-04-15T05:28:39.356+0000] {dag.py:3823} INFO - Setting next_dagrun for latest_only to 2026-04-15 00:00:00+00:00, run_after=2026-04-15 04:00:00+00:00
[2026-04-15T05:28:39.373+0000] {processor.py:183} INFO - Processing /home/airflow/.local/lib/python3.8/site-packages/airflow/example_dags/example_latest_only.py took 0.066 seconds
[2026-04-15T05:29:09.438+0000] {processor.py:161} INFO - Started process (PID=4084) to work on /home/airflow/.local/lib/python3.8/site-packages/airflow/example_dags/example_latest_only.py
[2026-04-15T05:29:09.438+0000] {processor.py:830} INFO - Processing file /home/airflow/.local/lib/python3.8/site-packages/airflow/example_dags/example_latest_only.py for tasks to queue
[2026-04-15T05:29:09.439+0000] {logging_mixin.py:188} INFO - [2026-04-15T05:29:09.439+0000] {dagbag.py:538} INFO - Filling up the DagBag from /home/airflow/.local/lib/python3.8/site-packages/airflow/example_dags/example_latest_only.py
[2026-04-15T05:29:09.442+0000] {processor.py:840} INFO - DAG(s) 'latest_only' retrieved from /home/airflow/.local/lib/python3.8/site-packages/airflow/example_dags/example_latest_only.py
[2026-04-15T05:29:09.458+0000] {logging_mixin.py:188} INFO - [2026-04-15T05:29:09.457+0000] {dag.py:3036} INFO - Sync 1 DAGs
[2026-04-15T05:29:09.474+0000] {logging_mixin.py:188} INFO - [2026-04-15T05:29:09.473+0000] {dag.py:3823} INFO - Setting next_dagrun for latest_only to 2026-04-15 00:00:00+00:00, run_after=2026-04-15 04:00:00+00:00
[2026-04-15T05:29:09.485+0000] {processor.py:183} INFO - Processing /home/airflow/.local/lib/python3.8/site-packages/airflow/example_dags/example_latest_only.py took 0.049 seconds
[2026-04-15T05:29:40.150+0000] {processor.py:161} INFO - Started process (PID=4139) to work on /home/airflow/.local/lib/python3.8/site-packages/airflow/example_dags/example_latest_only.py
[2026-04-15T05:29:40.150+0000] {processor.py:830} INFO - Processing file /home/airflow/.local/lib/python3.8/site-packages/airflow/example_dags/example_latest_only.py for tasks to queue
[2026-04-15T05:29:40.151+0000] {logging_mixin.py:188} INFO - [2026-04-15T05:29:40.151+0000] {dagbag.py:538} INFO - Filling up the DagBag from /home/airflow/.local/lib/python3.8/site-packages/airflow/example_dags/example_latest_only.py
[2026-04-15T05:29:40.155+0000] {processor.py:840} INFO - DAG(s) 'latest_only' retrieved from /home/airflow/.local/lib/python3.8/site-packages/airflow/example_dags/example_latest_only.py
[2026-04-15T05:29:40.171+0000] {logging_mixin.py:188} INFO - [2026-04-15T05:29:40.171+0000] {dag.py:3036} INFO - Sync 1 DAGs
[2026-04-15T05:29:40.188+0000] {logging_mixin.py:188} INFO - [2026-04-15T05:29:40.188+0000] {dag.py:3823} INFO - Setting next_dagrun for latest_only to 2026-04-15 00:00:00+00:00, run_after=2026-04-15 04:00:00+00:00
[2026-04-15T05:29:40.204+0000] {processor.py:183} INFO - Processing /home/airflow/.local/lib/python3.8/site-packages/airflow/example_dags/example_latest_only.py took 0.057 seconds
[2026-04-15T05:30:10.571+0000] {processor.py:161} INFO - Started process (PID=4194) to work on /home/airflow/.local/lib/python3.8/site-packages/airflow/example_dags/example_latest_only.py
[2026-04-15T05:30:10.573+0000] {processor.py:830} INFO - Processing file /home/airflow/.local/lib/python3.8/site-packages/airflow/example_dags/example_latest_only.py for tasks to queue
[2026-04-15T05:30:10.574+0000] {logging_mixin.py:188} INFO - [2026-04-15T05:30:10.573+0000] {dagbag.py:538} INFO - Filling up the DagBag from /home/airflow/.local/lib/python3.8/site-packages/airflow/example_dags/example_latest_only.py
[2026-04-15T05:30:10.580+0000] {processor.py:840} INFO - DAG(s) 'latest_only' retrieved from /home/airflow/.local/lib/python3.8/site-packages/airflow/example_dags/example_latest_only.py
[2026-04-15T05:30:10.606+0000] {logging_mixin.py:188} INFO - [2026-04-15T05:30:10.606+0000] {dag.py:3036} INFO - Sync 1 DAGs
[2026-04-15T05:30:10.633+0000] {logging_mixin.py:188} INFO - [2026-04-15T05:30:10.633+0000] {dag.py:3823} INFO - Setting next_dagrun for latest_only to 2026-04-15 00:00:00+00:00, run_after=2026-04-15 04:00:00+00:00
[2026-04-15T05:30:10.655+0000] {processor.py:183} INFO - Processing /home/airflow/.local/lib/python3.8/site-packages/airflow/example_dags/example_latest_only.py took 0.088 seconds
[2026-04-15T05:30:40.688+0000] {processor.py:161} INFO - Started process (PID=4249) to work on /home/airflow/.local/lib/python3.8/site-packages/airflow/example_dags/example_latest_only.py
[2026-04-15T05:30:40.689+0000] {processor.py:830} INFO - Processing file /home/airflow/.local/lib/python3.8/site-packages/airflow/example_dags/example_latest_only.py for tasks to queue
[2026-04-15T05:30:40.690+0000] {logging_mixin.py:188} INFO - [2026-04-15T05:30:40.690+0000] {dagbag.py:538} INFO - Filling up the DagBag from /home/airflow/.local/lib/python3.8/site-packages/airflow/example_dags/example_latest_only.py
[2026-04-15T05:30:40.694+0000] {processor.py:840} INFO - DAG(s) 'latest_only' retrieved from /home/airflow/.local/lib/python3.8/site-packages/airflow/example_dags/example_latest_only.py
[2026-04-15T05:30:40.708+0000] {logging_mixin.py:188} INFO - [2026-04-15T05:30:40.708+0000] {dag.py:3036} INFO - Sync 1 DAGs
[2026-04-15T05:30:40.724+0000] {logging_mixin.py:188} INFO - [2026-04-15T05:30:40.724+0000] {dag.py:3823} INFO - Setting next_dagrun for latest_only to 2026-04-15 00:00:00+00:00, run_after=2026-04-15 04:00:00+00:00
[2026-04-15T05:30:40.737+0000] {processor.py:183} INFO - Processing /home/airflow/.local/lib/python3.8/site-packages/airflow/example_dags/example_latest_only.py took 0.051 seconds
