[2026-04-15T04:52:42.217+0000] {processor.py:161} INFO - Started process (PID=80) to work on /home/airflow/.local/lib/python3.8/site-packages/airflow/example_dags/example_python_operator.py
[2026-04-15T04:52:42.217+0000] {processor.py:830} INFO - Processing file /home/airflow/.local/lib/python3.8/site-packages/airflow/example_dags/example_python_operator.py for tasks to queue
[2026-04-15T04:52:42.219+0000] {logging_mixin.py:188} INFO - [2026-04-15T04:52:42.219+0000] {dagbag.py:538} INFO - Filling up the DagBag from /home/airflow/.local/lib/python3.8/site-packages/airflow/example_dags/example_python_operator.py
[2026-04-15T04:52:42.232+0000] {processor.py:840} INFO - DAG(s) 'example_python_operator' retrieved from /home/airflow/.local/lib/python3.8/site-packages/airflow/example_dags/example_python_operator.py
[2026-04-15T04:52:42.336+0000] {logging_mixin.py:188} INFO - [2026-04-15T04:52:42.335+0000] {dag.py:3036} INFO - Sync 1 DAGs
[2026-04-15T04:52:42.345+0000] {logging_mixin.py:188} INFO - [2026-04-15T04:52:42.344+0000] {dag.py:3823} INFO - Setting next_dagrun for example_python_operator to None, run_after=None
[2026-04-15T04:52:42.420+0000] {processor.py:183} INFO - Processing /home/airflow/.local/lib/python3.8/site-packages/airflow/example_dags/example_python_operator.py took 0.207 seconds
[2026-04-15T04:53:13.129+0000] {processor.py:161} INFO - Started process (PID=136) to work on /home/airflow/.local/lib/python3.8/site-packages/airflow/example_dags/example_python_operator.py
[2026-04-15T04:53:13.130+0000] {processor.py:830} INFO - Processing file /home/airflow/.local/lib/python3.8/site-packages/airflow/example_dags/example_python_operator.py for tasks to queue
[2026-04-15T04:53:13.131+0000] {logging_mixin.py:188} INFO - [2026-04-15T04:53:13.131+0000] {dagbag.py:538} INFO - Filling up the DagBag from /home/airflow/.local/lib/python3.8/site-packages/airflow/example_dags/example_python_operator.py
[2026-04-15T04:53:13.139+0000] {processor.py:840} INFO - DAG(s) 'example_python_operator' retrieved from /home/airflow/.local/lib/python3.8/site-packages/airflow/example_dags/example_python_operator.py
[2026-04-15T04:53:13.155+0000] {logging_mixin.py:188} INFO - [2026-04-15T04:53:13.155+0000] {dag.py:3036} INFO - Sync 1 DAGs
[2026-04-15T04:53:13.164+0000] {logging_mixin.py:188} INFO - [2026-04-15T04:53:13.164+0000] {dag.py:3823} INFO - Setting next_dagrun for example_python_operator to None, run_after=None
[2026-04-15T04:53:13.178+0000] {processor.py:183} INFO - Processing /home/airflow/.local/lib/python3.8/site-packages/airflow/example_dags/example_python_operator.py took 0.051 seconds
[2026-04-15T04:53:43.405+0000] {processor.py:161} INFO - Started process (PID=192) to work on /home/airflow/.local/lib/python3.8/site-packages/airflow/example_dags/example_python_operator.py
[2026-04-15T04:53:43.406+0000] {processor.py:830} INFO - Processing file /home/airflow/.local/lib/python3.8/site-packages/airflow/example_dags/example_python_operator.py for tasks to queue
[2026-04-15T04:53:43.407+0000] {logging_mixin.py:188} INFO - [2026-04-15T04:53:43.407+0000] {dagbag.py:538} INFO - Filling up the DagBag from /home/airflow/.local/lib/python3.8/site-packages/airflow/example_dags/example_python_operator.py
[2026-04-15T04:53:43.415+0000] {processor.py:840} INFO - DAG(s) 'example_python_operator' retrieved from /home/airflow/.local/lib/python3.8/site-packages/airflow/example_dags/example_python_operator.py
[2026-04-15T04:53:43.430+0000] {logging_mixin.py:188} INFO - [2026-04-15T04:53:43.430+0000] {dag.py:3036} INFO - Sync 1 DAGs
[2026-04-15T04:53:43.438+0000] {logging_mixin.py:188} INFO - [2026-04-15T04:53:43.438+0000] {dag.py:3823} INFO - Setting next_dagrun for example_python_operator to None, run_after=None
[2026-04-15T04:53:43.450+0000] {processor.py:183} INFO - Processing /home/airflow/.local/lib/python3.8/site-packages/airflow/example_dags/example_python_operator.py took 0.047 seconds
[2026-04-15T04:54:14.366+0000] {processor.py:161} INFO - Started process (PID=248) to work on /home/airflow/.local/lib/python3.8/site-packages/airflow/example_dags/example_python_operator.py
[2026-04-15T04:54:14.367+0000] {processor.py:830} INFO - Processing file /home/airflow/.local/lib/python3.8/site-packages/airflow/example_dags/example_python_operator.py for tasks to queue
[2026-04-15T04:54:14.369+0000] {logging_mixin.py:188} INFO - [2026-04-15T04:54:14.368+0000] {dagbag.py:538} INFO - Filling up the DagBag from /home/airflow/.local/lib/python3.8/site-packages/airflow/example_dags/example_python_operator.py
[2026-04-15T04:54:14.379+0000] {processor.py:840} INFO - DAG(s) 'example_python_operator' retrieved from /home/airflow/.local/lib/python3.8/site-packages/airflow/example_dags/example_python_operator.py
[2026-04-15T04:54:14.402+0000] {logging_mixin.py:188} INFO - [2026-04-15T04:54:14.401+0000] {dag.py:3036} INFO - Sync 1 DAGs
[2026-04-15T04:54:14.413+0000] {logging_mixin.py:188} INFO - [2026-04-15T04:54:14.413+0000] {dag.py:3823} INFO - Setting next_dagrun for example_python_operator to None, run_after=None
[2026-04-15T04:54:14.429+0000] {processor.py:183} INFO - Processing /home/airflow/.local/lib/python3.8/site-packages/airflow/example_dags/example_python_operator.py took 0.067 seconds
[2026-04-15T04:54:44.512+0000] {processor.py:161} INFO - Started process (PID=304) to work on /home/airflow/.local/lib/python3.8/site-packages/airflow/example_dags/example_python_operator.py
[2026-04-15T04:54:44.513+0000] {processor.py:830} INFO - Processing file /home/airflow/.local/lib/python3.8/site-packages/airflow/example_dags/example_python_operator.py for tasks to queue
[2026-04-15T04:54:44.514+0000] {logging_mixin.py:188} INFO - [2026-04-15T04:54:44.514+0000] {dagbag.py:538} INFO - Filling up the DagBag from /home/airflow/.local/lib/python3.8/site-packages/airflow/example_dags/example_python_operator.py
[2026-04-15T04:54:44.525+0000] {processor.py:840} INFO - DAG(s) 'example_python_operator' retrieved from /home/airflow/.local/lib/python3.8/site-packages/airflow/example_dags/example_python_operator.py
[2026-04-15T04:54:44.541+0000] {logging_mixin.py:188} INFO - [2026-04-15T04:54:44.541+0000] {dag.py:3036} INFO - Sync 1 DAGs
[2026-04-15T04:54:44.550+0000] {logging_mixin.py:188} INFO - [2026-04-15T04:54:44.549+0000] {dag.py:3823} INFO - Setting next_dagrun for example_python_operator to None, run_after=None
[2026-04-15T04:54:44.561+0000] {processor.py:183} INFO - Processing /home/airflow/.local/lib/python3.8/site-packages/airflow/example_dags/example_python_operator.py took 0.051 seconds
[2026-04-15T04:55:14.599+0000] {processor.py:161} INFO - Started process (PID=360) to work on /home/airflow/.local/lib/python3.8/site-packages/airflow/example_dags/example_python_operator.py
[2026-04-15T04:55:14.600+0000] {processor.py:830} INFO - Processing file /home/airflow/.local/lib/python3.8/site-packages/airflow/example_dags/example_python_operator.py for tasks to queue
[2026-04-15T04:55:14.601+0000] {logging_mixin.py:188} INFO - [2026-04-15T04:55:14.600+0000] {dagbag.py:538} INFO - Filling up the DagBag from /home/airflow/.local/lib/python3.8/site-packages/airflow/example_dags/example_python_operator.py
[2026-04-15T04:55:14.608+0000] {processor.py:840} INFO - DAG(s) 'example_python_operator' retrieved from /home/airflow/.local/lib/python3.8/site-packages/airflow/example_dags/example_python_operator.py
[2026-04-15T04:55:14.624+0000] {logging_mixin.py:188} INFO - [2026-04-15T04:55:14.624+0000] {dag.py:3036} INFO - Sync 1 DAGs
[2026-04-15T04:55:14.633+0000] {logging_mixin.py:188} INFO - [2026-04-15T04:55:14.632+0000] {dag.py:3823} INFO - Setting next_dagrun for example_python_operator to None, run_after=None
[2026-04-15T04:55:14.644+0000] {processor.py:183} INFO - Processing /home/airflow/.local/lib/python3.8/site-packages/airflow/example_dags/example_python_operator.py took 0.048 seconds
[2026-04-15T04:55:44.861+0000] {processor.py:161} INFO - Started process (PID=416) to work on /home/airflow/.local/lib/python3.8/site-packages/airflow/example_dags/example_python_operator.py
[2026-04-15T04:55:44.862+0000] {processor.py:830} INFO - Processing file /home/airflow/.local/lib/python3.8/site-packages/airflow/example_dags/example_python_operator.py for tasks to queue
[2026-04-15T04:55:44.864+0000] {logging_mixin.py:188} INFO - [2026-04-15T04:55:44.863+0000] {dagbag.py:538} INFO - Filling up the DagBag from /home/airflow/.local/lib/python3.8/site-packages/airflow/example_dags/example_python_operator.py
[2026-04-15T04:55:44.873+0000] {processor.py:840} INFO - DAG(s) 'example_python_operator' retrieved from /home/airflow/.local/lib/python3.8/site-packages/airflow/example_dags/example_python_operator.py
[2026-04-15T04:55:44.891+0000] {logging_mixin.py:188} INFO - [2026-04-15T04:55:44.891+0000] {dag.py:3036} INFO - Sync 1 DAGs
[2026-04-15T04:55:44.901+0000] {logging_mixin.py:188} INFO - [2026-04-15T04:55:44.900+0000] {dag.py:3823} INFO - Setting next_dagrun for example_python_operator to None, run_after=None
[2026-04-15T04:55:44.917+0000] {processor.py:183} INFO - Processing /home/airflow/.local/lib/python3.8/site-packages/airflow/example_dags/example_python_operator.py took 0.058 seconds
[2026-04-15T04:56:15.046+0000] {processor.py:161} INFO - Started process (PID=472) to work on /home/airflow/.local/lib/python3.8/site-packages/airflow/example_dags/example_python_operator.py
[2026-04-15T04:56:15.046+0000] {processor.py:830} INFO - Processing file /home/airflow/.local/lib/python3.8/site-packages/airflow/example_dags/example_python_operator.py for tasks to queue
[2026-04-15T04:56:15.048+0000] {logging_mixin.py:188} INFO - [2026-04-15T04:56:15.048+0000] {dagbag.py:538} INFO - Filling up the DagBag from /home/airflow/.local/lib/python3.8/site-packages/airflow/example_dags/example_python_operator.py
[2026-04-15T04:56:15.056+0000] {processor.py:840} INFO - DAG(s) 'example_python_operator' retrieved from /home/airflow/.local/lib/python3.8/site-packages/airflow/example_dags/example_python_operator.py
[2026-04-15T04:56:15.073+0000] {logging_mixin.py:188} INFO - [2026-04-15T04:56:15.073+0000] {dag.py:3036} INFO - Sync 1 DAGs
[2026-04-15T04:56:15.083+0000] {logging_mixin.py:188} INFO - [2026-04-15T04:56:15.083+0000] {dag.py:3823} INFO - Setting next_dagrun for example_python_operator to None, run_after=None
[2026-04-15T04:56:15.097+0000] {processor.py:183} INFO - Processing /home/airflow/.local/lib/python3.8/site-packages/airflow/example_dags/example_python_operator.py took 0.054 seconds
[2026-04-15T04:56:45.257+0000] {processor.py:161} INFO - Started process (PID=528) to work on /home/airflow/.local/lib/python3.8/site-packages/airflow/example_dags/example_python_operator.py
[2026-04-15T04:56:45.258+0000] {processor.py:830} INFO - Processing file /home/airflow/.local/lib/python3.8/site-packages/airflow/example_dags/example_python_operator.py for tasks to queue
[2026-04-15T04:56:45.260+0000] {logging_mixin.py:188} INFO - [2026-04-15T04:56:45.259+0000] {dagbag.py:538} INFO - Filling up the DagBag from /home/airflow/.local/lib/python3.8/site-packages/airflow/example_dags/example_python_operator.py
[2026-04-15T04:56:45.269+0000] {processor.py:840} INFO - DAG(s) 'example_python_operator' retrieved from /home/airflow/.local/lib/python3.8/site-packages/airflow/example_dags/example_python_operator.py
[2026-04-15T04:56:45.289+0000] {logging_mixin.py:188} INFO - [2026-04-15T04:56:45.289+0000] {dag.py:3036} INFO - Sync 1 DAGs
[2026-04-15T04:56:45.299+0000] {logging_mixin.py:188} INFO - [2026-04-15T04:56:45.299+0000] {dag.py:3823} INFO - Setting next_dagrun for example_python_operator to None, run_after=None
[2026-04-15T04:56:45.314+0000] {processor.py:183} INFO - Processing /home/airflow/.local/lib/python3.8/site-packages/airflow/example_dags/example_python_operator.py took 0.060 seconds
[2026-04-15T04:57:15.420+0000] {processor.py:161} INFO - Started process (PID=584) to work on /home/airflow/.local/lib/python3.8/site-packages/airflow/example_dags/example_python_operator.py
[2026-04-15T04:57:15.421+0000] {processor.py:830} INFO - Processing file /home/airflow/.local/lib/python3.8/site-packages/airflow/example_dags/example_python_operator.py for tasks to queue
[2026-04-15T04:57:15.422+0000] {logging_mixin.py:188} INFO - [2026-04-15T04:57:15.422+0000] {dagbag.py:538} INFO - Filling up the DagBag from /home/airflow/.local/lib/python3.8/site-packages/airflow/example_dags/example_python_operator.py
[2026-04-15T04:57:15.429+0000] {processor.py:840} INFO - DAG(s) 'example_python_operator' retrieved from /home/airflow/.local/lib/python3.8/site-packages/airflow/example_dags/example_python_operator.py
[2026-04-15T04:57:15.445+0000] {logging_mixin.py:188} INFO - [2026-04-15T04:57:15.445+0000] {dag.py:3036} INFO - Sync 1 DAGs
[2026-04-15T04:57:15.454+0000] {logging_mixin.py:188} INFO - [2026-04-15T04:57:15.454+0000] {dag.py:3823} INFO - Setting next_dagrun for example_python_operator to None, run_after=None
[2026-04-15T04:57:15.466+0000] {processor.py:183} INFO - Processing /home/airflow/.local/lib/python3.8/site-packages/airflow/example_dags/example_python_operator.py took 0.048 seconds
[2026-04-15T04:57:45.593+0000] {processor.py:161} INFO - Started process (PID=640) to work on /home/airflow/.local/lib/python3.8/site-packages/airflow/example_dags/example_python_operator.py
[2026-04-15T04:57:45.594+0000] {processor.py:830} INFO - Processing file /home/airflow/.local/lib/python3.8/site-packages/airflow/example_dags/example_python_operator.py for tasks to queue
[2026-04-15T04:57:45.595+0000] {logging_mixin.py:188} INFO - [2026-04-15T04:57:45.595+0000] {dagbag.py:538} INFO - Filling up the DagBag from /home/airflow/.local/lib/python3.8/site-packages/airflow/example_dags/example_python_operator.py
[2026-04-15T04:57:45.603+0000] {processor.py:840} INFO - DAG(s) 'example_python_operator' retrieved from /home/airflow/.local/lib/python3.8/site-packages/airflow/example_dags/example_python_operator.py
[2026-04-15T04:57:45.619+0000] {logging_mixin.py:188} INFO - [2026-04-15T04:57:45.619+0000] {dag.py:3036} INFO - Sync 1 DAGs
[2026-04-15T04:57:45.628+0000] {logging_mixin.py:188} INFO - [2026-04-15T04:57:45.627+0000] {dag.py:3823} INFO - Setting next_dagrun for example_python_operator to None, run_after=None
[2026-04-15T04:57:45.639+0000] {processor.py:183} INFO - Processing /home/airflow/.local/lib/python3.8/site-packages/airflow/example_dags/example_python_operator.py took 0.049 seconds
[2026-04-15T04:58:15.761+0000] {processor.py:161} INFO - Started process (PID=696) to work on /home/airflow/.local/lib/python3.8/site-packages/airflow/example_dags/example_python_operator.py
[2026-04-15T04:58:15.762+0000] {processor.py:830} INFO - Processing file /home/airflow/.local/lib/python3.8/site-packages/airflow/example_dags/example_python_operator.py for tasks to queue
[2026-04-15T04:58:15.763+0000] {logging_mixin.py:188} INFO - [2026-04-15T04:58:15.763+0000] {dagbag.py:538} INFO - Filling up the DagBag from /home/airflow/.local/lib/python3.8/site-packages/airflow/example_dags/example_python_operator.py
[2026-04-15T04:58:15.772+0000] {processor.py:840} INFO - DAG(s) 'example_python_operator' retrieved from /home/airflow/.local/lib/python3.8/site-packages/airflow/example_dags/example_python_operator.py
[2026-04-15T04:58:15.790+0000] {logging_mixin.py:188} INFO - [2026-04-15T04:58:15.790+0000] {dag.py:3036} INFO - Sync 1 DAGs
[2026-04-15T04:58:15.800+0000] {logging_mixin.py:188} INFO - [2026-04-15T04:58:15.800+0000] {dag.py:3823} INFO - Setting next_dagrun for example_python_operator to None, run_after=None
[2026-04-15T04:58:15.816+0000] {processor.py:183} INFO - Processing /home/airflow/.local/lib/python3.8/site-packages/airflow/example_dags/example_python_operator.py took 0.057 seconds
[2026-04-15T04:58:45.848+0000] {processor.py:161} INFO - Started process (PID=752) to work on /home/airflow/.local/lib/python3.8/site-packages/airflow/example_dags/example_python_operator.py
[2026-04-15T04:58:45.849+0000] {processor.py:830} INFO - Processing file /home/airflow/.local/lib/python3.8/site-packages/airflow/example_dags/example_python_operator.py for tasks to queue
[2026-04-15T04:58:45.850+0000] {logging_mixin.py:188} INFO - [2026-04-15T04:58:45.850+0000] {dagbag.py:538} INFO - Filling up the DagBag from /home/airflow/.local/lib/python3.8/site-packages/airflow/example_dags/example_python_operator.py
[2026-04-15T04:58:45.857+0000] {processor.py:840} INFO - DAG(s) 'example_python_operator' retrieved from /home/airflow/.local/lib/python3.8/site-packages/airflow/example_dags/example_python_operator.py
[2026-04-15T04:58:45.873+0000] {logging_mixin.py:188} INFO - [2026-04-15T04:58:45.873+0000] {dag.py:3036} INFO - Sync 1 DAGs
[2026-04-15T04:58:45.882+0000] {logging_mixin.py:188} INFO - [2026-04-15T04:58:45.882+0000] {dag.py:3823} INFO - Setting next_dagrun for example_python_operator to None, run_after=None
[2026-04-15T04:58:45.894+0000] {processor.py:183} INFO - Processing /home/airflow/.local/lib/python3.8/site-packages/airflow/example_dags/example_python_operator.py took 0.048 seconds
[2026-04-15T04:59:16.052+0000] {processor.py:161} INFO - Started process (PID=808) to work on /home/airflow/.local/lib/python3.8/site-packages/airflow/example_dags/example_python_operator.py
[2026-04-15T04:59:16.053+0000] {processor.py:830} INFO - Processing file /home/airflow/.local/lib/python3.8/site-packages/airflow/example_dags/example_python_operator.py for tasks to queue
[2026-04-15T04:59:16.054+0000] {logging_mixin.py:188} INFO - [2026-04-15T04:59:16.054+0000] {dagbag.py:538} INFO - Filling up the DagBag from /home/airflow/.local/lib/python3.8/site-packages/airflow/example_dags/example_python_operator.py
[2026-04-15T04:59:16.062+0000] {processor.py:840} INFO - DAG(s) 'example_python_operator' retrieved from /home/airflow/.local/lib/python3.8/site-packages/airflow/example_dags/example_python_operator.py
[2026-04-15T04:59:16.079+0000] {logging_mixin.py:188} INFO - [2026-04-15T04:59:16.078+0000] {dag.py:3036} INFO - Sync 1 DAGs
[2026-04-15T04:59:16.087+0000] {logging_mixin.py:188} INFO - [2026-04-15T04:59:16.087+0000] {dag.py:3823} INFO - Setting next_dagrun for example_python_operator to None, run_after=None
[2026-04-15T04:59:16.098+0000] {processor.py:183} INFO - Processing /home/airflow/.local/lib/python3.8/site-packages/airflow/example_dags/example_python_operator.py took 0.048 seconds
[2026-04-15T04:59:46.591+0000] {processor.py:161} INFO - Started process (PID=864) to work on /home/airflow/.local/lib/python3.8/site-packages/airflow/example_dags/example_python_operator.py
[2026-04-15T04:59:46.592+0000] {processor.py:830} INFO - Processing file /home/airflow/.local/lib/python3.8/site-packages/airflow/example_dags/example_python_operator.py for tasks to queue
[2026-04-15T04:59:46.593+0000] {logging_mixin.py:188} INFO - [2026-04-15T04:59:46.593+0000] {dagbag.py:538} INFO - Filling up the DagBag from /home/airflow/.local/lib/python3.8/site-packages/airflow/example_dags/example_python_operator.py
[2026-04-15T04:59:46.602+0000] {processor.py:840} INFO - DAG(s) 'example_python_operator' retrieved from /home/airflow/.local/lib/python3.8/site-packages/airflow/example_dags/example_python_operator.py
[2026-04-15T04:59:46.623+0000] {logging_mixin.py:188} INFO - [2026-04-15T04:59:46.623+0000] {dag.py:3036} INFO - Sync 1 DAGs
[2026-04-15T04:59:46.634+0000] {logging_mixin.py:188} INFO - [2026-04-15T04:59:46.633+0000] {dag.py:3823} INFO - Setting next_dagrun for example_python_operator to None, run_after=None
[2026-04-15T04:59:46.650+0000] {processor.py:183} INFO - Processing /home/airflow/.local/lib/python3.8/site-packages/airflow/example_dags/example_python_operator.py took 0.062 seconds
[2026-04-15T05:00:16.900+0000] {processor.py:161} INFO - Started process (PID=920) to work on /home/airflow/.local/lib/python3.8/site-packages/airflow/example_dags/example_python_operator.py
[2026-04-15T05:00:16.901+0000] {processor.py:830} INFO - Processing file /home/airflow/.local/lib/python3.8/site-packages/airflow/example_dags/example_python_operator.py for tasks to queue
[2026-04-15T05:00:16.902+0000] {logging_mixin.py:188} INFO - [2026-04-15T05:00:16.902+0000] {dagbag.py:538} INFO - Filling up the DagBag from /home/airflow/.local/lib/python3.8/site-packages/airflow/example_dags/example_python_operator.py
[2026-04-15T05:00:16.912+0000] {processor.py:840} INFO - DAG(s) 'example_python_operator' retrieved from /home/airflow/.local/lib/python3.8/site-packages/airflow/example_dags/example_python_operator.py
[2026-04-15T05:00:16.931+0000] {logging_mixin.py:188} INFO - [2026-04-15T05:00:16.931+0000] {dag.py:3036} INFO - Sync 1 DAGs
[2026-04-15T05:00:16.943+0000] {logging_mixin.py:188} INFO - [2026-04-15T05:00:16.943+0000] {dag.py:3823} INFO - Setting next_dagrun for example_python_operator to None, run_after=None
[2026-04-15T05:00:16.959+0000] {processor.py:183} INFO - Processing /home/airflow/.local/lib/python3.8/site-packages/airflow/example_dags/example_python_operator.py took 0.063 seconds
[2026-04-15T05:00:47.624+0000] {processor.py:161} INFO - Started process (PID=976) to work on /home/airflow/.local/lib/python3.8/site-packages/airflow/example_dags/example_python_operator.py
[2026-04-15T05:00:47.625+0000] {processor.py:830} INFO - Processing file /home/airflow/.local/lib/python3.8/site-packages/airflow/example_dags/example_python_operator.py for tasks to queue
[2026-04-15T05:00:47.626+0000] {logging_mixin.py:188} INFO - [2026-04-15T05:00:47.626+0000] {dagbag.py:538} INFO - Filling up the DagBag from /home/airflow/.local/lib/python3.8/site-packages/airflow/example_dags/example_python_operator.py
[2026-04-15T05:00:47.633+0000] {processor.py:840} INFO - DAG(s) 'example_python_operator' retrieved from /home/airflow/.local/lib/python3.8/site-packages/airflow/example_dags/example_python_operator.py
[2026-04-15T05:00:47.651+0000] {logging_mixin.py:188} INFO - [2026-04-15T05:00:47.651+0000] {dag.py:3036} INFO - Sync 1 DAGs
[2026-04-15T05:00:47.661+0000] {logging_mixin.py:188} INFO - [2026-04-15T05:00:47.661+0000] {dag.py:3823} INFO - Setting next_dagrun for example_python_operator to None, run_after=None
[2026-04-15T05:00:47.673+0000] {processor.py:183} INFO - Processing /home/airflow/.local/lib/python3.8/site-packages/airflow/example_dags/example_python_operator.py took 0.051 seconds
[2026-04-15T05:01:17.810+0000] {processor.py:161} INFO - Started process (PID=1032) to work on /home/airflow/.local/lib/python3.8/site-packages/airflow/example_dags/example_python_operator.py
[2026-04-15T05:01:17.811+0000] {processor.py:830} INFO - Processing file /home/airflow/.local/lib/python3.8/site-packages/airflow/example_dags/example_python_operator.py for tasks to queue
[2026-04-15T05:01:17.812+0000] {logging_mixin.py:188} INFO - [2026-04-15T05:01:17.812+0000] {dagbag.py:538} INFO - Filling up the DagBag from /home/airflow/.local/lib/python3.8/site-packages/airflow/example_dags/example_python_operator.py
[2026-04-15T05:01:17.821+0000] {processor.py:840} INFO - DAG(s) 'example_python_operator' retrieved from /home/airflow/.local/lib/python3.8/site-packages/airflow/example_dags/example_python_operator.py
[2026-04-15T05:01:17.841+0000] {logging_mixin.py:188} INFO - [2026-04-15T05:01:17.841+0000] {dag.py:3036} INFO - Sync 1 DAGs
[2026-04-15T05:01:17.852+0000] {logging_mixin.py:188} INFO - [2026-04-15T05:01:17.851+0000] {dag.py:3823} INFO - Setting next_dagrun for example_python_operator to None, run_after=None
[2026-04-15T05:01:17.868+0000] {processor.py:183} INFO - Processing /home/airflow/.local/lib/python3.8/site-packages/airflow/example_dags/example_python_operator.py took 0.062 seconds
[2026-04-15T05:01:48.727+0000] {processor.py:161} INFO - Started process (PID=1088) to work on /home/airflow/.local/lib/python3.8/site-packages/airflow/example_dags/example_python_operator.py
[2026-04-15T05:01:48.729+0000] {processor.py:830} INFO - Processing file /home/airflow/.local/lib/python3.8/site-packages/airflow/example_dags/example_python_operator.py for tasks to queue
[2026-04-15T05:01:48.731+0000] {logging_mixin.py:188} INFO - [2026-04-15T05:01:48.731+0000] {dagbag.py:538} INFO - Filling up the DagBag from /home/airflow/.local/lib/python3.8/site-packages/airflow/example_dags/example_python_operator.py
[2026-04-15T05:01:48.747+0000] {processor.py:840} INFO - DAG(s) 'example_python_operator' retrieved from /home/airflow/.local/lib/python3.8/site-packages/airflow/example_dags/example_python_operator.py
[2026-04-15T05:01:48.782+0000] {logging_mixin.py:188} INFO - [2026-04-15T05:01:48.781+0000] {dag.py:3036} INFO - Sync 1 DAGs
[2026-04-15T05:01:48.801+0000] {logging_mixin.py:188} INFO - [2026-04-15T05:01:48.801+0000] {dag.py:3823} INFO - Setting next_dagrun for example_python_operator to None, run_after=None
[2026-04-15T05:01:48.830+0000] {processor.py:183} INFO - Processing /home/airflow/.local/lib/python3.8/site-packages/airflow/example_dags/example_python_operator.py took 0.107 seconds
[2026-04-15T05:02:18.903+0000] {processor.py:161} INFO - Started process (PID=1144) to work on /home/airflow/.local/lib/python3.8/site-packages/airflow/example_dags/example_python_operator.py
[2026-04-15T05:02:18.904+0000] {processor.py:830} INFO - Processing file /home/airflow/.local/lib/python3.8/site-packages/airflow/example_dags/example_python_operator.py for tasks to queue
[2026-04-15T05:02:18.905+0000] {logging_mixin.py:188} INFO - [2026-04-15T05:02:18.905+0000] {dagbag.py:538} INFO - Filling up the DagBag from /home/airflow/.local/lib/python3.8/site-packages/airflow/example_dags/example_python_operator.py
[2026-04-15T05:02:18.912+0000] {processor.py:840} INFO - DAG(s) 'example_python_operator' retrieved from /home/airflow/.local/lib/python3.8/site-packages/airflow/example_dags/example_python_operator.py
[2026-04-15T05:02:18.928+0000] {logging_mixin.py:188} INFO - [2026-04-15T05:02:18.927+0000] {dag.py:3036} INFO - Sync 1 DAGs
[2026-04-15T05:02:18.936+0000] {logging_mixin.py:188} INFO - [2026-04-15T05:02:18.936+0000] {dag.py:3823} INFO - Setting next_dagrun for example_python_operator to None, run_after=None
[2026-04-15T05:02:18.948+0000] {processor.py:183} INFO - Processing /home/airflow/.local/lib/python3.8/site-packages/airflow/example_dags/example_python_operator.py took 0.048 seconds
[2026-04-15T05:02:49.704+0000] {processor.py:161} INFO - Started process (PID=1200) to work on /home/airflow/.local/lib/python3.8/site-packages/airflow/example_dags/example_python_operator.py
[2026-04-15T05:02:49.705+0000] {processor.py:830} INFO - Processing file /home/airflow/.local/lib/python3.8/site-packages/airflow/example_dags/example_python_operator.py for tasks to queue
[2026-04-15T05:02:49.707+0000] {logging_mixin.py:188} INFO - [2026-04-15T05:02:49.706+0000] {dagbag.py:538} INFO - Filling up the DagBag from /home/airflow/.local/lib/python3.8/site-packages/airflow/example_dags/example_python_operator.py
[2026-04-15T05:02:49.715+0000] {processor.py:840} INFO - DAG(s) 'example_python_operator' retrieved from /home/airflow/.local/lib/python3.8/site-packages/airflow/example_dags/example_python_operator.py
[2026-04-15T05:02:49.734+0000] {logging_mixin.py:188} INFO - [2026-04-15T05:02:49.734+0000] {dag.py:3036} INFO - Sync 1 DAGs
[2026-04-15T05:02:49.744+0000] {logging_mixin.py:188} INFO - [2026-04-15T05:02:49.744+0000] {dag.py:3823} INFO - Setting next_dagrun for example_python_operator to None, run_after=None
[2026-04-15T05:02:49.759+0000] {processor.py:183} INFO - Processing /home/airflow/.local/lib/python3.8/site-packages/airflow/example_dags/example_python_operator.py took 0.057 seconds
[2026-04-15T05:03:19.893+0000] {processor.py:161} INFO - Started process (PID=1256) to work on /home/airflow/.local/lib/python3.8/site-packages/airflow/example_dags/example_python_operator.py
[2026-04-15T05:03:19.893+0000] {processor.py:830} INFO - Processing file /home/airflow/.local/lib/python3.8/site-packages/airflow/example_dags/example_python_operator.py for tasks to queue
[2026-04-15T05:03:19.895+0000] {logging_mixin.py:188} INFO - [2026-04-15T05:03:19.894+0000] {dagbag.py:538} INFO - Filling up the DagBag from /home/airflow/.local/lib/python3.8/site-packages/airflow/example_dags/example_python_operator.py
[2026-04-15T05:03:19.902+0000] {processor.py:840} INFO - DAG(s) 'example_python_operator' retrieved from /home/airflow/.local/lib/python3.8/site-packages/airflow/example_dags/example_python_operator.py
[2026-04-15T05:03:19.918+0000] {logging_mixin.py:188} INFO - [2026-04-15T05:03:19.918+0000] {dag.py:3036} INFO - Sync 1 DAGs
[2026-04-15T05:03:19.927+0000] {logging_mixin.py:188} INFO - [2026-04-15T05:03:19.926+0000] {dag.py:3823} INFO - Setting next_dagrun for example_python_operator to None, run_after=None
[2026-04-15T05:03:19.938+0000] {processor.py:183} INFO - Processing /home/airflow/.local/lib/python3.8/site-packages/airflow/example_dags/example_python_operator.py took 0.048 seconds
[2026-04-15T05:03:50.207+0000] {processor.py:161} INFO - Started process (PID=1312) to work on /home/airflow/.local/lib/python3.8/site-packages/airflow/example_dags/example_python_operator.py
[2026-04-15T05:03:50.207+0000] {processor.py:830} INFO - Processing file /home/airflow/.local/lib/python3.8/site-packages/airflow/example_dags/example_python_operator.py for tasks to queue
[2026-04-15T05:03:50.209+0000] {logging_mixin.py:188} INFO - [2026-04-15T05:03:50.208+0000] {dagbag.py:538} INFO - Filling up the DagBag from /home/airflow/.local/lib/python3.8/site-packages/airflow/example_dags/example_python_operator.py
[2026-04-15T05:03:50.216+0000] {processor.py:840} INFO - DAG(s) 'example_python_operator' retrieved from /home/airflow/.local/lib/python3.8/site-packages/airflow/example_dags/example_python_operator.py
[2026-04-15T05:03:50.232+0000] {logging_mixin.py:188} INFO - [2026-04-15T05:03:50.231+0000] {dag.py:3036} INFO - Sync 1 DAGs
[2026-04-15T05:03:50.240+0000] {logging_mixin.py:188} INFO - [2026-04-15T05:03:50.240+0000] {dag.py:3823} INFO - Setting next_dagrun for example_python_operator to None, run_after=None
[2026-04-15T05:03:50.252+0000] {processor.py:183} INFO - Processing /home/airflow/.local/lib/python3.8/site-packages/airflow/example_dags/example_python_operator.py took 0.048 seconds
[2026-04-15T05:04:21.299+0000] {processor.py:161} INFO - Started process (PID=1368) to work on /home/airflow/.local/lib/python3.8/site-packages/airflow/example_dags/example_python_operator.py
[2026-04-15T05:04:21.300+0000] {processor.py:830} INFO - Processing file /home/airflow/.local/lib/python3.8/site-packages/airflow/example_dags/example_python_operator.py for tasks to queue
[2026-04-15T05:04:21.302+0000] {logging_mixin.py:188} INFO - [2026-04-15T05:04:21.302+0000] {dagbag.py:538} INFO - Filling up the DagBag from /home/airflow/.local/lib/python3.8/site-packages/airflow/example_dags/example_python_operator.py
[2026-04-15T05:04:21.316+0000] {processor.py:840} INFO - DAG(s) 'example_python_operator' retrieved from /home/airflow/.local/lib/python3.8/site-packages/airflow/example_dags/example_python_operator.py
[2026-04-15T05:04:21.345+0000] {logging_mixin.py:188} INFO - [2026-04-15T05:04:21.345+0000] {dag.py:3036} INFO - Sync 1 DAGs
[2026-04-15T05:04:21.362+0000] {logging_mixin.py:188} INFO - [2026-04-15T05:04:21.361+0000] {dag.py:3823} INFO - Setting next_dagrun for example_python_operator to None, run_after=None
[2026-04-15T05:04:21.387+0000] {processor.py:183} INFO - Processing /home/airflow/.local/lib/python3.8/site-packages/airflow/example_dags/example_python_operator.py took 0.093 seconds
[2026-04-15T05:04:51.587+0000] {processor.py:161} INFO - Started process (PID=1424) to work on /home/airflow/.local/lib/python3.8/site-packages/airflow/example_dags/example_python_operator.py
[2026-04-15T05:04:51.587+0000] {processor.py:830} INFO - Processing file /home/airflow/.local/lib/python3.8/site-packages/airflow/example_dags/example_python_operator.py for tasks to queue
[2026-04-15T05:04:51.589+0000] {logging_mixin.py:188} INFO - [2026-04-15T05:04:51.588+0000] {dagbag.py:538} INFO - Filling up the DagBag from /home/airflow/.local/lib/python3.8/site-packages/airflow/example_dags/example_python_operator.py
[2026-04-15T05:04:51.596+0000] {processor.py:840} INFO - DAG(s) 'example_python_operator' retrieved from /home/airflow/.local/lib/python3.8/site-packages/airflow/example_dags/example_python_operator.py
[2026-04-15T05:04:51.611+0000] {logging_mixin.py:188} INFO - [2026-04-15T05:04:51.611+0000] {dag.py:3036} INFO - Sync 1 DAGs
[2026-04-15T05:04:51.620+0000] {logging_mixin.py:188} INFO - [2026-04-15T05:04:51.620+0000] {dag.py:3823} INFO - Setting next_dagrun for example_python_operator to None, run_after=None
[2026-04-15T05:04:51.632+0000] {processor.py:183} INFO - Processing /home/airflow/.local/lib/python3.8/site-packages/airflow/example_dags/example_python_operator.py took 0.047 seconds
[2026-04-15T05:05:22.188+0000] {processor.py:161} INFO - Started process (PID=1480) to work on /home/airflow/.local/lib/python3.8/site-packages/airflow/example_dags/example_python_operator.py
[2026-04-15T05:05:22.189+0000] {processor.py:830} INFO - Processing file /home/airflow/.local/lib/python3.8/site-packages/airflow/example_dags/example_python_operator.py for tasks to queue
[2026-04-15T05:05:22.190+0000] {logging_mixin.py:188} INFO - [2026-04-15T05:05:22.190+0000] {dagbag.py:538} INFO - Filling up the DagBag from /home/airflow/.local/lib/python3.8/site-packages/airflow/example_dags/example_python_operator.py
[2026-04-15T05:05:22.198+0000] {processor.py:840} INFO - DAG(s) 'example_python_operator' retrieved from /home/airflow/.local/lib/python3.8/site-packages/airflow/example_dags/example_python_operator.py
[2026-04-15T05:05:22.215+0000] {logging_mixin.py:188} INFO - [2026-04-15T05:05:22.214+0000] {dag.py:3036} INFO - Sync 1 DAGs
[2026-04-15T05:05:22.224+0000] {logging_mixin.py:188} INFO - [2026-04-15T05:05:22.223+0000] {dag.py:3823} INFO - Setting next_dagrun for example_python_operator to None, run_after=None
[2026-04-15T05:05:22.237+0000] {processor.py:183} INFO - Processing /home/airflow/.local/lib/python3.8/site-packages/airflow/example_dags/example_python_operator.py took 0.052 seconds
[2026-04-15T05:05:52.594+0000] {processor.py:161} INFO - Started process (PID=1536) to work on /home/airflow/.local/lib/python3.8/site-packages/airflow/example_dags/example_python_operator.py
[2026-04-15T05:05:52.595+0000] {processor.py:830} INFO - Processing file /home/airflow/.local/lib/python3.8/site-packages/airflow/example_dags/example_python_operator.py for tasks to queue
[2026-04-15T05:05:52.596+0000] {logging_mixin.py:188} INFO - [2026-04-15T05:05:52.596+0000] {dagbag.py:538} INFO - Filling up the DagBag from /home/airflow/.local/lib/python3.8/site-packages/airflow/example_dags/example_python_operator.py
[2026-04-15T05:05:52.606+0000] {processor.py:840} INFO - DAG(s) 'example_python_operator' retrieved from /home/airflow/.local/lib/python3.8/site-packages/airflow/example_dags/example_python_operator.py
[2026-04-15T05:05:52.627+0000] {logging_mixin.py:188} INFO - [2026-04-15T05:05:52.627+0000] {dag.py:3036} INFO - Sync 1 DAGs
[2026-04-15T05:05:52.638+0000] {logging_mixin.py:188} INFO - [2026-04-15T05:05:52.638+0000] {dag.py:3823} INFO - Setting next_dagrun for example_python_operator to None, run_after=None
[2026-04-15T05:05:52.654+0000] {processor.py:183} INFO - Processing /home/airflow/.local/lib/python3.8/site-packages/airflow/example_dags/example_python_operator.py took 0.063 seconds
[2026-04-15T05:06:22.775+0000] {processor.py:161} INFO - Started process (PID=1592) to work on /home/airflow/.local/lib/python3.8/site-packages/airflow/example_dags/example_python_operator.py
[2026-04-15T05:06:22.776+0000] {processor.py:830} INFO - Processing file /home/airflow/.local/lib/python3.8/site-packages/airflow/example_dags/example_python_operator.py for tasks to queue
[2026-04-15T05:06:22.777+0000] {logging_mixin.py:188} INFO - [2026-04-15T05:06:22.777+0000] {dagbag.py:538} INFO - Filling up the DagBag from /home/airflow/.local/lib/python3.8/site-packages/airflow/example_dags/example_python_operator.py
[2026-04-15T05:06:22.786+0000] {processor.py:840} INFO - DAG(s) 'example_python_operator' retrieved from /home/airflow/.local/lib/python3.8/site-packages/airflow/example_dags/example_python_operator.py
[2026-04-15T05:06:22.804+0000] {logging_mixin.py:188} INFO - [2026-04-15T05:06:22.804+0000] {dag.py:3036} INFO - Sync 1 DAGs
[2026-04-15T05:06:22.815+0000] {logging_mixin.py:188} INFO - [2026-04-15T05:06:22.814+0000] {dag.py:3823} INFO - Setting next_dagrun for example_python_operator to None, run_after=None
[2026-04-15T05:06:22.830+0000] {processor.py:183} INFO - Processing /home/airflow/.local/lib/python3.8/site-packages/airflow/example_dags/example_python_operator.py took 0.057 seconds
[2026-04-15T05:06:52.874+0000] {processor.py:161} INFO - Started process (PID=1648) to work on /home/airflow/.local/lib/python3.8/site-packages/airflow/example_dags/example_python_operator.py
[2026-04-15T05:06:52.875+0000] {processor.py:830} INFO - Processing file /home/airflow/.local/lib/python3.8/site-packages/airflow/example_dags/example_python_operator.py for tasks to queue
[2026-04-15T05:06:52.876+0000] {logging_mixin.py:188} INFO - [2026-04-15T05:06:52.876+0000] {dagbag.py:538} INFO - Filling up the DagBag from /home/airflow/.local/lib/python3.8/site-packages/airflow/example_dags/example_python_operator.py
[2026-04-15T05:06:52.883+0000] {processor.py:840} INFO - DAG(s) 'example_python_operator' retrieved from /home/airflow/.local/lib/python3.8/site-packages/airflow/example_dags/example_python_operator.py
[2026-04-15T05:06:52.899+0000] {logging_mixin.py:188} INFO - [2026-04-15T05:06:52.899+0000] {dag.py:3036} INFO - Sync 1 DAGs
[2026-04-15T05:06:52.908+0000] {logging_mixin.py:188} INFO - [2026-04-15T05:06:52.908+0000] {dag.py:3823} INFO - Setting next_dagrun for example_python_operator to None, run_after=None
[2026-04-15T05:06:52.921+0000] {processor.py:183} INFO - Processing /home/airflow/.local/lib/python3.8/site-packages/airflow/example_dags/example_python_operator.py took 0.049 seconds
[2026-04-15T05:07:23.611+0000] {processor.py:161} INFO - Started process (PID=1704) to work on /home/airflow/.local/lib/python3.8/site-packages/airflow/example_dags/example_python_operator.py
[2026-04-15T05:07:23.612+0000] {processor.py:830} INFO - Processing file /home/airflow/.local/lib/python3.8/site-packages/airflow/example_dags/example_python_operator.py for tasks to queue
[2026-04-15T05:07:23.613+0000] {logging_mixin.py:188} INFO - [2026-04-15T05:07:23.613+0000] {dagbag.py:538} INFO - Filling up the DagBag from /home/airflow/.local/lib/python3.8/site-packages/airflow/example_dags/example_python_operator.py
[2026-04-15T05:07:23.621+0000] {processor.py:840} INFO - DAG(s) 'example_python_operator' retrieved from /home/airflow/.local/lib/python3.8/site-packages/airflow/example_dags/example_python_operator.py
[2026-04-15T05:07:23.638+0000] {logging_mixin.py:188} INFO - [2026-04-15T05:07:23.637+0000] {dag.py:3036} INFO - Sync 1 DAGs
[2026-04-15T05:07:23.647+0000] {logging_mixin.py:188} INFO - [2026-04-15T05:07:23.646+0000] {dag.py:3823} INFO - Setting next_dagrun for example_python_operator to None, run_after=None
[2026-04-15T05:07:23.660+0000] {processor.py:183} INFO - Processing /home/airflow/.local/lib/python3.8/site-packages/airflow/example_dags/example_python_operator.py took 0.051 seconds
[2026-04-15T05:07:53.873+0000] {processor.py:161} INFO - Started process (PID=1760) to work on /home/airflow/.local/lib/python3.8/site-packages/airflow/example_dags/example_python_operator.py
[2026-04-15T05:07:53.874+0000] {processor.py:830} INFO - Processing file /home/airflow/.local/lib/python3.8/site-packages/airflow/example_dags/example_python_operator.py for tasks to queue
[2026-04-15T05:07:53.876+0000] {logging_mixin.py:188} INFO - [2026-04-15T05:07:53.876+0000] {dagbag.py:538} INFO - Filling up the DagBag from /home/airflow/.local/lib/python3.8/site-packages/airflow/example_dags/example_python_operator.py
[2026-04-15T05:07:53.889+0000] {processor.py:840} INFO - DAG(s) 'example_python_operator' retrieved from /home/airflow/.local/lib/python3.8/site-packages/airflow/example_dags/example_python_operator.py
[2026-04-15T05:07:53.922+0000] {logging_mixin.py:188} INFO - [2026-04-15T05:07:53.922+0000] {dag.py:3036} INFO - Sync 1 DAGs
[2026-04-15T05:07:53.939+0000] {logging_mixin.py:188} INFO - [2026-04-15T05:07:53.939+0000] {dag.py:3823} INFO - Setting next_dagrun for example_python_operator to None, run_after=None
[2026-04-15T05:07:53.964+0000] {processor.py:183} INFO - Processing /home/airflow/.local/lib/python3.8/site-packages/airflow/example_dags/example_python_operator.py took 0.096 seconds
[2026-04-15T05:08:25.002+0000] {processor.py:161} INFO - Started process (PID=1816) to work on /home/airflow/.local/lib/python3.8/site-packages/airflow/example_dags/example_python_operator.py
[2026-04-15T05:08:25.004+0000] {processor.py:830} INFO - Processing file /home/airflow/.local/lib/python3.8/site-packages/airflow/example_dags/example_python_operator.py for tasks to queue
[2026-04-15T05:08:25.006+0000] {logging_mixin.py:188} INFO - [2026-04-15T05:08:25.005+0000] {dagbag.py:538} INFO - Filling up the DagBag from /home/airflow/.local/lib/python3.8/site-packages/airflow/example_dags/example_python_operator.py
[2026-04-15T05:08:25.018+0000] {processor.py:840} INFO - DAG(s) 'example_python_operator' retrieved from /home/airflow/.local/lib/python3.8/site-packages/airflow/example_dags/example_python_operator.py
[2026-04-15T05:08:25.044+0000] {logging_mixin.py:188} INFO - [2026-04-15T05:08:25.043+0000] {dag.py:3036} INFO - Sync 1 DAGs
[2026-04-15T05:08:25.056+0000] {logging_mixin.py:188} INFO - [2026-04-15T05:08:25.056+0000] {dag.py:3823} INFO - Setting next_dagrun for example_python_operator to None, run_after=None
[2026-04-15T05:08:25.075+0000] {processor.py:183} INFO - Processing /home/airflow/.local/lib/python3.8/site-packages/airflow/example_dags/example_python_operator.py took 0.077 seconds
[2026-04-15T05:08:55.193+0000] {processor.py:161} INFO - Started process (PID=1872) to work on /home/airflow/.local/lib/python3.8/site-packages/airflow/example_dags/example_python_operator.py
[2026-04-15T05:08:55.194+0000] {processor.py:830} INFO - Processing file /home/airflow/.local/lib/python3.8/site-packages/airflow/example_dags/example_python_operator.py for tasks to queue
[2026-04-15T05:08:55.195+0000] {logging_mixin.py:188} INFO - [2026-04-15T05:08:55.195+0000] {dagbag.py:538} INFO - Filling up the DagBag from /home/airflow/.local/lib/python3.8/site-packages/airflow/example_dags/example_python_operator.py
[2026-04-15T05:08:55.202+0000] {processor.py:840} INFO - DAG(s) 'example_python_operator' retrieved from /home/airflow/.local/lib/python3.8/site-packages/airflow/example_dags/example_python_operator.py
[2026-04-15T05:08:55.219+0000] {logging_mixin.py:188} INFO - [2026-04-15T05:08:55.218+0000] {dag.py:3036} INFO - Sync 1 DAGs
[2026-04-15T05:08:55.227+0000] {logging_mixin.py:188} INFO - [2026-04-15T05:08:55.227+0000] {dag.py:3823} INFO - Setting next_dagrun for example_python_operator to None, run_after=None
[2026-04-15T05:08:55.239+0000] {processor.py:183} INFO - Processing /home/airflow/.local/lib/python3.8/site-packages/airflow/example_dags/example_python_operator.py took 0.049 seconds
[2026-04-15T05:09:25.314+0000] {processor.py:161} INFO - Started process (PID=1927) to work on /home/airflow/.local/lib/python3.8/site-packages/airflow/example_dags/example_python_operator.py
[2026-04-15T05:09:25.315+0000] {processor.py:830} INFO - Processing file /home/airflow/.local/lib/python3.8/site-packages/airflow/example_dags/example_python_operator.py for tasks to queue
[2026-04-15T05:09:25.316+0000] {logging_mixin.py:188} INFO - [2026-04-15T05:09:25.316+0000] {dagbag.py:538} INFO - Filling up the DagBag from /home/airflow/.local/lib/python3.8/site-packages/airflow/example_dags/example_python_operator.py
[2026-04-15T05:09:25.324+0000] {processor.py:840} INFO - DAG(s) 'example_python_operator' retrieved from /home/airflow/.local/lib/python3.8/site-packages/airflow/example_dags/example_python_operator.py
[2026-04-15T05:09:25.341+0000] {logging_mixin.py:188} INFO - [2026-04-15T05:09:25.341+0000] {dag.py:3036} INFO - Sync 1 DAGs
[2026-04-15T05:09:25.350+0000] {logging_mixin.py:188} INFO - [2026-04-15T05:09:25.350+0000] {dag.py:3823} INFO - Setting next_dagrun for example_python_operator to None, run_after=None
[2026-04-15T05:09:25.363+0000] {processor.py:183} INFO - Processing /home/airflow/.local/lib/python3.8/site-packages/airflow/example_dags/example_python_operator.py took 0.051 seconds
[2026-04-15T05:09:55.421+0000] {processor.py:161} INFO - Started process (PID=1983) to work on /home/airflow/.local/lib/python3.8/site-packages/airflow/example_dags/example_python_operator.py
[2026-04-15T05:09:55.421+0000] {processor.py:830} INFO - Processing file /home/airflow/.local/lib/python3.8/site-packages/airflow/example_dags/example_python_operator.py for tasks to queue
[2026-04-15T05:09:55.422+0000] {logging_mixin.py:188} INFO - [2026-04-15T05:09:55.422+0000] {dagbag.py:538} INFO - Filling up the DagBag from /home/airflow/.local/lib/python3.8/site-packages/airflow/example_dags/example_python_operator.py
[2026-04-15T05:09:55.430+0000] {processor.py:840} INFO - DAG(s) 'example_python_operator' retrieved from /home/airflow/.local/lib/python3.8/site-packages/airflow/example_dags/example_python_operator.py
[2026-04-15T05:09:55.446+0000] {logging_mixin.py:188} INFO - [2026-04-15T05:09:55.446+0000] {dag.py:3036} INFO - Sync 1 DAGs
[2026-04-15T05:09:55.456+0000] {logging_mixin.py:188} INFO - [2026-04-15T05:09:55.456+0000] {dag.py:3823} INFO - Setting next_dagrun for example_python_operator to None, run_after=None
[2026-04-15T05:09:55.470+0000] {processor.py:183} INFO - Processing /home/airflow/.local/lib/python3.8/site-packages/airflow/example_dags/example_python_operator.py took 0.051 seconds
[2026-04-15T05:10:25.653+0000] {processor.py:161} INFO - Started process (PID=2039) to work on /home/airflow/.local/lib/python3.8/site-packages/airflow/example_dags/example_python_operator.py
[2026-04-15T05:10:25.654+0000] {processor.py:830} INFO - Processing file /home/airflow/.local/lib/python3.8/site-packages/airflow/example_dags/example_python_operator.py for tasks to queue
[2026-04-15T05:10:25.655+0000] {logging_mixin.py:188} INFO - [2026-04-15T05:10:25.655+0000] {dagbag.py:538} INFO - Filling up the DagBag from /home/airflow/.local/lib/python3.8/site-packages/airflow/example_dags/example_python_operator.py
[2026-04-15T05:10:25.662+0000] {processor.py:840} INFO - DAG(s) 'example_python_operator' retrieved from /home/airflow/.local/lib/python3.8/site-packages/airflow/example_dags/example_python_operator.py
[2026-04-15T05:10:25.679+0000] {logging_mixin.py:188} INFO - [2026-04-15T05:10:25.679+0000] {dag.py:3036} INFO - Sync 1 DAGs
[2026-04-15T05:10:25.688+0000] {logging_mixin.py:188} INFO - [2026-04-15T05:10:25.688+0000] {dag.py:3823} INFO - Setting next_dagrun for example_python_operator to None, run_after=None
[2026-04-15T05:10:25.700+0000] {processor.py:183} INFO - Processing /home/airflow/.local/lib/python3.8/site-packages/airflow/example_dags/example_python_operator.py took 0.050 seconds
[2026-04-15T05:10:55.904+0000] {processor.py:161} INFO - Started process (PID=2095) to work on /home/airflow/.local/lib/python3.8/site-packages/airflow/example_dags/example_python_operator.py
[2026-04-15T05:10:55.905+0000] {processor.py:830} INFO - Processing file /home/airflow/.local/lib/python3.8/site-packages/airflow/example_dags/example_python_operator.py for tasks to queue
[2026-04-15T05:10:55.906+0000] {logging_mixin.py:188} INFO - [2026-04-15T05:10:55.906+0000] {dagbag.py:538} INFO - Filling up the DagBag from /home/airflow/.local/lib/python3.8/site-packages/airflow/example_dags/example_python_operator.py
[2026-04-15T05:10:55.913+0000] {processor.py:840} INFO - DAG(s) 'example_python_operator' retrieved from /home/airflow/.local/lib/python3.8/site-packages/airflow/example_dags/example_python_operator.py
[2026-04-15T05:10:55.929+0000] {logging_mixin.py:188} INFO - [2026-04-15T05:10:55.929+0000] {dag.py:3036} INFO - Sync 1 DAGs
[2026-04-15T05:10:55.939+0000] {logging_mixin.py:188} INFO - [2026-04-15T05:10:55.939+0000] {dag.py:3823} INFO - Setting next_dagrun for example_python_operator to None, run_after=None
[2026-04-15T05:10:55.950+0000] {processor.py:183} INFO - Processing /home/airflow/.local/lib/python3.8/site-packages/airflow/example_dags/example_python_operator.py took 0.049 seconds
[2026-04-15T05:11:26.331+0000] {processor.py:161} INFO - Started process (PID=2151) to work on /home/airflow/.local/lib/python3.8/site-packages/airflow/example_dags/example_python_operator.py
[2026-04-15T05:11:26.332+0000] {processor.py:830} INFO - Processing file /home/airflow/.local/lib/python3.8/site-packages/airflow/example_dags/example_python_operator.py for tasks to queue
[2026-04-15T05:11:26.333+0000] {logging_mixin.py:188} INFO - [2026-04-15T05:11:26.333+0000] {dagbag.py:538} INFO - Filling up the DagBag from /home/airflow/.local/lib/python3.8/site-packages/airflow/example_dags/example_python_operator.py
[2026-04-15T05:11:26.341+0000] {processor.py:840} INFO - DAG(s) 'example_python_operator' retrieved from /home/airflow/.local/lib/python3.8/site-packages/airflow/example_dags/example_python_operator.py
[2026-04-15T05:11:26.358+0000] {logging_mixin.py:188} INFO - [2026-04-15T05:11:26.358+0000] {dag.py:3036} INFO - Sync 1 DAGs
[2026-04-15T05:11:26.366+0000] {logging_mixin.py:188} INFO - [2026-04-15T05:11:26.366+0000] {dag.py:3823} INFO - Setting next_dagrun for example_python_operator to None, run_after=None
[2026-04-15T05:11:26.380+0000] {processor.py:183} INFO - Processing /home/airflow/.local/lib/python3.8/site-packages/airflow/example_dags/example_python_operator.py took 0.051 seconds
[2026-04-15T05:11:56.789+0000] {processor.py:161} INFO - Started process (PID=2207) to work on /home/airflow/.local/lib/python3.8/site-packages/airflow/example_dags/example_python_operator.py
[2026-04-15T05:11:56.790+0000] {processor.py:830} INFO - Processing file /home/airflow/.local/lib/python3.8/site-packages/airflow/example_dags/example_python_operator.py for tasks to queue
[2026-04-15T05:11:56.791+0000] {logging_mixin.py:188} INFO - [2026-04-15T05:11:56.790+0000] {dagbag.py:538} INFO - Filling up the DagBag from /home/airflow/.local/lib/python3.8/site-packages/airflow/example_dags/example_python_operator.py
[2026-04-15T05:11:56.798+0000] {processor.py:840} INFO - DAG(s) 'example_python_operator' retrieved from /home/airflow/.local/lib/python3.8/site-packages/airflow/example_dags/example_python_operator.py
[2026-04-15T05:11:56.815+0000] {logging_mixin.py:188} INFO - [2026-04-15T05:11:56.815+0000] {dag.py:3036} INFO - Sync 1 DAGs
[2026-04-15T05:11:56.823+0000] {logging_mixin.py:188} INFO - [2026-04-15T05:11:56.823+0000] {dag.py:3823} INFO - Setting next_dagrun for example_python_operator to None, run_after=None
[2026-04-15T05:11:56.835+0000] {processor.py:183} INFO - Processing /home/airflow/.local/lib/python3.8/site-packages/airflow/example_dags/example_python_operator.py took 0.049 seconds
[2026-04-15T05:12:27.222+0000] {processor.py:161} INFO - Started process (PID=2263) to work on /home/airflow/.local/lib/python3.8/site-packages/airflow/example_dags/example_python_operator.py
[2026-04-15T05:12:27.222+0000] {processor.py:830} INFO - Processing file /home/airflow/.local/lib/python3.8/site-packages/airflow/example_dags/example_python_operator.py for tasks to queue
[2026-04-15T05:12:27.224+0000] {logging_mixin.py:188} INFO - [2026-04-15T05:12:27.223+0000] {dagbag.py:538} INFO - Filling up the DagBag from /home/airflow/.local/lib/python3.8/site-packages/airflow/example_dags/example_python_operator.py
[2026-04-15T05:12:27.231+0000] {processor.py:840} INFO - DAG(s) 'example_python_operator' retrieved from /home/airflow/.local/lib/python3.8/site-packages/airflow/example_dags/example_python_operator.py
[2026-04-15T05:12:27.248+0000] {logging_mixin.py:188} INFO - [2026-04-15T05:12:27.248+0000] {dag.py:3036} INFO - Sync 1 DAGs
[2026-04-15T05:12:27.257+0000] {logging_mixin.py:188} INFO - [2026-04-15T05:12:27.257+0000] {dag.py:3823} INFO - Setting next_dagrun for example_python_operator to None, run_after=None
[2026-04-15T05:12:27.271+0000] {processor.py:183} INFO - Processing /home/airflow/.local/lib/python3.8/site-packages/airflow/example_dags/example_python_operator.py took 0.052 seconds
[2026-04-15T05:12:57.910+0000] {processor.py:161} INFO - Started process (PID=2319) to work on /home/airflow/.local/lib/python3.8/site-packages/airflow/example_dags/example_python_operator.py
[2026-04-15T05:12:57.911+0000] {processor.py:830} INFO - Processing file /home/airflow/.local/lib/python3.8/site-packages/airflow/example_dags/example_python_operator.py for tasks to queue
[2026-04-15T05:12:57.913+0000] {logging_mixin.py:188} INFO - [2026-04-15T05:12:57.913+0000] {dagbag.py:538} INFO - Filling up the DagBag from /home/airflow/.local/lib/python3.8/site-packages/airflow/example_dags/example_python_operator.py
[2026-04-15T05:12:57.926+0000] {processor.py:840} INFO - DAG(s) 'example_python_operator' retrieved from /home/airflow/.local/lib/python3.8/site-packages/airflow/example_dags/example_python_operator.py
[2026-04-15T05:12:57.956+0000] {logging_mixin.py:188} INFO - [2026-04-15T05:12:57.955+0000] {dag.py:3036} INFO - Sync 1 DAGs
[2026-04-15T05:12:57.971+0000] {logging_mixin.py:188} INFO - [2026-04-15T05:12:57.971+0000] {dag.py:3823} INFO - Setting next_dagrun for example_python_operator to None, run_after=None
[2026-04-15T05:12:57.995+0000] {processor.py:183} INFO - Processing /home/airflow/.local/lib/python3.8/site-packages/airflow/example_dags/example_python_operator.py took 0.089 seconds
[2026-04-15T05:13:28.054+0000] {processor.py:161} INFO - Started process (PID=2374) to work on /home/airflow/.local/lib/python3.8/site-packages/airflow/example_dags/example_python_operator.py
[2026-04-15T05:13:28.055+0000] {processor.py:830} INFO - Processing file /home/airflow/.local/lib/python3.8/site-packages/airflow/example_dags/example_python_operator.py for tasks to queue
[2026-04-15T05:13:28.056+0000] {logging_mixin.py:188} INFO - [2026-04-15T05:13:28.056+0000] {dagbag.py:538} INFO - Filling up the DagBag from /home/airflow/.local/lib/python3.8/site-packages/airflow/example_dags/example_python_operator.py
[2026-04-15T05:13:28.064+0000] {processor.py:840} INFO - DAG(s) 'example_python_operator' retrieved from /home/airflow/.local/lib/python3.8/site-packages/airflow/example_dags/example_python_operator.py
[2026-04-15T05:13:28.080+0000] {logging_mixin.py:188} INFO - [2026-04-15T05:13:28.079+0000] {dag.py:3036} INFO - Sync 1 DAGs
[2026-04-15T05:13:28.088+0000] {logging_mixin.py:188} INFO - [2026-04-15T05:13:28.088+0000] {dag.py:3823} INFO - Setting next_dagrun for example_python_operator to None, run_after=None
[2026-04-15T05:13:28.099+0000] {processor.py:183} INFO - Processing /home/airflow/.local/lib/python3.8/site-packages/airflow/example_dags/example_python_operator.py took 0.048 seconds
[2026-04-15T05:13:58.828+0000] {processor.py:161} INFO - Started process (PID=2430) to work on /home/airflow/.local/lib/python3.8/site-packages/airflow/example_dags/example_python_operator.py
[2026-04-15T05:13:58.828+0000] {processor.py:830} INFO - Processing file /home/airflow/.local/lib/python3.8/site-packages/airflow/example_dags/example_python_operator.py for tasks to queue
[2026-04-15T05:13:58.830+0000] {logging_mixin.py:188} INFO - [2026-04-15T05:13:58.830+0000] {dagbag.py:538} INFO - Filling up the DagBag from /home/airflow/.local/lib/python3.8/site-packages/airflow/example_dags/example_python_operator.py
[2026-04-15T05:13:58.837+0000] {processor.py:840} INFO - DAG(s) 'example_python_operator' retrieved from /home/airflow/.local/lib/python3.8/site-packages/airflow/example_dags/example_python_operator.py
[2026-04-15T05:13:58.853+0000] {logging_mixin.py:188} INFO - [2026-04-15T05:13:58.853+0000] {dag.py:3036} INFO - Sync 1 DAGs
[2026-04-15T05:13:58.862+0000] {logging_mixin.py:188} INFO - [2026-04-15T05:13:58.862+0000] {dag.py:3823} INFO - Setting next_dagrun for example_python_operator to None, run_after=None
[2026-04-15T05:13:58.874+0000] {processor.py:183} INFO - Processing /home/airflow/.local/lib/python3.8/site-packages/airflow/example_dags/example_python_operator.py took 0.049 seconds
[2026-04-15T05:14:29.623+0000] {processor.py:161} INFO - Started process (PID=2486) to work on /home/airflow/.local/lib/python3.8/site-packages/airflow/example_dags/example_python_operator.py
[2026-04-15T05:14:29.623+0000] {processor.py:830} INFO - Processing file /home/airflow/.local/lib/python3.8/site-packages/airflow/example_dags/example_python_operator.py for tasks to queue
[2026-04-15T05:14:29.624+0000] {logging_mixin.py:188} INFO - [2026-04-15T05:14:29.624+0000] {dagbag.py:538} INFO - Filling up the DagBag from /home/airflow/.local/lib/python3.8/site-packages/airflow/example_dags/example_python_operator.py
[2026-04-15T05:14:29.741+0000] {processor.py:840} INFO - DAG(s) 'example_python_operator' retrieved from /home/airflow/.local/lib/python3.8/site-packages/airflow/example_dags/example_python_operator.py
[2026-04-15T05:14:29.755+0000] {logging_mixin.py:188} INFO - [2026-04-15T05:14:29.754+0000] {dag.py:3036} INFO - Sync 1 DAGs
[2026-04-15T05:14:29.762+0000] {logging_mixin.py:188} INFO - [2026-04-15T05:14:29.762+0000] {dag.py:3823} INFO - Setting next_dagrun for example_python_operator to None, run_after=None
[2026-04-15T05:14:29.782+0000] {processor.py:183} INFO - Processing /home/airflow/.local/lib/python3.8/site-packages/airflow/example_dags/example_python_operator.py took 0.162 seconds
[2026-04-15T05:14:59.855+0000] {processor.py:161} INFO - Started process (PID=2542) to work on /home/airflow/.local/lib/python3.8/site-packages/airflow/example_dags/example_python_operator.py
[2026-04-15T05:14:59.855+0000] {processor.py:830} INFO - Processing file /home/airflow/.local/lib/python3.8/site-packages/airflow/example_dags/example_python_operator.py for tasks to queue
[2026-04-15T05:14:59.857+0000] {logging_mixin.py:188} INFO - [2026-04-15T05:14:59.856+0000] {dagbag.py:538} INFO - Filling up the DagBag from /home/airflow/.local/lib/python3.8/site-packages/airflow/example_dags/example_python_operator.py
[2026-04-15T05:14:59.864+0000] {processor.py:840} INFO - DAG(s) 'example_python_operator' retrieved from /home/airflow/.local/lib/python3.8/site-packages/airflow/example_dags/example_python_operator.py
[2026-04-15T05:14:59.881+0000] {logging_mixin.py:188} INFO - [2026-04-15T05:14:59.881+0000] {dag.py:3036} INFO - Sync 1 DAGs
[2026-04-15T05:14:59.889+0000] {logging_mixin.py:188} INFO - [2026-04-15T05:14:59.889+0000] {dag.py:3823} INFO - Setting next_dagrun for example_python_operator to None, run_after=None
[2026-04-15T05:14:59.902+0000] {processor.py:183} INFO - Processing /home/airflow/.local/lib/python3.8/site-packages/airflow/example_dags/example_python_operator.py took 0.050 seconds
[2026-04-15T05:15:30.043+0000] {processor.py:161} INFO - Started process (PID=2598) to work on /home/airflow/.local/lib/python3.8/site-packages/airflow/example_dags/example_python_operator.py
[2026-04-15T05:15:30.044+0000] {processor.py:830} INFO - Processing file /home/airflow/.local/lib/python3.8/site-packages/airflow/example_dags/example_python_operator.py for tasks to queue
[2026-04-15T05:15:30.046+0000] {logging_mixin.py:188} INFO - [2026-04-15T05:15:30.045+0000] {dagbag.py:538} INFO - Filling up the DagBag from /home/airflow/.local/lib/python3.8/site-packages/airflow/example_dags/example_python_operator.py
[2026-04-15T05:15:30.053+0000] {processor.py:840} INFO - DAG(s) 'example_python_operator' retrieved from /home/airflow/.local/lib/python3.8/site-packages/airflow/example_dags/example_python_operator.py
[2026-04-15T05:15:30.070+0000] {logging_mixin.py:188} INFO - [2026-04-15T05:15:30.070+0000] {dag.py:3036} INFO - Sync 1 DAGs
[2026-04-15T05:15:30.079+0000] {logging_mixin.py:188} INFO - [2026-04-15T05:15:30.078+0000] {dag.py:3823} INFO - Setting next_dagrun for example_python_operator to None, run_after=None
[2026-04-15T05:15:30.092+0000] {processor.py:183} INFO - Processing /home/airflow/.local/lib/python3.8/site-packages/airflow/example_dags/example_python_operator.py took 0.051 seconds
[2026-04-15T05:16:00.967+0000] {processor.py:161} INFO - Started process (PID=2652) to work on /home/airflow/.local/lib/python3.8/site-packages/airflow/example_dags/example_python_operator.py
[2026-04-15T05:16:00.968+0000] {processor.py:830} INFO - Processing file /home/airflow/.local/lib/python3.8/site-packages/airflow/example_dags/example_python_operator.py for tasks to queue
[2026-04-15T05:16:00.969+0000] {logging_mixin.py:188} INFO - [2026-04-15T05:16:00.968+0000] {dagbag.py:538} INFO - Filling up the DagBag from /home/airflow/.local/lib/python3.8/site-packages/airflow/example_dags/example_python_operator.py
[2026-04-15T05:16:00.976+0000] {processor.py:840} INFO - DAG(s) 'example_python_operator' retrieved from /home/airflow/.local/lib/python3.8/site-packages/airflow/example_dags/example_python_operator.py
[2026-04-15T05:16:00.994+0000] {logging_mixin.py:188} INFO - [2026-04-15T05:16:00.994+0000] {dag.py:3036} INFO - Sync 1 DAGs
[2026-04-15T05:16:01.003+0000] {logging_mixin.py:188} INFO - [2026-04-15T05:16:01.003+0000] {dag.py:3823} INFO - Setting next_dagrun for example_python_operator to None, run_after=None
[2026-04-15T05:16:01.016+0000] {processor.py:183} INFO - Processing /home/airflow/.local/lib/python3.8/site-packages/airflow/example_dags/example_python_operator.py took 0.052 seconds
[2026-04-15T05:16:31.249+0000] {processor.py:161} INFO - Started process (PID=2708) to work on /home/airflow/.local/lib/python3.8/site-packages/airflow/example_dags/example_python_operator.py
[2026-04-15T05:16:31.250+0000] {processor.py:830} INFO - Processing file /home/airflow/.local/lib/python3.8/site-packages/airflow/example_dags/example_python_operator.py for tasks to queue
[2026-04-15T05:16:31.251+0000] {logging_mixin.py:188} INFO - [2026-04-15T05:16:31.251+0000] {dagbag.py:538} INFO - Filling up the DagBag from /home/airflow/.local/lib/python3.8/site-packages/airflow/example_dags/example_python_operator.py
[2026-04-15T05:16:31.260+0000] {processor.py:840} INFO - DAG(s) 'example_python_operator' retrieved from /home/airflow/.local/lib/python3.8/site-packages/airflow/example_dags/example_python_operator.py
[2026-04-15T05:16:31.278+0000] {logging_mixin.py:188} INFO - [2026-04-15T05:16:31.278+0000] {dag.py:3036} INFO - Sync 1 DAGs
[2026-04-15T05:16:31.287+0000] {logging_mixin.py:188} INFO - [2026-04-15T05:16:31.287+0000] {dag.py:3823} INFO - Setting next_dagrun for example_python_operator to None, run_after=None
[2026-04-15T05:16:31.301+0000] {processor.py:183} INFO - Processing /home/airflow/.local/lib/python3.8/site-packages/airflow/example_dags/example_python_operator.py took 0.054 seconds
[2026-04-15T05:17:01.604+0000] {processor.py:161} INFO - Started process (PID=2764) to work on /home/airflow/.local/lib/python3.8/site-packages/airflow/example_dags/example_python_operator.py
[2026-04-15T05:17:01.605+0000] {processor.py:830} INFO - Processing file /home/airflow/.local/lib/python3.8/site-packages/airflow/example_dags/example_python_operator.py for tasks to queue
[2026-04-15T05:17:01.607+0000] {logging_mixin.py:188} INFO - [2026-04-15T05:17:01.607+0000] {dagbag.py:538} INFO - Filling up the DagBag from /home/airflow/.local/lib/python3.8/site-packages/airflow/example_dags/example_python_operator.py
[2026-04-15T05:17:01.621+0000] {processor.py:840} INFO - DAG(s) 'example_python_operator' retrieved from /home/airflow/.local/lib/python3.8/site-packages/airflow/example_dags/example_python_operator.py
[2026-04-15T05:17:01.653+0000] {logging_mixin.py:188} INFO - [2026-04-15T05:17:01.653+0000] {dag.py:3036} INFO - Sync 1 DAGs
[2026-04-15T05:17:01.670+0000] {logging_mixin.py:188} INFO - [2026-04-15T05:17:01.670+0000] {dag.py:3823} INFO - Setting next_dagrun for example_python_operator to None, run_after=None
[2026-04-15T05:17:01.694+0000] {processor.py:183} INFO - Processing /home/airflow/.local/lib/python3.8/site-packages/airflow/example_dags/example_python_operator.py took 0.095 seconds
[2026-04-15T05:17:32.393+0000] {processor.py:161} INFO - Started process (PID=2821) to work on /home/airflow/.local/lib/python3.8/site-packages/airflow/example_dags/example_python_operator.py
[2026-04-15T05:17:32.394+0000] {processor.py:830} INFO - Processing file /home/airflow/.local/lib/python3.8/site-packages/airflow/example_dags/example_python_operator.py for tasks to queue
[2026-04-15T05:17:32.395+0000] {logging_mixin.py:188} INFO - [2026-04-15T05:17:32.395+0000] {dagbag.py:538} INFO - Filling up the DagBag from /home/airflow/.local/lib/python3.8/site-packages/airflow/example_dags/example_python_operator.py
[2026-04-15T05:17:32.402+0000] {processor.py:840} INFO - DAG(s) 'example_python_operator' retrieved from /home/airflow/.local/lib/python3.8/site-packages/airflow/example_dags/example_python_operator.py
[2026-04-15T05:17:32.418+0000] {logging_mixin.py:188} INFO - [2026-04-15T05:17:32.418+0000] {dag.py:3036} INFO - Sync 1 DAGs
[2026-04-15T05:17:32.427+0000] {logging_mixin.py:188} INFO - [2026-04-15T05:17:32.427+0000] {dag.py:3823} INFO - Setting next_dagrun for example_python_operator to None, run_after=None
[2026-04-15T05:17:32.439+0000] {processor.py:183} INFO - Processing /home/airflow/.local/lib/python3.8/site-packages/airflow/example_dags/example_python_operator.py took 0.047 seconds
[2026-04-15T05:18:02.712+0000] {processor.py:161} INFO - Started process (PID=2877) to work on /home/airflow/.local/lib/python3.8/site-packages/airflow/example_dags/example_python_operator.py
[2026-04-15T05:18:02.712+0000] {processor.py:830} INFO - Processing file /home/airflow/.local/lib/python3.8/site-packages/airflow/example_dags/example_python_operator.py for tasks to queue
[2026-04-15T05:18:02.714+0000] {logging_mixin.py:188} INFO - [2026-04-15T05:18:02.713+0000] {dagbag.py:538} INFO - Filling up the DagBag from /home/airflow/.local/lib/python3.8/site-packages/airflow/example_dags/example_python_operator.py
[2026-04-15T05:18:02.721+0000] {processor.py:840} INFO - DAG(s) 'example_python_operator' retrieved from /home/airflow/.local/lib/python3.8/site-packages/airflow/example_dags/example_python_operator.py
[2026-04-15T05:18:02.737+0000] {logging_mixin.py:188} INFO - [2026-04-15T05:18:02.737+0000] {dag.py:3036} INFO - Sync 1 DAGs
[2026-04-15T05:18:02.745+0000] {logging_mixin.py:188} INFO - [2026-04-15T05:18:02.745+0000] {dag.py:3823} INFO - Setting next_dagrun for example_python_operator to None, run_after=None
[2026-04-15T05:18:02.757+0000] {processor.py:183} INFO - Processing /home/airflow/.local/lib/python3.8/site-packages/airflow/example_dags/example_python_operator.py took 0.048 seconds
[2026-04-15T05:18:32.960+0000] {processor.py:161} INFO - Started process (PID=2933) to work on /home/airflow/.local/lib/python3.8/site-packages/airflow/example_dags/example_python_operator.py
[2026-04-15T05:18:32.960+0000] {processor.py:830} INFO - Processing file /home/airflow/.local/lib/python3.8/site-packages/airflow/example_dags/example_python_operator.py for tasks to queue
[2026-04-15T05:18:32.961+0000] {logging_mixin.py:188} INFO - [2026-04-15T05:18:32.961+0000] {dagbag.py:538} INFO - Filling up the DagBag from /home/airflow/.local/lib/python3.8/site-packages/airflow/example_dags/example_python_operator.py
[2026-04-15T05:18:32.969+0000] {processor.py:840} INFO - DAG(s) 'example_python_operator' retrieved from /home/airflow/.local/lib/python3.8/site-packages/airflow/example_dags/example_python_operator.py
[2026-04-15T05:18:32.986+0000] {logging_mixin.py:188} INFO - [2026-04-15T05:18:32.986+0000] {dag.py:3036} INFO - Sync 1 DAGs
[2026-04-15T05:18:32.995+0000] {logging_mixin.py:188} INFO - [2026-04-15T05:18:32.995+0000] {dag.py:3823} INFO - Setting next_dagrun for example_python_operator to None, run_after=None
[2026-04-15T05:18:33.008+0000] {processor.py:183} INFO - Processing /home/airflow/.local/lib/python3.8/site-packages/airflow/example_dags/example_python_operator.py took 0.051 seconds
[2026-04-15T05:19:03.891+0000] {processor.py:161} INFO - Started process (PID=2989) to work on /home/airflow/.local/lib/python3.8/site-packages/airflow/example_dags/example_python_operator.py
[2026-04-15T05:19:03.892+0000] {processor.py:830} INFO - Processing file /home/airflow/.local/lib/python3.8/site-packages/airflow/example_dags/example_python_operator.py for tasks to queue
[2026-04-15T05:19:03.894+0000] {logging_mixin.py:188} INFO - [2026-04-15T05:19:03.893+0000] {dagbag.py:538} INFO - Filling up the DagBag from /home/airflow/.local/lib/python3.8/site-packages/airflow/example_dags/example_python_operator.py
[2026-04-15T05:19:03.902+0000] {processor.py:840} INFO - DAG(s) 'example_python_operator' retrieved from /home/airflow/.local/lib/python3.8/site-packages/airflow/example_dags/example_python_operator.py
[2026-04-15T05:19:03.918+0000] {logging_mixin.py:188} INFO - [2026-04-15T05:19:03.918+0000] {dag.py:3036} INFO - Sync 1 DAGs
[2026-04-15T05:19:03.927+0000] {logging_mixin.py:188} INFO - [2026-04-15T05:19:03.927+0000] {dag.py:3823} INFO - Setting next_dagrun for example_python_operator to None, run_after=None
[2026-04-15T05:19:03.940+0000] {processor.py:183} INFO - Processing /home/airflow/.local/lib/python3.8/site-packages/airflow/example_dags/example_python_operator.py took 0.051 seconds
[2026-04-15T05:19:34.115+0000] {processor.py:161} INFO - Started process (PID=3045) to work on /home/airflow/.local/lib/python3.8/site-packages/airflow/example_dags/example_python_operator.py
[2026-04-15T05:19:34.116+0000] {processor.py:830} INFO - Processing file /home/airflow/.local/lib/python3.8/site-packages/airflow/example_dags/example_python_operator.py for tasks to queue
[2026-04-15T05:19:34.117+0000] {logging_mixin.py:188} INFO - [2026-04-15T05:19:34.117+0000] {dagbag.py:538} INFO - Filling up the DagBag from /home/airflow/.local/lib/python3.8/site-packages/airflow/example_dags/example_python_operator.py
[2026-04-15T05:19:34.124+0000] {processor.py:840} INFO - DAG(s) 'example_python_operator' retrieved from /home/airflow/.local/lib/python3.8/site-packages/airflow/example_dags/example_python_operator.py
[2026-04-15T05:19:34.142+0000] {logging_mixin.py:188} INFO - [2026-04-15T05:19:34.141+0000] {dag.py:3036} INFO - Sync 1 DAGs
[2026-04-15T05:19:34.150+0000] {logging_mixin.py:188} INFO - [2026-04-15T05:19:34.150+0000] {dag.py:3823} INFO - Setting next_dagrun for example_python_operator to None, run_after=None
[2026-04-15T05:19:34.163+0000] {processor.py:183} INFO - Processing /home/airflow/.local/lib/python3.8/site-packages/airflow/example_dags/example_python_operator.py took 0.050 seconds
[2026-04-15T05:20:04.375+0000] {processor.py:161} INFO - Started process (PID=3101) to work on /home/airflow/.local/lib/python3.8/site-packages/airflow/example_dags/example_python_operator.py
[2026-04-15T05:20:04.376+0000] {processor.py:830} INFO - Processing file /home/airflow/.local/lib/python3.8/site-packages/airflow/example_dags/example_python_operator.py for tasks to queue
[2026-04-15T05:20:04.377+0000] {logging_mixin.py:188} INFO - [2026-04-15T05:20:04.377+0000] {dagbag.py:538} INFO - Filling up the DagBag from /home/airflow/.local/lib/python3.8/site-packages/airflow/example_dags/example_python_operator.py
[2026-04-15T05:20:04.385+0000] {processor.py:840} INFO - DAG(s) 'example_python_operator' retrieved from /home/airflow/.local/lib/python3.8/site-packages/airflow/example_dags/example_python_operator.py
[2026-04-15T05:20:04.401+0000] {logging_mixin.py:188} INFO - [2026-04-15T05:20:04.401+0000] {dag.py:3036} INFO - Sync 1 DAGs
[2026-04-15T05:20:04.411+0000] {logging_mixin.py:188} INFO - [2026-04-15T05:20:04.411+0000] {dag.py:3823} INFO - Setting next_dagrun for example_python_operator to None, run_after=None
[2026-04-15T05:20:04.424+0000] {processor.py:183} INFO - Processing /home/airflow/.local/lib/python3.8/site-packages/airflow/example_dags/example_python_operator.py took 0.051 seconds
[2026-04-15T05:20:34.600+0000] {processor.py:161} INFO - Started process (PID=3156) to work on /home/airflow/.local/lib/python3.8/site-packages/airflow/example_dags/example_python_operator.py
[2026-04-15T05:20:34.601+0000] {processor.py:830} INFO - Processing file /home/airflow/.local/lib/python3.8/site-packages/airflow/example_dags/example_python_operator.py for tasks to queue
[2026-04-15T05:20:34.602+0000] {logging_mixin.py:188} INFO - [2026-04-15T05:20:34.602+0000] {dagbag.py:538} INFO - Filling up the DagBag from /home/airflow/.local/lib/python3.8/site-packages/airflow/example_dags/example_python_operator.py
[2026-04-15T05:20:34.610+0000] {processor.py:840} INFO - DAG(s) 'example_python_operator' retrieved from /home/airflow/.local/lib/python3.8/site-packages/airflow/example_dags/example_python_operator.py
[2026-04-15T05:20:34.626+0000] {logging_mixin.py:188} INFO - [2026-04-15T05:20:34.626+0000] {dag.py:3036} INFO - Sync 1 DAGs
[2026-04-15T05:20:34.634+0000] {logging_mixin.py:188} INFO - [2026-04-15T05:20:34.634+0000] {dag.py:3823} INFO - Setting next_dagrun for example_python_operator to None, run_after=None
[2026-04-15T05:20:34.646+0000] {processor.py:183} INFO - Processing /home/airflow/.local/lib/python3.8/site-packages/airflow/example_dags/example_python_operator.py took 0.048 seconds
[2026-04-15T05:21:05.692+0000] {processor.py:161} INFO - Started process (PID=3211) to work on /home/airflow/.local/lib/python3.8/site-packages/airflow/example_dags/example_python_operator.py
[2026-04-15T05:21:05.693+0000] {processor.py:830} INFO - Processing file /home/airflow/.local/lib/python3.8/site-packages/airflow/example_dags/example_python_operator.py for tasks to queue
[2026-04-15T05:21:05.693+0000] {logging_mixin.py:188} INFO - [2026-04-15T05:21:05.693+0000] {dagbag.py:538} INFO - Filling up the DagBag from /home/airflow/.local/lib/python3.8/site-packages/airflow/example_dags/example_python_operator.py
[2026-04-15T05:21:05.702+0000] {processor.py:840} INFO - DAG(s) 'example_python_operator' retrieved from /home/airflow/.local/lib/python3.8/site-packages/airflow/example_dags/example_python_operator.py
[2026-04-15T05:21:05.721+0000] {logging_mixin.py:188} INFO - [2026-04-15T05:21:05.721+0000] {dag.py:3036} INFO - Sync 1 DAGs
[2026-04-15T05:21:05.731+0000] {logging_mixin.py:188} INFO - [2026-04-15T05:21:05.731+0000] {dag.py:3823} INFO - Setting next_dagrun for example_python_operator to None, run_after=None
[2026-04-15T05:21:05.745+0000] {processor.py:183} INFO - Processing /home/airflow/.local/lib/python3.8/site-packages/airflow/example_dags/example_python_operator.py took 0.056 seconds
[2026-04-15T05:21:35.800+0000] {processor.py:161} INFO - Started process (PID=3266) to work on /home/airflow/.local/lib/python3.8/site-packages/airflow/example_dags/example_python_operator.py
[2026-04-15T05:21:35.801+0000] {processor.py:830} INFO - Processing file /home/airflow/.local/lib/python3.8/site-packages/airflow/example_dags/example_python_operator.py for tasks to queue
[2026-04-15T05:21:35.801+0000] {logging_mixin.py:188} INFO - [2026-04-15T05:21:35.801+0000] {dagbag.py:538} INFO - Filling up the DagBag from /home/airflow/.local/lib/python3.8/site-packages/airflow/example_dags/example_python_operator.py
[2026-04-15T05:21:35.809+0000] {processor.py:840} INFO - DAG(s) 'example_python_operator' retrieved from /home/airflow/.local/lib/python3.8/site-packages/airflow/example_dags/example_python_operator.py
[2026-04-15T05:21:35.825+0000] {logging_mixin.py:188} INFO - [2026-04-15T05:21:35.825+0000] {dag.py:3036} INFO - Sync 1 DAGs
[2026-04-15T05:21:35.834+0000] {logging_mixin.py:188} INFO - [2026-04-15T05:21:35.833+0000] {dag.py:3823} INFO - Setting next_dagrun for example_python_operator to None, run_after=None
[2026-04-15T05:21:35.845+0000] {processor.py:183} INFO - Processing /home/airflow/.local/lib/python3.8/site-packages/airflow/example_dags/example_python_operator.py took 0.047 seconds
[2026-04-15T05:22:05.885+0000] {processor.py:161} INFO - Started process (PID=3321) to work on /home/airflow/.local/lib/python3.8/site-packages/airflow/example_dags/example_python_operator.py
[2026-04-15T05:22:05.886+0000] {processor.py:830} INFO - Processing file /home/airflow/.local/lib/python3.8/site-packages/airflow/example_dags/example_python_operator.py for tasks to queue
[2026-04-15T05:22:05.887+0000] {logging_mixin.py:188} INFO - [2026-04-15T05:22:05.886+0000] {dagbag.py:538} INFO - Filling up the DagBag from /home/airflow/.local/lib/python3.8/site-packages/airflow/example_dags/example_python_operator.py
[2026-04-15T05:22:05.894+0000] {processor.py:840} INFO - DAG(s) 'example_python_operator' retrieved from /home/airflow/.local/lib/python3.8/site-packages/airflow/example_dags/example_python_operator.py
[2026-04-15T05:22:05.910+0000] {logging_mixin.py:188} INFO - [2026-04-15T05:22:05.910+0000] {dag.py:3036} INFO - Sync 1 DAGs
[2026-04-15T05:22:05.919+0000] {logging_mixin.py:188} INFO - [2026-04-15T05:22:05.919+0000] {dag.py:3823} INFO - Setting next_dagrun for example_python_operator to None, run_after=None
[2026-04-15T05:22:05.930+0000] {processor.py:183} INFO - Processing /home/airflow/.local/lib/python3.8/site-packages/airflow/example_dags/example_python_operator.py took 0.048 seconds
[2026-04-15T05:22:36.858+0000] {processor.py:161} INFO - Started process (PID=3376) to work on /home/airflow/.local/lib/python3.8/site-packages/airflow/example_dags/example_python_operator.py
[2026-04-15T05:22:36.859+0000] {processor.py:830} INFO - Processing file /home/airflow/.local/lib/python3.8/site-packages/airflow/example_dags/example_python_operator.py for tasks to queue
[2026-04-15T05:22:36.860+0000] {logging_mixin.py:188} INFO - [2026-04-15T05:22:36.859+0000] {dagbag.py:538} INFO - Filling up the DagBag from /home/airflow/.local/lib/python3.8/site-packages/airflow/example_dags/example_python_operator.py
[2026-04-15T05:22:36.869+0000] {processor.py:840} INFO - DAG(s) 'example_python_operator' retrieved from /home/airflow/.local/lib/python3.8/site-packages/airflow/example_dags/example_python_operator.py
[2026-04-15T05:22:36.890+0000] {logging_mixin.py:188} INFO - [2026-04-15T05:22:36.890+0000] {dag.py:3036} INFO - Sync 1 DAGs
[2026-04-15T05:22:36.901+0000] {logging_mixin.py:188} INFO - [2026-04-15T05:22:36.901+0000] {dag.py:3823} INFO - Setting next_dagrun for example_python_operator to None, run_after=None
[2026-04-15T05:22:36.917+0000] {processor.py:183} INFO - Processing /home/airflow/.local/lib/python3.8/site-packages/airflow/example_dags/example_python_operator.py took 0.061 seconds
[2026-04-15T05:23:07.070+0000] {processor.py:161} INFO - Started process (PID=3431) to work on /home/airflow/.local/lib/python3.8/site-packages/airflow/example_dags/example_python_operator.py
[2026-04-15T05:23:07.070+0000] {processor.py:830} INFO - Processing file /home/airflow/.local/lib/python3.8/site-packages/airflow/example_dags/example_python_operator.py for tasks to queue
[2026-04-15T05:23:07.071+0000] {logging_mixin.py:188} INFO - [2026-04-15T05:23:07.071+0000] {dagbag.py:538} INFO - Filling up the DagBag from /home/airflow/.local/lib/python3.8/site-packages/airflow/example_dags/example_python_operator.py
[2026-04-15T05:23:07.078+0000] {processor.py:840} INFO - DAG(s) 'example_python_operator' retrieved from /home/airflow/.local/lib/python3.8/site-packages/airflow/example_dags/example_python_operator.py
[2026-04-15T05:23:07.094+0000] {logging_mixin.py:188} INFO - [2026-04-15T05:23:07.094+0000] {dag.py:3036} INFO - Sync 1 DAGs
[2026-04-15T05:23:07.103+0000] {logging_mixin.py:188} INFO - [2026-04-15T05:23:07.103+0000] {dag.py:3823} INFO - Setting next_dagrun for example_python_operator to None, run_after=None
[2026-04-15T05:23:07.115+0000] {processor.py:183} INFO - Processing /home/airflow/.local/lib/python3.8/site-packages/airflow/example_dags/example_python_operator.py took 0.047 seconds
[2026-04-15T05:23:37.286+0000] {processor.py:161} INFO - Started process (PID=3486) to work on /home/airflow/.local/lib/python3.8/site-packages/airflow/example_dags/example_python_operator.py
[2026-04-15T05:23:37.287+0000] {processor.py:830} INFO - Processing file /home/airflow/.local/lib/python3.8/site-packages/airflow/example_dags/example_python_operator.py for tasks to queue
[2026-04-15T05:23:37.288+0000] {logging_mixin.py:188} INFO - [2026-04-15T05:23:37.287+0000] {dagbag.py:538} INFO - Filling up the DagBag from /home/airflow/.local/lib/python3.8/site-packages/airflow/example_dags/example_python_operator.py
[2026-04-15T05:23:37.296+0000] {processor.py:840} INFO - DAG(s) 'example_python_operator' retrieved from /home/airflow/.local/lib/python3.8/site-packages/airflow/example_dags/example_python_operator.py
[2026-04-15T05:23:37.315+0000] {logging_mixin.py:188} INFO - [2026-04-15T05:23:37.315+0000] {dag.py:3036} INFO - Sync 1 DAGs
[2026-04-15T05:23:37.326+0000] {logging_mixin.py:188} INFO - [2026-04-15T05:23:37.325+0000] {dag.py:3823} INFO - Setting next_dagrun for example_python_operator to None, run_after=None
[2026-04-15T05:23:37.340+0000] {processor.py:183} INFO - Processing /home/airflow/.local/lib/python3.8/site-packages/airflow/example_dags/example_python_operator.py took 0.057 seconds
[2026-04-15T05:24:07.506+0000] {processor.py:161} INFO - Started process (PID=3541) to work on /home/airflow/.local/lib/python3.8/site-packages/airflow/example_dags/example_python_operator.py
[2026-04-15T05:24:07.507+0000] {processor.py:830} INFO - Processing file /home/airflow/.local/lib/python3.8/site-packages/airflow/example_dags/example_python_operator.py for tasks to queue
[2026-04-15T05:24:07.507+0000] {logging_mixin.py:188} INFO - [2026-04-15T05:24:07.507+0000] {dagbag.py:538} INFO - Filling up the DagBag from /home/airflow/.local/lib/python3.8/site-packages/airflow/example_dags/example_python_operator.py
[2026-04-15T05:24:07.515+0000] {processor.py:840} INFO - DAG(s) 'example_python_operator' retrieved from /home/airflow/.local/lib/python3.8/site-packages/airflow/example_dags/example_python_operator.py
[2026-04-15T05:24:07.532+0000] {logging_mixin.py:188} INFO - [2026-04-15T05:24:07.532+0000] {dag.py:3036} INFO - Sync 1 DAGs
[2026-04-15T05:24:07.540+0000] {logging_mixin.py:188} INFO - [2026-04-15T05:24:07.540+0000] {dag.py:3823} INFO - Setting next_dagrun for example_python_operator to None, run_after=None
[2026-04-15T05:24:07.551+0000] {processor.py:183} INFO - Processing /home/airflow/.local/lib/python3.8/site-packages/airflow/example_dags/example_python_operator.py took 0.048 seconds
[2026-04-15T05:24:37.733+0000] {processor.py:161} INFO - Started process (PID=3596) to work on /home/airflow/.local/lib/python3.8/site-packages/airflow/example_dags/example_python_operator.py
[2026-04-15T05:24:37.734+0000] {processor.py:830} INFO - Processing file /home/airflow/.local/lib/python3.8/site-packages/airflow/example_dags/example_python_operator.py for tasks to queue
[2026-04-15T05:24:37.735+0000] {logging_mixin.py:188} INFO - [2026-04-15T05:24:37.734+0000] {dagbag.py:538} INFO - Filling up the DagBag from /home/airflow/.local/lib/python3.8/site-packages/airflow/example_dags/example_python_operator.py
[2026-04-15T05:24:37.743+0000] {processor.py:840} INFO - DAG(s) 'example_python_operator' retrieved from /home/airflow/.local/lib/python3.8/site-packages/airflow/example_dags/example_python_operator.py
[2026-04-15T05:24:37.762+0000] {logging_mixin.py:188} INFO - [2026-04-15T05:24:37.762+0000] {dag.py:3036} INFO - Sync 1 DAGs
[2026-04-15T05:24:37.773+0000] {logging_mixin.py:188} INFO - [2026-04-15T05:24:37.773+0000] {dag.py:3823} INFO - Setting next_dagrun for example_python_operator to None, run_after=None
[2026-04-15T05:24:37.785+0000] {processor.py:183} INFO - Processing /home/airflow/.local/lib/python3.8/site-packages/airflow/example_dags/example_python_operator.py took 0.055 seconds
[2026-04-15T05:25:08.465+0000] {processor.py:161} INFO - Started process (PID=3651) to work on /home/airflow/.local/lib/python3.8/site-packages/airflow/example_dags/example_python_operator.py
[2026-04-15T05:25:08.467+0000] {processor.py:830} INFO - Processing file /home/airflow/.local/lib/python3.8/site-packages/airflow/example_dags/example_python_operator.py for tasks to queue
[2026-04-15T05:25:08.468+0000] {logging_mixin.py:188} INFO - [2026-04-15T05:25:08.468+0000] {dagbag.py:538} INFO - Filling up the DagBag from /home/airflow/.local/lib/python3.8/site-packages/airflow/example_dags/example_python_operator.py
[2026-04-15T05:25:08.483+0000] {processor.py:840} INFO - DAG(s) 'example_python_operator' retrieved from /home/airflow/.local/lib/python3.8/site-packages/airflow/example_dags/example_python_operator.py
[2026-04-15T05:25:08.515+0000] {logging_mixin.py:188} INFO - [2026-04-15T05:25:08.515+0000] {dag.py:3036} INFO - Sync 1 DAGs
[2026-04-15T05:25:08.533+0000] {logging_mixin.py:188} INFO - [2026-04-15T05:25:08.533+0000] {dag.py:3823} INFO - Setting next_dagrun for example_python_operator to None, run_after=None
[2026-04-15T05:25:08.562+0000] {processor.py:183} INFO - Processing /home/airflow/.local/lib/python3.8/site-packages/airflow/example_dags/example_python_operator.py took 0.100 seconds
[2026-04-15T05:25:39.470+0000] {processor.py:161} INFO - Started process (PID=3706) to work on /home/airflow/.local/lib/python3.8/site-packages/airflow/example_dags/example_python_operator.py
[2026-04-15T05:25:39.471+0000] {processor.py:830} INFO - Processing file /home/airflow/.local/lib/python3.8/site-packages/airflow/example_dags/example_python_operator.py for tasks to queue
[2026-04-15T05:25:39.471+0000] {logging_mixin.py:188} INFO - [2026-04-15T05:25:39.471+0000] {dagbag.py:538} INFO - Filling up the DagBag from /home/airflow/.local/lib/python3.8/site-packages/airflow/example_dags/example_python_operator.py
[2026-04-15T05:25:39.478+0000] {processor.py:840} INFO - DAG(s) 'example_python_operator' retrieved from /home/airflow/.local/lib/python3.8/site-packages/airflow/example_dags/example_python_operator.py
[2026-04-15T05:25:39.495+0000] {logging_mixin.py:188} INFO - [2026-04-15T05:25:39.494+0000] {dag.py:3036} INFO - Sync 1 DAGs
[2026-04-15T05:25:39.503+0000] {logging_mixin.py:188} INFO - [2026-04-15T05:25:39.503+0000] {dag.py:3823} INFO - Setting next_dagrun for example_python_operator to None, run_after=None
[2026-04-15T05:25:39.514+0000] {processor.py:183} INFO - Processing /home/airflow/.local/lib/python3.8/site-packages/airflow/example_dags/example_python_operator.py took 0.046 seconds
[2026-04-15T05:26:10.457+0000] {processor.py:161} INFO - Started process (PID=3761) to work on /home/airflow/.local/lib/python3.8/site-packages/airflow/example_dags/example_python_operator.py
[2026-04-15T05:26:10.457+0000] {processor.py:830} INFO - Processing file /home/airflow/.local/lib/python3.8/site-packages/airflow/example_dags/example_python_operator.py for tasks to queue
[2026-04-15T05:26:10.458+0000] {logging_mixin.py:188} INFO - [2026-04-15T05:26:10.458+0000] {dagbag.py:538} INFO - Filling up the DagBag from /home/airflow/.local/lib/python3.8/site-packages/airflow/example_dags/example_python_operator.py
[2026-04-15T05:26:10.465+0000] {processor.py:840} INFO - DAG(s) 'example_python_operator' retrieved from /home/airflow/.local/lib/python3.8/site-packages/airflow/example_dags/example_python_operator.py
[2026-04-15T05:26:10.481+0000] {logging_mixin.py:188} INFO - [2026-04-15T05:26:10.481+0000] {dag.py:3036} INFO - Sync 1 DAGs
[2026-04-15T05:26:10.489+0000] {logging_mixin.py:188} INFO - [2026-04-15T05:26:10.489+0000] {dag.py:3823} INFO - Setting next_dagrun for example_python_operator to None, run_after=None
[2026-04-15T05:26:10.500+0000] {processor.py:183} INFO - Processing /home/airflow/.local/lib/python3.8/site-packages/airflow/example_dags/example_python_operator.py took 0.046 seconds
[2026-04-15T05:26:41.184+0000] {processor.py:161} INFO - Started process (PID=3816) to work on /home/airflow/.local/lib/python3.8/site-packages/airflow/example_dags/example_python_operator.py
[2026-04-15T05:26:41.185+0000] {processor.py:830} INFO - Processing file /home/airflow/.local/lib/python3.8/site-packages/airflow/example_dags/example_python_operator.py for tasks to queue
[2026-04-15T05:26:41.186+0000] {logging_mixin.py:188} INFO - [2026-04-15T05:26:41.186+0000] {dagbag.py:538} INFO - Filling up the DagBag from /home/airflow/.local/lib/python3.8/site-packages/airflow/example_dags/example_python_operator.py
[2026-04-15T05:26:41.203+0000] {processor.py:840} INFO - DAG(s) 'example_python_operator' retrieved from /home/airflow/.local/lib/python3.8/site-packages/airflow/example_dags/example_python_operator.py
[2026-04-15T05:26:41.240+0000] {logging_mixin.py:188} INFO - [2026-04-15T05:26:41.240+0000] {dag.py:3036} INFO - Sync 1 DAGs
[2026-04-15T05:26:41.260+0000] {logging_mixin.py:188} INFO - [2026-04-15T05:26:41.260+0000] {dag.py:3823} INFO - Setting next_dagrun for example_python_operator to None, run_after=None
[2026-04-15T05:26:41.286+0000] {processor.py:183} INFO - Processing /home/airflow/.local/lib/python3.8/site-packages/airflow/example_dags/example_python_operator.py took 0.107 seconds
[2026-04-15T05:27:11.617+0000] {processor.py:161} INFO - Started process (PID=3871) to work on /home/airflow/.local/lib/python3.8/site-packages/airflow/example_dags/example_python_operator.py
[2026-04-15T05:27:11.617+0000] {processor.py:830} INFO - Processing file /home/airflow/.local/lib/python3.8/site-packages/airflow/example_dags/example_python_operator.py for tasks to queue
[2026-04-15T05:27:11.618+0000] {logging_mixin.py:188} INFO - [2026-04-15T05:27:11.618+0000] {dagbag.py:538} INFO - Filling up the DagBag from /home/airflow/.local/lib/python3.8/site-packages/airflow/example_dags/example_python_operator.py
[2026-04-15T05:27:11.626+0000] {processor.py:840} INFO - DAG(s) 'example_python_operator' retrieved from /home/airflow/.local/lib/python3.8/site-packages/airflow/example_dags/example_python_operator.py
[2026-04-15T05:27:11.645+0000] {logging_mixin.py:188} INFO - [2026-04-15T05:27:11.644+0000] {dag.py:3036} INFO - Sync 1 DAGs
[2026-04-15T05:27:11.655+0000] {logging_mixin.py:188} INFO - [2026-04-15T05:27:11.654+0000] {dag.py:3823} INFO - Setting next_dagrun for example_python_operator to None, run_after=None
[2026-04-15T05:27:11.672+0000] {processor.py:183} INFO - Processing /home/airflow/.local/lib/python3.8/site-packages/airflow/example_dags/example_python_operator.py took 0.058 seconds
[2026-04-15T05:27:42.102+0000] {processor.py:161} INFO - Started process (PID=3926) to work on /home/airflow/.local/lib/python3.8/site-packages/airflow/example_dags/example_python_operator.py
[2026-04-15T05:27:42.102+0000] {processor.py:830} INFO - Processing file /home/airflow/.local/lib/python3.8/site-packages/airflow/example_dags/example_python_operator.py for tasks to queue
[2026-04-15T05:27:42.103+0000] {logging_mixin.py:188} INFO - [2026-04-15T05:27:42.103+0000] {dagbag.py:538} INFO - Filling up the DagBag from /home/airflow/.local/lib/python3.8/site-packages/airflow/example_dags/example_python_operator.py
[2026-04-15T05:27:42.111+0000] {processor.py:840} INFO - DAG(s) 'example_python_operator' retrieved from /home/airflow/.local/lib/python3.8/site-packages/airflow/example_dags/example_python_operator.py
[2026-04-15T05:27:42.128+0000] {logging_mixin.py:188} INFO - [2026-04-15T05:27:42.127+0000] {dag.py:3036} INFO - Sync 1 DAGs
[2026-04-15T05:27:42.137+0000] {logging_mixin.py:188} INFO - [2026-04-15T05:27:42.136+0000] {dag.py:3823} INFO - Setting next_dagrun for example_python_operator to None, run_after=None
[2026-04-15T05:27:42.149+0000] {processor.py:183} INFO - Processing /home/airflow/.local/lib/python3.8/site-packages/airflow/example_dags/example_python_operator.py took 0.049 seconds
[2026-04-15T05:28:12.404+0000] {processor.py:161} INFO - Started process (PID=3982) to work on /home/airflow/.local/lib/python3.8/site-packages/airflow/example_dags/example_python_operator.py
[2026-04-15T05:28:12.405+0000] {processor.py:830} INFO - Processing file /home/airflow/.local/lib/python3.8/site-packages/airflow/example_dags/example_python_operator.py for tasks to queue
[2026-04-15T05:28:12.405+0000] {logging_mixin.py:188} INFO - [2026-04-15T05:28:12.405+0000] {dagbag.py:538} INFO - Filling up the DagBag from /home/airflow/.local/lib/python3.8/site-packages/airflow/example_dags/example_python_operator.py
[2026-04-15T05:28:12.414+0000] {processor.py:840} INFO - DAG(s) 'example_python_operator' retrieved from /home/airflow/.local/lib/python3.8/site-packages/airflow/example_dags/example_python_operator.py
[2026-04-15T05:28:12.434+0000] {logging_mixin.py:188} INFO - [2026-04-15T05:28:12.434+0000] {dag.py:3036} INFO - Sync 1 DAGs
[2026-04-15T05:28:12.444+0000] {logging_mixin.py:188} INFO - [2026-04-15T05:28:12.444+0000] {dag.py:3823} INFO - Setting next_dagrun for example_python_operator to None, run_after=None
[2026-04-15T05:28:12.458+0000] {processor.py:183} INFO - Processing /home/airflow/.local/lib/python3.8/site-packages/airflow/example_dags/example_python_operator.py took 0.057 seconds
[2026-04-15T05:28:42.649+0000] {processor.py:161} INFO - Started process (PID=4038) to work on /home/airflow/.local/lib/python3.8/site-packages/airflow/example_dags/example_python_operator.py
[2026-04-15T05:28:42.650+0000] {processor.py:830} INFO - Processing file /home/airflow/.local/lib/python3.8/site-packages/airflow/example_dags/example_python_operator.py for tasks to queue
[2026-04-15T05:28:42.650+0000] {logging_mixin.py:188} INFO - [2026-04-15T05:28:42.650+0000] {dagbag.py:538} INFO - Filling up the DagBag from /home/airflow/.local/lib/python3.8/site-packages/airflow/example_dags/example_python_operator.py
[2026-04-15T05:28:42.658+0000] {processor.py:840} INFO - DAG(s) 'example_python_operator' retrieved from /home/airflow/.local/lib/python3.8/site-packages/airflow/example_dags/example_python_operator.py
[2026-04-15T05:28:42.676+0000] {logging_mixin.py:188} INFO - [2026-04-15T05:28:42.675+0000] {dag.py:3036} INFO - Sync 1 DAGs
[2026-04-15T05:28:42.684+0000] {logging_mixin.py:188} INFO - [2026-04-15T05:28:42.684+0000] {dag.py:3823} INFO - Setting next_dagrun for example_python_operator to None, run_after=None
[2026-04-15T05:28:42.696+0000] {processor.py:183} INFO - Processing /home/airflow/.local/lib/python3.8/site-packages/airflow/example_dags/example_python_operator.py took 0.049 seconds
[2026-04-15T05:29:12.861+0000] {processor.py:161} INFO - Started process (PID=4094) to work on /home/airflow/.local/lib/python3.8/site-packages/airflow/example_dags/example_python_operator.py
[2026-04-15T05:29:12.862+0000] {processor.py:830} INFO - Processing file /home/airflow/.local/lib/python3.8/site-packages/airflow/example_dags/example_python_operator.py for tasks to queue
[2026-04-15T05:29:12.863+0000] {logging_mixin.py:188} INFO - [2026-04-15T05:29:12.862+0000] {dagbag.py:538} INFO - Filling up the DagBag from /home/airflow/.local/lib/python3.8/site-packages/airflow/example_dags/example_python_operator.py
[2026-04-15T05:29:12.871+0000] {processor.py:840} INFO - DAG(s) 'example_python_operator' retrieved from /home/airflow/.local/lib/python3.8/site-packages/airflow/example_dags/example_python_operator.py
[2026-04-15T05:29:12.888+0000] {logging_mixin.py:188} INFO - [2026-04-15T05:29:12.888+0000] {dag.py:3036} INFO - Sync 1 DAGs
[2026-04-15T05:29:12.897+0000] {logging_mixin.py:188} INFO - [2026-04-15T05:29:12.897+0000] {dag.py:3823} INFO - Setting next_dagrun for example_python_operator to None, run_after=None
[2026-04-15T05:29:12.909+0000] {processor.py:183} INFO - Processing /home/airflow/.local/lib/python3.8/site-packages/airflow/example_dags/example_python_operator.py took 0.051 seconds
[2026-04-15T05:29:43.573+0000] {processor.py:161} INFO - Started process (PID=4149) to work on /home/airflow/.local/lib/python3.8/site-packages/airflow/example_dags/example_python_operator.py
[2026-04-15T05:29:43.574+0000] {processor.py:830} INFO - Processing file /home/airflow/.local/lib/python3.8/site-packages/airflow/example_dags/example_python_operator.py for tasks to queue
[2026-04-15T05:29:43.575+0000] {logging_mixin.py:188} INFO - [2026-04-15T05:29:43.574+0000] {dagbag.py:538} INFO - Filling up the DagBag from /home/airflow/.local/lib/python3.8/site-packages/airflow/example_dags/example_python_operator.py
[2026-04-15T05:29:43.582+0000] {processor.py:840} INFO - DAG(s) 'example_python_operator' retrieved from /home/airflow/.local/lib/python3.8/site-packages/airflow/example_dags/example_python_operator.py
[2026-04-15T05:29:43.601+0000] {logging_mixin.py:188} INFO - [2026-04-15T05:29:43.601+0000] {dag.py:3036} INFO - Sync 1 DAGs
[2026-04-15T05:29:43.611+0000] {logging_mixin.py:188} INFO - [2026-04-15T05:29:43.611+0000] {dag.py:3823} INFO - Setting next_dagrun for example_python_operator to None, run_after=None
[2026-04-15T05:29:43.626+0000] {processor.py:183} INFO - Processing /home/airflow/.local/lib/python3.8/site-packages/airflow/example_dags/example_python_operator.py took 0.055 seconds
[2026-04-15T05:30:14.030+0000] {processor.py:161} INFO - Started process (PID=4204) to work on /home/airflow/.local/lib/python3.8/site-packages/airflow/example_dags/example_python_operator.py
[2026-04-15T05:30:14.031+0000] {processor.py:830} INFO - Processing file /home/airflow/.local/lib/python3.8/site-packages/airflow/example_dags/example_python_operator.py for tasks to queue
[2026-04-15T05:30:14.031+0000] {logging_mixin.py:188} INFO - [2026-04-15T05:30:14.031+0000] {dagbag.py:538} INFO - Filling up the DagBag from /home/airflow/.local/lib/python3.8/site-packages/airflow/example_dags/example_python_operator.py
[2026-04-15T05:30:14.039+0000] {processor.py:840} INFO - DAG(s) 'example_python_operator' retrieved from /home/airflow/.local/lib/python3.8/site-packages/airflow/example_dags/example_python_operator.py
[2026-04-15T05:30:14.056+0000] {logging_mixin.py:188} INFO - [2026-04-15T05:30:14.056+0000] {dag.py:3036} INFO - Sync 1 DAGs
[2026-04-15T05:30:14.065+0000] {logging_mixin.py:188} INFO - [2026-04-15T05:30:14.065+0000] {dag.py:3823} INFO - Setting next_dagrun for example_python_operator to None, run_after=None
[2026-04-15T05:30:14.076+0000] {processor.py:183} INFO - Processing /home/airflow/.local/lib/python3.8/site-packages/airflow/example_dags/example_python_operator.py took 0.048 seconds
[2026-04-15T05:30:44.209+0000] {processor.py:161} INFO - Started process (PID=4259) to work on /home/airflow/.local/lib/python3.8/site-packages/airflow/example_dags/example_python_operator.py
[2026-04-15T05:30:44.210+0000] {processor.py:830} INFO - Processing file /home/airflow/.local/lib/python3.8/site-packages/airflow/example_dags/example_python_operator.py for tasks to queue
[2026-04-15T05:30:44.210+0000] {logging_mixin.py:188} INFO - [2026-04-15T05:30:44.210+0000] {dagbag.py:538} INFO - Filling up the DagBag from /home/airflow/.local/lib/python3.8/site-packages/airflow/example_dags/example_python_operator.py
[2026-04-15T05:30:44.218+0000] {processor.py:840} INFO - DAG(s) 'example_python_operator' retrieved from /home/airflow/.local/lib/python3.8/site-packages/airflow/example_dags/example_python_operator.py
[2026-04-15T05:30:44.236+0000] {logging_mixin.py:188} INFO - [2026-04-15T05:30:44.236+0000] {dag.py:3036} INFO - Sync 1 DAGs
[2026-04-15T05:30:44.245+0000] {logging_mixin.py:188} INFO - [2026-04-15T05:30:44.245+0000] {dag.py:3823} INFO - Setting next_dagrun for example_python_operator to None, run_after=None
[2026-04-15T05:30:44.259+0000] {processor.py:183} INFO - Processing /home/airflow/.local/lib/python3.8/site-packages/airflow/example_dags/example_python_operator.py took 0.052 seconds
