[2026-04-15T04:52:41.108+0000] {processor.py:161} INFO - Started process (PID=60) to work on /home/airflow/.local/lib/python3.8/site-packages/airflow/example_dags/tutorial_dag.py
[2026-04-15T04:52:41.109+0000] {processor.py:830} INFO - Processing file /home/airflow/.local/lib/python3.8/site-packages/airflow/example_dags/tutorial_dag.py for tasks to queue
[2026-04-15T04:52:41.110+0000] {logging_mixin.py:188} INFO - [2026-04-15T04:52:41.110+0000] {dagbag.py:538} INFO - Filling up the DagBag from /home/airflow/.local/lib/python3.8/site-packages/airflow/example_dags/tutorial_dag.py
[2026-04-15T04:52:41.120+0000] {processor.py:840} INFO - DAG(s) 'tutorial_dag' retrieved from /home/airflow/.local/lib/python3.8/site-packages/airflow/example_dags/tutorial_dag.py
[2026-04-15T04:52:41.140+0000] {logging_mixin.py:188} INFO - [2026-04-15T04:52:41.140+0000] {dag.py:3036} INFO - Sync 1 DAGs
[2026-04-15T04:52:41.150+0000] {logging_mixin.py:188} INFO - [2026-04-15T04:52:41.150+0000] {dag.py:3823} INFO - Setting next_dagrun for tutorial_dag to None, run_after=None
[2026-04-15T04:52:41.166+0000] {processor.py:183} INFO - Processing /home/airflow/.local/lib/python3.8/site-packages/airflow/example_dags/tutorial_dag.py took 0.060 seconds
[2026-04-15T04:53:11.467+0000] {processor.py:161} INFO - Started process (PID=116) to work on /home/airflow/.local/lib/python3.8/site-packages/airflow/example_dags/tutorial_dag.py
[2026-04-15T04:53:11.468+0000] {processor.py:830} INFO - Processing file /home/airflow/.local/lib/python3.8/site-packages/airflow/example_dags/tutorial_dag.py for tasks to queue
[2026-04-15T04:53:11.470+0000] {logging_mixin.py:188} INFO - [2026-04-15T04:53:11.469+0000] {dagbag.py:538} INFO - Filling up the DagBag from /home/airflow/.local/lib/python3.8/site-packages/airflow/example_dags/tutorial_dag.py
[2026-04-15T04:53:11.474+0000] {processor.py:840} INFO - DAG(s) 'tutorial_dag' retrieved from /home/airflow/.local/lib/python3.8/site-packages/airflow/example_dags/tutorial_dag.py
[2026-04-15T04:53:11.489+0000] {logging_mixin.py:188} INFO - [2026-04-15T04:53:11.489+0000] {dag.py:3036} INFO - Sync 1 DAGs
[2026-04-15T04:53:11.498+0000] {logging_mixin.py:188} INFO - [2026-04-15T04:53:11.498+0000] {dag.py:3823} INFO - Setting next_dagrun for tutorial_dag to None, run_after=None
[2026-04-15T04:53:11.509+0000] {processor.py:183} INFO - Processing /home/airflow/.local/lib/python3.8/site-packages/airflow/example_dags/tutorial_dag.py took 0.044 seconds
[2026-04-15T04:53:41.804+0000] {processor.py:161} INFO - Started process (PID=172) to work on /home/airflow/.local/lib/python3.8/site-packages/airflow/example_dags/tutorial_dag.py
[2026-04-15T04:53:41.804+0000] {processor.py:830} INFO - Processing file /home/airflow/.local/lib/python3.8/site-packages/airflow/example_dags/tutorial_dag.py for tasks to queue
[2026-04-15T04:53:41.806+0000] {logging_mixin.py:188} INFO - [2026-04-15T04:53:41.805+0000] {dagbag.py:538} INFO - Filling up the DagBag from /home/airflow/.local/lib/python3.8/site-packages/airflow/example_dags/tutorial_dag.py
[2026-04-15T04:53:41.809+0000] {processor.py:840} INFO - DAG(s) 'tutorial_dag' retrieved from /home/airflow/.local/lib/python3.8/site-packages/airflow/example_dags/tutorial_dag.py
[2026-04-15T04:53:41.824+0000] {logging_mixin.py:188} INFO - [2026-04-15T04:53:41.823+0000] {dag.py:3036} INFO - Sync 1 DAGs
[2026-04-15T04:53:41.833+0000] {logging_mixin.py:188} INFO - [2026-04-15T04:53:41.833+0000] {dag.py:3823} INFO - Setting next_dagrun for tutorial_dag to None, run_after=None
[2026-04-15T04:53:41.845+0000] {processor.py:183} INFO - Processing /home/airflow/.local/lib/python3.8/site-packages/airflow/example_dags/tutorial_dag.py took 0.044 seconds
[2026-04-15T04:54:12.423+0000] {processor.py:161} INFO - Started process (PID=234) to work on /home/airflow/.local/lib/python3.8/site-packages/airflow/example_dags/tutorial_dag.py
[2026-04-15T04:54:12.424+0000] {processor.py:830} INFO - Processing file /home/airflow/.local/lib/python3.8/site-packages/airflow/example_dags/tutorial_dag.py for tasks to queue
[2026-04-15T04:54:12.426+0000] {logging_mixin.py:188} INFO - [2026-04-15T04:54:12.426+0000] {dagbag.py:538} INFO - Filling up the DagBag from /home/airflow/.local/lib/python3.8/site-packages/airflow/example_dags/tutorial_dag.py
[2026-04-15T04:54:12.433+0000] {processor.py:840} INFO - DAG(s) 'tutorial_dag' retrieved from /home/airflow/.local/lib/python3.8/site-packages/airflow/example_dags/tutorial_dag.py
[2026-04-15T04:54:12.461+0000] {logging_mixin.py:188} INFO - [2026-04-15T04:54:12.461+0000] {dag.py:3036} INFO - Sync 1 DAGs
[2026-04-15T04:54:12.479+0000] {logging_mixin.py:188} INFO - [2026-04-15T04:54:12.478+0000] {dag.py:3823} INFO - Setting next_dagrun for tutorial_dag to None, run_after=None
[2026-04-15T04:54:12.501+0000] {processor.py:183} INFO - Processing /home/airflow/.local/lib/python3.8/site-packages/airflow/example_dags/tutorial_dag.py took 0.083 seconds
[2026-04-15T04:54:42.899+0000] {processor.py:161} INFO - Started process (PID=290) to work on /home/airflow/.local/lib/python3.8/site-packages/airflow/example_dags/tutorial_dag.py
[2026-04-15T04:54:42.900+0000] {processor.py:830} INFO - Processing file /home/airflow/.local/lib/python3.8/site-packages/airflow/example_dags/tutorial_dag.py for tasks to queue
[2026-04-15T04:54:42.901+0000] {logging_mixin.py:188} INFO - [2026-04-15T04:54:42.901+0000] {dagbag.py:538} INFO - Filling up the DagBag from /home/airflow/.local/lib/python3.8/site-packages/airflow/example_dags/tutorial_dag.py
[2026-04-15T04:54:42.905+0000] {processor.py:840} INFO - DAG(s) 'tutorial_dag' retrieved from /home/airflow/.local/lib/python3.8/site-packages/airflow/example_dags/tutorial_dag.py
[2026-04-15T04:54:42.920+0000] {logging_mixin.py:188} INFO - [2026-04-15T04:54:42.920+0000] {dag.py:3036} INFO - Sync 1 DAGs
[2026-04-15T04:54:42.929+0000] {logging_mixin.py:188} INFO - [2026-04-15T04:54:42.929+0000] {dag.py:3823} INFO - Setting next_dagrun for tutorial_dag to None, run_after=None
[2026-04-15T04:54:42.942+0000] {processor.py:183} INFO - Processing /home/airflow/.local/lib/python3.8/site-packages/airflow/example_dags/tutorial_dag.py took 0.045 seconds
[2026-04-15T04:55:13.014+0000] {processor.py:161} INFO - Started process (PID=346) to work on /home/airflow/.local/lib/python3.8/site-packages/airflow/example_dags/tutorial_dag.py
[2026-04-15T04:55:13.014+0000] {processor.py:830} INFO - Processing file /home/airflow/.local/lib/python3.8/site-packages/airflow/example_dags/tutorial_dag.py for tasks to queue
[2026-04-15T04:55:13.016+0000] {logging_mixin.py:188} INFO - [2026-04-15T04:55:13.015+0000] {dagbag.py:538} INFO - Filling up the DagBag from /home/airflow/.local/lib/python3.8/site-packages/airflow/example_dags/tutorial_dag.py
[2026-04-15T04:55:13.020+0000] {processor.py:840} INFO - DAG(s) 'tutorial_dag' retrieved from /home/airflow/.local/lib/python3.8/site-packages/airflow/example_dags/tutorial_dag.py
[2026-04-15T04:55:13.034+0000] {logging_mixin.py:188} INFO - [2026-04-15T04:55:13.034+0000] {dag.py:3036} INFO - Sync 1 DAGs
[2026-04-15T04:55:13.043+0000] {logging_mixin.py:188} INFO - [2026-04-15T04:55:13.042+0000] {dag.py:3823} INFO - Setting next_dagrun for tutorial_dag to None, run_after=None
[2026-04-15T04:55:13.056+0000] {processor.py:183} INFO - Processing /home/airflow/.local/lib/python3.8/site-packages/airflow/example_dags/tutorial_dag.py took 0.044 seconds
[2026-04-15T04:55:43.242+0000] {processor.py:161} INFO - Started process (PID=402) to work on /home/airflow/.local/lib/python3.8/site-packages/airflow/example_dags/tutorial_dag.py
[2026-04-15T04:55:43.242+0000] {processor.py:830} INFO - Processing file /home/airflow/.local/lib/python3.8/site-packages/airflow/example_dags/tutorial_dag.py for tasks to queue
[2026-04-15T04:55:43.243+0000] {logging_mixin.py:188} INFO - [2026-04-15T04:55:43.243+0000] {dagbag.py:538} INFO - Filling up the DagBag from /home/airflow/.local/lib/python3.8/site-packages/airflow/example_dags/tutorial_dag.py
[2026-04-15T04:55:43.248+0000] {processor.py:840} INFO - DAG(s) 'tutorial_dag' retrieved from /home/airflow/.local/lib/python3.8/site-packages/airflow/example_dags/tutorial_dag.py
[2026-04-15T04:55:43.264+0000] {logging_mixin.py:188} INFO - [2026-04-15T04:55:43.264+0000] {dag.py:3036} INFO - Sync 1 DAGs
[2026-04-15T04:55:43.273+0000] {logging_mixin.py:188} INFO - [2026-04-15T04:55:43.273+0000] {dag.py:3823} INFO - Setting next_dagrun for tutorial_dag to None, run_after=None
[2026-04-15T04:55:43.288+0000] {processor.py:183} INFO - Processing /home/airflow/.local/lib/python3.8/site-packages/airflow/example_dags/tutorial_dag.py took 0.050 seconds
[2026-04-15T04:56:13.361+0000] {processor.py:161} INFO - Started process (PID=458) to work on /home/airflow/.local/lib/python3.8/site-packages/airflow/example_dags/tutorial_dag.py
[2026-04-15T04:56:13.362+0000] {processor.py:830} INFO - Processing file /home/airflow/.local/lib/python3.8/site-packages/airflow/example_dags/tutorial_dag.py for tasks to queue
[2026-04-15T04:56:13.363+0000] {logging_mixin.py:188} INFO - [2026-04-15T04:56:13.363+0000] {dagbag.py:538} INFO - Filling up the DagBag from /home/airflow/.local/lib/python3.8/site-packages/airflow/example_dags/tutorial_dag.py
[2026-04-15T04:56:13.368+0000] {processor.py:840} INFO - DAG(s) 'tutorial_dag' retrieved from /home/airflow/.local/lib/python3.8/site-packages/airflow/example_dags/tutorial_dag.py
[2026-04-15T04:56:13.385+0000] {logging_mixin.py:188} INFO - [2026-04-15T04:56:13.385+0000] {dag.py:3036} INFO - Sync 1 DAGs
[2026-04-15T04:56:13.394+0000] {logging_mixin.py:188} INFO - [2026-04-15T04:56:13.394+0000] {dag.py:3823} INFO - Setting next_dagrun for tutorial_dag to None, run_after=None
[2026-04-15T04:56:13.408+0000] {processor.py:183} INFO - Processing /home/airflow/.local/lib/python3.8/site-packages/airflow/example_dags/tutorial_dag.py took 0.049 seconds
[2026-04-15T04:56:43.580+0000] {processor.py:161} INFO - Started process (PID=514) to work on /home/airflow/.local/lib/python3.8/site-packages/airflow/example_dags/tutorial_dag.py
[2026-04-15T04:56:43.581+0000] {processor.py:830} INFO - Processing file /home/airflow/.local/lib/python3.8/site-packages/airflow/example_dags/tutorial_dag.py for tasks to queue
[2026-04-15T04:56:43.582+0000] {logging_mixin.py:188} INFO - [2026-04-15T04:56:43.582+0000] {dagbag.py:538} INFO - Filling up the DagBag from /home/airflow/.local/lib/python3.8/site-packages/airflow/example_dags/tutorial_dag.py
[2026-04-15T04:56:43.586+0000] {processor.py:840} INFO - DAG(s) 'tutorial_dag' retrieved from /home/airflow/.local/lib/python3.8/site-packages/airflow/example_dags/tutorial_dag.py
[2026-04-15T04:56:43.601+0000] {logging_mixin.py:188} INFO - [2026-04-15T04:56:43.601+0000] {dag.py:3036} INFO - Sync 1 DAGs
[2026-04-15T04:56:43.611+0000] {logging_mixin.py:188} INFO - [2026-04-15T04:56:43.611+0000] {dag.py:3823} INFO - Setting next_dagrun for tutorial_dag to None, run_after=None
[2026-04-15T04:56:43.624+0000] {processor.py:183} INFO - Processing /home/airflow/.local/lib/python3.8/site-packages/airflow/example_dags/tutorial_dag.py took 0.046 seconds
[2026-04-15T04:57:13.697+0000] {processor.py:161} INFO - Started process (PID=570) to work on /home/airflow/.local/lib/python3.8/site-packages/airflow/example_dags/tutorial_dag.py
[2026-04-15T04:57:13.698+0000] {processor.py:830} INFO - Processing file /home/airflow/.local/lib/python3.8/site-packages/airflow/example_dags/tutorial_dag.py for tasks to queue
[2026-04-15T04:57:13.700+0000] {logging_mixin.py:188} INFO - [2026-04-15T04:57:13.699+0000] {dagbag.py:538} INFO - Filling up the DagBag from /home/airflow/.local/lib/python3.8/site-packages/airflow/example_dags/tutorial_dag.py
[2026-04-15T04:57:13.704+0000] {processor.py:840} INFO - DAG(s) 'tutorial_dag' retrieved from /home/airflow/.local/lib/python3.8/site-packages/airflow/example_dags/tutorial_dag.py
[2026-04-15T04:57:13.721+0000] {logging_mixin.py:188} INFO - [2026-04-15T04:57:13.720+0000] {dag.py:3036} INFO - Sync 1 DAGs
[2026-04-15T04:57:13.731+0000] {logging_mixin.py:188} INFO - [2026-04-15T04:57:13.730+0000] {dag.py:3823} INFO - Setting next_dagrun for tutorial_dag to None, run_after=None
[2026-04-15T04:57:13.746+0000] {processor.py:183} INFO - Processing /home/airflow/.local/lib/python3.8/site-packages/airflow/example_dags/tutorial_dag.py took 0.052 seconds
[2026-04-15T04:57:43.907+0000] {processor.py:161} INFO - Started process (PID=626) to work on /home/airflow/.local/lib/python3.8/site-packages/airflow/example_dags/tutorial_dag.py
[2026-04-15T04:57:43.908+0000] {processor.py:830} INFO - Processing file /home/airflow/.local/lib/python3.8/site-packages/airflow/example_dags/tutorial_dag.py for tasks to queue
[2026-04-15T04:57:43.909+0000] {logging_mixin.py:188} INFO - [2026-04-15T04:57:43.909+0000] {dagbag.py:538} INFO - Filling up the DagBag from /home/airflow/.local/lib/python3.8/site-packages/airflow/example_dags/tutorial_dag.py
[2026-04-15T04:57:43.913+0000] {processor.py:840} INFO - DAG(s) 'tutorial_dag' retrieved from /home/airflow/.local/lib/python3.8/site-packages/airflow/example_dags/tutorial_dag.py
[2026-04-15T04:57:43.927+0000] {logging_mixin.py:188} INFO - [2026-04-15T04:57:43.927+0000] {dag.py:3036} INFO - Sync 1 DAGs
[2026-04-15T04:57:43.936+0000] {logging_mixin.py:188} INFO - [2026-04-15T04:57:43.936+0000] {dag.py:3823} INFO - Setting next_dagrun for tutorial_dag to None, run_after=None
[2026-04-15T04:57:43.950+0000] {processor.py:183} INFO - Processing /home/airflow/.local/lib/python3.8/site-packages/airflow/example_dags/tutorial_dag.py took 0.045 seconds
[2026-04-15T04:58:14.123+0000] {processor.py:161} INFO - Started process (PID=682) to work on /home/airflow/.local/lib/python3.8/site-packages/airflow/example_dags/tutorial_dag.py
[2026-04-15T04:58:14.124+0000] {processor.py:830} INFO - Processing file /home/airflow/.local/lib/python3.8/site-packages/airflow/example_dags/tutorial_dag.py for tasks to queue
[2026-04-15T04:58:14.125+0000] {logging_mixin.py:188} INFO - [2026-04-15T04:58:14.125+0000] {dagbag.py:538} INFO - Filling up the DagBag from /home/airflow/.local/lib/python3.8/site-packages/airflow/example_dags/tutorial_dag.py
[2026-04-15T04:58:14.129+0000] {processor.py:840} INFO - DAG(s) 'tutorial_dag' retrieved from /home/airflow/.local/lib/python3.8/site-packages/airflow/example_dags/tutorial_dag.py
[2026-04-15T04:58:14.143+0000] {logging_mixin.py:188} INFO - [2026-04-15T04:58:14.143+0000] {dag.py:3036} INFO - Sync 1 DAGs
[2026-04-15T04:58:14.152+0000] {logging_mixin.py:188} INFO - [2026-04-15T04:58:14.152+0000] {dag.py:3823} INFO - Setting next_dagrun for tutorial_dag to None, run_after=None
[2026-04-15T04:58:14.164+0000] {processor.py:183} INFO - Processing /home/airflow/.local/lib/python3.8/site-packages/airflow/example_dags/tutorial_dag.py took 0.043 seconds
[2026-04-15T04:58:44.287+0000] {processor.py:161} INFO - Started process (PID=738) to work on /home/airflow/.local/lib/python3.8/site-packages/airflow/example_dags/tutorial_dag.py
[2026-04-15T04:58:44.288+0000] {processor.py:830} INFO - Processing file /home/airflow/.local/lib/python3.8/site-packages/airflow/example_dags/tutorial_dag.py for tasks to queue
[2026-04-15T04:58:44.289+0000] {logging_mixin.py:188} INFO - [2026-04-15T04:58:44.289+0000] {dagbag.py:538} INFO - Filling up the DagBag from /home/airflow/.local/lib/python3.8/site-packages/airflow/example_dags/tutorial_dag.py
[2026-04-15T04:58:44.293+0000] {processor.py:840} INFO - DAG(s) 'tutorial_dag' retrieved from /home/airflow/.local/lib/python3.8/site-packages/airflow/example_dags/tutorial_dag.py
[2026-04-15T04:58:44.308+0000] {logging_mixin.py:188} INFO - [2026-04-15T04:58:44.307+0000] {dag.py:3036} INFO - Sync 1 DAGs
[2026-04-15T04:58:44.317+0000] {logging_mixin.py:188} INFO - [2026-04-15T04:58:44.316+0000] {dag.py:3823} INFO - Setting next_dagrun for tutorial_dag to None, run_after=None
[2026-04-15T04:58:44.329+0000] {processor.py:183} INFO - Processing /home/airflow/.local/lib/python3.8/site-packages/airflow/example_dags/tutorial_dag.py took 0.044 seconds
[2026-04-15T04:59:14.430+0000] {processor.py:161} INFO - Started process (PID=794) to work on /home/airflow/.local/lib/python3.8/site-packages/airflow/example_dags/tutorial_dag.py
[2026-04-15T04:59:14.431+0000] {processor.py:830} INFO - Processing file /home/airflow/.local/lib/python3.8/site-packages/airflow/example_dags/tutorial_dag.py for tasks to queue
[2026-04-15T04:59:14.433+0000] {logging_mixin.py:188} INFO - [2026-04-15T04:59:14.433+0000] {dagbag.py:538} INFO - Filling up the DagBag from /home/airflow/.local/lib/python3.8/site-packages/airflow/example_dags/tutorial_dag.py
[2026-04-15T04:59:14.437+0000] {processor.py:840} INFO - DAG(s) 'tutorial_dag' retrieved from /home/airflow/.local/lib/python3.8/site-packages/airflow/example_dags/tutorial_dag.py
[2026-04-15T04:59:14.453+0000] {logging_mixin.py:188} INFO - [2026-04-15T04:59:14.453+0000] {dag.py:3036} INFO - Sync 1 DAGs
[2026-04-15T04:59:14.462+0000] {logging_mixin.py:188} INFO - [2026-04-15T04:59:14.462+0000] {dag.py:3823} INFO - Setting next_dagrun for tutorial_dag to None, run_after=None
[2026-04-15T04:59:14.475+0000] {processor.py:183} INFO - Processing /home/airflow/.local/lib/python3.8/site-packages/airflow/example_dags/tutorial_dag.py took 0.047 seconds
[2026-04-15T04:59:45.042+0000] {processor.py:161} INFO - Started process (PID=850) to work on /home/airflow/.local/lib/python3.8/site-packages/airflow/example_dags/tutorial_dag.py
[2026-04-15T04:59:45.043+0000] {processor.py:830} INFO - Processing file /home/airflow/.local/lib/python3.8/site-packages/airflow/example_dags/tutorial_dag.py for tasks to queue
[2026-04-15T04:59:45.044+0000] {logging_mixin.py:188} INFO - [2026-04-15T04:59:45.044+0000] {dagbag.py:538} INFO - Filling up the DagBag from /home/airflow/.local/lib/python3.8/site-packages/airflow/example_dags/tutorial_dag.py
[2026-04-15T04:59:45.048+0000] {processor.py:840} INFO - DAG(s) 'tutorial_dag' retrieved from /home/airflow/.local/lib/python3.8/site-packages/airflow/example_dags/tutorial_dag.py
[2026-04-15T04:59:45.064+0000] {logging_mixin.py:188} INFO - [2026-04-15T04:59:45.064+0000] {dag.py:3036} INFO - Sync 1 DAGs
[2026-04-15T04:59:45.074+0000] {logging_mixin.py:188} INFO - [2026-04-15T04:59:45.074+0000] {dag.py:3823} INFO - Setting next_dagrun for tutorial_dag to None, run_after=None
[2026-04-15T04:59:45.088+0000] {processor.py:183} INFO - Processing /home/airflow/.local/lib/python3.8/site-packages/airflow/example_dags/tutorial_dag.py took 0.048 seconds
[2026-04-15T05:00:15.313+0000] {processor.py:161} INFO - Started process (PID=906) to work on /home/airflow/.local/lib/python3.8/site-packages/airflow/example_dags/tutorial_dag.py
[2026-04-15T05:00:15.314+0000] {processor.py:830} INFO - Processing file /home/airflow/.local/lib/python3.8/site-packages/airflow/example_dags/tutorial_dag.py for tasks to queue
[2026-04-15T05:00:15.315+0000] {logging_mixin.py:188} INFO - [2026-04-15T05:00:15.315+0000] {dagbag.py:538} INFO - Filling up the DagBag from /home/airflow/.local/lib/python3.8/site-packages/airflow/example_dags/tutorial_dag.py
[2026-04-15T05:00:15.319+0000] {processor.py:840} INFO - DAG(s) 'tutorial_dag' retrieved from /home/airflow/.local/lib/python3.8/site-packages/airflow/example_dags/tutorial_dag.py
[2026-04-15T05:00:15.334+0000] {logging_mixin.py:188} INFO - [2026-04-15T05:00:15.334+0000] {dag.py:3036} INFO - Sync 1 DAGs
[2026-04-15T05:00:15.343+0000] {logging_mixin.py:188} INFO - [2026-04-15T05:00:15.342+0000] {dag.py:3823} INFO - Setting next_dagrun for tutorial_dag to None, run_after=None
[2026-04-15T05:00:15.356+0000] {processor.py:183} INFO - Processing /home/airflow/.local/lib/python3.8/site-packages/airflow/example_dags/tutorial_dag.py took 0.045 seconds
[2026-04-15T05:00:45.976+0000] {processor.py:161} INFO - Started process (PID=962) to work on /home/airflow/.local/lib/python3.8/site-packages/airflow/example_dags/tutorial_dag.py
[2026-04-15T05:00:45.977+0000] {processor.py:830} INFO - Processing file /home/airflow/.local/lib/python3.8/site-packages/airflow/example_dags/tutorial_dag.py for tasks to queue
[2026-04-15T05:00:45.978+0000] {logging_mixin.py:188} INFO - [2026-04-15T05:00:45.978+0000] {dagbag.py:538} INFO - Filling up the DagBag from /home/airflow/.local/lib/python3.8/site-packages/airflow/example_dags/tutorial_dag.py
[2026-04-15T05:00:45.982+0000] {processor.py:840} INFO - DAG(s) 'tutorial_dag' retrieved from /home/airflow/.local/lib/python3.8/site-packages/airflow/example_dags/tutorial_dag.py
[2026-04-15T05:00:45.998+0000] {logging_mixin.py:188} INFO - [2026-04-15T05:00:45.998+0000] {dag.py:3036} INFO - Sync 1 DAGs
[2026-04-15T05:00:46.007+0000] {logging_mixin.py:188} INFO - [2026-04-15T05:00:46.007+0000] {dag.py:3823} INFO - Setting next_dagrun for tutorial_dag to None, run_after=None
[2026-04-15T05:00:46.020+0000] {processor.py:183} INFO - Processing /home/airflow/.local/lib/python3.8/site-packages/airflow/example_dags/tutorial_dag.py took 0.046 seconds
[2026-04-15T05:01:16.174+0000] {processor.py:161} INFO - Started process (PID=1018) to work on /home/airflow/.local/lib/python3.8/site-packages/airflow/example_dags/tutorial_dag.py
[2026-04-15T05:01:16.175+0000] {processor.py:830} INFO - Processing file /home/airflow/.local/lib/python3.8/site-packages/airflow/example_dags/tutorial_dag.py for tasks to queue
[2026-04-15T05:01:16.177+0000] {logging_mixin.py:188} INFO - [2026-04-15T05:01:16.177+0000] {dagbag.py:538} INFO - Filling up the DagBag from /home/airflow/.local/lib/python3.8/site-packages/airflow/example_dags/tutorial_dag.py
[2026-04-15T05:01:16.181+0000] {processor.py:840} INFO - DAG(s) 'tutorial_dag' retrieved from /home/airflow/.local/lib/python3.8/site-packages/airflow/example_dags/tutorial_dag.py
[2026-04-15T05:01:16.199+0000] {logging_mixin.py:188} INFO - [2026-04-15T05:01:16.199+0000] {dag.py:3036} INFO - Sync 1 DAGs
[2026-04-15T05:01:16.211+0000] {logging_mixin.py:188} INFO - [2026-04-15T05:01:16.211+0000] {dag.py:3823} INFO - Setting next_dagrun for tutorial_dag to None, run_after=None
[2026-04-15T05:01:16.228+0000] {processor.py:183} INFO - Processing /home/airflow/.local/lib/python3.8/site-packages/airflow/example_dags/tutorial_dag.py took 0.057 seconds
[2026-04-15T05:01:46.600+0000] {processor.py:161} INFO - Started process (PID=1074) to work on /home/airflow/.local/lib/python3.8/site-packages/airflow/example_dags/tutorial_dag.py
[2026-04-15T05:01:46.601+0000] {processor.py:830} INFO - Processing file /home/airflow/.local/lib/python3.8/site-packages/airflow/example_dags/tutorial_dag.py for tasks to queue
[2026-04-15T05:01:46.603+0000] {logging_mixin.py:188} INFO - [2026-04-15T05:01:46.603+0000] {dagbag.py:538} INFO - Filling up the DagBag from /home/airflow/.local/lib/python3.8/site-packages/airflow/example_dags/tutorial_dag.py
[2026-04-15T05:01:46.611+0000] {processor.py:840} INFO - DAG(s) 'tutorial_dag' retrieved from /home/airflow/.local/lib/python3.8/site-packages/airflow/example_dags/tutorial_dag.py
[2026-04-15T05:01:46.641+0000] {logging_mixin.py:188} INFO - [2026-04-15T05:01:46.640+0000] {dag.py:3036} INFO - Sync 1 DAGs
[2026-04-15T05:01:46.658+0000] {logging_mixin.py:188} INFO - [2026-04-15T05:01:46.658+0000] {dag.py:3823} INFO - Setting next_dagrun for tutorial_dag to None, run_after=None
[2026-04-15T05:01:46.684+0000] {processor.py:183} INFO - Processing /home/airflow/.local/lib/python3.8/site-packages/airflow/example_dags/tutorial_dag.py took 0.090 seconds
[2026-04-15T05:02:16.905+0000] {processor.py:161} INFO - Started process (PID=1130) to work on /home/airflow/.local/lib/python3.8/site-packages/airflow/example_dags/tutorial_dag.py
[2026-04-15T05:02:16.906+0000] {processor.py:830} INFO - Processing file /home/airflow/.local/lib/python3.8/site-packages/airflow/example_dags/tutorial_dag.py for tasks to queue
[2026-04-15T05:02:16.909+0000] {logging_mixin.py:188} INFO - [2026-04-15T05:02:16.908+0000] {dagbag.py:538} INFO - Filling up the DagBag from /home/airflow/.local/lib/python3.8/site-packages/airflow/example_dags/tutorial_dag.py
[2026-04-15T05:02:16.916+0000] {processor.py:840} INFO - DAG(s) 'tutorial_dag' retrieved from /home/airflow/.local/lib/python3.8/site-packages/airflow/example_dags/tutorial_dag.py
[2026-04-15T05:02:16.948+0000] {logging_mixin.py:188} INFO - [2026-04-15T05:02:16.948+0000] {dag.py:3036} INFO - Sync 1 DAGs
[2026-04-15T05:02:16.965+0000] {logging_mixin.py:188} INFO - [2026-04-15T05:02:16.965+0000] {dag.py:3823} INFO - Setting next_dagrun for tutorial_dag to None, run_after=None
[2026-04-15T05:02:16.991+0000] {processor.py:183} INFO - Processing /home/airflow/.local/lib/python3.8/site-packages/airflow/example_dags/tutorial_dag.py took 0.091 seconds
[2026-04-15T05:02:47.045+0000] {processor.py:161} INFO - Started process (PID=1186) to work on /home/airflow/.local/lib/python3.8/site-packages/airflow/example_dags/tutorial_dag.py
[2026-04-15T05:02:47.045+0000] {processor.py:830} INFO - Processing file /home/airflow/.local/lib/python3.8/site-packages/airflow/example_dags/tutorial_dag.py for tasks to queue
[2026-04-15T05:02:47.047+0000] {logging_mixin.py:188} INFO - [2026-04-15T05:02:47.047+0000] {dagbag.py:538} INFO - Filling up the DagBag from /home/airflow/.local/lib/python3.8/site-packages/airflow/example_dags/tutorial_dag.py
[2026-04-15T05:02:47.052+0000] {processor.py:840} INFO - DAG(s) 'tutorial_dag' retrieved from /home/airflow/.local/lib/python3.8/site-packages/airflow/example_dags/tutorial_dag.py
[2026-04-15T05:02:47.070+0000] {logging_mixin.py:188} INFO - [2026-04-15T05:02:47.070+0000] {dag.py:3036} INFO - Sync 1 DAGs
[2026-04-15T05:02:47.081+0000] {logging_mixin.py:188} INFO - [2026-04-15T05:02:47.081+0000] {dag.py:3823} INFO - Setting next_dagrun for tutorial_dag to None, run_after=None
[2026-04-15T05:02:47.095+0000] {processor.py:183} INFO - Processing /home/airflow/.local/lib/python3.8/site-packages/airflow/example_dags/tutorial_dag.py took 0.053 seconds
[2026-04-15T05:03:17.241+0000] {processor.py:161} INFO - Started process (PID=1242) to work on /home/airflow/.local/lib/python3.8/site-packages/airflow/example_dags/tutorial_dag.py
[2026-04-15T05:03:17.242+0000] {processor.py:830} INFO - Processing file /home/airflow/.local/lib/python3.8/site-packages/airflow/example_dags/tutorial_dag.py for tasks to queue
[2026-04-15T05:03:17.243+0000] {logging_mixin.py:188} INFO - [2026-04-15T05:03:17.243+0000] {dagbag.py:538} INFO - Filling up the DagBag from /home/airflow/.local/lib/python3.8/site-packages/airflow/example_dags/tutorial_dag.py
[2026-04-15T05:03:17.247+0000] {processor.py:840} INFO - DAG(s) 'tutorial_dag' retrieved from /home/airflow/.local/lib/python3.8/site-packages/airflow/example_dags/tutorial_dag.py
[2026-04-15T05:03:17.262+0000] {logging_mixin.py:188} INFO - [2026-04-15T05:03:17.261+0000] {dag.py:3036} INFO - Sync 1 DAGs
[2026-04-15T05:03:17.270+0000] {logging_mixin.py:188} INFO - [2026-04-15T05:03:17.270+0000] {dag.py:3823} INFO - Setting next_dagrun for tutorial_dag to None, run_after=None
[2026-04-15T05:03:17.283+0000] {processor.py:183} INFO - Processing /home/airflow/.local/lib/python3.8/site-packages/airflow/example_dags/tutorial_dag.py took 0.044 seconds
[2026-04-15T05:03:47.585+0000] {processor.py:161} INFO - Started process (PID=1298) to work on /home/airflow/.local/lib/python3.8/site-packages/airflow/example_dags/tutorial_dag.py
[2026-04-15T05:03:47.586+0000] {processor.py:830} INFO - Processing file /home/airflow/.local/lib/python3.8/site-packages/airflow/example_dags/tutorial_dag.py for tasks to queue
[2026-04-15T05:03:47.587+0000] {logging_mixin.py:188} INFO - [2026-04-15T05:03:47.587+0000] {dagbag.py:538} INFO - Filling up the DagBag from /home/airflow/.local/lib/python3.8/site-packages/airflow/example_dags/tutorial_dag.py
[2026-04-15T05:03:47.591+0000] {processor.py:840} INFO - DAG(s) 'tutorial_dag' retrieved from /home/airflow/.local/lib/python3.8/site-packages/airflow/example_dags/tutorial_dag.py
[2026-04-15T05:03:47.606+0000] {logging_mixin.py:188} INFO - [2026-04-15T05:03:47.606+0000] {dag.py:3036} INFO - Sync 1 DAGs
[2026-04-15T05:03:47.614+0000] {logging_mixin.py:188} INFO - [2026-04-15T05:03:47.614+0000] {dag.py:3823} INFO - Setting next_dagrun for tutorial_dag to None, run_after=None
[2026-04-15T05:03:47.627+0000] {processor.py:183} INFO - Processing /home/airflow/.local/lib/python3.8/site-packages/airflow/example_dags/tutorial_dag.py took 0.044 seconds
[2026-04-15T05:04:18.221+0000] {processor.py:161} INFO - Started process (PID=1354) to work on /home/airflow/.local/lib/python3.8/site-packages/airflow/example_dags/tutorial_dag.py
[2026-04-15T05:04:18.222+0000] {processor.py:830} INFO - Processing file /home/airflow/.local/lib/python3.8/site-packages/airflow/example_dags/tutorial_dag.py for tasks to queue
[2026-04-15T05:04:18.224+0000] {logging_mixin.py:188} INFO - [2026-04-15T05:04:18.224+0000] {dagbag.py:538} INFO - Filling up the DagBag from /home/airflow/.local/lib/python3.8/site-packages/airflow/example_dags/tutorial_dag.py
[2026-04-15T05:04:18.231+0000] {processor.py:840} INFO - DAG(s) 'tutorial_dag' retrieved from /home/airflow/.local/lib/python3.8/site-packages/airflow/example_dags/tutorial_dag.py
[2026-04-15T05:04:18.258+0000] {logging_mixin.py:188} INFO - [2026-04-15T05:04:18.258+0000] {dag.py:3036} INFO - Sync 1 DAGs
[2026-04-15T05:04:18.274+0000] {logging_mixin.py:188} INFO - [2026-04-15T05:04:18.274+0000] {dag.py:3823} INFO - Setting next_dagrun for tutorial_dag to None, run_after=None
[2026-04-15T05:04:18.297+0000] {processor.py:183} INFO - Processing /home/airflow/.local/lib/python3.8/site-packages/airflow/example_dags/tutorial_dag.py took 0.081 seconds
[2026-04-15T05:04:48.928+0000] {processor.py:161} INFO - Started process (PID=1410) to work on /home/airflow/.local/lib/python3.8/site-packages/airflow/example_dags/tutorial_dag.py
[2026-04-15T05:04:48.929+0000] {processor.py:830} INFO - Processing file /home/airflow/.local/lib/python3.8/site-packages/airflow/example_dags/tutorial_dag.py for tasks to queue
[2026-04-15T05:04:48.931+0000] {logging_mixin.py:188} INFO - [2026-04-15T05:04:48.930+0000] {dagbag.py:538} INFO - Filling up the DagBag from /home/airflow/.local/lib/python3.8/site-packages/airflow/example_dags/tutorial_dag.py
[2026-04-15T05:04:48.935+0000] {processor.py:840} INFO - DAG(s) 'tutorial_dag' retrieved from /home/airflow/.local/lib/python3.8/site-packages/airflow/example_dags/tutorial_dag.py
[2026-04-15T05:04:48.955+0000] {logging_mixin.py:188} INFO - [2026-04-15T05:04:48.955+0000] {dag.py:3036} INFO - Sync 1 DAGs
[2026-04-15T05:04:48.967+0000] {logging_mixin.py:188} INFO - [2026-04-15T05:04:48.967+0000] {dag.py:3823} INFO - Setting next_dagrun for tutorial_dag to None, run_after=None
[2026-04-15T05:04:48.984+0000] {processor.py:183} INFO - Processing /home/airflow/.local/lib/python3.8/site-packages/airflow/example_dags/tutorial_dag.py took 0.059 seconds
[2026-04-15T05:05:19.587+0000] {processor.py:161} INFO - Started process (PID=1466) to work on /home/airflow/.local/lib/python3.8/site-packages/airflow/example_dags/tutorial_dag.py
[2026-04-15T05:05:19.587+0000] {processor.py:830} INFO - Processing file /home/airflow/.local/lib/python3.8/site-packages/airflow/example_dags/tutorial_dag.py for tasks to queue
[2026-04-15T05:05:19.589+0000] {logging_mixin.py:188} INFO - [2026-04-15T05:05:19.589+0000] {dagbag.py:538} INFO - Filling up the DagBag from /home/airflow/.local/lib/python3.8/site-packages/airflow/example_dags/tutorial_dag.py
[2026-04-15T05:05:19.593+0000] {processor.py:840} INFO - DAG(s) 'tutorial_dag' retrieved from /home/airflow/.local/lib/python3.8/site-packages/airflow/example_dags/tutorial_dag.py
[2026-04-15T05:05:19.612+0000] {logging_mixin.py:188} INFO - [2026-04-15T05:05:19.612+0000] {dag.py:3036} INFO - Sync 1 DAGs
[2026-04-15T05:05:19.622+0000] {logging_mixin.py:188} INFO - [2026-04-15T05:05:19.622+0000] {dag.py:3823} INFO - Setting next_dagrun for tutorial_dag to None, run_after=None
[2026-04-15T05:05:19.638+0000] {processor.py:183} INFO - Processing /home/airflow/.local/lib/python3.8/site-packages/airflow/example_dags/tutorial_dag.py took 0.054 seconds
[2026-04-15T05:05:49.982+0000] {processor.py:161} INFO - Started process (PID=1522) to work on /home/airflow/.local/lib/python3.8/site-packages/airflow/example_dags/tutorial_dag.py
[2026-04-15T05:05:49.983+0000] {processor.py:830} INFO - Processing file /home/airflow/.local/lib/python3.8/site-packages/airflow/example_dags/tutorial_dag.py for tasks to queue
[2026-04-15T05:05:49.984+0000] {logging_mixin.py:188} INFO - [2026-04-15T05:05:49.984+0000] {dagbag.py:538} INFO - Filling up the DagBag from /home/airflow/.local/lib/python3.8/site-packages/airflow/example_dags/tutorial_dag.py
[2026-04-15T05:05:49.989+0000] {processor.py:840} INFO - DAG(s) 'tutorial_dag' retrieved from /home/airflow/.local/lib/python3.8/site-packages/airflow/example_dags/tutorial_dag.py
[2026-04-15T05:05:50.003+0000] {logging_mixin.py:188} INFO - [2026-04-15T05:05:50.003+0000] {dag.py:3036} INFO - Sync 1 DAGs
[2026-04-15T05:05:50.013+0000] {logging_mixin.py:188} INFO - [2026-04-15T05:05:50.013+0000] {dag.py:3823} INFO - Setting next_dagrun for tutorial_dag to None, run_after=None
[2026-04-15T05:05:50.025+0000] {processor.py:183} INFO - Processing /home/airflow/.local/lib/python3.8/site-packages/airflow/example_dags/tutorial_dag.py took 0.045 seconds
[2026-04-15T05:06:20.112+0000] {processor.py:161} INFO - Started process (PID=1578) to work on /home/airflow/.local/lib/python3.8/site-packages/airflow/example_dags/tutorial_dag.py
[2026-04-15T05:06:20.113+0000] {processor.py:830} INFO - Processing file /home/airflow/.local/lib/python3.8/site-packages/airflow/example_dags/tutorial_dag.py for tasks to queue
[2026-04-15T05:06:20.114+0000] {logging_mixin.py:188} INFO - [2026-04-15T05:06:20.114+0000] {dagbag.py:538} INFO - Filling up the DagBag from /home/airflow/.local/lib/python3.8/site-packages/airflow/example_dags/tutorial_dag.py
[2026-04-15T05:06:20.118+0000] {processor.py:840} INFO - DAG(s) 'tutorial_dag' retrieved from /home/airflow/.local/lib/python3.8/site-packages/airflow/example_dags/tutorial_dag.py
[2026-04-15T05:06:20.133+0000] {logging_mixin.py:188} INFO - [2026-04-15T05:06:20.132+0000] {dag.py:3036} INFO - Sync 1 DAGs
[2026-04-15T05:06:20.141+0000] {logging_mixin.py:188} INFO - [2026-04-15T05:06:20.141+0000] {dag.py:3823} INFO - Setting next_dagrun for tutorial_dag to None, run_after=None
[2026-04-15T05:06:20.155+0000] {processor.py:183} INFO - Processing /home/airflow/.local/lib/python3.8/site-packages/airflow/example_dags/tutorial_dag.py took 0.046 seconds
[2026-04-15T05:06:50.255+0000] {processor.py:161} INFO - Started process (PID=1634) to work on /home/airflow/.local/lib/python3.8/site-packages/airflow/example_dags/tutorial_dag.py
[2026-04-15T05:06:50.256+0000] {processor.py:830} INFO - Processing file /home/airflow/.local/lib/python3.8/site-packages/airflow/example_dags/tutorial_dag.py for tasks to queue
[2026-04-15T05:06:50.257+0000] {logging_mixin.py:188} INFO - [2026-04-15T05:06:50.257+0000] {dagbag.py:538} INFO - Filling up the DagBag from /home/airflow/.local/lib/python3.8/site-packages/airflow/example_dags/tutorial_dag.py
[2026-04-15T05:06:50.262+0000] {processor.py:840} INFO - DAG(s) 'tutorial_dag' retrieved from /home/airflow/.local/lib/python3.8/site-packages/airflow/example_dags/tutorial_dag.py
[2026-04-15T05:06:50.279+0000] {logging_mixin.py:188} INFO - [2026-04-15T05:06:50.278+0000] {dag.py:3036} INFO - Sync 1 DAGs
[2026-04-15T05:06:50.289+0000] {logging_mixin.py:188} INFO - [2026-04-15T05:06:50.289+0000] {dag.py:3823} INFO - Setting next_dagrun for tutorial_dag to None, run_after=None
[2026-04-15T05:06:50.305+0000] {processor.py:183} INFO - Processing /home/airflow/.local/lib/python3.8/site-packages/airflow/example_dags/tutorial_dag.py took 0.052 seconds
[2026-04-15T05:07:20.862+0000] {processor.py:161} INFO - Started process (PID=1690) to work on /home/airflow/.local/lib/python3.8/site-packages/airflow/example_dags/tutorial_dag.py
[2026-04-15T05:07:20.863+0000] {processor.py:830} INFO - Processing file /home/airflow/.local/lib/python3.8/site-packages/airflow/example_dags/tutorial_dag.py for tasks to queue
[2026-04-15T05:07:20.865+0000] {logging_mixin.py:188} INFO - [2026-04-15T05:07:20.865+0000] {dagbag.py:538} INFO - Filling up the DagBag from /home/airflow/.local/lib/python3.8/site-packages/airflow/example_dags/tutorial_dag.py
[2026-04-15T05:07:20.872+0000] {processor.py:840} INFO - DAG(s) 'tutorial_dag' retrieved from /home/airflow/.local/lib/python3.8/site-packages/airflow/example_dags/tutorial_dag.py
[2026-04-15T05:07:20.899+0000] {logging_mixin.py:188} INFO - [2026-04-15T05:07:20.899+0000] {dag.py:3036} INFO - Sync 1 DAGs
[2026-04-15T05:07:20.917+0000] {logging_mixin.py:188} INFO - [2026-04-15T05:07:20.916+0000] {dag.py:3823} INFO - Setting next_dagrun for tutorial_dag to None, run_after=None
[2026-04-15T05:07:20.939+0000] {processor.py:183} INFO - Processing /home/airflow/.local/lib/python3.8/site-packages/airflow/example_dags/tutorial_dag.py took 0.082 seconds
[2026-04-15T05:07:51.013+0000] {processor.py:161} INFO - Started process (PID=1746) to work on /home/airflow/.local/lib/python3.8/site-packages/airflow/example_dags/tutorial_dag.py
[2026-04-15T05:07:51.013+0000] {processor.py:830} INFO - Processing file /home/airflow/.local/lib/python3.8/site-packages/airflow/example_dags/tutorial_dag.py for tasks to queue
[2026-04-15T05:07:51.014+0000] {logging_mixin.py:188} INFO - [2026-04-15T05:07:51.014+0000] {dagbag.py:538} INFO - Filling up the DagBag from /home/airflow/.local/lib/python3.8/site-packages/airflow/example_dags/tutorial_dag.py
[2026-04-15T05:07:51.018+0000] {processor.py:840} INFO - DAG(s) 'tutorial_dag' retrieved from /home/airflow/.local/lib/python3.8/site-packages/airflow/example_dags/tutorial_dag.py
[2026-04-15T05:07:51.032+0000] {logging_mixin.py:188} INFO - [2026-04-15T05:07:51.032+0000] {dag.py:3036} INFO - Sync 1 DAGs
[2026-04-15T05:07:51.041+0000] {logging_mixin.py:188} INFO - [2026-04-15T05:07:51.041+0000] {dag.py:3823} INFO - Setting next_dagrun for tutorial_dag to None, run_after=None
[2026-04-15T05:07:51.053+0000] {processor.py:183} INFO - Processing /home/airflow/.local/lib/python3.8/site-packages/airflow/example_dags/tutorial_dag.py took 0.043 seconds
[2026-04-15T05:08:21.845+0000] {processor.py:161} INFO - Started process (PID=1802) to work on /home/airflow/.local/lib/python3.8/site-packages/airflow/example_dags/tutorial_dag.py
[2026-04-15T05:08:21.847+0000] {processor.py:830} INFO - Processing file /home/airflow/.local/lib/python3.8/site-packages/airflow/example_dags/tutorial_dag.py for tasks to queue
[2026-04-15T05:08:21.849+0000] {logging_mixin.py:188} INFO - [2026-04-15T05:08:21.849+0000] {dagbag.py:538} INFO - Filling up the DagBag from /home/airflow/.local/lib/python3.8/site-packages/airflow/example_dags/tutorial_dag.py
[2026-04-15T05:08:21.857+0000] {processor.py:840} INFO - DAG(s) 'tutorial_dag' retrieved from /home/airflow/.local/lib/python3.8/site-packages/airflow/example_dags/tutorial_dag.py
[2026-04-15T05:08:21.889+0000] {logging_mixin.py:188} INFO - [2026-04-15T05:08:21.888+0000] {dag.py:3036} INFO - Sync 1 DAGs
[2026-04-15T05:08:21.909+0000] {logging_mixin.py:188} INFO - [2026-04-15T05:08:21.909+0000] {dag.py:3823} INFO - Setting next_dagrun for tutorial_dag to None, run_after=None
[2026-04-15T05:08:21.939+0000] {processor.py:183} INFO - Processing /home/airflow/.local/lib/python3.8/site-packages/airflow/example_dags/tutorial_dag.py took 0.099 seconds
[2026-04-15T05:08:52.577+0000] {processor.py:161} INFO - Started process (PID=1858) to work on /home/airflow/.local/lib/python3.8/site-packages/airflow/example_dags/tutorial_dag.py
[2026-04-15T05:08:52.578+0000] {processor.py:830} INFO - Processing file /home/airflow/.local/lib/python3.8/site-packages/airflow/example_dags/tutorial_dag.py for tasks to queue
[2026-04-15T05:08:52.580+0000] {logging_mixin.py:188} INFO - [2026-04-15T05:08:52.580+0000] {dagbag.py:538} INFO - Filling up the DagBag from /home/airflow/.local/lib/python3.8/site-packages/airflow/example_dags/tutorial_dag.py
[2026-04-15T05:08:52.585+0000] {processor.py:840} INFO - DAG(s) 'tutorial_dag' retrieved from /home/airflow/.local/lib/python3.8/site-packages/airflow/example_dags/tutorial_dag.py
[2026-04-15T05:08:52.605+0000] {logging_mixin.py:188} INFO - [2026-04-15T05:08:52.605+0000] {dag.py:3036} INFO - Sync 1 DAGs
[2026-04-15T05:08:52.617+0000] {logging_mixin.py:188} INFO - [2026-04-15T05:08:52.617+0000] {dag.py:3823} INFO - Setting next_dagrun for tutorial_dag to None, run_after=None
[2026-04-15T05:08:52.632+0000] {processor.py:183} INFO - Processing /home/airflow/.local/lib/python3.8/site-packages/airflow/example_dags/tutorial_dag.py took 0.058 seconds
[2026-04-15T05:09:22.677+0000] {processor.py:161} INFO - Started process (PID=1914) to work on /home/airflow/.local/lib/python3.8/site-packages/airflow/example_dags/tutorial_dag.py
[2026-04-15T05:09:22.678+0000] {processor.py:830} INFO - Processing file /home/airflow/.local/lib/python3.8/site-packages/airflow/example_dags/tutorial_dag.py for tasks to queue
[2026-04-15T05:09:22.679+0000] {logging_mixin.py:188} INFO - [2026-04-15T05:09:22.679+0000] {dagbag.py:538} INFO - Filling up the DagBag from /home/airflow/.local/lib/python3.8/site-packages/airflow/example_dags/tutorial_dag.py
[2026-04-15T05:09:22.683+0000] {processor.py:840} INFO - DAG(s) 'tutorial_dag' retrieved from /home/airflow/.local/lib/python3.8/site-packages/airflow/example_dags/tutorial_dag.py
[2026-04-15T05:09:22.698+0000] {logging_mixin.py:188} INFO - [2026-04-15T05:09:22.698+0000] {dag.py:3036} INFO - Sync 1 DAGs
[2026-04-15T05:09:22.707+0000] {logging_mixin.py:188} INFO - [2026-04-15T05:09:22.707+0000] {dag.py:3823} INFO - Setting next_dagrun for tutorial_dag to None, run_after=None
[2026-04-15T05:09:22.721+0000] {processor.py:183} INFO - Processing /home/airflow/.local/lib/python3.8/site-packages/airflow/example_dags/tutorial_dag.py took 0.046 seconds
[2026-04-15T05:09:52.830+0000] {processor.py:161} INFO - Started process (PID=1970) to work on /home/airflow/.local/lib/python3.8/site-packages/airflow/example_dags/tutorial_dag.py
[2026-04-15T05:09:52.830+0000] {processor.py:830} INFO - Processing file /home/airflow/.local/lib/python3.8/site-packages/airflow/example_dags/tutorial_dag.py for tasks to queue
[2026-04-15T05:09:52.832+0000] {logging_mixin.py:188} INFO - [2026-04-15T05:09:52.832+0000] {dagbag.py:538} INFO - Filling up the DagBag from /home/airflow/.local/lib/python3.8/site-packages/airflow/example_dags/tutorial_dag.py
[2026-04-15T05:09:52.836+0000] {processor.py:840} INFO - DAG(s) 'tutorial_dag' retrieved from /home/airflow/.local/lib/python3.8/site-packages/airflow/example_dags/tutorial_dag.py
[2026-04-15T05:09:52.851+0000] {logging_mixin.py:188} INFO - [2026-04-15T05:09:52.850+0000] {dag.py:3036} INFO - Sync 1 DAGs
[2026-04-15T05:09:52.859+0000] {logging_mixin.py:188} INFO - [2026-04-15T05:09:52.859+0000] {dag.py:3823} INFO - Setting next_dagrun for tutorial_dag to None, run_after=None
[2026-04-15T05:09:52.873+0000] {processor.py:183} INFO - Processing /home/airflow/.local/lib/python3.8/site-packages/airflow/example_dags/tutorial_dag.py took 0.046 seconds
[2026-04-15T05:10:23.145+0000] {processor.py:161} INFO - Started process (PID=2026) to work on /home/airflow/.local/lib/python3.8/site-packages/airflow/example_dags/tutorial_dag.py
[2026-04-15T05:10:23.146+0000] {processor.py:830} INFO - Processing file /home/airflow/.local/lib/python3.8/site-packages/airflow/example_dags/tutorial_dag.py for tasks to queue
[2026-04-15T05:10:23.147+0000] {logging_mixin.py:188} INFO - [2026-04-15T05:10:23.147+0000] {dagbag.py:538} INFO - Filling up the DagBag from /home/airflow/.local/lib/python3.8/site-packages/airflow/example_dags/tutorial_dag.py
[2026-04-15T05:10:23.151+0000] {processor.py:840} INFO - DAG(s) 'tutorial_dag' retrieved from /home/airflow/.local/lib/python3.8/site-packages/airflow/example_dags/tutorial_dag.py
[2026-04-15T05:10:23.166+0000] {logging_mixin.py:188} INFO - [2026-04-15T05:10:23.165+0000] {dag.py:3036} INFO - Sync 1 DAGs
[2026-04-15T05:10:23.175+0000] {logging_mixin.py:188} INFO - [2026-04-15T05:10:23.175+0000] {dag.py:3823} INFO - Setting next_dagrun for tutorial_dag to None, run_after=None
[2026-04-15T05:10:23.189+0000] {processor.py:183} INFO - Processing /home/airflow/.local/lib/python3.8/site-packages/airflow/example_dags/tutorial_dag.py took 0.046 seconds
[2026-04-15T05:10:53.424+0000] {processor.py:161} INFO - Started process (PID=2082) to work on /home/airflow/.local/lib/python3.8/site-packages/airflow/example_dags/tutorial_dag.py
[2026-04-15T05:10:53.425+0000] {processor.py:830} INFO - Processing file /home/airflow/.local/lib/python3.8/site-packages/airflow/example_dags/tutorial_dag.py for tasks to queue
[2026-04-15T05:10:53.426+0000] {logging_mixin.py:188} INFO - [2026-04-15T05:10:53.426+0000] {dagbag.py:538} INFO - Filling up the DagBag from /home/airflow/.local/lib/python3.8/site-packages/airflow/example_dags/tutorial_dag.py
[2026-04-15T05:10:53.430+0000] {processor.py:840} INFO - DAG(s) 'tutorial_dag' retrieved from /home/airflow/.local/lib/python3.8/site-packages/airflow/example_dags/tutorial_dag.py
[2026-04-15T05:10:53.445+0000] {logging_mixin.py:188} INFO - [2026-04-15T05:10:53.444+0000] {dag.py:3036} INFO - Sync 1 DAGs
[2026-04-15T05:10:53.454+0000] {logging_mixin.py:188} INFO - [2026-04-15T05:10:53.454+0000] {dag.py:3823} INFO - Setting next_dagrun for tutorial_dag to None, run_after=None
[2026-04-15T05:10:53.467+0000] {processor.py:183} INFO - Processing /home/airflow/.local/lib/python3.8/site-packages/airflow/example_dags/tutorial_dag.py took 0.045 seconds
[2026-04-15T05:11:23.788+0000] {processor.py:161} INFO - Started process (PID=2138) to work on /home/airflow/.local/lib/python3.8/site-packages/airflow/example_dags/tutorial_dag.py
[2026-04-15T05:11:23.789+0000] {processor.py:830} INFO - Processing file /home/airflow/.local/lib/python3.8/site-packages/airflow/example_dags/tutorial_dag.py for tasks to queue
[2026-04-15T05:11:23.790+0000] {logging_mixin.py:188} INFO - [2026-04-15T05:11:23.790+0000] {dagbag.py:538} INFO - Filling up the DagBag from /home/airflow/.local/lib/python3.8/site-packages/airflow/example_dags/tutorial_dag.py
[2026-04-15T05:11:23.793+0000] {processor.py:840} INFO - DAG(s) 'tutorial_dag' retrieved from /home/airflow/.local/lib/python3.8/site-packages/airflow/example_dags/tutorial_dag.py
[2026-04-15T05:11:23.808+0000] {logging_mixin.py:188} INFO - [2026-04-15T05:11:23.808+0000] {dag.py:3036} INFO - Sync 1 DAGs
[2026-04-15T05:11:23.817+0000] {logging_mixin.py:188} INFO - [2026-04-15T05:11:23.817+0000] {dag.py:3823} INFO - Setting next_dagrun for tutorial_dag to None, run_after=None
[2026-04-15T05:11:23.829+0000] {processor.py:183} INFO - Processing /home/airflow/.local/lib/python3.8/site-packages/airflow/example_dags/tutorial_dag.py took 0.044 seconds
[2026-04-15T05:11:54.259+0000] {processor.py:161} INFO - Started process (PID=2194) to work on /home/airflow/.local/lib/python3.8/site-packages/airflow/example_dags/tutorial_dag.py
[2026-04-15T05:11:54.259+0000] {processor.py:830} INFO - Processing file /home/airflow/.local/lib/python3.8/site-packages/airflow/example_dags/tutorial_dag.py for tasks to queue
[2026-04-15T05:11:54.260+0000] {logging_mixin.py:188} INFO - [2026-04-15T05:11:54.260+0000] {dagbag.py:538} INFO - Filling up the DagBag from /home/airflow/.local/lib/python3.8/site-packages/airflow/example_dags/tutorial_dag.py
[2026-04-15T05:11:54.264+0000] {processor.py:840} INFO - DAG(s) 'tutorial_dag' retrieved from /home/airflow/.local/lib/python3.8/site-packages/airflow/example_dags/tutorial_dag.py
[2026-04-15T05:11:54.279+0000] {logging_mixin.py:188} INFO - [2026-04-15T05:11:54.279+0000] {dag.py:3036} INFO - Sync 1 DAGs
[2026-04-15T05:11:54.287+0000] {logging_mixin.py:188} INFO - [2026-04-15T05:11:54.287+0000] {dag.py:3823} INFO - Setting next_dagrun for tutorial_dag to None, run_after=None
[2026-04-15T05:11:54.299+0000] {processor.py:183} INFO - Processing /home/airflow/.local/lib/python3.8/site-packages/airflow/example_dags/tutorial_dag.py took 0.043 seconds
[2026-04-15T05:12:24.663+0000] {processor.py:161} INFO - Started process (PID=2250) to work on /home/airflow/.local/lib/python3.8/site-packages/airflow/example_dags/tutorial_dag.py
[2026-04-15T05:12:24.664+0000] {processor.py:830} INFO - Processing file /home/airflow/.local/lib/python3.8/site-packages/airflow/example_dags/tutorial_dag.py for tasks to queue
[2026-04-15T05:12:24.665+0000] {logging_mixin.py:188} INFO - [2026-04-15T05:12:24.665+0000] {dagbag.py:538} INFO - Filling up the DagBag from /home/airflow/.local/lib/python3.8/site-packages/airflow/example_dags/tutorial_dag.py
[2026-04-15T05:12:24.669+0000] {processor.py:840} INFO - DAG(s) 'tutorial_dag' retrieved from /home/airflow/.local/lib/python3.8/site-packages/airflow/example_dags/tutorial_dag.py
[2026-04-15T05:12:24.686+0000] {logging_mixin.py:188} INFO - [2026-04-15T05:12:24.685+0000] {dag.py:3036} INFO - Sync 1 DAGs
[2026-04-15T05:12:24.695+0000] {logging_mixin.py:188} INFO - [2026-04-15T05:12:24.695+0000] {dag.py:3823} INFO - Setting next_dagrun for tutorial_dag to None, run_after=None
[2026-04-15T05:12:24.708+0000] {processor.py:183} INFO - Processing /home/airflow/.local/lib/python3.8/site-packages/airflow/example_dags/tutorial_dag.py took 0.049 seconds
[2026-04-15T05:12:55.069+0000] {processor.py:161} INFO - Started process (PID=2306) to work on /home/airflow/.local/lib/python3.8/site-packages/airflow/example_dags/tutorial_dag.py
[2026-04-15T05:12:55.069+0000] {processor.py:830} INFO - Processing file /home/airflow/.local/lib/python3.8/site-packages/airflow/example_dags/tutorial_dag.py for tasks to queue
[2026-04-15T05:12:55.071+0000] {logging_mixin.py:188} INFO - [2026-04-15T05:12:55.070+0000] {dagbag.py:538} INFO - Filling up the DagBag from /home/airflow/.local/lib/python3.8/site-packages/airflow/example_dags/tutorial_dag.py
[2026-04-15T05:12:55.074+0000] {processor.py:840} INFO - DAG(s) 'tutorial_dag' retrieved from /home/airflow/.local/lib/python3.8/site-packages/airflow/example_dags/tutorial_dag.py
[2026-04-15T05:12:55.088+0000] {logging_mixin.py:188} INFO - [2026-04-15T05:12:55.088+0000] {dag.py:3036} INFO - Sync 1 DAGs
[2026-04-15T05:12:55.097+0000] {logging_mixin.py:188} INFO - [2026-04-15T05:12:55.096+0000] {dag.py:3823} INFO - Setting next_dagrun for tutorial_dag to None, run_after=None
[2026-04-15T05:12:55.108+0000] {processor.py:183} INFO - Processing /home/airflow/.local/lib/python3.8/site-packages/airflow/example_dags/tutorial_dag.py took 0.042 seconds
[2026-04-15T05:13:25.472+0000] {processor.py:161} INFO - Started process (PID=2362) to work on /home/airflow/.local/lib/python3.8/site-packages/airflow/example_dags/tutorial_dag.py
[2026-04-15T05:13:25.473+0000] {processor.py:830} INFO - Processing file /home/airflow/.local/lib/python3.8/site-packages/airflow/example_dags/tutorial_dag.py for tasks to queue
[2026-04-15T05:13:25.475+0000] {logging_mixin.py:188} INFO - [2026-04-15T05:13:25.475+0000] {dagbag.py:538} INFO - Filling up the DagBag from /home/airflow/.local/lib/python3.8/site-packages/airflow/example_dags/tutorial_dag.py
[2026-04-15T05:13:25.482+0000] {processor.py:840} INFO - DAG(s) 'tutorial_dag' retrieved from /home/airflow/.local/lib/python3.8/site-packages/airflow/example_dags/tutorial_dag.py
[2026-04-15T05:13:25.510+0000] {logging_mixin.py:188} INFO - [2026-04-15T05:13:25.510+0000] {dag.py:3036} INFO - Sync 1 DAGs
[2026-04-15T05:13:25.526+0000] {logging_mixin.py:188} INFO - [2026-04-15T05:13:25.526+0000] {dag.py:3823} INFO - Setting next_dagrun for tutorial_dag to None, run_after=None
[2026-04-15T05:13:25.549+0000] {processor.py:183} INFO - Processing /home/airflow/.local/lib/python3.8/site-packages/airflow/example_dags/tutorial_dag.py took 0.082 seconds
[2026-04-15T05:13:56.325+0000] {processor.py:161} INFO - Started process (PID=2418) to work on /home/airflow/.local/lib/python3.8/site-packages/airflow/example_dags/tutorial_dag.py
[2026-04-15T05:13:56.326+0000] {processor.py:830} INFO - Processing file /home/airflow/.local/lib/python3.8/site-packages/airflow/example_dags/tutorial_dag.py for tasks to queue
[2026-04-15T05:13:56.327+0000] {logging_mixin.py:188} INFO - [2026-04-15T05:13:56.327+0000] {dagbag.py:538} INFO - Filling up the DagBag from /home/airflow/.local/lib/python3.8/site-packages/airflow/example_dags/tutorial_dag.py
[2026-04-15T05:13:56.331+0000] {processor.py:840} INFO - DAG(s) 'tutorial_dag' retrieved from /home/airflow/.local/lib/python3.8/site-packages/airflow/example_dags/tutorial_dag.py
[2026-04-15T05:13:56.460+0000] {logging_mixin.py:188} INFO - [2026-04-15T05:13:56.460+0000] {dag.py:3036} INFO - Sync 1 DAGs
[2026-04-15T05:13:56.468+0000] {logging_mixin.py:188} INFO - [2026-04-15T05:13:56.468+0000] {dag.py:3823} INFO - Setting next_dagrun for tutorial_dag to None, run_after=None
[2026-04-15T05:13:56.480+0000] {processor.py:183} INFO - Processing /home/airflow/.local/lib/python3.8/site-packages/airflow/example_dags/tutorial_dag.py took 0.157 seconds
[2026-04-15T05:14:27.057+0000] {processor.py:161} INFO - Started process (PID=2472) to work on /home/airflow/.local/lib/python3.8/site-packages/airflow/example_dags/tutorial_dag.py
[2026-04-15T05:14:27.058+0000] {processor.py:830} INFO - Processing file /home/airflow/.local/lib/python3.8/site-packages/airflow/example_dags/tutorial_dag.py for tasks to queue
[2026-04-15T05:14:27.060+0000] {logging_mixin.py:188} INFO - [2026-04-15T05:14:27.059+0000] {dagbag.py:538} INFO - Filling up the DagBag from /home/airflow/.local/lib/python3.8/site-packages/airflow/example_dags/tutorial_dag.py
[2026-04-15T05:14:27.065+0000] {processor.py:840} INFO - DAG(s) 'tutorial_dag' retrieved from /home/airflow/.local/lib/python3.8/site-packages/airflow/example_dags/tutorial_dag.py
[2026-04-15T05:14:27.085+0000] {logging_mixin.py:188} INFO - [2026-04-15T05:14:27.085+0000] {dag.py:3036} INFO - Sync 1 DAGs
[2026-04-15T05:14:27.235+0000] {logging_mixin.py:188} INFO - [2026-04-15T05:14:27.235+0000] {dag.py:3823} INFO - Setting next_dagrun for tutorial_dag to None, run_after=None
[2026-04-15T05:14:27.250+0000] {processor.py:183} INFO - Processing /home/airflow/.local/lib/python3.8/site-packages/airflow/example_dags/tutorial_dag.py took 0.197 seconds
[2026-04-15T05:14:57.280+0000] {processor.py:161} INFO - Started process (PID=2528) to work on /home/airflow/.local/lib/python3.8/site-packages/airflow/example_dags/tutorial_dag.py
[2026-04-15T05:14:57.281+0000] {processor.py:830} INFO - Processing file /home/airflow/.local/lib/python3.8/site-packages/airflow/example_dags/tutorial_dag.py for tasks to queue
[2026-04-15T05:14:57.282+0000] {logging_mixin.py:188} INFO - [2026-04-15T05:14:57.282+0000] {dagbag.py:538} INFO - Filling up the DagBag from /home/airflow/.local/lib/python3.8/site-packages/airflow/example_dags/tutorial_dag.py
[2026-04-15T05:14:57.285+0000] {processor.py:840} INFO - DAG(s) 'tutorial_dag' retrieved from /home/airflow/.local/lib/python3.8/site-packages/airflow/example_dags/tutorial_dag.py
[2026-04-15T05:14:57.302+0000] {logging_mixin.py:188} INFO - [2026-04-15T05:14:57.301+0000] {dag.py:3036} INFO - Sync 1 DAGs
[2026-04-15T05:14:57.313+0000] {logging_mixin.py:188} INFO - [2026-04-15T05:14:57.313+0000] {dag.py:3823} INFO - Setting next_dagrun for tutorial_dag to None, run_after=None
[2026-04-15T05:14:57.328+0000] {processor.py:183} INFO - Processing /home/airflow/.local/lib/python3.8/site-packages/airflow/example_dags/tutorial_dag.py took 0.050 seconds
[2026-04-15T05:15:27.427+0000] {processor.py:161} INFO - Started process (PID=2584) to work on /home/airflow/.local/lib/python3.8/site-packages/airflow/example_dags/tutorial_dag.py
[2026-04-15T05:15:27.428+0000] {processor.py:830} INFO - Processing file /home/airflow/.local/lib/python3.8/site-packages/airflow/example_dags/tutorial_dag.py for tasks to queue
[2026-04-15T05:15:27.429+0000] {logging_mixin.py:188} INFO - [2026-04-15T05:15:27.429+0000] {dagbag.py:538} INFO - Filling up the DagBag from /home/airflow/.local/lib/python3.8/site-packages/airflow/example_dags/tutorial_dag.py
[2026-04-15T05:15:27.433+0000] {processor.py:840} INFO - DAG(s) 'tutorial_dag' retrieved from /home/airflow/.local/lib/python3.8/site-packages/airflow/example_dags/tutorial_dag.py
[2026-04-15T05:15:27.448+0000] {logging_mixin.py:188} INFO - [2026-04-15T05:15:27.448+0000] {dag.py:3036} INFO - Sync 1 DAGs
[2026-04-15T05:15:27.458+0000] {logging_mixin.py:188} INFO - [2026-04-15T05:15:27.458+0000] {dag.py:3823} INFO - Setting next_dagrun for tutorial_dag to None, run_after=None
[2026-04-15T05:15:27.473+0000] {processor.py:183} INFO - Processing /home/airflow/.local/lib/python3.8/site-packages/airflow/example_dags/tutorial_dag.py took 0.049 seconds
[2026-04-15T05:15:57.580+0000] {processor.py:161} INFO - Started process (PID=2640) to work on /home/airflow/.local/lib/python3.8/site-packages/airflow/example_dags/tutorial_dag.py
[2026-04-15T05:15:57.581+0000] {processor.py:830} INFO - Processing file /home/airflow/.local/lib/python3.8/site-packages/airflow/example_dags/tutorial_dag.py for tasks to queue
[2026-04-15T05:15:57.582+0000] {logging_mixin.py:188} INFO - [2026-04-15T05:15:57.582+0000] {dagbag.py:538} INFO - Filling up the DagBag from /home/airflow/.local/lib/python3.8/site-packages/airflow/example_dags/tutorial_dag.py
[2026-04-15T05:15:57.586+0000] {processor.py:840} INFO - DAG(s) 'tutorial_dag' retrieved from /home/airflow/.local/lib/python3.8/site-packages/airflow/example_dags/tutorial_dag.py
[2026-04-15T05:15:57.602+0000] {logging_mixin.py:188} INFO - [2026-04-15T05:15:57.601+0000] {dag.py:3036} INFO - Sync 1 DAGs
[2026-04-15T05:15:57.611+0000] {logging_mixin.py:188} INFO - [2026-04-15T05:15:57.611+0000] {dag.py:3823} INFO - Setting next_dagrun for tutorial_dag to None, run_after=None
[2026-04-15T05:15:57.625+0000] {processor.py:183} INFO - Processing /home/airflow/.local/lib/python3.8/site-packages/airflow/example_dags/tutorial_dag.py took 0.047 seconds
[2026-04-15T05:16:27.831+0000] {processor.py:161} INFO - Started process (PID=2696) to work on /home/airflow/.local/lib/python3.8/site-packages/airflow/example_dags/tutorial_dag.py
[2026-04-15T05:16:27.832+0000] {processor.py:830} INFO - Processing file /home/airflow/.local/lib/python3.8/site-packages/airflow/example_dags/tutorial_dag.py for tasks to queue
[2026-04-15T05:16:27.834+0000] {logging_mixin.py:188} INFO - [2026-04-15T05:16:27.834+0000] {dagbag.py:538} INFO - Filling up the DagBag from /home/airflow/.local/lib/python3.8/site-packages/airflow/example_dags/tutorial_dag.py
[2026-04-15T05:16:27.838+0000] {processor.py:840} INFO - DAG(s) 'tutorial_dag' retrieved from /home/airflow/.local/lib/python3.8/site-packages/airflow/example_dags/tutorial_dag.py
[2026-04-15T05:16:27.856+0000] {logging_mixin.py:188} INFO - [2026-04-15T05:16:27.856+0000] {dag.py:3036} INFO - Sync 1 DAGs
[2026-04-15T05:16:27.868+0000] {logging_mixin.py:188} INFO - [2026-04-15T05:16:27.868+0000] {dag.py:3823} INFO - Setting next_dagrun for tutorial_dag to None, run_after=None
[2026-04-15T05:16:27.885+0000] {processor.py:183} INFO - Processing /home/airflow/.local/lib/python3.8/site-packages/airflow/example_dags/tutorial_dag.py took 0.057 seconds
[2026-04-15T05:16:57.974+0000] {processor.py:161} INFO - Started process (PID=2752) to work on /home/airflow/.local/lib/python3.8/site-packages/airflow/example_dags/tutorial_dag.py
[2026-04-15T05:16:57.975+0000] {processor.py:830} INFO - Processing file /home/airflow/.local/lib/python3.8/site-packages/airflow/example_dags/tutorial_dag.py for tasks to queue
[2026-04-15T05:16:57.976+0000] {logging_mixin.py:188} INFO - [2026-04-15T05:16:57.976+0000] {dagbag.py:538} INFO - Filling up the DagBag from /home/airflow/.local/lib/python3.8/site-packages/airflow/example_dags/tutorial_dag.py
[2026-04-15T05:16:57.980+0000] {processor.py:840} INFO - DAG(s) 'tutorial_dag' retrieved from /home/airflow/.local/lib/python3.8/site-packages/airflow/example_dags/tutorial_dag.py
[2026-04-15T05:16:57.996+0000] {logging_mixin.py:188} INFO - [2026-04-15T05:16:57.996+0000] {dag.py:3036} INFO - Sync 1 DAGs
[2026-04-15T05:16:58.006+0000] {logging_mixin.py:188} INFO - [2026-04-15T05:16:58.006+0000] {dag.py:3823} INFO - Setting next_dagrun for tutorial_dag to None, run_after=None
[2026-04-15T05:16:58.020+0000] {processor.py:183} INFO - Processing /home/airflow/.local/lib/python3.8/site-packages/airflow/example_dags/tutorial_dag.py took 0.048 seconds
[2026-04-15T05:17:28.926+0000] {processor.py:161} INFO - Started process (PID=2808) to work on /home/airflow/.local/lib/python3.8/site-packages/airflow/example_dags/tutorial_dag.py
[2026-04-15T05:17:28.927+0000] {processor.py:830} INFO - Processing file /home/airflow/.local/lib/python3.8/site-packages/airflow/example_dags/tutorial_dag.py for tasks to queue
[2026-04-15T05:17:28.928+0000] {logging_mixin.py:188} INFO - [2026-04-15T05:17:28.928+0000] {dagbag.py:538} INFO - Filling up the DagBag from /home/airflow/.local/lib/python3.8/site-packages/airflow/example_dags/tutorial_dag.py
[2026-04-15T05:17:28.932+0000] {processor.py:840} INFO - DAG(s) 'tutorial_dag' retrieved from /home/airflow/.local/lib/python3.8/site-packages/airflow/example_dags/tutorial_dag.py
[2026-04-15T05:17:28.947+0000] {logging_mixin.py:188} INFO - [2026-04-15T05:17:28.947+0000] {dag.py:3036} INFO - Sync 1 DAGs
[2026-04-15T05:17:28.956+0000] {logging_mixin.py:188} INFO - [2026-04-15T05:17:28.955+0000] {dag.py:3823} INFO - Setting next_dagrun for tutorial_dag to None, run_after=None
[2026-04-15T05:17:28.967+0000] {processor.py:183} INFO - Processing /home/airflow/.local/lib/python3.8/site-packages/airflow/example_dags/tutorial_dag.py took 0.043 seconds
[2026-04-15T05:17:59.279+0000] {processor.py:161} INFO - Started process (PID=2864) to work on /home/airflow/.local/lib/python3.8/site-packages/airflow/example_dags/tutorial_dag.py
[2026-04-15T05:17:59.279+0000] {processor.py:830} INFO - Processing file /home/airflow/.local/lib/python3.8/site-packages/airflow/example_dags/tutorial_dag.py for tasks to queue
[2026-04-15T05:17:59.280+0000] {logging_mixin.py:188} INFO - [2026-04-15T05:17:59.280+0000] {dagbag.py:538} INFO - Filling up the DagBag from /home/airflow/.local/lib/python3.8/site-packages/airflow/example_dags/tutorial_dag.py
[2026-04-15T05:17:59.284+0000] {processor.py:840} INFO - DAG(s) 'tutorial_dag' retrieved from /home/airflow/.local/lib/python3.8/site-packages/airflow/example_dags/tutorial_dag.py
[2026-04-15T05:17:59.300+0000] {logging_mixin.py:188} INFO - [2026-04-15T05:17:59.300+0000] {dag.py:3036} INFO - Sync 1 DAGs
[2026-04-15T05:17:59.309+0000] {logging_mixin.py:188} INFO - [2026-04-15T05:17:59.309+0000] {dag.py:3823} INFO - Setting next_dagrun for tutorial_dag to None, run_after=None
[2026-04-15T05:17:59.321+0000] {processor.py:183} INFO - Processing /home/airflow/.local/lib/python3.8/site-packages/airflow/example_dags/tutorial_dag.py took 0.045 seconds
[2026-04-15T05:18:29.532+0000] {processor.py:161} INFO - Started process (PID=2920) to work on /home/airflow/.local/lib/python3.8/site-packages/airflow/example_dags/tutorial_dag.py
[2026-04-15T05:18:29.533+0000] {processor.py:830} INFO - Processing file /home/airflow/.local/lib/python3.8/site-packages/airflow/example_dags/tutorial_dag.py for tasks to queue
[2026-04-15T05:18:29.534+0000] {logging_mixin.py:188} INFO - [2026-04-15T05:18:29.534+0000] {dagbag.py:538} INFO - Filling up the DagBag from /home/airflow/.local/lib/python3.8/site-packages/airflow/example_dags/tutorial_dag.py
[2026-04-15T05:18:29.538+0000] {processor.py:840} INFO - DAG(s) 'tutorial_dag' retrieved from /home/airflow/.local/lib/python3.8/site-packages/airflow/example_dags/tutorial_dag.py
[2026-04-15T05:18:29.553+0000] {logging_mixin.py:188} INFO - [2026-04-15T05:18:29.552+0000] {dag.py:3036} INFO - Sync 1 DAGs
[2026-04-15T05:18:29.562+0000] {logging_mixin.py:188} INFO - [2026-04-15T05:18:29.561+0000] {dag.py:3823} INFO - Setting next_dagrun for tutorial_dag to None, run_after=None
[2026-04-15T05:18:29.574+0000] {processor.py:183} INFO - Processing /home/airflow/.local/lib/python3.8/site-packages/airflow/example_dags/tutorial_dag.py took 0.044 seconds
[2026-04-15T05:19:00.423+0000] {processor.py:161} INFO - Started process (PID=2976) to work on /home/airflow/.local/lib/python3.8/site-packages/airflow/example_dags/tutorial_dag.py
[2026-04-15T05:19:00.424+0000] {processor.py:830} INFO - Processing file /home/airflow/.local/lib/python3.8/site-packages/airflow/example_dags/tutorial_dag.py for tasks to queue
[2026-04-15T05:19:00.425+0000] {logging_mixin.py:188} INFO - [2026-04-15T05:19:00.425+0000] {dagbag.py:538} INFO - Filling up the DagBag from /home/airflow/.local/lib/python3.8/site-packages/airflow/example_dags/tutorial_dag.py
[2026-04-15T05:19:00.429+0000] {processor.py:840} INFO - DAG(s) 'tutorial_dag' retrieved from /home/airflow/.local/lib/python3.8/site-packages/airflow/example_dags/tutorial_dag.py
[2026-04-15T05:19:00.444+0000] {logging_mixin.py:188} INFO - [2026-04-15T05:19:00.444+0000] {dag.py:3036} INFO - Sync 1 DAGs
[2026-04-15T05:19:00.453+0000] {logging_mixin.py:188} INFO - [2026-04-15T05:19:00.453+0000] {dag.py:3823} INFO - Setting next_dagrun for tutorial_dag to None, run_after=None
[2026-04-15T05:19:00.469+0000] {processor.py:183} INFO - Processing /home/airflow/.local/lib/python3.8/site-packages/airflow/example_dags/tutorial_dag.py took 0.049 seconds
[2026-04-15T05:19:30.645+0000] {processor.py:161} INFO - Started process (PID=3032) to work on /home/airflow/.local/lib/python3.8/site-packages/airflow/example_dags/tutorial_dag.py
[2026-04-15T05:19:30.646+0000] {processor.py:830} INFO - Processing file /home/airflow/.local/lib/python3.8/site-packages/airflow/example_dags/tutorial_dag.py for tasks to queue
[2026-04-15T05:19:30.647+0000] {logging_mixin.py:188} INFO - [2026-04-15T05:19:30.647+0000] {dagbag.py:538} INFO - Filling up the DagBag from /home/airflow/.local/lib/python3.8/site-packages/airflow/example_dags/tutorial_dag.py
[2026-04-15T05:19:30.651+0000] {processor.py:840} INFO - DAG(s) 'tutorial_dag' retrieved from /home/airflow/.local/lib/python3.8/site-packages/airflow/example_dags/tutorial_dag.py
[2026-04-15T05:19:30.666+0000] {logging_mixin.py:188} INFO - [2026-04-15T05:19:30.665+0000] {dag.py:3036} INFO - Sync 1 DAGs
[2026-04-15T05:19:30.675+0000] {logging_mixin.py:188} INFO - [2026-04-15T05:19:30.674+0000] {dag.py:3823} INFO - Setting next_dagrun for tutorial_dag to None, run_after=None
[2026-04-15T05:19:30.686+0000] {processor.py:183} INFO - Processing /home/airflow/.local/lib/python3.8/site-packages/airflow/example_dags/tutorial_dag.py took 0.044 seconds
[2026-04-15T05:20:00.875+0000] {processor.py:161} INFO - Started process (PID=3088) to work on /home/airflow/.local/lib/python3.8/site-packages/airflow/example_dags/tutorial_dag.py
[2026-04-15T05:20:00.876+0000] {processor.py:830} INFO - Processing file /home/airflow/.local/lib/python3.8/site-packages/airflow/example_dags/tutorial_dag.py for tasks to queue
[2026-04-15T05:20:00.877+0000] {logging_mixin.py:188} INFO - [2026-04-15T05:20:00.877+0000] {dagbag.py:538} INFO - Filling up the DagBag from /home/airflow/.local/lib/python3.8/site-packages/airflow/example_dags/tutorial_dag.py
[2026-04-15T05:20:00.882+0000] {processor.py:840} INFO - DAG(s) 'tutorial_dag' retrieved from /home/airflow/.local/lib/python3.8/site-packages/airflow/example_dags/tutorial_dag.py
[2026-04-15T05:20:00.899+0000] {logging_mixin.py:188} INFO - [2026-04-15T05:20:00.899+0000] {dag.py:3036} INFO - Sync 1 DAGs
[2026-04-15T05:20:00.908+0000] {logging_mixin.py:188} INFO - [2026-04-15T05:20:00.908+0000] {dag.py:3823} INFO - Setting next_dagrun for tutorial_dag to None, run_after=None
[2026-04-15T05:20:00.922+0000] {processor.py:183} INFO - Processing /home/airflow/.local/lib/python3.8/site-packages/airflow/example_dags/tutorial_dag.py took 0.049 seconds
[2026-04-15T05:20:31.155+0000] {processor.py:161} INFO - Started process (PID=3143) to work on /home/airflow/.local/lib/python3.8/site-packages/airflow/example_dags/tutorial_dag.py
[2026-04-15T05:20:31.156+0000] {processor.py:830} INFO - Processing file /home/airflow/.local/lib/python3.8/site-packages/airflow/example_dags/tutorial_dag.py for tasks to queue
[2026-04-15T05:20:31.157+0000] {logging_mixin.py:188} INFO - [2026-04-15T05:20:31.157+0000] {dagbag.py:538} INFO - Filling up the DagBag from /home/airflow/.local/lib/python3.8/site-packages/airflow/example_dags/tutorial_dag.py
[2026-04-15T05:20:31.161+0000] {processor.py:840} INFO - DAG(s) 'tutorial_dag' retrieved from /home/airflow/.local/lib/python3.8/site-packages/airflow/example_dags/tutorial_dag.py
[2026-04-15T05:20:31.177+0000] {logging_mixin.py:188} INFO - [2026-04-15T05:20:31.177+0000] {dag.py:3036} INFO - Sync 1 DAGs
[2026-04-15T05:20:31.187+0000] {logging_mixin.py:188} INFO - [2026-04-15T05:20:31.187+0000] {dag.py:3823} INFO - Setting next_dagrun for tutorial_dag to None, run_after=None
[2026-04-15T05:20:31.203+0000] {processor.py:183} INFO - Processing /home/airflow/.local/lib/python3.8/site-packages/airflow/example_dags/tutorial_dag.py took 0.050 seconds
[2026-04-15T05:21:02.189+0000] {processor.py:161} INFO - Started process (PID=3198) to work on /home/airflow/.local/lib/python3.8/site-packages/airflow/example_dags/tutorial_dag.py
[2026-04-15T05:21:02.189+0000] {processor.py:830} INFO - Processing file /home/airflow/.local/lib/python3.8/site-packages/airflow/example_dags/tutorial_dag.py for tasks to queue
[2026-04-15T05:21:02.190+0000] {logging_mixin.py:188} INFO - [2026-04-15T05:21:02.190+0000] {dagbag.py:538} INFO - Filling up the DagBag from /home/airflow/.local/lib/python3.8/site-packages/airflow/example_dags/tutorial_dag.py
[2026-04-15T05:21:02.193+0000] {processor.py:840} INFO - DAG(s) 'tutorial_dag' retrieved from /home/airflow/.local/lib/python3.8/site-packages/airflow/example_dags/tutorial_dag.py
[2026-04-15T05:21:02.209+0000] {logging_mixin.py:188} INFO - [2026-04-15T05:21:02.208+0000] {dag.py:3036} INFO - Sync 1 DAGs
[2026-04-15T05:21:02.218+0000] {logging_mixin.py:188} INFO - [2026-04-15T05:21:02.218+0000] {dag.py:3823} INFO - Setting next_dagrun for tutorial_dag to None, run_after=None
[2026-04-15T05:21:02.231+0000] {processor.py:183} INFO - Processing /home/airflow/.local/lib/python3.8/site-packages/airflow/example_dags/tutorial_dag.py took 0.044 seconds
[2026-04-15T05:21:32.349+0000] {processor.py:161} INFO - Started process (PID=3253) to work on /home/airflow/.local/lib/python3.8/site-packages/airflow/example_dags/tutorial_dag.py
[2026-04-15T05:21:32.350+0000] {processor.py:830} INFO - Processing file /home/airflow/.local/lib/python3.8/site-packages/airflow/example_dags/tutorial_dag.py for tasks to queue
[2026-04-15T05:21:32.351+0000] {logging_mixin.py:188} INFO - [2026-04-15T05:21:32.350+0000] {dagbag.py:538} INFO - Filling up the DagBag from /home/airflow/.local/lib/python3.8/site-packages/airflow/example_dags/tutorial_dag.py
[2026-04-15T05:21:32.355+0000] {processor.py:840} INFO - DAG(s) 'tutorial_dag' retrieved from /home/airflow/.local/lib/python3.8/site-packages/airflow/example_dags/tutorial_dag.py
[2026-04-15T05:21:32.373+0000] {logging_mixin.py:188} INFO - [2026-04-15T05:21:32.373+0000] {dag.py:3036} INFO - Sync 1 DAGs
[2026-04-15T05:21:32.384+0000] {logging_mixin.py:188} INFO - [2026-04-15T05:21:32.383+0000] {dag.py:3823} INFO - Setting next_dagrun for tutorial_dag to None, run_after=None
[2026-04-15T05:21:32.400+0000] {processor.py:183} INFO - Processing /home/airflow/.local/lib/python3.8/site-packages/airflow/example_dags/tutorial_dag.py took 0.053 seconds
[2026-04-15T05:22:03.411+0000] {processor.py:161} INFO - Started process (PID=3308) to work on /home/airflow/.local/lib/python3.8/site-packages/airflow/example_dags/tutorial_dag.py
[2026-04-15T05:22:03.412+0000] {processor.py:830} INFO - Processing file /home/airflow/.local/lib/python3.8/site-packages/airflow/example_dags/tutorial_dag.py for tasks to queue
[2026-04-15T05:22:03.413+0000] {logging_mixin.py:188} INFO - [2026-04-15T05:22:03.413+0000] {dagbag.py:538} INFO - Filling up the DagBag from /home/airflow/.local/lib/python3.8/site-packages/airflow/example_dags/tutorial_dag.py
[2026-04-15T05:22:03.417+0000] {processor.py:840} INFO - DAG(s) 'tutorial_dag' retrieved from /home/airflow/.local/lib/python3.8/site-packages/airflow/example_dags/tutorial_dag.py
[2026-04-15T05:22:03.435+0000] {logging_mixin.py:188} INFO - [2026-04-15T05:22:03.435+0000] {dag.py:3036} INFO - Sync 1 DAGs
[2026-04-15T05:22:03.445+0000] {logging_mixin.py:188} INFO - [2026-04-15T05:22:03.445+0000] {dag.py:3823} INFO - Setting next_dagrun for tutorial_dag to None, run_after=None
[2026-04-15T05:22:03.460+0000] {processor.py:183} INFO - Processing /home/airflow/.local/lib/python3.8/site-packages/airflow/example_dags/tutorial_dag.py took 0.052 seconds
[2026-04-15T05:22:34.274+0000] {processor.py:161} INFO - Started process (PID=3363) to work on /home/airflow/.local/lib/python3.8/site-packages/airflow/example_dags/tutorial_dag.py
[2026-04-15T05:22:34.275+0000] {processor.py:830} INFO - Processing file /home/airflow/.local/lib/python3.8/site-packages/airflow/example_dags/tutorial_dag.py for tasks to queue
[2026-04-15T05:22:34.276+0000] {logging_mixin.py:188} INFO - [2026-04-15T05:22:34.275+0000] {dagbag.py:538} INFO - Filling up the DagBag from /home/airflow/.local/lib/python3.8/site-packages/airflow/example_dags/tutorial_dag.py
[2026-04-15T05:22:34.280+0000] {processor.py:840} INFO - DAG(s) 'tutorial_dag' retrieved from /home/airflow/.local/lib/python3.8/site-packages/airflow/example_dags/tutorial_dag.py
[2026-04-15T05:22:34.298+0000] {logging_mixin.py:188} INFO - [2026-04-15T05:22:34.298+0000] {dag.py:3036} INFO - Sync 1 DAGs
[2026-04-15T05:22:34.309+0000] {logging_mixin.py:188} INFO - [2026-04-15T05:22:34.308+0000] {dag.py:3823} INFO - Setting next_dagrun for tutorial_dag to None, run_after=None
[2026-04-15T05:22:34.324+0000] {processor.py:183} INFO - Processing /home/airflow/.local/lib/python3.8/site-packages/airflow/example_dags/tutorial_dag.py took 0.053 seconds
[2026-04-15T05:23:04.603+0000] {processor.py:161} INFO - Started process (PID=3418) to work on /home/airflow/.local/lib/python3.8/site-packages/airflow/example_dags/tutorial_dag.py
[2026-04-15T05:23:04.604+0000] {processor.py:830} INFO - Processing file /home/airflow/.local/lib/python3.8/site-packages/airflow/example_dags/tutorial_dag.py for tasks to queue
[2026-04-15T05:23:04.605+0000] {logging_mixin.py:188} INFO - [2026-04-15T05:23:04.605+0000] {dagbag.py:538} INFO - Filling up the DagBag from /home/airflow/.local/lib/python3.8/site-packages/airflow/example_dags/tutorial_dag.py
[2026-04-15T05:23:04.609+0000] {processor.py:840} INFO - DAG(s) 'tutorial_dag' retrieved from /home/airflow/.local/lib/python3.8/site-packages/airflow/example_dags/tutorial_dag.py
[2026-04-15T05:23:04.624+0000] {logging_mixin.py:188} INFO - [2026-04-15T05:23:04.624+0000] {dag.py:3036} INFO - Sync 1 DAGs
[2026-04-15T05:23:04.633+0000] {logging_mixin.py:188} INFO - [2026-04-15T05:23:04.633+0000] {dag.py:3823} INFO - Setting next_dagrun for tutorial_dag to None, run_after=None
[2026-04-15T05:23:04.644+0000] {processor.py:183} INFO - Processing /home/airflow/.local/lib/python3.8/site-packages/airflow/example_dags/tutorial_dag.py took 0.044 seconds
[2026-04-15T05:23:34.791+0000] {processor.py:161} INFO - Started process (PID=3473) to work on /home/airflow/.local/lib/python3.8/site-packages/airflow/example_dags/tutorial_dag.py
[2026-04-15T05:23:34.792+0000] {processor.py:830} INFO - Processing file /home/airflow/.local/lib/python3.8/site-packages/airflow/example_dags/tutorial_dag.py for tasks to queue
[2026-04-15T05:23:34.792+0000] {logging_mixin.py:188} INFO - [2026-04-15T05:23:34.792+0000] {dagbag.py:538} INFO - Filling up the DagBag from /home/airflow/.local/lib/python3.8/site-packages/airflow/example_dags/tutorial_dag.py
[2026-04-15T05:23:34.797+0000] {processor.py:840} INFO - DAG(s) 'tutorial_dag' retrieved from /home/airflow/.local/lib/python3.8/site-packages/airflow/example_dags/tutorial_dag.py
[2026-04-15T05:23:34.814+0000] {logging_mixin.py:188} INFO - [2026-04-15T05:23:34.814+0000] {dag.py:3036} INFO - Sync 1 DAGs
[2026-04-15T05:23:34.825+0000] {logging_mixin.py:188} INFO - [2026-04-15T05:23:34.825+0000] {dag.py:3823} INFO - Setting next_dagrun for tutorial_dag to None, run_after=None
[2026-04-15T05:23:34.841+0000] {processor.py:183} INFO - Processing /home/airflow/.local/lib/python3.8/site-packages/airflow/example_dags/tutorial_dag.py took 0.053 seconds
[2026-04-15T05:24:04.943+0000] {processor.py:161} INFO - Started process (PID=3528) to work on /home/airflow/.local/lib/python3.8/site-packages/airflow/example_dags/tutorial_dag.py
[2026-04-15T05:24:04.944+0000] {processor.py:830} INFO - Processing file /home/airflow/.local/lib/python3.8/site-packages/airflow/example_dags/tutorial_dag.py for tasks to queue
[2026-04-15T05:24:04.944+0000] {logging_mixin.py:188} INFO - [2026-04-15T05:24:04.944+0000] {dagbag.py:538} INFO - Filling up the DagBag from /home/airflow/.local/lib/python3.8/site-packages/airflow/example_dags/tutorial_dag.py
[2026-04-15T05:24:04.949+0000] {processor.py:840} INFO - DAG(s) 'tutorial_dag' retrieved from /home/airflow/.local/lib/python3.8/site-packages/airflow/example_dags/tutorial_dag.py
[2026-04-15T05:24:04.968+0000] {logging_mixin.py:188} INFO - [2026-04-15T05:24:04.968+0000] {dag.py:3036} INFO - Sync 1 DAGs
[2026-04-15T05:24:04.978+0000] {logging_mixin.py:188} INFO - [2026-04-15T05:24:04.977+0000] {dag.py:3823} INFO - Setting next_dagrun for tutorial_dag to None, run_after=None
[2026-04-15T05:24:04.993+0000] {processor.py:183} INFO - Processing /home/airflow/.local/lib/python3.8/site-packages/airflow/example_dags/tutorial_dag.py took 0.052 seconds
[2026-04-15T05:24:35.063+0000] {processor.py:161} INFO - Started process (PID=3583) to work on /home/airflow/.local/lib/python3.8/site-packages/airflow/example_dags/tutorial_dag.py
[2026-04-15T05:24:35.064+0000] {processor.py:830} INFO - Processing file /home/airflow/.local/lib/python3.8/site-packages/airflow/example_dags/tutorial_dag.py for tasks to queue
[2026-04-15T05:24:35.064+0000] {logging_mixin.py:188} INFO - [2026-04-15T05:24:35.064+0000] {dagbag.py:538} INFO - Filling up the DagBag from /home/airflow/.local/lib/python3.8/site-packages/airflow/example_dags/tutorial_dag.py
[2026-04-15T05:24:35.070+0000] {processor.py:840} INFO - DAG(s) 'tutorial_dag' retrieved from /home/airflow/.local/lib/python3.8/site-packages/airflow/example_dags/tutorial_dag.py
[2026-04-15T05:24:35.089+0000] {logging_mixin.py:188} INFO - [2026-04-15T05:24:35.088+0000] {dag.py:3036} INFO - Sync 1 DAGs
[2026-04-15T05:24:35.099+0000] {logging_mixin.py:188} INFO - [2026-04-15T05:24:35.099+0000] {dag.py:3823} INFO - Setting next_dagrun for tutorial_dag to None, run_after=None
[2026-04-15T05:24:35.113+0000] {processor.py:183} INFO - Processing /home/airflow/.local/lib/python3.8/site-packages/airflow/example_dags/tutorial_dag.py took 0.053 seconds
[2026-04-15T05:25:05.542+0000] {processor.py:161} INFO - Started process (PID=3638) to work on /home/airflow/.local/lib/python3.8/site-packages/airflow/example_dags/tutorial_dag.py
[2026-04-15T05:25:05.544+0000] {processor.py:830} INFO - Processing file /home/airflow/.local/lib/python3.8/site-packages/airflow/example_dags/tutorial_dag.py for tasks to queue
[2026-04-15T05:25:05.545+0000] {logging_mixin.py:188} INFO - [2026-04-15T05:25:05.545+0000] {dagbag.py:538} INFO - Filling up the DagBag from /home/airflow/.local/lib/python3.8/site-packages/airflow/example_dags/tutorial_dag.py
[2026-04-15T05:25:05.554+0000] {processor.py:840} INFO - DAG(s) 'tutorial_dag' retrieved from /home/airflow/.local/lib/python3.8/site-packages/airflow/example_dags/tutorial_dag.py
[2026-04-15T05:25:05.586+0000] {logging_mixin.py:188} INFO - [2026-04-15T05:25:05.585+0000] {dag.py:3036} INFO - Sync 1 DAGs
[2026-04-15T05:25:05.605+0000] {logging_mixin.py:188} INFO - [2026-04-15T05:25:05.605+0000] {dag.py:3823} INFO - Setting next_dagrun for tutorial_dag to None, run_after=None
[2026-04-15T05:25:05.631+0000] {processor.py:183} INFO - Processing /home/airflow/.local/lib/python3.8/site-packages/airflow/example_dags/tutorial_dag.py took 0.094 seconds
[2026-04-15T05:25:35.737+0000] {processor.py:161} INFO - Started process (PID=3693) to work on /home/airflow/.local/lib/python3.8/site-packages/airflow/example_dags/tutorial_dag.py
[2026-04-15T05:25:35.738+0000] {processor.py:830} INFO - Processing file /home/airflow/.local/lib/python3.8/site-packages/airflow/example_dags/tutorial_dag.py for tasks to queue
[2026-04-15T05:25:35.739+0000] {logging_mixin.py:188} INFO - [2026-04-15T05:25:35.739+0000] {dagbag.py:538} INFO - Filling up the DagBag from /home/airflow/.local/lib/python3.8/site-packages/airflow/example_dags/tutorial_dag.py
[2026-04-15T05:25:35.747+0000] {processor.py:840} INFO - DAG(s) 'tutorial_dag' retrieved from /home/airflow/.local/lib/python3.8/site-packages/airflow/example_dags/tutorial_dag.py
[2026-04-15T05:25:35.781+0000] {logging_mixin.py:188} INFO - [2026-04-15T05:25:35.780+0000] {dag.py:3036} INFO - Sync 1 DAGs
[2026-04-15T05:25:35.799+0000] {logging_mixin.py:188} INFO - [2026-04-15T05:25:35.799+0000] {dag.py:3823} INFO - Setting next_dagrun for tutorial_dag to None, run_after=None
[2026-04-15T05:25:35.827+0000] {processor.py:183} INFO - Processing /home/airflow/.local/lib/python3.8/site-packages/airflow/example_dags/tutorial_dag.py took 0.095 seconds
[2026-04-15T05:26:05.947+0000] {processor.py:161} INFO - Started process (PID=3748) to work on /home/airflow/.local/lib/python3.8/site-packages/airflow/example_dags/tutorial_dag.py
[2026-04-15T05:26:05.948+0000] {processor.py:830} INFO - Processing file /home/airflow/.local/lib/python3.8/site-packages/airflow/example_dags/tutorial_dag.py for tasks to queue
[2026-04-15T05:26:05.949+0000] {logging_mixin.py:188} INFO - [2026-04-15T05:26:05.948+0000] {dagbag.py:538} INFO - Filling up the DagBag from /home/airflow/.local/lib/python3.8/site-packages/airflow/example_dags/tutorial_dag.py
[2026-04-15T05:26:05.952+0000] {processor.py:840} INFO - DAG(s) 'tutorial_dag' retrieved from /home/airflow/.local/lib/python3.8/site-packages/airflow/example_dags/tutorial_dag.py
[2026-04-15T05:26:05.968+0000] {logging_mixin.py:188} INFO - [2026-04-15T05:26:05.968+0000] {dag.py:3036} INFO - Sync 1 DAGs
[2026-04-15T05:26:05.976+0000] {logging_mixin.py:188} INFO - [2026-04-15T05:26:05.976+0000] {dag.py:3823} INFO - Setting next_dagrun for tutorial_dag to None, run_after=None
[2026-04-15T05:26:05.988+0000] {processor.py:183} INFO - Processing /home/airflow/.local/lib/python3.8/site-packages/airflow/example_dags/tutorial_dag.py took 0.043 seconds
[2026-04-15T05:26:37.237+0000] {processor.py:161} INFO - Started process (PID=3803) to work on /home/airflow/.local/lib/python3.8/site-packages/airflow/example_dags/tutorial_dag.py
[2026-04-15T05:26:37.238+0000] {processor.py:830} INFO - Processing file /home/airflow/.local/lib/python3.8/site-packages/airflow/example_dags/tutorial_dag.py for tasks to queue
[2026-04-15T05:26:37.239+0000] {logging_mixin.py:188} INFO - [2026-04-15T05:26:37.239+0000] {dagbag.py:538} INFO - Filling up the DagBag from /home/airflow/.local/lib/python3.8/site-packages/airflow/example_dags/tutorial_dag.py
[2026-04-15T05:26:37.246+0000] {processor.py:840} INFO - DAG(s) 'tutorial_dag' retrieved from /home/airflow/.local/lib/python3.8/site-packages/airflow/example_dags/tutorial_dag.py
[2026-04-15T05:26:37.277+0000] {logging_mixin.py:188} INFO - [2026-04-15T05:26:37.277+0000] {dag.py:3036} INFO - Sync 1 DAGs
[2026-04-15T05:26:37.297+0000] {logging_mixin.py:188} INFO - [2026-04-15T05:26:37.297+0000] {dag.py:3823} INFO - Setting next_dagrun for tutorial_dag to None, run_after=None
[2026-04-15T05:26:37.323+0000] {processor.py:183} INFO - Processing /home/airflow/.local/lib/python3.8/site-packages/airflow/example_dags/tutorial_dag.py took 0.091 seconds
[2026-04-15T05:27:08.118+0000] {processor.py:161} INFO - Started process (PID=3858) to work on /home/airflow/.local/lib/python3.8/site-packages/airflow/example_dags/tutorial_dag.py
[2026-04-15T05:27:08.119+0000] {processor.py:830} INFO - Processing file /home/airflow/.local/lib/python3.8/site-packages/airflow/example_dags/tutorial_dag.py for tasks to queue
[2026-04-15T05:27:08.120+0000] {logging_mixin.py:188} INFO - [2026-04-15T05:27:08.120+0000] {dagbag.py:538} INFO - Filling up the DagBag from /home/airflow/.local/lib/python3.8/site-packages/airflow/example_dags/tutorial_dag.py
[2026-04-15T05:27:08.125+0000] {processor.py:840} INFO - DAG(s) 'tutorial_dag' retrieved from /home/airflow/.local/lib/python3.8/site-packages/airflow/example_dags/tutorial_dag.py
[2026-04-15T05:27:08.142+0000] {logging_mixin.py:188} INFO - [2026-04-15T05:27:08.142+0000] {dag.py:3036} INFO - Sync 1 DAGs
[2026-04-15T05:27:08.152+0000] {logging_mixin.py:188} INFO - [2026-04-15T05:27:08.152+0000] {dag.py:3823} INFO - Setting next_dagrun for tutorial_dag to None, run_after=None
[2026-04-15T05:27:08.166+0000] {processor.py:183} INFO - Processing /home/airflow/.local/lib/python3.8/site-packages/airflow/example_dags/tutorial_dag.py took 0.051 seconds
[2026-04-15T05:27:38.538+0000] {processor.py:161} INFO - Started process (PID=3913) to work on /home/airflow/.local/lib/python3.8/site-packages/airflow/example_dags/tutorial_dag.py
[2026-04-15T05:27:38.539+0000] {processor.py:830} INFO - Processing file /home/airflow/.local/lib/python3.8/site-packages/airflow/example_dags/tutorial_dag.py for tasks to queue
[2026-04-15T05:27:38.539+0000] {logging_mixin.py:188} INFO - [2026-04-15T05:27:38.539+0000] {dagbag.py:538} INFO - Filling up the DagBag from /home/airflow/.local/lib/python3.8/site-packages/airflow/example_dags/tutorial_dag.py
[2026-04-15T05:27:38.543+0000] {processor.py:840} INFO - DAG(s) 'tutorial_dag' retrieved from /home/airflow/.local/lib/python3.8/site-packages/airflow/example_dags/tutorial_dag.py
[2026-04-15T05:27:38.560+0000] {logging_mixin.py:188} INFO - [2026-04-15T05:27:38.560+0000] {dag.py:3036} INFO - Sync 1 DAGs
[2026-04-15T05:27:38.568+0000] {logging_mixin.py:188} INFO - [2026-04-15T05:27:38.568+0000] {dag.py:3823} INFO - Setting next_dagrun for tutorial_dag to None, run_after=None
[2026-04-15T05:27:38.581+0000] {processor.py:183} INFO - Processing /home/airflow/.local/lib/python3.8/site-packages/airflow/example_dags/tutorial_dag.py took 0.046 seconds
[2026-04-15T05:28:08.866+0000] {processor.py:161} INFO - Started process (PID=3969) to work on /home/airflow/.local/lib/python3.8/site-packages/airflow/example_dags/tutorial_dag.py
[2026-04-15T05:28:08.867+0000] {processor.py:830} INFO - Processing file /home/airflow/.local/lib/python3.8/site-packages/airflow/example_dags/tutorial_dag.py for tasks to queue
[2026-04-15T05:28:08.867+0000] {logging_mixin.py:188} INFO - [2026-04-15T05:28:08.867+0000] {dagbag.py:538} INFO - Filling up the DagBag from /home/airflow/.local/lib/python3.8/site-packages/airflow/example_dags/tutorial_dag.py
[2026-04-15T05:28:08.871+0000] {processor.py:840} INFO - DAG(s) 'tutorial_dag' retrieved from /home/airflow/.local/lib/python3.8/site-packages/airflow/example_dags/tutorial_dag.py
[2026-04-15T05:28:08.887+0000] {logging_mixin.py:188} INFO - [2026-04-15T05:28:08.886+0000] {dag.py:3036} INFO - Sync 1 DAGs
[2026-04-15T05:28:08.895+0000] {logging_mixin.py:188} INFO - [2026-04-15T05:28:08.895+0000] {dag.py:3823} INFO - Setting next_dagrun for tutorial_dag to None, run_after=None
[2026-04-15T05:28:08.906+0000] {processor.py:183} INFO - Processing /home/airflow/.local/lib/python3.8/site-packages/airflow/example_dags/tutorial_dag.py took 0.043 seconds
[2026-04-15T05:28:39.178+0000] {processor.py:161} INFO - Started process (PID=4025) to work on /home/airflow/.local/lib/python3.8/site-packages/airflow/example_dags/tutorial_dag.py
[2026-04-15T05:28:39.179+0000] {processor.py:830} INFO - Processing file /home/airflow/.local/lib/python3.8/site-packages/airflow/example_dags/tutorial_dag.py for tasks to queue
[2026-04-15T05:28:39.179+0000] {logging_mixin.py:188} INFO - [2026-04-15T05:28:39.179+0000] {dagbag.py:538} INFO - Filling up the DagBag from /home/airflow/.local/lib/python3.8/site-packages/airflow/example_dags/tutorial_dag.py
[2026-04-15T05:28:39.184+0000] {processor.py:840} INFO - DAG(s) 'tutorial_dag' retrieved from /home/airflow/.local/lib/python3.8/site-packages/airflow/example_dags/tutorial_dag.py
[2026-04-15T05:28:39.204+0000] {logging_mixin.py:188} INFO - [2026-04-15T05:28:39.204+0000] {dag.py:3036} INFO - Sync 1 DAGs
[2026-04-15T05:28:39.214+0000] {logging_mixin.py:188} INFO - [2026-04-15T05:28:39.214+0000] {dag.py:3823} INFO - Setting next_dagrun for tutorial_dag to None, run_after=None
[2026-04-15T05:28:39.230+0000] {processor.py:183} INFO - Processing /home/airflow/.local/lib/python3.8/site-packages/airflow/example_dags/tutorial_dag.py took 0.055 seconds
[2026-04-15T05:29:09.317+0000] {processor.py:161} INFO - Started process (PID=4081) to work on /home/airflow/.local/lib/python3.8/site-packages/airflow/example_dags/tutorial_dag.py
[2026-04-15T05:29:09.317+0000] {processor.py:830} INFO - Processing file /home/airflow/.local/lib/python3.8/site-packages/airflow/example_dags/tutorial_dag.py for tasks to queue
[2026-04-15T05:29:09.318+0000] {logging_mixin.py:188} INFO - [2026-04-15T05:29:09.318+0000] {dagbag.py:538} INFO - Filling up the DagBag from /home/airflow/.local/lib/python3.8/site-packages/airflow/example_dags/tutorial_dag.py
[2026-04-15T05:29:09.322+0000] {processor.py:840} INFO - DAG(s) 'tutorial_dag' retrieved from /home/airflow/.local/lib/python3.8/site-packages/airflow/example_dags/tutorial_dag.py
[2026-04-15T05:29:09.338+0000] {logging_mixin.py:188} INFO - [2026-04-15T05:29:09.338+0000] {dag.py:3036} INFO - Sync 1 DAGs
[2026-04-15T05:29:09.347+0000] {logging_mixin.py:188} INFO - [2026-04-15T05:29:09.347+0000] {dag.py:3823} INFO - Setting next_dagrun for tutorial_dag to None, run_after=None
[2026-04-15T05:29:09.360+0000] {processor.py:183} INFO - Processing /home/airflow/.local/lib/python3.8/site-packages/airflow/example_dags/tutorial_dag.py took 0.046 seconds
[2026-04-15T05:29:40.034+0000] {processor.py:161} INFO - Started process (PID=4136) to work on /home/airflow/.local/lib/python3.8/site-packages/airflow/example_dags/tutorial_dag.py
[2026-04-15T05:29:40.035+0000] {processor.py:830} INFO - Processing file /home/airflow/.local/lib/python3.8/site-packages/airflow/example_dags/tutorial_dag.py for tasks to queue
[2026-04-15T05:29:40.035+0000] {logging_mixin.py:188} INFO - [2026-04-15T05:29:40.035+0000] {dagbag.py:538} INFO - Filling up the DagBag from /home/airflow/.local/lib/python3.8/site-packages/airflow/example_dags/tutorial_dag.py
[2026-04-15T05:29:40.039+0000] {processor.py:840} INFO - DAG(s) 'tutorial_dag' retrieved from /home/airflow/.local/lib/python3.8/site-packages/airflow/example_dags/tutorial_dag.py
[2026-04-15T05:29:40.055+0000] {logging_mixin.py:188} INFO - [2026-04-15T05:29:40.054+0000] {dag.py:3036} INFO - Sync 1 DAGs
[2026-04-15T05:29:40.063+0000] {logging_mixin.py:188} INFO - [2026-04-15T05:29:40.063+0000] {dag.py:3823} INFO - Setting next_dagrun for tutorial_dag to None, run_after=None
[2026-04-15T05:29:40.075+0000] {processor.py:183} INFO - Processing /home/airflow/.local/lib/python3.8/site-packages/airflow/example_dags/tutorial_dag.py took 0.044 seconds
[2026-04-15T05:30:10.380+0000] {processor.py:161} INFO - Started process (PID=4191) to work on /home/airflow/.local/lib/python3.8/site-packages/airflow/example_dags/tutorial_dag.py
[2026-04-15T05:30:10.381+0000] {processor.py:830} INFO - Processing file /home/airflow/.local/lib/python3.8/site-packages/airflow/example_dags/tutorial_dag.py for tasks to queue
[2026-04-15T05:30:10.382+0000] {logging_mixin.py:188} INFO - [2026-04-15T05:30:10.381+0000] {dagbag.py:538} INFO - Filling up the DagBag from /home/airflow/.local/lib/python3.8/site-packages/airflow/example_dags/tutorial_dag.py
[2026-04-15T05:30:10.389+0000] {processor.py:840} INFO - DAG(s) 'tutorial_dag' retrieved from /home/airflow/.local/lib/python3.8/site-packages/airflow/example_dags/tutorial_dag.py
[2026-04-15T05:30:10.419+0000] {logging_mixin.py:188} INFO - [2026-04-15T05:30:10.419+0000] {dag.py:3036} INFO - Sync 1 DAGs
[2026-04-15T05:30:10.436+0000] {logging_mixin.py:188} INFO - [2026-04-15T05:30:10.436+0000] {dag.py:3823} INFO - Setting next_dagrun for tutorial_dag to None, run_after=None
[2026-04-15T05:30:10.460+0000] {processor.py:183} INFO - Processing /home/airflow/.local/lib/python3.8/site-packages/airflow/example_dags/tutorial_dag.py took 0.085 seconds
[2026-04-15T05:30:40.504+0000] {processor.py:161} INFO - Started process (PID=4246) to work on /home/airflow/.local/lib/python3.8/site-packages/airflow/example_dags/tutorial_dag.py
[2026-04-15T05:30:40.504+0000] {processor.py:830} INFO - Processing file /home/airflow/.local/lib/python3.8/site-packages/airflow/example_dags/tutorial_dag.py for tasks to queue
[2026-04-15T05:30:40.505+0000] {logging_mixin.py:188} INFO - [2026-04-15T05:30:40.505+0000] {dagbag.py:538} INFO - Filling up the DagBag from /home/airflow/.local/lib/python3.8/site-packages/airflow/example_dags/tutorial_dag.py
[2026-04-15T05:30:40.509+0000] {processor.py:840} INFO - DAG(s) 'tutorial_dag' retrieved from /home/airflow/.local/lib/python3.8/site-packages/airflow/example_dags/tutorial_dag.py
[2026-04-15T05:30:40.524+0000] {logging_mixin.py:188} INFO - [2026-04-15T05:30:40.524+0000] {dag.py:3036} INFO - Sync 1 DAGs
[2026-04-15T05:30:40.533+0000] {logging_mixin.py:188} INFO - [2026-04-15T05:30:40.533+0000] {dag.py:3823} INFO - Setting next_dagrun for tutorial_dag to None, run_after=None
[2026-04-15T05:30:40.544+0000] {processor.py:183} INFO - Processing /home/airflow/.local/lib/python3.8/site-packages/airflow/example_dags/tutorial_dag.py took 0.043 seconds
