[2026-04-11T05:25:16.857+0000] {processor.py:161} INFO - Started process (PID=54) to work on /opt/airflow/dags/sales_pipeline.py
[2026-04-11T05:25:16.857+0000] {processor.py:830} INFO - Processing file /opt/airflow/dags/sales_pipeline.py for tasks to queue
[2026-04-11T05:25:16.859+0000] {logging_mixin.py:188} INFO - [2026-04-11T05:25:16.858+0000] {dagbag.py:538} INFO - Filling up the DagBag from /opt/airflow/dags/sales_pipeline.py
[2026-04-11T05:25:16.867+0000] {processor.py:840} INFO - DAG(s) 'sales_pipeline_demo' retrieved from /opt/airflow/dags/sales_pipeline.py
[2026-04-11T05:25:16.900+0000] {logging_mixin.py:188} INFO - [2026-04-11T05:25:16.900+0000] {dag.py:3036} INFO - Sync 1 DAGs
[2026-04-11T05:25:16.918+0000] {logging_mixin.py:188} INFO - [2026-04-11T05:25:16.918+0000] {dag.py:3823} INFO - Setting next_dagrun for sales_pipeline_demo to 2026-04-11 00:00:00+00:00, run_after=2026-04-12 00:00:00+00:00
[2026-04-11T05:25:16.930+0000] {processor.py:183} INFO - Processing /opt/airflow/dags/sales_pipeline.py took 0.076 seconds
[2026-04-11T05:25:47.711+0000] {processor.py:161} INFO - Started process (PID=110) to work on /opt/airflow/dags/sales_pipeline.py
[2026-04-11T05:25:47.712+0000] {processor.py:830} INFO - Processing file /opt/airflow/dags/sales_pipeline.py for tasks to queue
[2026-04-11T05:25:47.714+0000] {logging_mixin.py:188} INFO - [2026-04-11T05:25:47.714+0000] {dagbag.py:538} INFO - Filling up the DagBag from /opt/airflow/dags/sales_pipeline.py
[2026-04-11T05:25:47.725+0000] {processor.py:840} INFO - DAG(s) 'sales_pipeline_demo' retrieved from /opt/airflow/dags/sales_pipeline.py
[2026-04-11T05:25:47.754+0000] {logging_mixin.py:188} INFO - [2026-04-11T05:25:47.753+0000] {dag.py:3036} INFO - Sync 1 DAGs
[2026-04-11T05:25:47.789+0000] {logging_mixin.py:188} INFO - [2026-04-11T05:25:47.788+0000] {dag.py:3823} INFO - Setting next_dagrun for sales_pipeline_demo to 2026-04-11 00:00:00+00:00, run_after=2026-04-12 00:00:00+00:00
[2026-04-11T05:25:47.814+0000] {processor.py:183} INFO - Processing /opt/airflow/dags/sales_pipeline.py took 0.108 seconds
[2026-04-11T05:26:18.243+0000] {processor.py:161} INFO - Started process (PID=172) to work on /opt/airflow/dags/sales_pipeline.py
[2026-04-11T05:26:18.253+0000] {processor.py:830} INFO - Processing file /opt/airflow/dags/sales_pipeline.py for tasks to queue
[2026-04-11T05:26:18.255+0000] {logging_mixin.py:188} INFO - [2026-04-11T05:26:18.255+0000] {dagbag.py:538} INFO - Filling up the DagBag from /opt/airflow/dags/sales_pipeline.py
[2026-04-11T05:26:18.268+0000] {processor.py:840} INFO - DAG(s) 'sales_pipeline_demo' retrieved from /opt/airflow/dags/sales_pipeline.py
[2026-04-11T05:26:18.301+0000] {logging_mixin.py:188} INFO - [2026-04-11T05:26:18.301+0000] {dag.py:3036} INFO - Sync 1 DAGs
[2026-04-11T05:26:18.343+0000] {logging_mixin.py:188} INFO - [2026-04-11T05:26:18.343+0000] {dag.py:3823} INFO - Setting next_dagrun for sales_pipeline_demo to 2026-04-11 00:00:00+00:00, run_after=2026-04-12 00:00:00+00:00
[2026-04-11T05:26:18.374+0000] {processor.py:183} INFO - Processing /opt/airflow/dags/sales_pipeline.py took 0.135 seconds
[2026-04-11T05:26:48.753+0000] {processor.py:161} INFO - Started process (PID=228) to work on /opt/airflow/dags/sales_pipeline.py
[2026-04-11T05:26:48.755+0000] {processor.py:830} INFO - Processing file /opt/airflow/dags/sales_pipeline.py for tasks to queue
[2026-04-11T05:26:48.757+0000] {logging_mixin.py:188} INFO - [2026-04-11T05:26:48.757+0000] {dagbag.py:538} INFO - Filling up the DagBag from /opt/airflow/dags/sales_pipeline.py
[2026-04-11T05:26:48.769+0000] {processor.py:840} INFO - DAG(s) 'sales_pipeline_demo' retrieved from /opt/airflow/dags/sales_pipeline.py
[2026-04-11T05:26:48.799+0000] {logging_mixin.py:188} INFO - [2026-04-11T05:26:48.798+0000] {dag.py:3036} INFO - Sync 1 DAGs
[2026-04-11T05:26:48.832+0000] {logging_mixin.py:188} INFO - [2026-04-11T05:26:48.831+0000] {dag.py:3823} INFO - Setting next_dagrun for sales_pipeline_demo to 2026-04-11 00:00:00+00:00, run_after=2026-04-12 00:00:00+00:00
[2026-04-11T05:26:48.857+0000] {processor.py:183} INFO - Processing /opt/airflow/dags/sales_pipeline.py took 0.108 seconds
[2026-04-11T05:27:19.125+0000] {processor.py:161} INFO - Started process (PID=284) to work on /opt/airflow/dags/sales_pipeline.py
[2026-04-11T05:27:19.126+0000] {processor.py:830} INFO - Processing file /opt/airflow/dags/sales_pipeline.py for tasks to queue
[2026-04-11T05:27:19.129+0000] {logging_mixin.py:188} INFO - [2026-04-11T05:27:19.129+0000] {dagbag.py:538} INFO - Filling up the DagBag from /opt/airflow/dags/sales_pipeline.py
[2026-04-11T05:27:19.142+0000] {processor.py:840} INFO - DAG(s) 'sales_pipeline_demo' retrieved from /opt/airflow/dags/sales_pipeline.py
[2026-04-11T05:27:19.175+0000] {logging_mixin.py:188} INFO - [2026-04-11T05:27:19.174+0000] {dag.py:3036} INFO - Sync 1 DAGs
[2026-04-11T05:27:19.210+0000] {logging_mixin.py:188} INFO - [2026-04-11T05:27:19.209+0000] {dag.py:3823} INFO - Setting next_dagrun for sales_pipeline_demo to 2026-04-11 00:00:00+00:00, run_after=2026-04-12 00:00:00+00:00
[2026-04-11T05:27:19.237+0000] {processor.py:183} INFO - Processing /opt/airflow/dags/sales_pipeline.py took 0.118 seconds
[2026-04-11T05:27:49.424+0000] {processor.py:161} INFO - Started process (PID=340) to work on /opt/airflow/dags/sales_pipeline.py
[2026-04-11T05:27:49.426+0000] {processor.py:830} INFO - Processing file /opt/airflow/dags/sales_pipeline.py for tasks to queue
[2026-04-11T05:27:49.428+0000] {logging_mixin.py:188} INFO - [2026-04-11T05:27:49.428+0000] {dagbag.py:538} INFO - Filling up the DagBag from /opt/airflow/dags/sales_pipeline.py
[2026-04-11T05:27:49.439+0000] {processor.py:840} INFO - DAG(s) 'sales_pipeline_demo' retrieved from /opt/airflow/dags/sales_pipeline.py
[2026-04-11T05:27:49.469+0000] {logging_mixin.py:188} INFO - [2026-04-11T05:27:49.468+0000] {dag.py:3036} INFO - Sync 1 DAGs
[2026-04-11T05:27:49.505+0000] {logging_mixin.py:188} INFO - [2026-04-11T05:27:49.504+0000] {dag.py:3823} INFO - Setting next_dagrun for sales_pipeline_demo to 2026-04-11 00:00:00+00:00, run_after=2026-04-12 00:00:00+00:00
[2026-04-11T05:27:49.532+0000] {processor.py:183} INFO - Processing /opt/airflow/dags/sales_pipeline.py took 0.112 seconds
[2026-04-11T05:28:19.927+0000] {processor.py:161} INFO - Started process (PID=396) to work on /opt/airflow/dags/sales_pipeline.py
[2026-04-11T05:28:19.936+0000] {processor.py:830} INFO - Processing file /opt/airflow/dags/sales_pipeline.py for tasks to queue
[2026-04-11T05:28:19.938+0000] {logging_mixin.py:188} INFO - [2026-04-11T05:28:19.938+0000] {dagbag.py:538} INFO - Filling up the DagBag from /opt/airflow/dags/sales_pipeline.py
[2026-04-11T05:28:19.948+0000] {processor.py:840} INFO - DAG(s) 'sales_pipeline_demo' retrieved from /opt/airflow/dags/sales_pipeline.py
[2026-04-11T05:28:19.977+0000] {logging_mixin.py:188} INFO - [2026-04-11T05:28:19.977+0000] {dag.py:3036} INFO - Sync 1 DAGs
[2026-04-11T05:28:20.009+0000] {logging_mixin.py:188} INFO - [2026-04-11T05:28:20.009+0000] {dag.py:3823} INFO - Setting next_dagrun for sales_pipeline_demo to 2026-04-11 00:00:00+00:00, run_after=2026-04-12 00:00:00+00:00
[2026-04-11T05:28:20.033+0000] {processor.py:183} INFO - Processing /opt/airflow/dags/sales_pipeline.py took 0.111 seconds
[2026-04-11T05:28:50.207+0000] {processor.py:161} INFO - Started process (PID=452) to work on /opt/airflow/dags/sales_pipeline.py
[2026-04-11T05:28:50.216+0000] {processor.py:830} INFO - Processing file /opt/airflow/dags/sales_pipeline.py for tasks to queue
[2026-04-11T05:28:50.219+0000] {logging_mixin.py:188} INFO - [2026-04-11T05:28:50.218+0000] {dagbag.py:538} INFO - Filling up the DagBag from /opt/airflow/dags/sales_pipeline.py
[2026-04-11T05:28:50.229+0000] {processor.py:840} INFO - DAG(s) 'sales_pipeline_demo' retrieved from /opt/airflow/dags/sales_pipeline.py
[2026-04-11T05:28:50.258+0000] {logging_mixin.py:188} INFO - [2026-04-11T05:28:50.258+0000] {dag.py:3036} INFO - Sync 1 DAGs
[2026-04-11T05:28:50.290+0000] {logging_mixin.py:188} INFO - [2026-04-11T05:28:50.290+0000] {dag.py:3823} INFO - Setting next_dagrun for sales_pipeline_demo to 2026-04-11 00:00:00+00:00, run_after=2026-04-12 00:00:00+00:00
[2026-04-11T05:28:50.314+0000] {processor.py:183} INFO - Processing /opt/airflow/dags/sales_pipeline.py took 0.111 seconds
[2026-04-11T05:29:20.910+0000] {processor.py:161} INFO - Started process (PID=508) to work on /opt/airflow/dags/sales_pipeline.py
[2026-04-11T05:29:20.919+0000] {processor.py:830} INFO - Processing file /opt/airflow/dags/sales_pipeline.py for tasks to queue
[2026-04-11T05:29:20.922+0000] {logging_mixin.py:188} INFO - [2026-04-11T05:29:20.921+0000] {dagbag.py:538} INFO - Filling up the DagBag from /opt/airflow/dags/sales_pipeline.py
[2026-04-11T05:29:20.933+0000] {processor.py:840} INFO - DAG(s) 'sales_pipeline_demo' retrieved from /opt/airflow/dags/sales_pipeline.py
[2026-04-11T05:29:20.962+0000] {logging_mixin.py:188} INFO - [2026-04-11T05:29:20.961+0000] {dag.py:3036} INFO - Sync 1 DAGs
[2026-04-11T05:29:20.995+0000] {logging_mixin.py:188} INFO - [2026-04-11T05:29:20.995+0000] {dag.py:3823} INFO - Setting next_dagrun for sales_pipeline_demo to 2026-04-11 00:00:00+00:00, run_after=2026-04-12 00:00:00+00:00
[2026-04-11T05:29:21.017+0000] {processor.py:183} INFO - Processing /opt/airflow/dags/sales_pipeline.py took 0.113 seconds
[2026-04-11T05:29:51.155+0000] {processor.py:161} INFO - Started process (PID=564) to work on /opt/airflow/dags/sales_pipeline.py
[2026-04-11T05:29:51.157+0000] {processor.py:830} INFO - Processing file /opt/airflow/dags/sales_pipeline.py for tasks to queue
[2026-04-11T05:29:51.161+0000] {logging_mixin.py:188} INFO - [2026-04-11T05:29:51.160+0000] {dagbag.py:538} INFO - Filling up the DagBag from /opt/airflow/dags/sales_pipeline.py
[2026-04-11T05:29:51.176+0000] {processor.py:840} INFO - DAG(s) 'sales_pipeline_demo' retrieved from /opt/airflow/dags/sales_pipeline.py
[2026-04-11T05:29:51.213+0000] {logging_mixin.py:188} INFO - [2026-04-11T05:29:51.213+0000] {dag.py:3036} INFO - Sync 1 DAGs
[2026-04-11T05:29:51.253+0000] {logging_mixin.py:188} INFO - [2026-04-11T05:29:51.252+0000] {dag.py:3823} INFO - Setting next_dagrun for sales_pipeline_demo to 2026-04-11 00:00:00+00:00, run_after=2026-04-12 00:00:00+00:00
[2026-04-11T05:29:51.281+0000] {processor.py:183} INFO - Processing /opt/airflow/dags/sales_pipeline.py took 0.132 seconds
[2026-04-11T05:30:21.416+0000] {processor.py:161} INFO - Started process (PID=620) to work on /opt/airflow/dags/sales_pipeline.py
[2026-04-11T05:30:21.417+0000] {processor.py:830} INFO - Processing file /opt/airflow/dags/sales_pipeline.py for tasks to queue
[2026-04-11T05:30:21.420+0000] {logging_mixin.py:188} INFO - [2026-04-11T05:30:21.419+0000] {dagbag.py:538} INFO - Filling up the DagBag from /opt/airflow/dags/sales_pipeline.py
[2026-04-11T05:30:21.432+0000] {processor.py:840} INFO - DAG(s) 'sales_pipeline_demo' retrieved from /opt/airflow/dags/sales_pipeline.py
[2026-04-11T05:30:21.464+0000] {logging_mixin.py:188} INFO - [2026-04-11T05:30:21.464+0000] {dag.py:3036} INFO - Sync 1 DAGs
[2026-04-11T05:30:21.503+0000] {logging_mixin.py:188} INFO - [2026-04-11T05:30:21.503+0000] {dag.py:3823} INFO - Setting next_dagrun for sales_pipeline_demo to 2026-04-11 00:00:00+00:00, run_after=2026-04-12 00:00:00+00:00
[2026-04-11T05:30:21.533+0000] {processor.py:183} INFO - Processing /opt/airflow/dags/sales_pipeline.py took 0.122 seconds
[2026-04-11T05:30:52.000+0000] {processor.py:161} INFO - Started process (PID=676) to work on /opt/airflow/dags/sales_pipeline.py
[2026-04-11T05:30:52.009+0000] {processor.py:830} INFO - Processing file /opt/airflow/dags/sales_pipeline.py for tasks to queue
[2026-04-11T05:30:52.012+0000] {logging_mixin.py:188} INFO - [2026-04-11T05:30:52.012+0000] {dagbag.py:538} INFO - Filling up the DagBag from /opt/airflow/dags/sales_pipeline.py
[2026-04-11T05:30:52.023+0000] {processor.py:840} INFO - DAG(s) 'sales_pipeline_demo' retrieved from /opt/airflow/dags/sales_pipeline.py
[2026-04-11T05:30:52.054+0000] {logging_mixin.py:188} INFO - [2026-04-11T05:30:52.054+0000] {dag.py:3036} INFO - Sync 1 DAGs
[2026-04-11T05:30:52.088+0000] {logging_mixin.py:188} INFO - [2026-04-11T05:30:52.088+0000] {dag.py:3823} INFO - Setting next_dagrun for sales_pipeline_demo to 2026-04-11 00:00:00+00:00, run_after=2026-04-12 00:00:00+00:00
[2026-04-11T05:30:52.112+0000] {processor.py:183} INFO - Processing /opt/airflow/dags/sales_pipeline.py took 0.117 seconds
[2026-04-11T05:31:22.468+0000] {processor.py:161} INFO - Started process (PID=732) to work on /opt/airflow/dags/sales_pipeline.py
[2026-04-11T05:31:22.477+0000] {processor.py:830} INFO - Processing file /opt/airflow/dags/sales_pipeline.py for tasks to queue
[2026-04-11T05:31:22.480+0000] {logging_mixin.py:188} INFO - [2026-04-11T05:31:22.479+0000] {dagbag.py:538} INFO - Filling up the DagBag from /opt/airflow/dags/sales_pipeline.py
[2026-04-11T05:31:22.491+0000] {processor.py:840} INFO - DAG(s) 'sales_pipeline_demo' retrieved from /opt/airflow/dags/sales_pipeline.py
[2026-04-11T05:31:22.523+0000] {logging_mixin.py:188} INFO - [2026-04-11T05:31:22.522+0000] {dag.py:3036} INFO - Sync 1 DAGs
[2026-04-11T05:31:22.554+0000] {logging_mixin.py:188} INFO - [2026-04-11T05:31:22.553+0000] {dag.py:3823} INFO - Setting next_dagrun for sales_pipeline_demo to 2026-04-11 00:00:00+00:00, run_after=2026-04-12 00:00:00+00:00
[2026-04-11T05:31:22.575+0000] {processor.py:183} INFO - Processing /opt/airflow/dags/sales_pipeline.py took 0.112 seconds
[2026-04-11T05:31:52.747+0000] {processor.py:161} INFO - Started process (PID=788) to work on /opt/airflow/dags/sales_pipeline.py
[2026-04-11T05:31:52.757+0000] {processor.py:830} INFO - Processing file /opt/airflow/dags/sales_pipeline.py for tasks to queue
[2026-04-11T05:31:52.759+0000] {logging_mixin.py:188} INFO - [2026-04-11T05:31:52.759+0000] {dagbag.py:538} INFO - Filling up the DagBag from /opt/airflow/dags/sales_pipeline.py
[2026-04-11T05:31:52.772+0000] {processor.py:840} INFO - DAG(s) 'sales_pipeline_demo' retrieved from /opt/airflow/dags/sales_pipeline.py
[2026-04-11T05:31:52.802+0000] {logging_mixin.py:188} INFO - [2026-04-11T05:31:52.801+0000] {dag.py:3036} INFO - Sync 1 DAGs
[2026-04-11T05:31:52.835+0000] {logging_mixin.py:188} INFO - [2026-04-11T05:31:52.834+0000] {dag.py:3823} INFO - Setting next_dagrun for sales_pipeline_demo to 2026-04-11 00:00:00+00:00, run_after=2026-04-12 00:00:00+00:00
[2026-04-11T05:31:52.858+0000] {processor.py:183} INFO - Processing /opt/airflow/dags/sales_pipeline.py took 0.115 seconds
[2026-04-11T05:32:23.065+0000] {processor.py:161} INFO - Started process (PID=844) to work on /opt/airflow/dags/sales_pipeline.py
[2026-04-11T05:32:23.074+0000] {processor.py:830} INFO - Processing file /opt/airflow/dags/sales_pipeline.py for tasks to queue
[2026-04-11T05:32:23.077+0000] {logging_mixin.py:188} INFO - [2026-04-11T05:32:23.077+0000] {dagbag.py:538} INFO - Filling up the DagBag from /opt/airflow/dags/sales_pipeline.py
[2026-04-11T05:32:23.089+0000] {processor.py:840} INFO - DAG(s) 'sales_pipeline_demo' retrieved from /opt/airflow/dags/sales_pipeline.py
[2026-04-11T05:32:23.121+0000] {logging_mixin.py:188} INFO - [2026-04-11T05:32:23.120+0000] {dag.py:3036} INFO - Sync 1 DAGs
[2026-04-11T05:32:23.153+0000] {logging_mixin.py:188} INFO - [2026-04-11T05:32:23.153+0000] {dag.py:3823} INFO - Setting next_dagrun for sales_pipeline_demo to 2026-04-11 00:00:00+00:00, run_after=2026-04-12 00:00:00+00:00
[2026-04-11T05:32:23.175+0000] {processor.py:183} INFO - Processing /opt/airflow/dags/sales_pipeline.py took 0.115 seconds
[2026-04-11T05:32:53.241+0000] {processor.py:161} INFO - Started process (PID=900) to work on /opt/airflow/dags/sales_pipeline.py
[2026-04-11T05:32:53.251+0000] {processor.py:830} INFO - Processing file /opt/airflow/dags/sales_pipeline.py for tasks to queue
[2026-04-11T05:32:53.254+0000] {logging_mixin.py:188} INFO - [2026-04-11T05:32:53.253+0000] {dagbag.py:538} INFO - Filling up the DagBag from /opt/airflow/dags/sales_pipeline.py
[2026-04-11T05:32:53.265+0000] {processor.py:840} INFO - DAG(s) 'sales_pipeline_demo' retrieved from /opt/airflow/dags/sales_pipeline.py
[2026-04-11T05:32:53.295+0000] {logging_mixin.py:188} INFO - [2026-04-11T05:32:53.294+0000] {dag.py:3036} INFO - Sync 1 DAGs
[2026-04-11T05:32:53.326+0000] {logging_mixin.py:188} INFO - [2026-04-11T05:32:53.325+0000] {dag.py:3823} INFO - Setting next_dagrun for sales_pipeline_demo to 2026-04-11 00:00:00+00:00, run_after=2026-04-12 00:00:00+00:00
[2026-04-11T05:32:53.347+0000] {processor.py:183} INFO - Processing /opt/airflow/dags/sales_pipeline.py took 0.110 seconds
[2026-04-11T05:33:23.698+0000] {processor.py:161} INFO - Started process (PID=956) to work on /opt/airflow/dags/sales_pipeline.py
[2026-04-11T05:33:23.707+0000] {processor.py:830} INFO - Processing file /opt/airflow/dags/sales_pipeline.py for tasks to queue
[2026-04-11T05:33:23.711+0000] {logging_mixin.py:188} INFO - [2026-04-11T05:33:23.710+0000] {dagbag.py:538} INFO - Filling up the DagBag from /opt/airflow/dags/sales_pipeline.py
[2026-04-11T05:33:23.724+0000] {processor.py:840} INFO - DAG(s) 'sales_pipeline_demo' retrieved from /opt/airflow/dags/sales_pipeline.py
[2026-04-11T05:33:23.755+0000] {logging_mixin.py:188} INFO - [2026-04-11T05:33:23.755+0000] {dag.py:3036} INFO - Sync 1 DAGs
[2026-04-11T05:33:23.789+0000] {logging_mixin.py:188} INFO - [2026-04-11T05:33:23.789+0000] {dag.py:3823} INFO - Setting next_dagrun for sales_pipeline_demo to 2026-04-11 00:00:00+00:00, run_after=2026-04-12 00:00:00+00:00
[2026-04-11T05:33:23.812+0000] {processor.py:183} INFO - Processing /opt/airflow/dags/sales_pipeline.py took 0.119 seconds
[2026-04-11T05:33:54.195+0000] {processor.py:161} INFO - Started process (PID=1012) to work on /opt/airflow/dags/sales_pipeline.py
[2026-04-11T05:33:54.204+0000] {processor.py:830} INFO - Processing file /opt/airflow/dags/sales_pipeline.py for tasks to queue
[2026-04-11T05:33:54.208+0000] {logging_mixin.py:188} INFO - [2026-04-11T05:33:54.207+0000] {dagbag.py:538} INFO - Filling up the DagBag from /opt/airflow/dags/sales_pipeline.py
[2026-04-11T05:33:54.222+0000] {processor.py:840} INFO - DAG(s) 'sales_pipeline_demo' retrieved from /opt/airflow/dags/sales_pipeline.py
[2026-04-11T05:33:54.261+0000] {logging_mixin.py:188} INFO - [2026-04-11T05:33:54.260+0000] {dag.py:3036} INFO - Sync 1 DAGs
[2026-04-11T05:33:54.300+0000] {logging_mixin.py:188} INFO - [2026-04-11T05:33:54.299+0000] {dag.py:3823} INFO - Setting next_dagrun for sales_pipeline_demo to 2026-04-11 00:00:00+00:00, run_after=2026-04-12 00:00:00+00:00
[2026-04-11T05:33:54.327+0000] {processor.py:183} INFO - Processing /opt/airflow/dags/sales_pipeline.py took 0.138 seconds
[2026-04-11T05:34:24.556+0000] {processor.py:161} INFO - Started process (PID=1068) to work on /opt/airflow/dags/sales_pipeline.py
[2026-04-11T05:34:24.565+0000] {processor.py:830} INFO - Processing file /opt/airflow/dags/sales_pipeline.py for tasks to queue
[2026-04-11T05:34:24.568+0000] {logging_mixin.py:188} INFO - [2026-04-11T05:34:24.568+0000] {dagbag.py:538} INFO - Filling up the DagBag from /opt/airflow/dags/sales_pipeline.py
[2026-04-11T05:34:24.579+0000] {processor.py:840} INFO - DAG(s) 'sales_pipeline_demo' retrieved from /opt/airflow/dags/sales_pipeline.py
[2026-04-11T05:34:24.609+0000] {logging_mixin.py:188} INFO - [2026-04-11T05:34:24.609+0000] {dag.py:3036} INFO - Sync 1 DAGs
[2026-04-11T05:34:24.640+0000] {logging_mixin.py:188} INFO - [2026-04-11T05:34:24.640+0000] {dag.py:3823} INFO - Setting next_dagrun for sales_pipeline_demo to 2026-04-11 00:00:00+00:00, run_after=2026-04-12 00:00:00+00:00
[2026-04-11T05:34:24.662+0000] {processor.py:183} INFO - Processing /opt/airflow/dags/sales_pipeline.py took 0.111 seconds
[2026-04-11T05:34:55.122+0000] {processor.py:161} INFO - Started process (PID=1124) to work on /opt/airflow/dags/sales_pipeline.py
[2026-04-11T05:34:55.131+0000] {processor.py:830} INFO - Processing file /opt/airflow/dags/sales_pipeline.py for tasks to queue
[2026-04-11T05:34:55.134+0000] {logging_mixin.py:188} INFO - [2026-04-11T05:34:55.133+0000] {dagbag.py:538} INFO - Filling up the DagBag from /opt/airflow/dags/sales_pipeline.py
[2026-04-11T05:34:55.146+0000] {processor.py:840} INFO - DAG(s) 'sales_pipeline_demo' retrieved from /opt/airflow/dags/sales_pipeline.py
[2026-04-11T05:34:55.178+0000] {logging_mixin.py:188} INFO - [2026-04-11T05:34:55.178+0000] {dag.py:3036} INFO - Sync 1 DAGs
[2026-04-11T05:34:55.215+0000] {logging_mixin.py:188} INFO - [2026-04-11T05:34:55.215+0000] {dag.py:3823} INFO - Setting next_dagrun for sales_pipeline_demo to 2026-04-11 00:00:00+00:00, run_after=2026-04-12 00:00:00+00:00
[2026-04-11T05:34:55.241+0000] {processor.py:183} INFO - Processing /opt/airflow/dags/sales_pipeline.py took 0.125 seconds
[2026-04-11T05:35:25.482+0000] {processor.py:161} INFO - Started process (PID=1180) to work on /opt/airflow/dags/sales_pipeline.py
[2026-04-11T05:35:25.491+0000] {processor.py:830} INFO - Processing file /opt/airflow/dags/sales_pipeline.py for tasks to queue
[2026-04-11T05:35:25.494+0000] {logging_mixin.py:188} INFO - [2026-04-11T05:35:25.494+0000] {dagbag.py:538} INFO - Filling up the DagBag from /opt/airflow/dags/sales_pipeline.py
[2026-04-11T05:35:25.504+0000] {processor.py:840} INFO - DAG(s) 'sales_pipeline_demo' retrieved from /opt/airflow/dags/sales_pipeline.py
[2026-04-11T05:35:25.534+0000] {logging_mixin.py:188} INFO - [2026-04-11T05:35:25.534+0000] {dag.py:3036} INFO - Sync 1 DAGs
[2026-04-11T05:35:25.565+0000] {logging_mixin.py:188} INFO - [2026-04-11T05:35:25.565+0000] {dag.py:3823} INFO - Setting next_dagrun for sales_pipeline_demo to 2026-04-11 00:00:00+00:00, run_after=2026-04-12 00:00:00+00:00
[2026-04-11T05:35:25.587+0000] {processor.py:183} INFO - Processing /opt/airflow/dags/sales_pipeline.py took 0.110 seconds
[2026-04-11T05:35:55.965+0000] {processor.py:161} INFO - Started process (PID=1236) to work on /opt/airflow/dags/sales_pipeline.py
[2026-04-11T05:35:55.974+0000] {processor.py:830} INFO - Processing file /opt/airflow/dags/sales_pipeline.py for tasks to queue
[2026-04-11T05:35:55.977+0000] {logging_mixin.py:188} INFO - [2026-04-11T05:35:55.977+0000] {dagbag.py:538} INFO - Filling up the DagBag from /opt/airflow/dags/sales_pipeline.py
[2026-04-11T05:35:55.989+0000] {processor.py:840} INFO - DAG(s) 'sales_pipeline_demo' retrieved from /opt/airflow/dags/sales_pipeline.py
[2026-04-11T05:35:56.019+0000] {logging_mixin.py:188} INFO - [2026-04-11T05:35:56.019+0000] {dag.py:3036} INFO - Sync 1 DAGs
[2026-04-11T05:35:56.054+0000] {logging_mixin.py:188} INFO - [2026-04-11T05:35:56.053+0000] {dag.py:3823} INFO - Setting next_dagrun for sales_pipeline_demo to 2026-04-11 00:00:00+00:00, run_after=2026-04-12 00:00:00+00:00
[2026-04-11T05:35:56.077+0000] {processor.py:183} INFO - Processing /opt/airflow/dags/sales_pipeline.py took 0.117 seconds
[2026-04-11T05:36:26.350+0000] {processor.py:161} INFO - Started process (PID=1292) to work on /opt/airflow/dags/sales_pipeline.py
[2026-04-11T05:36:26.360+0000] {processor.py:830} INFO - Processing file /opt/airflow/dags/sales_pipeline.py for tasks to queue
[2026-04-11T05:36:26.362+0000] {logging_mixin.py:188} INFO - [2026-04-11T05:36:26.362+0000] {dagbag.py:538} INFO - Filling up the DagBag from /opt/airflow/dags/sales_pipeline.py
[2026-04-11T05:36:26.373+0000] {processor.py:840} INFO - DAG(s) 'sales_pipeline_demo' retrieved from /opt/airflow/dags/sales_pipeline.py
[2026-04-11T05:36:26.401+0000] {logging_mixin.py:188} INFO - [2026-04-11T05:36:26.401+0000] {dag.py:3036} INFO - Sync 1 DAGs
[2026-04-11T05:36:26.435+0000] {logging_mixin.py:188} INFO - [2026-04-11T05:36:26.434+0000] {dag.py:3823} INFO - Setting next_dagrun for sales_pipeline_demo to 2026-04-11 00:00:00+00:00, run_after=2026-04-12 00:00:00+00:00
[2026-04-11T05:36:26.462+0000] {processor.py:183} INFO - Processing /opt/airflow/dags/sales_pipeline.py took 0.117 seconds
[2026-04-11T05:36:56.799+0000] {processor.py:161} INFO - Started process (PID=1348) to work on /opt/airflow/dags/sales_pipeline.py
[2026-04-11T05:36:56.808+0000] {processor.py:830} INFO - Processing file /opt/airflow/dags/sales_pipeline.py for tasks to queue
[2026-04-11T05:36:56.811+0000] {logging_mixin.py:188} INFO - [2026-04-11T05:36:56.810+0000] {dagbag.py:538} INFO - Filling up the DagBag from /opt/airflow/dags/sales_pipeline.py
[2026-04-11T05:36:56.821+0000] {processor.py:840} INFO - DAG(s) 'sales_pipeline_demo' retrieved from /opt/airflow/dags/sales_pipeline.py
[2026-04-11T05:36:56.851+0000] {logging_mixin.py:188} INFO - [2026-04-11T05:36:56.850+0000] {dag.py:3036} INFO - Sync 1 DAGs
[2026-04-11T05:36:56.884+0000] {logging_mixin.py:188} INFO - [2026-04-11T05:36:56.883+0000] {dag.py:3823} INFO - Setting next_dagrun for sales_pipeline_demo to 2026-04-11 00:00:00+00:00, run_after=2026-04-12 00:00:00+00:00
[2026-04-11T05:36:56.907+0000] {processor.py:183} INFO - Processing /opt/airflow/dags/sales_pipeline.py took 0.113 seconds
[2026-04-11T05:37:27.012+0000] {processor.py:161} INFO - Started process (PID=1404) to work on /opt/airflow/dags/sales_pipeline.py
[2026-04-11T05:37:27.021+0000] {processor.py:830} INFO - Processing file /opt/airflow/dags/sales_pipeline.py for tasks to queue
[2026-04-11T05:37:27.024+0000] {logging_mixin.py:188} INFO - [2026-04-11T05:37:27.023+0000] {dagbag.py:538} INFO - Filling up the DagBag from /opt/airflow/dags/sales_pipeline.py
[2026-04-11T05:37:27.035+0000] {processor.py:840} INFO - DAG(s) 'sales_pipeline_demo' retrieved from /opt/airflow/dags/sales_pipeline.py
[2026-04-11T05:37:27.069+0000] {logging_mixin.py:188} INFO - [2026-04-11T05:37:27.068+0000] {dag.py:3036} INFO - Sync 1 DAGs
[2026-04-11T05:37:27.101+0000] {logging_mixin.py:188} INFO - [2026-04-11T05:37:27.101+0000] {dag.py:3823} INFO - Setting next_dagrun for sales_pipeline_demo to 2026-04-11 00:00:00+00:00, run_after=2026-04-12 00:00:00+00:00
[2026-04-11T05:37:27.125+0000] {processor.py:183} INFO - Processing /opt/airflow/dags/sales_pipeline.py took 0.119 seconds
[2026-04-11T05:37:57.305+0000] {processor.py:161} INFO - Started process (PID=1460) to work on /opt/airflow/dags/sales_pipeline.py
[2026-04-11T05:37:57.315+0000] {processor.py:830} INFO - Processing file /opt/airflow/dags/sales_pipeline.py for tasks to queue
[2026-04-11T05:37:57.319+0000] {logging_mixin.py:188} INFO - [2026-04-11T05:37:57.318+0000] {dagbag.py:538} INFO - Filling up the DagBag from /opt/airflow/dags/sales_pipeline.py
[2026-04-11T05:37:57.333+0000] {processor.py:840} INFO - DAG(s) 'sales_pipeline_demo' retrieved from /opt/airflow/dags/sales_pipeline.py
[2026-04-11T05:37:57.375+0000] {logging_mixin.py:188} INFO - [2026-04-11T05:37:57.374+0000] {dag.py:3036} INFO - Sync 1 DAGs
[2026-04-11T05:37:57.419+0000] {logging_mixin.py:188} INFO - [2026-04-11T05:37:57.418+0000] {dag.py:3823} INFO - Setting next_dagrun for sales_pipeline_demo to 2026-04-11 00:00:00+00:00, run_after=2026-04-12 00:00:00+00:00
[2026-04-11T05:37:57.449+0000] {processor.py:183} INFO - Processing /opt/airflow/dags/sales_pipeline.py took 0.150 seconds
[2026-04-11T05:38:27.636+0000] {processor.py:161} INFO - Started process (PID=1517) to work on /opt/airflow/dags/sales_pipeline.py
[2026-04-11T05:38:27.638+0000] {processor.py:830} INFO - Processing file /opt/airflow/dags/sales_pipeline.py for tasks to queue
[2026-04-11T05:38:27.640+0000] {logging_mixin.py:188} INFO - [2026-04-11T05:38:27.640+0000] {dagbag.py:538} INFO - Filling up the DagBag from /opt/airflow/dags/sales_pipeline.py
[2026-04-11T05:38:27.651+0000] {processor.py:840} INFO - DAG(s) 'sales_pipeline_demo' retrieved from /opt/airflow/dags/sales_pipeline.py
[2026-04-11T05:38:27.679+0000] {logging_mixin.py:188} INFO - [2026-04-11T05:38:27.679+0000] {dag.py:3036} INFO - Sync 1 DAGs
[2026-04-11T05:38:27.709+0000] {logging_mixin.py:188} INFO - [2026-04-11T05:38:27.709+0000] {dag.py:3823} INFO - Setting next_dagrun for sales_pipeline_demo to 2026-04-11 00:00:00+00:00, run_after=2026-04-12 00:00:00+00:00
[2026-04-11T05:38:27.729+0000] {processor.py:183} INFO - Processing /opt/airflow/dags/sales_pipeline.py took 0.098 seconds
[2026-04-11T05:38:58.002+0000] {processor.py:161} INFO - Started process (PID=1572) to work on /opt/airflow/dags/sales_pipeline.py
[2026-04-11T05:38:58.003+0000] {processor.py:830} INFO - Processing file /opt/airflow/dags/sales_pipeline.py for tasks to queue
[2026-04-11T05:38:58.006+0000] {logging_mixin.py:188} INFO - [2026-04-11T05:38:58.006+0000] {dagbag.py:538} INFO - Filling up the DagBag from /opt/airflow/dags/sales_pipeline.py
[2026-04-11T05:38:58.018+0000] {processor.py:840} INFO - DAG(s) 'sales_pipeline_demo' retrieved from /opt/airflow/dags/sales_pipeline.py
[2026-04-11T05:38:58.051+0000] {logging_mixin.py:188} INFO - [2026-04-11T05:38:58.050+0000] {dag.py:3036} INFO - Sync 1 DAGs
[2026-04-11T05:38:58.089+0000] {logging_mixin.py:188} INFO - [2026-04-11T05:38:58.089+0000] {dag.py:3823} INFO - Setting next_dagrun for sales_pipeline_demo to 2026-04-11 00:00:00+00:00, run_after=2026-04-12 00:00:00+00:00
[2026-04-11T05:38:58.123+0000] {processor.py:183} INFO - Processing /opt/airflow/dags/sales_pipeline.py took 0.126 seconds
[2026-04-11T05:39:28.563+0000] {processor.py:161} INFO - Started process (PID=1628) to work on /opt/airflow/dags/sales_pipeline.py
[2026-04-11T05:39:28.564+0000] {processor.py:830} INFO - Processing file /opt/airflow/dags/sales_pipeline.py for tasks to queue
[2026-04-11T05:39:28.567+0000] {logging_mixin.py:188} INFO - [2026-04-11T05:39:28.566+0000] {dagbag.py:538} INFO - Filling up the DagBag from /opt/airflow/dags/sales_pipeline.py
[2026-04-11T05:39:28.577+0000] {processor.py:840} INFO - DAG(s) 'sales_pipeline_demo' retrieved from /opt/airflow/dags/sales_pipeline.py
[2026-04-11T05:39:28.607+0000] {logging_mixin.py:188} INFO - [2026-04-11T05:39:28.606+0000] {dag.py:3036} INFO - Sync 1 DAGs
[2026-04-11T05:39:28.639+0000] {logging_mixin.py:188} INFO - [2026-04-11T05:39:28.639+0000] {dag.py:3823} INFO - Setting next_dagrun for sales_pipeline_demo to 2026-04-11 00:00:00+00:00, run_after=2026-04-12 00:00:00+00:00
[2026-04-11T05:39:28.662+0000] {processor.py:183} INFO - Processing /opt/airflow/dags/sales_pipeline.py took 0.103 seconds
[2026-04-11T05:39:59.119+0000] {processor.py:161} INFO - Started process (PID=1684) to work on /opt/airflow/dags/sales_pipeline.py
[2026-04-11T05:39:59.121+0000] {processor.py:830} INFO - Processing file /opt/airflow/dags/sales_pipeline.py for tasks to queue
[2026-04-11T05:39:59.123+0000] {logging_mixin.py:188} INFO - [2026-04-11T05:39:59.123+0000] {dagbag.py:538} INFO - Filling up the DagBag from /opt/airflow/dags/sales_pipeline.py
[2026-04-11T05:39:59.135+0000] {processor.py:840} INFO - DAG(s) 'sales_pipeline_demo' retrieved from /opt/airflow/dags/sales_pipeline.py
[2026-04-11T05:39:59.168+0000] {logging_mixin.py:188} INFO - [2026-04-11T05:39:59.168+0000] {dag.py:3036} INFO - Sync 1 DAGs
[2026-04-11T05:39:59.202+0000] {logging_mixin.py:188} INFO - [2026-04-11T05:39:59.201+0000] {dag.py:3823} INFO - Setting next_dagrun for sales_pipeline_demo to 2026-04-11 00:00:00+00:00, run_after=2026-04-12 00:00:00+00:00
[2026-04-11T05:39:59.229+0000] {processor.py:183} INFO - Processing /opt/airflow/dags/sales_pipeline.py took 0.115 seconds
[2026-04-11T05:40:29.337+0000] {processor.py:161} INFO - Started process (PID=1740) to work on /opt/airflow/dags/sales_pipeline.py
[2026-04-11T05:40:29.338+0000] {processor.py:830} INFO - Processing file /opt/airflow/dags/sales_pipeline.py for tasks to queue
[2026-04-11T05:40:29.341+0000] {logging_mixin.py:188} INFO - [2026-04-11T05:40:29.340+0000] {dagbag.py:538} INFO - Filling up the DagBag from /opt/airflow/dags/sales_pipeline.py
[2026-04-11T05:40:29.351+0000] {processor.py:840} INFO - DAG(s) 'sales_pipeline_demo' retrieved from /opt/airflow/dags/sales_pipeline.py
[2026-04-11T05:40:29.382+0000] {logging_mixin.py:188} INFO - [2026-04-11T05:40:29.382+0000] {dag.py:3036} INFO - Sync 1 DAGs
[2026-04-11T05:40:29.413+0000] {logging_mixin.py:188} INFO - [2026-04-11T05:40:29.413+0000] {dag.py:3823} INFO - Setting next_dagrun for sales_pipeline_demo to 2026-04-11 00:00:00+00:00, run_after=2026-04-12 00:00:00+00:00
[2026-04-11T05:40:29.436+0000] {processor.py:183} INFO - Processing /opt/airflow/dags/sales_pipeline.py took 0.104 seconds
[2026-04-11T05:40:59.804+0000] {processor.py:161} INFO - Started process (PID=1796) to work on /opt/airflow/dags/sales_pipeline.py
[2026-04-11T05:40:59.814+0000] {processor.py:830} INFO - Processing file /opt/airflow/dags/sales_pipeline.py for tasks to queue
[2026-04-11T05:40:59.817+0000] {logging_mixin.py:188} INFO - [2026-04-11T05:40:59.816+0000] {dagbag.py:538} INFO - Filling up the DagBag from /opt/airflow/dags/sales_pipeline.py
[2026-04-11T05:40:59.832+0000] {processor.py:840} INFO - DAG(s) 'sales_pipeline_demo' retrieved from /opt/airflow/dags/sales_pipeline.py
[2026-04-11T05:40:59.866+0000] {logging_mixin.py:188} INFO - [2026-04-11T05:40:59.865+0000] {dag.py:3036} INFO - Sync 1 DAGs
[2026-04-11T05:40:59.902+0000] {logging_mixin.py:188} INFO - [2026-04-11T05:40:59.901+0000] {dag.py:3823} INFO - Setting next_dagrun for sales_pipeline_demo to 2026-04-11 00:00:00+00:00, run_after=2026-04-12 00:00:00+00:00
[2026-04-11T05:40:59.928+0000] {processor.py:183} INFO - Processing /opt/airflow/dags/sales_pipeline.py took 0.129 seconds
[2026-04-11T05:41:30.297+0000] {processor.py:161} INFO - Started process (PID=1852) to work on /opt/airflow/dags/sales_pipeline.py
[2026-04-11T05:41:30.306+0000] {processor.py:830} INFO - Processing file /opt/airflow/dags/sales_pipeline.py for tasks to queue
[2026-04-11T05:41:30.309+0000] {logging_mixin.py:188} INFO - [2026-04-11T05:41:30.308+0000] {dagbag.py:538} INFO - Filling up the DagBag from /opt/airflow/dags/sales_pipeline.py
[2026-04-11T05:41:30.319+0000] {processor.py:840} INFO - DAG(s) 'sales_pipeline_demo' retrieved from /opt/airflow/dags/sales_pipeline.py
[2026-04-11T05:41:30.349+0000] {logging_mixin.py:188} INFO - [2026-04-11T05:41:30.348+0000] {dag.py:3036} INFO - Sync 1 DAGs
[2026-04-11T05:41:30.383+0000] {logging_mixin.py:188} INFO - [2026-04-11T05:41:30.383+0000] {dag.py:3823} INFO - Setting next_dagrun for sales_pipeline_demo to 2026-04-11 00:00:00+00:00, run_after=2026-04-12 00:00:00+00:00
[2026-04-11T05:41:30.405+0000] {processor.py:183} INFO - Processing /opt/airflow/dags/sales_pipeline.py took 0.113 seconds
[2026-04-11T05:42:00.599+0000] {processor.py:161} INFO - Started process (PID=1908) to work on /opt/airflow/dags/sales_pipeline.py
[2026-04-11T05:42:00.608+0000] {processor.py:830} INFO - Processing file /opt/airflow/dags/sales_pipeline.py for tasks to queue
[2026-04-11T05:42:00.610+0000] {logging_mixin.py:188} INFO - [2026-04-11T05:42:00.610+0000] {dagbag.py:538} INFO - Filling up the DagBag from /opt/airflow/dags/sales_pipeline.py
[2026-04-11T05:42:00.621+0000] {processor.py:840} INFO - DAG(s) 'sales_pipeline_demo' retrieved from /opt/airflow/dags/sales_pipeline.py
[2026-04-11T05:42:00.648+0000] {logging_mixin.py:188} INFO - [2026-04-11T05:42:00.648+0000] {dag.py:3036} INFO - Sync 1 DAGs
[2026-04-11T05:42:00.679+0000] {logging_mixin.py:188} INFO - [2026-04-11T05:42:00.679+0000] {dag.py:3823} INFO - Setting next_dagrun for sales_pipeline_demo to 2026-04-11 00:00:00+00:00, run_after=2026-04-12 00:00:00+00:00
[2026-04-11T05:42:00.703+0000] {processor.py:183} INFO - Processing /opt/airflow/dags/sales_pipeline.py took 0.108 seconds
[2026-04-11T05:42:30.839+0000] {processor.py:161} INFO - Started process (PID=1964) to work on /opt/airflow/dags/sales_pipeline.py
[2026-04-11T05:42:30.849+0000] {processor.py:830} INFO - Processing file /opt/airflow/dags/sales_pipeline.py for tasks to queue
[2026-04-11T05:42:30.852+0000] {logging_mixin.py:188} INFO - [2026-04-11T05:42:30.852+0000] {dagbag.py:538} INFO - Filling up the DagBag from /opt/airflow/dags/sales_pipeline.py
[2026-04-11T05:42:30.865+0000] {processor.py:840} INFO - DAG(s) 'sales_pipeline_demo' retrieved from /opt/airflow/dags/sales_pipeline.py
[2026-04-11T05:42:30.896+0000] {logging_mixin.py:188} INFO - [2026-04-11T05:42:30.895+0000] {dag.py:3036} INFO - Sync 1 DAGs
[2026-04-11T05:42:30.929+0000] {logging_mixin.py:188} INFO - [2026-04-11T05:42:30.928+0000] {dag.py:3823} INFO - Setting next_dagrun for sales_pipeline_demo to 2026-04-11 00:00:00+00:00, run_after=2026-04-12 00:00:00+00:00
[2026-04-11T05:42:30.951+0000] {processor.py:183} INFO - Processing /opt/airflow/dags/sales_pipeline.py took 0.117 seconds
[2026-04-11T05:43:01.732+0000] {processor.py:161} INFO - Started process (PID=2018) to work on /opt/airflow/dags/sales_pipeline.py
[2026-04-11T05:43:01.735+0000] {processor.py:830} INFO - Processing file /opt/airflow/dags/sales_pipeline.py for tasks to queue
[2026-04-11T05:43:01.737+0000] {logging_mixin.py:188} INFO - [2026-04-11T05:43:01.737+0000] {dagbag.py:538} INFO - Filling up the DagBag from /opt/airflow/dags/sales_pipeline.py
[2026-04-11T05:43:01.748+0000] {processor.py:840} INFO - DAG(s) 'sales_pipeline_demo' retrieved from /opt/airflow/dags/sales_pipeline.py
[2026-04-11T05:43:01.778+0000] {logging_mixin.py:188} INFO - [2026-04-11T05:43:01.777+0000] {dag.py:3036} INFO - Sync 1 DAGs
[2026-04-11T05:43:01.808+0000] {logging_mixin.py:188} INFO - [2026-04-11T05:43:01.808+0000] {dag.py:3823} INFO - Setting next_dagrun for sales_pipeline_demo to 2026-04-11 00:00:00+00:00, run_after=2026-04-12 00:00:00+00:00
[2026-04-11T05:43:01.831+0000] {processor.py:183} INFO - Processing /opt/airflow/dags/sales_pipeline.py took 0.104 seconds
[2026-04-11T05:43:32.723+0000] {processor.py:161} INFO - Started process (PID=2074) to work on /opt/airflow/dags/sales_pipeline.py
[2026-04-11T05:43:32.733+0000] {processor.py:830} INFO - Processing file /opt/airflow/dags/sales_pipeline.py for tasks to queue
[2026-04-11T05:43:32.736+0000] {logging_mixin.py:188} INFO - [2026-04-11T05:43:32.735+0000] {dagbag.py:538} INFO - Filling up the DagBag from /opt/airflow/dags/sales_pipeline.py
[2026-04-11T05:43:32.747+0000] {processor.py:840} INFO - DAG(s) 'sales_pipeline_demo' retrieved from /opt/airflow/dags/sales_pipeline.py
[2026-04-11T05:43:32.781+0000] {logging_mixin.py:188} INFO - [2026-04-11T05:43:32.780+0000] {dag.py:3036} INFO - Sync 1 DAGs
[2026-04-11T05:43:32.814+0000] {logging_mixin.py:188} INFO - [2026-04-11T05:43:32.814+0000] {dag.py:3823} INFO - Setting next_dagrun for sales_pipeline_demo to 2026-04-11 00:00:00+00:00, run_after=2026-04-12 00:00:00+00:00
[2026-04-11T05:43:32.837+0000] {processor.py:183} INFO - Processing /opt/airflow/dags/sales_pipeline.py took 0.119 seconds
[2026-04-11T05:44:03.421+0000] {processor.py:161} INFO - Started process (PID=2130) to work on /opt/airflow/dags/sales_pipeline.py
[2026-04-11T05:44:03.431+0000] {processor.py:830} INFO - Processing file /opt/airflow/dags/sales_pipeline.py for tasks to queue
[2026-04-11T05:44:03.433+0000] {logging_mixin.py:188} INFO - [2026-04-11T05:44:03.433+0000] {dagbag.py:538} INFO - Filling up the DagBag from /opt/airflow/dags/sales_pipeline.py
[2026-04-11T05:44:03.444+0000] {processor.py:840} INFO - DAG(s) 'sales_pipeline_demo' retrieved from /opt/airflow/dags/sales_pipeline.py
[2026-04-11T05:44:03.474+0000] {logging_mixin.py:188} INFO - [2026-04-11T05:44:03.474+0000] {dag.py:3036} INFO - Sync 1 DAGs
[2026-04-11T05:44:03.506+0000] {logging_mixin.py:188} INFO - [2026-04-11T05:44:03.505+0000] {dag.py:3823} INFO - Setting next_dagrun for sales_pipeline_demo to 2026-04-11 00:00:00+00:00, run_after=2026-04-12 00:00:00+00:00
[2026-04-11T05:44:03.527+0000] {processor.py:183} INFO - Processing /opt/airflow/dags/sales_pipeline.py took 0.111 seconds
[2026-04-11T05:44:33.833+0000] {processor.py:161} INFO - Started process (PID=2186) to work on /opt/airflow/dags/sales_pipeline.py
[2026-04-11T05:44:33.842+0000] {processor.py:830} INFO - Processing file /opt/airflow/dags/sales_pipeline.py for tasks to queue
[2026-04-11T05:44:33.845+0000] {logging_mixin.py:188} INFO - [2026-04-11T05:44:33.844+0000] {dagbag.py:538} INFO - Filling up the DagBag from /opt/airflow/dags/sales_pipeline.py
[2026-04-11T05:44:33.855+0000] {processor.py:840} INFO - DAG(s) 'sales_pipeline_demo' retrieved from /opt/airflow/dags/sales_pipeline.py
[2026-04-11T05:44:33.884+0000] {logging_mixin.py:188} INFO - [2026-04-11T05:44:33.884+0000] {dag.py:3036} INFO - Sync 1 DAGs
[2026-04-11T05:44:33.918+0000] {logging_mixin.py:188} INFO - [2026-04-11T05:44:33.918+0000] {dag.py:3823} INFO - Setting next_dagrun for sales_pipeline_demo to 2026-04-11 00:00:00+00:00, run_after=2026-04-12 00:00:00+00:00
[2026-04-11T05:44:33.940+0000] {processor.py:183} INFO - Processing /opt/airflow/dags/sales_pipeline.py took 0.112 seconds
[2026-04-11T05:45:04.125+0000] {processor.py:161} INFO - Started process (PID=2242) to work on /opt/airflow/dags/sales_pipeline.py
[2026-04-11T05:45:04.134+0000] {processor.py:830} INFO - Processing file /opt/airflow/dags/sales_pipeline.py for tasks to queue
[2026-04-11T05:45:04.137+0000] {logging_mixin.py:188} INFO - [2026-04-11T05:45:04.136+0000] {dagbag.py:538} INFO - Filling up the DagBag from /opt/airflow/dags/sales_pipeline.py
[2026-04-11T05:45:04.147+0000] {processor.py:840} INFO - DAG(s) 'sales_pipeline_demo' retrieved from /opt/airflow/dags/sales_pipeline.py
[2026-04-11T05:45:04.177+0000] {logging_mixin.py:188} INFO - [2026-04-11T05:45:04.177+0000] {dag.py:3036} INFO - Sync 1 DAGs
[2026-04-11T05:45:04.208+0000] {logging_mixin.py:188} INFO - [2026-04-11T05:45:04.208+0000] {dag.py:3823} INFO - Setting next_dagrun for sales_pipeline_demo to 2026-04-11 00:00:00+00:00, run_after=2026-04-12 00:00:00+00:00
[2026-04-11T05:45:04.230+0000] {processor.py:183} INFO - Processing /opt/airflow/dags/sales_pipeline.py took 0.110 seconds
[2026-04-11T05:45:35.206+0000] {processor.py:161} INFO - Started process (PID=2298) to work on /opt/airflow/dags/sales_pipeline.py
[2026-04-11T05:45:35.208+0000] {processor.py:830} INFO - Processing file /opt/airflow/dags/sales_pipeline.py for tasks to queue
[2026-04-11T05:45:35.212+0000] {logging_mixin.py:188} INFO - [2026-04-11T05:45:35.211+0000] {dagbag.py:538} INFO - Filling up the DagBag from /opt/airflow/dags/sales_pipeline.py
[2026-04-11T05:45:35.225+0000] {processor.py:840} INFO - DAG(s) 'sales_pipeline_demo' retrieved from /opt/airflow/dags/sales_pipeline.py
[2026-04-11T05:45:35.258+0000] {logging_mixin.py:188} INFO - [2026-04-11T05:45:35.258+0000] {dag.py:3036} INFO - Sync 1 DAGs
[2026-04-11T05:45:35.293+0000] {logging_mixin.py:188} INFO - [2026-04-11T05:45:35.293+0000] {dag.py:3823} INFO - Setting next_dagrun for sales_pipeline_demo to 2026-04-11 00:00:00+00:00, run_after=2026-04-12 00:00:00+00:00
[2026-04-11T05:45:35.317+0000] {processor.py:183} INFO - Processing /opt/airflow/dags/sales_pipeline.py took 0.117 seconds
[2026-04-11T05:46:05.470+0000] {processor.py:161} INFO - Started process (PID=2354) to work on /opt/airflow/dags/sales_pipeline.py
[2026-04-11T05:46:05.471+0000] {processor.py:830} INFO - Processing file /opt/airflow/dags/sales_pipeline.py for tasks to queue
[2026-04-11T05:46:05.474+0000] {logging_mixin.py:188} INFO - [2026-04-11T05:46:05.473+0000] {dagbag.py:538} INFO - Filling up the DagBag from /opt/airflow/dags/sales_pipeline.py
[2026-04-11T05:46:05.485+0000] {processor.py:840} INFO - DAG(s) 'sales_pipeline_demo' retrieved from /opt/airflow/dags/sales_pipeline.py
[2026-04-11T05:46:05.516+0000] {logging_mixin.py:188} INFO - [2026-04-11T05:46:05.516+0000] {dag.py:3036} INFO - Sync 1 DAGs
[2026-04-11T05:46:05.548+0000] {logging_mixin.py:188} INFO - [2026-04-11T05:46:05.548+0000] {dag.py:3823} INFO - Setting next_dagrun for sales_pipeline_demo to 2026-04-11 00:00:00+00:00, run_after=2026-04-12 00:00:00+00:00
[2026-04-11T05:46:05.572+0000] {processor.py:183} INFO - Processing /opt/airflow/dags/sales_pipeline.py took 0.107 seconds
[2026-04-11T05:46:36.019+0000] {processor.py:161} INFO - Started process (PID=2410) to work on /opt/airflow/dags/sales_pipeline.py
[2026-04-11T05:46:36.028+0000] {processor.py:830} INFO - Processing file /opt/airflow/dags/sales_pipeline.py for tasks to queue
[2026-04-11T05:46:36.031+0000] {logging_mixin.py:188} INFO - [2026-04-11T05:46:36.030+0000] {dagbag.py:538} INFO - Filling up the DagBag from /opt/airflow/dags/sales_pipeline.py
[2026-04-11T05:46:36.041+0000] {processor.py:840} INFO - DAG(s) 'sales_pipeline_demo' retrieved from /opt/airflow/dags/sales_pipeline.py
[2026-04-11T05:46:36.070+0000] {logging_mixin.py:188} INFO - [2026-04-11T05:46:36.069+0000] {dag.py:3036} INFO - Sync 1 DAGs
[2026-04-11T05:46:36.100+0000] {logging_mixin.py:188} INFO - [2026-04-11T05:46:36.100+0000] {dag.py:3823} INFO - Setting next_dagrun for sales_pipeline_demo to 2026-04-11 00:00:00+00:00, run_after=2026-04-12 00:00:00+00:00
[2026-04-11T05:46:36.122+0000] {processor.py:183} INFO - Processing /opt/airflow/dags/sales_pipeline.py took 0.109 seconds
[2026-04-11T05:47:06.933+0000] {processor.py:161} INFO - Started process (PID=2466) to work on /opt/airflow/dags/sales_pipeline.py
[2026-04-11T05:47:06.934+0000] {processor.py:830} INFO - Processing file /opt/airflow/dags/sales_pipeline.py for tasks to queue
[2026-04-11T05:47:06.937+0000] {logging_mixin.py:188} INFO - [2026-04-11T05:47:06.936+0000] {dagbag.py:538} INFO - Filling up the DagBag from /opt/airflow/dags/sales_pipeline.py
[2026-04-11T05:47:06.948+0000] {processor.py:840} INFO - DAG(s) 'sales_pipeline_demo' retrieved from /opt/airflow/dags/sales_pipeline.py
[2026-04-11T05:47:06.979+0000] {logging_mixin.py:188} INFO - [2026-04-11T05:47:06.978+0000] {dag.py:3036} INFO - Sync 1 DAGs
[2026-04-11T05:47:07.011+0000] {logging_mixin.py:188} INFO - [2026-04-11T05:47:07.010+0000] {dag.py:3823} INFO - Setting next_dagrun for sales_pipeline_demo to 2026-04-11 00:00:00+00:00, run_after=2026-04-12 00:00:00+00:00
[2026-04-11T05:47:07.032+0000] {processor.py:183} INFO - Processing /opt/airflow/dags/sales_pipeline.py took 0.103 seconds
[2026-04-11T05:47:37.422+0000] {processor.py:161} INFO - Started process (PID=2522) to work on /opt/airflow/dags/sales_pipeline.py
[2026-04-11T05:47:37.432+0000] {processor.py:830} INFO - Processing file /opt/airflow/dags/sales_pipeline.py for tasks to queue
[2026-04-11T05:47:37.435+0000] {logging_mixin.py:188} INFO - [2026-04-11T05:47:37.434+0000] {dagbag.py:538} INFO - Filling up the DagBag from /opt/airflow/dags/sales_pipeline.py
[2026-04-11T05:47:37.446+0000] {processor.py:840} INFO - DAG(s) 'sales_pipeline_demo' retrieved from /opt/airflow/dags/sales_pipeline.py
[2026-04-11T05:47:37.476+0000] {logging_mixin.py:188} INFO - [2026-04-11T05:47:37.476+0000] {dag.py:3036} INFO - Sync 1 DAGs
[2026-04-11T05:47:37.507+0000] {logging_mixin.py:188} INFO - [2026-04-11T05:47:37.507+0000] {dag.py:3823} INFO - Setting next_dagrun for sales_pipeline_demo to 2026-04-11 00:00:00+00:00, run_after=2026-04-12 00:00:00+00:00
[2026-04-11T05:47:37.529+0000] {processor.py:183} INFO - Processing /opt/airflow/dags/sales_pipeline.py took 0.111 seconds
[2026-04-11T05:48:07.837+0000] {processor.py:161} INFO - Started process (PID=2578) to work on /opt/airflow/dags/sales_pipeline.py
[2026-04-11T05:48:07.846+0000] {processor.py:830} INFO - Processing file /opt/airflow/dags/sales_pipeline.py for tasks to queue
[2026-04-11T05:48:07.849+0000] {logging_mixin.py:188} INFO - [2026-04-11T05:48:07.848+0000] {dagbag.py:538} INFO - Filling up the DagBag from /opt/airflow/dags/sales_pipeline.py
[2026-04-11T05:48:07.861+0000] {processor.py:840} INFO - DAG(s) 'sales_pipeline_demo' retrieved from /opt/airflow/dags/sales_pipeline.py
[2026-04-11T05:48:07.889+0000] {logging_mixin.py:188} INFO - [2026-04-11T05:48:07.889+0000] {dag.py:3036} INFO - Sync 1 DAGs
[2026-04-11T05:48:08.096+0000] {logging_mixin.py:188} INFO - [2026-04-11T05:48:08.096+0000] {dag.py:3823} INFO - Setting next_dagrun for sales_pipeline_demo to 2026-04-11 00:00:00+00:00, run_after=2026-04-12 00:00:00+00:00
[2026-04-11T05:48:08.121+0000] {processor.py:183} INFO - Processing /opt/airflow/dags/sales_pipeline.py took 0.289 seconds
[2026-04-11T05:48:38.985+0000] {processor.py:161} INFO - Started process (PID=2634) to work on /opt/airflow/dags/sales_pipeline.py
[2026-04-11T05:48:38.994+0000] {processor.py:830} INFO - Processing file /opt/airflow/dags/sales_pipeline.py for tasks to queue
[2026-04-11T05:48:38.997+0000] {logging_mixin.py:188} INFO - [2026-04-11T05:48:38.996+0000] {dagbag.py:538} INFO - Filling up the DagBag from /opt/airflow/dags/sales_pipeline.py
[2026-04-11T05:48:39.008+0000] {processor.py:840} INFO - DAG(s) 'sales_pipeline_demo' retrieved from /opt/airflow/dags/sales_pipeline.py
[2026-04-11T05:48:39.041+0000] {logging_mixin.py:188} INFO - [2026-04-11T05:48:39.040+0000] {dag.py:3036} INFO - Sync 1 DAGs
[2026-04-11T05:48:39.073+0000] {logging_mixin.py:188} INFO - [2026-04-11T05:48:39.073+0000] {dag.py:3823} INFO - Setting next_dagrun for sales_pipeline_demo to 2026-04-11 00:00:00+00:00, run_after=2026-04-12 00:00:00+00:00
[2026-04-11T05:48:39.321+0000] {processor.py:183} INFO - Processing /opt/airflow/dags/sales_pipeline.py took 0.340 seconds
[2026-04-11T05:49:09.425+0000] {processor.py:161} INFO - Started process (PID=2690) to work on /opt/airflow/dags/sales_pipeline.py
[2026-04-11T05:49:09.428+0000] {processor.py:830} INFO - Processing file /opt/airflow/dags/sales_pipeline.py for tasks to queue
[2026-04-11T05:49:09.430+0000] {logging_mixin.py:188} INFO - [2026-04-11T05:49:09.430+0000] {dagbag.py:538} INFO - Filling up the DagBag from /opt/airflow/dags/sales_pipeline.py
[2026-04-11T05:49:09.440+0000] {processor.py:840} INFO - DAG(s) 'sales_pipeline_demo' retrieved from /opt/airflow/dags/sales_pipeline.py
[2026-04-11T05:49:09.471+0000] {logging_mixin.py:188} INFO - [2026-04-11T05:49:09.470+0000] {dag.py:3036} INFO - Sync 1 DAGs
[2026-04-11T05:49:09.503+0000] {logging_mixin.py:188} INFO - [2026-04-11T05:49:09.502+0000] {dag.py:3823} INFO - Setting next_dagrun for sales_pipeline_demo to 2026-04-11 00:00:00+00:00, run_after=2026-04-12 00:00:00+00:00
[2026-04-11T05:49:09.527+0000] {processor.py:183} INFO - Processing /opt/airflow/dags/sales_pipeline.py took 0.107 seconds
[2026-04-11T05:49:39.799+0000] {processor.py:161} INFO - Started process (PID=2746) to work on /opt/airflow/dags/sales_pipeline.py
[2026-04-11T05:49:39.809+0000] {processor.py:830} INFO - Processing file /opt/airflow/dags/sales_pipeline.py for tasks to queue
[2026-04-11T05:49:39.811+0000] {logging_mixin.py:188} INFO - [2026-04-11T05:49:39.811+0000] {dagbag.py:538} INFO - Filling up the DagBag from /opt/airflow/dags/sales_pipeline.py
[2026-04-11T05:49:39.822+0000] {processor.py:840} INFO - DAG(s) 'sales_pipeline_demo' retrieved from /opt/airflow/dags/sales_pipeline.py
[2026-04-11T05:49:39.852+0000] {logging_mixin.py:188} INFO - [2026-04-11T05:49:39.851+0000] {dag.py:3036} INFO - Sync 1 DAGs
[2026-04-11T05:49:39.883+0000] {logging_mixin.py:188} INFO - [2026-04-11T05:49:39.883+0000] {dag.py:3823} INFO - Setting next_dagrun for sales_pipeline_demo to 2026-04-11 00:00:00+00:00, run_after=2026-04-12 00:00:00+00:00
[2026-04-11T05:49:39.906+0000] {processor.py:183} INFO - Processing /opt/airflow/dags/sales_pipeline.py took 0.111 seconds
[2026-04-11T05:50:10.667+0000] {processor.py:161} INFO - Started process (PID=2802) to work on /opt/airflow/dags/sales_pipeline.py
[2026-04-11T05:50:10.676+0000] {processor.py:830} INFO - Processing file /opt/airflow/dags/sales_pipeline.py for tasks to queue
[2026-04-11T05:50:10.679+0000] {logging_mixin.py:188} INFO - [2026-04-11T05:50:10.678+0000] {dagbag.py:538} INFO - Filling up the DagBag from /opt/airflow/dags/sales_pipeline.py
[2026-04-11T05:50:10.689+0000] {processor.py:840} INFO - DAG(s) 'sales_pipeline_demo' retrieved from /opt/airflow/dags/sales_pipeline.py
[2026-04-11T05:50:10.719+0000] {logging_mixin.py:188} INFO - [2026-04-11T05:50:10.719+0000] {dag.py:3036} INFO - Sync 1 DAGs
[2026-04-11T05:50:10.750+0000] {logging_mixin.py:188} INFO - [2026-04-11T05:50:10.750+0000] {dag.py:3823} INFO - Setting next_dagrun for sales_pipeline_demo to 2026-04-11 00:00:00+00:00, run_after=2026-04-12 00:00:00+00:00
[2026-04-11T05:50:10.772+0000] {processor.py:183} INFO - Processing /opt/airflow/dags/sales_pipeline.py took 0.110 seconds
[2026-04-11T05:50:41.383+0000] {processor.py:161} INFO - Started process (PID=2858) to work on /opt/airflow/dags/sales_pipeline.py
[2026-04-11T05:50:41.392+0000] {processor.py:830} INFO - Processing file /opt/airflow/dags/sales_pipeline.py for tasks to queue
[2026-04-11T05:50:41.395+0000] {logging_mixin.py:188} INFO - [2026-04-11T05:50:41.394+0000] {dagbag.py:538} INFO - Filling up the DagBag from /opt/airflow/dags/sales_pipeline.py
[2026-04-11T05:50:41.404+0000] {processor.py:840} INFO - DAG(s) 'sales_pipeline_demo' retrieved from /opt/airflow/dags/sales_pipeline.py
[2026-04-11T05:50:41.431+0000] {logging_mixin.py:188} INFO - [2026-04-11T05:50:41.430+0000] {dag.py:3036} INFO - Sync 1 DAGs
[2026-04-11T05:50:41.462+0000] {logging_mixin.py:188} INFO - [2026-04-11T05:50:41.462+0000] {dag.py:3823} INFO - Setting next_dagrun for sales_pipeline_demo to 2026-04-11 00:00:00+00:00, run_after=2026-04-12 00:00:00+00:00
[2026-04-11T05:50:41.483+0000] {processor.py:183} INFO - Processing /opt/airflow/dags/sales_pipeline.py took 0.104 seconds
[2026-04-11T05:51:11.960+0000] {processor.py:161} INFO - Started process (PID=2914) to work on /opt/airflow/dags/sales_pipeline.py
[2026-04-11T05:51:11.969+0000] {processor.py:830} INFO - Processing file /opt/airflow/dags/sales_pipeline.py for tasks to queue
[2026-04-11T05:51:11.972+0000] {logging_mixin.py:188} INFO - [2026-04-11T05:51:11.971+0000] {dagbag.py:538} INFO - Filling up the DagBag from /opt/airflow/dags/sales_pipeline.py
[2026-04-11T05:51:11.983+0000] {processor.py:840} INFO - DAG(s) 'sales_pipeline_demo' retrieved from /opt/airflow/dags/sales_pipeline.py
[2026-04-11T05:51:12.014+0000] {logging_mixin.py:188} INFO - [2026-04-11T05:51:12.013+0000] {dag.py:3036} INFO - Sync 1 DAGs
[2026-04-11T05:51:12.047+0000] {logging_mixin.py:188} INFO - [2026-04-11T05:51:12.047+0000] {dag.py:3823} INFO - Setting next_dagrun for sales_pipeline_demo to 2026-04-11 00:00:00+00:00, run_after=2026-04-12 00:00:00+00:00
[2026-04-11T05:51:12.070+0000] {processor.py:183} INFO - Processing /opt/airflow/dags/sales_pipeline.py took 0.115 seconds
[2026-04-11T05:51:42.626+0000] {processor.py:161} INFO - Started process (PID=2970) to work on /opt/airflow/dags/sales_pipeline.py
[2026-04-11T05:51:42.635+0000] {processor.py:830} INFO - Processing file /opt/airflow/dags/sales_pipeline.py for tasks to queue
[2026-04-11T05:51:42.638+0000] {logging_mixin.py:188} INFO - [2026-04-11T05:51:42.637+0000] {dagbag.py:538} INFO - Filling up the DagBag from /opt/airflow/dags/sales_pipeline.py
[2026-04-11T05:51:42.650+0000] {processor.py:840} INFO - DAG(s) 'sales_pipeline_demo' retrieved from /opt/airflow/dags/sales_pipeline.py
[2026-04-11T05:51:42.683+0000] {logging_mixin.py:188} INFO - [2026-04-11T05:51:42.683+0000] {dag.py:3036} INFO - Sync 1 DAGs
[2026-04-11T05:51:42.716+0000] {logging_mixin.py:188} INFO - [2026-04-11T05:51:42.716+0000] {dag.py:3823} INFO - Setting next_dagrun for sales_pipeline_demo to 2026-04-11 00:00:00+00:00, run_after=2026-04-12 00:00:00+00:00
[2026-04-11T05:51:42.741+0000] {processor.py:183} INFO - Processing /opt/airflow/dags/sales_pipeline.py took 0.121 seconds
[2026-04-11T05:52:13.212+0000] {processor.py:161} INFO - Started process (PID=3026) to work on /opt/airflow/dags/sales_pipeline.py
[2026-04-11T05:52:13.221+0000] {processor.py:830} INFO - Processing file /opt/airflow/dags/sales_pipeline.py for tasks to queue
[2026-04-11T05:52:13.224+0000] {logging_mixin.py:188} INFO - [2026-04-11T05:52:13.224+0000] {dagbag.py:538} INFO - Filling up the DagBag from /opt/airflow/dags/sales_pipeline.py
[2026-04-11T05:52:13.235+0000] {processor.py:840} INFO - DAG(s) 'sales_pipeline_demo' retrieved from /opt/airflow/dags/sales_pipeline.py
[2026-04-11T05:52:13.266+0000] {logging_mixin.py:188} INFO - [2026-04-11T05:52:13.266+0000] {dag.py:3036} INFO - Sync 1 DAGs
[2026-04-11T05:52:13.297+0000] {logging_mixin.py:188} INFO - [2026-04-11T05:52:13.296+0000] {dag.py:3823} INFO - Setting next_dagrun for sales_pipeline_demo to 2026-04-11 00:00:00+00:00, run_after=2026-04-12 00:00:00+00:00
[2026-04-11T05:52:13.318+0000] {processor.py:183} INFO - Processing /opt/airflow/dags/sales_pipeline.py took 0.111 seconds
[2026-04-11T05:52:43.698+0000] {processor.py:161} INFO - Started process (PID=3082) to work on /opt/airflow/dags/sales_pipeline.py
[2026-04-11T05:52:43.707+0000] {processor.py:830} INFO - Processing file /opt/airflow/dags/sales_pipeline.py for tasks to queue
[2026-04-11T05:52:43.710+0000] {logging_mixin.py:188} INFO - [2026-04-11T05:52:43.710+0000] {dagbag.py:538} INFO - Filling up the DagBag from /opt/airflow/dags/sales_pipeline.py
[2026-04-11T05:52:43.721+0000] {processor.py:840} INFO - DAG(s) 'sales_pipeline_demo' retrieved from /opt/airflow/dags/sales_pipeline.py
[2026-04-11T05:52:43.751+0000] {logging_mixin.py:188} INFO - [2026-04-11T05:52:43.751+0000] {dag.py:3036} INFO - Sync 1 DAGs
[2026-04-11T05:52:43.784+0000] {logging_mixin.py:188} INFO - [2026-04-11T05:52:43.783+0000] {dag.py:3823} INFO - Setting next_dagrun for sales_pipeline_demo to 2026-04-11 00:00:00+00:00, run_after=2026-04-12 00:00:00+00:00
[2026-04-11T05:52:43.806+0000] {processor.py:183} INFO - Processing /opt/airflow/dags/sales_pipeline.py took 0.112 seconds
[2026-04-11T05:53:14.245+0000] {processor.py:161} INFO - Started process (PID=3138) to work on /opt/airflow/dags/sales_pipeline.py
[2026-04-11T05:53:14.254+0000] {processor.py:830} INFO - Processing file /opt/airflow/dags/sales_pipeline.py for tasks to queue
[2026-04-11T05:53:14.257+0000] {logging_mixin.py:188} INFO - [2026-04-11T05:53:14.257+0000] {dagbag.py:538} INFO - Filling up the DagBag from /opt/airflow/dags/sales_pipeline.py
[2026-04-11T05:53:14.269+0000] {processor.py:840} INFO - DAG(s) 'sales_pipeline_demo' retrieved from /opt/airflow/dags/sales_pipeline.py
[2026-04-11T05:53:14.302+0000] {logging_mixin.py:188} INFO - [2026-04-11T05:53:14.301+0000] {dag.py:3036} INFO - Sync 1 DAGs
[2026-04-11T05:53:14.345+0000] {logging_mixin.py:188} INFO - [2026-04-11T05:53:14.344+0000] {dag.py:3823} INFO - Setting next_dagrun for sales_pipeline_demo to 2026-04-11 00:00:00+00:00, run_after=2026-04-12 00:00:00+00:00
[2026-04-11T05:53:14.373+0000] {processor.py:183} INFO - Processing /opt/airflow/dags/sales_pipeline.py took 0.135 seconds
[2026-04-11T05:53:44.854+0000] {processor.py:161} INFO - Started process (PID=3194) to work on /opt/airflow/dags/sales_pipeline.py
[2026-04-11T05:53:44.863+0000] {processor.py:830} INFO - Processing file /opt/airflow/dags/sales_pipeline.py for tasks to queue
[2026-04-11T05:53:44.866+0000] {logging_mixin.py:188} INFO - [2026-04-11T05:53:44.865+0000] {dagbag.py:538} INFO - Filling up the DagBag from /opt/airflow/dags/sales_pipeline.py
[2026-04-11T05:53:44.877+0000] {processor.py:840} INFO - DAG(s) 'sales_pipeline_demo' retrieved from /opt/airflow/dags/sales_pipeline.py
[2026-04-11T05:53:44.907+0000] {logging_mixin.py:188} INFO - [2026-04-11T05:53:44.906+0000] {dag.py:3036} INFO - Sync 1 DAGs
[2026-04-11T05:53:44.938+0000] {logging_mixin.py:188} INFO - [2026-04-11T05:53:44.938+0000] {dag.py:3823} INFO - Setting next_dagrun for sales_pipeline_demo to 2026-04-11 00:00:00+00:00, run_after=2026-04-12 00:00:00+00:00
[2026-04-11T05:53:44.961+0000] {processor.py:183} INFO - Processing /opt/airflow/dags/sales_pipeline.py took 0.112 seconds
[2026-04-11T05:54:15.423+0000] {processor.py:161} INFO - Started process (PID=3250) to work on /opt/airflow/dags/sales_pipeline.py
[2026-04-11T05:54:15.424+0000] {processor.py:830} INFO - Processing file /opt/airflow/dags/sales_pipeline.py for tasks to queue
[2026-04-11T05:54:15.427+0000] {logging_mixin.py:188} INFO - [2026-04-11T05:54:15.426+0000] {dagbag.py:538} INFO - Filling up the DagBag from /opt/airflow/dags/sales_pipeline.py
[2026-04-11T05:54:15.438+0000] {processor.py:840} INFO - DAG(s) 'sales_pipeline_demo' retrieved from /opt/airflow/dags/sales_pipeline.py
[2026-04-11T05:54:15.468+0000] {logging_mixin.py:188} INFO - [2026-04-11T05:54:15.467+0000] {dag.py:3036} INFO - Sync 1 DAGs
[2026-04-11T05:54:15.500+0000] {logging_mixin.py:188} INFO - [2026-04-11T05:54:15.500+0000] {dag.py:3823} INFO - Setting next_dagrun for sales_pipeline_demo to 2026-04-11 00:00:00+00:00, run_after=2026-04-12 00:00:00+00:00
[2026-04-11T05:54:15.523+0000] {processor.py:183} INFO - Processing /opt/airflow/dags/sales_pipeline.py took 0.106 seconds
[2026-04-11T05:54:45.867+0000] {processor.py:161} INFO - Started process (PID=3306) to work on /opt/airflow/dags/sales_pipeline.py
[2026-04-11T05:54:45.876+0000] {processor.py:830} INFO - Processing file /opt/airflow/dags/sales_pipeline.py for tasks to queue
[2026-04-11T05:54:45.879+0000] {logging_mixin.py:188} INFO - [2026-04-11T05:54:45.878+0000] {dagbag.py:538} INFO - Filling up the DagBag from /opt/airflow/dags/sales_pipeline.py
[2026-04-11T05:54:45.890+0000] {processor.py:840} INFO - DAG(s) 'sales_pipeline_demo' retrieved from /opt/airflow/dags/sales_pipeline.py
[2026-04-11T05:54:45.921+0000] {logging_mixin.py:188} INFO - [2026-04-11T05:54:45.920+0000] {dag.py:3036} INFO - Sync 1 DAGs
[2026-04-11T05:54:45.953+0000] {logging_mixin.py:188} INFO - [2026-04-11T05:54:45.953+0000] {dag.py:3823} INFO - Setting next_dagrun for sales_pipeline_demo to 2026-04-11 00:00:00+00:00, run_after=2026-04-12 00:00:00+00:00
[2026-04-11T05:54:45.976+0000] {processor.py:183} INFO - Processing /opt/airflow/dags/sales_pipeline.py took 0.113 seconds
[2026-04-11T05:55:16.431+0000] {processor.py:161} INFO - Started process (PID=3362) to work on /opt/airflow/dags/sales_pipeline.py
[2026-04-11T05:55:16.433+0000] {processor.py:830} INFO - Processing file /opt/airflow/dags/sales_pipeline.py for tasks to queue
[2026-04-11T05:55:16.435+0000] {logging_mixin.py:188} INFO - [2026-04-11T05:55:16.435+0000] {dagbag.py:538} INFO - Filling up the DagBag from /opt/airflow/dags/sales_pipeline.py
[2026-04-11T05:55:16.446+0000] {processor.py:840} INFO - DAG(s) 'sales_pipeline_demo' retrieved from /opt/airflow/dags/sales_pipeline.py
[2026-04-11T05:55:16.477+0000] {logging_mixin.py:188} INFO - [2026-04-11T05:55:16.477+0000] {dag.py:3036} INFO - Sync 1 DAGs
[2026-04-11T05:55:16.509+0000] {logging_mixin.py:188} INFO - [2026-04-11T05:55:16.508+0000] {dag.py:3823} INFO - Setting next_dagrun for sales_pipeline_demo to 2026-04-11 00:00:00+00:00, run_after=2026-04-12 00:00:00+00:00
[2026-04-11T05:55:16.533+0000] {processor.py:183} INFO - Processing /opt/airflow/dags/sales_pipeline.py took 0.106 seconds
[2026-04-11T05:55:47.181+0000] {processor.py:161} INFO - Started process (PID=3418) to work on /opt/airflow/dags/sales_pipeline.py
[2026-04-11T05:55:47.190+0000] {processor.py:830} INFO - Processing file /opt/airflow/dags/sales_pipeline.py for tasks to queue
[2026-04-11T05:55:47.192+0000] {logging_mixin.py:188} INFO - [2026-04-11T05:55:47.192+0000] {dagbag.py:538} INFO - Filling up the DagBag from /opt/airflow/dags/sales_pipeline.py
[2026-04-11T05:55:47.202+0000] {processor.py:840} INFO - DAG(s) 'sales_pipeline_demo' retrieved from /opt/airflow/dags/sales_pipeline.py
[2026-04-11T05:55:47.228+0000] {logging_mixin.py:188} INFO - [2026-04-11T05:55:47.228+0000] {dag.py:3036} INFO - Sync 1 DAGs
[2026-04-11T05:55:47.257+0000] {logging_mixin.py:188} INFO - [2026-04-11T05:55:47.257+0000] {dag.py:3823} INFO - Setting next_dagrun for sales_pipeline_demo to 2026-04-11 00:00:00+00:00, run_after=2026-04-12 00:00:00+00:00
[2026-04-11T05:55:47.281+0000] {processor.py:183} INFO - Processing /opt/airflow/dags/sales_pipeline.py took 0.104 seconds
[2026-04-11T05:56:17.601+0000] {processor.py:161} INFO - Started process (PID=3474) to work on /opt/airflow/dags/sales_pipeline.py
[2026-04-11T05:56:17.610+0000] {processor.py:830} INFO - Processing file /opt/airflow/dags/sales_pipeline.py for tasks to queue
[2026-04-11T05:56:17.613+0000] {logging_mixin.py:188} INFO - [2026-04-11T05:56:17.612+0000] {dagbag.py:538} INFO - Filling up the DagBag from /opt/airflow/dags/sales_pipeline.py
[2026-04-11T05:56:17.624+0000] {processor.py:840} INFO - DAG(s) 'sales_pipeline_demo' retrieved from /opt/airflow/dags/sales_pipeline.py
[2026-04-11T05:56:17.654+0000] {logging_mixin.py:188} INFO - [2026-04-11T05:56:17.654+0000] {dag.py:3036} INFO - Sync 1 DAGs
[2026-04-11T05:56:17.686+0000] {logging_mixin.py:188} INFO - [2026-04-11T05:56:17.685+0000] {dag.py:3823} INFO - Setting next_dagrun for sales_pipeline_demo to 2026-04-11 00:00:00+00:00, run_after=2026-04-12 00:00:00+00:00
[2026-04-11T05:56:17.708+0000] {processor.py:183} INFO - Processing /opt/airflow/dags/sales_pipeline.py took 0.111 seconds
[2026-04-11T05:56:47.962+0000] {processor.py:161} INFO - Started process (PID=3530) to work on /opt/airflow/dags/sales_pipeline.py
[2026-04-11T05:56:47.963+0000] {processor.py:830} INFO - Processing file /opt/airflow/dags/sales_pipeline.py for tasks to queue
[2026-04-11T05:56:47.965+0000] {logging_mixin.py:188} INFO - [2026-04-11T05:56:47.965+0000] {dagbag.py:538} INFO - Filling up the DagBag from /opt/airflow/dags/sales_pipeline.py
[2026-04-11T05:56:47.976+0000] {processor.py:840} INFO - DAG(s) 'sales_pipeline_demo' retrieved from /opt/airflow/dags/sales_pipeline.py
[2026-04-11T05:56:48.007+0000] {logging_mixin.py:188} INFO - [2026-04-11T05:56:48.006+0000] {dag.py:3036} INFO - Sync 1 DAGs
[2026-04-11T05:56:48.038+0000] {logging_mixin.py:188} INFO - [2026-04-11T05:56:48.038+0000] {dag.py:3823} INFO - Setting next_dagrun for sales_pipeline_demo to 2026-04-11 00:00:00+00:00, run_after=2026-04-12 00:00:00+00:00
[2026-04-11T05:56:48.060+0000] {processor.py:183} INFO - Processing /opt/airflow/dags/sales_pipeline.py took 0.103 seconds
[2026-04-11T05:57:18.574+0000] {processor.py:161} INFO - Started process (PID=3586) to work on /opt/airflow/dags/sales_pipeline.py
[2026-04-11T05:57:18.584+0000] {processor.py:830} INFO - Processing file /opt/airflow/dags/sales_pipeline.py for tasks to queue
[2026-04-11T05:57:18.587+0000] {logging_mixin.py:188} INFO - [2026-04-11T05:57:18.586+0000] {dagbag.py:538} INFO - Filling up the DagBag from /opt/airflow/dags/sales_pipeline.py
[2026-04-11T05:57:18.598+0000] {processor.py:840} INFO - DAG(s) 'sales_pipeline_demo' retrieved from /opt/airflow/dags/sales_pipeline.py
[2026-04-11T05:57:18.628+0000] {logging_mixin.py:188} INFO - [2026-04-11T05:57:18.628+0000] {dag.py:3036} INFO - Sync 1 DAGs
[2026-04-11T05:57:18.659+0000] {logging_mixin.py:188} INFO - [2026-04-11T05:57:18.659+0000] {dag.py:3823} INFO - Setting next_dagrun for sales_pipeline_demo to 2026-04-11 00:00:00+00:00, run_after=2026-04-12 00:00:00+00:00
[2026-04-11T05:57:18.681+0000] {processor.py:183} INFO - Processing /opt/airflow/dags/sales_pipeline.py took 0.112 seconds
[2026-04-11T05:57:49.061+0000] {processor.py:161} INFO - Started process (PID=3642) to work on /opt/airflow/dags/sales_pipeline.py
[2026-04-11T05:57:49.071+0000] {processor.py:830} INFO - Processing file /opt/airflow/dags/sales_pipeline.py for tasks to queue
[2026-04-11T05:57:49.073+0000] {logging_mixin.py:188} INFO - [2026-04-11T05:57:49.073+0000] {dagbag.py:538} INFO - Filling up the DagBag from /opt/airflow/dags/sales_pipeline.py
[2026-04-11T05:57:49.084+0000] {processor.py:840} INFO - DAG(s) 'sales_pipeline_demo' retrieved from /opt/airflow/dags/sales_pipeline.py
[2026-04-11T05:57:49.114+0000] {logging_mixin.py:188} INFO - [2026-04-11T05:57:49.114+0000] {dag.py:3036} INFO - Sync 1 DAGs
[2026-04-11T05:57:49.146+0000] {logging_mixin.py:188} INFO - [2026-04-11T05:57:49.146+0000] {dag.py:3823} INFO - Setting next_dagrun for sales_pipeline_demo to 2026-04-11 00:00:00+00:00, run_after=2026-04-12 00:00:00+00:00
[2026-04-11T05:57:49.168+0000] {processor.py:183} INFO - Processing /opt/airflow/dags/sales_pipeline.py took 0.112 seconds
[2026-04-11T05:58:19.613+0000] {processor.py:161} INFO - Started process (PID=3698) to work on /opt/airflow/dags/sales_pipeline.py
[2026-04-11T05:58:19.622+0000] {processor.py:830} INFO - Processing file /opt/airflow/dags/sales_pipeline.py for tasks to queue
[2026-04-11T05:58:19.625+0000] {logging_mixin.py:188} INFO - [2026-04-11T05:58:19.624+0000] {dagbag.py:538} INFO - Filling up the DagBag from /opt/airflow/dags/sales_pipeline.py
[2026-04-11T05:58:19.636+0000] {processor.py:840} INFO - DAG(s) 'sales_pipeline_demo' retrieved from /opt/airflow/dags/sales_pipeline.py
[2026-04-11T05:58:19.665+0000] {logging_mixin.py:188} INFO - [2026-04-11T05:58:19.665+0000] {dag.py:3036} INFO - Sync 1 DAGs
[2026-04-11T05:58:19.696+0000] {logging_mixin.py:188} INFO - [2026-04-11T05:58:19.695+0000] {dag.py:3823} INFO - Setting next_dagrun for sales_pipeline_demo to 2026-04-11 00:00:00+00:00, run_after=2026-04-12 00:00:00+00:00
[2026-04-11T05:58:19.716+0000] {processor.py:183} INFO - Processing /opt/airflow/dags/sales_pipeline.py took 0.108 seconds
[2026-04-11T05:58:50.011+0000] {processor.py:161} INFO - Started process (PID=3754) to work on /opt/airflow/dags/sales_pipeline.py
[2026-04-11T05:58:50.020+0000] {processor.py:830} INFO - Processing file /opt/airflow/dags/sales_pipeline.py for tasks to queue
[2026-04-11T05:58:50.022+0000] {logging_mixin.py:188} INFO - [2026-04-11T05:58:50.022+0000] {dagbag.py:538} INFO - Filling up the DagBag from /opt/airflow/dags/sales_pipeline.py
[2026-04-11T05:58:50.033+0000] {processor.py:840} INFO - DAG(s) 'sales_pipeline_demo' retrieved from /opt/airflow/dags/sales_pipeline.py
[2026-04-11T05:58:50.063+0000] {logging_mixin.py:188} INFO - [2026-04-11T05:58:50.063+0000] {dag.py:3036} INFO - Sync 1 DAGs
[2026-04-11T05:58:50.095+0000] {logging_mixin.py:188} INFO - [2026-04-11T05:58:50.095+0000] {dag.py:3823} INFO - Setting next_dagrun for sales_pipeline_demo to 2026-04-11 00:00:00+00:00, run_after=2026-04-12 00:00:00+00:00
[2026-04-11T05:58:50.118+0000] {processor.py:183} INFO - Processing /opt/airflow/dags/sales_pipeline.py took 0.112 seconds
[2026-04-11T05:59:20.543+0000] {processor.py:161} INFO - Started process (PID=3810) to work on /opt/airflow/dags/sales_pipeline.py
[2026-04-11T05:59:20.552+0000] {processor.py:830} INFO - Processing file /opt/airflow/dags/sales_pipeline.py for tasks to queue
[2026-04-11T05:59:20.555+0000] {logging_mixin.py:188} INFO - [2026-04-11T05:59:20.554+0000] {dagbag.py:538} INFO - Filling up the DagBag from /opt/airflow/dags/sales_pipeline.py
[2026-04-11T05:59:20.566+0000] {processor.py:840} INFO - DAG(s) 'sales_pipeline_demo' retrieved from /opt/airflow/dags/sales_pipeline.py
[2026-04-11T05:59:20.596+0000] {logging_mixin.py:188} INFO - [2026-04-11T05:59:20.596+0000] {dag.py:3036} INFO - Sync 1 DAGs
[2026-04-11T05:59:20.627+0000] {logging_mixin.py:188} INFO - [2026-04-11T05:59:20.626+0000] {dag.py:3823} INFO - Setting next_dagrun for sales_pipeline_demo to 2026-04-11 00:00:00+00:00, run_after=2026-04-12 00:00:00+00:00
[2026-04-11T05:59:20.649+0000] {processor.py:183} INFO - Processing /opt/airflow/dags/sales_pipeline.py took 0.111 seconds
[2026-04-11T05:59:50.889+0000] {processor.py:161} INFO - Started process (PID=3866) to work on /opt/airflow/dags/sales_pipeline.py
[2026-04-11T05:59:50.898+0000] {processor.py:830} INFO - Processing file /opt/airflow/dags/sales_pipeline.py for tasks to queue
[2026-04-11T05:59:50.901+0000] {logging_mixin.py:188} INFO - [2026-04-11T05:59:50.900+0000] {dagbag.py:538} INFO - Filling up the DagBag from /opt/airflow/dags/sales_pipeline.py
[2026-04-11T05:59:50.911+0000] {processor.py:840} INFO - DAG(s) 'sales_pipeline_demo' retrieved from /opt/airflow/dags/sales_pipeline.py
[2026-04-11T05:59:50.942+0000] {logging_mixin.py:188} INFO - [2026-04-11T05:59:50.941+0000] {dag.py:3036} INFO - Sync 1 DAGs
[2026-04-11T05:59:50.974+0000] {logging_mixin.py:188} INFO - [2026-04-11T05:59:50.974+0000] {dag.py:3823} INFO - Setting next_dagrun for sales_pipeline_demo to 2026-04-11 00:00:00+00:00, run_after=2026-04-12 00:00:00+00:00
[2026-04-11T05:59:50.996+0000] {processor.py:183} INFO - Processing /opt/airflow/dags/sales_pipeline.py took 0.112 seconds
[2026-04-11T06:00:21.345+0000] {processor.py:161} INFO - Started process (PID=3922) to work on /opt/airflow/dags/sales_pipeline.py
[2026-04-11T06:00:21.346+0000] {processor.py:830} INFO - Processing file /opt/airflow/dags/sales_pipeline.py for tasks to queue
[2026-04-11T06:00:21.349+0000] {logging_mixin.py:188} INFO - [2026-04-11T06:00:21.349+0000] {dagbag.py:538} INFO - Filling up the DagBag from /opt/airflow/dags/sales_pipeline.py
[2026-04-11T06:00:21.361+0000] {processor.py:840} INFO - DAG(s) 'sales_pipeline_demo' retrieved from /opt/airflow/dags/sales_pipeline.py
[2026-04-11T06:00:21.392+0000] {logging_mixin.py:188} INFO - [2026-04-11T06:00:21.391+0000] {dag.py:3036} INFO - Sync 1 DAGs
[2026-04-11T06:00:21.425+0000] {logging_mixin.py:188} INFO - [2026-04-11T06:00:21.425+0000] {dag.py:3823} INFO - Setting next_dagrun for sales_pipeline_demo to 2026-04-11 00:00:00+00:00, run_after=2026-04-12 00:00:00+00:00
[2026-04-11T06:00:21.449+0000] {processor.py:183} INFO - Processing /opt/airflow/dags/sales_pipeline.py took 0.109 seconds
[2026-04-11T06:00:51.910+0000] {processor.py:161} INFO - Started process (PID=3978) to work on /opt/airflow/dags/sales_pipeline.py
[2026-04-11T06:00:51.911+0000] {processor.py:830} INFO - Processing file /opt/airflow/dags/sales_pipeline.py for tasks to queue
[2026-04-11T06:00:51.914+0000] {logging_mixin.py:188} INFO - [2026-04-11T06:00:51.913+0000] {dagbag.py:538} INFO - Filling up the DagBag from /opt/airflow/dags/sales_pipeline.py
[2026-04-11T06:00:51.925+0000] {processor.py:840} INFO - DAG(s) 'sales_pipeline_demo' retrieved from /opt/airflow/dags/sales_pipeline.py
[2026-04-11T06:00:51.955+0000] {logging_mixin.py:188} INFO - [2026-04-11T06:00:51.955+0000] {dag.py:3036} INFO - Sync 1 DAGs
[2026-04-11T06:00:51.987+0000] {logging_mixin.py:188} INFO - [2026-04-11T06:00:51.986+0000] {dag.py:3823} INFO - Setting next_dagrun for sales_pipeline_demo to 2026-04-11 00:00:00+00:00, run_after=2026-04-12 00:00:00+00:00
[2026-04-11T06:00:52.009+0000] {processor.py:183} INFO - Processing /opt/airflow/dags/sales_pipeline.py took 0.104 seconds
[2026-04-11T06:01:22.399+0000] {processor.py:161} INFO - Started process (PID=4034) to work on /opt/airflow/dags/sales_pipeline.py
[2026-04-11T06:01:22.400+0000] {processor.py:830} INFO - Processing file /opt/airflow/dags/sales_pipeline.py for tasks to queue
[2026-04-11T06:01:22.403+0000] {logging_mixin.py:188} INFO - [2026-04-11T06:01:22.402+0000] {dagbag.py:538} INFO - Filling up the DagBag from /opt/airflow/dags/sales_pipeline.py
[2026-04-11T06:01:22.414+0000] {processor.py:840} INFO - DAG(s) 'sales_pipeline_demo' retrieved from /opt/airflow/dags/sales_pipeline.py
[2026-04-11T06:01:22.442+0000] {logging_mixin.py:188} INFO - [2026-04-11T06:01:22.442+0000] {dag.py:3036} INFO - Sync 1 DAGs
[2026-04-11T06:01:22.474+0000] {logging_mixin.py:188} INFO - [2026-04-11T06:01:22.474+0000] {dag.py:3823} INFO - Setting next_dagrun for sales_pipeline_demo to 2026-04-11 00:00:00+00:00, run_after=2026-04-12 00:00:00+00:00
[2026-04-11T06:01:22.496+0000] {processor.py:183} INFO - Processing /opt/airflow/dags/sales_pipeline.py took 0.101 seconds
[2026-04-11T06:01:53.005+0000] {processor.py:161} INFO - Started process (PID=4090) to work on /opt/airflow/dags/sales_pipeline.py
[2026-04-11T06:01:53.006+0000] {processor.py:830} INFO - Processing file /opt/airflow/dags/sales_pipeline.py for tasks to queue
[2026-04-11T06:01:53.009+0000] {logging_mixin.py:188} INFO - [2026-04-11T06:01:53.009+0000] {dagbag.py:538} INFO - Filling up the DagBag from /opt/airflow/dags/sales_pipeline.py
[2026-04-11T06:01:53.021+0000] {processor.py:840} INFO - DAG(s) 'sales_pipeline_demo' retrieved from /opt/airflow/dags/sales_pipeline.py
[2026-04-11T06:01:53.053+0000] {logging_mixin.py:188} INFO - [2026-04-11T06:01:53.053+0000] {dag.py:3036} INFO - Sync 1 DAGs
[2026-04-11T06:01:53.083+0000] {logging_mixin.py:188} INFO - [2026-04-11T06:01:53.083+0000] {dag.py:3823} INFO - Setting next_dagrun for sales_pipeline_demo to 2026-04-11 00:00:00+00:00, run_after=2026-04-12 00:00:00+00:00
[2026-04-11T06:01:53.108+0000] {processor.py:183} INFO - Processing /opt/airflow/dags/sales_pipeline.py took 0.108 seconds
[2026-04-11T06:02:23.187+0000] {processor.py:161} INFO - Started process (PID=4146) to work on /opt/airflow/dags/sales_pipeline.py
[2026-04-11T06:02:23.196+0000] {processor.py:830} INFO - Processing file /opt/airflow/dags/sales_pipeline.py for tasks to queue
[2026-04-11T06:02:23.199+0000] {logging_mixin.py:188} INFO - [2026-04-11T06:02:23.198+0000] {dagbag.py:538} INFO - Filling up the DagBag from /opt/airflow/dags/sales_pipeline.py
[2026-04-11T06:02:23.210+0000] {processor.py:840} INFO - DAG(s) 'sales_pipeline_demo' retrieved from /opt/airflow/dags/sales_pipeline.py
[2026-04-11T06:02:23.240+0000] {logging_mixin.py:188} INFO - [2026-04-11T06:02:23.240+0000] {dag.py:3036} INFO - Sync 1 DAGs
[2026-04-11T06:02:23.272+0000] {logging_mixin.py:188} INFO - [2026-04-11T06:02:23.272+0000] {dag.py:3823} INFO - Setting next_dagrun for sales_pipeline_demo to 2026-04-11 00:00:00+00:00, run_after=2026-04-12 00:00:00+00:00
[2026-04-11T06:02:23.295+0000] {processor.py:183} INFO - Processing /opt/airflow/dags/sales_pipeline.py took 0.113 seconds
[2026-04-11T06:02:54.242+0000] {processor.py:161} INFO - Started process (PID=4202) to work on /opt/airflow/dags/sales_pipeline.py
[2026-04-11T06:02:54.252+0000] {processor.py:830} INFO - Processing file /opt/airflow/dags/sales_pipeline.py for tasks to queue
[2026-04-11T06:02:54.254+0000] {logging_mixin.py:188} INFO - [2026-04-11T06:02:54.254+0000] {dagbag.py:538} INFO - Filling up the DagBag from /opt/airflow/dags/sales_pipeline.py
[2026-04-11T06:02:54.266+0000] {processor.py:840} INFO - DAG(s) 'sales_pipeline_demo' retrieved from /opt/airflow/dags/sales_pipeline.py
[2026-04-11T06:02:54.296+0000] {logging_mixin.py:188} INFO - [2026-04-11T06:02:54.295+0000] {dag.py:3036} INFO - Sync 1 DAGs
[2026-04-11T06:02:54.327+0000] {logging_mixin.py:188} INFO - [2026-04-11T06:02:54.327+0000] {dag.py:3823} INFO - Setting next_dagrun for sales_pipeline_demo to 2026-04-11 00:00:00+00:00, run_after=2026-04-12 00:00:00+00:00
[2026-04-11T06:02:54.349+0000] {processor.py:183} INFO - Processing /opt/airflow/dags/sales_pipeline.py took 0.112 seconds
[2026-04-11T06:03:24.648+0000] {processor.py:161} INFO - Started process (PID=4264) to work on /opt/airflow/dags/sales_pipeline.py
[2026-04-11T06:03:24.650+0000] {processor.py:830} INFO - Processing file /opt/airflow/dags/sales_pipeline.py for tasks to queue
[2026-04-11T06:03:24.653+0000] {logging_mixin.py:188} INFO - [2026-04-11T06:03:24.652+0000] {dagbag.py:538} INFO - Filling up the DagBag from /opt/airflow/dags/sales_pipeline.py
[2026-04-11T06:03:24.664+0000] {processor.py:840} INFO - DAG(s) 'sales_pipeline_demo' retrieved from /opt/airflow/dags/sales_pipeline.py
[2026-04-11T06:03:24.696+0000] {logging_mixin.py:188} INFO - [2026-04-11T06:03:24.696+0000] {dag.py:3036} INFO - Sync 1 DAGs
[2026-04-11T06:03:24.727+0000] {logging_mixin.py:188} INFO - [2026-04-11T06:03:24.727+0000] {dag.py:3823} INFO - Setting next_dagrun for sales_pipeline_demo to 2026-04-11 00:00:00+00:00, run_after=2026-04-12 00:00:00+00:00
[2026-04-11T06:03:24.750+0000] {processor.py:183} INFO - Processing /opt/airflow/dags/sales_pipeline.py took 0.107 seconds
[2026-04-11T06:03:55.153+0000] {processor.py:161} INFO - Started process (PID=4320) to work on /opt/airflow/dags/sales_pipeline.py
[2026-04-11T06:03:55.154+0000] {processor.py:830} INFO - Processing file /opt/airflow/dags/sales_pipeline.py for tasks to queue
[2026-04-11T06:03:55.157+0000] {logging_mixin.py:188} INFO - [2026-04-11T06:03:55.156+0000] {dagbag.py:538} INFO - Filling up the DagBag from /opt/airflow/dags/sales_pipeline.py
[2026-04-11T06:03:55.169+0000] {processor.py:840} INFO - DAG(s) 'sales_pipeline_demo' retrieved from /opt/airflow/dags/sales_pipeline.py
[2026-04-11T06:03:55.199+0000] {logging_mixin.py:188} INFO - [2026-04-11T06:03:55.199+0000] {dag.py:3036} INFO - Sync 1 DAGs
[2026-04-11T06:03:55.230+0000] {logging_mixin.py:188} INFO - [2026-04-11T06:03:55.229+0000] {dag.py:3823} INFO - Setting next_dagrun for sales_pipeline_demo to 2026-04-11 00:00:00+00:00, run_after=2026-04-12 00:00:00+00:00
[2026-04-11T06:03:55.252+0000] {processor.py:183} INFO - Processing /opt/airflow/dags/sales_pipeline.py took 0.104 seconds
[2026-04-11T06:04:25.883+0000] {processor.py:161} INFO - Started process (PID=4376) to work on /opt/airflow/dags/sales_pipeline.py
[2026-04-11T06:04:25.892+0000] {processor.py:830} INFO - Processing file /opt/airflow/dags/sales_pipeline.py for tasks to queue
[2026-04-11T06:04:25.895+0000] {logging_mixin.py:188} INFO - [2026-04-11T06:04:25.895+0000] {dagbag.py:538} INFO - Filling up the DagBag from /opt/airflow/dags/sales_pipeline.py
[2026-04-11T06:04:25.907+0000] {processor.py:840} INFO - DAG(s) 'sales_pipeline_demo' retrieved from /opt/airflow/dags/sales_pipeline.py
[2026-04-11T06:04:25.936+0000] {logging_mixin.py:188} INFO - [2026-04-11T06:04:25.936+0000] {dag.py:3036} INFO - Sync 1 DAGs
[2026-04-11T06:04:25.967+0000] {logging_mixin.py:188} INFO - [2026-04-11T06:04:25.966+0000] {dag.py:3823} INFO - Setting next_dagrun for sales_pipeline_demo to 2026-04-11 00:00:00+00:00, run_after=2026-04-12 00:00:00+00:00
[2026-04-11T06:04:25.989+0000] {processor.py:183} INFO - Processing /opt/airflow/dags/sales_pipeline.py took 0.110 seconds
[2026-04-11T06:04:56.317+0000] {processor.py:161} INFO - Started process (PID=4432) to work on /opt/airflow/dags/sales_pipeline.py
[2026-04-11T06:04:56.318+0000] {processor.py:830} INFO - Processing file /opt/airflow/dags/sales_pipeline.py for tasks to queue
[2026-04-11T06:04:56.320+0000] {logging_mixin.py:188} INFO - [2026-04-11T06:04:56.320+0000] {dagbag.py:538} INFO - Filling up the DagBag from /opt/airflow/dags/sales_pipeline.py
[2026-04-11T06:04:56.331+0000] {processor.py:840} INFO - DAG(s) 'sales_pipeline_demo' retrieved from /opt/airflow/dags/sales_pipeline.py
[2026-04-11T06:04:56.362+0000] {logging_mixin.py:188} INFO - [2026-04-11T06:04:56.361+0000] {dag.py:3036} INFO - Sync 1 DAGs
[2026-04-11T06:04:56.393+0000] {logging_mixin.py:188} INFO - [2026-04-11T06:04:56.392+0000] {dag.py:3823} INFO - Setting next_dagrun for sales_pipeline_demo to 2026-04-11 00:00:00+00:00, run_after=2026-04-12 00:00:00+00:00
[2026-04-11T06:04:56.415+0000] {processor.py:183} INFO - Processing /opt/airflow/dags/sales_pipeline.py took 0.103 seconds
[2026-04-11T06:05:26.718+0000] {processor.py:161} INFO - Started process (PID=4488) to work on /opt/airflow/dags/sales_pipeline.py
[2026-04-11T06:05:26.728+0000] {processor.py:830} INFO - Processing file /opt/airflow/dags/sales_pipeline.py for tasks to queue
[2026-04-11T06:05:26.730+0000] {logging_mixin.py:188} INFO - [2026-04-11T06:05:26.730+0000] {dagbag.py:538} INFO - Filling up the DagBag from /opt/airflow/dags/sales_pipeline.py
[2026-04-11T06:05:26.741+0000] {processor.py:840} INFO - DAG(s) 'sales_pipeline_demo' retrieved from /opt/airflow/dags/sales_pipeline.py
[2026-04-11T06:05:26.772+0000] {logging_mixin.py:188} INFO - [2026-04-11T06:05:26.771+0000] {dag.py:3036} INFO - Sync 1 DAGs
[2026-04-11T06:05:26.804+0000] {logging_mixin.py:188} INFO - [2026-04-11T06:05:26.804+0000] {dag.py:3823} INFO - Setting next_dagrun for sales_pipeline_demo to 2026-04-11 00:00:00+00:00, run_after=2026-04-12 00:00:00+00:00
[2026-04-11T06:05:26.827+0000] {processor.py:183} INFO - Processing /opt/airflow/dags/sales_pipeline.py took 0.113 seconds
[2026-04-11T06:05:57.373+0000] {processor.py:161} INFO - Started process (PID=4544) to work on /opt/airflow/dags/sales_pipeline.py
[2026-04-11T06:05:57.374+0000] {processor.py:830} INFO - Processing file /opt/airflow/dags/sales_pipeline.py for tasks to queue
[2026-04-11T06:05:57.376+0000] {logging_mixin.py:188} INFO - [2026-04-11T06:05:57.376+0000] {dagbag.py:538} INFO - Filling up the DagBag from /opt/airflow/dags/sales_pipeline.py
[2026-04-11T06:05:57.387+0000] {processor.py:840} INFO - DAG(s) 'sales_pipeline_demo' retrieved from /opt/airflow/dags/sales_pipeline.py
[2026-04-11T06:05:57.419+0000] {logging_mixin.py:188} INFO - [2026-04-11T06:05:57.419+0000] {dag.py:3036} INFO - Sync 1 DAGs
[2026-04-11T06:05:57.452+0000] {logging_mixin.py:188} INFO - [2026-04-11T06:05:57.451+0000] {dag.py:3823} INFO - Setting next_dagrun for sales_pipeline_demo to 2026-04-11 00:00:00+00:00, run_after=2026-04-12 00:00:00+00:00
[2026-04-11T06:05:57.474+0000] {processor.py:183} INFO - Processing /opt/airflow/dags/sales_pipeline.py took 0.106 seconds
[2026-04-11T06:06:27.636+0000] {processor.py:161} INFO - Started process (PID=4600) to work on /opt/airflow/dags/sales_pipeline.py
[2026-04-11T06:06:27.645+0000] {processor.py:830} INFO - Processing file /opt/airflow/dags/sales_pipeline.py for tasks to queue
[2026-04-11T06:06:27.648+0000] {logging_mixin.py:188} INFO - [2026-04-11T06:06:27.648+0000] {dagbag.py:538} INFO - Filling up the DagBag from /opt/airflow/dags/sales_pipeline.py
[2026-04-11T06:06:27.659+0000] {processor.py:840} INFO - DAG(s) 'sales_pipeline_demo' retrieved from /opt/airflow/dags/sales_pipeline.py
[2026-04-11T06:06:27.690+0000] {logging_mixin.py:188} INFO - [2026-04-11T06:06:27.690+0000] {dag.py:3036} INFO - Sync 1 DAGs
[2026-04-11T06:06:27.723+0000] {logging_mixin.py:188} INFO - [2026-04-11T06:06:27.723+0000] {dag.py:3823} INFO - Setting next_dagrun for sales_pipeline_demo to 2026-04-11 00:00:00+00:00, run_after=2026-04-12 00:00:00+00:00
[2026-04-11T06:06:27.746+0000] {processor.py:183} INFO - Processing /opt/airflow/dags/sales_pipeline.py took 0.114 seconds
[2026-04-11T06:06:58.253+0000] {processor.py:161} INFO - Started process (PID=4656) to work on /opt/airflow/dags/sales_pipeline.py
[2026-04-11T06:06:58.262+0000] {processor.py:830} INFO - Processing file /opt/airflow/dags/sales_pipeline.py for tasks to queue
[2026-04-11T06:06:58.265+0000] {logging_mixin.py:188} INFO - [2026-04-11T06:06:58.265+0000] {dagbag.py:538} INFO - Filling up the DagBag from /opt/airflow/dags/sales_pipeline.py
[2026-04-11T06:06:58.276+0000] {processor.py:840} INFO - DAG(s) 'sales_pipeline_demo' retrieved from /opt/airflow/dags/sales_pipeline.py
[2026-04-11T06:06:58.306+0000] {logging_mixin.py:188} INFO - [2026-04-11T06:06:58.306+0000] {dag.py:3036} INFO - Sync 1 DAGs
[2026-04-11T06:06:58.338+0000] {logging_mixin.py:188} INFO - [2026-04-11T06:06:58.337+0000] {dag.py:3823} INFO - Setting next_dagrun for sales_pipeline_demo to 2026-04-11 00:00:00+00:00, run_after=2026-04-12 00:00:00+00:00
[2026-04-11T06:06:58.359+0000] {processor.py:183} INFO - Processing /opt/airflow/dags/sales_pipeline.py took 0.111 seconds
[2026-04-11T06:07:28.969+0000] {processor.py:161} INFO - Started process (PID=4712) to work on /opt/airflow/dags/sales_pipeline.py
[2026-04-11T06:07:28.978+0000] {processor.py:830} INFO - Processing file /opt/airflow/dags/sales_pipeline.py for tasks to queue
[2026-04-11T06:07:28.981+0000] {logging_mixin.py:188} INFO - [2026-04-11T06:07:28.981+0000] {dagbag.py:538} INFO - Filling up the DagBag from /opt/airflow/dags/sales_pipeline.py
[2026-04-11T06:07:28.992+0000] {processor.py:840} INFO - DAG(s) 'sales_pipeline_demo' retrieved from /opt/airflow/dags/sales_pipeline.py
[2026-04-11T06:07:29.022+0000] {logging_mixin.py:188} INFO - [2026-04-11T06:07:29.022+0000] {dag.py:3036} INFO - Sync 1 DAGs
[2026-04-11T06:07:29.054+0000] {logging_mixin.py:188} INFO - [2026-04-11T06:07:29.053+0000] {dag.py:3823} INFO - Setting next_dagrun for sales_pipeline_demo to 2026-04-11 00:00:00+00:00, run_after=2026-04-12 00:00:00+00:00
[2026-04-11T06:07:29.075+0000] {processor.py:183} INFO - Processing /opt/airflow/dags/sales_pipeline.py took 0.111 seconds
[2026-04-11T06:07:59.466+0000] {processor.py:161} INFO - Started process (PID=4768) to work on /opt/airflow/dags/sales_pipeline.py
[2026-04-11T06:07:59.475+0000] {processor.py:830} INFO - Processing file /opt/airflow/dags/sales_pipeline.py for tasks to queue
[2026-04-11T06:07:59.478+0000] {logging_mixin.py:188} INFO - [2026-04-11T06:07:59.477+0000] {dagbag.py:538} INFO - Filling up the DagBag from /opt/airflow/dags/sales_pipeline.py
[2026-04-11T06:07:59.489+0000] {processor.py:840} INFO - DAG(s) 'sales_pipeline_demo' retrieved from /opt/airflow/dags/sales_pipeline.py
[2026-04-11T06:07:59.519+0000] {logging_mixin.py:188} INFO - [2026-04-11T06:07:59.518+0000] {dag.py:3036} INFO - Sync 1 DAGs
[2026-04-11T06:07:59.553+0000] {logging_mixin.py:188} INFO - [2026-04-11T06:07:59.552+0000] {dag.py:3823} INFO - Setting next_dagrun for sales_pipeline_demo to 2026-04-11 00:00:00+00:00, run_after=2026-04-12 00:00:00+00:00
[2026-04-11T06:07:59.574+0000] {processor.py:183} INFO - Processing /opt/airflow/dags/sales_pipeline.py took 0.113 seconds
[2026-04-11T06:08:29.940+0000] {processor.py:161} INFO - Started process (PID=4824) to work on /opt/airflow/dags/sales_pipeline.py
[2026-04-11T06:08:29.949+0000] {processor.py:830} INFO - Processing file /opt/airflow/dags/sales_pipeline.py for tasks to queue
[2026-04-11T06:08:29.952+0000] {logging_mixin.py:188} INFO - [2026-04-11T06:08:29.952+0000] {dagbag.py:538} INFO - Filling up the DagBag from /opt/airflow/dags/sales_pipeline.py
[2026-04-11T06:08:29.964+0000] {processor.py:840} INFO - DAG(s) 'sales_pipeline_demo' retrieved from /opt/airflow/dags/sales_pipeline.py
[2026-04-11T06:08:29.993+0000] {logging_mixin.py:188} INFO - [2026-04-11T06:08:29.992+0000] {dag.py:3036} INFO - Sync 1 DAGs
[2026-04-11T06:08:30.023+0000] {logging_mixin.py:188} INFO - [2026-04-11T06:08:30.023+0000] {dag.py:3823} INFO - Setting next_dagrun for sales_pipeline_demo to 2026-04-11 00:00:00+00:00, run_after=2026-04-12 00:00:00+00:00
[2026-04-11T06:08:30.048+0000] {processor.py:183} INFO - Processing /opt/airflow/dags/sales_pipeline.py took 0.112 seconds
[2026-04-11T06:09:00.312+0000] {processor.py:161} INFO - Started process (PID=4880) to work on /opt/airflow/dags/sales_pipeline.py
[2026-04-11T06:09:00.313+0000] {processor.py:830} INFO - Processing file /opt/airflow/dags/sales_pipeline.py for tasks to queue
[2026-04-11T06:09:00.315+0000] {logging_mixin.py:188} INFO - [2026-04-11T06:09:00.314+0000] {dagbag.py:538} INFO - Filling up the DagBag from /opt/airflow/dags/sales_pipeline.py
[2026-04-11T06:09:00.326+0000] {processor.py:840} INFO - DAG(s) 'sales_pipeline_demo' retrieved from /opt/airflow/dags/sales_pipeline.py
[2026-04-11T06:09:00.357+0000] {logging_mixin.py:188} INFO - [2026-04-11T06:09:00.357+0000] {dag.py:3036} INFO - Sync 1 DAGs
[2026-04-11T06:09:00.388+0000] {logging_mixin.py:188} INFO - [2026-04-11T06:09:00.388+0000] {dag.py:3823} INFO - Setting next_dagrun for sales_pipeline_demo to 2026-04-11 00:00:00+00:00, run_after=2026-04-12 00:00:00+00:00
[2026-04-11T06:09:00.410+0000] {processor.py:183} INFO - Processing /opt/airflow/dags/sales_pipeline.py took 0.103 seconds
[2026-04-11T06:09:30.692+0000] {processor.py:161} INFO - Started process (PID=4936) to work on /opt/airflow/dags/sales_pipeline.py
[2026-04-11T06:09:30.701+0000] {processor.py:830} INFO - Processing file /opt/airflow/dags/sales_pipeline.py for tasks to queue
[2026-04-11T06:09:30.704+0000] {logging_mixin.py:188} INFO - [2026-04-11T06:09:30.704+0000] {dagbag.py:538} INFO - Filling up the DagBag from /opt/airflow/dags/sales_pipeline.py
[2026-04-11T06:09:30.715+0000] {processor.py:840} INFO - DAG(s) 'sales_pipeline_demo' retrieved from /opt/airflow/dags/sales_pipeline.py
[2026-04-11T06:09:30.747+0000] {logging_mixin.py:188} INFO - [2026-04-11T06:09:30.747+0000] {dag.py:3036} INFO - Sync 1 DAGs
[2026-04-11T06:09:30.777+0000] {logging_mixin.py:188} INFO - [2026-04-11T06:09:30.777+0000] {dag.py:3823} INFO - Setting next_dagrun for sales_pipeline_demo to 2026-04-11 00:00:00+00:00, run_after=2026-04-12 00:00:00+00:00
[2026-04-11T06:09:30.799+0000] {processor.py:183} INFO - Processing /opt/airflow/dags/sales_pipeline.py took 0.112 seconds
[2026-04-11T06:10:01.405+0000] {processor.py:161} INFO - Started process (PID=4992) to work on /opt/airflow/dags/sales_pipeline.py
[2026-04-11T06:10:01.407+0000] {processor.py:830} INFO - Processing file /opt/airflow/dags/sales_pipeline.py for tasks to queue
[2026-04-11T06:10:01.409+0000] {logging_mixin.py:188} INFO - [2026-04-11T06:10:01.408+0000] {dagbag.py:538} INFO - Filling up the DagBag from /opt/airflow/dags/sales_pipeline.py
[2026-04-11T06:10:01.420+0000] {processor.py:840} INFO - DAG(s) 'sales_pipeline_demo' retrieved from /opt/airflow/dags/sales_pipeline.py
[2026-04-11T06:10:01.456+0000] {logging_mixin.py:188} INFO - [2026-04-11T06:10:01.456+0000] {dag.py:3036} INFO - Sync 1 DAGs
[2026-04-11T06:10:01.501+0000] {logging_mixin.py:188} INFO - [2026-04-11T06:10:01.501+0000] {dag.py:3823} INFO - Setting next_dagrun for sales_pipeline_demo to 2026-04-11 00:00:00+00:00, run_after=2026-04-12 00:00:00+00:00
[2026-04-11T06:10:01.528+0000] {processor.py:183} INFO - Processing /opt/airflow/dags/sales_pipeline.py took 0.127 seconds
[2026-04-11T06:10:32.104+0000] {processor.py:161} INFO - Started process (PID=5048) to work on /opt/airflow/dags/sales_pipeline.py
[2026-04-11T06:10:32.113+0000] {processor.py:830} INFO - Processing file /opt/airflow/dags/sales_pipeline.py for tasks to queue
[2026-04-11T06:10:32.116+0000] {logging_mixin.py:188} INFO - [2026-04-11T06:10:32.116+0000] {dagbag.py:538} INFO - Filling up the DagBag from /opt/airflow/dags/sales_pipeline.py
[2026-04-11T06:10:32.127+0000] {processor.py:840} INFO - DAG(s) 'sales_pipeline_demo' retrieved from /opt/airflow/dags/sales_pipeline.py
[2026-04-11T06:10:32.156+0000] {logging_mixin.py:188} INFO - [2026-04-11T06:10:32.156+0000] {dag.py:3036} INFO - Sync 1 DAGs
[2026-04-11T06:10:32.187+0000] {logging_mixin.py:188} INFO - [2026-04-11T06:10:32.187+0000] {dag.py:3823} INFO - Setting next_dagrun for sales_pipeline_demo to 2026-04-11 00:00:00+00:00, run_after=2026-04-12 00:00:00+00:00
[2026-04-11T06:10:32.209+0000] {processor.py:183} INFO - Processing /opt/airflow/dags/sales_pipeline.py took 0.110 seconds
[2026-04-11T06:11:02.664+0000] {processor.py:161} INFO - Started process (PID=5104) to work on /opt/airflow/dags/sales_pipeline.py
[2026-04-11T06:11:02.665+0000] {processor.py:830} INFO - Processing file /opt/airflow/dags/sales_pipeline.py for tasks to queue
[2026-04-11T06:11:02.668+0000] {logging_mixin.py:188} INFO - [2026-04-11T06:11:02.667+0000] {dagbag.py:538} INFO - Filling up the DagBag from /opt/airflow/dags/sales_pipeline.py
[2026-04-11T06:11:02.679+0000] {processor.py:840} INFO - DAG(s) 'sales_pipeline_demo' retrieved from /opt/airflow/dags/sales_pipeline.py
[2026-04-11T06:11:02.710+0000] {logging_mixin.py:188} INFO - [2026-04-11T06:11:02.709+0000] {dag.py:3036} INFO - Sync 1 DAGs
[2026-04-11T06:11:02.741+0000] {logging_mixin.py:188} INFO - [2026-04-11T06:11:02.741+0000] {dag.py:3823} INFO - Setting next_dagrun for sales_pipeline_demo to 2026-04-11 00:00:00+00:00, run_after=2026-04-12 00:00:00+00:00
[2026-04-11T06:11:02.763+0000] {processor.py:183} INFO - Processing /opt/airflow/dags/sales_pipeline.py took 0.104 seconds
[2026-04-11T06:11:33.480+0000] {processor.py:161} INFO - Started process (PID=5160) to work on /opt/airflow/dags/sales_pipeline.py
[2026-04-11T06:11:33.489+0000] {processor.py:830} INFO - Processing file /opt/airflow/dags/sales_pipeline.py for tasks to queue
[2026-04-11T06:11:33.492+0000] {logging_mixin.py:188} INFO - [2026-04-11T06:11:33.491+0000] {dagbag.py:538} INFO - Filling up the DagBag from /opt/airflow/dags/sales_pipeline.py
[2026-04-11T06:11:33.503+0000] {processor.py:840} INFO - DAG(s) 'sales_pipeline_demo' retrieved from /opt/airflow/dags/sales_pipeline.py
[2026-04-11T06:11:33.534+0000] {logging_mixin.py:188} INFO - [2026-04-11T06:11:33.534+0000] {dag.py:3036} INFO - Sync 1 DAGs
[2026-04-11T06:11:33.568+0000] {logging_mixin.py:188} INFO - [2026-04-11T06:11:33.568+0000] {dag.py:3823} INFO - Setting next_dagrun for sales_pipeline_demo to 2026-04-11 00:00:00+00:00, run_after=2026-04-12 00:00:00+00:00
[2026-04-11T06:11:33.594+0000] {processor.py:183} INFO - Processing /opt/airflow/dags/sales_pipeline.py took 0.119 seconds
